[0.019s] Invoking command in '/home/duy/cocarry_ws/build/motoman_resources': /usr/bin/cmake /home/duy/cocarry_ws/src/motoman_ros2_support_packages/motoman_resources -DAMENT_CMAKE_SYMLINK_INSTALL=1 -DCMAKE_INSTALL_PREFIX=/home/duy/cocarry_ws/install/motoman_resources
[0.079s] -- Found ament_cmake: 1.3.14 (/opt/ros/humble/share/ament_cmake/cmake)
[0.455s] -- Found Python3: /usr/bin/python3 (found version "3.10.12") found components: Interpreter 
[0.730s] Traceback (most recent call last):
[0.730s]   File "/opt/ros/humble/share/ament_cmake_core/cmake/package_templates/templates_2_cmake.py", line 21, in <module>
[0.733s]     from ament_package.templates import get_environment_hook_template_path
[0.733s] ModuleNotFoundError: No module named 'ament_package'
[0.770s] CMake Error at /opt/ros/humble/share/ament_cmake_core/cmake/ament_cmake_package_templates-extras.cmake:41 (message):
[0.770s]   execute_process(/usr/bin/python3
[0.770s]   /opt/ros/humble/share/ament_cmake_core/cmake/package_templates/templates_2_cmake.py
[0.770s]   /home/duy/cocarry_ws/build/motoman_resources/ament_cmake_package_templates/templates.cmake)
[0.771s]   returned error code 1
[0.771s] Call Stack (most recent call first):
[0.771s]   /opt/ros/humble/share/ament_cmake_core/cmake/ament_cmake_coreConfig.cmake:41 (include)
[0.771s]   /opt/ros/humble/share/ament_cmake/cmake/ament_cmake_export_dependencies-extras.cmake:15 (find_package)
[0.772s]   /opt/ros/humble/share/ament_cmake/cmake/ament_cmakeConfig.cmake:41 (include)
[0.772s]   CMakeLists.txt:5 (find_package)
[0.772s] 
[0.772s] 
[0.772s] -- Configuring incomplete, errors occurred!
[0.773s] See also "/home/duy/cocarry_ws/build/motoman_resources/CMakeFiles/CMakeOutput.log".
[0.775s] Invoked command in '/home/duy/cocarry_ws/build/motoman_resources' returned '1': /usr/bin/cmake /home/duy/cocarry_ws/src/motoman_ros2_support_packages/motoman_resources -DAMENT_CMAKE_SYMLINK_INSTALL=1 -DCMAKE_INSTALL_PREFIX=/home/duy/cocarry_ws/install/motoman_resources
