running develop
Removing /home/hungnb/cocarry_ws/install/experiment_logger/lib/python3.10/site-packages/experiment-logger.egg-link (link to .)
running egg_info
writing ../../build/experiment_logger/experiment_logger.egg-info/PKG-INFO
writing dependency_links to ../../build/experiment_logger/experiment_logger.egg-info/dependency_links.txt
writing entry points to ../../build/experiment_logger/experiment_logger.egg-info/entry_points.txt
writing requirements to ../../build/experiment_logger/experiment_logger.egg-info/requires.txt
writing top-level names to ../../build/experiment_logger/experiment_logger.egg-info/top_level.txt
reading manifest file '../../build/experiment_logger/experiment_logger.egg-info/SOURCES.txt'
writing manifest file '../../build/experiment_logger/experiment_logger.egg-info/SOURCES.txt'
running build
running build_py
creating /home/hungnb/cocarry_ws/build/experiment_logger/build
creating /home/hungnb/cocarry_ws/build/experiment_logger/build/lib
creating /home/hungnb/cocarry_ws/build/experiment_logger/build/lib/experiment_logger
copying experiment_logger/__init__.py -> /home/hungnb/cocarry_ws/build/experiment_logger/build/lib/experiment_logger
copying experiment_logger/logger_node.py -> /home/hungnb/cocarry_ws/build/experiment_logger/build/lib/experiment_logger
copying experiment_logger/analyze_latency.py -> /home/hungnb/cocarry_ws/build/experiment_logger/build/lib/experiment_logger
running install
running install_lib
creating /home/hungnb/cocarry_ws/install/experiment_logger/lib/python3.10/site-packages/experiment_logger
copying /home/hungnb/cocarry_ws/build/experiment_logger/build/lib/experiment_logger/__init__.py -> /home/hungnb/cocarry_ws/install/experiment_logger/lib/python3.10/site-packages/experiment_logger
copying /home/hungnb/cocarry_ws/build/experiment_logger/build/lib/experiment_logger/logger_node.py -> /home/hungnb/cocarry_ws/install/experiment_logger/lib/python3.10/site-packages/experiment_logger
copying /home/hungnb/cocarry_ws/build/experiment_logger/build/lib/experiment_logger/analyze_latency.py -> /home/hungnb/cocarry_ws/install/experiment_logger/lib/python3.10/site-packages/experiment_logger
byte-compiling /home/hungnb/cocarry_ws/install/experiment_logger/lib/python3.10/site-packages/experiment_logger/__init__.py to __init__.cpython-310.pyc
byte-compiling /home/hungnb/cocarry_ws/install/experiment_logger/lib/python3.10/site-packages/experiment_logger/logger_node.py to logger_node.cpython-310.pyc
byte-compiling /home/hungnb/cocarry_ws/install/experiment_logger/lib/python3.10/site-packages/experiment_logger/analyze_latency.py to analyze_latency.cpython-310.pyc
running install_data
copying resource/experiment_logger -> /home/hungnb/cocarry_ws/install/experiment_logger/share/ament_index/resource_index/packages
copying package.xml -> /home/hungnb/cocarry_ws/install/experiment_logger/share/experiment_logger
running install_egg_info
Copying ../../build/experiment_logger/experiment_logger.egg-info to /home/hungnb/cocarry_ws/install/experiment_logger/lib/python3.10/site-packages/experiment_logger-0.1.0-py3.10.egg-info
running install_scripts
Installing analyze_latency script to /home/hungnb/cocarry_ws/install/experiment_logger/lib/experiment_logger
Installing logger_node script to /home/hungnb/cocarry_ws/install/experiment_logger/lib/experiment_logger
writing list of installed files to '/home/hungnb/cocarry_ws/build/experiment_logger/install.log'
