[0.008s] Invoking command in '/home/hungnb/cocarry_ws/build/kinect2_bridge': AMENT_PREFIX_PATH=/home/hungnb/cocarry_ws/install/kinect2_registration:${AMENT_PREFIX_PATH} CMAKE_PREFIX_PATH=/home/hungnb/cocarry_ws/install/kinect2_registration:/opt/ros/humble LD_LIBRARY_PATH=/home/hungnb/cocarry_ws/install/kinect2_registration/lib:${LD_LIBRARY_PATH} /usr/bin/cmake /home/hungnb/cocarry_ws/src/kinect2_ros2/kinect2_bridge -DCMAKE_INSTALL_PREFIX=/home/hungnb/cocarry_ws/install/kinect2_bridge
[0.055s] -- The C compiler identification is GNU 11.4.0
[0.102s] -- The CXX compiler identification is GNU 11.4.0
[0.109s] -- Detecting C compiler ABI info
[0.172s] -- Detecting C compiler ABI info - done
[0.176s] -- Check for working C compiler: /usr/bin/cc - skipped
[0.177s] -- Detecting C compile features
[0.177s] -- Detecting C compile features - done
[0.178s] -- Detecting CXX compiler ABI info
[0.249s] -- Detecting CXX compiler ABI info - done
[0.253s] -- Check for working CXX compiler: /usr/bin/c++ - skipped
[0.254s] -- Detecting CXX compile features
[0.254s] -- Detecting CXX compile features - done
[0.256s] -- Found ament_cmake: 1.3.14 (/opt/ros/humble/share/ament_cmake/cmake)
[0.357s] -- Found Python3: /usr/bin/python3 (found version "3.10.12") found components: Interpreter 
[0.411s] -- Found rclcpp: 16.0.19 (/opt/ros/humble/share/rclcpp/cmake)
[0.439s] -- Found rosidl_generator_c: 3.1.9 (/opt/ros/humble/share/rosidl_generator_c/cmake)
[0.442s] -- Found rosidl_adapter: 3.1.9 (/opt/ros/humble/share/rosidl_adapter/cmake)
[0.447s] -- Found rosidl_generator_cpp: 3.1.9 (/opt/ros/humble/share/rosidl_generator_cpp/cmake)
[0.455s] -- Using all available rosidl_typesupport_c: rosidl_typesupport_fastrtps_c;rosidl_typesupport_introspection_c
[0.464s] -- Using all available rosidl_typesupport_cpp: rosidl_typesupport_fastrtps_cpp;rosidl_typesupport_introspection_cpp
[0.490s] -- Found rmw_implementation_cmake: 6.1.2 (/opt/ros/humble/share/rmw_implementation_cmake/cmake)
[0.492s] -- Found rmw_fastrtps_cpp: 6.2.10 (/opt/ros/humble/share/rmw_fastrtps_cpp/cmake)
[0.570s] -- Found OpenSSL: /usr/lib/x86_64-linux-gnu/libcrypto.so (found version "3.0.2")  
[0.587s] -- Found FastRTPS: /opt/ros/humble/include  
[0.618s] -- Using RMW implementation 'rmw_fastrtps_cpp' as default
[0.624s] -- Looking for pthread.h
[0.698s] -- Looking for pthread.h - found
[0.698s] -- Performing Test CMAKE_HAVE_LIBC_PTHREAD
[0.763s] -- Performing Test CMAKE_HAVE_LIBC_PTHREAD - Success
[0.763s] -- Found Threads: TRUE  
[0.798s] -- Found OpenCV: /usr (found version "4.5.4") 
[0.800s] -- Found sensor_msgs: 4.9.1 (/opt/ros/humble/share/sensor_msgs/cmake)
[0.825s] -- Found kinect2_registration: 0.0.0 (/home/hungnb/cocarry_ws/install/kinect2_registration/share/kinect2_registration/cmake)
[0.828s] -- Found tf2: 0.25.20 (/opt/ros/humble/share/tf2/cmake)
[0.837s] -- Found tf2_ros: 0.25.20 (/opt/ros/humble/share/tf2_ros/cmake)
[0.912s] -- Found tf2_geometry_msgs: 0.25.20 (/opt/ros/humble/share/tf2_geometry_msgs/cmake)
[0.925s] -- Found eigen3_cmake_module: 0.1.1 (/opt/ros/humble/share/eigen3_cmake_module/cmake)
[0.925s] -- Found Eigen3: TRUE (found version "3.4.0") 
[0.925s] -- Ensuring Eigen3 include directory is part of orocos-kdl CMake target
[0.929s] -- Found ament_lint_auto: 0.12.15 (/opt/ros/humble/share/ament_lint_auto/cmake)
[0.984s] -- Added test 'cppcheck' to perform static code analysis on C / C++ code
[0.984s] -- Configured cppcheck include dirs: /home/hungnb/cocarry_ws/src/kinect2_ros2/kinect2_bridge/include/kinect2_bridge
[0.984s] -- Configured cppcheck exclude dirs and/or files: 
[0.985s] -- Added test 'flake8' to check Python code syntax and style conventions
[0.985s] -- Added test 'lint_cmake' to check CMake code style
[0.985s] -- Added test 'pep257' to check Python code against some of the docstring style conventions in PEP 257
[0.987s] -- Added test 'uncrustify' to check C / C++ code style
[0.987s] -- Configured uncrustify additional arguments: 
[0.987s] -- Added test 'xmllint' to check XML markup files
[0.988s] -- Configuring done
[0.999s] -- Generating done
[1.002s] -- Build files have been written to: /home/hungnb/cocarry_ws/build/kinect2_bridge
[1.011s] Invoked command in '/home/hungnb/cocarry_ws/build/kinect2_bridge' returned '0': AMENT_PREFIX_PATH=/home/hungnb/cocarry_ws/install/kinect2_registration:${AMENT_PREFIX_PATH} CMAKE_PREFIX_PATH=/home/hungnb/cocarry_ws/install/kinect2_registration:/opt/ros/humble LD_LIBRARY_PATH=/home/hungnb/cocarry_ws/install/kinect2_registration/lib:${LD_LIBRARY_PATH} /usr/bin/cmake /home/hungnb/cocarry_ws/src/kinect2_ros2/kinect2_bridge -DCMAKE_INSTALL_PREFIX=/home/hungnb/cocarry_ws/install/kinect2_bridge
[1.013s] Invoking command in '/home/hungnb/cocarry_ws/build/kinect2_bridge': AMENT_PREFIX_PATH=/home/hungnb/cocarry_ws/install/kinect2_registration:${AMENT_PREFIX_PATH} CMAKE_PREFIX_PATH=/home/hungnb/cocarry_ws/install/kinect2_registration:/opt/ros/humble LD_LIBRARY_PATH=/home/hungnb/cocarry_ws/install/kinect2_registration/lib:${LD_LIBRARY_PATH} /usr/bin/cmake --build /home/hungnb/cocarry_ws/build/kinect2_bridge -- -j16 -l16
[1.063s] [ 50%] [32mBuilding CXX object CMakeFiles/kinect2_bridge_node.dir/src/kinect2_bridge.cpp.o[0m
[3.425s] [01m[K/home/hungnb/cocarry_ws/src/kinect2_ros2/kinect2_bridge/src/kinect2_bridge.cpp:[m[K In member function ‘[01m[Kbool Kinect2BridgeNode::initPipeline(const string&, int32_t)[m[K’:
[3.426s] [01m[K/home/hungnb/cocarry_ws/src/kinect2_ros2/kinect2_bridge/src/kinect2_bridge.cpp:401:62:[m[K [01;35m[Kwarning: [m[Kunused parameter ‘[01m[Kdevice[m[K’ [[01;35m[K]8;;https://gcc.gnu.org/onlinedocs/gcc/Warning-Options.html#index-Wunused-parameter-Wunused-parameter]8;;[m[K]
[3.426s]   401 |   bool initPipeline(const std::string &method, [01;35m[Kconst int32_t device[m[K)
[3.426s]       |                                                [01;35m[K~~~~~~~~~~~~~~^~~~~~[m[K
[6.011s] [100%] [32m[1mLinking CXX executable kinect2_bridge_node[0m
[6.562s] [100%] Built target kinect2_bridge_node
[6.602s] Invoked command in '/home/hungnb/cocarry_ws/build/kinect2_bridge' returned '0': AMENT_PREFIX_PATH=/home/hungnb/cocarry_ws/install/kinect2_registration:${AMENT_PREFIX_PATH} CMAKE_PREFIX_PATH=/home/hungnb/cocarry_ws/install/kinect2_registration:/opt/ros/humble LD_LIBRARY_PATH=/home/hungnb/cocarry_ws/install/kinect2_registration/lib:${LD_LIBRARY_PATH} /usr/bin/cmake --build /home/hungnb/cocarry_ws/build/kinect2_bridge -- -j16 -l16
[6.603s] Invoking command in '/home/hungnb/cocarry_ws/build/kinect2_bridge': AMENT_PREFIX_PATH=/home/hungnb/cocarry_ws/install/kinect2_registration:${AMENT_PREFIX_PATH} CMAKE_PREFIX_PATH=/home/hungnb/cocarry_ws/install/kinect2_registration:/opt/ros/humble LD_LIBRARY_PATH=/home/hungnb/cocarry_ws/install/kinect2_registration/lib:${LD_LIBRARY_PATH} /usr/bin/cmake --install /home/hungnb/cocarry_ws/build/kinect2_bridge
[6.610s] -- Install configuration: ""
[6.610s] -- Installing: /home/hungnb/cocarry_ws/install/kinect2_bridge/lib/kinect2_bridge/kinect2_bridge_node
[6.612s] -- Set runtime path of "/home/hungnb/cocarry_ws/install/kinect2_bridge/lib/kinect2_bridge/kinect2_bridge_node" to ""
[6.612s] -- Installing: /home/hungnb/cocarry_ws/install/kinect2_bridge/share/kinect2_bridge//launch
[6.612s] -- Installing: /home/hungnb/cocarry_ws/install/kinect2_bridge/share/kinect2_bridge//launch/rtabmap.launch.py
[6.612s] -- Installing: /home/hungnb/cocarry_ws/install/kinect2_bridge/share/kinect2_bridge//launch/kinect2_bridge_launch.yaml
[6.613s] -- Installing: /home/hungnb/cocarry_ws/install/kinect2_bridge/include
[6.613s] -- Installing: /home/hungnb/cocarry_ws/install/kinect2_bridge/include/kinect2_bridge
[6.613s] -- Installing: /home/hungnb/cocarry_ws/install/kinect2_bridge/include/kinect2_bridge/kinect2_definitions.h
[6.613s] -- Installing: /home/hungnb/cocarry_ws/install/kinect2_bridge/share/ament_index/resource_index/package_run_dependencies/kinect2_bridge
[6.613s] -- Installing: /home/hungnb/cocarry_ws/install/kinect2_bridge/share/ament_index/resource_index/parent_prefix_path/kinect2_bridge
[6.613s] -- Installing: /home/hungnb/cocarry_ws/install/kinect2_bridge/share/kinect2_bridge/environment/ament_prefix_path.sh
[6.613s] -- Installing: /home/hungnb/cocarry_ws/install/kinect2_bridge/share/kinect2_bridge/environment/ament_prefix_path.dsv
[6.613s] -- Installing: /home/hungnb/cocarry_ws/install/kinect2_bridge/share/kinect2_bridge/environment/path.sh
[6.613s] -- Installing: /home/hungnb/cocarry_ws/install/kinect2_bridge/share/kinect2_bridge/environment/path.dsv
[6.613s] -- Installing: /home/hungnb/cocarry_ws/install/kinect2_bridge/share/kinect2_bridge/local_setup.bash
[6.613s] -- Installing: /home/hungnb/cocarry_ws/install/kinect2_bridge/share/kinect2_bridge/local_setup.sh
[6.614s] -- Installing: /home/hungnb/cocarry_ws/install/kinect2_bridge/share/kinect2_bridge/local_setup.zsh
[6.614s] -- Installing: /home/hungnb/cocarry_ws/install/kinect2_bridge/share/kinect2_bridge/local_setup.dsv
[6.614s] -- Installing: /home/hungnb/cocarry_ws/install/kinect2_bridge/share/kinect2_bridge/package.dsv
[6.614s] -- Installing: /home/hungnb/cocarry_ws/install/kinect2_bridge/share/ament_index/resource_index/packages/kinect2_bridge
[6.614s] -- Installing: /home/hungnb/cocarry_ws/install/kinect2_bridge/share/kinect2_bridge/cmake/ament_cmake_export_include_directories-extras.cmake
[6.614s] -- Installing: /home/hungnb/cocarry_ws/install/kinect2_bridge/share/kinect2_bridge/cmake/kinect2_bridgeConfig.cmake
[6.614s] -- Installing: /home/hungnb/cocarry_ws/install/kinect2_bridge/share/kinect2_bridge/cmake/kinect2_bridgeConfig-version.cmake
[6.614s] -- Installing: /home/hungnb/cocarry_ws/install/kinect2_bridge/share/kinect2_bridge/package.xml
[6.616s] Invoked command in '/home/hungnb/cocarry_ws/build/kinect2_bridge' returned '0': AMENT_PREFIX_PATH=/home/hungnb/cocarry_ws/install/kinect2_registration:${AMENT_PREFIX_PATH} CMAKE_PREFIX_PATH=/home/hungnb/cocarry_ws/install/kinect2_registration:/opt/ros/humble LD_LIBRARY_PATH=/home/hungnb/cocarry_ws/install/kinect2_registration/lib:${LD_LIBRARY_PATH} /usr/bin/cmake --install /home/hungnb/cocarry_ws/build/kinect2_bridge
