[0.064s] Invoking command in '/home/duy/cocarry_ws/build/motoros2_interfaces': CMAKE_PREFIX_PATH=/opt/ros/humble /usr/bin/cmake /home/duy/cocarry_ws/src/yaskawa-global/motoros2_interfaces -DAMENT_CMAKE_SYMLINK_INSTALL=1 -DCMAKE_INSTALL_PREFIX=/home/duy/cocarry_ws/install/motoros2_interfaces
[0.097s] -- Found ament_cmake: 1.3.14 (/opt/ros/humble/share/ament_cmake/cmake)
[0.585s] -- Override CMake install command with custom implementation using symlinks instead of copying resources
[0.652s] -- Found builtin_interfaces: 1.2.2 (/opt/ros/humble/share/builtin_interfaces/cmake)
[0.769s] -- Found rosidl_generator_c: 3.1.8 (/opt/ros/humble/share/rosidl_generator_c/cmake)
[0.781s] -- Found rosidl_adapter: 3.1.8 (/opt/ros/humble/share/rosidl_adapter/cmake)
[0.817s] -- Found rosidl_generator_cpp: 3.1.8 (/opt/ros/humble/share/rosidl_generator_cpp/cmake)
[0.901s] -- Using all available rosidl_typesupport_c: rosidl_typesupport_fastrtps_c;rosidl_typesupport_introspection_c
[0.979s] -- Using all available rosidl_typesupport_cpp: rosidl_typesupport_fastrtps_cpp;rosidl_typesupport_introspection_cpp
[1.040s] -- Found rosidl_default_generators: 1.2.1 (/opt/ros/humble/share/rosidl_default_generators/cmake)
[1.079s] -- Found trajectory_msgs: 4.9.1 (/opt/ros/humble/share/trajectory_msgs/cmake)
[1.302s] -- Found ament_lint_auto: 0.12.15 (/opt/ros/humble/share/ament_lint_auto/cmake)
[3.108s] -- Found ament_cmake_ros: 0.10.0 (/opt/ros/humble/share/ament_cmake_ros/cmake)
[4.874s] -- Using all available rosidl_typesupport_c: rosidl_typesupport_fastrtps_c;rosidl_typesupport_introspection_c
[5.484s] -- Using all available rosidl_typesupport_cpp: rosidl_typesupport_fastrtps_cpp;rosidl_typesupport_introspection_cpp
[5.550s] -- Found python_cmake_module: 0.10.0 (/opt/ros/humble/share/python_cmake_module/cmake)
[5.644s] -- Using PYTHON_EXECUTABLE: /usr/bin/python3
[5.651s] -- Using PYTHON_INCLUDE_DIRS: /usr/include/python3.10
[5.653s] -- Using PYTHON_LIBRARIES: /usr/lib/x86_64-linux-gnu/libpython3.10.so
[6.308s] -- Added test 'copyright' to check source files copyright and LICENSE
[6.342s] -- Added test 'lint_cmake' to check CMake code style
[6.362s] -- Added test 'xmllint' to check XML markup files
[6.388s] -- Configuring done
[6.936s] -- Generating done
[6.986s] -- Build files have been written to: /home/duy/cocarry_ws/build/motoros2_interfaces
[7.016s] Invoked command in '/home/duy/cocarry_ws/build/motoros2_interfaces' returned '0': CMAKE_PREFIX_PATH=/opt/ros/humble /usr/bin/cmake /home/duy/cocarry_ws/src/yaskawa-global/motoros2_interfaces -DAMENT_CMAKE_SYMLINK_INSTALL=1 -DCMAKE_INSTALL_PREFIX=/home/duy/cocarry_ws/install/motoros2_interfaces
[7.019s] Invoking command in '/home/duy/cocarry_ws/build/motoros2_interfaces': CMAKE_PREFIX_PATH=/opt/ros/humble /usr/bin/cmake --build /home/duy/cocarry_ws/build/motoros2_interfaces -- -j16 -l16
[7.203s] [  1%] Built target motoros2_interfaces__rs
[7.232s] [35m[1mConsolidate compiler generated dependencies of target motoros2_interfaces__rosidl_generator_c[0m
[7.232s] [  1%] Built target motoros2_interfaces__cpp
[7.261s] [  1%] Built target ament_cmake_python_symlink_motoros2_interfaces
[7.326s] [35m[1mConsolidate compiler generated dependencies of target motoros2_interfaces__rosidl_typesupport_cpp[0m
[7.326s] [ 13%] Built target motoros2_interfaces__rosidl_generator_c
[7.335s] [35m[1mConsolidate compiler generated dependencies of target motoros2_interfaces__rosidl_typesupport_introspection_cpp[0m
[7.389s] [35m[1mConsolidate compiler generated dependencies of target motoros2_interfaces__rosidl_typesupport_fastrtps_cpp[0m
[7.404s] [35m[1mConsolidate compiler generated dependencies of target motoros2_interfaces__rosidl_typesupport_introspection_c[0m
[7.415s] [35m[1mConsolidate compiler generated dependencies of target motoros2_interfaces__rosidl_typesupport_fastrtps_c[0m
[7.434s] [ 25%] Built target motoros2_interfaces__rosidl_typesupport_introspection_cpp
[7.434s] [35m[1mConsolidate compiler generated dependencies of target motoros2_interfaces__rosidl_typesupport_c[0m
[7.456s] [ 37%] Built target motoros2_interfaces__rosidl_typesupport_cpp
[7.536s] [ 49%] Built target motoros2_interfaces__rosidl_typesupport_introspection_c
[7.560s] [ 61%] Built target motoros2_interfaces__rosidl_typesupport_c
[7.565s] [ 73%] Built target motoros2_interfaces__rosidl_typesupport_fastrtps_cpp
[7.567s] [ 85%] Built target motoros2_interfaces__rosidl_typesupport_fastrtps_c
[7.638s] [ 85%] Built target motoros2_interfaces
[7.717s] [ 86%] Built target motoros2_interfaces__py
[7.780s] [35m[1mConsolidate compiler generated dependencies of target motoros2_interfaces__rosidl_generator_py[0m
[7.856s] [ 97%] Built target motoros2_interfaces__rosidl_generator_py
[7.901s] [35m[1mConsolidate compiler generated dependencies of target motoros2_interfaces__rosidl_typesupport_c__pyext[0m
[7.906s] [35m[1mConsolidate compiler generated dependencies of target motoros2_interfaces__rosidl_typesupport_introspection_c__pyext[0m
[7.906s] [35m[1mConsolidate compiler generated dependencies of target motoros2_interfaces__rosidl_typesupport_fastrtps_c__pyext[0m
[7.938s] [ 98%] Built target motoros2_interfaces__rosidl_typesupport_introspection_c__pyext
[7.950s] [ 99%] Built target motoros2_interfaces__rosidl_typesupport_c__pyext
[7.954s] [100%] Built target motoros2_interfaces__rosidl_typesupport_fastrtps_c__pyext
[8.397s] running egg_info
[8.399s] writing motoros2_interfaces.egg-info/PKG-INFO
[8.400s] writing dependency_links to motoros2_interfaces.egg-info/dependency_links.txt
[8.400s] writing top-level names to motoros2_interfaces.egg-info/top_level.txt
[8.410s] reading manifest file 'motoros2_interfaces.egg-info/SOURCES.txt'
[8.413s] writing manifest file 'motoros2_interfaces.egg-info/SOURCES.txt'
[8.490s] [100%] Built target ament_cmake_python_build_motoros2_interfaces_egg
[11.925s] Invoked command in '/home/duy/cocarry_ws/build/motoros2_interfaces' returned '0': CMAKE_PREFIX_PATH=/opt/ros/humble /usr/bin/cmake --build /home/duy/cocarry_ws/build/motoros2_interfaces -- -j16 -l16
[11.931s] Invoking command in '/home/duy/cocarry_ws/build/motoros2_interfaces': CMAKE_PREFIX_PATH=/opt/ros/humble /usr/bin/cmake --install /home/duy/cocarry_ws/build/motoros2_interfaces
[11.953s] -- Install configuration: ""
[11.954s] -- Execute custom install script
[11.955s] -- Up-to-date symlink: /home/duy/cocarry_ws/install/motoros2_interfaces/share/ament_index/resource_index/rosidl_interfaces/motoros2_interfaces
[11.955s] -- Up-to-date symlink: /home/duy/cocarry_ws/install/motoros2_interfaces/include/motoros2_interfaces/motoros2_interfaces/msg/alarm_cause_remedy.h
[11.955s] -- Up-to-date symlink: /home/duy/cocarry_ws/install/motoros2_interfaces/include/motoros2_interfaces/motoros2_interfaces/msg/alarm_info.h
[11.955s] -- Up-to-date symlink: /home/duy/cocarry_ws/install/motoros2_interfaces/include/motoros2_interfaces/motoros2_interfaces/msg/detail/alarm_cause_remedy__functions.h
[11.955s] -- Up-to-date symlink: /home/duy/cocarry_ws/install/motoros2_interfaces/include/motoros2_interfaces/motoros2_interfaces/msg/detail/alarm_cause_remedy__struct.h
[11.957s] -- Up-to-date symlink: /home/duy/cocarry_ws/install/motoros2_interfaces/include/motoros2_interfaces/motoros2_interfaces/msg/detail/alarm_cause_remedy__type_support.h
[11.957s] -- Up-to-date symlink: /home/duy/cocarry_ws/install/motoros2_interfaces/include/motoros2_interfaces/motoros2_interfaces/msg/detail/alarm_info__functions.h
[11.958s] -- Up-to-date symlink: /home/duy/cocarry_ws/install/motoros2_interfaces/include/motoros2_interfaces/motoros2_interfaces/msg/detail/alarm_info__struct.h
[11.958s] -- Up-to-date symlink: /home/duy/cocarry_ws/install/motoros2_interfaces/include/motoros2_interfaces/motoros2_interfaces/msg/detail/alarm_info__type_support.h
[11.960s] -- Up-to-date symlink: /home/duy/cocarry_ws/install/motoros2_interfaces/include/motoros2_interfaces/motoros2_interfaces/msg/detail/error_info__functions.h
[11.963s] -- Up-to-date symlink: /home/duy/cocarry_ws/install/motoros2_interfaces/include/motoros2_interfaces/motoros2_interfaces/msg/detail/error_info__struct.h
[11.964s] -- Up-to-date symlink: /home/duy/cocarry_ws/install/motoros2_interfaces/include/motoros2_interfaces/motoros2_interfaces/msg/detail/error_info__type_support.h
[11.964s] -- Up-to-date symlink: /home/duy/cocarry_ws/install/motoros2_interfaces/include/motoros2_interfaces/motoros2_interfaces/msg/detail/inform_job_crud_result_codes__functions.h
[11.966s] -- Up-to-date symlink: /home/duy/cocarry_ws/install/motoros2_interfaces/include/motoros2_interfaces/motoros2_interfaces/msg/detail/inform_job_crud_result_codes__struct.h
[11.966s] -- Up-to-date symlink: /home/duy/cocarry_ws/install/motoros2_interfaces/include/motoros2_interfaces/motoros2_interfaces/msg/detail/inform_job_crud_result_codes__type_support.h
[11.967s] -- Up-to-date symlink: /home/duy/cocarry_ws/install/motoros2_interfaces/include/motoros2_interfaces/motoros2_interfaces/msg/detail/init_traj_enum__functions.h
[11.967s] -- Up-to-date symlink: /home/duy/cocarry_ws/install/motoros2_interfaces/include/motoros2_interfaces/motoros2_interfaces/msg/detail/init_traj_enum__struct.h
[11.967s] -- Up-to-date symlink: /home/duy/cocarry_ws/install/motoros2_interfaces/include/motoros2_interfaces/motoros2_interfaces/msg/detail/init_traj_enum__type_support.h
[11.967s] -- Up-to-date symlink: /home/duy/cocarry_ws/install/motoros2_interfaces/include/motoros2_interfaces/motoros2_interfaces/msg/detail/io_result_codes__functions.h
[11.968s] -- Up-to-date symlink: /home/duy/cocarry_ws/install/motoros2_interfaces/include/motoros2_interfaces/motoros2_interfaces/msg/detail/io_result_codes__struct.h
[11.968s] -- Up-to-date symlink: /home/duy/cocarry_ws/install/motoros2_interfaces/include/motoros2_interfaces/motoros2_interfaces/msg/detail/io_result_codes__type_support.h
[11.968s] -- Up-to-date symlink: /home/duy/cocarry_ws/install/motoros2_interfaces/include/motoros2_interfaces/motoros2_interfaces/msg/detail/motion_ready_enum__functions.h
[11.968s] -- Up-to-date symlink: /home/duy/cocarry_ws/install/motoros2_interfaces/include/motoros2_interfaces/motoros2_interfaces/msg/detail/motion_ready_enum__struct.h
[11.968s] -- Up-to-date symlink: /home/duy/cocarry_ws/install/motoros2_interfaces/include/motoros2_interfaces/motoros2_interfaces/msg/detail/motion_ready_enum__type_support.h
[11.969s] -- Up-to-date symlink: /home/duy/cocarry_ws/install/motoros2_interfaces/include/motoros2_interfaces/motoros2_interfaces/msg/detail/queue_result_enum__functions.h
[11.969s] -- Up-to-date symlink: /home/duy/cocarry_ws/install/motoros2_interfaces/include/motoros2_interfaces/motoros2_interfaces/msg/detail/queue_result_enum__struct.h
[11.972s] -- Up-to-date symlink: /home/duy/cocarry_ws/install/motoros2_interfaces/include/motoros2_interfaces/motoros2_interfaces/msg/detail/queue_result_enum__type_support.h
[11.972s] -- Up-to-date symlink: /home/duy/cocarry_ws/install/motoros2_interfaces/include/motoros2_interfaces/motoros2_interfaces/msg/detail/selection_result_codes__functions.h
[11.972s] -- Up-to-date symlink: /home/duy/cocarry_ws/install/motoros2_interfaces/include/motoros2_interfaces/motoros2_interfaces/msg/detail/selection_result_codes__struct.h
[11.972s] -- Up-to-date symlink: /home/duy/cocarry_ws/install/motoros2_interfaces/include/motoros2_interfaces/motoros2_interfaces/msg/detail/selection_result_codes__type_support.h
[11.973s] -- Up-to-date symlink: /home/duy/cocarry_ws/install/motoros2_interfaces/include/motoros2_interfaces/motoros2_interfaces/msg/error_info.h
[11.973s] -- Up-to-date symlink: /home/duy/cocarry_ws/install/motoros2_interfaces/include/motoros2_interfaces/motoros2_interfaces/msg/inform_job_crud_result_codes.h
[11.973s] -- Up-to-date symlink: /home/duy/cocarry_ws/install/motoros2_interfaces/include/motoros2_interfaces/motoros2_interfaces/msg/init_traj_enum.h
[11.973s] -- Up-to-date symlink: /home/duy/cocarry_ws/install/motoros2_interfaces/include/motoros2_interfaces/motoros2_interfaces/msg/io_result_codes.h
[11.973s] -- Up-to-date symlink: /home/duy/cocarry_ws/install/motoros2_interfaces/include/motoros2_interfaces/motoros2_interfaces/msg/motion_ready_enum.h
[11.973s] -- Up-to-date symlink: /home/duy/cocarry_ws/install/motoros2_interfaces/include/motoros2_interfaces/motoros2_interfaces/msg/queue_result_enum.h
[11.974s] -- Up-to-date symlink: /home/duy/cocarry_ws/install/motoros2_interfaces/include/motoros2_interfaces/motoros2_interfaces/msg/rosidl_generator_c__visibility_control.h
[11.974s] -- Up-to-date symlink: /home/duy/cocarry_ws/install/motoros2_interfaces/include/motoros2_interfaces/motoros2_interfaces/msg/selection_result_codes.h
[11.974s] -- Up-to-date symlink: /home/duy/cocarry_ws/install/motoros2_interfaces/include/motoros2_interfaces/motoros2_interfaces/srv/detail/get_active_alarm_info__functions.h
[11.974s] -- Up-to-date symlink: /home/duy/cocarry_ws/install/motoros2_interfaces/include/motoros2_interfaces/motoros2_interfaces/srv/detail/get_active_alarm_info__struct.h
[11.974s] -- Up-to-date symlink: /home/duy/cocarry_ws/install/motoros2_interfaces/include/motoros2_interfaces/motoros2_interfaces/srv/detail/get_active_alarm_info__type_support.h
[11.981s] -- Up-to-date symlink: /home/duy/cocarry_ws/install/motoros2_interfaces/include/motoros2_interfaces/motoros2_interfaces/srv/detail/list_inform_jobs__functions.h
[11.981s] -- Up-to-date symlink: /home/duy/cocarry_ws/install/motoros2_interfaces/include/motoros2_interfaces/motoros2_interfaces/srv/detail/list_inform_jobs__struct.h
[11.982s] -- Up-to-date symlink: /home/duy/cocarry_ws/install/motoros2_interfaces/include/motoros2_interfaces/motoros2_interfaces/srv/detail/list_inform_jobs__type_support.h
[11.982s] -- Up-to-date symlink: /home/duy/cocarry_ws/install/motoros2_interfaces/include/motoros2_interfaces/motoros2_interfaces/srv/detail/queue_traj_point__functions.h
[11.982s] -- Up-to-date symlink: /home/duy/cocarry_ws/install/motoros2_interfaces/include/motoros2_interfaces/motoros2_interfaces/srv/detail/queue_traj_point__struct.h
[11.982s] -- Up-to-date symlink: /home/duy/cocarry_ws/install/motoros2_interfaces/include/motoros2_interfaces/motoros2_interfaces/srv/detail/queue_traj_point__type_support.h
[11.982s] -- Up-to-date symlink: /home/duy/cocarry_ws/install/motoros2_interfaces/include/motoros2_interfaces/motoros2_interfaces/srv/detail/read_group_io__functions.h
[11.982s] -- Up-to-date symlink: /home/duy/cocarry_ws/install/motoros2_interfaces/include/motoros2_interfaces/motoros2_interfaces/srv/detail/read_group_io__struct.h
[11.982s] -- Up-to-date symlink: /home/duy/cocarry_ws/install/motoros2_interfaces/include/motoros2_interfaces/motoros2_interfaces/srv/detail/read_group_io__type_support.h
[11.983s] -- Up-to-date symlink: /home/duy/cocarry_ws/install/motoros2_interfaces/include/motoros2_interfaces/motoros2_interfaces/srv/detail/read_m_register__functions.h
[11.983s] -- Up-to-date symlink: /home/duy/cocarry_ws/install/motoros2_interfaces/include/motoros2_interfaces/motoros2_interfaces/srv/detail/read_m_register__struct.h
[11.983s] -- Up-to-date symlink: /home/duy/cocarry_ws/install/motoros2_interfaces/include/motoros2_interfaces/motoros2_interfaces/srv/detail/read_m_register__type_support.h
[11.989s] -- Up-to-date symlink: /home/duy/cocarry_ws/install/motoros2_interfaces/include/motoros2_interfaces/motoros2_interfaces/srv/detail/read_single_io__functions.h
[11.992s] -- Up-to-date symlink: /home/duy/cocarry_ws/install/motoros2_interfaces/include/motoros2_interfaces/motoros2_interfaces/srv/detail/read_single_io__struct.h
[11.992s] -- Up-to-date symlink: /home/duy/cocarry_ws/install/motoros2_interfaces/include/motoros2_interfaces/motoros2_interfaces/srv/detail/read_single_io__type_support.h
[11.992s] -- Up-to-date symlink: /home/duy/cocarry_ws/install/motoros2_interfaces/include/motoros2_interfaces/motoros2_interfaces/srv/detail/reset_error__functions.h
[11.993s] -- Up-to-date symlink: /home/duy/cocarry_ws/install/motoros2_interfaces/include/motoros2_interfaces/motoros2_interfaces/srv/detail/reset_error__struct.h
[11.993s] -- Up-to-date symlink: /home/duy/cocarry_ws/install/motoros2_interfaces/include/motoros2_interfaces/motoros2_interfaces/srv/detail/reset_error__type_support.h
[11.994s] -- Up-to-date symlink: /home/duy/cocarry_ws/install/motoros2_interfaces/include/motoros2_interfaces/motoros2_interfaces/srv/detail/select_motion_tool__functions.h
[12.020s] -- Up-to-date symlink: /home/duy/cocarry_ws/install/motoros2_interfaces/include/motoros2_interfaces/motoros2_interfaces/srv/detail/select_motion_tool__struct.h
[12.020s] -- Up-to-date symlink: /home/duy/cocarry_ws/install/motoros2_interfaces/include/motoros2_interfaces/motoros2_interfaces/srv/detail/select_motion_tool__type_support.h
[12.030s] -- Up-to-date symlink: /home/duy/cocarry_ws/install/motoros2_interfaces/include/motoros2_interfaces/motoros2_interfaces/srv/detail/start_point_queue_mode__functions.h
[12.031s] -- Up-to-date symlink: /home/duy/cocarry_ws/install/motoros2_interfaces/include/motoros2_interfaces/motoros2_interfaces/srv/detail/start_point_queue_mode__struct.h
[12.032s] -- Up-to-date symlink: /home/duy/cocarry_ws/install/motoros2_interfaces/include/motoros2_interfaces/motoros2_interfaces/srv/detail/start_point_queue_mode__type_support.h
[12.052s] -- Up-to-date symlink: /home/duy/cocarry_ws/install/motoros2_interfaces/include/motoros2_interfaces/motoros2_interfaces/srv/detail/start_traj_mode__functions.h
[12.060s] -- Up-to-date symlink: /home/duy/cocarry_ws/install/motoros2_interfaces/include/motoros2_interfaces/motoros2_interfaces/srv/detail/start_traj_mode__struct.h
[12.060s] -- Up-to-date symlink: /home/duy/cocarry_ws/install/motoros2_interfaces/include/motoros2_interfaces/motoros2_interfaces/srv/detail/start_traj_mode__type_support.h
[12.061s] -- Up-to-date symlink: /home/duy/cocarry_ws/install/motoros2_interfaces/include/motoros2_interfaces/motoros2_interfaces/srv/detail/write_group_io__functions.h
[12.061s] -- Up-to-date symlink: /home/duy/cocarry_ws/install/motoros2_interfaces/include/motoros2_interfaces/motoros2_interfaces/srv/detail/write_group_io__struct.h
[12.062s] -- Up-to-date symlink: /home/duy/cocarry_ws/install/motoros2_interfaces/include/motoros2_interfaces/motoros2_interfaces/srv/detail/write_group_io__type_support.h
[12.062s] -- Up-to-date symlink: /home/duy/cocarry_ws/install/motoros2_interfaces/include/motoros2_interfaces/motoros2_interfaces/srv/detail/write_m_register__functions.h
[12.063s] -- Up-to-date symlink: /home/duy/cocarry_ws/install/motoros2_interfaces/include/motoros2_interfaces/motoros2_interfaces/srv/detail/write_m_register__struct.h
[12.065s] -- Up-to-date symlink: /home/duy/cocarry_ws/install/motoros2_interfaces/include/motoros2_interfaces/motoros2_interfaces/srv/detail/write_m_register__type_support.h
[12.065s] -- Up-to-date symlink: /home/duy/cocarry_ws/install/motoros2_interfaces/include/motoros2_interfaces/motoros2_interfaces/srv/detail/write_single_io__functions.h
[12.065s] -- Up-to-date symlink: /home/duy/cocarry_ws/install/motoros2_interfaces/include/motoros2_interfaces/motoros2_interfaces/srv/detail/write_single_io__struct.h
[12.065s] -- Up-to-date symlink: /home/duy/cocarry_ws/install/motoros2_interfaces/include/motoros2_interfaces/motoros2_interfaces/srv/detail/write_single_io__type_support.h
[12.069s] -- Up-to-date symlink: /home/duy/cocarry_ws/install/motoros2_interfaces/include/motoros2_interfaces/motoros2_interfaces/srv/get_active_alarm_info.h
[12.073s] -- Up-to-date symlink: /home/duy/cocarry_ws/install/motoros2_interfaces/include/motoros2_interfaces/motoros2_interfaces/srv/list_inform_jobs.h
[12.073s] -- Up-to-date symlink: /home/duy/cocarry_ws/install/motoros2_interfaces/include/motoros2_interfaces/motoros2_interfaces/srv/queue_traj_point.h
[12.073s] -- Up-to-date symlink: /home/duy/cocarry_ws/install/motoros2_interfaces/include/motoros2_interfaces/motoros2_interfaces/srv/read_group_io.h
[12.074s] -- Up-to-date symlink: /home/duy/cocarry_ws/install/motoros2_interfaces/include/motoros2_interfaces/motoros2_interfaces/srv/read_m_register.h
[12.074s] -- Up-to-date symlink: /home/duy/cocarry_ws/install/motoros2_interfaces/include/motoros2_interfaces/motoros2_interfaces/srv/read_single_io.h
[12.074s] -- Up-to-date symlink: /home/duy/cocarry_ws/install/motoros2_interfaces/include/motoros2_interfaces/motoros2_interfaces/srv/reset_error.h
[12.074s] -- Up-to-date symlink: /home/duy/cocarry_ws/install/motoros2_interfaces/include/motoros2_interfaces/motoros2_interfaces/srv/select_motion_tool.h
[12.074s] -- Up-to-date symlink: /home/duy/cocarry_ws/install/motoros2_interfaces/include/motoros2_interfaces/motoros2_interfaces/srv/start_point_queue_mode.h
[12.074s] -- Up-to-date symlink: /home/duy/cocarry_ws/install/motoros2_interfaces/include/motoros2_interfaces/motoros2_interfaces/srv/start_traj_mode.h
[12.074s] -- Up-to-date symlink: /home/duy/cocarry_ws/install/motoros2_interfaces/include/motoros2_interfaces/motoros2_interfaces/srv/write_group_io.h
[12.075s] -- Up-to-date symlink: /home/duy/cocarry_ws/install/motoros2_interfaces/include/motoros2_interfaces/motoros2_interfaces/srv/write_m_register.h
[12.075s] -- Up-to-date symlink: /home/duy/cocarry_ws/install/motoros2_interfaces/include/motoros2_interfaces/motoros2_interfaces/srv/write_single_io.h
[12.075s] -- Up-to-date symlink: /home/duy/cocarry_ws/install/motoros2_interfaces/share/motoros2_interfaces/environment/library_path.sh
[12.075s] -- Up-to-date symlink: /home/duy/cocarry_ws/install/motoros2_interfaces/share/motoros2_interfaces/environment/library_path.dsv
[12.076s] -- Up-to-date symlink: /home/duy/cocarry_ws/install/motoros2_interfaces/include/motoros2_interfaces/motoros2_interfaces/msg/detail/alarm_cause_remedy__rosidl_typesupport_fastrtps_c.h
[12.078s] -- Up-to-date symlink: /home/duy/cocarry_ws/install/motoros2_interfaces/include/motoros2_interfaces/motoros2_interfaces/msg/detail/alarm_info__rosidl_typesupport_fastrtps_c.h
[12.078s] -- Up-to-date symlink: /home/duy/cocarry_ws/install/motoros2_interfaces/include/motoros2_interfaces/motoros2_interfaces/msg/detail/error_info__rosidl_typesupport_fastrtps_c.h
[12.078s] -- Up-to-date symlink: /home/duy/cocarry_ws/install/motoros2_interfaces/include/motoros2_interfaces/motoros2_interfaces/msg/detail/inform_job_crud_result_codes__rosidl_typesupport_fastrtps_c.h
[12.078s] -- Up-to-date symlink: /home/duy/cocarry_ws/install/motoros2_interfaces/include/motoros2_interfaces/motoros2_interfaces/msg/detail/init_traj_enum__rosidl_typesupport_fastrtps_c.h
[12.079s] -- Up-to-date symlink: /home/duy/cocarry_ws/install/motoros2_interfaces/include/motoros2_interfaces/motoros2_interfaces/msg/detail/io_result_codes__rosidl_typesupport_fastrtps_c.h
[12.079s] -- Up-to-date symlink: /home/duy/cocarry_ws/install/motoros2_interfaces/include/motoros2_interfaces/motoros2_interfaces/msg/detail/motion_ready_enum__rosidl_typesupport_fastrtps_c.h
[12.080s] -- Up-to-date symlink: /home/duy/cocarry_ws/install/motoros2_interfaces/include/motoros2_interfaces/motoros2_interfaces/msg/detail/queue_result_enum__rosidl_typesupport_fastrtps_c.h
[12.103s] -- Up-to-date symlink: /home/duy/cocarry_ws/install/motoros2_interfaces/include/motoros2_interfaces/motoros2_interfaces/msg/detail/selection_result_codes__rosidl_typesupport_fastrtps_c.h
[12.105s] -- Up-to-date symlink: /home/duy/cocarry_ws/install/motoros2_interfaces/include/motoros2_interfaces/motoros2_interfaces/msg/rosidl_typesupport_fastrtps_c__visibility_control.h
[12.105s] -- Up-to-date symlink: /home/duy/cocarry_ws/install/motoros2_interfaces/include/motoros2_interfaces/motoros2_interfaces/srv/detail/get_active_alarm_info__rosidl_typesupport_fastrtps_c.h
[12.105s] -- Up-to-date symlink: /home/duy/cocarry_ws/install/motoros2_interfaces/include/motoros2_interfaces/motoros2_interfaces/srv/detail/list_inform_jobs__rosidl_typesupport_fastrtps_c.h
[12.105s] -- Up-to-date symlink: /home/duy/cocarry_ws/install/motoros2_interfaces/include/motoros2_interfaces/motoros2_interfaces/srv/detail/queue_traj_point__rosidl_typesupport_fastrtps_c.h
[12.106s] -- Up-to-date symlink: /home/duy/cocarry_ws/install/motoros2_interfaces/include/motoros2_interfaces/motoros2_interfaces/srv/detail/read_group_io__rosidl_typesupport_fastrtps_c.h
[12.106s] -- Up-to-date symlink: /home/duy/cocarry_ws/install/motoros2_interfaces/include/motoros2_interfaces/motoros2_interfaces/srv/detail/read_m_register__rosidl_typesupport_fastrtps_c.h
[12.106s] -- Up-to-date symlink: /home/duy/cocarry_ws/install/motoros2_interfaces/include/motoros2_interfaces/motoros2_interfaces/srv/detail/read_single_io__rosidl_typesupport_fastrtps_c.h
[12.106s] -- Up-to-date symlink: /home/duy/cocarry_ws/install/motoros2_interfaces/include/motoros2_interfaces/motoros2_interfaces/srv/detail/reset_error__rosidl_typesupport_fastrtps_c.h
[12.106s] -- Up-to-date symlink: /home/duy/cocarry_ws/install/motoros2_interfaces/include/motoros2_interfaces/motoros2_interfaces/srv/detail/select_motion_tool__rosidl_typesupport_fastrtps_c.h
[12.106s] -- Up-to-date symlink: /home/duy/cocarry_ws/install/motoros2_interfaces/include/motoros2_interfaces/motoros2_interfaces/srv/detail/start_point_queue_mode__rosidl_typesupport_fastrtps_c.h
[12.107s] -- Up-to-date symlink: /home/duy/cocarry_ws/install/motoros2_interfaces/include/motoros2_interfaces/motoros2_interfaces/srv/detail/start_traj_mode__rosidl_typesupport_fastrtps_c.h
[12.107s] -- Up-to-date symlink: /home/duy/cocarry_ws/install/motoros2_interfaces/include/motoros2_interfaces/motoros2_interfaces/srv/detail/write_group_io__rosidl_typesupport_fastrtps_c.h
[12.107s] -- Up-to-date symlink: /home/duy/cocarry_ws/install/motoros2_interfaces/include/motoros2_interfaces/motoros2_interfaces/srv/detail/write_m_register__rosidl_typesupport_fastrtps_c.h
[12.107s] -- Up-to-date symlink: /home/duy/cocarry_ws/install/motoros2_interfaces/include/motoros2_interfaces/motoros2_interfaces/srv/detail/write_single_io__rosidl_typesupport_fastrtps_c.h
[12.107s] -- Up-to-date symlink: /home/duy/cocarry_ws/install/motoros2_interfaces/include/motoros2_interfaces/motoros2_interfaces/msg/alarm_cause_remedy.hpp
[12.107s] -- Up-to-date symlink: /home/duy/cocarry_ws/install/motoros2_interfaces/include/motoros2_interfaces/motoros2_interfaces/msg/alarm_info.hpp
[12.108s] -- Up-to-date symlink: /home/duy/cocarry_ws/install/motoros2_interfaces/include/motoros2_interfaces/motoros2_interfaces/msg/detail/alarm_cause_remedy__builder.hpp
[12.109s] -- Up-to-date symlink: /home/duy/cocarry_ws/install/motoros2_interfaces/include/motoros2_interfaces/motoros2_interfaces/msg/detail/alarm_cause_remedy__struct.hpp
[12.112s] -- Up-to-date symlink: /home/duy/cocarry_ws/install/motoros2_interfaces/include/motoros2_interfaces/motoros2_interfaces/msg/detail/alarm_cause_remedy__traits.hpp
[12.117s] -- Up-to-date symlink: /home/duy/cocarry_ws/install/motoros2_interfaces/include/motoros2_interfaces/motoros2_interfaces/msg/detail/alarm_cause_remedy__type_support.hpp
[12.117s] -- Up-to-date symlink: /home/duy/cocarry_ws/install/motoros2_interfaces/include/motoros2_interfaces/motoros2_interfaces/msg/detail/alarm_info__builder.hpp
[12.118s] -- Up-to-date symlink: /home/duy/cocarry_ws/install/motoros2_interfaces/include/motoros2_interfaces/motoros2_interfaces/msg/detail/alarm_info__struct.hpp
[12.118s] -- Up-to-date symlink: /home/duy/cocarry_ws/install/motoros2_interfaces/include/motoros2_interfaces/motoros2_interfaces/msg/detail/alarm_info__traits.hpp
[12.118s] -- Up-to-date symlink: /home/duy/cocarry_ws/install/motoros2_interfaces/include/motoros2_interfaces/motoros2_interfaces/msg/detail/alarm_info__type_support.hpp
[12.119s] -- Up-to-date symlink: /home/duy/cocarry_ws/install/motoros2_interfaces/include/motoros2_interfaces/motoros2_interfaces/msg/detail/error_info__builder.hpp
[12.119s] -- Up-to-date symlink: /home/duy/cocarry_ws/install/motoros2_interfaces/include/motoros2_interfaces/motoros2_interfaces/msg/detail/error_info__struct.hpp
[12.119s] -- Up-to-date symlink: /home/duy/cocarry_ws/install/motoros2_interfaces/include/motoros2_interfaces/motoros2_interfaces/msg/detail/error_info__traits.hpp
[12.120s] -- Up-to-date symlink: /home/duy/cocarry_ws/install/motoros2_interfaces/include/motoros2_interfaces/motoros2_interfaces/msg/detail/error_info__type_support.hpp
[12.120s] -- Up-to-date symlink: /home/duy/cocarry_ws/install/motoros2_interfaces/include/motoros2_interfaces/motoros2_interfaces/msg/detail/inform_job_crud_result_codes__builder.hpp
[12.120s] -- Up-to-date symlink: /home/duy/cocarry_ws/install/motoros2_interfaces/include/motoros2_interfaces/motoros2_interfaces/msg/detail/inform_job_crud_result_codes__struct.hpp
[12.127s] -- Up-to-date symlink: /home/duy/cocarry_ws/install/motoros2_interfaces/include/motoros2_interfaces/motoros2_interfaces/msg/detail/inform_job_crud_result_codes__traits.hpp
[12.128s] -- Up-to-date symlink: /home/duy/cocarry_ws/install/motoros2_interfaces/include/motoros2_interfaces/motoros2_interfaces/msg/detail/inform_job_crud_result_codes__type_support.hpp
[12.128s] -- Up-to-date symlink: /home/duy/cocarry_ws/install/motoros2_interfaces/include/motoros2_interfaces/motoros2_interfaces/msg/detail/init_traj_enum__builder.hpp
[12.128s] -- Up-to-date symlink: /home/duy/cocarry_ws/install/motoros2_interfaces/include/motoros2_interfaces/motoros2_interfaces/msg/detail/init_traj_enum__struct.hpp
[12.131s] -- Up-to-date symlink: /home/duy/cocarry_ws/install/motoros2_interfaces/include/motoros2_interfaces/motoros2_interfaces/msg/detail/init_traj_enum__traits.hpp
[12.134s] -- Up-to-date symlink: /home/duy/cocarry_ws/install/motoros2_interfaces/include/motoros2_interfaces/motoros2_interfaces/msg/detail/init_traj_enum__type_support.hpp
[12.134s] -- Up-to-date symlink: /home/duy/cocarry_ws/install/motoros2_interfaces/include/motoros2_interfaces/motoros2_interfaces/msg/detail/io_result_codes__builder.hpp
[12.134s] -- Up-to-date symlink: /home/duy/cocarry_ws/install/motoros2_interfaces/include/motoros2_interfaces/motoros2_interfaces/msg/detail/io_result_codes__struct.hpp
[12.135s] -- Up-to-date symlink: /home/duy/cocarry_ws/install/motoros2_interfaces/include/motoros2_interfaces/motoros2_interfaces/msg/detail/io_result_codes__traits.hpp
[12.135s] -- Up-to-date symlink: /home/duy/cocarry_ws/install/motoros2_interfaces/include/motoros2_interfaces/motoros2_interfaces/msg/detail/io_result_codes__type_support.hpp
[12.135s] -- Up-to-date symlink: /home/duy/cocarry_ws/install/motoros2_interfaces/include/motoros2_interfaces/motoros2_interfaces/msg/detail/motion_ready_enum__builder.hpp
[12.135s] -- Up-to-date symlink: /home/duy/cocarry_ws/install/motoros2_interfaces/include/motoros2_interfaces/motoros2_interfaces/msg/detail/motion_ready_enum__struct.hpp
[12.135s] -- Up-to-date symlink: /home/duy/cocarry_ws/install/motoros2_interfaces/include/motoros2_interfaces/motoros2_interfaces/msg/detail/motion_ready_enum__traits.hpp
[12.135s] -- Up-to-date symlink: /home/duy/cocarry_ws/install/motoros2_interfaces/include/motoros2_interfaces/motoros2_interfaces/msg/detail/motion_ready_enum__type_support.hpp
[12.136s] -- Up-to-date symlink: /home/duy/cocarry_ws/install/motoros2_interfaces/include/motoros2_interfaces/motoros2_interfaces/msg/detail/queue_result_enum__builder.hpp
[12.136s] -- Up-to-date symlink: /home/duy/cocarry_ws/install/motoros2_interfaces/include/motoros2_interfaces/motoros2_interfaces/msg/detail/queue_result_enum__struct.hpp
[12.136s] -- Up-to-date symlink: /home/duy/cocarry_ws/install/motoros2_interfaces/include/motoros2_interfaces/motoros2_interfaces/msg/detail/queue_result_enum__traits.hpp
[12.136s] -- Up-to-date symlink: /home/duy/cocarry_ws/install/motoros2_interfaces/include/motoros2_interfaces/motoros2_interfaces/msg/detail/queue_result_enum__type_support.hpp
[12.136s] -- Up-to-date symlink: /home/duy/cocarry_ws/install/motoros2_interfaces/include/motoros2_interfaces/motoros2_interfaces/msg/detail/selection_result_codes__builder.hpp
[12.136s] -- Up-to-date symlink: /home/duy/cocarry_ws/install/motoros2_interfaces/include/motoros2_interfaces/motoros2_interfaces/msg/detail/selection_result_codes__struct.hpp
[12.137s] -- Up-to-date symlink: /home/duy/cocarry_ws/install/motoros2_interfaces/include/motoros2_interfaces/motoros2_interfaces/msg/detail/selection_result_codes__traits.hpp
[12.138s] -- Up-to-date symlink: /home/duy/cocarry_ws/install/motoros2_interfaces/include/motoros2_interfaces/motoros2_interfaces/msg/detail/selection_result_codes__type_support.hpp
[12.138s] -- Up-to-date symlink: /home/duy/cocarry_ws/install/motoros2_interfaces/include/motoros2_interfaces/motoros2_interfaces/msg/error_info.hpp
[12.138s] -- Up-to-date symlink: /home/duy/cocarry_ws/install/motoros2_interfaces/include/motoros2_interfaces/motoros2_interfaces/msg/inform_job_crud_result_codes.hpp
[12.139s] -- Up-to-date symlink: /home/duy/cocarry_ws/install/motoros2_interfaces/include/motoros2_interfaces/motoros2_interfaces/msg/init_traj_enum.hpp
[12.139s] -- Up-to-date symlink: /home/duy/cocarry_ws/install/motoros2_interfaces/include/motoros2_interfaces/motoros2_interfaces/msg/io_result_codes.hpp
[12.140s] -- Up-to-date symlink: /home/duy/cocarry_ws/install/motoros2_interfaces/include/motoros2_interfaces/motoros2_interfaces/msg/motion_ready_enum.hpp
[12.141s] -- Up-to-date symlink: /home/duy/cocarry_ws/install/motoros2_interfaces/include/motoros2_interfaces/motoros2_interfaces/msg/queue_result_enum.hpp
[12.142s] -- Up-to-date symlink: /home/duy/cocarry_ws/install/motoros2_interfaces/include/motoros2_interfaces/motoros2_interfaces/msg/rosidl_generator_cpp__visibility_control.hpp
[12.142s] -- Up-to-date symlink: /home/duy/cocarry_ws/install/motoros2_interfaces/include/motoros2_interfaces/motoros2_interfaces/msg/selection_result_codes.hpp
[12.142s] -- Up-to-date symlink: /home/duy/cocarry_ws/install/motoros2_interfaces/include/motoros2_interfaces/motoros2_interfaces/srv/detail/get_active_alarm_info__builder.hpp
[12.143s] -- Up-to-date symlink: /home/duy/cocarry_ws/install/motoros2_interfaces/include/motoros2_interfaces/motoros2_interfaces/srv/detail/get_active_alarm_info__struct.hpp
[12.146s] -- Up-to-date symlink: /home/duy/cocarry_ws/install/motoros2_interfaces/include/motoros2_interfaces/motoros2_interfaces/srv/detail/get_active_alarm_info__traits.hpp
[12.146s] -- Up-to-date symlink: /home/duy/cocarry_ws/install/motoros2_interfaces/include/motoros2_interfaces/motoros2_interfaces/srv/detail/get_active_alarm_info__type_support.hpp
[12.146s] -- Up-to-date symlink: /home/duy/cocarry_ws/install/motoros2_interfaces/include/motoros2_interfaces/motoros2_interfaces/srv/detail/list_inform_jobs__builder.hpp
[12.146s] -- Up-to-date symlink: /home/duy/cocarry_ws/install/motoros2_interfaces/include/motoros2_interfaces/motoros2_interfaces/srv/detail/list_inform_jobs__struct.hpp
[12.147s] -- Up-to-date symlink: /home/duy/cocarry_ws/install/motoros2_interfaces/include/motoros2_interfaces/motoros2_interfaces/srv/detail/list_inform_jobs__traits.hpp
[12.147s] -- Up-to-date symlink: /home/duy/cocarry_ws/install/motoros2_interfaces/include/motoros2_interfaces/motoros2_interfaces/srv/detail/list_inform_jobs__type_support.hpp
[12.147s] -- Up-to-date symlink: /home/duy/cocarry_ws/install/motoros2_interfaces/include/motoros2_interfaces/motoros2_interfaces/srv/detail/queue_traj_point__builder.hpp
[12.147s] -- Up-to-date symlink: /home/duy/cocarry_ws/install/motoros2_interfaces/include/motoros2_interfaces/motoros2_interfaces/srv/detail/queue_traj_point__struct.hpp
[12.147s] -- Up-to-date symlink: /home/duy/cocarry_ws/install/motoros2_interfaces/include/motoros2_interfaces/motoros2_interfaces/srv/detail/queue_traj_point__traits.hpp
[12.147s] -- Up-to-date symlink: /home/duy/cocarry_ws/install/motoros2_interfaces/include/motoros2_interfaces/motoros2_interfaces/srv/detail/queue_traj_point__type_support.hpp
[12.148s] -- Up-to-date symlink: /home/duy/cocarry_ws/install/motoros2_interfaces/include/motoros2_interfaces/motoros2_interfaces/srv/detail/read_group_io__builder.hpp
[12.148s] -- Up-to-date symlink: /home/duy/cocarry_ws/install/motoros2_interfaces/include/motoros2_interfaces/motoros2_interfaces/srv/detail/read_group_io__struct.hpp
[12.148s] -- Up-to-date symlink: /home/duy/cocarry_ws/install/motoros2_interfaces/include/motoros2_interfaces/motoros2_interfaces/srv/detail/read_group_io__traits.hpp
[12.149s] -- Up-to-date symlink: /home/duy/cocarry_ws/install/motoros2_interfaces/include/motoros2_interfaces/motoros2_interfaces/srv/detail/read_group_io__type_support.hpp
[12.149s] -- Up-to-date symlink: /home/duy/cocarry_ws/install/motoros2_interfaces/include/motoros2_interfaces/motoros2_interfaces/srv/detail/read_m_register__builder.hpp
[12.149s] -- Up-to-date symlink: /home/duy/cocarry_ws/install/motoros2_interfaces/include/motoros2_interfaces/motoros2_interfaces/srv/detail/read_m_register__struct.hpp
[12.150s] -- Up-to-date symlink: /home/duy/cocarry_ws/install/motoros2_interfaces/include/motoros2_interfaces/motoros2_interfaces/srv/detail/read_m_register__traits.hpp
[12.150s] -- Up-to-date symlink: /home/duy/cocarry_ws/install/motoros2_interfaces/include/motoros2_interfaces/motoros2_interfaces/srv/detail/read_m_register__type_support.hpp
[12.150s] -- Up-to-date symlink: /home/duy/cocarry_ws/install/motoros2_interfaces/include/motoros2_interfaces/motoros2_interfaces/srv/detail/read_single_io__builder.hpp
[12.150s] -- Up-to-date symlink: /home/duy/cocarry_ws/install/motoros2_interfaces/include/motoros2_interfaces/motoros2_interfaces/srv/detail/read_single_io__struct.hpp
[12.151s] -- Up-to-date symlink: /home/duy/cocarry_ws/install/motoros2_interfaces/include/motoros2_interfaces/motoros2_interfaces/srv/detail/read_single_io__traits.hpp
[12.151s] -- Up-to-date symlink: /home/duy/cocarry_ws/install/motoros2_interfaces/include/motoros2_interfaces/motoros2_interfaces/srv/detail/read_single_io__type_support.hpp
[12.151s] -- Up-to-date symlink: /home/duy/cocarry_ws/install/motoros2_interfaces/include/motoros2_interfaces/motoros2_interfaces/srv/detail/reset_error__builder.hpp
[12.167s] -- Up-to-date symlink: /home/duy/cocarry_ws/install/motoros2_interfaces/include/motoros2_interfaces/motoros2_interfaces/srv/detail/reset_error__struct.hpp
[12.182s] -- Up-to-date symlink: /home/duy/cocarry_ws/install/motoros2_interfaces/include/motoros2_interfaces/motoros2_interfaces/srv/detail/reset_error__traits.hpp
[12.182s] -- Up-to-date symlink: /home/duy/cocarry_ws/install/motoros2_interfaces/include/motoros2_interfaces/motoros2_interfaces/srv/detail/reset_error__type_support.hpp
[12.182s] -- Up-to-date symlink: /home/duy/cocarry_ws/install/motoros2_interfaces/include/motoros2_interfaces/motoros2_interfaces/srv/detail/select_motion_tool__builder.hpp
[12.188s] -- Up-to-date symlink: /home/duy/cocarry_ws/install/motoros2_interfaces/include/motoros2_interfaces/motoros2_interfaces/srv/detail/select_motion_tool__struct.hpp
[12.188s] -- Up-to-date symlink: /home/duy/cocarry_ws/install/motoros2_interfaces/include/motoros2_interfaces/motoros2_interfaces/srv/detail/select_motion_tool__traits.hpp
[12.189s] -- Up-to-date symlink: /home/duy/cocarry_ws/install/motoros2_interfaces/include/motoros2_interfaces/motoros2_interfaces/srv/detail/select_motion_tool__type_support.hpp
[12.189s] -- Up-to-date symlink: /home/duy/cocarry_ws/install/motoros2_interfaces/include/motoros2_interfaces/motoros2_interfaces/srv/detail/start_point_queue_mode__builder.hpp
[12.189s] -- Up-to-date symlink: /home/duy/cocarry_ws/install/motoros2_interfaces/include/motoros2_interfaces/motoros2_interfaces/srv/detail/start_point_queue_mode__struct.hpp
[12.190s] -- Up-to-date symlink: /home/duy/cocarry_ws/install/motoros2_interfaces/include/motoros2_interfaces/motoros2_interfaces/srv/detail/start_point_queue_mode__traits.hpp
[12.190s] -- Up-to-date symlink: /home/duy/cocarry_ws/install/motoros2_interfaces/include/motoros2_interfaces/motoros2_interfaces/srv/detail/start_point_queue_mode__type_support.hpp
[12.190s] -- Up-to-date symlink: /home/duy/cocarry_ws/install/motoros2_interfaces/include/motoros2_interfaces/motoros2_interfaces/srv/detail/start_traj_mode__builder.hpp
[12.190s] -- Up-to-date symlink: /home/duy/cocarry_ws/install/motoros2_interfaces/include/motoros2_interfaces/motoros2_interfaces/srv/detail/start_traj_mode__struct.hpp
[12.192s] -- Up-to-date symlink: /home/duy/cocarry_ws/install/motoros2_interfaces/include/motoros2_interfaces/motoros2_interfaces/srv/detail/start_traj_mode__traits.hpp
[12.192s] -- Up-to-date symlink: /home/duy/cocarry_ws/install/motoros2_interfaces/include/motoros2_interfaces/motoros2_interfaces/srv/detail/start_traj_mode__type_support.hpp
[12.192s] -- Up-to-date symlink: /home/duy/cocarry_ws/install/motoros2_interfaces/include/motoros2_interfaces/motoros2_interfaces/srv/detail/write_group_io__builder.hpp
[12.192s] -- Up-to-date symlink: /home/duy/cocarry_ws/install/motoros2_interfaces/include/motoros2_interfaces/motoros2_interfaces/srv/detail/write_group_io__struct.hpp
[12.192s] -- Up-to-date symlink: /home/duy/cocarry_ws/install/motoros2_interfaces/include/motoros2_interfaces/motoros2_interfaces/srv/detail/write_group_io__traits.hpp
[12.193s] -- Up-to-date symlink: /home/duy/cocarry_ws/install/motoros2_interfaces/include/motoros2_interfaces/motoros2_interfaces/srv/detail/write_group_io__type_support.hpp
[12.193s] -- Up-to-date symlink: /home/duy/cocarry_ws/install/motoros2_interfaces/include/motoros2_interfaces/motoros2_interfaces/srv/detail/write_m_register__builder.hpp
[12.193s] -- Up-to-date symlink: /home/duy/cocarry_ws/install/motoros2_interfaces/include/motoros2_interfaces/motoros2_interfaces/srv/detail/write_m_register__struct.hpp
[12.193s] -- Up-to-date symlink: /home/duy/cocarry_ws/install/motoros2_interfaces/include/motoros2_interfaces/motoros2_interfaces/srv/detail/write_m_register__traits.hpp
[12.193s] -- Up-to-date symlink: /home/duy/cocarry_ws/install/motoros2_interfaces/include/motoros2_interfaces/motoros2_interfaces/srv/detail/write_m_register__type_support.hpp
[12.197s] -- Up-to-date symlink: /home/duy/cocarry_ws/install/motoros2_interfaces/include/motoros2_interfaces/motoros2_interfaces/srv/detail/write_single_io__builder.hpp
[12.201s] -- Up-to-date symlink: /home/duy/cocarry_ws/install/motoros2_interfaces/include/motoros2_interfaces/motoros2_interfaces/srv/detail/write_single_io__struct.hpp
[12.201s] -- Up-to-date symlink: /home/duy/cocarry_ws/install/motoros2_interfaces/include/motoros2_interfaces/motoros2_interfaces/srv/detail/write_single_io__traits.hpp
[12.201s] -- Up-to-date symlink: /home/duy/cocarry_ws/install/motoros2_interfaces/include/motoros2_interfaces/motoros2_interfaces/srv/detail/write_single_io__type_support.hpp
[12.204s] -- Up-to-date symlink: /home/duy/cocarry_ws/install/motoros2_interfaces/include/motoros2_interfaces/motoros2_interfaces/srv/get_active_alarm_info.hpp
[12.204s] -- Up-to-date symlink: /home/duy/cocarry_ws/install/motoros2_interfaces/include/motoros2_interfaces/motoros2_interfaces/srv/list_inform_jobs.hpp
[12.210s] -- Up-to-date symlink: /home/duy/cocarry_ws/install/motoros2_interfaces/include/motoros2_interfaces/motoros2_interfaces/srv/queue_traj_point.hpp
[12.210s] -- Up-to-date symlink: /home/duy/cocarry_ws/install/motoros2_interfaces/include/motoros2_interfaces/motoros2_interfaces/srv/read_group_io.hpp
[12.211s] -- Up-to-date symlink: /home/duy/cocarry_ws/install/motoros2_interfaces/include/motoros2_interfaces/motoros2_interfaces/srv/read_m_register.hpp
[12.211s] -- Up-to-date symlink: /home/duy/cocarry_ws/install/motoros2_interfaces/include/motoros2_interfaces/motoros2_interfaces/srv/read_single_io.hpp
[12.211s] -- Up-to-date symlink: /home/duy/cocarry_ws/install/motoros2_interfaces/include/motoros2_interfaces/motoros2_interfaces/srv/reset_error.hpp
[12.211s] -- Up-to-date symlink: /home/duy/cocarry_ws/install/motoros2_interfaces/include/motoros2_interfaces/motoros2_interfaces/srv/select_motion_tool.hpp
[12.213s] -- Up-to-date symlink: /home/duy/cocarry_ws/install/motoros2_interfaces/include/motoros2_interfaces/motoros2_interfaces/srv/start_point_queue_mode.hpp
[12.213s] -- Up-to-date symlink: /home/duy/cocarry_ws/install/motoros2_interfaces/include/motoros2_interfaces/motoros2_interfaces/srv/start_traj_mode.hpp
[12.214s] -- Up-to-date symlink: /home/duy/cocarry_ws/install/motoros2_interfaces/include/motoros2_interfaces/motoros2_interfaces/srv/write_group_io.hpp
[12.214s] -- Up-to-date symlink: /home/duy/cocarry_ws/install/motoros2_interfaces/include/motoros2_interfaces/motoros2_interfaces/srv/write_m_register.hpp
[12.214s] -- Up-to-date symlink: /home/duy/cocarry_ws/install/motoros2_interfaces/include/motoros2_interfaces/motoros2_interfaces/srv/write_single_io.hpp
[12.215s] -- Up-to-date symlink: /home/duy/cocarry_ws/install/motoros2_interfaces/include/motoros2_interfaces/motoros2_interfaces/msg/detail/alarm_cause_remedy__rosidl_typesupport_fastrtps_cpp.hpp
[12.218s] -- Up-to-date symlink: /home/duy/cocarry_ws/install/motoros2_interfaces/include/motoros2_interfaces/motoros2_interfaces/msg/detail/alarm_info__rosidl_typesupport_fastrtps_cpp.hpp
[12.218s] -- Up-to-date symlink: /home/duy/cocarry_ws/install/motoros2_interfaces/include/motoros2_interfaces/motoros2_interfaces/msg/detail/error_info__rosidl_typesupport_fastrtps_cpp.hpp
[12.218s] -- Up-to-date symlink: /home/duy/cocarry_ws/install/motoros2_interfaces/include/motoros2_interfaces/motoros2_interfaces/msg/detail/inform_job_crud_result_codes__rosidl_typesupport_fastrtps_cpp.hpp
[12.219s] -- Up-to-date symlink: /home/duy/cocarry_ws/install/motoros2_interfaces/include/motoros2_interfaces/motoros2_interfaces/msg/detail/init_traj_enum__rosidl_typesupport_fastrtps_cpp.hpp
[12.219s] -- Up-to-date symlink: /home/duy/cocarry_ws/install/motoros2_interfaces/include/motoros2_interfaces/motoros2_interfaces/msg/detail/io_result_codes__rosidl_typesupport_fastrtps_cpp.hpp
[12.221s] -- Up-to-date symlink: /home/duy/cocarry_ws/install/motoros2_interfaces/include/motoros2_interfaces/motoros2_interfaces/msg/detail/motion_ready_enum__rosidl_typesupport_fastrtps_cpp.hpp
[12.222s] -- Up-to-date symlink: /home/duy/cocarry_ws/install/motoros2_interfaces/include/motoros2_interfaces/motoros2_interfaces/msg/detail/queue_result_enum__rosidl_typesupport_fastrtps_cpp.hpp
[12.222s] -- Up-to-date symlink: /home/duy/cocarry_ws/install/motoros2_interfaces/include/motoros2_interfaces/motoros2_interfaces/msg/detail/selection_result_codes__rosidl_typesupport_fastrtps_cpp.hpp
[12.222s] -- Up-to-date symlink: /home/duy/cocarry_ws/install/motoros2_interfaces/include/motoros2_interfaces/motoros2_interfaces/msg/rosidl_typesupport_fastrtps_cpp__visibility_control.h
[12.239s] -- Up-to-date symlink: /home/duy/cocarry_ws/install/motoros2_interfaces/include/motoros2_interfaces/motoros2_interfaces/srv/detail/get_active_alarm_info__rosidl_typesupport_fastrtps_cpp.hpp
[12.240s] -- Up-to-date symlink: /home/duy/cocarry_ws/install/motoros2_interfaces/include/motoros2_interfaces/motoros2_interfaces/srv/detail/list_inform_jobs__rosidl_typesupport_fastrtps_cpp.hpp
[12.240s] -- Up-to-date symlink: /home/duy/cocarry_ws/install/motoros2_interfaces/include/motoros2_interfaces/motoros2_interfaces/srv/detail/queue_traj_point__rosidl_typesupport_fastrtps_cpp.hpp
[12.320s] -- Up-to-date symlink: /home/duy/cocarry_ws/install/motoros2_interfaces/include/motoros2_interfaces/motoros2_interfaces/srv/detail/read_group_io__rosidl_typesupport_fastrtps_cpp.hpp
[12.320s] -- Up-to-date symlink: /home/duy/cocarry_ws/install/motoros2_interfaces/include/motoros2_interfaces/motoros2_interfaces/srv/detail/read_m_register__rosidl_typesupport_fastrtps_cpp.hpp
[12.321s] -- Up-to-date symlink: /home/duy/cocarry_ws/install/motoros2_interfaces/include/motoros2_interfaces/motoros2_interfaces/srv/detail/read_single_io__rosidl_typesupport_fastrtps_cpp.hpp
[12.321s] -- Up-to-date symlink: /home/duy/cocarry_ws/install/motoros2_interfaces/include/motoros2_interfaces/motoros2_interfaces/srv/detail/reset_error__rosidl_typesupport_fastrtps_cpp.hpp
[12.322s] -- Up-to-date symlink: /home/duy/cocarry_ws/install/motoros2_interfaces/include/motoros2_interfaces/motoros2_interfaces/srv/detail/select_motion_tool__rosidl_typesupport_fastrtps_cpp.hpp
[12.322s] -- Up-to-date symlink: /home/duy/cocarry_ws/install/motoros2_interfaces/include/motoros2_interfaces/motoros2_interfaces/srv/detail/start_point_queue_mode__rosidl_typesupport_fastrtps_cpp.hpp
[12.323s] -- Up-to-date symlink: /home/duy/cocarry_ws/install/motoros2_interfaces/include/motoros2_interfaces/motoros2_interfaces/srv/detail/start_traj_mode__rosidl_typesupport_fastrtps_cpp.hpp
[12.323s] -- Up-to-date symlink: /home/duy/cocarry_ws/install/motoros2_interfaces/include/motoros2_interfaces/motoros2_interfaces/srv/detail/write_group_io__rosidl_typesupport_fastrtps_cpp.hpp
[12.326s] -- Up-to-date symlink: /home/duy/cocarry_ws/install/motoros2_interfaces/include/motoros2_interfaces/motoros2_interfaces/srv/detail/write_m_register__rosidl_typesupport_fastrtps_cpp.hpp
[12.330s] -- Up-to-date symlink: /home/duy/cocarry_ws/install/motoros2_interfaces/include/motoros2_interfaces/motoros2_interfaces/srv/detail/write_single_io__rosidl_typesupport_fastrtps_cpp.hpp
[12.343s] -- Up-to-date symlink: /home/duy/cocarry_ws/install/motoros2_interfaces/include/motoros2_interfaces/motoros2_interfaces/msg/detail/alarm_cause_remedy__rosidl_typesupport_introspection_c.h
[12.345s] -- Up-to-date symlink: /home/duy/cocarry_ws/install/motoros2_interfaces/include/motoros2_interfaces/motoros2_interfaces/msg/detail/alarm_info__rosidl_typesupport_introspection_c.h
[12.345s] -- Up-to-date symlink: /home/duy/cocarry_ws/install/motoros2_interfaces/include/motoros2_interfaces/motoros2_interfaces/msg/detail/error_info__rosidl_typesupport_introspection_c.h
[12.357s] -- Up-to-date symlink: /home/duy/cocarry_ws/install/motoros2_interfaces/include/motoros2_interfaces/motoros2_interfaces/msg/detail/inform_job_crud_result_codes__rosidl_typesupport_introspection_c.h
[12.359s] -- Up-to-date symlink: /home/duy/cocarry_ws/install/motoros2_interfaces/include/motoros2_interfaces/motoros2_interfaces/msg/detail/init_traj_enum__rosidl_typesupport_introspection_c.h
[12.359s] -- Up-to-date symlink: /home/duy/cocarry_ws/install/motoros2_interfaces/include/motoros2_interfaces/motoros2_interfaces/msg/detail/io_result_codes__rosidl_typesupport_introspection_c.h
[12.359s] -- Up-to-date symlink: /home/duy/cocarry_ws/install/motoros2_interfaces/include/motoros2_interfaces/motoros2_interfaces/msg/detail/motion_ready_enum__rosidl_typesupport_introspection_c.h
[12.361s] -- Up-to-date symlink: /home/duy/cocarry_ws/install/motoros2_interfaces/include/motoros2_interfaces/motoros2_interfaces/msg/detail/queue_result_enum__rosidl_typesupport_introspection_c.h
[12.363s] -- Up-to-date symlink: /home/duy/cocarry_ws/install/motoros2_interfaces/include/motoros2_interfaces/motoros2_interfaces/msg/detail/selection_result_codes__rosidl_typesupport_introspection_c.h
[12.363s] -- Up-to-date symlink: /home/duy/cocarry_ws/install/motoros2_interfaces/include/motoros2_interfaces/motoros2_interfaces/msg/rosidl_typesupport_introspection_c__visibility_control.h
[12.363s] -- Up-to-date symlink: /home/duy/cocarry_ws/install/motoros2_interfaces/include/motoros2_interfaces/motoros2_interfaces/srv/detail/get_active_alarm_info__rosidl_typesupport_introspection_c.h
[12.363s] -- Up-to-date symlink: /home/duy/cocarry_ws/install/motoros2_interfaces/include/motoros2_interfaces/motoros2_interfaces/srv/detail/list_inform_jobs__rosidl_typesupport_introspection_c.h
[12.364s] -- Up-to-date symlink: /home/duy/cocarry_ws/install/motoros2_interfaces/include/motoros2_interfaces/motoros2_interfaces/srv/detail/queue_traj_point__rosidl_typesupport_introspection_c.h
[12.370s] -- Up-to-date symlink: /home/duy/cocarry_ws/install/motoros2_interfaces/include/motoros2_interfaces/motoros2_interfaces/srv/detail/read_group_io__rosidl_typesupport_introspection_c.h
[12.372s] -- Up-to-date symlink: /home/duy/cocarry_ws/install/motoros2_interfaces/include/motoros2_interfaces/motoros2_interfaces/srv/detail/read_m_register__rosidl_typesupport_introspection_c.h
[12.373s] -- Up-to-date symlink: /home/duy/cocarry_ws/install/motoros2_interfaces/include/motoros2_interfaces/motoros2_interfaces/srv/detail/read_single_io__rosidl_typesupport_introspection_c.h
[12.377s] -- Up-to-date symlink: /home/duy/cocarry_ws/install/motoros2_interfaces/include/motoros2_interfaces/motoros2_interfaces/srv/detail/reset_error__rosidl_typesupport_introspection_c.h
[12.377s] -- Up-to-date symlink: /home/duy/cocarry_ws/install/motoros2_interfaces/include/motoros2_interfaces/motoros2_interfaces/srv/detail/select_motion_tool__rosidl_typesupport_introspection_c.h
[12.378s] -- Up-to-date symlink: /home/duy/cocarry_ws/install/motoros2_interfaces/include/motoros2_interfaces/motoros2_interfaces/srv/detail/start_point_queue_mode__rosidl_typesupport_introspection_c.h
[12.378s] -- Up-to-date symlink: /home/duy/cocarry_ws/install/motoros2_interfaces/include/motoros2_interfaces/motoros2_interfaces/srv/detail/start_traj_mode__rosidl_typesupport_introspection_c.h
[12.378s] -- Up-to-date symlink: /home/duy/cocarry_ws/install/motoros2_interfaces/include/motoros2_interfaces/motoros2_interfaces/srv/detail/write_group_io__rosidl_typesupport_introspection_c.h
[12.378s] -- Up-to-date symlink: /home/duy/cocarry_ws/install/motoros2_interfaces/include/motoros2_interfaces/motoros2_interfaces/srv/detail/write_m_register__rosidl_typesupport_introspection_c.h
[12.380s] -- Up-to-date symlink: /home/duy/cocarry_ws/install/motoros2_interfaces/include/motoros2_interfaces/motoros2_interfaces/srv/detail/write_single_io__rosidl_typesupport_introspection_c.h
[12.383s] -- Up-to-date symlink: /home/duy/cocarry_ws/install/motoros2_interfaces/include/motoros2_interfaces/motoros2_interfaces/msg/detail/alarm_cause_remedy__rosidl_typesupport_introspection_cpp.hpp
[12.386s] -- Up-to-date symlink: /home/duy/cocarry_ws/install/motoros2_interfaces/include/motoros2_interfaces/motoros2_interfaces/msg/detail/alarm_info__rosidl_typesupport_introspection_cpp.hpp
[12.387s] -- Up-to-date symlink: /home/duy/cocarry_ws/install/motoros2_interfaces/include/motoros2_interfaces/motoros2_interfaces/msg/detail/error_info__rosidl_typesupport_introspection_cpp.hpp
[12.387s] -- Up-to-date symlink: /home/duy/cocarry_ws/install/motoros2_interfaces/include/motoros2_interfaces/motoros2_interfaces/msg/detail/inform_job_crud_result_codes__rosidl_typesupport_introspection_cpp.hpp
[12.389s] -- Up-to-date symlink: /home/duy/cocarry_ws/install/motoros2_interfaces/include/motoros2_interfaces/motoros2_interfaces/msg/detail/init_traj_enum__rosidl_typesupport_introspection_cpp.hpp
[12.390s] -- Up-to-date symlink: /home/duy/cocarry_ws/install/motoros2_interfaces/include/motoros2_interfaces/motoros2_interfaces/msg/detail/io_result_codes__rosidl_typesupport_introspection_cpp.hpp
[12.390s] -- Up-to-date symlink: /home/duy/cocarry_ws/install/motoros2_interfaces/include/motoros2_interfaces/motoros2_interfaces/msg/detail/motion_ready_enum__rosidl_typesupport_introspection_cpp.hpp
[12.390s] -- Up-to-date symlink: /home/duy/cocarry_ws/install/motoros2_interfaces/include/motoros2_interfaces/motoros2_interfaces/msg/detail/queue_result_enum__rosidl_typesupport_introspection_cpp.hpp
[12.390s] -- Up-to-date symlink: /home/duy/cocarry_ws/install/motoros2_interfaces/include/motoros2_interfaces/motoros2_interfaces/msg/detail/selection_result_codes__rosidl_typesupport_introspection_cpp.hpp
[12.391s] -- Up-to-date symlink: /home/duy/cocarry_ws/install/motoros2_interfaces/include/motoros2_interfaces/motoros2_interfaces/srv/detail/get_active_alarm_info__rosidl_typesupport_introspection_cpp.hpp
[12.391s] -- Up-to-date symlink: /home/duy/cocarry_ws/install/motoros2_interfaces/include/motoros2_interfaces/motoros2_interfaces/srv/detail/list_inform_jobs__rosidl_typesupport_introspection_cpp.hpp
[12.391s] -- Up-to-date symlink: /home/duy/cocarry_ws/install/motoros2_interfaces/include/motoros2_interfaces/motoros2_interfaces/srv/detail/queue_traj_point__rosidl_typesupport_introspection_cpp.hpp
[12.391s] -- Up-to-date symlink: /home/duy/cocarry_ws/install/motoros2_interfaces/include/motoros2_interfaces/motoros2_interfaces/srv/detail/read_group_io__rosidl_typesupport_introspection_cpp.hpp
[12.391s] -- Up-to-date symlink: /home/duy/cocarry_ws/install/motoros2_interfaces/include/motoros2_interfaces/motoros2_interfaces/srv/detail/read_m_register__rosidl_typesupport_introspection_cpp.hpp
[12.391s] -- Up-to-date symlink: /home/duy/cocarry_ws/install/motoros2_interfaces/include/motoros2_interfaces/motoros2_interfaces/srv/detail/read_single_io__rosidl_typesupport_introspection_cpp.hpp
[12.397s] -- Up-to-date symlink: /home/duy/cocarry_ws/install/motoros2_interfaces/include/motoros2_interfaces/motoros2_interfaces/srv/detail/reset_error__rosidl_typesupport_introspection_cpp.hpp
[12.410s] -- Up-to-date symlink: /home/duy/cocarry_ws/install/motoros2_interfaces/include/motoros2_interfaces/motoros2_interfaces/srv/detail/select_motion_tool__rosidl_typesupport_introspection_cpp.hpp
[12.418s] -- Up-to-date symlink: /home/duy/cocarry_ws/install/motoros2_interfaces/include/motoros2_interfaces/motoros2_interfaces/srv/detail/start_point_queue_mode__rosidl_typesupport_introspection_cpp.hpp
[12.418s] -- Up-to-date symlink: /home/duy/cocarry_ws/install/motoros2_interfaces/include/motoros2_interfaces/motoros2_interfaces/srv/detail/start_traj_mode__rosidl_typesupport_introspection_cpp.hpp
[12.419s] -- Up-to-date symlink: /home/duy/cocarry_ws/install/motoros2_interfaces/include/motoros2_interfaces/motoros2_interfaces/srv/detail/write_group_io__rosidl_typesupport_introspection_cpp.hpp
[12.419s] -- Up-to-date symlink: /home/duy/cocarry_ws/install/motoros2_interfaces/include/motoros2_interfaces/motoros2_interfaces/srv/detail/write_m_register__rosidl_typesupport_introspection_cpp.hpp
[12.419s] -- Up-to-date symlink: /home/duy/cocarry_ws/install/motoros2_interfaces/include/motoros2_interfaces/motoros2_interfaces/srv/detail/write_single_io__rosidl_typesupport_introspection_cpp.hpp
[12.420s] -- Up-to-date symlink: /home/duy/cocarry_ws/install/motoros2_interfaces/share/motoros2_interfaces/environment/pythonpath.sh
[12.420s] -- Up-to-date symlink: /home/duy/cocarry_ws/install/motoros2_interfaces/share/motoros2_interfaces/environment/pythonpath.dsv
[12.427s] -- Up-to-date symlink: /home/duy/cocarry_ws/install/motoros2_interfaces/local/lib/python3.10/dist-packages/motoros2_interfaces-0.2.0-py3.10.egg-info/PKG-INFO
[12.427s] -- Up-to-date symlink: /home/duy/cocarry_ws/install/motoros2_interfaces/local/lib/python3.10/dist-packages/motoros2_interfaces-0.2.0-py3.10.egg-info/SOURCES.txt
[12.428s] -- Up-to-date symlink: /home/duy/cocarry_ws/install/motoros2_interfaces/local/lib/python3.10/dist-packages/motoros2_interfaces-0.2.0-py3.10.egg-info/dependency_links.txt
[12.431s] -- Up-to-date symlink: /home/duy/cocarry_ws/install/motoros2_interfaces/local/lib/python3.10/dist-packages/motoros2_interfaces-0.2.0-py3.10.egg-info/top_level.txt
[12.433s] -- Up-to-date symlink: /home/duy/cocarry_ws/install/motoros2_interfaces/local/lib/python3.10/dist-packages/motoros2_interfaces/__init__.py
[12.433s] -- Up-to-date symlink: /home/duy/cocarry_ws/install/motoros2_interfaces/local/lib/python3.10/dist-packages/motoros2_interfaces/_motoros2_interfaces_s.ep.rosidl_typesupport_c.c
[12.433s] -- Up-to-date symlink: /home/duy/cocarry_ws/install/motoros2_interfaces/local/lib/python3.10/dist-packages/motoros2_interfaces/_motoros2_interfaces_s.ep.rosidl_typesupport_fastrtps_c.c
[12.461s] -- Up-to-date symlink: /home/duy/cocarry_ws/install/motoros2_interfaces/local/lib/python3.10/dist-packages/motoros2_interfaces/_motoros2_interfaces_s.ep.rosidl_typesupport_introspection_c.c
[12.463s] -- Up-to-date symlink: /home/duy/cocarry_ws/install/motoros2_interfaces/local/lib/python3.10/dist-packages/motoros2_interfaces/libmotoros2_interfaces__rosidl_generator_py.so
[12.516s] -- Up-to-date symlink: /home/duy/cocarry_ws/install/motoros2_interfaces/local/lib/python3.10/dist-packages/motoros2_interfaces/motoros2_interfaces_s__rosidl_typesupport_c.cpython-310-x86_64-linux-gnu.so
[12.518s] -- Up-to-date symlink: /home/duy/cocarry_ws/install/motoros2_interfaces/local/lib/python3.10/dist-packages/motoros2_interfaces/motoros2_interfaces_s__rosidl_typesupport_fastrtps_c.cpython-310-x86_64-linux-gnu.so
[12.527s] -- Up-to-date symlink: /home/duy/cocarry_ws/install/motoros2_interfaces/local/lib/python3.10/dist-packages/motoros2_interfaces/motoros2_interfaces_s__rosidl_typesupport_introspection_c.cpython-310-x86_64-linux-gnu.so
[12.527s] -- Up-to-date symlink: /home/duy/cocarry_ws/install/motoros2_interfaces/local/lib/python3.10/dist-packages/motoros2_interfaces/msg/__init__.py
[12.554s] -- Up-to-date symlink: /home/duy/cocarry_ws/install/motoros2_interfaces/local/lib/python3.10/dist-packages/motoros2_interfaces/msg/_alarm_cause_remedy.py
[12.562s] -- Up-to-date symlink: /home/duy/cocarry_ws/install/motoros2_interfaces/local/lib/python3.10/dist-packages/motoros2_interfaces/msg/_alarm_cause_remedy_s.c
[12.563s] -- Up-to-date symlink: /home/duy/cocarry_ws/install/motoros2_interfaces/local/lib/python3.10/dist-packages/motoros2_interfaces/msg/_alarm_info.py
[12.564s] -- Up-to-date symlink: /home/duy/cocarry_ws/install/motoros2_interfaces/local/lib/python3.10/dist-packages/motoros2_interfaces/msg/_alarm_info_s.c
[12.564s] -- Up-to-date symlink: /home/duy/cocarry_ws/install/motoros2_interfaces/local/lib/python3.10/dist-packages/motoros2_interfaces/msg/_error_info.py
[12.564s] -- Up-to-date symlink: /home/duy/cocarry_ws/install/motoros2_interfaces/local/lib/python3.10/dist-packages/motoros2_interfaces/msg/_error_info_s.c
[12.565s] -- Up-to-date symlink: /home/duy/cocarry_ws/install/motoros2_interfaces/local/lib/python3.10/dist-packages/motoros2_interfaces/msg/_inform_job_crud_result_codes.py
[12.565s] -- Up-to-date symlink: /home/duy/cocarry_ws/install/motoros2_interfaces/local/lib/python3.10/dist-packages/motoros2_interfaces/msg/_inform_job_crud_result_codes_s.c
[12.581s] -- Up-to-date symlink: /home/duy/cocarry_ws/install/motoros2_interfaces/local/lib/python3.10/dist-packages/motoros2_interfaces/msg/_init_traj_enum.py
[12.596s] -- Up-to-date symlink: /home/duy/cocarry_ws/install/motoros2_interfaces/local/lib/python3.10/dist-packages/motoros2_interfaces/msg/_init_traj_enum_s.c
[12.600s] -- Up-to-date symlink: /home/duy/cocarry_ws/install/motoros2_interfaces/local/lib/python3.10/dist-packages/motoros2_interfaces/msg/_io_result_codes.py
[12.604s] -- Up-to-date symlink: /home/duy/cocarry_ws/install/motoros2_interfaces/local/lib/python3.10/dist-packages/motoros2_interfaces/msg/_io_result_codes_s.c
[12.604s] -- Up-to-date symlink: /home/duy/cocarry_ws/install/motoros2_interfaces/local/lib/python3.10/dist-packages/motoros2_interfaces/msg/_motion_ready_enum.py
[12.604s] -- Up-to-date symlink: /home/duy/cocarry_ws/install/motoros2_interfaces/local/lib/python3.10/dist-packages/motoros2_interfaces/msg/_motion_ready_enum_s.c
[12.605s] -- Up-to-date symlink: /home/duy/cocarry_ws/install/motoros2_interfaces/local/lib/python3.10/dist-packages/motoros2_interfaces/msg/_queue_result_enum.py
[12.735s] -- Up-to-date symlink: /home/duy/cocarry_ws/install/motoros2_interfaces/local/lib/python3.10/dist-packages/motoros2_interfaces/msg/_queue_result_enum_s.c
[12.822s] -- Up-to-date symlink: /home/duy/cocarry_ws/install/motoros2_interfaces/local/lib/python3.10/dist-packages/motoros2_interfaces/msg/_selection_result_codes.py
[12.822s] -- Up-to-date symlink: /home/duy/cocarry_ws/install/motoros2_interfaces/local/lib/python3.10/dist-packages/motoros2_interfaces/msg/_selection_result_codes_s.c
[12.823s] -- Up-to-date symlink: /home/duy/cocarry_ws/install/motoros2_interfaces/local/lib/python3.10/dist-packages/motoros2_interfaces/srv/__init__.py
[12.823s] -- Up-to-date symlink: /home/duy/cocarry_ws/install/motoros2_interfaces/local/lib/python3.10/dist-packages/motoros2_interfaces/srv/_get_active_alarm_info.py
[12.823s] -- Up-to-date symlink: /home/duy/cocarry_ws/install/motoros2_interfaces/local/lib/python3.10/dist-packages/motoros2_interfaces/srv/_get_active_alarm_info_s.c
[12.844s] -- Up-to-date symlink: /home/duy/cocarry_ws/install/motoros2_interfaces/local/lib/python3.10/dist-packages/motoros2_interfaces/srv/_list_inform_jobs.py
[12.845s] -- Up-to-date symlink: /home/duy/cocarry_ws/install/motoros2_interfaces/local/lib/python3.10/dist-packages/motoros2_interfaces/srv/_list_inform_jobs_s.c
[12.845s] -- Up-to-date symlink: /home/duy/cocarry_ws/install/motoros2_interfaces/local/lib/python3.10/dist-packages/motoros2_interfaces/srv/_queue_traj_point.py
[12.852s] -- Up-to-date symlink: /home/duy/cocarry_ws/install/motoros2_interfaces/local/lib/python3.10/dist-packages/motoros2_interfaces/srv/_queue_traj_point_s.c
[12.854s] -- Up-to-date symlink: /home/duy/cocarry_ws/install/motoros2_interfaces/local/lib/python3.10/dist-packages/motoros2_interfaces/srv/_read_group_io.py
[12.854s] -- Up-to-date symlink: /home/duy/cocarry_ws/install/motoros2_interfaces/local/lib/python3.10/dist-packages/motoros2_interfaces/srv/_read_group_io_s.c
[12.856s] -- Up-to-date symlink: /home/duy/cocarry_ws/install/motoros2_interfaces/local/lib/python3.10/dist-packages/motoros2_interfaces/srv/_read_m_register.py
[12.857s] -- Up-to-date symlink: /home/duy/cocarry_ws/install/motoros2_interfaces/local/lib/python3.10/dist-packages/motoros2_interfaces/srv/_read_m_register_s.c
[12.857s] -- Up-to-date symlink: /home/duy/cocarry_ws/install/motoros2_interfaces/local/lib/python3.10/dist-packages/motoros2_interfaces/srv/_read_single_io.py
[12.857s] -- Up-to-date symlink: /home/duy/cocarry_ws/install/motoros2_interfaces/local/lib/python3.10/dist-packages/motoros2_interfaces/srv/_read_single_io_s.c
[12.858s] -- Up-to-date symlink: /home/duy/cocarry_ws/install/motoros2_interfaces/local/lib/python3.10/dist-packages/motoros2_interfaces/srv/_reset_error.py
[12.858s] -- Up-to-date symlink: /home/duy/cocarry_ws/install/motoros2_interfaces/local/lib/python3.10/dist-packages/motoros2_interfaces/srv/_reset_error_s.c
[12.858s] -- Up-to-date symlink: /home/duy/cocarry_ws/install/motoros2_interfaces/local/lib/python3.10/dist-packages/motoros2_interfaces/srv/_select_motion_tool.py
[12.858s] -- Up-to-date symlink: /home/duy/cocarry_ws/install/motoros2_interfaces/local/lib/python3.10/dist-packages/motoros2_interfaces/srv/_select_motion_tool_s.c
[12.867s] -- Up-to-date symlink: /home/duy/cocarry_ws/install/motoros2_interfaces/local/lib/python3.10/dist-packages/motoros2_interfaces/srv/_start_point_queue_mode.py
[12.868s] -- Up-to-date symlink: /home/duy/cocarry_ws/install/motoros2_interfaces/local/lib/python3.10/dist-packages/motoros2_interfaces/srv/_start_point_queue_mode_s.c
[12.870s] -- Up-to-date symlink: /home/duy/cocarry_ws/install/motoros2_interfaces/local/lib/python3.10/dist-packages/motoros2_interfaces/srv/_start_traj_mode.py
[12.872s] -- Up-to-date symlink: /home/duy/cocarry_ws/install/motoros2_interfaces/local/lib/python3.10/dist-packages/motoros2_interfaces/srv/_start_traj_mode_s.c
[12.873s] -- Up-to-date symlink: /home/duy/cocarry_ws/install/motoros2_interfaces/local/lib/python3.10/dist-packages/motoros2_interfaces/srv/_write_group_io.py
[12.873s] -- Up-to-date symlink: /home/duy/cocarry_ws/install/motoros2_interfaces/local/lib/python3.10/dist-packages/motoros2_interfaces/srv/_write_group_io_s.c
[12.876s] -- Up-to-date symlink: /home/duy/cocarry_ws/install/motoros2_interfaces/local/lib/python3.10/dist-packages/motoros2_interfaces/srv/_write_m_register.py
[12.876s] -- Up-to-date symlink: /home/duy/cocarry_ws/install/motoros2_interfaces/local/lib/python3.10/dist-packages/motoros2_interfaces/srv/_write_m_register_s.c
[12.876s] -- Up-to-date symlink: /home/duy/cocarry_ws/install/motoros2_interfaces/local/lib/python3.10/dist-packages/motoros2_interfaces/srv/_write_single_io.py
[12.877s] -- Up-to-date symlink: /home/duy/cocarry_ws/install/motoros2_interfaces/local/lib/python3.10/dist-packages/motoros2_interfaces/srv/_write_single_io_s.c
[12.877s] -- Up-to-date symlink: /home/duy/cocarry_ws/install/motoros2_interfaces/local/lib/python3.10/dist-packages/motoros2_interfaces/motoros2_interfaces_s__rosidl_typesupport_fastrtps_c.cpython-310-x86_64-linux-gnu.so
[12.877s] -- Up-to-date symlink: /home/duy/cocarry_ws/install/motoros2_interfaces/local/lib/python3.10/dist-packages/motoros2_interfaces/motoros2_interfaces_s__rosidl_typesupport_introspection_c.cpython-310-x86_64-linux-gnu.so
[12.877s] -- Up-to-date symlink: /home/duy/cocarry_ws/install/motoros2_interfaces/local/lib/python3.10/dist-packages/motoros2_interfaces/motoros2_interfaces_s__rosidl_typesupport_c.cpython-310-x86_64-linux-gnu.so
[12.878s] -- Up-to-date symlink: /home/duy/cocarry_ws/install/motoros2_interfaces/share/ament_index/resource_index/rust_packages/motoros2_interfaces
[12.878s] -- Up-to-date symlink: /home/duy/cocarry_ws/install/motoros2_interfaces/share/motoros2_interfaces/rust/Cargo.toml
[12.878s] -- Up-to-date symlink: /home/duy/cocarry_ws/install/motoros2_interfaces/share/motoros2_interfaces/rust/build.rs
[12.878s] -- Up-to-date symlink: /home/duy/cocarry_ws/install/motoros2_interfaces/share/motoros2_interfaces/rust/src/lib.rs
[12.879s] -- Up-to-date symlink: /home/duy/cocarry_ws/install/motoros2_interfaces/share/motoros2_interfaces/rust/src/msg.rs
[12.879s] -- Up-to-date symlink: /home/duy/cocarry_ws/install/motoros2_interfaces/share/motoros2_interfaces/rust/src/msg/rmw.rs
[12.879s] -- Up-to-date symlink: /home/duy/cocarry_ws/install/motoros2_interfaces/share/motoros2_interfaces/rust/src/srv.rs
[12.886s] -- Up-to-date symlink: /home/duy/cocarry_ws/install/motoros2_interfaces/share/motoros2_interfaces/rust/src/srv/rmw.rs
[12.886s] -- Up-to-date symlink: /home/duy/cocarry_ws/install/motoros2_interfaces/share/motoros2_interfaces/msg/AlarmInfo.idl
[12.886s] -- Up-to-date symlink: /home/duy/cocarry_ws/install/motoros2_interfaces/share/motoros2_interfaces/msg/AlarmCauseRemedy.idl
[12.887s] -- Up-to-date symlink: /home/duy/cocarry_ws/install/motoros2_interfaces/share/motoros2_interfaces/msg/ErrorInfo.idl
[12.887s] -- Up-to-date symlink: /home/duy/cocarry_ws/install/motoros2_interfaces/share/motoros2_interfaces/msg/InformJobCrudResultCodes.idl
[12.887s] -- Up-to-date symlink: /home/duy/cocarry_ws/install/motoros2_interfaces/share/motoros2_interfaces/msg/InitTrajEnum.idl
[12.887s] -- Up-to-date symlink: /home/duy/cocarry_ws/install/motoros2_interfaces/share/motoros2_interfaces/msg/IoResultCodes.idl
[12.887s] -- Up-to-date symlink: /home/duy/cocarry_ws/install/motoros2_interfaces/share/motoros2_interfaces/msg/MotionReadyEnum.idl
[12.887s] -- Up-to-date symlink: /home/duy/cocarry_ws/install/motoros2_interfaces/share/motoros2_interfaces/msg/QueueResultEnum.idl
[12.887s] -- Up-to-date symlink: /home/duy/cocarry_ws/install/motoros2_interfaces/share/motoros2_interfaces/msg/SelectionResultCodes.idl
[12.887s] -- Up-to-date symlink: /home/duy/cocarry_ws/install/motoros2_interfaces/share/motoros2_interfaces/srv/GetActiveAlarmInfo.idl
[12.887s] -- Up-to-date symlink: /home/duy/cocarry_ws/install/motoros2_interfaces/share/motoros2_interfaces/srv/ListInformJobs.idl
[12.887s] -- Up-to-date symlink: /home/duy/cocarry_ws/install/motoros2_interfaces/share/motoros2_interfaces/srv/QueueTrajPoint.idl
[12.888s] -- Up-to-date symlink: /home/duy/cocarry_ws/install/motoros2_interfaces/share/motoros2_interfaces/srv/ReadMRegister.idl
[12.888s] -- Up-to-date symlink: /home/duy/cocarry_ws/install/motoros2_interfaces/share/motoros2_interfaces/srv/ReadSingleIO.idl
[12.888s] -- Up-to-date symlink: /home/duy/cocarry_ws/install/motoros2_interfaces/share/motoros2_interfaces/srv/ReadGroupIO.idl
[12.888s] -- Up-to-date symlink: /home/duy/cocarry_ws/install/motoros2_interfaces/share/motoros2_interfaces/srv/ResetError.idl
[12.888s] -- Up-to-date symlink: /home/duy/cocarry_ws/install/motoros2_interfaces/share/motoros2_interfaces/srv/SelectMotionTool.idl
[12.888s] -- Up-to-date symlink: /home/duy/cocarry_ws/install/motoros2_interfaces/share/motoros2_interfaces/srv/StartTrajMode.idl
[12.888s] -- Up-to-date symlink: /home/duy/cocarry_ws/install/motoros2_interfaces/share/motoros2_interfaces/srv/StartPointQueueMode.idl
[12.888s] -- Up-to-date symlink: /home/duy/cocarry_ws/install/motoros2_interfaces/share/motoros2_interfaces/srv/WriteMRegister.idl
[12.889s] -- Up-to-date symlink: /home/duy/cocarry_ws/install/motoros2_interfaces/share/motoros2_interfaces/srv/WriteSingleIO.idl
[12.889s] -- Up-to-date symlink: /home/duy/cocarry_ws/install/motoros2_interfaces/share/motoros2_interfaces/srv/WriteGroupIO.idl
[12.889s] -- Up-to-date symlink: /home/duy/cocarry_ws/install/motoros2_interfaces/share/motoros2_interfaces/msg/AlarmInfo.msg
[12.889s] -- Up-to-date symlink: /home/duy/cocarry_ws/install/motoros2_interfaces/share/motoros2_interfaces/msg/AlarmCauseRemedy.msg
[12.889s] -- Up-to-date symlink: /home/duy/cocarry_ws/install/motoros2_interfaces/share/motoros2_interfaces/msg/ErrorInfo.msg
[12.889s] -- Up-to-date symlink: /home/duy/cocarry_ws/install/motoros2_interfaces/share/motoros2_interfaces/msg/InformJobCrudResultCodes.msg
[12.889s] -- Up-to-date symlink: /home/duy/cocarry_ws/install/motoros2_interfaces/share/motoros2_interfaces/msg/InitTrajEnum.msg
[12.890s] -- Up-to-date symlink: /home/duy/cocarry_ws/install/motoros2_interfaces/share/motoros2_interfaces/msg/IoResultCodes.msg
[12.890s] -- Up-to-date symlink: /home/duy/cocarry_ws/install/motoros2_interfaces/share/motoros2_interfaces/msg/MotionReadyEnum.msg
[12.890s] -- Up-to-date symlink: /home/duy/cocarry_ws/install/motoros2_interfaces/share/motoros2_interfaces/msg/QueueResultEnum.msg
[12.890s] -- Up-to-date symlink: /home/duy/cocarry_ws/install/motoros2_interfaces/share/motoros2_interfaces/msg/SelectionResultCodes.msg
[12.890s] -- Up-to-date symlink: /home/duy/cocarry_ws/install/motoros2_interfaces/share/motoros2_interfaces/srv/GetActiveAlarmInfo.srv
[12.890s] -- Up-to-date symlink: /home/duy/cocarry_ws/install/motoros2_interfaces/share/motoros2_interfaces/srv/GetActiveAlarmInfo_Request.msg
[12.890s] -- Up-to-date symlink: /home/duy/cocarry_ws/install/motoros2_interfaces/share/motoros2_interfaces/srv/GetActiveAlarmInfo_Response.msg
[12.890s] -- Up-to-date symlink: /home/duy/cocarry_ws/install/motoros2_interfaces/share/motoros2_interfaces/srv/ListInformJobs.srv
[12.891s] -- Up-to-date symlink: /home/duy/cocarry_ws/install/motoros2_interfaces/share/motoros2_interfaces/srv/ListInformJobs_Request.msg
[12.891s] -- Up-to-date symlink: /home/duy/cocarry_ws/install/motoros2_interfaces/share/motoros2_interfaces/srv/ListInformJobs_Response.msg
[12.891s] -- Up-to-date symlink: /home/duy/cocarry_ws/install/motoros2_interfaces/share/motoros2_interfaces/srv/QueueTrajPoint.srv
[12.891s] -- Up-to-date symlink: /home/duy/cocarry_ws/install/motoros2_interfaces/share/motoros2_interfaces/srv/QueueTrajPoint_Request.msg
[12.891s] -- Up-to-date symlink: /home/duy/cocarry_ws/install/motoros2_interfaces/share/motoros2_interfaces/srv/QueueTrajPoint_Response.msg
[12.891s] -- Up-to-date symlink: /home/duy/cocarry_ws/install/motoros2_interfaces/share/motoros2_interfaces/srv/ReadMRegister.srv
[12.891s] -- Up-to-date symlink: /home/duy/cocarry_ws/install/motoros2_interfaces/share/motoros2_interfaces/srv/ReadMRegister_Request.msg
[12.892s] -- Up-to-date symlink: /home/duy/cocarry_ws/install/motoros2_interfaces/share/motoros2_interfaces/srv/ReadMRegister_Response.msg
[12.892s] -- Up-to-date symlink: /home/duy/cocarry_ws/install/motoros2_interfaces/share/motoros2_interfaces/srv/ReadSingleIO.srv
[12.892s] -- Up-to-date symlink: /home/duy/cocarry_ws/install/motoros2_interfaces/share/motoros2_interfaces/srv/ReadSingleIO_Request.msg
[12.892s] -- Up-to-date symlink: /home/duy/cocarry_ws/install/motoros2_interfaces/share/motoros2_interfaces/srv/ReadSingleIO_Response.msg
[12.892s] -- Up-to-date symlink: /home/duy/cocarry_ws/install/motoros2_interfaces/share/motoros2_interfaces/srv/ReadGroupIO.srv
[12.894s] -- Up-to-date symlink: /home/duy/cocarry_ws/install/motoros2_interfaces/share/motoros2_interfaces/srv/ReadGroupIO_Request.msg
[12.894s] -- Up-to-date symlink: /home/duy/cocarry_ws/install/motoros2_interfaces/share/motoros2_interfaces/srv/ReadGroupIO_Response.msg
[12.894s] -- Up-to-date symlink: /home/duy/cocarry_ws/install/motoros2_interfaces/share/motoros2_interfaces/srv/ResetError.srv
[12.895s] -- Up-to-date symlink: /home/duy/cocarry_ws/install/motoros2_interfaces/share/motoros2_interfaces/srv/ResetError_Request.msg
[12.895s] -- Up-to-date symlink: /home/duy/cocarry_ws/install/motoros2_interfaces/share/motoros2_interfaces/srv/ResetError_Response.msg
[12.895s] -- Up-to-date symlink: /home/duy/cocarry_ws/install/motoros2_interfaces/share/motoros2_interfaces/srv/SelectMotionTool.srv
[12.895s] -- Up-to-date symlink: /home/duy/cocarry_ws/install/motoros2_interfaces/share/motoros2_interfaces/srv/SelectMotionTool_Request.msg
[12.896s] -- Up-to-date symlink: /home/duy/cocarry_ws/install/motoros2_interfaces/share/motoros2_interfaces/srv/SelectMotionTool_Response.msg
[12.896s] -- Up-to-date symlink: /home/duy/cocarry_ws/install/motoros2_interfaces/share/motoros2_interfaces/srv/StartTrajMode.srv
[12.896s] -- Up-to-date symlink: /home/duy/cocarry_ws/install/motoros2_interfaces/share/motoros2_interfaces/srv/StartTrajMode_Request.msg
[12.900s] -- Up-to-date symlink: /home/duy/cocarry_ws/install/motoros2_interfaces/share/motoros2_interfaces/srv/StartTrajMode_Response.msg
[12.900s] -- Up-to-date symlink: /home/duy/cocarry_ws/install/motoros2_interfaces/share/motoros2_interfaces/srv/StartPointQueueMode.srv
[12.900s] -- Up-to-date symlink: /home/duy/cocarry_ws/install/motoros2_interfaces/share/motoros2_interfaces/srv/StartPointQueueMode_Request.msg
[12.901s] -- Up-to-date symlink: /home/duy/cocarry_ws/install/motoros2_interfaces/share/motoros2_interfaces/srv/StartPointQueueMode_Response.msg
[12.901s] -- Up-to-date symlink: /home/duy/cocarry_ws/install/motoros2_interfaces/share/motoros2_interfaces/srv/WriteMRegister.srv
[12.901s] -- Up-to-date symlink: /home/duy/cocarry_ws/install/motoros2_interfaces/share/motoros2_interfaces/srv/WriteMRegister_Request.msg
[12.902s] -- Up-to-date symlink: /home/duy/cocarry_ws/install/motoros2_interfaces/share/motoros2_interfaces/srv/WriteMRegister_Response.msg
[12.902s] -- Up-to-date symlink: /home/duy/cocarry_ws/install/motoros2_interfaces/share/motoros2_interfaces/srv/WriteSingleIO.srv
[12.903s] -- Up-to-date symlink: /home/duy/cocarry_ws/install/motoros2_interfaces/share/motoros2_interfaces/srv/WriteSingleIO_Request.msg
[12.903s] -- Up-to-date symlink: /home/duy/cocarry_ws/install/motoros2_interfaces/share/motoros2_interfaces/srv/WriteSingleIO_Response.msg
[12.903s] -- Up-to-date symlink: /home/duy/cocarry_ws/install/motoros2_interfaces/share/motoros2_interfaces/srv/WriteGroupIO.srv
[12.904s] -- Up-to-date symlink: /home/duy/cocarry_ws/install/motoros2_interfaces/share/motoros2_interfaces/srv/WriteGroupIO_Request.msg
[12.904s] -- Up-to-date symlink: /home/duy/cocarry_ws/install/motoros2_interfaces/share/motoros2_interfaces/srv/WriteGroupIO_Response.msg
[12.904s] -- Up-to-date symlink: /home/duy/cocarry_ws/install/motoros2_interfaces/share/ament_index/resource_index/package_run_dependencies/motoros2_interfaces
[12.906s] -- Up-to-date symlink: /home/duy/cocarry_ws/install/motoros2_interfaces/share/ament_index/resource_index/parent_prefix_path/motoros2_interfaces
[12.907s] -- Up-to-date symlink: /home/duy/cocarry_ws/install/motoros2_interfaces/share/motoros2_interfaces/environment/ament_prefix_path.sh
[12.907s] -- Up-to-date symlink: /home/duy/cocarry_ws/install/motoros2_interfaces/share/motoros2_interfaces/environment/ament_prefix_path.dsv
[12.908s] -- Up-to-date symlink: /home/duy/cocarry_ws/install/motoros2_interfaces/share/motoros2_interfaces/environment/path.sh
[12.908s] -- Up-to-date symlink: /home/duy/cocarry_ws/install/motoros2_interfaces/share/motoros2_interfaces/environment/path.dsv
[12.908s] -- Up-to-date symlink: /home/duy/cocarry_ws/install/motoros2_interfaces/share/motoros2_interfaces/local_setup.bash
[12.909s] -- Up-to-date symlink: /home/duy/cocarry_ws/install/motoros2_interfaces/share/motoros2_interfaces/local_setup.sh
[12.909s] -- Up-to-date symlink: /home/duy/cocarry_ws/install/motoros2_interfaces/share/motoros2_interfaces/local_setup.zsh
[12.909s] -- Up-to-date symlink: /home/duy/cocarry_ws/install/motoros2_interfaces/share/motoros2_interfaces/local_setup.dsv
[12.910s] -- Symlinking: /home/duy/cocarry_ws/install/motoros2_interfaces/share/motoros2_interfaces/package.dsv
[12.937s] -- Up-to-date symlink: /home/duy/cocarry_ws/install/motoros2_interfaces/share/ament_index/resource_index/packages/motoros2_interfaces
[12.938s] -- Up-to-date symlink: /home/duy/cocarry_ws/install/motoros2_interfaces/share/motoros2_interfaces/cmake/rosidl_cmake-extras.cmake
[12.938s] -- Up-to-date symlink: /home/duy/cocarry_ws/install/motoros2_interfaces/share/motoros2_interfaces/cmake/ament_cmake_export_dependencies-extras.cmake
[12.938s] -- Up-to-date symlink: /home/duy/cocarry_ws/install/motoros2_interfaces/share/motoros2_interfaces/cmake/ament_cmake_export_include_directories-extras.cmake
[12.940s] -- Up-to-date symlink: /home/duy/cocarry_ws/install/motoros2_interfaces/share/motoros2_interfaces/cmake/ament_cmake_export_libraries-extras.cmake
[12.940s] -- Up-to-date symlink: /home/duy/cocarry_ws/install/motoros2_interfaces/share/motoros2_interfaces/cmake/ament_cmake_export_targets-extras.cmake
[12.941s] -- Up-to-date symlink: /home/duy/cocarry_ws/install/motoros2_interfaces/share/motoros2_interfaces/cmake/rosidl_cmake_export_typesupport_targets-extras.cmake
[12.941s] -- Up-to-date symlink: /home/duy/cocarry_ws/install/motoros2_interfaces/share/motoros2_interfaces/cmake/rosidl_cmake_export_typesupport_libraries-extras.cmake
[12.942s] -- Up-to-date symlink: /home/duy/cocarry_ws/install/motoros2_interfaces/share/motoros2_interfaces/cmake/motoros2_interfacesConfig.cmake
[12.942s] -- Up-to-date symlink: /home/duy/cocarry_ws/install/motoros2_interfaces/share/motoros2_interfaces/cmake/motoros2_interfacesConfig-version.cmake
[12.943s] -- Up-to-date symlink: /home/duy/cocarry_ws/install/motoros2_interfaces/share/motoros2_interfaces/package.xml
[12.948s] -- Installing: /home/duy/cocarry_ws/install/motoros2_interfaces/lib/libmotoros2_interfaces__rosidl_generator_c.so
[12.949s] -- Set runtime path of "/home/duy/cocarry_ws/install/motoros2_interfaces/lib/libmotoros2_interfaces__rosidl_generator_c.so" to ""
[12.950s] -- Installing: /home/duy/cocarry_ws/install/motoros2_interfaces/lib/libmotoros2_interfaces__rosidl_typesupport_fastrtps_c.so
[12.952s] -- Set runtime path of "/home/duy/cocarry_ws/install/motoros2_interfaces/lib/libmotoros2_interfaces__rosidl_typesupport_fastrtps_c.so" to ""
[12.953s] -- Installing: /home/duy/cocarry_ws/install/motoros2_interfaces/lib/libmotoros2_interfaces__rosidl_typesupport_fastrtps_cpp.so
[12.963s] -- Set runtime path of "/home/duy/cocarry_ws/install/motoros2_interfaces/lib/libmotoros2_interfaces__rosidl_typesupport_fastrtps_cpp.so" to ""
[12.963s] -- Installing: /home/duy/cocarry_ws/install/motoros2_interfaces/lib/libmotoros2_interfaces__rosidl_typesupport_introspection_c.so
[12.969s] -- Set runtime path of "/home/duy/cocarry_ws/install/motoros2_interfaces/lib/libmotoros2_interfaces__rosidl_typesupport_introspection_c.so" to ""
[12.969s] -- Installing: /home/duy/cocarry_ws/install/motoros2_interfaces/lib/libmotoros2_interfaces__rosidl_typesupport_c.so
[12.971s] -- Set runtime path of "/home/duy/cocarry_ws/install/motoros2_interfaces/lib/libmotoros2_interfaces__rosidl_typesupport_c.so" to ""
[12.971s] -- Installing: /home/duy/cocarry_ws/install/motoros2_interfaces/lib/libmotoros2_interfaces__rosidl_typesupport_introspection_cpp.so
[12.977s] -- Set runtime path of "/home/duy/cocarry_ws/install/motoros2_interfaces/lib/libmotoros2_interfaces__rosidl_typesupport_introspection_cpp.so" to ""
[12.980s] -- Installing: /home/duy/cocarry_ws/install/motoros2_interfaces/lib/libmotoros2_interfaces__rosidl_typesupport_cpp.so
[12.981s] -- Set runtime path of "/home/duy/cocarry_ws/install/motoros2_interfaces/lib/libmotoros2_interfaces__rosidl_typesupport_cpp.so" to ""
[13.395s] Listing '/home/duy/cocarry_ws/install/motoros2_interfaces/local/lib/python3.10/dist-packages/motoros2_interfaces'...
[13.395s] Compiling '/home/duy/cocarry_ws/install/motoros2_interfaces/local/lib/python3.10/dist-packages/motoros2_interfaces/__init__.py'...
[13.396s] Listing '/home/duy/cocarry_ws/install/motoros2_interfaces/local/lib/python3.10/dist-packages/motoros2_interfaces/msg'...
[13.396s] Compiling '/home/duy/cocarry_ws/install/motoros2_interfaces/local/lib/python3.10/dist-packages/motoros2_interfaces/msg/__init__.py'...
[13.396s] Compiling '/home/duy/cocarry_ws/install/motoros2_interfaces/local/lib/python3.10/dist-packages/motoros2_interfaces/msg/_alarm_cause_remedy.py'...
[13.396s] Compiling '/home/duy/cocarry_ws/install/motoros2_interfaces/local/lib/python3.10/dist-packages/motoros2_interfaces/msg/_alarm_info.py'...
[13.397s] Compiling '/home/duy/cocarry_ws/install/motoros2_interfaces/local/lib/python3.10/dist-packages/motoros2_interfaces/msg/_error_info.py'...
[13.397s] Compiling '/home/duy/cocarry_ws/install/motoros2_interfaces/local/lib/python3.10/dist-packages/motoros2_interfaces/msg/_inform_job_crud_result_codes.py'...
[13.397s] Compiling '/home/duy/cocarry_ws/install/motoros2_interfaces/local/lib/python3.10/dist-packages/motoros2_interfaces/msg/_init_traj_enum.py'...
[13.401s] Compiling '/home/duy/cocarry_ws/install/motoros2_interfaces/local/lib/python3.10/dist-packages/motoros2_interfaces/msg/_io_result_codes.py'...
[13.401s] Compiling '/home/duy/cocarry_ws/install/motoros2_interfaces/local/lib/python3.10/dist-packages/motoros2_interfaces/msg/_motion_ready_enum.py'...
[13.401s] Compiling '/home/duy/cocarry_ws/install/motoros2_interfaces/local/lib/python3.10/dist-packages/motoros2_interfaces/msg/_queue_result_enum.py'...
[13.402s] Compiling '/home/duy/cocarry_ws/install/motoros2_interfaces/local/lib/python3.10/dist-packages/motoros2_interfaces/msg/_selection_result_codes.py'...
[13.402s] Listing '/home/duy/cocarry_ws/install/motoros2_interfaces/local/lib/python3.10/dist-packages/motoros2_interfaces/srv'...
[13.402s] Compiling '/home/duy/cocarry_ws/install/motoros2_interfaces/local/lib/python3.10/dist-packages/motoros2_interfaces/srv/__init__.py'...
[13.403s] Compiling '/home/duy/cocarry_ws/install/motoros2_interfaces/local/lib/python3.10/dist-packages/motoros2_interfaces/srv/_get_active_alarm_info.py'...
[13.403s] Compiling '/home/duy/cocarry_ws/install/motoros2_interfaces/local/lib/python3.10/dist-packages/motoros2_interfaces/srv/_list_inform_jobs.py'...
[13.403s] Compiling '/home/duy/cocarry_ws/install/motoros2_interfaces/local/lib/python3.10/dist-packages/motoros2_interfaces/srv/_queue_traj_point.py'...
[13.407s] Compiling '/home/duy/cocarry_ws/install/motoros2_interfaces/local/lib/python3.10/dist-packages/motoros2_interfaces/srv/_read_group_io.py'...
[13.407s] Compiling '/home/duy/cocarry_ws/install/motoros2_interfaces/local/lib/python3.10/dist-packages/motoros2_interfaces/srv/_read_m_register.py'...
[13.407s] Compiling '/home/duy/cocarry_ws/install/motoros2_interfaces/local/lib/python3.10/dist-packages/motoros2_interfaces/srv/_read_single_io.py'...
[13.408s] Compiling '/home/duy/cocarry_ws/install/motoros2_interfaces/local/lib/python3.10/dist-packages/motoros2_interfaces/srv/_reset_error.py'...
[13.408s] Compiling '/home/duy/cocarry_ws/install/motoros2_interfaces/local/lib/python3.10/dist-packages/motoros2_interfaces/srv/_select_motion_tool.py'...
[13.408s] Compiling '/home/duy/cocarry_ws/install/motoros2_interfaces/local/lib/python3.10/dist-packages/motoros2_interfaces/srv/_start_point_queue_mode.py'...
[13.409s] Compiling '/home/duy/cocarry_ws/install/motoros2_interfaces/local/lib/python3.10/dist-packages/motoros2_interfaces/srv/_start_traj_mode.py'...
[13.409s] Compiling '/home/duy/cocarry_ws/install/motoros2_interfaces/local/lib/python3.10/dist-packages/motoros2_interfaces/srv/_write_group_io.py'...
[13.409s] Compiling '/home/duy/cocarry_ws/install/motoros2_interfaces/local/lib/python3.10/dist-packages/motoros2_interfaces/srv/_write_m_register.py'...
[13.409s] Compiling '/home/duy/cocarry_ws/install/motoros2_interfaces/local/lib/python3.10/dist-packages/motoros2_interfaces/srv/_write_single_io.py'...
[13.414s] -- Installing: /home/duy/cocarry_ws/install/motoros2_interfaces/lib/libmotoros2_interfaces__rosidl_generator_py.so
[13.436s] -- Set runtime path of "/home/duy/cocarry_ws/install/motoros2_interfaces/lib/libmotoros2_interfaces__rosidl_generator_py.so" to ""
[13.439s] -- Installing: /home/duy/cocarry_ws/install/motoros2_interfaces/share/motoros2_interfaces/cmake/export_motoros2_interfaces__rosidl_generator_cExport.cmake
[13.440s] -- Installing: /home/duy/cocarry_ws/install/motoros2_interfaces/share/motoros2_interfaces/cmake/export_motoros2_interfaces__rosidl_generator_cExport-noconfig.cmake
[13.440s] -- Installing: /home/duy/cocarry_ws/install/motoros2_interfaces/share/motoros2_interfaces/cmake/export_motoros2_interfaces__rosidl_typesupport_fastrtps_cExport.cmake
[13.440s] -- Installing: /home/duy/cocarry_ws/install/motoros2_interfaces/share/motoros2_interfaces/cmake/export_motoros2_interfaces__rosidl_typesupport_fastrtps_cExport-noconfig.cmake
[13.440s] -- Installing: /home/duy/cocarry_ws/install/motoros2_interfaces/share/motoros2_interfaces/cmake/export_motoros2_interfaces__rosidl_generator_cppExport.cmake
[13.440s] -- Installing: /home/duy/cocarry_ws/install/motoros2_interfaces/share/motoros2_interfaces/cmake/export_motoros2_interfaces__rosidl_typesupport_fastrtps_cppExport.cmake
[13.441s] -- Installing: /home/duy/cocarry_ws/install/motoros2_interfaces/share/motoros2_interfaces/cmake/export_motoros2_interfaces__rosidl_typesupport_fastrtps_cppExport-noconfig.cmake
[13.442s] -- Installing: /home/duy/cocarry_ws/install/motoros2_interfaces/share/motoros2_interfaces/cmake/motoros2_interfaces__rosidl_typesupport_introspection_cExport.cmake
[13.442s] -- Installing: /home/duy/cocarry_ws/install/motoros2_interfaces/share/motoros2_interfaces/cmake/motoros2_interfaces__rosidl_typesupport_introspection_cExport-noconfig.cmake
[13.442s] -- Installing: /home/duy/cocarry_ws/install/motoros2_interfaces/share/motoros2_interfaces/cmake/motoros2_interfaces__rosidl_typesupport_cExport.cmake
[13.443s] -- Installing: /home/duy/cocarry_ws/install/motoros2_interfaces/share/motoros2_interfaces/cmake/motoros2_interfaces__rosidl_typesupport_cExport-noconfig.cmake
[13.455s] -- Installing: /home/duy/cocarry_ws/install/motoros2_interfaces/share/motoros2_interfaces/cmake/motoros2_interfaces__rosidl_typesupport_introspection_cppExport.cmake
[13.457s] -- Installing: /home/duy/cocarry_ws/install/motoros2_interfaces/share/motoros2_interfaces/cmake/motoros2_interfaces__rosidl_typesupport_introspection_cppExport-noconfig.cmake
[13.457s] -- Installing: /home/duy/cocarry_ws/install/motoros2_interfaces/share/motoros2_interfaces/cmake/motoros2_interfaces__rosidl_typesupport_cppExport.cmake
[13.463s] -- Installing: /home/duy/cocarry_ws/install/motoros2_interfaces/share/motoros2_interfaces/cmake/motoros2_interfaces__rosidl_typesupport_cppExport-noconfig.cmake
[13.468s] -- Installing: /home/duy/cocarry_ws/install/motoros2_interfaces/share/motoros2_interfaces/cmake/export_motoros2_interfaces__rosidl_generator_pyExport.cmake
[13.468s] -- Installing: /home/duy/cocarry_ws/install/motoros2_interfaces/share/motoros2_interfaces/cmake/export_motoros2_interfaces__rosidl_generator_pyExport-noconfig.cmake
[13.491s] Invoked command in '/home/duy/cocarry_ws/build/motoros2_interfaces' returned '0': CMAKE_PREFIX_PATH=/opt/ros/humble /usr/bin/cmake --install /home/duy/cocarry_ws/build/motoros2_interfaces
