[0.126s] Invoking command in '/home/duy/cocarry_ws/build/trac_ik': AMENT_PREFIX_PATH=/home/duy/cocarry_ws/install/trac_ik_kinematics:/home/duy/cocarry_ws/install/trac_ik_lib:${AMENT_PREFIX_PATH} CMAKE_PREFIX_PATH=/home/duy/cocarry_ws/install/trac_ik_kinematics:/home/duy/cocarry_ws/install/trac_ik_lib:/opt/ros/humble LD_LIBRARY_PATH=/home/duy/cocarry_ws/install/trac_ik_kinematics/lib:/home/duy/cocarry_ws/install/trac_ik_lib/lib:${LD_LIBRARY_PATH} /usr/bin/cmake /home/duy/cocarry_ws/src/trac_ik/trac_ik -DAMENT_CMAKE_SYMLINK_INSTALL=1 -DCMAKE_INSTALL_PREFIX=/home/duy/cocarry_ws/install/trac_ik
[0.278s] -- Found ament_cmake: 1.3.14 (/opt/ros/humble/share/ament_cmake/cmake)
[1.205s] -- Override CMake install command with custom implementation using symlinks instead of copying resources
[1.706s] -- Configuring done
[1.735s] -- Generating done
[1.850s] -- Build files have been written to: /home/duy/cocarry_ws/build/trac_ik
[1.886s] Invoked command in '/home/duy/cocarry_ws/build/trac_ik' returned '0': AMENT_PREFIX_PATH=/home/duy/cocarry_ws/install/trac_ik_kinematics:/home/duy/cocarry_ws/install/trac_ik_lib:${AMENT_PREFIX_PATH} CMAKE_PREFIX_PATH=/home/duy/cocarry_ws/install/trac_ik_kinematics:/home/duy/cocarry_ws/install/trac_ik_lib:/opt/ros/humble LD_LIBRARY_PATH=/home/duy/cocarry_ws/install/trac_ik_kinematics/lib:/home/duy/cocarry_ws/install/trac_ik_lib/lib:${LD_LIBRARY_PATH} /usr/bin/cmake /home/duy/cocarry_ws/src/trac_ik/trac_ik -DAMENT_CMAKE_SYMLINK_INSTALL=1 -DCMAKE_INSTALL_PREFIX=/home/duy/cocarry_ws/install/trac_ik
[1.899s] Invoking command in '/home/duy/cocarry_ws/build/trac_ik': AMENT_PREFIX_PATH=/home/duy/cocarry_ws/install/trac_ik_kinematics:/home/duy/cocarry_ws/install/trac_ik_lib:${AMENT_PREFIX_PATH} CMAKE_PREFIX_PATH=/home/duy/cocarry_ws/install/trac_ik_kinematics:/home/duy/cocarry_ws/install/trac_ik_lib:/opt/ros/humble LD_LIBRARY_PATH=/home/duy/cocarry_ws/install/trac_ik_kinematics/lib:/home/duy/cocarry_ws/install/trac_ik_lib/lib:${LD_LIBRARY_PATH} /usr/bin/cmake --build /home/duy/cocarry_ws/build/trac_ik -- -j16 -l16
[2.154s] Invoked command in '/home/duy/cocarry_ws/build/trac_ik' returned '0': AMENT_PREFIX_PATH=/home/duy/cocarry_ws/install/trac_ik_kinematics:/home/duy/cocarry_ws/install/trac_ik_lib:${AMENT_PREFIX_PATH} CMAKE_PREFIX_PATH=/home/duy/cocarry_ws/install/trac_ik_kinematics:/home/duy/cocarry_ws/install/trac_ik_lib:/opt/ros/humble LD_LIBRARY_PATH=/home/duy/cocarry_ws/install/trac_ik_kinematics/lib:/home/duy/cocarry_ws/install/trac_ik_lib/lib:${LD_LIBRARY_PATH} /usr/bin/cmake --build /home/duy/cocarry_ws/build/trac_ik -- -j16 -l16
[2.165s] Invoking command in '/home/duy/cocarry_ws/build/trac_ik': AMENT_PREFIX_PATH=/home/duy/cocarry_ws/install/trac_ik_kinematics:/home/duy/cocarry_ws/install/trac_ik_lib:${AMENT_PREFIX_PATH} CMAKE_PREFIX_PATH=/home/duy/cocarry_ws/install/trac_ik_kinematics:/home/duy/cocarry_ws/install/trac_ik_lib:/opt/ros/humble LD_LIBRARY_PATH=/home/duy/cocarry_ws/install/trac_ik_kinematics/lib:/home/duy/cocarry_ws/install/trac_ik_lib/lib:${LD_LIBRARY_PATH} /usr/bin/cmake --install /home/duy/cocarry_ws/build/trac_ik
[2.243s] -- Install configuration: ""
[2.245s] -- Execute custom install script
[2.250s] -- Up-to-date symlink: /home/duy/cocarry_ws/install/trac_ik/share/ament_index/resource_index/package_run_dependencies/trac_ik
[2.251s] -- Up-to-date symlink: /home/duy/cocarry_ws/install/trac_ik/share/ament_index/resource_index/parent_prefix_path/trac_ik
[2.251s] -- Up-to-date symlink: /home/duy/cocarry_ws/install/trac_ik/share/trac_ik/environment/ament_prefix_path.sh
[2.257s] -- Up-to-date symlink: /home/duy/cocarry_ws/install/trac_ik/share/trac_ik/environment/ament_prefix_path.dsv
[2.260s] -- Up-to-date symlink: /home/duy/cocarry_ws/install/trac_ik/share/trac_ik/environment/path.sh
[2.260s] -- Up-to-date symlink: /home/duy/cocarry_ws/install/trac_ik/share/trac_ik/environment/path.dsv
[2.261s] -- Up-to-date symlink: /home/duy/cocarry_ws/install/trac_ik/share/trac_ik/local_setup.bash
[2.261s] -- Up-to-date symlink: /home/duy/cocarry_ws/install/trac_ik/share/trac_ik/local_setup.sh
[2.261s] -- Up-to-date symlink: /home/duy/cocarry_ws/install/trac_ik/share/trac_ik/local_setup.zsh
[2.269s] -- Up-to-date symlink: /home/duy/cocarry_ws/install/trac_ik/share/trac_ik/local_setup.dsv
[2.269s] -- Symlinking: /home/duy/cocarry_ws/install/trac_ik/share/trac_ik/package.dsv
[2.353s] -- Up-to-date symlink: /home/duy/cocarry_ws/install/trac_ik/share/ament_index/resource_index/packages/trac_ik
[2.362s] -- Up-to-date symlink: /home/duy/cocarry_ws/install/trac_ik/share/trac_ik/cmake/trac_ikConfig.cmake
[2.362s] -- Up-to-date symlink: /home/duy/cocarry_ws/install/trac_ik/share/trac_ik/cmake/trac_ikConfig-version.cmake
[2.363s] -- Up-to-date symlink: /home/duy/cocarry_ws/install/trac_ik/share/trac_ik/package.xml
[2.412s] Invoked command in '/home/duy/cocarry_ws/build/trac_ik' returned '0': AMENT_PREFIX_PATH=/home/duy/cocarry_ws/install/trac_ik_kinematics:/home/duy/cocarry_ws/install/trac_ik_lib:${AMENT_PREFIX_PATH} CMAKE_PREFIX_PATH=/home/duy/cocarry_ws/install/trac_ik_kinematics:/home/duy/cocarry_ws/install/trac_ik_lib:/opt/ros/humble LD_LIBRARY_PATH=/home/duy/cocarry_ws/install/trac_ik_kinematics/lib:/home/duy/cocarry_ws/install/trac_ik_lib/lib:${LD_LIBRARY_PATH} /usr/bin/cmake --install /home/duy/cocarry_ws/build/trac_ik
