[0.374s] Invoking command in '/home/hungnb/cocarry_ws/build/motoman_gp250_support': AMENT_PREFIX_PATH=/home/hungnb/cocarry_ws/install/motoman_gp215_support:/home/hungnb/cocarry_ws/install/motoman_resources:${AMENT_PREFIX_PATH} CMAKE_PREFIX_PATH=/home/hungnb/cocarry_ws/install/motoman_gp215_support:/home/hungnb/cocarry_ws/install/motoman_resources:/opt/ros/humble /usr/bin/cmake --build /home/hungnb/cocarry_ws/build/motoman_gp250_support -- -j16 -l16
[0.554s] Invoked command in '/home/hungnb/cocarry_ws/build/motoman_gp250_support' returned '0': AMENT_PREFIX_PATH=/home/hungnb/cocarry_ws/install/motoman_gp215_support:/home/hungnb/cocarry_ws/install/motoman_resources:${AMENT_PREFIX_PATH} CMAKE_PREFIX_PATH=/home/hungnb/cocarry_ws/install/motoman_gp215_support:/home/hungnb/cocarry_ws/install/motoman_resources:/opt/ros/humble /usr/bin/cmake --build /home/hungnb/cocarry_ws/build/motoman_gp250_support -- -j16 -l16
[0.556s] Invoking command in '/home/hungnb/cocarry_ws/build/motoman_gp250_support': AMENT_PREFIX_PATH=/home/hungnb/cocarry_ws/install/motoman_gp215_support:/home/hungnb/cocarry_ws/install/motoman_resources:${AMENT_PREFIX_PATH} CMAKE_PREFIX_PATH=/home/hungnb/cocarry_ws/install/motoman_gp215_support:/home/hungnb/cocarry_ws/install/motoman_resources:/opt/ros/humble /usr/bin/cmake --install /home/hungnb/cocarry_ws/build/motoman_gp250_support
[0.562s] -- Install configuration: ""
[0.562s] -- Execute custom install script
[0.562s] -- Up-to-date symlink: /home/hungnb/cocarry_ws/install/motoman_gp250_support/share/ament_index/resource_index/package_run_dependencies/motoman_gp250_support
[0.564s] -- Up-to-date symlink: /home/hungnb/cocarry_ws/install/motoman_gp250_support/share/ament_index/resource_index/parent_prefix_path/motoman_gp250_support
[0.564s] -- Up-to-date symlink: /home/hungnb/cocarry_ws/install/motoman_gp250_support/share/motoman_gp250_support/environment/ament_prefix_path.sh
[0.565s] -- Up-to-date symlink: /home/hungnb/cocarry_ws/install/motoman_gp250_support/share/motoman_gp250_support/environment/ament_prefix_path.dsv
[0.566s] -- Up-to-date symlink: /home/hungnb/cocarry_ws/install/motoman_gp250_support/share/motoman_gp250_support/environment/path.sh
[0.566s] -- Up-to-date symlink: /home/hungnb/cocarry_ws/install/motoman_gp250_support/share/motoman_gp250_support/environment/path.dsv
[0.566s] -- Up-to-date symlink: /home/hungnb/cocarry_ws/install/motoman_gp250_support/share/motoman_gp250_support/local_setup.bash
[0.566s] -- Up-to-date symlink: /home/hungnb/cocarry_ws/install/motoman_gp250_support/share/motoman_gp250_support/local_setup.sh
[0.566s] -- Up-to-date symlink: /home/hungnb/cocarry_ws/install/motoman_gp250_support/share/motoman_gp250_support/local_setup.zsh
[0.566s] -- Up-to-date symlink: /home/hungnb/cocarry_ws/install/motoman_gp250_support/share/motoman_gp250_support/local_setup.dsv
[0.566s] -- Symlinking: /home/hungnb/cocarry_ws/install/motoman_gp250_support/share/motoman_gp250_support/package.dsv
[0.572s] -- Up-to-date symlink: /home/hungnb/cocarry_ws/install/motoman_gp250_support/share/ament_index/resource_index/packages/motoman_gp250_support
[0.572s] -- Up-to-date symlink: /home/hungnb/cocarry_ws/install/motoman_gp250_support/share/motoman_gp250_support/cmake/motoman_gp250_supportConfig.cmake
[0.573s] -- Up-to-date symlink: /home/hungnb/cocarry_ws/install/motoman_gp250_support/share/motoman_gp250_support/cmake/motoman_gp250_supportConfig-version.cmake
[0.573s] -- Up-to-date symlink: /home/hungnb/cocarry_ws/install/motoman_gp250_support/share/motoman_gp250_support/package.xml
[0.573s] -- Up-to-date symlink: /home/hungnb/cocarry_ws/install/motoman_gp250_support/share/motoman_gp250_support/launch/view_gp250.launch.xml
[0.573s] -- Up-to-date symlink: /home/hungnb/cocarry_ws/install/motoman_gp250_support/share/motoman_gp250_support/meshes/gp250/collision/link_3.stl
[0.573s] -- Up-to-date symlink: /home/hungnb/cocarry_ws/install/motoman_gp250_support/share/motoman_gp250_support/meshes/gp250/visual/link_3.dae
[0.574s] -- Up-to-date symlink: /home/hungnb/cocarry_ws/install/motoman_gp250_support/share/motoman_gp250_support/urdf/gp250.xacro
[0.574s] -- Up-to-date symlink: /home/hungnb/cocarry_ws/install/motoman_gp250_support/share/motoman_gp250_support/urdf/gp250_macro.xacro
[0.608s] Invoked command in '/home/hungnb/cocarry_ws/build/motoman_gp250_support' returned '0': AMENT_PREFIX_PATH=/home/hungnb/cocarry_ws/install/motoman_gp215_support:/home/hungnb/cocarry_ws/install/motoman_resources:${AMENT_PREFIX_PATH} CMAKE_PREFIX_PATH=/home/hungnb/cocarry_ws/install/motoman_gp215_support:/home/hungnb/cocarry_ws/install/motoman_resources:/opt/ros/humble /usr/bin/cmake --install /home/hungnb/cocarry_ws/build/motoman_gp250_support
