[0.000000] (-) TimerEvent: {}
[0.000728] (-) JobUnselected: {'identifier': 'experiment_logger'}
[0.000782] (-) JobUnselected: {'identifier': 'hc10dtp_bringup'}
[0.000969] (-) JobUnselected: {'identifier': 'hc10dtp_moveit_config'}
[0.001005] (-) JobUnselected: {'identifier': 'hc10dtp_simulation'}
[0.001028] (-) JobUnselected: {'identifier': 'hrc_bringup'}
[0.001174] (-) JobUnselected: {'identifier': 'human_hand_msgs'}
[0.001201] (-) JobUnselected: {'identifier': 'industrial_msgs'}
[0.001223] (-) JobUnselected: {'identifier': 'kinect2_bridge'}
[0.001411] (-) JobUnselected: {'identifier': 'kinect2_calibration'}
[0.001476] (-) JobUnselected: {'identifier': 'kinect2_registration'}
[0.001502] (-) JobUnselected: {'identifier': 'libfreenect2'}
[0.001532] (-) JobUnselected: {'identifier': 'motoman_gp4_support'}
[0.001600] (-) JobUnselected: {'identifier': 'motoman_hc10dtp_support'}
[0.001624] (-) JobUnselected: {'identifier': 'motoman_resources'}
[0.001648] (-) JobUnselected: {'identifier': 'motoros2_client_interface_dependencies'}
[0.001670] (-) JobUnselected: {'identifier': 'motoros2_interfaces'}
[0.001704] (-) JobUnselected: {'identifier': 'predictor_ui'}
[0.001733] (-) JobUnselected: {'identifier': 'realsense_tracker'}
[0.001789] (-) JobUnselected: {'identifier': 'trac_ik'}
[0.001821] (-) JobUnselected: {'identifier': 'trac_ik_kinematics'}
[0.001871] (-) JobUnselected: {'identifier': 'trac_ik_lib'}
[0.001924] (-) JobUnselected: {'identifier': 'trajectory_predictor'}
[0.001956] (coord_transform) JobQueued: {'identifier': 'coord_transform', 'dependencies': OrderedDict([('human_hand_msgs', '/home/duy/cocarry_ws/install/human_hand_msgs')])}
[0.001986] (coord_transform) JobStarted: {'identifier': 'coord_transform'}
[0.099772] (-) TimerEvent: {}
[0.200120] (-) TimerEvent: {}
[0.300346] (-) TimerEvent: {}
[0.396644] (coord_transform) Command: {'cmd': ['/usr/bin/python3', '-W', 'ignore:setup.py install is deprecated', '-W', 'ignore:easy_install command is deprecated', 'setup.py', 'develop', '--editable', '--build-directory', '/home/duy/cocarry_ws/build/coord_transform/build', '--no-deps', 'symlink_data'], 'cwd': '/home/duy/cocarry_ws/build/coord_transform', 'env': {'USER': 'duy', 'ROS_PACKAGE_PATH': '/home/duy/cocarry_ws/install/human_hand_msgs/share', 'SHLVL': '0', 'LD_LIBRARY_PATH': '/home/duy/cocarry_ws/install/human_hand_msgs/lib', 'HOME': '/home/duy', '_': '/usr/bin/colcon', 'PKG_CONFIG_PATH': '/home/duy/cocarry_ws/install/human_hand_msgs/lib/x86_64-linux-gnu/pkgconfig:/home/duy/cocarry_ws/install/human_hand_msgs/lib/pkgconfig', 'TERM': 'dumb', 'PATH': '/home/duy/.local/bin:/home/duy/.nvm/versions/node/v20.20.2/bin:/opt/ros/humble/bin:/home/duy/.local/bin:/usr/local/sbin:/usr/local/bin:/usr/sbin:/usr/bin:/sbin:/bin:/usr/games:/usr/local/games:/snap/bin:/snap/bin:/home/duy/libfreenect2/build/bin', 'LANG': 'en_US.UTF-8', 'TMP': '/tmp', 'SHELL': '/bin/bash', 'PWD': '/home/duy/cocarry_ws/build/coord_transform', 'PYTHONPATH': '/home/duy/cocarry_ws/build/coord_transform/prefix_override:/usr/lib/python3/dist-packages/colcon_core/task/python/colcon_distutils_commands:/home/duy/cocarry_ws/install/coord_transform/lib/python3.10/site-packages:/home/duy/cocarry_ws/install/human_hand_msgs/local/lib/python3.10/dist-packages', 'COLCON': '1', 'CMAKE_PREFIX_PATH': '/home/duy/cocarry_ws/install/human_hand_msgs'}, 'shell': False}
[0.400442] (-) TimerEvent: {}
[0.500666] (-) TimerEvent: {}
[0.553225] (coord_transform) StdoutLine: {'line': b'running develop\n'}
[0.600988] (-) TimerEvent: {}
[0.615823] (coord_transform) StdoutLine: {'line': b'running egg_info\n'}
[0.616015] (coord_transform) StdoutLine: {'line': b'writing coord_transform.egg-info/PKG-INFO\n'}
[0.616079] (coord_transform) StdoutLine: {'line': b'writing dependency_links to coord_transform.egg-info/dependency_links.txt\n'}
[0.616129] (coord_transform) StdoutLine: {'line': b'writing entry points to coord_transform.egg-info/entry_points.txt\n'}
[0.616175] (coord_transform) StdoutLine: {'line': b'writing requirements to coord_transform.egg-info/requires.txt\n'}
[0.616221] (coord_transform) StdoutLine: {'line': b'writing top-level names to coord_transform.egg-info/top_level.txt\n'}
[0.617203] (coord_transform) StdoutLine: {'line': b"reading manifest file 'coord_transform.egg-info/SOURCES.txt'\n"}
[0.617669] (coord_transform) StdoutLine: {'line': b"writing manifest file 'coord_transform.egg-info/SOURCES.txt'\n"}
[0.618705] (coord_transform) StdoutLine: {'line': b'running build_ext\n'}
[0.618828] (coord_transform) StdoutLine: {'line': b'Creating /home/duy/cocarry_ws/install/coord_transform/lib/python3.10/site-packages/coord-transform.egg-link (link to .)\n'}
[0.619192] (coord_transform) StdoutLine: {'line': b'Installing transform_node script to /home/duy/cocarry_ws/install/coord_transform/lib/coord_transform\n'}
[0.619342] (coord_transform) StdoutLine: {'line': b'\n'}
[0.619393] (coord_transform) StdoutLine: {'line': b'Installed /home/duy/cocarry_ws/build/coord_transform\n'}
[0.619461] (coord_transform) StdoutLine: {'line': b'running symlink_data\n'}
[0.641571] (coord_transform) CommandEnded: {'returncode': 0}
[0.647946] (coord_transform) JobEnded: {'identifier': 'coord_transform', 'rc': 0}
[0.648333] (-) EventReactorShutdown: {}
