[0.049s] Invoking command in '/home/duy/cocarry_ws/build/motoman_gp4_support': CMAKE_PREFIX_PATH=/home/duy/cocarry_ws/install/motoman_resources:/home/duy/cocarry_ws/install/hrc_bringup:/home/duy/cocarry_ws/install/trac_ik:/home/duy/cocarry_ws/install/trac_ik_kinematics:/home/duy/cocarry_ws/install/trac_ik_lib:/home/duy/cocarry_ws/install/motoros2_client_interface_dependencies:/home/duy/cocarry_ws/install/hc10dtp_simulation:/home/duy/cocarry_ws/install/motoros2_interfaces:/home/duy/cocarry_ws/install/hc10dtp_bringup:/home/duy/cocarry_ws/install/hc10dtp_moveit_config:/home/duy/cocarry_ws/install/motoman_hc10dtp_support:/home/duy/cocarry_ws/install/motoman_gp4_support:/home/duy/cocarry_ws/install/libfreenect2:/home/duy/cocarry_ws/install/kinect2_calibration:/home/duy/cocarry_ws/install/kinect2_bridge:/home/duy/cocarry_ws/install/kinect2_registration:/home/duy/cocarry_ws/install/industrial_msgs:/home/duy/cocarry_ws/install/trajectory_predictor:/home/duy/cocarry_ws/install/realsense_tracker:/home/duy/cocarry_ws/install/predictor_ui:/home/duy/cocarry_ws/install/experiment_logger:/home/duy/cocarry_ws/install/coord_transform:/opt/ros/humble:/home/duy/cocarry_ws/install/human_hand_msgs /usr/bin/cmake --build /home/duy/cocarry_ws/build/motoman_gp4_support -- -j16 -l16
[0.189s] Invoked command in '/home/duy/cocarry_ws/build/motoman_gp4_support' returned '0': CMAKE_PREFIX_PATH=/home/duy/cocarry_ws/install/motoman_resources:/home/duy/cocarry_ws/install/hrc_bringup:/home/duy/cocarry_ws/install/trac_ik:/home/duy/cocarry_ws/install/trac_ik_kinematics:/home/duy/cocarry_ws/install/trac_ik_lib:/home/duy/cocarry_ws/install/motoros2_client_interface_dependencies:/home/duy/cocarry_ws/install/hc10dtp_simulation:/home/duy/cocarry_ws/install/motoros2_interfaces:/home/duy/cocarry_ws/install/hc10dtp_bringup:/home/duy/cocarry_ws/install/hc10dtp_moveit_config:/home/duy/cocarry_ws/install/motoman_hc10dtp_support:/home/duy/cocarry_ws/install/motoman_gp4_support:/home/duy/cocarry_ws/install/libfreenect2:/home/duy/cocarry_ws/install/kinect2_calibration:/home/duy/cocarry_ws/install/kinect2_bridge:/home/duy/cocarry_ws/install/kinect2_registration:/home/duy/cocarry_ws/install/industrial_msgs:/home/duy/cocarry_ws/install/trajectory_predictor:/home/duy/cocarry_ws/install/realsense_tracker:/home/duy/cocarry_ws/install/predictor_ui:/home/duy/cocarry_ws/install/experiment_logger:/home/duy/cocarry_ws/install/coord_transform:/opt/ros/humble:/home/duy/cocarry_ws/install/human_hand_msgs /usr/bin/cmake --build /home/duy/cocarry_ws/build/motoman_gp4_support -- -j16 -l16
[0.192s] Invoking command in '/home/duy/cocarry_ws/build/motoman_gp4_support': CMAKE_PREFIX_PATH=/home/duy/cocarry_ws/install/motoman_resources:/home/duy/cocarry_ws/install/hrc_bringup:/home/duy/cocarry_ws/install/trac_ik:/home/duy/cocarry_ws/install/trac_ik_kinematics:/home/duy/cocarry_ws/install/trac_ik_lib:/home/duy/cocarry_ws/install/motoros2_client_interface_dependencies:/home/duy/cocarry_ws/install/hc10dtp_simulation:/home/duy/cocarry_ws/install/motoros2_interfaces:/home/duy/cocarry_ws/install/hc10dtp_bringup:/home/duy/cocarry_ws/install/hc10dtp_moveit_config:/home/duy/cocarry_ws/install/motoman_hc10dtp_support:/home/duy/cocarry_ws/install/motoman_gp4_support:/home/duy/cocarry_ws/install/libfreenect2:/home/duy/cocarry_ws/install/kinect2_calibration:/home/duy/cocarry_ws/install/kinect2_bridge:/home/duy/cocarry_ws/install/kinect2_registration:/home/duy/cocarry_ws/install/industrial_msgs:/home/duy/cocarry_ws/install/trajectory_predictor:/home/duy/cocarry_ws/install/realsense_tracker:/home/duy/cocarry_ws/install/predictor_ui:/home/duy/cocarry_ws/install/experiment_logger:/home/duy/cocarry_ws/install/coord_transform:/opt/ros/humble:/home/duy/cocarry_ws/install/human_hand_msgs /usr/bin/cmake --install /home/duy/cocarry_ws/build/motoman_gp4_support
[0.202s] -- Install configuration: ""
[0.204s] -- Execute custom install script
[0.205s] -- Up-to-date symlink: /home/duy/cocarry_ws/install/motoman_gp4_support/share/ament_index/resource_index/package_run_dependencies/motoman_gp4_support
[0.205s] -- Up-to-date symlink: /home/duy/cocarry_ws/install/motoman_gp4_support/share/ament_index/resource_index/parent_prefix_path/motoman_gp4_support
[0.206s] -- Up-to-date symlink: /home/duy/cocarry_ws/install/motoman_gp4_support/share/motoman_gp4_support/environment/ament_prefix_path.sh
[0.206s] -- Up-to-date symlink: /home/duy/cocarry_ws/install/motoman_gp4_support/share/motoman_gp4_support/environment/ament_prefix_path.dsv
[0.206s] -- Up-to-date symlink: /home/duy/cocarry_ws/install/motoman_gp4_support/share/motoman_gp4_support/environment/path.sh
[0.206s] -- Up-to-date symlink: /home/duy/cocarry_ws/install/motoman_gp4_support/share/motoman_gp4_support/environment/path.dsv
[0.206s] -- Up-to-date symlink: /home/duy/cocarry_ws/install/motoman_gp4_support/share/motoman_gp4_support/local_setup.bash
[0.207s] -- Up-to-date symlink: /home/duy/cocarry_ws/install/motoman_gp4_support/share/motoman_gp4_support/local_setup.sh
[0.207s] -- Up-to-date symlink: /home/duy/cocarry_ws/install/motoman_gp4_support/share/motoman_gp4_support/local_setup.zsh
[0.207s] -- Up-to-date symlink: /home/duy/cocarry_ws/install/motoman_gp4_support/share/motoman_gp4_support/local_setup.dsv
[0.207s] -- Symlinking: /home/duy/cocarry_ws/install/motoman_gp4_support/share/motoman_gp4_support/package.dsv
[0.213s] -- Up-to-date symlink: /home/duy/cocarry_ws/install/motoman_gp4_support/share/ament_index/resource_index/packages/motoman_gp4_support
[0.213s] -- Up-to-date symlink: /home/duy/cocarry_ws/install/motoman_gp4_support/share/motoman_gp4_support/cmake/motoman_gp4_supportConfig.cmake
[0.213s] -- Up-to-date symlink: /home/duy/cocarry_ws/install/motoman_gp4_support/share/motoman_gp4_support/cmake/motoman_gp4_supportConfig-version.cmake
[0.213s] -- Up-to-date symlink: /home/duy/cocarry_ws/install/motoman_gp4_support/share/motoman_gp4_support/package.xml
[0.214s] -- Up-to-date symlink: /home/duy/cocarry_ws/install/motoman_gp4_support/share/motoman_gp4_support/config/opw_parameters_gp4.yaml
[0.214s] -- Up-to-date symlink: /home/duy/cocarry_ws/install/motoman_gp4_support/share/motoman_gp4_support/launch/view_gp4.launch.xml
[0.216s] -- Up-to-date symlink: /home/duy/cocarry_ws/install/motoman_gp4_support/share/motoman_gp4_support/meshes/gp4/collision/base_link.stl
[0.218s] -- Up-to-date symlink: /home/duy/cocarry_ws/install/motoman_gp4_support/share/motoman_gp4_support/meshes/gp4/collision/link_1_s.stl
[0.218s] -- Up-to-date symlink: /home/duy/cocarry_ws/install/motoman_gp4_support/share/motoman_gp4_support/meshes/gp4/collision/link_2_l.stl
[0.218s] -- Up-to-date symlink: /home/duy/cocarry_ws/install/motoman_gp4_support/share/motoman_gp4_support/meshes/gp4/collision/link_3_u.stl
[0.218s] -- Up-to-date symlink: /home/duy/cocarry_ws/install/motoman_gp4_support/share/motoman_gp4_support/meshes/gp4/collision/link_4_r.stl
[0.219s] -- Up-to-date symlink: /home/duy/cocarry_ws/install/motoman_gp4_support/share/motoman_gp4_support/meshes/gp4/collision/link_5_b.stl
[0.219s] -- Up-to-date symlink: /home/duy/cocarry_ws/install/motoman_gp4_support/share/motoman_gp4_support/meshes/gp4/collision/link_6_t.stl
[0.219s] -- Up-to-date symlink: /home/duy/cocarry_ws/install/motoman_gp4_support/share/motoman_gp4_support/meshes/gp4/visual/base_link.dae
[0.220s] -- Up-to-date symlink: /home/duy/cocarry_ws/install/motoman_gp4_support/share/motoman_gp4_support/meshes/gp4/visual/link_1_s.dae
[0.220s] -- Up-to-date symlink: /home/duy/cocarry_ws/install/motoman_gp4_support/share/motoman_gp4_support/meshes/gp4/visual/link_2_l.dae
[0.220s] -- Up-to-date symlink: /home/duy/cocarry_ws/install/motoman_gp4_support/share/motoman_gp4_support/meshes/gp4/visual/link_3_u.dae
[0.220s] -- Up-to-date symlink: /home/duy/cocarry_ws/install/motoman_gp4_support/share/motoman_gp4_support/meshes/gp4/visual/link_4_r.dae
[0.220s] -- Up-to-date symlink: /home/duy/cocarry_ws/install/motoman_gp4_support/share/motoman_gp4_support/meshes/gp4/visual/link_5_b.dae
[0.220s] -- Up-to-date symlink: /home/duy/cocarry_ws/install/motoman_gp4_support/share/motoman_gp4_support/meshes/gp4/visual/link_6_t.dae
[0.220s] -- Up-to-date symlink: /home/duy/cocarry_ws/install/motoman_gp4_support/share/motoman_gp4_support/urdf/gp4.urdf
[0.220s] -- Up-to-date symlink: /home/duy/cocarry_ws/install/motoman_gp4_support/share/motoman_gp4_support/urdf/gp4.xacro
[0.220s] -- Up-to-date symlink: /home/duy/cocarry_ws/install/motoman_gp4_support/share/motoman_gp4_support/urdf/gp4_macro.xacro
[0.225s] Invoked command in '/home/duy/cocarry_ws/build/motoman_gp4_support' returned '0': CMAKE_PREFIX_PATH=/home/duy/cocarry_ws/install/motoman_resources:/home/duy/cocarry_ws/install/hrc_bringup:/home/duy/cocarry_ws/install/trac_ik:/home/duy/cocarry_ws/install/trac_ik_kinematics:/home/duy/cocarry_ws/install/trac_ik_lib:/home/duy/cocarry_ws/install/motoros2_client_interface_dependencies:/home/duy/cocarry_ws/install/hc10dtp_simulation:/home/duy/cocarry_ws/install/motoros2_interfaces:/home/duy/cocarry_ws/install/hc10dtp_bringup:/home/duy/cocarry_ws/install/hc10dtp_moveit_config:/home/duy/cocarry_ws/install/motoman_hc10dtp_support:/home/duy/cocarry_ws/install/motoman_gp4_support:/home/duy/cocarry_ws/install/libfreenect2:/home/duy/cocarry_ws/install/kinect2_calibration:/home/duy/cocarry_ws/install/kinect2_bridge:/home/duy/cocarry_ws/install/kinect2_registration:/home/duy/cocarry_ws/install/industrial_msgs:/home/duy/cocarry_ws/install/trajectory_predictor:/home/duy/cocarry_ws/install/realsense_tracker:/home/duy/cocarry_ws/install/predictor_ui:/home/duy/cocarry_ws/install/experiment_logger:/home/duy/cocarry_ws/install/coord_transform:/opt/ros/humble:/home/duy/cocarry_ws/install/human_hand_msgs /usr/bin/cmake --install /home/duy/cocarry_ws/build/motoman_gp4_support
