[0.423s] Invoking command in '/home/hungnb/cocarry_ws/build/trajectory_predictor': CMAKE_PREFIX_PATH=/home/hungnb/cocarry_ws/install/human_hand_msgs LD_LIBRARY_PATH=/home/hungnb/cocarry_ws/install/human_hand_msgs/lib:${LD_LIBRARY_PATH} PKG_CONFIG_PATH=/home/hungnb/cocarry_ws/install/human_hand_msgs/lib/x86_64-linux-gnu/pkgconfig:/home/hungnb/cocarry_ws/install/human_hand_msgs/lib/pkgconfig PYTHONPATH=/home/hungnb/cocarry_ws/build/trajectory_predictor/prefix_override:/home/hungnb/.local/lib/python3.10/site-packages/colcon_core/task/python/colcon_distutils_commands:/home/hungnb/cocarry_ws/install/trajectory_predictor/lib/python3.10/site-packages:/home/hungnb/cocarry_ws/install/human_hand_msgs/local/lib/python3.10/dist-packages:${PYTHONPATH} ROS_PACKAGE_PATH=/home/hungnb/cocarry_ws/install/human_hand_msgs/share /usr/bin/python3 -W ignore:setup.py install is deprecated -W ignore:easy_install command is deprecated setup.py develop --uninstall --editable --build-directory /home/hungnb/cocarry_ws/build/trajectory_predictor/build
[0.587s] running develop
[0.679s] Removing /home/hungnb/cocarry_ws/install/trajectory_predictor/lib/python3.10/site-packages/trajectory-predictor.egg-link (link to .)
[0.702s] Invoked command in '/home/hungnb/cocarry_ws/build/trajectory_predictor' returned '0': CMAKE_PREFIX_PATH=/home/hungnb/cocarry_ws/install/human_hand_msgs LD_LIBRARY_PATH=/home/hungnb/cocarry_ws/install/human_hand_msgs/lib:${LD_LIBRARY_PATH} PKG_CONFIG_PATH=/home/hungnb/cocarry_ws/install/human_hand_msgs/lib/x86_64-linux-gnu/pkgconfig:/home/hungnb/cocarry_ws/install/human_hand_msgs/lib/pkgconfig PYTHONPATH=/home/hungnb/cocarry_ws/build/trajectory_predictor/prefix_override:/home/hungnb/.local/lib/python3.10/site-packages/colcon_core/task/python/colcon_distutils_commands:/home/hungnb/cocarry_ws/install/trajectory_predictor/lib/python3.10/site-packages:/home/hungnb/cocarry_ws/install/human_hand_msgs/local/lib/python3.10/dist-packages:${PYTHONPATH} ROS_PACKAGE_PATH=/home/hungnb/cocarry_ws/install/human_hand_msgs/share /usr/bin/python3 -W ignore:setup.py install is deprecated -W ignore:easy_install command is deprecated setup.py develop --uninstall --editable --build-directory /home/hungnb/cocarry_ws/build/trajectory_predictor/build
[0.704s] Invoking command in '/home/hungnb/cocarry_ws/src/trajectory_predictor': CMAKE_PREFIX_PATH=/home/hungnb/cocarry_ws/install/human_hand_msgs LD_LIBRARY_PATH=/home/hungnb/cocarry_ws/install/human_hand_msgs/lib:${LD_LIBRARY_PATH} PKG_CONFIG_PATH=/home/hungnb/cocarry_ws/install/human_hand_msgs/lib/x86_64-linux-gnu/pkgconfig:/home/hungnb/cocarry_ws/install/human_hand_msgs/lib/pkgconfig PYTHONPATH=/home/hungnb/cocarry_ws/build/trajectory_predictor/prefix_override:/home/hungnb/.local/lib/python3.10/site-packages/colcon_core/task/python/colcon_distutils_commands:/home/hungnb/cocarry_ws/install/trajectory_predictor/lib/python3.10/site-packages:/home/hungnb/cocarry_ws/install/human_hand_msgs/local/lib/python3.10/dist-packages:${PYTHONPATH} ROS_PACKAGE_PATH=/home/hungnb/cocarry_ws/install/human_hand_msgs/share /usr/bin/python3 -W ignore:setup.py install is deprecated -W ignore:easy_install command is deprecated setup.py egg_info --egg-base ../../build/trajectory_predictor build --build-base /home/hungnb/cocarry_ws/build/trajectory_predictor/build install --record /home/hungnb/cocarry_ws/build/trajectory_predictor/install.log --install-scripts $base/lib/trajectory_predictor --single-version-externally-managed install_data --force
[0.848s] running egg_info
[0.848s] writing ../../build/trajectory_predictor/trajectory_predictor.egg-info/PKG-INFO
[0.848s] writing dependency_links to ../../build/trajectory_predictor/trajectory_predictor.egg-info/dependency_links.txt
[0.848s] writing entry points to ../../build/trajectory_predictor/trajectory_predictor.egg-info/entry_points.txt
[0.848s] writing requirements to ../../build/trajectory_predictor/trajectory_predictor.egg-info/requires.txt
[0.848s] writing top-level names to ../../build/trajectory_predictor/trajectory_predictor.egg-info/top_level.txt
[0.850s] reading manifest file '../../build/trajectory_predictor/trajectory_predictor.egg-info/SOURCES.txt'
[0.850s] writing manifest file '../../build/trajectory_predictor/trajectory_predictor.egg-info/SOURCES.txt'
[0.850s] running build
[0.850s] running build_py
[0.850s] copying trajectory_predictor/predictor_node.py -> /home/hungnb/cocarry_ws/build/trajectory_predictor/build/lib/trajectory_predictor
[0.851s] running install
[0.851s] running install_lib
[0.851s] creating /home/hungnb/cocarry_ws/install/trajectory_predictor/lib/python3.10/site-packages/trajectory_predictor
[0.851s] copying /home/hungnb/cocarry_ws/build/trajectory_predictor/build/lib/trajectory_predictor/__init__.py -> /home/hungnb/cocarry_ws/install/trajectory_predictor/lib/python3.10/site-packages/trajectory_predictor
[0.851s] copying /home/hungnb/cocarry_ws/build/trajectory_predictor/build/lib/trajectory_predictor/inference_worker.py -> /home/hungnb/cocarry_ws/install/trajectory_predictor/lib/python3.10/site-packages/trajectory_predictor
[0.851s] copying /home/hungnb/cocarry_ws/build/trajectory_predictor/build/lib/trajectory_predictor/predictor_node.py -> /home/hungnb/cocarry_ws/install/trajectory_predictor/lib/python3.10/site-packages/trajectory_predictor
[0.851s] copying /home/hungnb/cocarry_ws/build/trajectory_predictor/build/lib/trajectory_predictor/hybrid_math.py -> /home/hungnb/cocarry_ws/install/trajectory_predictor/lib/python3.10/site-packages/trajectory_predictor
[0.851s] copying /home/hungnb/cocarry_ws/build/trajectory_predictor/build/lib/trajectory_predictor/model_manager.py -> /home/hungnb/cocarry_ws/install/trajectory_predictor/lib/python3.10/site-packages/trajectory_predictor
[0.852s] byte-compiling /home/hungnb/cocarry_ws/install/trajectory_predictor/lib/python3.10/site-packages/trajectory_predictor/__init__.py to __init__.cpython-310.pyc
[0.852s] byte-compiling /home/hungnb/cocarry_ws/install/trajectory_predictor/lib/python3.10/site-packages/trajectory_predictor/inference_worker.py to inference_worker.cpython-310.pyc
[0.854s] byte-compiling /home/hungnb/cocarry_ws/install/trajectory_predictor/lib/python3.10/site-packages/trajectory_predictor/predictor_node.py to predictor_node.cpython-310.pyc
[0.858s] byte-compiling /home/hungnb/cocarry_ws/install/trajectory_predictor/lib/python3.10/site-packages/trajectory_predictor/hybrid_math.py to hybrid_math.cpython-310.pyc
[0.858s] byte-compiling /home/hungnb/cocarry_ws/install/trajectory_predictor/lib/python3.10/site-packages/trajectory_predictor/model_manager.py to model_manager.cpython-310.pyc
[0.858s] running install_data
[0.858s] copying resource/trajectory_predictor -> /home/hungnb/cocarry_ws/install/trajectory_predictor/share/ament_index/resource_index/packages
[0.858s] copying package.xml -> /home/hungnb/cocarry_ws/install/trajectory_predictor/share/trajectory_predictor
[0.858s] copying config/predictor_params.yaml -> /home/hungnb/cocarry_ws/install/trajectory_predictor/share/trajectory_predictor/config
[0.858s] running install_egg_info
[0.860s] Copying ../../build/trajectory_predictor/trajectory_predictor.egg-info to /home/hungnb/cocarry_ws/install/trajectory_predictor/lib/python3.10/site-packages/trajectory_predictor-0.1.0-py3.10.egg-info
[0.860s] running install_scripts
[0.874s] Installing predictor_node script to /home/hungnb/cocarry_ws/install/trajectory_predictor/lib/trajectory_predictor
[0.874s] writing list of installed files to '/home/hungnb/cocarry_ws/build/trajectory_predictor/install.log'
[0.898s] Invoked command in '/home/hungnb/cocarry_ws/src/trajectory_predictor' returned '0': CMAKE_PREFIX_PATH=/home/hungnb/cocarry_ws/install/human_hand_msgs LD_LIBRARY_PATH=/home/hungnb/cocarry_ws/install/human_hand_msgs/lib:${LD_LIBRARY_PATH} PKG_CONFIG_PATH=/home/hungnb/cocarry_ws/install/human_hand_msgs/lib/x86_64-linux-gnu/pkgconfig:/home/hungnb/cocarry_ws/install/human_hand_msgs/lib/pkgconfig PYTHONPATH=/home/hungnb/cocarry_ws/build/trajectory_predictor/prefix_override:/home/hungnb/.local/lib/python3.10/site-packages/colcon_core/task/python/colcon_distutils_commands:/home/hungnb/cocarry_ws/install/trajectory_predictor/lib/python3.10/site-packages:/home/hungnb/cocarry_ws/install/human_hand_msgs/local/lib/python3.10/dist-packages:${PYTHONPATH} ROS_PACKAGE_PATH=/home/hungnb/cocarry_ws/install/human_hand_msgs/share /usr/bin/python3 -W ignore:setup.py install is deprecated -W ignore:easy_install command is deprecated setup.py egg_info --egg-base ../../build/trajectory_predictor build --build-base /home/hungnb/cocarry_ws/build/trajectory_predictor/build install --record /home/hungnb/cocarry_ws/build/trajectory_predictor/install.log --install-scripts $base/lib/trajectory_predictor --single-version-externally-managed install_data --force
