[0.015s] Invoking command in '/home/hungnb/cocarry_ws/build/motoros2_interfaces': CMAKE_PREFIX_PATH=/opt/ros/humble /usr/bin/cmake /home/hungnb/cocarry_ws/src/motoros2_interfaces -DCMAKE_INSTALL_PREFIX=/home/hungnb/cocarry_ws/install/motoros2_interfaces
[0.024s] -- Found ament_cmake: 1.3.14 (/opt/ros/humble/share/ament_cmake/cmake)
[0.121s] -- Override CMake install command with custom implementation using symlinks instead of copying resources
[0.134s] -- Found builtin_interfaces: 1.2.3 (/opt/ros/humble/share/builtin_interfaces/cmake)
[0.156s] -- Found rosidl_generator_c: 3.1.9 (/opt/ros/humble/share/rosidl_generator_c/cmake)
[0.158s] -- Found rosidl_adapter: 3.1.9 (/opt/ros/humble/share/rosidl_adapter/cmake)
[0.163s] -- Found rosidl_generator_cpp: 3.1.9 (/opt/ros/humble/share/rosidl_generator_cpp/cmake)
[0.171s] -- Using all available rosidl_typesupport_c: rosidl_typesupport_fastrtps_c;rosidl_typesupport_introspection_c
[0.180s] -- Using all available rosidl_typesupport_cpp: rosidl_typesupport_fastrtps_cpp;rosidl_typesupport_introspection_cpp
[0.187s] -- Found rosidl_default_generators: 1.2.1 (/opt/ros/humble/share/rosidl_default_generators/cmake)
[0.196s] -- Found trajectory_msgs: 4.9.1 (/opt/ros/humble/share/trajectory_msgs/cmake)
[0.234s] -- Found ament_lint_auto: 0.12.15 (/opt/ros/humble/share/ament_lint_auto/cmake)
[0.785s] -- Found ament_cmake_ros: 0.10.0 (/opt/ros/humble/share/ament_cmake_ros/cmake)
[1.187s] -- Using all available rosidl_typesupport_c: rosidl_typesupport_fastrtps_c;rosidl_typesupport_introspection_c
[1.433s] -- Using all available rosidl_typesupport_cpp: rosidl_typesupport_fastrtps_cpp;rosidl_typesupport_introspection_cpp
[1.464s] -- Found python_cmake_module: 0.10.0 (/opt/ros/humble/share/python_cmake_module/cmake)
[1.485s] -- Using PYTHON_EXECUTABLE: /usr/bin/python3
[1.485s] -- Using PYTHON_INCLUDE_DIRS: /usr/include/python3.10
[1.485s] -- Using PYTHON_LIBRARIES: /usr/lib/x86_64-linux-gnu/libpython3.10.so
[1.607s] -- Added test 'copyright' to check source files copyright and LICENSE
[1.616s] -- Added test 'lint_cmake' to check CMake code style
[1.624s] -- Added test 'xmllint' to check XML markup files
[1.626s] -- Configuring done
[1.711s] -- Generating done
[1.730s] -- Build files have been written to: /home/hungnb/cocarry_ws/build/motoros2_interfaces
[1.783s] Invoked command in '/home/hungnb/cocarry_ws/build/motoros2_interfaces' returned '0': CMAKE_PREFIX_PATH=/opt/ros/humble /usr/bin/cmake /home/hungnb/cocarry_ws/src/motoros2_interfaces -DCMAKE_INSTALL_PREFIX=/home/hungnb/cocarry_ws/install/motoros2_interfaces
[1.787s] Invoking command in '/home/hungnb/cocarry_ws/build/motoros2_interfaces': CMAKE_PREFIX_PATH=/opt/ros/humble /usr/bin/cmake --build /home/hungnb/cocarry_ws/build/motoros2_interfaces -- -j16 -l16
[1.858s] [35m[1mConsolidate compiler generated dependencies of target motoros2_interfaces__rosidl_generator_c[0m
[1.876s] [  1%] Built target motoros2_interfaces__rs
[1.888s] [ 13%] Built target motoros2_interfaces__rosidl_generator_c
[1.895s] [ 13%] Built target motoros2_interfaces__cpp
[1.895s] [ 13%] Built target ament_cmake_python_symlink_motoros2_interfaces
[1.917s] [35m[1mConsolidate compiler generated dependencies of target motoros2_interfaces__rosidl_typesupport_fastrtps_c[0m
[1.923s] [35m[1mConsolidate compiler generated dependencies of target motoros2_interfaces__rosidl_typesupport_introspection_c[0m
[1.923s] [35m[1mConsolidate compiler generated dependencies of target motoros2_interfaces__rosidl_typesupport_c[0m
[1.927s] [35m[1mConsolidate compiler generated dependencies of target motoros2_interfaces__rosidl_typesupport_fastrtps_cpp[0m
[1.944s] [35m[1mConsolidate compiler generated dependencies of target motoros2_interfaces__rosidl_typesupport_introspection_cpp[0m
[1.945s] [35m[1mConsolidate compiler generated dependencies of target motoros2_interfaces__rosidl_typesupport_cpp[0m
[1.979s] [ 25%] Built target motoros2_interfaces__rosidl_typesupport_c
[1.979s] [ 37%] Built target motoros2_interfaces__rosidl_typesupport_introspection_c
[1.982s] [ 49%] Built target motoros2_interfaces__rosidl_typesupport_introspection_cpp
[1.986s] [ 61%] Built target motoros2_interfaces__rosidl_typesupport_fastrtps_c
[1.989s] [ 73%] Built target motoros2_interfaces__rosidl_typesupport_fastrtps_cpp
[2.007s] [ 85%] Built target motoros2_interfaces__rosidl_typesupport_cpp
[2.037s] [ 85%] Built target motoros2_interfaces
[2.075s] [ 86%] Built target motoros2_interfaces__py
[2.099s] [35m[1mConsolidate compiler generated dependencies of target motoros2_interfaces__rosidl_generator_py[0m
[2.137s] [ 97%] Built target motoros2_interfaces__rosidl_generator_py
[2.142s] [35m[1mConsolidate compiler generated dependencies of target motoros2_interfaces__rosidl_typesupport_fastrtps_c__pyext[0m
[2.142s] [35m[1mConsolidate compiler generated dependencies of target motoros2_interfaces__rosidl_typesupport_introspection_c__pyext[0m
[2.142s] [35m[1mConsolidate compiler generated dependencies of target motoros2_interfaces__rosidl_typesupport_c__pyext[0m
[2.151s] [ 98%] Built target motoros2_interfaces__rosidl_typesupport_fastrtps_c__pyext
[2.151s] [ 99%] Built target motoros2_interfaces__rosidl_typesupport_introspection_c__pyext
[2.151s] [100%] Built target motoros2_interfaces__rosidl_typesupport_c__pyext
[2.189s] running egg_info
[2.191s] writing motoros2_interfaces.egg-info/PKG-INFO
[2.191s] writing dependency_links to motoros2_interfaces.egg-info/dependency_links.txt
[2.191s] writing top-level names to motoros2_interfaces.egg-info/top_level.txt
[2.195s] reading manifest file 'motoros2_interfaces.egg-info/SOURCES.txt'
[2.195s] writing manifest file 'motoros2_interfaces.egg-info/SOURCES.txt'
[2.221s] [100%] Built target ament_cmake_python_build_motoros2_interfaces_egg
[2.789s] Invoked command in '/home/hungnb/cocarry_ws/build/motoros2_interfaces' returned '0': CMAKE_PREFIX_PATH=/opt/ros/humble /usr/bin/cmake --build /home/hungnb/cocarry_ws/build/motoros2_interfaces -- -j16 -l16
[2.790s] Invoking command in '/home/hungnb/cocarry_ws/build/motoros2_interfaces': CMAKE_PREFIX_PATH=/opt/ros/humble /usr/bin/cmake --install /home/hungnb/cocarry_ws/build/motoros2_interfaces
[3.032s] -- Install configuration: ""
[3.032s] -- Execute custom install script
[3.032s] -- Up-to-date symlink: /home/hungnb/cocarry_ws/install/motoros2_interfaces/share/ament_index/resource_index/rosidl_interfaces/motoros2_interfaces
[3.032s] -- Up-to-date symlink: /home/hungnb/cocarry_ws/install/motoros2_interfaces/include/motoros2_interfaces/motoros2_interfaces/msg/alarm_cause_remedy.h
[3.032s] -- Up-to-date symlink: /home/hungnb/cocarry_ws/install/motoros2_interfaces/include/motoros2_interfaces/motoros2_interfaces/msg/alarm_info.h
[3.032s] -- Up-to-date symlink: /home/hungnb/cocarry_ws/install/motoros2_interfaces/include/motoros2_interfaces/motoros2_interfaces/msg/detail/alarm_cause_remedy__functions.h
[3.032s] -- Up-to-date symlink: /home/hungnb/cocarry_ws/install/motoros2_interfaces/include/motoros2_interfaces/motoros2_interfaces/msg/detail/alarm_cause_remedy__struct.h
[3.032s] -- Up-to-date symlink: /home/hungnb/cocarry_ws/install/motoros2_interfaces/include/motoros2_interfaces/motoros2_interfaces/msg/detail/alarm_cause_remedy__type_support.h
[3.032s] -- Up-to-date symlink: /home/hungnb/cocarry_ws/install/motoros2_interfaces/include/motoros2_interfaces/motoros2_interfaces/msg/detail/alarm_info__functions.h
[3.032s] -- Up-to-date symlink: /home/hungnb/cocarry_ws/install/motoros2_interfaces/include/motoros2_interfaces/motoros2_interfaces/msg/detail/alarm_info__struct.h
[3.032s] -- Up-to-date symlink: /home/hungnb/cocarry_ws/install/motoros2_interfaces/include/motoros2_interfaces/motoros2_interfaces/msg/detail/alarm_info__type_support.h
[3.032s] -- Up-to-date symlink: /home/hungnb/cocarry_ws/install/motoros2_interfaces/include/motoros2_interfaces/motoros2_interfaces/msg/detail/error_info__functions.h
[3.032s] -- Up-to-date symlink: /home/hungnb/cocarry_ws/install/motoros2_interfaces/include/motoros2_interfaces/motoros2_interfaces/msg/detail/error_info__struct.h
[3.032s] -- Up-to-date symlink: /home/hungnb/cocarry_ws/install/motoros2_interfaces/include/motoros2_interfaces/motoros2_interfaces/msg/detail/error_info__type_support.h
[3.033s] -- Up-to-date symlink: /home/hungnb/cocarry_ws/install/motoros2_interfaces/include/motoros2_interfaces/motoros2_interfaces/msg/detail/inform_job_crud_result_codes__functions.h
[3.033s] -- Up-to-date symlink: /home/hungnb/cocarry_ws/install/motoros2_interfaces/include/motoros2_interfaces/motoros2_interfaces/msg/detail/inform_job_crud_result_codes__struct.h
[3.033s] -- Up-to-date symlink: /home/hungnb/cocarry_ws/install/motoros2_interfaces/include/motoros2_interfaces/motoros2_interfaces/msg/detail/inform_job_crud_result_codes__type_support.h
[3.033s] -- Up-to-date symlink: /home/hungnb/cocarry_ws/install/motoros2_interfaces/include/motoros2_interfaces/motoros2_interfaces/msg/detail/init_traj_enum__functions.h
[3.033s] -- Up-to-date symlink: /home/hungnb/cocarry_ws/install/motoros2_interfaces/include/motoros2_interfaces/motoros2_interfaces/msg/detail/init_traj_enum__struct.h
[3.033s] -- Up-to-date symlink: /home/hungnb/cocarry_ws/install/motoros2_interfaces/include/motoros2_interfaces/motoros2_interfaces/msg/detail/init_traj_enum__type_support.h
[3.033s] -- Up-to-date symlink: /home/hungnb/cocarry_ws/install/motoros2_interfaces/include/motoros2_interfaces/motoros2_interfaces/msg/detail/io_result_codes__functions.h
[3.034s] -- Up-to-date symlink: /home/hungnb/cocarry_ws/install/motoros2_interfaces/include/motoros2_interfaces/motoros2_interfaces/msg/detail/io_result_codes__struct.h
[3.034s] -- Up-to-date symlink: /home/hungnb/cocarry_ws/install/motoros2_interfaces/include/motoros2_interfaces/motoros2_interfaces/msg/detail/io_result_codes__type_support.h
[3.034s] -- Up-to-date symlink: /home/hungnb/cocarry_ws/install/motoros2_interfaces/include/motoros2_interfaces/motoros2_interfaces/msg/detail/motion_ready_enum__functions.h
[3.036s] -- Up-to-date symlink: /home/hungnb/cocarry_ws/install/motoros2_interfaces/include/motoros2_interfaces/motoros2_interfaces/msg/detail/motion_ready_enum__struct.h
[3.037s] -- Up-to-date symlink: /home/hungnb/cocarry_ws/install/motoros2_interfaces/include/motoros2_interfaces/motoros2_interfaces/msg/detail/motion_ready_enum__type_support.h
[3.037s] -- Up-to-date symlink: /home/hungnb/cocarry_ws/install/motoros2_interfaces/include/motoros2_interfaces/motoros2_interfaces/msg/detail/queue_result_enum__functions.h
[3.037s] -- Up-to-date symlink: /home/hungnb/cocarry_ws/install/motoros2_interfaces/include/motoros2_interfaces/motoros2_interfaces/msg/detail/queue_result_enum__struct.h
[3.038s] -- Up-to-date symlink: /home/hungnb/cocarry_ws/install/motoros2_interfaces/include/motoros2_interfaces/motoros2_interfaces/msg/detail/queue_result_enum__type_support.h
[3.038s] -- Up-to-date symlink: /home/hungnb/cocarry_ws/install/motoros2_interfaces/include/motoros2_interfaces/motoros2_interfaces/msg/detail/selection_result_codes__functions.h
[3.038s] -- Up-to-date symlink: /home/hungnb/cocarry_ws/install/motoros2_interfaces/include/motoros2_interfaces/motoros2_interfaces/msg/detail/selection_result_codes__struct.h
[3.038s] -- Up-to-date symlink: /home/hungnb/cocarry_ws/install/motoros2_interfaces/include/motoros2_interfaces/motoros2_interfaces/msg/detail/selection_result_codes__type_support.h
[3.038s] -- Up-to-date symlink: /home/hungnb/cocarry_ws/install/motoros2_interfaces/include/motoros2_interfaces/motoros2_interfaces/msg/error_info.h
[3.038s] -- Up-to-date symlink: /home/hungnb/cocarry_ws/install/motoros2_interfaces/include/motoros2_interfaces/motoros2_interfaces/msg/inform_job_crud_result_codes.h
[3.039s] -- Up-to-date symlink: /home/hungnb/cocarry_ws/install/motoros2_interfaces/include/motoros2_interfaces/motoros2_interfaces/msg/init_traj_enum.h
[3.039s] -- Up-to-date symlink: /home/hungnb/cocarry_ws/install/motoros2_interfaces/include/motoros2_interfaces/motoros2_interfaces/msg/io_result_codes.h
[3.039s] -- Up-to-date symlink: /home/hungnb/cocarry_ws/install/motoros2_interfaces/include/motoros2_interfaces/motoros2_interfaces/msg/motion_ready_enum.h
[3.039s] -- Up-to-date symlink: /home/hungnb/cocarry_ws/install/motoros2_interfaces/include/motoros2_interfaces/motoros2_interfaces/msg/queue_result_enum.h
[3.039s] -- Up-to-date symlink: /home/hungnb/cocarry_ws/install/motoros2_interfaces/include/motoros2_interfaces/motoros2_interfaces/msg/rosidl_generator_c__visibility_control.h
[3.039s] -- Up-to-date symlink: /home/hungnb/cocarry_ws/install/motoros2_interfaces/include/motoros2_interfaces/motoros2_interfaces/msg/selection_result_codes.h
[3.039s] -- Up-to-date symlink: /home/hungnb/cocarry_ws/install/motoros2_interfaces/include/motoros2_interfaces/motoros2_interfaces/srv/detail/get_active_alarm_info__functions.h
[3.039s] -- Up-to-date symlink: /home/hungnb/cocarry_ws/install/motoros2_interfaces/include/motoros2_interfaces/motoros2_interfaces/srv/detail/get_active_alarm_info__struct.h
[3.039s] -- Up-to-date symlink: /home/hungnb/cocarry_ws/install/motoros2_interfaces/include/motoros2_interfaces/motoros2_interfaces/srv/detail/get_active_alarm_info__type_support.h
[3.039s] -- Up-to-date symlink: /home/hungnb/cocarry_ws/install/motoros2_interfaces/include/motoros2_interfaces/motoros2_interfaces/srv/detail/list_inform_jobs__functions.h
[3.039s] -- Up-to-date symlink: /home/hungnb/cocarry_ws/install/motoros2_interfaces/include/motoros2_interfaces/motoros2_interfaces/srv/detail/list_inform_jobs__struct.h
[3.039s] -- Up-to-date symlink: /home/hungnb/cocarry_ws/install/motoros2_interfaces/include/motoros2_interfaces/motoros2_interfaces/srv/detail/list_inform_jobs__type_support.h
[3.039s] -- Up-to-date symlink: /home/hungnb/cocarry_ws/install/motoros2_interfaces/include/motoros2_interfaces/motoros2_interfaces/srv/detail/queue_traj_point__functions.h
[3.039s] -- Up-to-date symlink: /home/hungnb/cocarry_ws/install/motoros2_interfaces/include/motoros2_interfaces/motoros2_interfaces/srv/detail/queue_traj_point__struct.h
[3.039s] -- Up-to-date symlink: /home/hungnb/cocarry_ws/install/motoros2_interfaces/include/motoros2_interfaces/motoros2_interfaces/srv/detail/queue_traj_point__type_support.h
[3.039s] -- Up-to-date symlink: /home/hungnb/cocarry_ws/install/motoros2_interfaces/include/motoros2_interfaces/motoros2_interfaces/srv/detail/read_group_io__functions.h
[3.039s] -- Up-to-date symlink: /home/hungnb/cocarry_ws/install/motoros2_interfaces/include/motoros2_interfaces/motoros2_interfaces/srv/detail/read_group_io__struct.h
[3.040s] -- Up-to-date symlink: /home/hungnb/cocarry_ws/install/motoros2_interfaces/include/motoros2_interfaces/motoros2_interfaces/srv/detail/read_group_io__type_support.h
[3.040s] -- Up-to-date symlink: /home/hungnb/cocarry_ws/install/motoros2_interfaces/include/motoros2_interfaces/motoros2_interfaces/srv/detail/read_m_register__functions.h
[3.040s] -- Up-to-date symlink: /home/hungnb/cocarry_ws/install/motoros2_interfaces/include/motoros2_interfaces/motoros2_interfaces/srv/detail/read_m_register__struct.h
[3.040s] -- Up-to-date symlink: /home/hungnb/cocarry_ws/install/motoros2_interfaces/include/motoros2_interfaces/motoros2_interfaces/srv/detail/read_m_register__type_support.h
[3.040s] -- Up-to-date symlink: /home/hungnb/cocarry_ws/install/motoros2_interfaces/include/motoros2_interfaces/motoros2_interfaces/srv/detail/read_single_io__functions.h
[3.040s] -- Up-to-date symlink: /home/hungnb/cocarry_ws/install/motoros2_interfaces/include/motoros2_interfaces/motoros2_interfaces/srv/detail/read_single_io__struct.h
[3.040s] -- Up-to-date symlink: /home/hungnb/cocarry_ws/install/motoros2_interfaces/include/motoros2_interfaces/motoros2_interfaces/srv/detail/read_single_io__type_support.h
[3.040s] -- Up-to-date symlink: /home/hungnb/cocarry_ws/install/motoros2_interfaces/include/motoros2_interfaces/motoros2_interfaces/srv/detail/reset_error__functions.h
[3.040s] -- Up-to-date symlink: /home/hungnb/cocarry_ws/install/motoros2_interfaces/include/motoros2_interfaces/motoros2_interfaces/srv/detail/reset_error__struct.h
[3.040s] -- Up-to-date symlink: /home/hungnb/cocarry_ws/install/motoros2_interfaces/include/motoros2_interfaces/motoros2_interfaces/srv/detail/reset_error__type_support.h
[3.040s] -- Up-to-date symlink: /home/hungnb/cocarry_ws/install/motoros2_interfaces/include/motoros2_interfaces/motoros2_interfaces/srv/detail/select_motion_tool__functions.h
[3.040s] -- Up-to-date symlink: /home/hungnb/cocarry_ws/install/motoros2_interfaces/include/motoros2_interfaces/motoros2_interfaces/srv/detail/select_motion_tool__struct.h
[3.040s] -- Up-to-date symlink: /home/hungnb/cocarry_ws/install/motoros2_interfaces/include/motoros2_interfaces/motoros2_interfaces/srv/detail/select_motion_tool__type_support.h
[3.040s] -- Up-to-date symlink: /home/hungnb/cocarry_ws/install/motoros2_interfaces/include/motoros2_interfaces/motoros2_interfaces/srv/detail/start_point_queue_mode__functions.h
[3.040s] -- Up-to-date symlink: /home/hungnb/cocarry_ws/install/motoros2_interfaces/include/motoros2_interfaces/motoros2_interfaces/srv/detail/start_point_queue_mode__struct.h
[3.040s] -- Up-to-date symlink: /home/hungnb/cocarry_ws/install/motoros2_interfaces/include/motoros2_interfaces/motoros2_interfaces/srv/detail/start_point_queue_mode__type_support.h
[3.040s] -- Up-to-date symlink: /home/hungnb/cocarry_ws/install/motoros2_interfaces/include/motoros2_interfaces/motoros2_interfaces/srv/detail/start_traj_mode__functions.h
[3.040s] -- Up-to-date symlink: /home/hungnb/cocarry_ws/install/motoros2_interfaces/include/motoros2_interfaces/motoros2_interfaces/srv/detail/start_traj_mode__struct.h
[3.040s] -- Up-to-date symlink: /home/hungnb/cocarry_ws/install/motoros2_interfaces/include/motoros2_interfaces/motoros2_interfaces/srv/detail/start_traj_mode__type_support.h
[3.040s] -- Up-to-date symlink: /home/hungnb/cocarry_ws/install/motoros2_interfaces/include/motoros2_interfaces/motoros2_interfaces/srv/detail/write_group_io__functions.h
[3.040s] -- Up-to-date symlink: /home/hungnb/cocarry_ws/install/motoros2_interfaces/include/motoros2_interfaces/motoros2_interfaces/srv/detail/write_group_io__struct.h
[3.040s] -- Up-to-date symlink: /home/hungnb/cocarry_ws/install/motoros2_interfaces/include/motoros2_interfaces/motoros2_interfaces/srv/detail/write_group_io__type_support.h
[3.040s] -- Up-to-date symlink: /home/hungnb/cocarry_ws/install/motoros2_interfaces/include/motoros2_interfaces/motoros2_interfaces/srv/detail/write_m_register__functions.h
[3.040s] -- Up-to-date symlink: /home/hungnb/cocarry_ws/install/motoros2_interfaces/include/motoros2_interfaces/motoros2_interfaces/srv/detail/write_m_register__struct.h
[3.040s] -- Up-to-date symlink: /home/hungnb/cocarry_ws/install/motoros2_interfaces/include/motoros2_interfaces/motoros2_interfaces/srv/detail/write_m_register__type_support.h
[3.041s] -- Up-to-date symlink: /home/hungnb/cocarry_ws/install/motoros2_interfaces/include/motoros2_interfaces/motoros2_interfaces/srv/detail/write_single_io__functions.h
[3.041s] -- Up-to-date symlink: /home/hungnb/cocarry_ws/install/motoros2_interfaces/include/motoros2_interfaces/motoros2_interfaces/srv/detail/write_single_io__struct.h
[3.041s] -- Up-to-date symlink: /home/hungnb/cocarry_ws/install/motoros2_interfaces/include/motoros2_interfaces/motoros2_interfaces/srv/detail/write_single_io__type_support.h
[3.041s] -- Up-to-date symlink: /home/hungnb/cocarry_ws/install/motoros2_interfaces/include/motoros2_interfaces/motoros2_interfaces/srv/get_active_alarm_info.h
[3.041s] -- Up-to-date symlink: /home/hungnb/cocarry_ws/install/motoros2_interfaces/include/motoros2_interfaces/motoros2_interfaces/srv/list_inform_jobs.h
[3.041s] -- Up-to-date symlink: /home/hungnb/cocarry_ws/install/motoros2_interfaces/include/motoros2_interfaces/motoros2_interfaces/srv/queue_traj_point.h
[3.041s] -- Up-to-date symlink: /home/hungnb/cocarry_ws/install/motoros2_interfaces/include/motoros2_interfaces/motoros2_interfaces/srv/read_group_io.h
[3.041s] -- Up-to-date symlink: /home/hungnb/cocarry_ws/install/motoros2_interfaces/include/motoros2_interfaces/motoros2_interfaces/srv/read_m_register.h
[3.041s] -- Up-to-date symlink: /home/hungnb/cocarry_ws/install/motoros2_interfaces/include/motoros2_interfaces/motoros2_interfaces/srv/read_single_io.h
[3.041s] -- Up-to-date symlink: /home/hungnb/cocarry_ws/install/motoros2_interfaces/include/motoros2_interfaces/motoros2_interfaces/srv/reset_error.h
[3.041s] -- Up-to-date symlink: /home/hungnb/cocarry_ws/install/motoros2_interfaces/include/motoros2_interfaces/motoros2_interfaces/srv/select_motion_tool.h
[3.041s] -- Up-to-date symlink: /home/hungnb/cocarry_ws/install/motoros2_interfaces/include/motoros2_interfaces/motoros2_interfaces/srv/start_point_queue_mode.h
[3.041s] -- Up-to-date symlink: /home/hungnb/cocarry_ws/install/motoros2_interfaces/include/motoros2_interfaces/motoros2_interfaces/srv/start_traj_mode.h
[3.041s] -- Up-to-date symlink: /home/hungnb/cocarry_ws/install/motoros2_interfaces/include/motoros2_interfaces/motoros2_interfaces/srv/write_group_io.h
[3.042s] -- Up-to-date symlink: /home/hungnb/cocarry_ws/install/motoros2_interfaces/include/motoros2_interfaces/motoros2_interfaces/srv/write_m_register.h
[3.042s] -- Up-to-date symlink: /home/hungnb/cocarry_ws/install/motoros2_interfaces/include/motoros2_interfaces/motoros2_interfaces/srv/write_single_io.h
[3.042s] -- Up-to-date symlink: /home/hungnb/cocarry_ws/install/motoros2_interfaces/share/motoros2_interfaces/environment/library_path.sh
[3.042s] -- Up-to-date symlink: /home/hungnb/cocarry_ws/install/motoros2_interfaces/share/motoros2_interfaces/environment/library_path.dsv
[3.042s] -- Up-to-date symlink: /home/hungnb/cocarry_ws/install/motoros2_interfaces/include/motoros2_interfaces/motoros2_interfaces/msg/detail/alarm_cause_remedy__rosidl_typesupport_fastrtps_c.h
[3.042s] -- Up-to-date symlink: /home/hungnb/cocarry_ws/install/motoros2_interfaces/include/motoros2_interfaces/motoros2_interfaces/msg/detail/alarm_info__rosidl_typesupport_fastrtps_c.h
[3.042s] -- Up-to-date symlink: /home/hungnb/cocarry_ws/install/motoros2_interfaces/include/motoros2_interfaces/motoros2_interfaces/msg/detail/error_info__rosidl_typesupport_fastrtps_c.h
[3.042s] -- Up-to-date symlink: /home/hungnb/cocarry_ws/install/motoros2_interfaces/include/motoros2_interfaces/motoros2_interfaces/msg/detail/inform_job_crud_result_codes__rosidl_typesupport_fastrtps_c.h
[3.042s] -- Up-to-date symlink: /home/hungnb/cocarry_ws/install/motoros2_interfaces/include/motoros2_interfaces/motoros2_interfaces/msg/detail/init_traj_enum__rosidl_typesupport_fastrtps_c.h
[3.042s] -- Up-to-date symlink: /home/hungnb/cocarry_ws/install/motoros2_interfaces/include/motoros2_interfaces/motoros2_interfaces/msg/detail/io_result_codes__rosidl_typesupport_fastrtps_c.h
[3.042s] -- Up-to-date symlink: /home/hungnb/cocarry_ws/install/motoros2_interfaces/include/motoros2_interfaces/motoros2_interfaces/msg/detail/motion_ready_enum__rosidl_typesupport_fastrtps_c.h
[3.042s] -- Up-to-date symlink: /home/hungnb/cocarry_ws/install/motoros2_interfaces/include/motoros2_interfaces/motoros2_interfaces/msg/detail/queue_result_enum__rosidl_typesupport_fastrtps_c.h
[3.042s] -- Up-to-date symlink: /home/hungnb/cocarry_ws/install/motoros2_interfaces/include/motoros2_interfaces/motoros2_interfaces/msg/detail/selection_result_codes__rosidl_typesupport_fastrtps_c.h
[3.042s] -- Up-to-date symlink: /home/hungnb/cocarry_ws/install/motoros2_interfaces/include/motoros2_interfaces/motoros2_interfaces/msg/rosidl_typesupport_fastrtps_c__visibility_control.h
[3.042s] -- Up-to-date symlink: /home/hungnb/cocarry_ws/install/motoros2_interfaces/include/motoros2_interfaces/motoros2_interfaces/srv/detail/get_active_alarm_info__rosidl_typesupport_fastrtps_c.h
[3.042s] -- Up-to-date symlink: /home/hungnb/cocarry_ws/install/motoros2_interfaces/include/motoros2_interfaces/motoros2_interfaces/srv/detail/list_inform_jobs__rosidl_typesupport_fastrtps_c.h
[3.042s] -- Up-to-date symlink: /home/hungnb/cocarry_ws/install/motoros2_interfaces/include/motoros2_interfaces/motoros2_interfaces/srv/detail/queue_traj_point__rosidl_typesupport_fastrtps_c.h
[3.043s] -- Up-to-date symlink: /home/hungnb/cocarry_ws/install/motoros2_interfaces/include/motoros2_interfaces/motoros2_interfaces/srv/detail/read_group_io__rosidl_typesupport_fastrtps_c.h
[3.043s] -- Up-to-date symlink: /home/hungnb/cocarry_ws/install/motoros2_interfaces/include/motoros2_interfaces/motoros2_interfaces/srv/detail/read_m_register__rosidl_typesupport_fastrtps_c.h
[3.043s] -- Up-to-date symlink: /home/hungnb/cocarry_ws/install/motoros2_interfaces/include/motoros2_interfaces/motoros2_interfaces/srv/detail/read_single_io__rosidl_typesupport_fastrtps_c.h
[3.043s] -- Up-to-date symlink: /home/hungnb/cocarry_ws/install/motoros2_interfaces/include/motoros2_interfaces/motoros2_interfaces/srv/detail/reset_error__rosidl_typesupport_fastrtps_c.h
[3.043s] -- Up-to-date symlink: /home/hungnb/cocarry_ws/install/motoros2_interfaces/include/motoros2_interfaces/motoros2_interfaces/srv/detail/select_motion_tool__rosidl_typesupport_fastrtps_c.h
[3.043s] -- Up-to-date symlink: /home/hungnb/cocarry_ws/install/motoros2_interfaces/include/motoros2_interfaces/motoros2_interfaces/srv/detail/start_point_queue_mode__rosidl_typesupport_fastrtps_c.h
[3.043s] -- Up-to-date symlink: /home/hungnb/cocarry_ws/install/motoros2_interfaces/include/motoros2_interfaces/motoros2_interfaces/srv/detail/start_traj_mode__rosidl_typesupport_fastrtps_c.h
[3.043s] -- Up-to-date symlink: /home/hungnb/cocarry_ws/install/motoros2_interfaces/include/motoros2_interfaces/motoros2_interfaces/srv/detail/write_group_io__rosidl_typesupport_fastrtps_c.h
[3.043s] -- Up-to-date symlink: /home/hungnb/cocarry_ws/install/motoros2_interfaces/include/motoros2_interfaces/motoros2_interfaces/srv/detail/write_m_register__rosidl_typesupport_fastrtps_c.h
[3.043s] -- Up-to-date symlink: /home/hungnb/cocarry_ws/install/motoros2_interfaces/include/motoros2_interfaces/motoros2_interfaces/srv/detail/write_single_io__rosidl_typesupport_fastrtps_c.h
[3.043s] -- Up-to-date symlink: /home/hungnb/cocarry_ws/install/motoros2_interfaces/include/motoros2_interfaces/motoros2_interfaces/msg/alarm_cause_remedy.hpp
[3.043s] -- Up-to-date symlink: /home/hungnb/cocarry_ws/install/motoros2_interfaces/include/motoros2_interfaces/motoros2_interfaces/msg/alarm_info.hpp
[3.043s] -- Up-to-date symlink: /home/hungnb/cocarry_ws/install/motoros2_interfaces/include/motoros2_interfaces/motoros2_interfaces/msg/detail/alarm_cause_remedy__builder.hpp
[3.043s] -- Up-to-date symlink: /home/hungnb/cocarry_ws/install/motoros2_interfaces/include/motoros2_interfaces/motoros2_interfaces/msg/detail/alarm_cause_remedy__struct.hpp
[3.043s] -- Up-to-date symlink: /home/hungnb/cocarry_ws/install/motoros2_interfaces/include/motoros2_interfaces/motoros2_interfaces/msg/detail/alarm_cause_remedy__traits.hpp
[3.043s] -- Up-to-date symlink: /home/hungnb/cocarry_ws/install/motoros2_interfaces/include/motoros2_interfaces/motoros2_interfaces/msg/detail/alarm_cause_remedy__type_support.hpp
[3.043s] -- Up-to-date symlink: /home/hungnb/cocarry_ws/install/motoros2_interfaces/include/motoros2_interfaces/motoros2_interfaces/msg/detail/alarm_info__builder.hpp
[3.043s] -- Up-to-date symlink: /home/hungnb/cocarry_ws/install/motoros2_interfaces/include/motoros2_interfaces/motoros2_interfaces/msg/detail/alarm_info__struct.hpp
[3.043s] -- Up-to-date symlink: /home/hungnb/cocarry_ws/install/motoros2_interfaces/include/motoros2_interfaces/motoros2_interfaces/msg/detail/alarm_info__traits.hpp
[3.043s] -- Up-to-date symlink: /home/hungnb/cocarry_ws/install/motoros2_interfaces/include/motoros2_interfaces/motoros2_interfaces/msg/detail/alarm_info__type_support.hpp
[3.043s] -- Up-to-date symlink: /home/hungnb/cocarry_ws/install/motoros2_interfaces/include/motoros2_interfaces/motoros2_interfaces/msg/detail/error_info__builder.hpp
[3.043s] -- Up-to-date symlink: /home/hungnb/cocarry_ws/install/motoros2_interfaces/include/motoros2_interfaces/motoros2_interfaces/msg/detail/error_info__struct.hpp
[3.044s] -- Up-to-date symlink: /home/hungnb/cocarry_ws/install/motoros2_interfaces/include/motoros2_interfaces/motoros2_interfaces/msg/detail/error_info__traits.hpp
[3.044s] -- Up-to-date symlink: /home/hungnb/cocarry_ws/install/motoros2_interfaces/include/motoros2_interfaces/motoros2_interfaces/msg/detail/error_info__type_support.hpp
[3.044s] -- Up-to-date symlink: /home/hungnb/cocarry_ws/install/motoros2_interfaces/include/motoros2_interfaces/motoros2_interfaces/msg/detail/inform_job_crud_result_codes__builder.hpp
[3.044s] -- Up-to-date symlink: /home/hungnb/cocarry_ws/install/motoros2_interfaces/include/motoros2_interfaces/motoros2_interfaces/msg/detail/inform_job_crud_result_codes__struct.hpp
[3.044s] -- Up-to-date symlink: /home/hungnb/cocarry_ws/install/motoros2_interfaces/include/motoros2_interfaces/motoros2_interfaces/msg/detail/inform_job_crud_result_codes__traits.hpp
[3.044s] -- Up-to-date symlink: /home/hungnb/cocarry_ws/install/motoros2_interfaces/include/motoros2_interfaces/motoros2_interfaces/msg/detail/inform_job_crud_result_codes__type_support.hpp
[3.044s] -- Up-to-date symlink: /home/hungnb/cocarry_ws/install/motoros2_interfaces/include/motoros2_interfaces/motoros2_interfaces/msg/detail/init_traj_enum__builder.hpp
[3.044s] -- Up-to-date symlink: /home/hungnb/cocarry_ws/install/motoros2_interfaces/include/motoros2_interfaces/motoros2_interfaces/msg/detail/init_traj_enum__struct.hpp
[3.044s] -- Up-to-date symlink: /home/hungnb/cocarry_ws/install/motoros2_interfaces/include/motoros2_interfaces/motoros2_interfaces/msg/detail/init_traj_enum__traits.hpp
[3.044s] -- Up-to-date symlink: /home/hungnb/cocarry_ws/install/motoros2_interfaces/include/motoros2_interfaces/motoros2_interfaces/msg/detail/init_traj_enum__type_support.hpp
[3.045s] -- Up-to-date symlink: /home/hungnb/cocarry_ws/install/motoros2_interfaces/include/motoros2_interfaces/motoros2_interfaces/msg/detail/io_result_codes__builder.hpp
[3.045s] -- Up-to-date symlink: /home/hungnb/cocarry_ws/install/motoros2_interfaces/include/motoros2_interfaces/motoros2_interfaces/msg/detail/io_result_codes__struct.hpp
[3.046s] -- Up-to-date symlink: /home/hungnb/cocarry_ws/install/motoros2_interfaces/include/motoros2_interfaces/motoros2_interfaces/msg/detail/io_result_codes__traits.hpp
[3.046s] -- Up-to-date symlink: /home/hungnb/cocarry_ws/install/motoros2_interfaces/include/motoros2_interfaces/motoros2_interfaces/msg/detail/io_result_codes__type_support.hpp
[3.046s] -- Up-to-date symlink: /home/hungnb/cocarry_ws/install/motoros2_interfaces/include/motoros2_interfaces/motoros2_interfaces/msg/detail/motion_ready_enum__builder.hpp
[3.046s] -- Up-to-date symlink: /home/hungnb/cocarry_ws/install/motoros2_interfaces/include/motoros2_interfaces/motoros2_interfaces/msg/detail/motion_ready_enum__struct.hpp
[3.046s] -- Up-to-date symlink: /home/hungnb/cocarry_ws/install/motoros2_interfaces/include/motoros2_interfaces/motoros2_interfaces/msg/detail/motion_ready_enum__traits.hpp
[3.046s] -- Up-to-date symlink: /home/hungnb/cocarry_ws/install/motoros2_interfaces/include/motoros2_interfaces/motoros2_interfaces/msg/detail/motion_ready_enum__type_support.hpp
[3.046s] -- Up-to-date symlink: /home/hungnb/cocarry_ws/install/motoros2_interfaces/include/motoros2_interfaces/motoros2_interfaces/msg/detail/queue_result_enum__builder.hpp
[3.047s] -- Up-to-date symlink: /home/hungnb/cocarry_ws/install/motoros2_interfaces/include/motoros2_interfaces/motoros2_interfaces/msg/detail/queue_result_enum__struct.hpp
[3.047s] -- Up-to-date symlink: /home/hungnb/cocarry_ws/install/motoros2_interfaces/include/motoros2_interfaces/motoros2_interfaces/msg/detail/queue_result_enum__traits.hpp
[3.047s] -- Up-to-date symlink: /home/hungnb/cocarry_ws/install/motoros2_interfaces/include/motoros2_interfaces/motoros2_interfaces/msg/detail/queue_result_enum__type_support.hpp
[3.047s] -- Up-to-date symlink: /home/hungnb/cocarry_ws/install/motoros2_interfaces/include/motoros2_interfaces/motoros2_interfaces/msg/detail/selection_result_codes__builder.hpp
[3.047s] -- Up-to-date symlink: /home/hungnb/cocarry_ws/install/motoros2_interfaces/include/motoros2_interfaces/motoros2_interfaces/msg/detail/selection_result_codes__struct.hpp
[3.047s] -- Up-to-date symlink: /home/hungnb/cocarry_ws/install/motoros2_interfaces/include/motoros2_interfaces/motoros2_interfaces/msg/detail/selection_result_codes__traits.hpp
[3.047s] -- Up-to-date symlink: /home/hungnb/cocarry_ws/install/motoros2_interfaces/include/motoros2_interfaces/motoros2_interfaces/msg/detail/selection_result_codes__type_support.hpp
[3.047s] -- Up-to-date symlink: /home/hungnb/cocarry_ws/install/motoros2_interfaces/include/motoros2_interfaces/motoros2_interfaces/msg/error_info.hpp
[3.047s] -- Up-to-date symlink: /home/hungnb/cocarry_ws/install/motoros2_interfaces/include/motoros2_interfaces/motoros2_interfaces/msg/inform_job_crud_result_codes.hpp
[3.047s] -- Up-to-date symlink: /home/hungnb/cocarry_ws/install/motoros2_interfaces/include/motoros2_interfaces/motoros2_interfaces/msg/init_traj_enum.hpp
[3.047s] -- Up-to-date symlink: /home/hungnb/cocarry_ws/install/motoros2_interfaces/include/motoros2_interfaces/motoros2_interfaces/msg/io_result_codes.hpp
[3.047s] -- Up-to-date symlink: /home/hungnb/cocarry_ws/install/motoros2_interfaces/include/motoros2_interfaces/motoros2_interfaces/msg/motion_ready_enum.hpp
[3.048s] -- Up-to-date symlink: /home/hungnb/cocarry_ws/install/motoros2_interfaces/include/motoros2_interfaces/motoros2_interfaces/msg/queue_result_enum.hpp
[3.048s] -- Up-to-date symlink: /home/hungnb/cocarry_ws/install/motoros2_interfaces/include/motoros2_interfaces/motoros2_interfaces/msg/rosidl_generator_cpp__visibility_control.hpp
[3.048s] -- Up-to-date symlink: /home/hungnb/cocarry_ws/install/motoros2_interfaces/include/motoros2_interfaces/motoros2_interfaces/msg/selection_result_codes.hpp
[3.048s] -- Up-to-date symlink: /home/hungnb/cocarry_ws/install/motoros2_interfaces/include/motoros2_interfaces/motoros2_interfaces/srv/detail/get_active_alarm_info__builder.hpp
[3.048s] -- Up-to-date symlink: /home/hungnb/cocarry_ws/install/motoros2_interfaces/include/motoros2_interfaces/motoros2_interfaces/srv/detail/get_active_alarm_info__struct.hpp
[3.048s] -- Up-to-date symlink: /home/hungnb/cocarry_ws/install/motoros2_interfaces/include/motoros2_interfaces/motoros2_interfaces/srv/detail/get_active_alarm_info__traits.hpp
[3.048s] -- Up-to-date symlink: /home/hungnb/cocarry_ws/install/motoros2_interfaces/include/motoros2_interfaces/motoros2_interfaces/srv/detail/get_active_alarm_info__type_support.hpp
[3.048s] -- Up-to-date symlink: /home/hungnb/cocarry_ws/install/motoros2_interfaces/include/motoros2_interfaces/motoros2_interfaces/srv/detail/list_inform_jobs__builder.hpp
[3.048s] -- Up-to-date symlink: /home/hungnb/cocarry_ws/install/motoros2_interfaces/include/motoros2_interfaces/motoros2_interfaces/srv/detail/list_inform_jobs__struct.hpp
[3.048s] -- Up-to-date symlink: /home/hungnb/cocarry_ws/install/motoros2_interfaces/include/motoros2_interfaces/motoros2_interfaces/srv/detail/list_inform_jobs__traits.hpp
[3.048s] -- Up-to-date symlink: /home/hungnb/cocarry_ws/install/motoros2_interfaces/include/motoros2_interfaces/motoros2_interfaces/srv/detail/list_inform_jobs__type_support.hpp
[3.048s] -- Up-to-date symlink: /home/hungnb/cocarry_ws/install/motoros2_interfaces/include/motoros2_interfaces/motoros2_interfaces/srv/detail/queue_traj_point__builder.hpp
[3.048s] -- Up-to-date symlink: /home/hungnb/cocarry_ws/install/motoros2_interfaces/include/motoros2_interfaces/motoros2_interfaces/srv/detail/queue_traj_point__struct.hpp
[3.048s] -- Up-to-date symlink: /home/hungnb/cocarry_ws/install/motoros2_interfaces/include/motoros2_interfaces/motoros2_interfaces/srv/detail/queue_traj_point__traits.hpp
[3.049s] -- Up-to-date symlink: /home/hungnb/cocarry_ws/install/motoros2_interfaces/include/motoros2_interfaces/motoros2_interfaces/srv/detail/queue_traj_point__type_support.hpp
[3.049s] -- Up-to-date symlink: /home/hungnb/cocarry_ws/install/motoros2_interfaces/include/motoros2_interfaces/motoros2_interfaces/srv/detail/read_group_io__builder.hpp
[3.049s] -- Up-to-date symlink: /home/hungnb/cocarry_ws/install/motoros2_interfaces/include/motoros2_interfaces/motoros2_interfaces/srv/detail/read_group_io__struct.hpp
[3.049s] -- Up-to-date symlink: /home/hungnb/cocarry_ws/install/motoros2_interfaces/include/motoros2_interfaces/motoros2_interfaces/srv/detail/read_group_io__traits.hpp
[3.049s] -- Up-to-date symlink: /home/hungnb/cocarry_ws/install/motoros2_interfaces/include/motoros2_interfaces/motoros2_interfaces/srv/detail/read_group_io__type_support.hpp
[3.049s] -- Up-to-date symlink: /home/hungnb/cocarry_ws/install/motoros2_interfaces/include/motoros2_interfaces/motoros2_interfaces/srv/detail/read_m_register__builder.hpp
[3.049s] -- Up-to-date symlink: /home/hungnb/cocarry_ws/install/motoros2_interfaces/include/motoros2_interfaces/motoros2_interfaces/srv/detail/read_m_register__struct.hpp
[3.049s] -- Up-to-date symlink: /home/hungnb/cocarry_ws/install/motoros2_interfaces/include/motoros2_interfaces/motoros2_interfaces/srv/detail/read_m_register__traits.hpp
[3.049s] -- Up-to-date symlink: /home/hungnb/cocarry_ws/install/motoros2_interfaces/include/motoros2_interfaces/motoros2_interfaces/srv/detail/read_m_register__type_support.hpp
[3.049s] -- Up-to-date symlink: /home/hungnb/cocarry_ws/install/motoros2_interfaces/include/motoros2_interfaces/motoros2_interfaces/srv/detail/read_single_io__builder.hpp
[3.049s] -- Up-to-date symlink: /home/hungnb/cocarry_ws/install/motoros2_interfaces/include/motoros2_interfaces/motoros2_interfaces/srv/detail/read_single_io__struct.hpp
[3.049s] -- Up-to-date symlink: /home/hungnb/cocarry_ws/install/motoros2_interfaces/include/motoros2_interfaces/motoros2_interfaces/srv/detail/read_single_io__traits.hpp
[3.049s] -- Up-to-date symlink: /home/hungnb/cocarry_ws/install/motoros2_interfaces/include/motoros2_interfaces/motoros2_interfaces/srv/detail/read_single_io__type_support.hpp
[3.049s] -- Up-to-date symlink: /home/hungnb/cocarry_ws/install/motoros2_interfaces/include/motoros2_interfaces/motoros2_interfaces/srv/detail/reset_error__builder.hpp
[3.049s] -- Up-to-date symlink: /home/hungnb/cocarry_ws/install/motoros2_interfaces/include/motoros2_interfaces/motoros2_interfaces/srv/detail/reset_error__struct.hpp
[3.049s] -- Up-to-date symlink: /home/hungnb/cocarry_ws/install/motoros2_interfaces/include/motoros2_interfaces/motoros2_interfaces/srv/detail/reset_error__traits.hpp
[3.049s] -- Up-to-date symlink: /home/hungnb/cocarry_ws/install/motoros2_interfaces/include/motoros2_interfaces/motoros2_interfaces/srv/detail/reset_error__type_support.hpp
[3.049s] -- Up-to-date symlink: /home/hungnb/cocarry_ws/install/motoros2_interfaces/include/motoros2_interfaces/motoros2_interfaces/srv/detail/select_motion_tool__builder.hpp
[3.049s] -- Up-to-date symlink: /home/hungnb/cocarry_ws/install/motoros2_interfaces/include/motoros2_interfaces/motoros2_interfaces/srv/detail/select_motion_tool__struct.hpp
[3.049s] -- Up-to-date symlink: /home/hungnb/cocarry_ws/install/motoros2_interfaces/include/motoros2_interfaces/motoros2_interfaces/srv/detail/select_motion_tool__traits.hpp
[3.049s] -- Up-to-date symlink: /home/hungnb/cocarry_ws/install/motoros2_interfaces/include/motoros2_interfaces/motoros2_interfaces/srv/detail/select_motion_tool__type_support.hpp
[3.049s] -- Up-to-date symlink: /home/hungnb/cocarry_ws/install/motoros2_interfaces/include/motoros2_interfaces/motoros2_interfaces/srv/detail/start_point_queue_mode__builder.hpp
[3.049s] -- Up-to-date symlink: /home/hungnb/cocarry_ws/install/motoros2_interfaces/include/motoros2_interfaces/motoros2_interfaces/srv/detail/start_point_queue_mode__struct.hpp
[3.049s] -- Up-to-date symlink: /home/hungnb/cocarry_ws/install/motoros2_interfaces/include/motoros2_interfaces/motoros2_interfaces/srv/detail/start_point_queue_mode__traits.hpp
[3.050s] -- Up-to-date symlink: /home/hungnb/cocarry_ws/install/motoros2_interfaces/include/motoros2_interfaces/motoros2_interfaces/srv/detail/start_point_queue_mode__type_support.hpp
[3.050s] -- Up-to-date symlink: /home/hungnb/cocarry_ws/install/motoros2_interfaces/include/motoros2_interfaces/motoros2_interfaces/srv/detail/start_traj_mode__builder.hpp
[3.050s] -- Up-to-date symlink: /home/hungnb/cocarry_ws/install/motoros2_interfaces/include/motoros2_interfaces/motoros2_interfaces/srv/detail/start_traj_mode__struct.hpp
[3.050s] -- Up-to-date symlink: /home/hungnb/cocarry_ws/install/motoros2_interfaces/include/motoros2_interfaces/motoros2_interfaces/srv/detail/start_traj_mode__traits.hpp
[3.050s] -- Up-to-date symlink: /home/hungnb/cocarry_ws/install/motoros2_interfaces/include/motoros2_interfaces/motoros2_interfaces/srv/detail/start_traj_mode__type_support.hpp
[3.050s] -- Up-to-date symlink: /home/hungnb/cocarry_ws/install/motoros2_interfaces/include/motoros2_interfaces/motoros2_interfaces/srv/detail/write_group_io__builder.hpp
[3.050s] -- Up-to-date symlink: /home/hungnb/cocarry_ws/install/motoros2_interfaces/include/motoros2_interfaces/motoros2_interfaces/srv/detail/write_group_io__struct.hpp
[3.050s] -- Up-to-date symlink: /home/hungnb/cocarry_ws/install/motoros2_interfaces/include/motoros2_interfaces/motoros2_interfaces/srv/detail/write_group_io__traits.hpp
[3.050s] -- Up-to-date symlink: /home/hungnb/cocarry_ws/install/motoros2_interfaces/include/motoros2_interfaces/motoros2_interfaces/srv/detail/write_group_io__type_support.hpp
[3.050s] -- Up-to-date symlink: /home/hungnb/cocarry_ws/install/motoros2_interfaces/include/motoros2_interfaces/motoros2_interfaces/srv/detail/write_m_register__builder.hpp
[3.050s] -- Up-to-date symlink: /home/hungnb/cocarry_ws/install/motoros2_interfaces/include/motoros2_interfaces/motoros2_interfaces/srv/detail/write_m_register__struct.hpp
[3.050s] -- Up-to-date symlink: /home/hungnb/cocarry_ws/install/motoros2_interfaces/include/motoros2_interfaces/motoros2_interfaces/srv/detail/write_m_register__traits.hpp
[3.050s] -- Up-to-date symlink: /home/hungnb/cocarry_ws/install/motoros2_interfaces/include/motoros2_interfaces/motoros2_interfaces/srv/detail/write_m_register__type_support.hpp
[3.050s] -- Up-to-date symlink: /home/hungnb/cocarry_ws/install/motoros2_interfaces/include/motoros2_interfaces/motoros2_interfaces/srv/detail/write_single_io__builder.hpp
[3.051s] -- Up-to-date symlink: /home/hungnb/cocarry_ws/install/motoros2_interfaces/include/motoros2_interfaces/motoros2_interfaces/srv/detail/write_single_io__struct.hpp
[3.051s] -- Up-to-date symlink: /home/hungnb/cocarry_ws/install/motoros2_interfaces/include/motoros2_interfaces/motoros2_interfaces/srv/detail/write_single_io__traits.hpp
[3.051s] -- Up-to-date symlink: /home/hungnb/cocarry_ws/install/motoros2_interfaces/include/motoros2_interfaces/motoros2_interfaces/srv/detail/write_single_io__type_support.hpp
[3.051s] -- Up-to-date symlink: /home/hungnb/cocarry_ws/install/motoros2_interfaces/include/motoros2_interfaces/motoros2_interfaces/srv/get_active_alarm_info.hpp
[3.051s] -- Up-to-date symlink: /home/hungnb/cocarry_ws/install/motoros2_interfaces/include/motoros2_interfaces/motoros2_interfaces/srv/list_inform_jobs.hpp
[3.051s] -- Up-to-date symlink: /home/hungnb/cocarry_ws/install/motoros2_interfaces/include/motoros2_interfaces/motoros2_interfaces/srv/queue_traj_point.hpp
[3.051s] -- Up-to-date symlink: /home/hungnb/cocarry_ws/install/motoros2_interfaces/include/motoros2_interfaces/motoros2_interfaces/srv/read_group_io.hpp
[3.051s] -- Up-to-date symlink: /home/hungnb/cocarry_ws/install/motoros2_interfaces/include/motoros2_interfaces/motoros2_interfaces/srv/read_m_register.hpp
[3.051s] -- Up-to-date symlink: /home/hungnb/cocarry_ws/install/motoros2_interfaces/include/motoros2_interfaces/motoros2_interfaces/srv/read_single_io.hpp
[3.051s] -- Up-to-date symlink: /home/hungnb/cocarry_ws/install/motoros2_interfaces/include/motoros2_interfaces/motoros2_interfaces/srv/reset_error.hpp
[3.051s] -- Up-to-date symlink: /home/hungnb/cocarry_ws/install/motoros2_interfaces/include/motoros2_interfaces/motoros2_interfaces/srv/select_motion_tool.hpp
[3.051s] -- Up-to-date symlink: /home/hungnb/cocarry_ws/install/motoros2_interfaces/include/motoros2_interfaces/motoros2_interfaces/srv/start_point_queue_mode.hpp
[3.052s] -- Up-to-date symlink: /home/hungnb/cocarry_ws/install/motoros2_interfaces/include/motoros2_interfaces/motoros2_interfaces/srv/start_traj_mode.hpp
[3.052s] -- Up-to-date symlink: /home/hungnb/cocarry_ws/install/motoros2_interfaces/include/motoros2_interfaces/motoros2_interfaces/srv/write_group_io.hpp
[3.052s] -- Up-to-date symlink: /home/hungnb/cocarry_ws/install/motoros2_interfaces/include/motoros2_interfaces/motoros2_interfaces/srv/write_m_register.hpp
[3.052s] -- Up-to-date symlink: /home/hungnb/cocarry_ws/install/motoros2_interfaces/include/motoros2_interfaces/motoros2_interfaces/srv/write_single_io.hpp
[3.052s] -- Up-to-date symlink: /home/hungnb/cocarry_ws/install/motoros2_interfaces/include/motoros2_interfaces/motoros2_interfaces/msg/detail/alarm_cause_remedy__rosidl_typesupport_fastrtps_cpp.hpp
[3.052s] -- Up-to-date symlink: /home/hungnb/cocarry_ws/install/motoros2_interfaces/include/motoros2_interfaces/motoros2_interfaces/msg/detail/alarm_info__rosidl_typesupport_fastrtps_cpp.hpp
[3.052s] -- Up-to-date symlink: /home/hungnb/cocarry_ws/install/motoros2_interfaces/include/motoros2_interfaces/motoros2_interfaces/msg/detail/error_info__rosidl_typesupport_fastrtps_cpp.hpp
[3.052s] -- Up-to-date symlink: /home/hungnb/cocarry_ws/install/motoros2_interfaces/include/motoros2_interfaces/motoros2_interfaces/msg/detail/inform_job_crud_result_codes__rosidl_typesupport_fastrtps_cpp.hpp
[3.052s] -- Up-to-date symlink: /home/hungnb/cocarry_ws/install/motoros2_interfaces/include/motoros2_interfaces/motoros2_interfaces/msg/detail/init_traj_enum__rosidl_typesupport_fastrtps_cpp.hpp
[3.052s] -- Up-to-date symlink: /home/hungnb/cocarry_ws/install/motoros2_interfaces/include/motoros2_interfaces/motoros2_interfaces/msg/detail/io_result_codes__rosidl_typesupport_fastrtps_cpp.hpp
[3.052s] -- Up-to-date symlink: /home/hungnb/cocarry_ws/install/motoros2_interfaces/include/motoros2_interfaces/motoros2_interfaces/msg/detail/motion_ready_enum__rosidl_typesupport_fastrtps_cpp.hpp
[3.052s] -- Up-to-date symlink: /home/hungnb/cocarry_ws/install/motoros2_interfaces/include/motoros2_interfaces/motoros2_interfaces/msg/detail/queue_result_enum__rosidl_typesupport_fastrtps_cpp.hpp
[3.052s] -- Up-to-date symlink: /home/hungnb/cocarry_ws/install/motoros2_interfaces/include/motoros2_interfaces/motoros2_interfaces/msg/detail/selection_result_codes__rosidl_typesupport_fastrtps_cpp.hpp
[3.052s] -- Up-to-date symlink: /home/hungnb/cocarry_ws/install/motoros2_interfaces/include/motoros2_interfaces/motoros2_interfaces/msg/rosidl_typesupport_fastrtps_cpp__visibility_control.h
[3.052s] -- Up-to-date symlink: /home/hungnb/cocarry_ws/install/motoros2_interfaces/include/motoros2_interfaces/motoros2_interfaces/srv/detail/get_active_alarm_info__rosidl_typesupport_fastrtps_cpp.hpp
[3.052s] -- Up-to-date symlink: /home/hungnb/cocarry_ws/install/motoros2_interfaces/include/motoros2_interfaces/motoros2_interfaces/srv/detail/list_inform_jobs__rosidl_typesupport_fastrtps_cpp.hpp
[3.052s] -- Up-to-date symlink: /home/hungnb/cocarry_ws/install/motoros2_interfaces/include/motoros2_interfaces/motoros2_interfaces/srv/detail/queue_traj_point__rosidl_typesupport_fastrtps_cpp.hpp
[3.052s] -- Up-to-date symlink: /home/hungnb/cocarry_ws/install/motoros2_interfaces/include/motoros2_interfaces/motoros2_interfaces/srv/detail/read_group_io__rosidl_typesupport_fastrtps_cpp.hpp
[3.052s] -- Up-to-date symlink: /home/hungnb/cocarry_ws/install/motoros2_interfaces/include/motoros2_interfaces/motoros2_interfaces/srv/detail/read_m_register__rosidl_typesupport_fastrtps_cpp.hpp
[3.052s] -- Up-to-date symlink: /home/hungnb/cocarry_ws/install/motoros2_interfaces/include/motoros2_interfaces/motoros2_interfaces/srv/detail/read_single_io__rosidl_typesupport_fastrtps_cpp.hpp
[3.052s] -- Up-to-date symlink: /home/hungnb/cocarry_ws/install/motoros2_interfaces/include/motoros2_interfaces/motoros2_interfaces/srv/detail/reset_error__rosidl_typesupport_fastrtps_cpp.hpp
[3.052s] -- Up-to-date symlink: /home/hungnb/cocarry_ws/install/motoros2_interfaces/include/motoros2_interfaces/motoros2_interfaces/srv/detail/select_motion_tool__rosidl_typesupport_fastrtps_cpp.hpp
[3.052s] -- Up-to-date symlink: /home/hungnb/cocarry_ws/install/motoros2_interfaces/include/motoros2_interfaces/motoros2_interfaces/srv/detail/start_point_queue_mode__rosidl_typesupport_fastrtps_cpp.hpp
[3.053s] -- Up-to-date symlink: /home/hungnb/cocarry_ws/install/motoros2_interfaces/include/motoros2_interfaces/motoros2_interfaces/srv/detail/start_traj_mode__rosidl_typesupport_fastrtps_cpp.hpp
[3.053s] -- Up-to-date symlink: /home/hungnb/cocarry_ws/install/motoros2_interfaces/include/motoros2_interfaces/motoros2_interfaces/srv/detail/write_group_io__rosidl_typesupport_fastrtps_cpp.hpp
[3.053s] -- Up-to-date symlink: /home/hungnb/cocarry_ws/install/motoros2_interfaces/include/motoros2_interfaces/motoros2_interfaces/srv/detail/write_m_register__rosidl_typesupport_fastrtps_cpp.hpp
[3.053s] -- Up-to-date symlink: /home/hungnb/cocarry_ws/install/motoros2_interfaces/include/motoros2_interfaces/motoros2_interfaces/srv/detail/write_single_io__rosidl_typesupport_fastrtps_cpp.hpp
[3.053s] -- Up-to-date symlink: /home/hungnb/cocarry_ws/install/motoros2_interfaces/include/motoros2_interfaces/motoros2_interfaces/msg/detail/alarm_cause_remedy__rosidl_typesupport_introspection_c.h
[3.053s] -- Up-to-date symlink: /home/hungnb/cocarry_ws/install/motoros2_interfaces/include/motoros2_interfaces/motoros2_interfaces/msg/detail/alarm_info__rosidl_typesupport_introspection_c.h
[3.053s] -- Up-to-date symlink: /home/hungnb/cocarry_ws/install/motoros2_interfaces/include/motoros2_interfaces/motoros2_interfaces/msg/detail/error_info__rosidl_typesupport_introspection_c.h
[3.053s] -- Up-to-date symlink: /home/hungnb/cocarry_ws/install/motoros2_interfaces/include/motoros2_interfaces/motoros2_interfaces/msg/detail/inform_job_crud_result_codes__rosidl_typesupport_introspection_c.h
[3.053s] -- Up-to-date symlink: /home/hungnb/cocarry_ws/install/motoros2_interfaces/include/motoros2_interfaces/motoros2_interfaces/msg/detail/init_traj_enum__rosidl_typesupport_introspection_c.h
[3.053s] -- Up-to-date symlink: /home/hungnb/cocarry_ws/install/motoros2_interfaces/include/motoros2_interfaces/motoros2_interfaces/msg/detail/io_result_codes__rosidl_typesupport_introspection_c.h
[3.053s] -- Up-to-date symlink: /home/hungnb/cocarry_ws/install/motoros2_interfaces/include/motoros2_interfaces/motoros2_interfaces/msg/detail/motion_ready_enum__rosidl_typesupport_introspection_c.h
[3.053s] -- Up-to-date symlink: /home/hungnb/cocarry_ws/install/motoros2_interfaces/include/motoros2_interfaces/motoros2_interfaces/msg/detail/queue_result_enum__rosidl_typesupport_introspection_c.h
[3.053s] -- Up-to-date symlink: /home/hungnb/cocarry_ws/install/motoros2_interfaces/include/motoros2_interfaces/motoros2_interfaces/msg/detail/selection_result_codes__rosidl_typesupport_introspection_c.h
[3.053s] -- Up-to-date symlink: /home/hungnb/cocarry_ws/install/motoros2_interfaces/include/motoros2_interfaces/motoros2_interfaces/msg/rosidl_typesupport_introspection_c__visibility_control.h
[3.053s] -- Up-to-date symlink: /home/hungnb/cocarry_ws/install/motoros2_interfaces/include/motoros2_interfaces/motoros2_interfaces/srv/detail/get_active_alarm_info__rosidl_typesupport_introspection_c.h
[3.053s] -- Up-to-date symlink: /home/hungnb/cocarry_ws/install/motoros2_interfaces/include/motoros2_interfaces/motoros2_interfaces/srv/detail/list_inform_jobs__rosidl_typesupport_introspection_c.h
[3.053s] -- Up-to-date symlink: /home/hungnb/cocarry_ws/install/motoros2_interfaces/include/motoros2_interfaces/motoros2_interfaces/srv/detail/queue_traj_point__rosidl_typesupport_introspection_c.h
[3.053s] -- Up-to-date symlink: /home/hungnb/cocarry_ws/install/motoros2_interfaces/include/motoros2_interfaces/motoros2_interfaces/srv/detail/read_group_io__rosidl_typesupport_introspection_c.h
[3.053s] -- Up-to-date symlink: /home/hungnb/cocarry_ws/install/motoros2_interfaces/include/motoros2_interfaces/motoros2_interfaces/srv/detail/read_m_register__rosidl_typesupport_introspection_c.h
[3.054s] -- Up-to-date symlink: /home/hungnb/cocarry_ws/install/motoros2_interfaces/include/motoros2_interfaces/motoros2_interfaces/srv/detail/read_single_io__rosidl_typesupport_introspection_c.h
[3.054s] -- Up-to-date symlink: /home/hungnb/cocarry_ws/install/motoros2_interfaces/include/motoros2_interfaces/motoros2_interfaces/srv/detail/reset_error__rosidl_typesupport_introspection_c.h
[3.054s] -- Up-to-date symlink: /home/hungnb/cocarry_ws/install/motoros2_interfaces/include/motoros2_interfaces/motoros2_interfaces/srv/detail/select_motion_tool__rosidl_typesupport_introspection_c.h
[3.054s] -- Up-to-date symlink: /home/hungnb/cocarry_ws/install/motoros2_interfaces/include/motoros2_interfaces/motoros2_interfaces/srv/detail/start_point_queue_mode__rosidl_typesupport_introspection_c.h
[3.054s] -- Up-to-date symlink: /home/hungnb/cocarry_ws/install/motoros2_interfaces/include/motoros2_interfaces/motoros2_interfaces/srv/detail/start_traj_mode__rosidl_typesupport_introspection_c.h
[3.054s] -- Up-to-date symlink: /home/hungnb/cocarry_ws/install/motoros2_interfaces/include/motoros2_interfaces/motoros2_interfaces/srv/detail/write_group_io__rosidl_typesupport_introspection_c.h
[3.054s] -- Up-to-date symlink: /home/hungnb/cocarry_ws/install/motoros2_interfaces/include/motoros2_interfaces/motoros2_interfaces/srv/detail/write_m_register__rosidl_typesupport_introspection_c.h
[3.054s] -- Up-to-date symlink: /home/hungnb/cocarry_ws/install/motoros2_interfaces/include/motoros2_interfaces/motoros2_interfaces/srv/detail/write_single_io__rosidl_typesupport_introspection_c.h
[3.054s] -- Up-to-date symlink: /home/hungnb/cocarry_ws/install/motoros2_interfaces/include/motoros2_interfaces/motoros2_interfaces/msg/detail/alarm_cause_remedy__rosidl_typesupport_introspection_cpp.hpp
[3.054s] -- Up-to-date symlink: /home/hungnb/cocarry_ws/install/motoros2_interfaces/include/motoros2_interfaces/motoros2_interfaces/msg/detail/alarm_info__rosidl_typesupport_introspection_cpp.hpp
[3.054s] -- Up-to-date symlink: /home/hungnb/cocarry_ws/install/motoros2_interfaces/include/motoros2_interfaces/motoros2_interfaces/msg/detail/error_info__rosidl_typesupport_introspection_cpp.hpp
[3.055s] -- Up-to-date symlink: /home/hungnb/cocarry_ws/install/motoros2_interfaces/include/motoros2_interfaces/motoros2_interfaces/msg/detail/inform_job_crud_result_codes__rosidl_typesupport_introspection_cpp.hpp
[3.055s] -- Up-to-date symlink: /home/hungnb/cocarry_ws/install/motoros2_interfaces/include/motoros2_interfaces/motoros2_interfaces/msg/detail/init_traj_enum__rosidl_typesupport_introspection_cpp.hpp
[3.055s] -- Up-to-date symlink: /home/hungnb/cocarry_ws/install/motoros2_interfaces/include/motoros2_interfaces/motoros2_interfaces/msg/detail/io_result_codes__rosidl_typesupport_introspection_cpp.hpp
[3.055s] -- Up-to-date symlink: /home/hungnb/cocarry_ws/install/motoros2_interfaces/include/motoros2_interfaces/motoros2_interfaces/msg/detail/motion_ready_enum__rosidl_typesupport_introspection_cpp.hpp
[3.055s] -- Up-to-date symlink: /home/hungnb/cocarry_ws/install/motoros2_interfaces/include/motoros2_interfaces/motoros2_interfaces/msg/detail/queue_result_enum__rosidl_typesupport_introspection_cpp.hpp
[3.055s] -- Up-to-date symlink: /home/hungnb/cocarry_ws/install/motoros2_interfaces/include/motoros2_interfaces/motoros2_interfaces/msg/detail/selection_result_codes__rosidl_typesupport_introspection_cpp.hpp
[3.055s] -- Up-to-date symlink: /home/hungnb/cocarry_ws/install/motoros2_interfaces/include/motoros2_interfaces/motoros2_interfaces/srv/detail/get_active_alarm_info__rosidl_typesupport_introspection_cpp.hpp
[3.055s] -- Up-to-date symlink: /home/hungnb/cocarry_ws/install/motoros2_interfaces/include/motoros2_interfaces/motoros2_interfaces/srv/detail/list_inform_jobs__rosidl_typesupport_introspection_cpp.hpp
[3.055s] -- Up-to-date symlink: /home/hungnb/cocarry_ws/install/motoros2_interfaces/include/motoros2_interfaces/motoros2_interfaces/srv/detail/queue_traj_point__rosidl_typesupport_introspection_cpp.hpp
[3.055s] -- Up-to-date symlink: /home/hungnb/cocarry_ws/install/motoros2_interfaces/include/motoros2_interfaces/motoros2_interfaces/srv/detail/read_group_io__rosidl_typesupport_introspection_cpp.hpp
[3.055s] -- Up-to-date symlink: /home/hungnb/cocarry_ws/install/motoros2_interfaces/include/motoros2_interfaces/motoros2_interfaces/srv/detail/read_m_register__rosidl_typesupport_introspection_cpp.hpp
[3.055s] -- Up-to-date symlink: /home/hungnb/cocarry_ws/install/motoros2_interfaces/include/motoros2_interfaces/motoros2_interfaces/srv/detail/read_single_io__rosidl_typesupport_introspection_cpp.hpp
[3.055s] -- Up-to-date symlink: /home/hungnb/cocarry_ws/install/motoros2_interfaces/include/motoros2_interfaces/motoros2_interfaces/srv/detail/reset_error__rosidl_typesupport_introspection_cpp.hpp
[3.055s] -- Up-to-date symlink: /home/hungnb/cocarry_ws/install/motoros2_interfaces/include/motoros2_interfaces/motoros2_interfaces/srv/detail/select_motion_tool__rosidl_typesupport_introspection_cpp.hpp
[3.055s] -- Up-to-date symlink: /home/hungnb/cocarry_ws/install/motoros2_interfaces/include/motoros2_interfaces/motoros2_interfaces/srv/detail/start_point_queue_mode__rosidl_typesupport_introspection_cpp.hpp
[3.055s] -- Up-to-date symlink: /home/hungnb/cocarry_ws/install/motoros2_interfaces/include/motoros2_interfaces/motoros2_interfaces/srv/detail/start_traj_mode__rosidl_typesupport_introspection_cpp.hpp
[3.055s] -- Up-to-date symlink: /home/hungnb/cocarry_ws/install/motoros2_interfaces/include/motoros2_interfaces/motoros2_interfaces/srv/detail/write_group_io__rosidl_typesupport_introspection_cpp.hpp
[3.055s] -- Up-to-date symlink: /home/hungnb/cocarry_ws/install/motoros2_interfaces/include/motoros2_interfaces/motoros2_interfaces/srv/detail/write_m_register__rosidl_typesupport_introspection_cpp.hpp
[3.055s] -- Up-to-date symlink: /home/hungnb/cocarry_ws/install/motoros2_interfaces/include/motoros2_interfaces/motoros2_interfaces/srv/detail/write_single_io__rosidl_typesupport_introspection_cpp.hpp
[3.055s] -- Up-to-date symlink: /home/hungnb/cocarry_ws/install/motoros2_interfaces/share/motoros2_interfaces/environment/pythonpath.sh
[3.055s] -- Up-to-date symlink: /home/hungnb/cocarry_ws/install/motoros2_interfaces/share/motoros2_interfaces/environment/pythonpath.dsv
[3.055s] -- Up-to-date symlink: /home/hungnb/cocarry_ws/install/motoros2_interfaces/local/lib/python3.10/dist-packages/motoros2_interfaces-0.2.0-py3.10.egg-info/PKG-INFO
[3.055s] -- Up-to-date symlink: /home/hungnb/cocarry_ws/install/motoros2_interfaces/local/lib/python3.10/dist-packages/motoros2_interfaces-0.2.0-py3.10.egg-info/SOURCES.txt
[3.055s] -- Up-to-date symlink: /home/hungnb/cocarry_ws/install/motoros2_interfaces/local/lib/python3.10/dist-packages/motoros2_interfaces-0.2.0-py3.10.egg-info/dependency_links.txt
[3.055s] -- Up-to-date symlink: /home/hungnb/cocarry_ws/install/motoros2_interfaces/local/lib/python3.10/dist-packages/motoros2_interfaces-0.2.0-py3.10.egg-info/top_level.txt
[3.055s] -- Up-to-date symlink: /home/hungnb/cocarry_ws/install/motoros2_interfaces/local/lib/python3.10/dist-packages/motoros2_interfaces/__init__.py
[3.056s] -- Up-to-date symlink: /home/hungnb/cocarry_ws/install/motoros2_interfaces/local/lib/python3.10/dist-packages/motoros2_interfaces/_motoros2_interfaces_s.ep.rosidl_typesupport_c.c
[3.056s] -- Up-to-date symlink: /home/hungnb/cocarry_ws/install/motoros2_interfaces/local/lib/python3.10/dist-packages/motoros2_interfaces/_motoros2_interfaces_s.ep.rosidl_typesupport_fastrtps_c.c
[3.056s] -- Up-to-date symlink: /home/hungnb/cocarry_ws/install/motoros2_interfaces/local/lib/python3.10/dist-packages/motoros2_interfaces/_motoros2_interfaces_s.ep.rosidl_typesupport_introspection_c.c
[3.056s] -- Up-to-date symlink: /home/hungnb/cocarry_ws/install/motoros2_interfaces/local/lib/python3.10/dist-packages/motoros2_interfaces/libmotoros2_interfaces__rosidl_generator_py.so
[3.056s] -- Up-to-date symlink: /home/hungnb/cocarry_ws/install/motoros2_interfaces/local/lib/python3.10/dist-packages/motoros2_interfaces/motoros2_interfaces_s__rosidl_typesupport_c.cpython-310-x86_64-linux-gnu.so
[3.056s] -- Up-to-date symlink: /home/hungnb/cocarry_ws/install/motoros2_interfaces/local/lib/python3.10/dist-packages/motoros2_interfaces/motoros2_interfaces_s__rosidl_typesupport_fastrtps_c.cpython-310-x86_64-linux-gnu.so
[3.056s] -- Up-to-date symlink: /home/hungnb/cocarry_ws/install/motoros2_interfaces/local/lib/python3.10/dist-packages/motoros2_interfaces/motoros2_interfaces_s__rosidl_typesupport_introspection_c.cpython-310-x86_64-linux-gnu.so
[3.056s] -- Up-to-date symlink: /home/hungnb/cocarry_ws/install/motoros2_interfaces/local/lib/python3.10/dist-packages/motoros2_interfaces/msg/__init__.py
[3.056s] -- Up-to-date symlink: /home/hungnb/cocarry_ws/install/motoros2_interfaces/local/lib/python3.10/dist-packages/motoros2_interfaces/msg/_alarm_cause_remedy.py
[3.056s] -- Up-to-date symlink: /home/hungnb/cocarry_ws/install/motoros2_interfaces/local/lib/python3.10/dist-packages/motoros2_interfaces/msg/_alarm_cause_remedy_s.c
[3.056s] -- Up-to-date symlink: /home/hungnb/cocarry_ws/install/motoros2_interfaces/local/lib/python3.10/dist-packages/motoros2_interfaces/msg/_alarm_info.py
[3.056s] -- Up-to-date symlink: /home/hungnb/cocarry_ws/install/motoros2_interfaces/local/lib/python3.10/dist-packages/motoros2_interfaces/msg/_alarm_info_s.c
[3.056s] -- Up-to-date symlink: /home/hungnb/cocarry_ws/install/motoros2_interfaces/local/lib/python3.10/dist-packages/motoros2_interfaces/msg/_error_info.py
[3.056s] -- Up-to-date symlink: /home/hungnb/cocarry_ws/install/motoros2_interfaces/local/lib/python3.10/dist-packages/motoros2_interfaces/msg/_error_info_s.c
[3.056s] -- Up-to-date symlink: /home/hungnb/cocarry_ws/install/motoros2_interfaces/local/lib/python3.10/dist-packages/motoros2_interfaces/msg/_inform_job_crud_result_codes.py
[3.056s] -- Up-to-date symlink: /home/hungnb/cocarry_ws/install/motoros2_interfaces/local/lib/python3.10/dist-packages/motoros2_interfaces/msg/_inform_job_crud_result_codes_s.c
[3.056s] -- Up-to-date symlink: /home/hungnb/cocarry_ws/install/motoros2_interfaces/local/lib/python3.10/dist-packages/motoros2_interfaces/msg/_init_traj_enum.py
[3.056s] -- Up-to-date symlink: /home/hungnb/cocarry_ws/install/motoros2_interfaces/local/lib/python3.10/dist-packages/motoros2_interfaces/msg/_init_traj_enum_s.c
[3.056s] -- Up-to-date symlink: /home/hungnb/cocarry_ws/install/motoros2_interfaces/local/lib/python3.10/dist-packages/motoros2_interfaces/msg/_io_result_codes.py
[3.057s] -- Up-to-date symlink: /home/hungnb/cocarry_ws/install/motoros2_interfaces/local/lib/python3.10/dist-packages/motoros2_interfaces/msg/_io_result_codes_s.c
[3.057s] -- Up-to-date symlink: /home/hungnb/cocarry_ws/install/motoros2_interfaces/local/lib/python3.10/dist-packages/motoros2_interfaces/msg/_motion_ready_enum.py
[3.057s] -- Up-to-date symlink: /home/hungnb/cocarry_ws/install/motoros2_interfaces/local/lib/python3.10/dist-packages/motoros2_interfaces/msg/_motion_ready_enum_s.c
[3.057s] -- Up-to-date symlink: /home/hungnb/cocarry_ws/install/motoros2_interfaces/local/lib/python3.10/dist-packages/motoros2_interfaces/msg/_queue_result_enum.py
[3.057s] -- Up-to-date symlink: /home/hungnb/cocarry_ws/install/motoros2_interfaces/local/lib/python3.10/dist-packages/motoros2_interfaces/msg/_queue_result_enum_s.c
[3.057s] -- Up-to-date symlink: /home/hungnb/cocarry_ws/install/motoros2_interfaces/local/lib/python3.10/dist-packages/motoros2_interfaces/msg/_selection_result_codes.py
[3.057s] -- Up-to-date symlink: /home/hungnb/cocarry_ws/install/motoros2_interfaces/local/lib/python3.10/dist-packages/motoros2_interfaces/msg/_selection_result_codes_s.c
[3.057s] -- Up-to-date symlink: /home/hungnb/cocarry_ws/install/motoros2_interfaces/local/lib/python3.10/dist-packages/motoros2_interfaces/srv/__init__.py
[3.057s] -- Up-to-date symlink: /home/hungnb/cocarry_ws/install/motoros2_interfaces/local/lib/python3.10/dist-packages/motoros2_interfaces/srv/_get_active_alarm_info.py
[3.057s] -- Up-to-date symlink: /home/hungnb/cocarry_ws/install/motoros2_interfaces/local/lib/python3.10/dist-packages/motoros2_interfaces/srv/_get_active_alarm_info_s.c
[3.057s] -- Up-to-date symlink: /home/hungnb/cocarry_ws/install/motoros2_interfaces/local/lib/python3.10/dist-packages/motoros2_interfaces/srv/_list_inform_jobs.py
[3.057s] -- Up-to-date symlink: /home/hungnb/cocarry_ws/install/motoros2_interfaces/local/lib/python3.10/dist-packages/motoros2_interfaces/srv/_list_inform_jobs_s.c
[3.057s] -- Up-to-date symlink: /home/hungnb/cocarry_ws/install/motoros2_interfaces/local/lib/python3.10/dist-packages/motoros2_interfaces/srv/_queue_traj_point.py
[3.058s] -- Up-to-date symlink: /home/hungnb/cocarry_ws/install/motoros2_interfaces/local/lib/python3.10/dist-packages/motoros2_interfaces/srv/_queue_traj_point_s.c
[3.058s] -- Up-to-date symlink: /home/hungnb/cocarry_ws/install/motoros2_interfaces/local/lib/python3.10/dist-packages/motoros2_interfaces/srv/_read_group_io.py
[3.058s] -- Up-to-date symlink: /home/hungnb/cocarry_ws/install/motoros2_interfaces/local/lib/python3.10/dist-packages/motoros2_interfaces/srv/_read_group_io_s.c
[3.058s] -- Up-to-date symlink: /home/hungnb/cocarry_ws/install/motoros2_interfaces/local/lib/python3.10/dist-packages/motoros2_interfaces/srv/_read_m_register.py
[3.058s] -- Up-to-date symlink: /home/hungnb/cocarry_ws/install/motoros2_interfaces/local/lib/python3.10/dist-packages/motoros2_interfaces/srv/_read_m_register_s.c
[3.058s] -- Up-to-date symlink: /home/hungnb/cocarry_ws/install/motoros2_interfaces/local/lib/python3.10/dist-packages/motoros2_interfaces/srv/_read_single_io.py
[3.058s] -- Up-to-date symlink: /home/hungnb/cocarry_ws/install/motoros2_interfaces/local/lib/python3.10/dist-packages/motoros2_interfaces/srv/_read_single_io_s.c
[3.058s] -- Up-to-date symlink: /home/hungnb/cocarry_ws/install/motoros2_interfaces/local/lib/python3.10/dist-packages/motoros2_interfaces/srv/_reset_error.py
[3.058s] -- Up-to-date symlink: /home/hungnb/cocarry_ws/install/motoros2_interfaces/local/lib/python3.10/dist-packages/motoros2_interfaces/srv/_reset_error_s.c
[3.058s] -- Up-to-date symlink: /home/hungnb/cocarry_ws/install/motoros2_interfaces/local/lib/python3.10/dist-packages/motoros2_interfaces/srv/_select_motion_tool.py
[3.058s] -- Up-to-date symlink: /home/hungnb/cocarry_ws/install/motoros2_interfaces/local/lib/python3.10/dist-packages/motoros2_interfaces/srv/_select_motion_tool_s.c
[3.058s] -- Up-to-date symlink: /home/hungnb/cocarry_ws/install/motoros2_interfaces/local/lib/python3.10/dist-packages/motoros2_interfaces/srv/_start_point_queue_mode.py
[3.058s] -- Up-to-date symlink: /home/hungnb/cocarry_ws/install/motoros2_interfaces/local/lib/python3.10/dist-packages/motoros2_interfaces/srv/_start_point_queue_mode_s.c
[3.058s] -- Up-to-date symlink: /home/hungnb/cocarry_ws/install/motoros2_interfaces/local/lib/python3.10/dist-packages/motoros2_interfaces/srv/_start_traj_mode.py
[3.059s] -- Up-to-date symlink: /home/hungnb/cocarry_ws/install/motoros2_interfaces/local/lib/python3.10/dist-packages/motoros2_interfaces/srv/_start_traj_mode_s.c
[3.059s] -- Up-to-date symlink: /home/hungnb/cocarry_ws/install/motoros2_interfaces/local/lib/python3.10/dist-packages/motoros2_interfaces/srv/_write_group_io.py
[3.059s] -- Up-to-date symlink: /home/hungnb/cocarry_ws/install/motoros2_interfaces/local/lib/python3.10/dist-packages/motoros2_interfaces/srv/_write_group_io_s.c
[3.059s] -- Up-to-date symlink: /home/hungnb/cocarry_ws/install/motoros2_interfaces/local/lib/python3.10/dist-packages/motoros2_interfaces/srv/_write_m_register.py
[3.059s] -- Up-to-date symlink: /home/hungnb/cocarry_ws/install/motoros2_interfaces/local/lib/python3.10/dist-packages/motoros2_interfaces/srv/_write_m_register_s.c
[3.059s] -- Up-to-date symlink: /home/hungnb/cocarry_ws/install/motoros2_interfaces/local/lib/python3.10/dist-packages/motoros2_interfaces/srv/_write_single_io.py
[3.059s] -- Up-to-date symlink: /home/hungnb/cocarry_ws/install/motoros2_interfaces/local/lib/python3.10/dist-packages/motoros2_interfaces/srv/_write_single_io_s.c
[3.059s] -- Up-to-date symlink: /home/hungnb/cocarry_ws/install/motoros2_interfaces/local/lib/python3.10/dist-packages/motoros2_interfaces/motoros2_interfaces_s__rosidl_typesupport_fastrtps_c.cpython-310-x86_64-linux-gnu.so
[3.059s] -- Up-to-date symlink: /home/hungnb/cocarry_ws/install/motoros2_interfaces/local/lib/python3.10/dist-packages/motoros2_interfaces/motoros2_interfaces_s__rosidl_typesupport_introspection_c.cpython-310-x86_64-linux-gnu.so
[3.059s] -- Up-to-date symlink: /home/hungnb/cocarry_ws/install/motoros2_interfaces/local/lib/python3.10/dist-packages/motoros2_interfaces/motoros2_interfaces_s__rosidl_typesupport_c.cpython-310-x86_64-linux-gnu.so
[3.059s] -- Up-to-date symlink: /home/hungnb/cocarry_ws/install/motoros2_interfaces/share/ament_index/resource_index/rust_packages/motoros2_interfaces
[3.059s] -- Up-to-date symlink: /home/hungnb/cocarry_ws/install/motoros2_interfaces/share/motoros2_interfaces/rust/Cargo.toml
[3.059s] -- Up-to-date symlink: /home/hungnb/cocarry_ws/install/motoros2_interfaces/share/motoros2_interfaces/rust/build.rs
[3.059s] -- Up-to-date symlink: /home/hungnb/cocarry_ws/install/motoros2_interfaces/share/motoros2_interfaces/rust/src/lib.rs
[3.059s] -- Up-to-date symlink: /home/hungnb/cocarry_ws/install/motoros2_interfaces/share/motoros2_interfaces/rust/src/msg.rs
[3.059s] -- Up-to-date symlink: /home/hungnb/cocarry_ws/install/motoros2_interfaces/share/motoros2_interfaces/rust/src/msg/rmw.rs
[3.059s] -- Up-to-date symlink: /home/hungnb/cocarry_ws/install/motoros2_interfaces/share/motoros2_interfaces/rust/src/srv.rs
[3.059s] -- Up-to-date symlink: /home/hungnb/cocarry_ws/install/motoros2_interfaces/share/motoros2_interfaces/rust/src/srv/rmw.rs
[3.059s] -- Up-to-date symlink: /home/hungnb/cocarry_ws/install/motoros2_interfaces/share/motoros2_interfaces/msg/AlarmInfo.idl
[3.059s] -- Up-to-date symlink: /home/hungnb/cocarry_ws/install/motoros2_interfaces/share/motoros2_interfaces/msg/AlarmCauseRemedy.idl
[3.059s] -- Up-to-date symlink: /home/hungnb/cocarry_ws/install/motoros2_interfaces/share/motoros2_interfaces/msg/ErrorInfo.idl
[3.059s] -- Up-to-date symlink: /home/hungnb/cocarry_ws/install/motoros2_interfaces/share/motoros2_interfaces/msg/InformJobCrudResultCodes.idl
[3.059s] -- Up-to-date symlink: /home/hungnb/cocarry_ws/install/motoros2_interfaces/share/motoros2_interfaces/msg/InitTrajEnum.idl
[3.060s] -- Up-to-date symlink: /home/hungnb/cocarry_ws/install/motoros2_interfaces/share/motoros2_interfaces/msg/IoResultCodes.idl
[3.060s] -- Up-to-date symlink: /home/hungnb/cocarry_ws/install/motoros2_interfaces/share/motoros2_interfaces/msg/MotionReadyEnum.idl
[3.060s] -- Up-to-date symlink: /home/hungnb/cocarry_ws/install/motoros2_interfaces/share/motoros2_interfaces/msg/QueueResultEnum.idl
[3.060s] -- Up-to-date symlink: /home/hungnb/cocarry_ws/install/motoros2_interfaces/share/motoros2_interfaces/msg/SelectionResultCodes.idl
[3.060s] -- Up-to-date symlink: /home/hungnb/cocarry_ws/install/motoros2_interfaces/share/motoros2_interfaces/srv/GetActiveAlarmInfo.idl
[3.060s] -- Up-to-date symlink: /home/hungnb/cocarry_ws/install/motoros2_interfaces/share/motoros2_interfaces/srv/ListInformJobs.idl
[3.060s] -- Up-to-date symlink: /home/hungnb/cocarry_ws/install/motoros2_interfaces/share/motoros2_interfaces/srv/QueueTrajPoint.idl
[3.060s] -- Up-to-date symlink: /home/hungnb/cocarry_ws/install/motoros2_interfaces/share/motoros2_interfaces/srv/ReadMRegister.idl
[3.060s] -- Up-to-date symlink: /home/hungnb/cocarry_ws/install/motoros2_interfaces/share/motoros2_interfaces/srv/ReadSingleIO.idl
[3.060s] -- Up-to-date symlink: /home/hungnb/cocarry_ws/install/motoros2_interfaces/share/motoros2_interfaces/srv/ReadGroupIO.idl
[3.060s] -- Up-to-date symlink: /home/hungnb/cocarry_ws/install/motoros2_interfaces/share/motoros2_interfaces/srv/ResetError.idl
[3.060s] -- Up-to-date symlink: /home/hungnb/cocarry_ws/install/motoros2_interfaces/share/motoros2_interfaces/srv/SelectMotionTool.idl
[3.060s] -- Up-to-date symlink: /home/hungnb/cocarry_ws/install/motoros2_interfaces/share/motoros2_interfaces/srv/StartTrajMode.idl
[3.060s] -- Up-to-date symlink: /home/hungnb/cocarry_ws/install/motoros2_interfaces/share/motoros2_interfaces/srv/StartPointQueueMode.idl
[3.060s] -- Up-to-date symlink: /home/hungnb/cocarry_ws/install/motoros2_interfaces/share/motoros2_interfaces/srv/WriteMRegister.idl
[3.060s] -- Up-to-date symlink: /home/hungnb/cocarry_ws/install/motoros2_interfaces/share/motoros2_interfaces/srv/WriteSingleIO.idl
[3.060s] -- Up-to-date symlink: /home/hungnb/cocarry_ws/install/motoros2_interfaces/share/motoros2_interfaces/srv/WriteGroupIO.idl
[3.060s] -- Up-to-date symlink: /home/hungnb/cocarry_ws/install/motoros2_interfaces/share/motoros2_interfaces/msg/AlarmInfo.msg
[3.060s] -- Up-to-date symlink: /home/hungnb/cocarry_ws/install/motoros2_interfaces/share/motoros2_interfaces/msg/AlarmCauseRemedy.msg
[3.060s] -- Up-to-date symlink: /home/hungnb/cocarry_ws/install/motoros2_interfaces/share/motoros2_interfaces/msg/ErrorInfo.msg
[3.060s] -- Up-to-date symlink: /home/hungnb/cocarry_ws/install/motoros2_interfaces/share/motoros2_interfaces/msg/InformJobCrudResultCodes.msg
[3.061s] -- Up-to-date symlink: /home/hungnb/cocarry_ws/install/motoros2_interfaces/share/motoros2_interfaces/msg/InitTrajEnum.msg
[3.061s] -- Up-to-date symlink: /home/hungnb/cocarry_ws/install/motoros2_interfaces/share/motoros2_interfaces/msg/IoResultCodes.msg
[3.061s] -- Up-to-date symlink: /home/hungnb/cocarry_ws/install/motoros2_interfaces/share/motoros2_interfaces/msg/MotionReadyEnum.msg
[3.061s] -- Up-to-date symlink: /home/hungnb/cocarry_ws/install/motoros2_interfaces/share/motoros2_interfaces/msg/QueueResultEnum.msg
[3.061s] -- Up-to-date symlink: /home/hungnb/cocarry_ws/install/motoros2_interfaces/share/motoros2_interfaces/msg/SelectionResultCodes.msg
[3.061s] -- Up-to-date symlink: /home/hungnb/cocarry_ws/install/motoros2_interfaces/share/motoros2_interfaces/srv/GetActiveAlarmInfo.srv
[3.061s] -- Up-to-date symlink: /home/hungnb/cocarry_ws/install/motoros2_interfaces/share/motoros2_interfaces/srv/GetActiveAlarmInfo_Request.msg
[3.061s] -- Up-to-date symlink: /home/hungnb/cocarry_ws/install/motoros2_interfaces/share/motoros2_interfaces/srv/GetActiveAlarmInfo_Response.msg
[3.061s] -- Up-to-date symlink: /home/hungnb/cocarry_ws/install/motoros2_interfaces/share/motoros2_interfaces/srv/ListInformJobs.srv
[3.061s] -- Up-to-date symlink: /home/hungnb/cocarry_ws/install/motoros2_interfaces/share/motoros2_interfaces/srv/ListInformJobs_Request.msg
[3.061s] -- Up-to-date symlink: /home/hungnb/cocarry_ws/install/motoros2_interfaces/share/motoros2_interfaces/srv/ListInformJobs_Response.msg
[3.061s] -- Up-to-date symlink: /home/hungnb/cocarry_ws/install/motoros2_interfaces/share/motoros2_interfaces/srv/QueueTrajPoint.srv
[3.061s] -- Up-to-date symlink: /home/hungnb/cocarry_ws/install/motoros2_interfaces/share/motoros2_interfaces/srv/QueueTrajPoint_Request.msg
[3.061s] -- Up-to-date symlink: /home/hungnb/cocarry_ws/install/motoros2_interfaces/share/motoros2_interfaces/srv/QueueTrajPoint_Response.msg
[3.061s] -- Up-to-date symlink: /home/hungnb/cocarry_ws/install/motoros2_interfaces/share/motoros2_interfaces/srv/ReadMRegister.srv
[3.061s] -- Up-to-date symlink: /home/hungnb/cocarry_ws/install/motoros2_interfaces/share/motoros2_interfaces/srv/ReadMRegister_Request.msg
[3.061s] -- Up-to-date symlink: /home/hungnb/cocarry_ws/install/motoros2_interfaces/share/motoros2_interfaces/srv/ReadMRegister_Response.msg
[3.062s] -- Up-to-date symlink: /home/hungnb/cocarry_ws/install/motoros2_interfaces/share/motoros2_interfaces/srv/ReadSingleIO.srv
[3.062s] -- Up-to-date symlink: /home/hungnb/cocarry_ws/install/motoros2_interfaces/share/motoros2_interfaces/srv/ReadSingleIO_Request.msg
[3.062s] -- Up-to-date symlink: /home/hungnb/cocarry_ws/install/motoros2_interfaces/share/motoros2_interfaces/srv/ReadSingleIO_Response.msg
[3.062s] -- Up-to-date symlink: /home/hungnb/cocarry_ws/install/motoros2_interfaces/share/motoros2_interfaces/srv/ReadGroupIO.srv
[3.062s] -- Up-to-date symlink: /home/hungnb/cocarry_ws/install/motoros2_interfaces/share/motoros2_interfaces/srv/ReadGroupIO_Request.msg
[3.062s] -- Up-to-date symlink: /home/hungnb/cocarry_ws/install/motoros2_interfaces/share/motoros2_interfaces/srv/ReadGroupIO_Response.msg
[3.062s] -- Up-to-date symlink: /home/hungnb/cocarry_ws/install/motoros2_interfaces/share/motoros2_interfaces/srv/ResetError.srv
[3.062s] -- Up-to-date symlink: /home/hungnb/cocarry_ws/install/motoros2_interfaces/share/motoros2_interfaces/srv/ResetError_Request.msg
[3.062s] -- Up-to-date symlink: /home/hungnb/cocarry_ws/install/motoros2_interfaces/share/motoros2_interfaces/srv/ResetError_Response.msg
[3.062s] -- Up-to-date symlink: /home/hungnb/cocarry_ws/install/motoros2_interfaces/share/motoros2_interfaces/srv/SelectMotionTool.srv
[3.062s] -- Up-to-date symlink: /home/hungnb/cocarry_ws/install/motoros2_interfaces/share/motoros2_interfaces/srv/SelectMotionTool_Request.msg
[3.062s] -- Up-to-date symlink: /home/hungnb/cocarry_ws/install/motoros2_interfaces/share/motoros2_interfaces/srv/SelectMotionTool_Response.msg
[3.062s] -- Up-to-date symlink: /home/hungnb/cocarry_ws/install/motoros2_interfaces/share/motoros2_interfaces/srv/StartTrajMode.srv
[3.062s] -- Up-to-date symlink: /home/hungnb/cocarry_ws/install/motoros2_interfaces/share/motoros2_interfaces/srv/StartTrajMode_Request.msg
[3.062s] -- Up-to-date symlink: /home/hungnb/cocarry_ws/install/motoros2_interfaces/share/motoros2_interfaces/srv/StartTrajMode_Response.msg
[3.062s] -- Up-to-date symlink: /home/hungnb/cocarry_ws/install/motoros2_interfaces/share/motoros2_interfaces/srv/StartPointQueueMode.srv
[3.062s] -- Up-to-date symlink: /home/hungnb/cocarry_ws/install/motoros2_interfaces/share/motoros2_interfaces/srv/StartPointQueueMode_Request.msg
[3.062s] -- Up-to-date symlink: /home/hungnb/cocarry_ws/install/motoros2_interfaces/share/motoros2_interfaces/srv/StartPointQueueMode_Response.msg
[3.062s] -- Up-to-date symlink: /home/hungnb/cocarry_ws/install/motoros2_interfaces/share/motoros2_interfaces/srv/WriteMRegister.srv
[3.062s] -- Up-to-date symlink: /home/hungnb/cocarry_ws/install/motoros2_interfaces/share/motoros2_interfaces/srv/WriteMRegister_Request.msg
[3.062s] -- Up-to-date symlink: /home/hungnb/cocarry_ws/install/motoros2_interfaces/share/motoros2_interfaces/srv/WriteMRegister_Response.msg
[3.063s] -- Up-to-date symlink: /home/hungnb/cocarry_ws/install/motoros2_interfaces/share/motoros2_interfaces/srv/WriteSingleIO.srv
[3.063s] -- Up-to-date symlink: /home/hungnb/cocarry_ws/install/motoros2_interfaces/share/motoros2_interfaces/srv/WriteSingleIO_Request.msg
[3.063s] -- Up-to-date symlink: /home/hungnb/cocarry_ws/install/motoros2_interfaces/share/motoros2_interfaces/srv/WriteSingleIO_Response.msg
[3.063s] -- Up-to-date symlink: /home/hungnb/cocarry_ws/install/motoros2_interfaces/share/motoros2_interfaces/srv/WriteGroupIO.srv
[3.063s] -- Up-to-date symlink: /home/hungnb/cocarry_ws/install/motoros2_interfaces/share/motoros2_interfaces/srv/WriteGroupIO_Request.msg
[3.063s] -- Up-to-date symlink: /home/hungnb/cocarry_ws/install/motoros2_interfaces/share/motoros2_interfaces/srv/WriteGroupIO_Response.msg
[3.063s] -- Up-to-date symlink: /home/hungnb/cocarry_ws/install/motoros2_interfaces/share/ament_index/resource_index/package_run_dependencies/motoros2_interfaces
[3.063s] -- Up-to-date symlink: /home/hungnb/cocarry_ws/install/motoros2_interfaces/share/ament_index/resource_index/parent_prefix_path/motoros2_interfaces
[3.063s] -- Up-to-date symlink: /home/hungnb/cocarry_ws/install/motoros2_interfaces/share/motoros2_interfaces/environment/ament_prefix_path.sh
[3.063s] -- Up-to-date symlink: /home/hungnb/cocarry_ws/install/motoros2_interfaces/share/motoros2_interfaces/environment/ament_prefix_path.dsv
[3.063s] -- Up-to-date symlink: /home/hungnb/cocarry_ws/install/motoros2_interfaces/share/motoros2_interfaces/environment/path.sh
[3.063s] -- Up-to-date symlink: /home/hungnb/cocarry_ws/install/motoros2_interfaces/share/motoros2_interfaces/environment/path.dsv
[3.063s] -- Up-to-date symlink: /home/hungnb/cocarry_ws/install/motoros2_interfaces/share/motoros2_interfaces/local_setup.bash
[3.063s] -- Up-to-date symlink: /home/hungnb/cocarry_ws/install/motoros2_interfaces/share/motoros2_interfaces/local_setup.sh
[3.063s] -- Up-to-date symlink: /home/hungnb/cocarry_ws/install/motoros2_interfaces/share/motoros2_interfaces/local_setup.zsh
[3.063s] -- Up-to-date symlink: /home/hungnb/cocarry_ws/install/motoros2_interfaces/share/motoros2_interfaces/local_setup.dsv
[3.063s] -- Symlinking: /home/hungnb/cocarry_ws/install/motoros2_interfaces/share/motoros2_interfaces/package.dsv
[3.074s] -- Up-to-date symlink: /home/hungnb/cocarry_ws/install/motoros2_interfaces/share/ament_index/resource_index/packages/motoros2_interfaces
[3.074s] -- Up-to-date symlink: /home/hungnb/cocarry_ws/install/motoros2_interfaces/share/motoros2_interfaces/cmake/rosidl_cmake-extras.cmake
[3.074s] -- Up-to-date symlink: /home/hungnb/cocarry_ws/install/motoros2_interfaces/share/motoros2_interfaces/cmake/ament_cmake_export_dependencies-extras.cmake
[3.074s] -- Up-to-date symlink: /home/hungnb/cocarry_ws/install/motoros2_interfaces/share/motoros2_interfaces/cmake/ament_cmake_export_include_directories-extras.cmake
[3.074s] -- Up-to-date symlink: /home/hungnb/cocarry_ws/install/motoros2_interfaces/share/motoros2_interfaces/cmake/ament_cmake_export_libraries-extras.cmake
[3.074s] -- Up-to-date symlink: /home/hungnb/cocarry_ws/install/motoros2_interfaces/share/motoros2_interfaces/cmake/ament_cmake_export_targets-extras.cmake
[3.074s] -- Up-to-date symlink: /home/hungnb/cocarry_ws/install/motoros2_interfaces/share/motoros2_interfaces/cmake/rosidl_cmake_export_typesupport_targets-extras.cmake
[3.074s] -- Up-to-date symlink: /home/hungnb/cocarry_ws/install/motoros2_interfaces/share/motoros2_interfaces/cmake/rosidl_cmake_export_typesupport_libraries-extras.cmake
[3.074s] -- Up-to-date symlink: /home/hungnb/cocarry_ws/install/motoros2_interfaces/share/motoros2_interfaces/cmake/rosidl_cmake_aggregate_target-extras.cmake
[3.075s] -- Up-to-date symlink: /home/hungnb/cocarry_ws/install/motoros2_interfaces/share/motoros2_interfaces/cmake/motoros2_interfacesConfig.cmake
[3.075s] -- Up-to-date symlink: /home/hungnb/cocarry_ws/install/motoros2_interfaces/share/motoros2_interfaces/cmake/motoros2_interfacesConfig-version.cmake
[3.075s] -- Up-to-date symlink: /home/hungnb/cocarry_ws/install/motoros2_interfaces/share/motoros2_interfaces/package.xml
[3.075s] -- Up-to-date: /home/hungnb/cocarry_ws/install/motoros2_interfaces/lib/libmotoros2_interfaces__rosidl_generator_c.so
[3.076s] -- Up-to-date: /home/hungnb/cocarry_ws/install/motoros2_interfaces/lib/libmotoros2_interfaces__rosidl_typesupport_fastrtps_c.so
[3.077s] -- Up-to-date: /home/hungnb/cocarry_ws/install/motoros2_interfaces/lib/libmotoros2_interfaces__rosidl_typesupport_fastrtps_cpp.so
[3.078s] -- Up-to-date: /home/hungnb/cocarry_ws/install/motoros2_interfaces/lib/libmotoros2_interfaces__rosidl_typesupport_introspection_c.so
[3.079s] -- Up-to-date: /home/hungnb/cocarry_ws/install/motoros2_interfaces/lib/libmotoros2_interfaces__rosidl_typesupport_c.so
[3.079s] -- Up-to-date: /home/hungnb/cocarry_ws/install/motoros2_interfaces/lib/libmotoros2_interfaces__rosidl_typesupport_introspection_cpp.so
[3.080s] -- Up-to-date: /home/hungnb/cocarry_ws/install/motoros2_interfaces/lib/libmotoros2_interfaces__rosidl_typesupport_cpp.so
[3.107s] Listing '/home/hungnb/cocarry_ws/install/motoros2_interfaces/local/lib/python3.10/dist-packages/motoros2_interfaces'...
[3.107s] Compiling '/home/hungnb/cocarry_ws/install/motoros2_interfaces/local/lib/python3.10/dist-packages/motoros2_interfaces/__init__.py'...
[3.107s] Listing '/home/hungnb/cocarry_ws/install/motoros2_interfaces/local/lib/python3.10/dist-packages/motoros2_interfaces/msg'...
[3.107s] Listing '/home/hungnb/cocarry_ws/install/motoros2_interfaces/local/lib/python3.10/dist-packages/motoros2_interfaces/srv'...
[3.112s] -- Up-to-date: /home/hungnb/cocarry_ws/install/motoros2_interfaces/lib/libmotoros2_interfaces__rosidl_generator_py.so
[3.112s] -- Up-to-date: /home/hungnb/cocarry_ws/install/motoros2_interfaces/share/motoros2_interfaces/cmake/export_motoros2_interfaces__rosidl_generator_cExport.cmake
[3.112s] -- Up-to-date: /home/hungnb/cocarry_ws/install/motoros2_interfaces/share/motoros2_interfaces/cmake/export_motoros2_interfaces__rosidl_generator_cExport-noconfig.cmake
[3.113s] -- Up-to-date: /home/hungnb/cocarry_ws/install/motoros2_interfaces/share/motoros2_interfaces/cmake/export_motoros2_interfaces__rosidl_typesupport_fastrtps_cExport.cmake
[3.113s] -- Up-to-date: /home/hungnb/cocarry_ws/install/motoros2_interfaces/share/motoros2_interfaces/cmake/export_motoros2_interfaces__rosidl_typesupport_fastrtps_cExport-noconfig.cmake
[3.113s] -- Up-to-date: /home/hungnb/cocarry_ws/install/motoros2_interfaces/share/motoros2_interfaces/cmake/export_motoros2_interfaces__rosidl_generator_cppExport.cmake
[3.113s] -- Up-to-date: /home/hungnb/cocarry_ws/install/motoros2_interfaces/share/motoros2_interfaces/cmake/export_motoros2_interfaces__rosidl_typesupport_fastrtps_cppExport.cmake
[3.113s] -- Up-to-date: /home/hungnb/cocarry_ws/install/motoros2_interfaces/share/motoros2_interfaces/cmake/export_motoros2_interfaces__rosidl_typesupport_fastrtps_cppExport-noconfig.cmake
[3.114s] -- Up-to-date: /home/hungnb/cocarry_ws/install/motoros2_interfaces/share/motoros2_interfaces/cmake/motoros2_interfaces__rosidl_typesupport_introspection_cExport.cmake
[3.114s] -- Up-to-date: /home/hungnb/cocarry_ws/install/motoros2_interfaces/share/motoros2_interfaces/cmake/motoros2_interfaces__rosidl_typesupport_introspection_cExport-noconfig.cmake
[3.114s] -- Up-to-date: /home/hungnb/cocarry_ws/install/motoros2_interfaces/share/motoros2_interfaces/cmake/motoros2_interfaces__rosidl_typesupport_cExport.cmake
[3.114s] -- Up-to-date: /home/hungnb/cocarry_ws/install/motoros2_interfaces/share/motoros2_interfaces/cmake/motoros2_interfaces__rosidl_typesupport_cExport-noconfig.cmake
[3.114s] -- Up-to-date: /home/hungnb/cocarry_ws/install/motoros2_interfaces/share/motoros2_interfaces/cmake/motoros2_interfaces__rosidl_typesupport_introspection_cppExport.cmake
[3.114s] -- Up-to-date: /home/hungnb/cocarry_ws/install/motoros2_interfaces/share/motoros2_interfaces/cmake/motoros2_interfaces__rosidl_typesupport_introspection_cppExport-noconfig.cmake
[3.114s] -- Up-to-date: /home/hungnb/cocarry_ws/install/motoros2_interfaces/share/motoros2_interfaces/cmake/motoros2_interfaces__rosidl_typesupport_cppExport.cmake
[3.114s] -- Up-to-date: /home/hungnb/cocarry_ws/install/motoros2_interfaces/share/motoros2_interfaces/cmake/motoros2_interfaces__rosidl_typesupport_cppExport-noconfig.cmake
[3.114s] -- Up-to-date: /home/hungnb/cocarry_ws/install/motoros2_interfaces/share/motoros2_interfaces/cmake/export_motoros2_interfaces__rosidl_generator_pyExport.cmake
[3.115s] -- Up-to-date: /home/hungnb/cocarry_ws/install/motoros2_interfaces/share/motoros2_interfaces/cmake/export_motoros2_interfaces__rosidl_generator_pyExport-noconfig.cmake
[3.329s] Invoked command in '/home/hungnb/cocarry_ws/build/motoros2_interfaces' returned '0': CMAKE_PREFIX_PATH=/opt/ros/humble /usr/bin/cmake --install /home/hungnb/cocarry_ws/build/motoros2_interfaces
