[0.239s] Invoking command in '/home/hungnb/cocarry_ws/build/motoman_sia5d_support': AMENT_PREFIX_PATH=/home/hungnb/cocarry_ws/install/motoman_resources:${AMENT_PREFIX_PATH} CMAKE_PREFIX_PATH=/home/hungnb/cocarry_ws/install/motoman_resources:/opt/ros/humble /usr/bin/cmake --build /home/hungnb/cocarry_ws/build/motoman_sia5d_support -- -j16 -l16
[0.324s] Invoked command in '/home/hungnb/cocarry_ws/build/motoman_sia5d_support' returned '0': AMENT_PREFIX_PATH=/home/hungnb/cocarry_ws/install/motoman_resources:${AMENT_PREFIX_PATH} CMAKE_PREFIX_PATH=/home/hungnb/cocarry_ws/install/motoman_resources:/opt/ros/humble /usr/bin/cmake --build /home/hungnb/cocarry_ws/build/motoman_sia5d_support -- -j16 -l16
[0.325s] Invoking command in '/home/hungnb/cocarry_ws/build/motoman_sia5d_support': AMENT_PREFIX_PATH=/home/hungnb/cocarry_ws/install/motoman_resources:${AMENT_PREFIX_PATH} CMAKE_PREFIX_PATH=/home/hungnb/cocarry_ws/install/motoman_resources:/opt/ros/humble /usr/bin/cmake --install /home/hungnb/cocarry_ws/build/motoman_sia5d_support
[0.357s] -- Install configuration: ""
[0.357s] -- Execute custom install script
[0.358s] -- Up-to-date symlink: /home/hungnb/cocarry_ws/install/motoman_sia5d_support/share/ament_index/resource_index/package_run_dependencies/motoman_sia5d_support
[0.358s] -- Up-to-date symlink: /home/hungnb/cocarry_ws/install/motoman_sia5d_support/share/ament_index/resource_index/parent_prefix_path/motoman_sia5d_support
[0.358s] -- Up-to-date symlink: /home/hungnb/cocarry_ws/install/motoman_sia5d_support/share/motoman_sia5d_support/environment/ament_prefix_path.sh
[0.358s] -- Up-to-date symlink: /home/hungnb/cocarry_ws/install/motoman_sia5d_support/share/motoman_sia5d_support/environment/ament_prefix_path.dsv
[0.358s] -- Up-to-date symlink: /home/hungnb/cocarry_ws/install/motoman_sia5d_support/share/motoman_sia5d_support/environment/path.sh
[0.358s] -- Up-to-date symlink: /home/hungnb/cocarry_ws/install/motoman_sia5d_support/share/motoman_sia5d_support/environment/path.dsv
[0.358s] -- Up-to-date symlink: /home/hungnb/cocarry_ws/install/motoman_sia5d_support/share/motoman_sia5d_support/local_setup.bash
[0.358s] -- Up-to-date symlink: /home/hungnb/cocarry_ws/install/motoman_sia5d_support/share/motoman_sia5d_support/local_setup.sh
[0.358s] -- Up-to-date symlink: /home/hungnb/cocarry_ws/install/motoman_sia5d_support/share/motoman_sia5d_support/local_setup.zsh
[0.358s] -- Up-to-date symlink: /home/hungnb/cocarry_ws/install/motoman_sia5d_support/share/motoman_sia5d_support/local_setup.dsv
[0.358s] -- Symlinking: /home/hungnb/cocarry_ws/install/motoman_sia5d_support/share/motoman_sia5d_support/package.dsv
[0.358s] -- Up-to-date symlink: /home/hungnb/cocarry_ws/install/motoman_sia5d_support/share/ament_index/resource_index/packages/motoman_sia5d_support
[0.358s] -- Up-to-date symlink: /home/hungnb/cocarry_ws/install/motoman_sia5d_support/share/motoman_sia5d_support/cmake/motoman_sia5d_supportConfig.cmake
[0.358s] -- Up-to-date symlink: /home/hungnb/cocarry_ws/install/motoman_sia5d_support/share/motoman_sia5d_support/cmake/motoman_sia5d_supportConfig-version.cmake
[0.358s] -- Up-to-date symlink: /home/hungnb/cocarry_ws/install/motoman_sia5d_support/share/motoman_sia5d_support/package.xml
[0.358s] -- Up-to-date symlink: /home/hungnb/cocarry_ws/install/motoman_sia5d_support/share/motoman_sia5d_support/launch/view_sia5d.launch.xml
[0.358s] -- Up-to-date symlink: /home/hungnb/cocarry_ws/install/motoman_sia5d_support/share/motoman_sia5d_support/meshes/sia5d/collision/base_link.dae
[0.358s] -- Up-to-date symlink: /home/hungnb/cocarry_ws/install/motoman_sia5d_support/share/motoman_sia5d_support/meshes/sia5d/collision/link_1.dae
[0.358s] -- Up-to-date symlink: /home/hungnb/cocarry_ws/install/motoman_sia5d_support/share/motoman_sia5d_support/meshes/sia5d/collision/link_2.dae
[0.358s] -- Up-to-date symlink: /home/hungnb/cocarry_ws/install/motoman_sia5d_support/share/motoman_sia5d_support/meshes/sia5d/collision/link_3.dae
[0.358s] -- Up-to-date symlink: /home/hungnb/cocarry_ws/install/motoman_sia5d_support/share/motoman_sia5d_support/meshes/sia5d/collision/link_4.dae
[0.358s] -- Up-to-date symlink: /home/hungnb/cocarry_ws/install/motoman_sia5d_support/share/motoman_sia5d_support/meshes/sia5d/collision/link_5.dae
[0.359s] -- Up-to-date symlink: /home/hungnb/cocarry_ws/install/motoman_sia5d_support/share/motoman_sia5d_support/meshes/sia5d/collision/link_6.dae
[0.359s] -- Up-to-date symlink: /home/hungnb/cocarry_ws/install/motoman_sia5d_support/share/motoman_sia5d_support/meshes/sia5d/collision/link_7.dae
[0.359s] -- Up-to-date symlink: /home/hungnb/cocarry_ws/install/motoman_sia5d_support/share/motoman_sia5d_support/meshes/sia5d/visual/base_link.dae
[0.359s] -- Up-to-date symlink: /home/hungnb/cocarry_ws/install/motoman_sia5d_support/share/motoman_sia5d_support/meshes/sia5d/visual/link_1.dae
[0.359s] -- Up-to-date symlink: /home/hungnb/cocarry_ws/install/motoman_sia5d_support/share/motoman_sia5d_support/meshes/sia5d/visual/link_2.dae
[0.359s] -- Up-to-date symlink: /home/hungnb/cocarry_ws/install/motoman_sia5d_support/share/motoman_sia5d_support/meshes/sia5d/visual/link_3.dae
[0.359s] -- Up-to-date symlink: /home/hungnb/cocarry_ws/install/motoman_sia5d_support/share/motoman_sia5d_support/meshes/sia5d/visual/link_4.dae
[0.359s] -- Up-to-date symlink: /home/hungnb/cocarry_ws/install/motoman_sia5d_support/share/motoman_sia5d_support/meshes/sia5d/visual/link_5.dae
[0.359s] -- Up-to-date symlink: /home/hungnb/cocarry_ws/install/motoman_sia5d_support/share/motoman_sia5d_support/meshes/sia5d/visual/link_6.dae
[0.359s] -- Up-to-date symlink: /home/hungnb/cocarry_ws/install/motoman_sia5d_support/share/motoman_sia5d_support/meshes/sia5d/visual/link_7.dae
[0.359s] -- Up-to-date symlink: /home/hungnb/cocarry_ws/install/motoman_sia5d_support/share/motoman_sia5d_support/urdf/sia5d.xacro
[0.359s] -- Up-to-date symlink: /home/hungnb/cocarry_ws/install/motoman_sia5d_support/share/motoman_sia5d_support/urdf/sia5d_macro.xacro
[0.637s] Invoked command in '/home/hungnb/cocarry_ws/build/motoman_sia5d_support' returned '0': AMENT_PREFIX_PATH=/home/hungnb/cocarry_ws/install/motoman_resources:${AMENT_PREFIX_PATH} CMAKE_PREFIX_PATH=/home/hungnb/cocarry_ws/install/motoman_resources:/opt/ros/humble /usr/bin/cmake --install /home/hungnb/cocarry_ws/build/motoman_sia5d_support
