-- The C compiler identification is GNU 11.4.0
-- The CXX compiler identification is GNU 11.4.0
-- Detecting C compiler ABI info
-- Detecting C compiler ABI info - done
-- Check for working C compiler: /usr/bin/cc - skipped
-- Detecting C compile features
-- Detecting C compile features - done
-- Detecting CXX compiler ABI info
-- Detecting CXX compiler ABI info - done
-- Check for working CXX compiler: /usr/bin/c++ - skipped
-- Detecting CXX compile features
-- Detecting CXX compile features - done
-- using tinythread as threading library
-- Found PkgConfig: /usr/bin/pkg-config (found version "0.29.2") 
-- Checking for module 'libusb-1.0>=1.0.20'
--   Found libusb-1.0, version 1.0.25
-- Checking for modules 'libva;libva-drm'
--   Found libva, version 1.14.0
--   Found libva-drm, version 1.14.0
-- Found JPEG: /usr/lib/x86_64-linux-gnu/libjpeg.so (found version "80") 
-- Could NOT find TegraJPEG (missing: TegraJPEG_LIBRARIES TegraJPEG_INCLUDE_DIRS TegraJPEG_WORKS) 
-- Performing Test TURBOJPEG_WORKS
-- Performing Test TURBOJPEG_WORKS - Success
-- Found TurboJPEG: /usr/lib/x86_64-linux-gnu/libturbojpeg.so.0  
-- Checking for module 'glfw3'
--   Found glfw3, version 3.3.6
-- Found OpenGL: /usr/lib/x86_64-linux-gnu/libOpenGL.so   
-- Looking for CL_VERSION_2_0
-- Looking for CL_VERSION_2_0 - not found
-- Looking for CL_VERSION_1_2
-- Looking for CL_VERSION_1_2 - not found
-- Looking for CL_VERSION_1_1
-- Looking for CL_VERSION_1_1 - not found
-- Looking for CL_VERSION_1_0
-- Looking for CL_VERSION_1_0 - not found
-- Could NOT find OpenCL (missing: OpenCL_LIBRARY OpenCL_INCLUDE_DIR) 
-- Could NOT find CUDA (missing: CUDA_TOOLKIT_ROOT_DIR CUDA_NVCC_EXECUTABLE CUDA_INCLUDE_DIRS CUDA_CUDART_LIBRARY) 
-- Performing Test COMPILER_HAS_HIDDEN_VISIBILITY
-- Performing Test COMPILER_HAS_HIDDEN_VISIBILITY - Success
-- Performing Test COMPILER_HAS_HIDDEN_INLINE_VISIBILITY
-- Performing Test COMPILER_HAS_HIDDEN_INLINE_VISIBILITY - Success
-- Performing Test COMPILER_HAS_DEPRECATED_ATTR
-- Performing Test COMPILER_HAS_DEPRECATED_ATTR - Success
-- Linking with these libraries: 
 /usr/lib/x86_64-linux-gnu/libusb-1.0.so
 pthread
 va-drm
 va
 /usr/lib/x86_64-linux-gnu/libjpeg.so
 /usr/lib/x86_64-linux-gnu/libturbojpeg.so.0
 /usr/lib/x86_64-linux-gnu/libglfw.so
 /usr/lib/x86_64-linux-gnu/libGL.so
-- Could NOT find Doxygen (missing: DOXYGEN_EXECUTABLE) 
-- Configurating examples
-- Using in-tree freenect2 target
-- Checking for module 'libopenni2'
--   Found libopenni2, version 2.2.0.3
-- Found OpenNI2: /usr/lib/x86_64-linux-gnu  
-- Feature list:
--   CUDA    no
--   CXX11    disabled
--   Examples    yes
--   OpenCL    no
--   OpenGL    yes
--   OpenNI2    yes
--   TegraJPEG    no
--   Threading    tinythread
--   TurboJPEG    yes
--   VAAPI    yes
--   VideoToolbox    no (Apple only)
--   streamer_recorder    disabled
-- Configuring done
-- Generating done
-- Build files have been written to: /home/duy/cocarry_ws/build/libfreenect2
