-- Install configuration: ""
-- Execute custom install script
-- Up-to-date symlink: /home/hungnb/cocarry_ws/install/motoman_gp110_support/share/ament_index/resource_index/package_run_dependencies/motoman_gp110_support
-- Up-to-date symlink: /home/hungnb/cocarry_ws/install/motoman_gp110_support/share/ament_index/resource_index/parent_prefix_path/motoman_gp110_support
-- Up-to-date symlink: /home/hungnb/cocarry_ws/install/motoman_gp110_support/share/motoman_gp110_support/environment/ament_prefix_path.sh
-- Up-to-date symlink: /home/hungnb/cocarry_ws/install/motoman_gp110_support/share/motoman_gp110_support/environment/ament_prefix_path.dsv
-- Up-to-date symlink: /home/hungnb/cocarry_ws/install/motoman_gp110_support/share/motoman_gp110_support/environment/path.sh
-- Up-to-date symlink: /home/hungnb/cocarry_ws/install/motoman_gp110_support/share/motoman_gp110_support/environment/path.dsv
-- Up-to-date symlink: /home/hungnb/cocarry_ws/install/motoman_gp110_support/share/motoman_gp110_support/local_setup.bash
-- Up-to-date symlink: /home/hungnb/cocarry_ws/install/motoman_gp110_support/share/motoman_gp110_support/local_setup.sh
-- Up-to-date symlink: /home/hungnb/cocarry_ws/install/motoman_gp110_support/share/motoman_gp110_support/local_setup.zsh
-- Up-to-date symlink: /home/hungnb/cocarry_ws/install/motoman_gp110_support/share/motoman_gp110_support/local_setup.dsv
-- Symlinking: /home/hungnb/cocarry_ws/install/motoman_gp110_support/share/motoman_gp110_support/package.dsv
-- Up-to-date symlink: /home/hungnb/cocarry_ws/install/motoman_gp110_support/share/ament_index/resource_index/packages/motoman_gp110_support
-- Up-to-date symlink: /home/hungnb/cocarry_ws/install/motoman_gp110_support/share/motoman_gp110_support/cmake/motoman_gp110_supportConfig.cmake
-- Up-to-date symlink: /home/hungnb/cocarry_ws/install/motoman_gp110_support/share/motoman_gp110_support/cmake/motoman_gp110_supportConfig-version.cmake
-- Up-to-date symlink: /home/hungnb/cocarry_ws/install/motoman_gp110_support/share/motoman_gp110_support/package.xml
-- Up-to-date symlink: /home/hungnb/cocarry_ws/install/motoman_gp110_support/share/motoman_gp110_support/config/opw_parameters_gp110.yaml
-- Up-to-date symlink: /home/hungnb/cocarry_ws/install/motoman_gp110_support/share/motoman_gp110_support/launch/view_gp110.launch.xml
-- Up-to-date symlink: /home/hungnb/cocarry_ws/install/motoman_gp110_support/share/motoman_gp110_support/meshes/gp110/collision/base_link.stl
-- Up-to-date symlink: /home/hungnb/cocarry_ws/install/motoman_gp110_support/share/motoman_gp110_support/meshes/gp110/collision/link_1.stl
-- Up-to-date symlink: /home/hungnb/cocarry_ws/install/motoman_gp110_support/share/motoman_gp110_support/meshes/gp110/collision/link_2.stl
-- Up-to-date symlink: /home/hungnb/cocarry_ws/install/motoman_gp110_support/share/motoman_gp110_support/meshes/gp110/collision/link_3.stl
-- Up-to-date symlink: /home/hungnb/cocarry_ws/install/motoman_gp110_support/share/motoman_gp110_support/meshes/gp110/collision/link_4.stl
-- Up-to-date symlink: /home/hungnb/cocarry_ws/install/motoman_gp110_support/share/motoman_gp110_support/meshes/gp110/collision/link_5.stl
-- Up-to-date symlink: /home/hungnb/cocarry_ws/install/motoman_gp110_support/share/motoman_gp110_support/meshes/gp110/collision/link_6.stl
-- Up-to-date symlink: /home/hungnb/cocarry_ws/install/motoman_gp110_support/share/motoman_gp110_support/meshes/gp110/visual/base_link.stl
-- Up-to-date symlink: /home/hungnb/cocarry_ws/install/motoman_gp110_support/share/motoman_gp110_support/meshes/gp110/visual/link_1.stl
-- Up-to-date symlink: /home/hungnb/cocarry_ws/install/motoman_gp110_support/share/motoman_gp110_support/meshes/gp110/visual/link_2.stl
-- Up-to-date symlink: /home/hungnb/cocarry_ws/install/motoman_gp110_support/share/motoman_gp110_support/meshes/gp110/visual/link_3.stl
-- Up-to-date symlink: /home/hungnb/cocarry_ws/install/motoman_gp110_support/share/motoman_gp110_support/meshes/gp110/visual/link_4.stl
-- Up-to-date symlink: /home/hungnb/cocarry_ws/install/motoman_gp110_support/share/motoman_gp110_support/meshes/gp110/visual/link_5.stl
-- Up-to-date symlink: /home/hungnb/cocarry_ws/install/motoman_gp110_support/share/motoman_gp110_support/meshes/gp110/visual/link_6.stl
-- Up-to-date symlink: /home/hungnb/cocarry_ws/install/motoman_gp110_support/share/motoman_gp110_support/urdf/gp110.xacro
-- Up-to-date symlink: /home/hungnb/cocarry_ws/install/motoman_gp110_support/share/motoman_gp110_support/urdf/gp110_macro.xacro
