[0.017s] Invoking command in '/home/duy/cocarry_ws/build/motoros2_interfaces': /usr/bin/cmake --build /home/duy/cocarry_ws/build/motoros2_interfaces -- -j16 -l16
[0.081s] -- Found ament_cmake: 1.3.14 (/opt/ros/humble/share/ament_cmake/cmake)
[0.312s] Traceback (most recent call last):
[0.312s]   File "/opt/ros/humble/share/ament_cmake_core/cmake/package_templates/templates_2_cmake.py", line 21, in <module>
[0.312s]     from ament_package.templates import get_environment_hook_template_path
[0.312s] ModuleNotFoundError: No module named 'ament_package'
[0.331s] [31mCMake Error at /opt/ros/humble/share/ament_cmake_core/cmake/ament_cmake_package_templates-extras.cmake:41 (message):
[0.331s]   execute_process(/usr/bin/python3
[0.331s]   /opt/ros/humble/share/ament_cmake_core/cmake/package_templates/templates_2_cmake.py
[0.331s]   /home/duy/cocarry_ws/build/motoros2_interfaces/ament_cmake_package_templates/templates.cmake)
[0.331s]   returned error code 1
[0.331s] Call Stack (most recent call first):
[0.331s]   /opt/ros/humble/share/ament_cmake_core/cmake/ament_cmake_coreConfig.cmake:41 (include)
[0.331s]   /opt/ros/humble/share/ament_cmake/cmake/ament_cmake_export_dependencies-extras.cmake:15 (find_package)
[0.331s]   /opt/ros/humble/share/ament_cmake/cmake/ament_cmakeConfig.cmake:41 (include)
[0.331s]   CMakeLists.txt:9 (find_package)
[0.331s] 
[0.331s] [0m
[0.331s] -- Configuring incomplete, errors occurred!
[0.331s] See also "/home/duy/cocarry_ws/build/motoros2_interfaces/CMakeFiles/CMakeOutput.log".
[0.335s] gmake: *** [Makefile:5297: cmake_check_build_system] Error 1
