[0.168s] Invoking command in '/home/hungnb/cocarry_ws/build/motoman_ms210_support': AMENT_PREFIX_PATH=/home/hungnb/cocarry_ws/install/motoman_resources:${AMENT_PREFIX_PATH} CMAKE_PREFIX_PATH=/home/hungnb/cocarry_ws/install/motoman_resources:/opt/ros/humble /usr/bin/cmake /home/hungnb/cocarry_ws/src/motoman_ros2_support_packages/motoman_ms210_support -DCMAKE_INSTALL_PREFIX=/home/hungnb/cocarry_ws/install/motoman_ms210_support
[0.210s] -- Found ament_cmake: 1.3.14 (/opt/ros/humble/share/ament_cmake/cmake)
[0.392s] -- Override CMake install command with custom implementation using symlinks instead of copying resources
[0.547s] -- Configuring done
[0.563s] -- Generating done
[0.564s] -- Build files have been written to: /home/hungnb/cocarry_ws/build/motoman_ms210_support
[0.626s] Invoked command in '/home/hungnb/cocarry_ws/build/motoman_ms210_support' returned '0': AMENT_PREFIX_PATH=/home/hungnb/cocarry_ws/install/motoman_resources:${AMENT_PREFIX_PATH} CMAKE_PREFIX_PATH=/home/hungnb/cocarry_ws/install/motoman_resources:/opt/ros/humble /usr/bin/cmake /home/hungnb/cocarry_ws/src/motoman_ros2_support_packages/motoman_ms210_support -DCMAKE_INSTALL_PREFIX=/home/hungnb/cocarry_ws/install/motoman_ms210_support
[0.626s] Invoking command in '/home/hungnb/cocarry_ws/build/motoman_ms210_support': AMENT_PREFIX_PATH=/home/hungnb/cocarry_ws/install/motoman_resources:${AMENT_PREFIX_PATH} CMAKE_PREFIX_PATH=/home/hungnb/cocarry_ws/install/motoman_resources:/opt/ros/humble /usr/bin/cmake --build /home/hungnb/cocarry_ws/build/motoman_ms210_support -- -j16 -l16
[0.740s] Invoked command in '/home/hungnb/cocarry_ws/build/motoman_ms210_support' returned '0': AMENT_PREFIX_PATH=/home/hungnb/cocarry_ws/install/motoman_resources:${AMENT_PREFIX_PATH} CMAKE_PREFIX_PATH=/home/hungnb/cocarry_ws/install/motoman_resources:/opt/ros/humble /usr/bin/cmake --build /home/hungnb/cocarry_ws/build/motoman_ms210_support -- -j16 -l16
[0.743s] Invoking command in '/home/hungnb/cocarry_ws/build/motoman_ms210_support': AMENT_PREFIX_PATH=/home/hungnb/cocarry_ws/install/motoman_resources:${AMENT_PREFIX_PATH} CMAKE_PREFIX_PATH=/home/hungnb/cocarry_ws/install/motoman_resources:/opt/ros/humble /usr/bin/cmake --install /home/hungnb/cocarry_ws/build/motoman_ms210_support
[0.764s] -- Install configuration: ""
[0.764s] -- Execute custom install script
[0.764s] -- Up-to-date symlink: /home/hungnb/cocarry_ws/install/motoman_ms210_support/share/ament_index/resource_index/package_run_dependencies/motoman_ms210_support
[0.764s] -- Up-to-date symlink: /home/hungnb/cocarry_ws/install/motoman_ms210_support/share/ament_index/resource_index/parent_prefix_path/motoman_ms210_support
[0.764s] -- Up-to-date symlink: /home/hungnb/cocarry_ws/install/motoman_ms210_support/share/motoman_ms210_support/environment/ament_prefix_path.sh
[0.764s] -- Up-to-date symlink: /home/hungnb/cocarry_ws/install/motoman_ms210_support/share/motoman_ms210_support/environment/ament_prefix_path.dsv
[0.764s] -- Up-to-date symlink: /home/hungnb/cocarry_ws/install/motoman_ms210_support/share/motoman_ms210_support/environment/path.sh
[0.764s] -- Up-to-date symlink: /home/hungnb/cocarry_ws/install/motoman_ms210_support/share/motoman_ms210_support/environment/path.dsv
[0.764s] -- Up-to-date symlink: /home/hungnb/cocarry_ws/install/motoman_ms210_support/share/motoman_ms210_support/local_setup.bash
[0.764s] -- Up-to-date symlink: /home/hungnb/cocarry_ws/install/motoman_ms210_support/share/motoman_ms210_support/local_setup.sh
[0.765s] -- Up-to-date symlink: /home/hungnb/cocarry_ws/install/motoman_ms210_support/share/motoman_ms210_support/local_setup.zsh
[0.765s] -- Up-to-date symlink: /home/hungnb/cocarry_ws/install/motoman_ms210_support/share/motoman_ms210_support/local_setup.dsv
[0.765s] -- Symlinking: /home/hungnb/cocarry_ws/install/motoman_ms210_support/share/motoman_ms210_support/package.dsv
[0.765s] -- Up-to-date symlink: /home/hungnb/cocarry_ws/install/motoman_ms210_support/share/ament_index/resource_index/packages/motoman_ms210_support
[0.776s] -- Up-to-date symlink: /home/hungnb/cocarry_ws/install/motoman_ms210_support/share/motoman_ms210_support/cmake/motoman_ms210_supportConfig.cmake
[0.777s] -- Up-to-date symlink: /home/hungnb/cocarry_ws/install/motoman_ms210_support/share/motoman_ms210_support/cmake/motoman_ms210_supportConfig-version.cmake
[0.777s] -- Up-to-date symlink: /home/hungnb/cocarry_ws/install/motoman_ms210_support/share/motoman_ms210_support/package.xml
[0.777s] -- Up-to-date symlink: /home/hungnb/cocarry_ws/install/motoman_ms210_support/share/motoman_ms210_support/launch/view_ms210.launch.xml
[0.777s] -- Up-to-date symlink: /home/hungnb/cocarry_ws/install/motoman_ms210_support/share/motoman_ms210_support/meshes/ms210/collision/base_link.stl
[0.777s] -- Up-to-date symlink: /home/hungnb/cocarry_ws/install/motoman_ms210_support/share/motoman_ms210_support/meshes/ms210/collision/link_1.stl
[0.777s] -- Up-to-date symlink: /home/hungnb/cocarry_ws/install/motoman_ms210_support/share/motoman_ms210_support/meshes/ms210/collision/link_2.stl
[0.777s] -- Up-to-date symlink: /home/hungnb/cocarry_ws/install/motoman_ms210_support/share/motoman_ms210_support/meshes/ms210/collision/link_3.stl
[0.777s] -- Up-to-date symlink: /home/hungnb/cocarry_ws/install/motoman_ms210_support/share/motoman_ms210_support/meshes/ms210/collision/link_4.stl
[0.777s] -- Up-to-date symlink: /home/hungnb/cocarry_ws/install/motoman_ms210_support/share/motoman_ms210_support/meshes/ms210/collision/link_5.stl
[0.777s] -- Up-to-date symlink: /home/hungnb/cocarry_ws/install/motoman_ms210_support/share/motoman_ms210_support/meshes/ms210/collision/link_6.stl
[0.778s] -- Up-to-date symlink: /home/hungnb/cocarry_ws/install/motoman_ms210_support/share/motoman_ms210_support/meshes/ms210/visual/base_link.stl
[0.778s] -- Up-to-date symlink: /home/hungnb/cocarry_ws/install/motoman_ms210_support/share/motoman_ms210_support/meshes/ms210/visual/link_1.stl
[0.778s] -- Up-to-date symlink: /home/hungnb/cocarry_ws/install/motoman_ms210_support/share/motoman_ms210_support/meshes/ms210/visual/link_2.stl
[0.778s] -- Up-to-date symlink: /home/hungnb/cocarry_ws/install/motoman_ms210_support/share/motoman_ms210_support/meshes/ms210/visual/link_3.stl
[0.779s] -- Up-to-date symlink: /home/hungnb/cocarry_ws/install/motoman_ms210_support/share/motoman_ms210_support/meshes/ms210/visual/link_4.stl
[0.782s] -- Up-to-date symlink: /home/hungnb/cocarry_ws/install/motoman_ms210_support/share/motoman_ms210_support/meshes/ms210/visual/link_5.stl
[0.782s] -- Up-to-date symlink: /home/hungnb/cocarry_ws/install/motoman_ms210_support/share/motoman_ms210_support/meshes/ms210/visual/link_6.stl
[0.782s] -- Up-to-date symlink: /home/hungnb/cocarry_ws/install/motoman_ms210_support/share/motoman_ms210_support/urdf/ms210.xacro
[0.782s] -- Up-to-date symlink: /home/hungnb/cocarry_ws/install/motoman_ms210_support/share/motoman_ms210_support/urdf/ms210_macro.xacro
[1.166s] Invoked command in '/home/hungnb/cocarry_ws/build/motoman_ms210_support' returned '0': AMENT_PREFIX_PATH=/home/hungnb/cocarry_ws/install/motoman_resources:${AMENT_PREFIX_PATH} CMAKE_PREFIX_PATH=/home/hungnb/cocarry_ws/install/motoman_resources:/opt/ros/humble /usr/bin/cmake --install /home/hungnb/cocarry_ws/build/motoman_ms210_support
