[0.594s] Invoking command in '/home/duy/cocarry_ws/src/trajectory_predictor': CMAKE_PREFIX_PATH=/home/duy/cocarry_ws/install/human_hand_msgs LD_LIBRARY_PATH=/home/duy/cocarry_ws/install/human_hand_msgs/lib PKG_CONFIG_PATH=/home/duy/cocarry_ws/install/human_hand_msgs/lib/x86_64-linux-gnu/pkgconfig:/home/duy/cocarry_ws/install/human_hand_msgs/lib/pkgconfig PYTHONPATH=/home/duy/cocarry_ws/build/trajectory_predictor/prefix_override:/usr/lib/python3/dist-packages/colcon_core/task/python/colcon_distutils_commands:/home/duy/cocarry_ws/install/trajectory_predictor/lib/python3.10/site-packages:/home/duy/cocarry_ws/install/human_hand_msgs/local/lib/python3.10/dist-packages ROS_PACKAGE_PATH=/home/duy/cocarry_ws/install/human_hand_msgs/share /usr/bin/python3 -W ignore:setup.py install is deprecated -W ignore:easy_install command is deprecated setup.py egg_info --egg-base ../../build/trajectory_predictor build --build-base /home/duy/cocarry_ws/build/trajectory_predictor/build install --record /home/duy/cocarry_ws/build/trajectory_predictor/install.log --single-version-externally-managed install_data
[0.745s] running egg_info
[0.745s] writing ../../build/trajectory_predictor/trajectory_predictor.egg-info/PKG-INFO
[0.745s] writing dependency_links to ../../build/trajectory_predictor/trajectory_predictor.egg-info/dependency_links.txt
[0.745s] writing entry points to ../../build/trajectory_predictor/trajectory_predictor.egg-info/entry_points.txt
[0.746s] writing requirements to ../../build/trajectory_predictor/trajectory_predictor.egg-info/requires.txt
[0.746s] writing top-level names to ../../build/trajectory_predictor/trajectory_predictor.egg-info/top_level.txt
[0.747s] reading manifest file '../../build/trajectory_predictor/trajectory_predictor.egg-info/SOURCES.txt'
[0.747s] writing manifest file '../../build/trajectory_predictor/trajectory_predictor.egg-info/SOURCES.txt'
[0.747s] running build
[0.747s] running build_py
[0.747s] copying trajectory_predictor/predictor_node.py -> /home/duy/cocarry_ws/build/trajectory_predictor/build/lib/trajectory_predictor
[0.748s] running install
[0.748s] running install_lib
[0.748s] copying /home/duy/cocarry_ws/build/trajectory_predictor/build/lib/trajectory_predictor/predictor_node.py -> /home/duy/cocarry_ws/install/trajectory_predictor/lib/python3.10/site-packages/trajectory_predictor
[0.749s] byte-compiling /home/duy/cocarry_ws/install/trajectory_predictor/lib/python3.10/site-packages/trajectory_predictor/predictor_node.py to predictor_node.cpython-310.pyc
[0.751s] running install_data
[0.751s] running install_egg_info
[0.753s] removing '/home/duy/cocarry_ws/install/trajectory_predictor/lib/python3.10/site-packages/trajectory_predictor-0.1.0-py3.10.egg-info' (and everything under it)
[0.753s] Copying ../../build/trajectory_predictor/trajectory_predictor.egg-info to /home/duy/cocarry_ws/install/trajectory_predictor/lib/python3.10/site-packages/trajectory_predictor-0.1.0-py3.10.egg-info
[0.754s] running install_scripts
[0.773s] Installing predictor_node script to /home/duy/cocarry_ws/install/trajectory_predictor/lib/trajectory_predictor
[0.773s] writing list of installed files to '/home/duy/cocarry_ws/build/trajectory_predictor/install.log'
[0.805s] Invoked command in '/home/duy/cocarry_ws/src/trajectory_predictor' returned '0': CMAKE_PREFIX_PATH=/home/duy/cocarry_ws/install/human_hand_msgs LD_LIBRARY_PATH=/home/duy/cocarry_ws/install/human_hand_msgs/lib PKG_CONFIG_PATH=/home/duy/cocarry_ws/install/human_hand_msgs/lib/x86_64-linux-gnu/pkgconfig:/home/duy/cocarry_ws/install/human_hand_msgs/lib/pkgconfig PYTHONPATH=/home/duy/cocarry_ws/build/trajectory_predictor/prefix_override:/usr/lib/python3/dist-packages/colcon_core/task/python/colcon_distutils_commands:/home/duy/cocarry_ws/install/trajectory_predictor/lib/python3.10/site-packages:/home/duy/cocarry_ws/install/human_hand_msgs/local/lib/python3.10/dist-packages ROS_PACKAGE_PATH=/home/duy/cocarry_ws/install/human_hand_msgs/share /usr/bin/python3 -W ignore:setup.py install is deprecated -W ignore:easy_install command is deprecated setup.py egg_info --egg-base ../../build/trajectory_predictor build --build-base /home/duy/cocarry_ws/build/trajectory_predictor/build install --record /home/duy/cocarry_ws/build/trajectory_predictor/install.log --single-version-externally-managed install_data
