-- Install configuration: ""
-- Execute custom install script
-- Up-to-date symlink: /home/hungnb/cocarry_ws/install/motoman_mh5_support/share/ament_index/resource_index/package_run_dependencies/motoman_mh5_support
-- Up-to-date symlink: /home/hungnb/cocarry_ws/install/motoman_mh5_support/share/ament_index/resource_index/parent_prefix_path/motoman_mh5_support
-- Up-to-date symlink: /home/hungnb/cocarry_ws/install/motoman_mh5_support/share/motoman_mh5_support/environment/ament_prefix_path.sh
-- Up-to-date symlink: /home/hungnb/cocarry_ws/install/motoman_mh5_support/share/motoman_mh5_support/environment/ament_prefix_path.dsv
-- Up-to-date symlink: /home/hungnb/cocarry_ws/install/motoman_mh5_support/share/motoman_mh5_support/environment/path.sh
-- Up-to-date symlink: /home/hungnb/cocarry_ws/install/motoman_mh5_support/share/motoman_mh5_support/environment/path.dsv
-- Up-to-date symlink: /home/hungnb/cocarry_ws/install/motoman_mh5_support/share/motoman_mh5_support/local_setup.bash
-- Up-to-date symlink: /home/hungnb/cocarry_ws/install/motoman_mh5_support/share/motoman_mh5_support/local_setup.sh
-- Up-to-date symlink: /home/hungnb/cocarry_ws/install/motoman_mh5_support/share/motoman_mh5_support/local_setup.zsh
-- Up-to-date symlink: /home/hungnb/cocarry_ws/install/motoman_mh5_support/share/motoman_mh5_support/local_setup.dsv
-- Symlinking: /home/hungnb/cocarry_ws/install/motoman_mh5_support/share/motoman_mh5_support/package.dsv
-- Up-to-date symlink: /home/hungnb/cocarry_ws/install/motoman_mh5_support/share/ament_index/resource_index/packages/motoman_mh5_support
-- Up-to-date symlink: /home/hungnb/cocarry_ws/install/motoman_mh5_support/share/motoman_mh5_support/cmake/motoman_mh5_supportConfig.cmake
-- Up-to-date symlink: /home/hungnb/cocarry_ws/install/motoman_mh5_support/share/motoman_mh5_support/cmake/motoman_mh5_supportConfig-version.cmake
-- Up-to-date symlink: /home/hungnb/cocarry_ws/install/motoman_mh5_support/share/motoman_mh5_support/package.xml
-- Up-to-date symlink: /home/hungnb/cocarry_ws/install/motoman_mh5_support/share/motoman_mh5_support/config/opw_parameters_mh5.yaml
-- Up-to-date symlink: /home/hungnb/cocarry_ws/install/motoman_mh5_support/share/motoman_mh5_support/config/opw_parameters_mh5l.yaml
-- Up-to-date symlink: /home/hungnb/cocarry_ws/install/motoman_mh5_support/share/motoman_mh5_support/launch/view_mh5.launch.xml
-- Up-to-date symlink: /home/hungnb/cocarry_ws/install/motoman_mh5_support/share/motoman_mh5_support/launch/view_mh5l.launch.xml
-- Up-to-date symlink: /home/hungnb/cocarry_ws/install/motoman_mh5_support/share/motoman_mh5_support/meshes/mh5/collision/base_link.stl
-- Up-to-date symlink: /home/hungnb/cocarry_ws/install/motoman_mh5_support/share/motoman_mh5_support/meshes/mh5/collision/link_1.stl
-- Up-to-date symlink: /home/hungnb/cocarry_ws/install/motoman_mh5_support/share/motoman_mh5_support/meshes/mh5/collision/link_2.stl
-- Up-to-date symlink: /home/hungnb/cocarry_ws/install/motoman_mh5_support/share/motoman_mh5_support/meshes/mh5/collision/link_3.stl
-- Up-to-date symlink: /home/hungnb/cocarry_ws/install/motoman_mh5_support/share/motoman_mh5_support/meshes/mh5/collision/link_4.stl
-- Up-to-date symlink: /home/hungnb/cocarry_ws/install/motoman_mh5_support/share/motoman_mh5_support/meshes/mh5/collision/link_5.stl
-- Up-to-date symlink: /home/hungnb/cocarry_ws/install/motoman_mh5_support/share/motoman_mh5_support/meshes/mh5/collision/link_6.stl
-- Up-to-date symlink: /home/hungnb/cocarry_ws/install/motoman_mh5_support/share/motoman_mh5_support/meshes/mh5/visual/base_link.stl
-- Up-to-date symlink: /home/hungnb/cocarry_ws/install/motoman_mh5_support/share/motoman_mh5_support/meshes/mh5/visual/link_1.stl
-- Up-to-date symlink: /home/hungnb/cocarry_ws/install/motoman_mh5_support/share/motoman_mh5_support/meshes/mh5/visual/link_2.stl
-- Up-to-date symlink: /home/hungnb/cocarry_ws/install/motoman_mh5_support/share/motoman_mh5_support/meshes/mh5/visual/link_3.stl
-- Up-to-date symlink: /home/hungnb/cocarry_ws/install/motoman_mh5_support/share/motoman_mh5_support/meshes/mh5/visual/link_4.stl
-- Up-to-date symlink: /home/hungnb/cocarry_ws/install/motoman_mh5_support/share/motoman_mh5_support/meshes/mh5/visual/link_5.stl
-- Up-to-date symlink: /home/hungnb/cocarry_ws/install/motoman_mh5_support/share/motoman_mh5_support/meshes/mh5/visual/link_6.stl
-- Up-to-date symlink: /home/hungnb/cocarry_ws/install/motoman_mh5_support/share/motoman_mh5_support/meshes/mh5_old_variants/collision/link_3.stl
-- Up-to-date symlink: /home/hungnb/cocarry_ws/install/motoman_mh5_support/share/motoman_mh5_support/meshes/mh5_old_variants/visual/link_3.stl
-- Up-to-date symlink: /home/hungnb/cocarry_ws/install/motoman_mh5_support/share/motoman_mh5_support/meshes/mh5l/collision/link_2.stl
-- Up-to-date symlink: /home/hungnb/cocarry_ws/install/motoman_mh5_support/share/motoman_mh5_support/meshes/mh5l/collision/link_4.stl
-- Up-to-date symlink: /home/hungnb/cocarry_ws/install/motoman_mh5_support/share/motoman_mh5_support/meshes/mh5l/visual/link_2.stl
-- Up-to-date symlink: /home/hungnb/cocarry_ws/install/motoman_mh5_support/share/motoman_mh5_support/meshes/mh5l/visual/link_4.stl
-- Up-to-date symlink: /home/hungnb/cocarry_ws/install/motoman_mh5_support/share/motoman_mh5_support/urdf/mh5.xacro
-- Up-to-date symlink: /home/hungnb/cocarry_ws/install/motoman_mh5_support/share/motoman_mh5_support/urdf/mh5_macro.xacro
-- Up-to-date symlink: /home/hungnb/cocarry_ws/install/motoman_mh5_support/share/motoman_mh5_support/urdf/mh5l.xacro
-- Up-to-date symlink: /home/hungnb/cocarry_ws/install/motoman_mh5_support/share/motoman_mh5_support/urdf/mh5l_macro.xacro
