[0.000000] (-) TimerEvent: {}
[0.001399] (-) JobUnselected: {'identifier': 'experiment_logger'}
[0.002300] (-) JobUnselected: {'identifier': 'hc10dtp_bringup'}
[0.002369] (-) JobUnselected: {'identifier': 'hc10dtp_moveit_config'}
[0.002394] (-) JobUnselected: {'identifier': 'hc10dtp_simulation'}
[0.002414] (-) JobUnselected: {'identifier': 'human_hand_msgs'}
[0.002436] (-) JobUnselected: {'identifier': 'industrial_msgs'}
[0.002454] (-) JobUnselected: {'identifier': 'kinect2_bridge'}
[0.002472] (-) JobUnselected: {'identifier': 'kinect2_calibration'}
[0.002490] (-) JobUnselected: {'identifier': 'kinect2_registration'}
[0.002508] (-) JobUnselected: {'identifier': 'libfreenect2'}
[0.002527] (-) JobUnselected: {'identifier': 'motoman_gp4_support'}
[0.002544] (-) JobUnselected: {'identifier': 'motoman_hc10dtp_support'}
[0.002561] (-) JobUnselected: {'identifier': 'motoman_resources'}
[0.002577] (-) JobUnselected: {'identifier': 'motoros2_client_interface_dependencies'}
[0.002593] (-) JobUnselected: {'identifier': 'motoros2_interfaces'}
[0.002610] (-) JobUnselected: {'identifier': 'predictor_ui'}
[0.002627] (-) JobUnselected: {'identifier': 'realsense_tracker'}
[0.002644] (-) JobUnselected: {'identifier': 'trac_ik'}
[0.002661] (-) JobUnselected: {'identifier': 'trac_ik_kinematics'}
[0.002681] (-) JobUnselected: {'identifier': 'trac_ik_lib'}
[0.002709] (coord_transform) JobQueued: {'identifier': 'coord_transform', 'dependencies': OrderedDict([('human_hand_msgs', '/home/duy/cocarry_ws/install/human_hand_msgs')])}
[0.002740] (trajectory_predictor) JobQueued: {'identifier': 'trajectory_predictor', 'dependencies': OrderedDict([('human_hand_msgs', '/home/duy/cocarry_ws/install/human_hand_msgs')])}
[0.002765] (hrc_bringup) JobQueued: {'identifier': 'hrc_bringup', 'dependencies': OrderedDict([('human_hand_msgs', '/home/duy/cocarry_ws/install/human_hand_msgs'), ('motoman_resources', '/home/duy/cocarry_ws/install/motoman_resources'), ('motoros2_interfaces', '/home/duy/cocarry_ws/install/motoros2_interfaces'), ('coord_transform', '/home/duy/cocarry_ws/install/coord_transform'), ('experiment_logger', '/home/duy/cocarry_ws/install/experiment_logger'), ('motoman_hc10dtp_support', '/home/duy/cocarry_ws/install/motoman_hc10dtp_support'), ('predictor_ui', '/home/duy/cocarry_ws/install/predictor_ui'), ('realsense_tracker', '/home/duy/cocarry_ws/install/realsense_tracker'), ('trajectory_predictor', '/home/duy/cocarry_ws/install/trajectory_predictor'), ('hc10dtp_moveit_config', '/home/duy/cocarry_ws/install/hc10dtp_moveit_config'), ('hc10dtp_bringup', '/home/duy/cocarry_ws/install/hc10dtp_bringup'), ('hc10dtp_simulation', '/home/duy/cocarry_ws/install/hc10dtp_simulation')])}
[0.002826] (coord_transform) JobStarted: {'identifier': 'coord_transform'}
[0.007438] (trajectory_predictor) JobStarted: {'identifier': 'trajectory_predictor'}
[0.098577] (-) TimerEvent: {}
[0.199167] (-) TimerEvent: {}
[0.299722] (-) TimerEvent: {}
[0.400522] (-) TimerEvent: {}
[0.501331] (-) TimerEvent: {}
[0.601969] (-) TimerEvent: {}
[0.702383] (-) TimerEvent: {}
[0.802863] (-) TimerEvent: {}
[0.903631] (-) TimerEvent: {}
[0.918684] (trajectory_predictor) Command: {'cmd': ['/usr/bin/python3', '-W', 'ignore:setup.py install is deprecated', '-W', 'ignore:easy_install command is deprecated', 'setup.py', 'egg_info', '--egg-base', '../../build/trajectory_predictor', 'build', '--build-base', '/home/duy/cocarry_ws/build/trajectory_predictor/build', 'install', '--record', '/home/duy/cocarry_ws/build/trajectory_predictor/install.log', '--single-version-externally-managed', 'install_data'], 'cwd': '/home/duy/cocarry_ws/src/trajectory_predictor', 'env': {'USER': 'duy', 'ROS_PACKAGE_PATH': '/home/duy/cocarry_ws/install/human_hand_msgs/share', 'SHLVL': '0', 'LD_LIBRARY_PATH': '/home/duy/cocarry_ws/install/human_hand_msgs/lib:/usr/lib/x86_64-linux-gnu/gazebo-11/plugins:/opt/ros/humble/opt/rviz_ogre_vendor/lib:/opt/ros/humble/lib/x86_64-linux-gnu:/opt/ros/humble/lib', 'HOME': '/home/duy', 'ROS_PYTHON_VERSION': '3', 'ROS_DISTRO': 'humble', '_': '/usr/bin/colcon', 'ROS_VERSION': '2', 'PKG_CONFIG_PATH': '/home/duy/cocarry_ws/install/human_hand_msgs/lib/x86_64-linux-gnu/pkgconfig:/home/duy/cocarry_ws/install/human_hand_msgs/lib/pkgconfig', 'TERM': 'dumb', 'ROS_LOCALHOST_ONLY': '0', 'PATH': '/home/duy/.local/bin:/home/duy/.nvm/versions/node/v20.20.2/bin:/opt/ros/humble/bin:/home/duy/.local/bin:/usr/local/sbin:/usr/local/bin:/usr/sbin:/usr/bin:/sbin:/bin:/usr/games:/usr/local/games:/snap/bin:/snap/bin:/home/duy/libfreenect2/build/bin', 'LANG': 'en_US.UTF-8', 'TMP': '/tmp', 'AMENT_PREFIX_PATH': '/opt/ros/humble', 'SHELL': '/bin/bash', 'PWD': '/home/duy/cocarry_ws/build/trajectory_predictor', 'PYTHONPATH': '/home/duy/cocarry_ws/build/trajectory_predictor/prefix_override:/usr/lib/python3/dist-packages/colcon_core/task/python/colcon_distutils_commands:/home/duy/cocarry_ws/install/trajectory_predictor/lib/python3.10/site-packages:/home/duy/cocarry_ws/install/human_hand_msgs/local/lib/python3.10/dist-packages:/opt/ros/humble/lib/python3.10/site-packages:/opt/ros/humble/local/lib/python3.10/dist-packages', 'COLCON': '1', 'CMAKE_PREFIX_PATH': '/home/duy/cocarry_ws/install/human_hand_msgs'}, 'shell': False}
[0.922174] (coord_transform) Command: {'cmd': ['/usr/bin/python3', '-W', 'ignore:setup.py install is deprecated', '-W', 'ignore:easy_install command is deprecated', 'setup.py', 'egg_info', '--egg-base', '../../build/coord_transform', 'build', '--build-base', '/home/duy/cocarry_ws/build/coord_transform/build', 'install', '--record', '/home/duy/cocarry_ws/build/coord_transform/install.log', '--single-version-externally-managed', 'install_data'], 'cwd': '/home/duy/cocarry_ws/src/coord_transform', 'env': {'USER': 'duy', 'ROS_PACKAGE_PATH': '/home/duy/cocarry_ws/install/human_hand_msgs/share', 'SHLVL': '0', 'LD_LIBRARY_PATH': '/home/duy/cocarry_ws/install/human_hand_msgs/lib:/usr/lib/x86_64-linux-gnu/gazebo-11/plugins:/opt/ros/humble/opt/rviz_ogre_vendor/lib:/opt/ros/humble/lib/x86_64-linux-gnu:/opt/ros/humble/lib', 'HOME': '/home/duy', 'ROS_PYTHON_VERSION': '3', 'ROS_DISTRO': 'humble', '_': '/usr/bin/colcon', 'ROS_VERSION': '2', 'PKG_CONFIG_PATH': '/home/duy/cocarry_ws/install/human_hand_msgs/lib/x86_64-linux-gnu/pkgconfig:/home/duy/cocarry_ws/install/human_hand_msgs/lib/pkgconfig', 'TERM': 'dumb', 'ROS_LOCALHOST_ONLY': '0', 'PATH': '/home/duy/.local/bin:/home/duy/.nvm/versions/node/v20.20.2/bin:/opt/ros/humble/bin:/home/duy/.local/bin:/usr/local/sbin:/usr/local/bin:/usr/sbin:/usr/bin:/sbin:/bin:/usr/games:/usr/local/games:/snap/bin:/snap/bin:/home/duy/libfreenect2/build/bin', 'LANG': 'en_US.UTF-8', 'TMP': '/tmp', 'AMENT_PREFIX_PATH': '/opt/ros/humble', 'SHELL': '/bin/bash', 'PWD': '/home/duy/cocarry_ws/build/coord_transform', 'PYTHONPATH': '/home/duy/cocarry_ws/build/coord_transform/prefix_override:/usr/lib/python3/dist-packages/colcon_core/task/python/colcon_distutils_commands:/home/duy/cocarry_ws/install/coord_transform/lib/python3.10/site-packages:/home/duy/cocarry_ws/install/human_hand_msgs/local/lib/python3.10/dist-packages:/opt/ros/humble/lib/python3.10/site-packages:/opt/ros/humble/local/lib/python3.10/dist-packages', 'COLCON': '1', 'CMAKE_PREFIX_PATH': '/home/duy/cocarry_ws/install/human_hand_msgs'}, 'shell': False}
[1.003782] (-) TimerEvent: {}
[1.104377] (-) TimerEvent: {}
[1.164296] (trajectory_predictor) StdoutLine: {'line': b'running egg_info\n'}
[1.164767] (trajectory_predictor) StdoutLine: {'line': b'writing ../../build/trajectory_predictor/trajectory_predictor.egg-info/PKG-INFO\n'}
[1.164974] (trajectory_predictor) StdoutLine: {'line': b'writing dependency_links to ../../build/trajectory_predictor/trajectory_predictor.egg-info/dependency_links.txt\n'}
[1.165384] (trajectory_predictor) StdoutLine: {'line': b'writing entry points to ../../build/trajectory_predictor/trajectory_predictor.egg-info/entry_points.txt\n'}
[1.165726] (trajectory_predictor) StdoutLine: {'line': b'writing requirements to ../../build/trajectory_predictor/trajectory_predictor.egg-info/requires.txt\n'}
[1.165868] (trajectory_predictor) StdoutLine: {'line': b'writing top-level names to ../../build/trajectory_predictor/trajectory_predictor.egg-info/top_level.txt\n'}
[1.167643] (trajectory_predictor) StdoutLine: {'line': b"reading manifest file '../../build/trajectory_predictor/trajectory_predictor.egg-info/SOURCES.txt'\n"}
[1.168719] (trajectory_predictor) StdoutLine: {'line': b"writing manifest file '../../build/trajectory_predictor/trajectory_predictor.egg-info/SOURCES.txt'\n"}
[1.169102] (trajectory_predictor) StdoutLine: {'line': b'running build\n'}
[1.169310] (trajectory_predictor) StdoutLine: {'line': b'running build_py\n'}
[1.169547] (coord_transform) StdoutLine: {'line': b'running egg_info\n'}
[1.169779] (trajectory_predictor) StdoutLine: {'line': b'running install\n'}
[1.170136] (trajectory_predictor) StdoutLine: {'line': b'running install_lib\n'}
[1.170507] (coord_transform) StdoutLine: {'line': b'writing ../../build/coord_transform/coord_transform.egg-info/PKG-INFO\n'}
[1.170721] (coord_transform) StdoutLine: {'line': b'writing dependency_links to ../../build/coord_transform/coord_transform.egg-info/dependency_links.txt\n'}
[1.170904] (coord_transform) StdoutLine: {'line': b'writing entry points to ../../build/coord_transform/coord_transform.egg-info/entry_points.txt\n'}
[1.171127] (coord_transform) StdoutLine: {'line': b'writing requirements to ../../build/coord_transform/coord_transform.egg-info/requires.txt\n'}
[1.171290] (coord_transform) StdoutLine: {'line': b'writing top-level names to ../../build/coord_transform/coord_transform.egg-info/top_level.txt\n'}
[1.171742] (trajectory_predictor) StdoutLine: {'line': b'running install_data\n'}
[1.171886] (trajectory_predictor) StdoutLine: {'line': b'running install_egg_info\n'}
[1.172782] (coord_transform) StdoutLine: {'line': b"reading manifest file '../../build/coord_transform/coord_transform.egg-info/SOURCES.txt'\n"}
[1.173473] (trajectory_predictor) StdoutLine: {'line': b"removing '/home/duy/cocarry_ws/install/trajectory_predictor/lib/python3.10/site-packages/trajectory_predictor-0.1.0-py3.10.egg-info' (and everything under it)\n"}
[1.173598] (coord_transform) StdoutLine: {'line': b"writing manifest file '../../build/coord_transform/coord_transform.egg-info/SOURCES.txt'\n"}
[1.173701] (coord_transform) StdoutLine: {'line': b'running build\n'}
[1.173798] (coord_transform) StdoutLine: {'line': b'running build_py\n'}
[1.173901] (trajectory_predictor) StdoutLine: {'line': b'Copying ../../build/trajectory_predictor/trajectory_predictor.egg-info to /home/duy/cocarry_ws/install/trajectory_predictor/lib/python3.10/site-packages/trajectory_predictor-0.1.0-py3.10.egg-info\n'}
[1.173985] (coord_transform) StdoutLine: {'line': b'running install\n'}
[1.174093] (coord_transform) StdoutLine: {'line': b'running install_lib\n'}
[1.174245] (trajectory_predictor) StdoutLine: {'line': b'running install_scripts\n'}
[1.174996] (coord_transform) StdoutLine: {'line': b'running install_data\n'}
[1.175130] (coord_transform) StdoutLine: {'line': b'running install_egg_info\n'}
[1.176722] (coord_transform) StdoutLine: {'line': b"removing '/home/duy/cocarry_ws/install/coord_transform/lib/python3.10/site-packages/coord_transform-0.1.0-py3.10.egg-info' (and everything under it)\n"}
[1.176861] (coord_transform) StdoutLine: {'line': b'Copying ../../build/coord_transform/coord_transform.egg-info to /home/duy/cocarry_ws/install/coord_transform/lib/python3.10/site-packages/coord_transform-0.1.0-py3.10.egg-info\n'}
[1.177391] (coord_transform) StdoutLine: {'line': b'running install_scripts\n'}
[1.193532] (trajectory_predictor) StdoutLine: {'line': b'Installing predictor_node script to /home/duy/cocarry_ws/install/trajectory_predictor/lib/trajectory_predictor\n'}
[1.193865] (trajectory_predictor) StdoutLine: {'line': b"writing list of installed files to '/home/duy/cocarry_ws/build/trajectory_predictor/install.log'\n"}
[1.196520] (coord_transform) StdoutLine: {'line': b'Installing transform_node script to /home/duy/cocarry_ws/install/coord_transform/lib/coord_transform\n'}
[1.196845] (coord_transform) StdoutLine: {'line': b"writing list of installed files to '/home/duy/cocarry_ws/build/coord_transform/install.log'\n"}
[1.204501] (-) TimerEvent: {}
[1.222203] (trajectory_predictor) CommandEnded: {'returncode': 0}
[1.238139] (trajectory_predictor) JobEnded: {'identifier': 'trajectory_predictor', 'rc': 0}
[1.240034] (coord_transform) CommandEnded: {'returncode': 0}
[1.246333] (coord_transform) JobEnded: {'identifier': 'coord_transform', 'rc': 0}
[1.247274] (hrc_bringup) JobStarted: {'identifier': 'hrc_bringup'}
[1.268166] (hrc_bringup) JobProgress: {'identifier': 'hrc_bringup', 'progress': 'cmake'}
[1.268983] (hrc_bringup) Command: {'cmd': ['/usr/bin/cmake', '/home/duy/cocarry_ws/src/hrc_bringup', '-DCMAKE_INSTALL_PREFIX=/home/duy/cocarry_ws/install/hrc_bringup'], 'cwd': '/home/duy/cocarry_ws/build/hrc_bringup', 'env': OrderedDict([('USER', 'duy'), ('ROS_PACKAGE_PATH', '/home/duy/cocarry_ws/install/human_hand_msgs/share'), ('SHLVL', '0'), ('LD_LIBRARY_PATH', '/home/duy/cocarry_ws/install/motoros2_interfaces/lib:/home/duy/cocarry_ws/install/human_hand_msgs/lib:/usr/lib/x86_64-linux-gnu/gazebo-11/plugins:/opt/ros/humble/opt/rviz_ogre_vendor/lib:/opt/ros/humble/lib/x86_64-linux-gnu:/opt/ros/humble/lib'), ('HOME', '/home/duy'), ('ROS_PYTHON_VERSION', '3'), ('ROS_DISTRO', 'humble'), ('_', '/usr/bin/colcon'), ('ROS_VERSION', '2'), ('PKG_CONFIG_PATH', '/home/duy/cocarry_ws/install/human_hand_msgs/lib/x86_64-linux-gnu/pkgconfig:/home/duy/cocarry_ws/install/human_hand_msgs/lib/pkgconfig'), ('TERM', 'dumb'), ('ROS_LOCALHOST_ONLY', '0'), ('PATH', '/home/duy/.local/bin:/home/duy/.nvm/versions/node/v20.20.2/bin:/opt/ros/humble/bin:/home/duy/.local/bin:/usr/local/sbin:/usr/local/bin:/usr/sbin:/usr/bin:/sbin:/bin:/usr/games:/usr/local/games:/snap/bin:/snap/bin:/home/duy/libfreenect2/build/bin'), ('LANG', 'en_US.UTF-8'), ('TMP', '/tmp'), ('AMENT_PREFIX_PATH', '/home/duy/cocarry_ws/install/hc10dtp_simulation:/home/duy/cocarry_ws/install/hc10dtp_bringup:/home/duy/cocarry_ws/install/hc10dtp_moveit_config:/home/duy/cocarry_ws/install/trajectory_predictor:/home/duy/cocarry_ws/install/realsense_tracker:/home/duy/cocarry_ws/install/predictor_ui:/home/duy/cocarry_ws/install/motoman_hc10dtp_support:/home/duy/cocarry_ws/install/experiment_logger:/home/duy/cocarry_ws/install/coord_transform:/home/duy/cocarry_ws/install/motoros2_interfaces:/home/duy/cocarry_ws/install/motoman_resources:/opt/ros/humble'), ('SHELL', '/bin/bash'), ('PWD', '/home/duy/cocarry_ws/build/hrc_bringup'), ('PYTHONPATH', '/home/duy/cocarry_ws/install/trajectory_predictor/lib/python3.10/site-packages:/home/duy/cocarry_ws/install/realsense_tracker/lib/python3.10/site-packages:/home/duy/cocarry_ws/install/predictor_ui/lib/python3.10/site-packages:/home/duy/cocarry_ws/build/experiment_logger:/home/duy/cocarry_ws/install/experiment_logger/lib/python3.10/site-packages:/home/duy/cocarry_ws/install/coord_transform/lib/python3.10/site-packages:/home/duy/cocarry_ws/install/motoros2_interfaces/local/lib/python3.10/dist-packages:/home/duy/cocarry_ws/install/human_hand_msgs/local/lib/python3.10/dist-packages:/opt/ros/humble/lib/python3.10/site-packages:/opt/ros/humble/local/lib/python3.10/dist-packages'), ('COLCON', '1'), ('CMAKE_PREFIX_PATH', '/home/duy/cocarry_ws/install/hc10dtp_simulation:/home/duy/cocarry_ws/install/hc10dtp_bringup:/home/duy/cocarry_ws/install/hc10dtp_moveit_config:/home/duy/cocarry_ws/install/motoman_hc10dtp_support:/home/duy/cocarry_ws/install/motoros2_interfaces:/home/duy/cocarry_ws/install/motoman_resources:/opt/ros/humble:/home/duy/cocarry_ws/install/human_hand_msgs')]), 'shell': False}
[1.286488] (hrc_bringup) StdoutLine: {'line': b'-- Found ament_cmake: 1.3.14 (/opt/ros/humble/share/ament_cmake/cmake)\n'}
[1.304623] (-) TimerEvent: {}
[1.405040] (-) TimerEvent: {}
[1.414299] (hrc_bringup) StdoutLine: {'line': b'-- Override CMake install command with custom implementation using symlinks instead of copying resources\n'}
[1.486836] (hrc_bringup) StdoutLine: {'line': b'-- Configuring done\n'}
[1.490012] (hrc_bringup) StdoutLine: {'line': b'-- Generating done\n'}
[1.494253] (hrc_bringup) StdoutLine: {'line': b'-- Build files have been written to: /home/duy/cocarry_ws/build/hrc_bringup\n'}
[1.495363] (hrc_bringup) CommandEnded: {'returncode': 0}
[1.495803] (hrc_bringup) JobProgress: {'identifier': 'hrc_bringup', 'progress': 'build'}
[1.496629] (hrc_bringup) Command: {'cmd': ['/usr/bin/cmake', '--build', '/home/duy/cocarry_ws/build/hrc_bringup', '--', '-j16', '-l16'], 'cwd': '/home/duy/cocarry_ws/build/hrc_bringup', 'env': OrderedDict([('USER', 'duy'), ('ROS_PACKAGE_PATH', '/home/duy/cocarry_ws/install/human_hand_msgs/share'), ('SHLVL', '0'), ('LD_LIBRARY_PATH', '/home/duy/cocarry_ws/install/motoros2_interfaces/lib:/home/duy/cocarry_ws/install/human_hand_msgs/lib:/usr/lib/x86_64-linux-gnu/gazebo-11/plugins:/opt/ros/humble/opt/rviz_ogre_vendor/lib:/opt/ros/humble/lib/x86_64-linux-gnu:/opt/ros/humble/lib'), ('HOME', '/home/duy'), ('ROS_PYTHON_VERSION', '3'), ('ROS_DISTRO', 'humble'), ('_', '/usr/bin/colcon'), ('ROS_VERSION', '2'), ('PKG_CONFIG_PATH', '/home/duy/cocarry_ws/install/human_hand_msgs/lib/x86_64-linux-gnu/pkgconfig:/home/duy/cocarry_ws/install/human_hand_msgs/lib/pkgconfig'), ('TERM', 'dumb'), ('ROS_LOCALHOST_ONLY', '0'), ('PATH', '/home/duy/.local/bin:/home/duy/.nvm/versions/node/v20.20.2/bin:/opt/ros/humble/bin:/home/duy/.local/bin:/usr/local/sbin:/usr/local/bin:/usr/sbin:/usr/bin:/sbin:/bin:/usr/games:/usr/local/games:/snap/bin:/snap/bin:/home/duy/libfreenect2/build/bin'), ('LANG', 'en_US.UTF-8'), ('TMP', '/tmp'), ('AMENT_PREFIX_PATH', '/home/duy/cocarry_ws/install/hc10dtp_simulation:/home/duy/cocarry_ws/install/hc10dtp_bringup:/home/duy/cocarry_ws/install/hc10dtp_moveit_config:/home/duy/cocarry_ws/install/trajectory_predictor:/home/duy/cocarry_ws/install/realsense_tracker:/home/duy/cocarry_ws/install/predictor_ui:/home/duy/cocarry_ws/install/motoman_hc10dtp_support:/home/duy/cocarry_ws/install/experiment_logger:/home/duy/cocarry_ws/install/coord_transform:/home/duy/cocarry_ws/install/motoros2_interfaces:/home/duy/cocarry_ws/install/motoman_resources:/opt/ros/humble'), ('SHELL', '/bin/bash'), ('PWD', '/home/duy/cocarry_ws/build/hrc_bringup'), ('PYTHONPATH', '/home/duy/cocarry_ws/install/trajectory_predictor/lib/python3.10/site-packages:/home/duy/cocarry_ws/install/realsense_tracker/lib/python3.10/site-packages:/home/duy/cocarry_ws/install/predictor_ui/lib/python3.10/site-packages:/home/duy/cocarry_ws/build/experiment_logger:/home/duy/cocarry_ws/install/experiment_logger/lib/python3.10/site-packages:/home/duy/cocarry_ws/install/coord_transform/lib/python3.10/site-packages:/home/duy/cocarry_ws/install/motoros2_interfaces/local/lib/python3.10/dist-packages:/home/duy/cocarry_ws/install/human_hand_msgs/local/lib/python3.10/dist-packages:/opt/ros/humble/lib/python3.10/site-packages:/opt/ros/humble/local/lib/python3.10/dist-packages'), ('COLCON', '1'), ('CMAKE_PREFIX_PATH', '/home/duy/cocarry_ws/install/hc10dtp_simulation:/home/duy/cocarry_ws/install/hc10dtp_bringup:/home/duy/cocarry_ws/install/hc10dtp_moveit_config:/home/duy/cocarry_ws/install/motoman_hc10dtp_support:/home/duy/cocarry_ws/install/motoros2_interfaces:/home/duy/cocarry_ws/install/motoman_resources:/opt/ros/humble:/home/duy/cocarry_ws/install/human_hand_msgs')]), 'shell': False}
[1.505250] (-) TimerEvent: {}
[1.541977] (hrc_bringup) CommandEnded: {'returncode': 0}
[1.543000] (hrc_bringup) JobProgress: {'identifier': 'hrc_bringup', 'progress': 'install'}
[1.551399] (hrc_bringup) Command: {'cmd': ['/usr/bin/cmake', '--install', '/home/duy/cocarry_ws/build/hrc_bringup'], 'cwd': '/home/duy/cocarry_ws/build/hrc_bringup', 'env': OrderedDict([('USER', 'duy'), ('ROS_PACKAGE_PATH', '/home/duy/cocarry_ws/install/human_hand_msgs/share'), ('SHLVL', '0'), ('LD_LIBRARY_PATH', '/home/duy/cocarry_ws/install/motoros2_interfaces/lib:/home/duy/cocarry_ws/install/human_hand_msgs/lib:/usr/lib/x86_64-linux-gnu/gazebo-11/plugins:/opt/ros/humble/opt/rviz_ogre_vendor/lib:/opt/ros/humble/lib/x86_64-linux-gnu:/opt/ros/humble/lib'), ('HOME', '/home/duy'), ('ROS_PYTHON_VERSION', '3'), ('ROS_DISTRO', 'humble'), ('_', '/usr/bin/colcon'), ('ROS_VERSION', '2'), ('PKG_CONFIG_PATH', '/home/duy/cocarry_ws/install/human_hand_msgs/lib/x86_64-linux-gnu/pkgconfig:/home/duy/cocarry_ws/install/human_hand_msgs/lib/pkgconfig'), ('TERM', 'dumb'), ('ROS_LOCALHOST_ONLY', '0'), ('PATH', '/home/duy/.local/bin:/home/duy/.nvm/versions/node/v20.20.2/bin:/opt/ros/humble/bin:/home/duy/.local/bin:/usr/local/sbin:/usr/local/bin:/usr/sbin:/usr/bin:/sbin:/bin:/usr/games:/usr/local/games:/snap/bin:/snap/bin:/home/duy/libfreenect2/build/bin'), ('LANG', 'en_US.UTF-8'), ('TMP', '/tmp'), ('AMENT_PREFIX_PATH', '/home/duy/cocarry_ws/install/hc10dtp_simulation:/home/duy/cocarry_ws/install/hc10dtp_bringup:/home/duy/cocarry_ws/install/hc10dtp_moveit_config:/home/duy/cocarry_ws/install/trajectory_predictor:/home/duy/cocarry_ws/install/realsense_tracker:/home/duy/cocarry_ws/install/predictor_ui:/home/duy/cocarry_ws/install/motoman_hc10dtp_support:/home/duy/cocarry_ws/install/experiment_logger:/home/duy/cocarry_ws/install/coord_transform:/home/duy/cocarry_ws/install/motoros2_interfaces:/home/duy/cocarry_ws/install/motoman_resources:/opt/ros/humble'), ('SHELL', '/bin/bash'), ('PWD', '/home/duy/cocarry_ws/build/hrc_bringup'), ('PYTHONPATH', '/home/duy/cocarry_ws/install/trajectory_predictor/lib/python3.10/site-packages:/home/duy/cocarry_ws/install/realsense_tracker/lib/python3.10/site-packages:/home/duy/cocarry_ws/install/predictor_ui/lib/python3.10/site-packages:/home/duy/cocarry_ws/build/experiment_logger:/home/duy/cocarry_ws/install/experiment_logger/lib/python3.10/site-packages:/home/duy/cocarry_ws/install/coord_transform/lib/python3.10/site-packages:/home/duy/cocarry_ws/install/motoros2_interfaces/local/lib/python3.10/dist-packages:/home/duy/cocarry_ws/install/human_hand_msgs/local/lib/python3.10/dist-packages:/opt/ros/humble/lib/python3.10/site-packages:/opt/ros/humble/local/lib/python3.10/dist-packages'), ('COLCON', '1'), ('CMAKE_PREFIX_PATH', '/home/duy/cocarry_ws/install/hc10dtp_simulation:/home/duy/cocarry_ws/install/hc10dtp_bringup:/home/duy/cocarry_ws/install/hc10dtp_moveit_config:/home/duy/cocarry_ws/install/motoman_hc10dtp_support:/home/duy/cocarry_ws/install/motoros2_interfaces:/home/duy/cocarry_ws/install/motoman_resources:/opt/ros/humble:/home/duy/cocarry_ws/install/human_hand_msgs')]), 'shell': False}
[1.560987] (hrc_bringup) StdoutLine: {'line': b'-- Install configuration: ""\n'}
[1.561210] (hrc_bringup) StdoutLine: {'line': b'-- Execute custom install script\n'}
[1.561524] (hrc_bringup) StdoutLine: {'line': b'-- Up-to-date symlink: /home/duy/cocarry_ws/install/hrc_bringup/share/hrc_bringup/launch/__pycache__/cocarry_real_gui.launch.cpython-310.pyc\n'}
[1.561573] (hrc_bringup) StdoutLine: {'line': b'-- Up-to-date symlink: /home/duy/cocarry_ws/install/hrc_bringup/share/hrc_bringup/launch/__pycache__/cocarry_sim_gui.launch.cpython-310.pyc\n'}
[1.561693] (hrc_bringup) StdoutLine: {'line': b'-- Up-to-date symlink: /home/duy/cocarry_ws/install/hrc_bringup/share/hrc_bringup/launch/cocarry_full.launch.py\n'}
[1.561744] (hrc_bringup) StdoutLine: {'line': b'-- Up-to-date symlink: /home/duy/cocarry_ws/install/hrc_bringup/share/hrc_bringup/launch/cocarry_real_gui.launch.py\n'}
[1.561827] (hrc_bringup) StdoutLine: {'line': b'-- Up-to-date symlink: /home/duy/cocarry_ws/install/hrc_bringup/share/hrc_bringup/launch/cocarry_sim_gui.launch.py\n'}
[1.561898] (hrc_bringup) StdoutLine: {'line': b'-- Up-to-date symlink: /home/duy/cocarry_ws/install/hrc_bringup/share/hrc_bringup/launch/full_pipeline.launch.py\n'}
[1.561965] (hrc_bringup) StdoutLine: {'line': b'-- Up-to-date symlink: /home/duy/cocarry_ws/install/hrc_bringup/share/hrc_bringup/config/all_params.yaml\n'}
[1.562212] (hrc_bringup) StdoutLine: {'line': b'-- Up-to-date symlink: /home/duy/cocarry_ws/install/hrc_bringup/share/ament_index/resource_index/package_run_dependencies/hrc_bringup\n'}
[1.562262] (hrc_bringup) StdoutLine: {'line': b'-- Up-to-date symlink: /home/duy/cocarry_ws/install/hrc_bringup/share/ament_index/resource_index/parent_prefix_path/hrc_bringup\n'}
[1.562330] (hrc_bringup) StdoutLine: {'line': b'-- Up-to-date symlink: /home/duy/cocarry_ws/install/hrc_bringup/share/hrc_bringup/environment/ament_prefix_path.sh\n'}
[1.562402] (hrc_bringup) StdoutLine: {'line': b'-- Up-to-date symlink: /home/duy/cocarry_ws/install/hrc_bringup/share/hrc_bringup/environment/ament_prefix_path.dsv\n'}
[1.562502] (hrc_bringup) StdoutLine: {'line': b'-- Up-to-date symlink: /home/duy/cocarry_ws/install/hrc_bringup/share/hrc_bringup/environment/path.sh\n'}
[1.562595] (hrc_bringup) StdoutLine: {'line': b'-- Up-to-date symlink: /home/duy/cocarry_ws/install/hrc_bringup/share/hrc_bringup/environment/path.dsv\n'}
[1.562681] (hrc_bringup) StdoutLine: {'line': b'-- Up-to-date symlink: /home/duy/cocarry_ws/install/hrc_bringup/share/hrc_bringup/local_setup.bash\n'}
[1.562773] (hrc_bringup) StdoutLine: {'line': b'-- Up-to-date symlink: /home/duy/cocarry_ws/install/hrc_bringup/share/hrc_bringup/local_setup.sh\n'}
[1.562859] (hrc_bringup) StdoutLine: {'line': b'-- Up-to-date symlink: /home/duy/cocarry_ws/install/hrc_bringup/share/hrc_bringup/local_setup.zsh\n'}
[1.562943] (hrc_bringup) StdoutLine: {'line': b'-- Up-to-date symlink: /home/duy/cocarry_ws/install/hrc_bringup/share/hrc_bringup/local_setup.dsv\n'}
[1.563010] (hrc_bringup) StdoutLine: {'line': b'-- Symlinking: /home/duy/cocarry_ws/install/hrc_bringup/share/hrc_bringup/package.dsv\n'}
[1.573725] (hrc_bringup) StdoutLine: {'line': b'-- Up-to-date symlink: /home/duy/cocarry_ws/install/hrc_bringup/share/ament_index/resource_index/packages/hrc_bringup\n'}
[1.573833] (hrc_bringup) StdoutLine: {'line': b'-- Up-to-date symlink: /home/duy/cocarry_ws/install/hrc_bringup/share/hrc_bringup/cmake/hrc_bringupConfig.cmake\n'}
[1.573884] (hrc_bringup) StdoutLine: {'line': b'-- Up-to-date symlink: /home/duy/cocarry_ws/install/hrc_bringup/share/hrc_bringup/cmake/hrc_bringupConfig-version.cmake\n'}
[1.573961] (hrc_bringup) StdoutLine: {'line': b'-- Up-to-date symlink: /home/duy/cocarry_ws/install/hrc_bringup/share/hrc_bringup/package.xml\n'}
[1.575561] (hrc_bringup) CommandEnded: {'returncode': 0}
[1.586766] (hrc_bringup) JobEnded: {'identifier': 'hrc_bringup', 'rc': 0}
[1.587734] (-) EventReactorShutdown: {}
