-- Found ament_cmake: 1.3.14 (/opt/ros/humble/share/ament_cmake/cmake)
-- Found rclcpp: 16.0.19 (/opt/ros/humble/share/rclcpp/cmake)
-- Found rosidl_generator_c: 3.1.9 (/opt/ros/humble/share/rosidl_generator_c/cmake)
-- Found rosidl_adapter: 3.1.9 (/opt/ros/humble/share/rosidl_adapter/cmake)
-- Found rosidl_generator_cpp: 3.1.9 (/opt/ros/humble/share/rosidl_generator_cpp/cmake)
-- Using all available rosidl_typesupport_c: rosidl_typesupport_fastrtps_c;rosidl_typesupport_introspection_c
-- Using all available rosidl_typesupport_cpp: rosidl_typesupport_fastrtps_cpp;rosidl_typesupport_introspection_cpp
-- Found rmw_implementation_cmake: 6.1.2 (/opt/ros/humble/share/rmw_implementation_cmake/cmake)
-- Found rmw_fastrtps_cpp: 6.2.10 (/opt/ros/humble/share/rmw_fastrtps_cpp/cmake)
-- Using RMW implementation 'rmw_fastrtps_cpp' as default
-- Found cv_bridge: 3.2.1 (/opt/ros/humble/share/cv_bridge/cmake)
-- Found message_filters: 4.3.18 (/opt/ros/humble/share/message_filters/cmake)
-- Found image_transport: 3.1.13 (/opt/ros/humble/share/image_transport/cmake)
CMake Error at CMakeLists.txt:19 (find_package):
  By not providing "Findcompressed_image_transport.cmake" in
  CMAKE_MODULE_PATH this project has asked CMake to find a package
  configuration file provided by "compressed_image_transport", but CMake did
  not find one.

  Could not find a package configuration file provided by
  "compressed_image_transport" with any of the following names:

    compressed_image_transportConfig.cmake
    compressed_image_transport-config.cmake

  Add the installation prefix of "compressed_image_transport" to
  CMAKE_PREFIX_PATH or set "compressed_image_transport_DIR" to a directory
  containing one of the above files.  If "compressed_image_transport"
  provides a separate development package or SDK, be sure it has been
  installed.


-- Configuring incomplete, errors occurred!
See also "/home/hungnb/cocarry_ws/build/kinect2_calibration/CMakeFiles/CMakeOutput.log".
