[1.505s] Invoking command in '/home/hungnb/cocarry_ws/build/realsense_tracker': CMAKE_PREFIX_PATH=/home/hungnb/cocarry_ws/install/human_hand_msgs LD_LIBRARY_PATH=/home/hungnb/cocarry_ws/install/human_hand_msgs/lib:${LD_LIBRARY_PATH} PKG_CONFIG_PATH=/home/hungnb/cocarry_ws/install/human_hand_msgs/lib/x86_64-linux-gnu/pkgconfig:/home/hungnb/cocarry_ws/install/human_hand_msgs/lib/pkgconfig PYTHONPATH=/home/hungnb/cocarry_ws/build/realsense_tracker/prefix_override:/home/hungnb/.local/lib/python3.10/site-packages/colcon_core/task/python/colcon_distutils_commands:/home/hungnb/cocarry_ws/install/realsense_tracker/lib/python3.10/site-packages:/home/hungnb/cocarry_ws/install/human_hand_msgs/local/lib/python3.10/dist-packages:${PYTHONPATH} ROS_PACKAGE_PATH=/home/hungnb/cocarry_ws/install/human_hand_msgs/share /usr/bin/python3 -W ignore:setup.py install is deprecated -W ignore:easy_install command is deprecated setup.py develop --editable --build-directory /home/hungnb/cocarry_ws/build/realsense_tracker/build --no-deps symlink_data --force
[1.700s] running develop
[1.794s] running egg_info
[1.795s] writing realsense_tracker.egg-info/PKG-INFO
[1.795s] writing dependency_links to realsense_tracker.egg-info/dependency_links.txt
[1.795s] writing entry points to realsense_tracker.egg-info/entry_points.txt
[1.795s] writing requirements to realsense_tracker.egg-info/requires.txt
[1.795s] writing top-level names to realsense_tracker.egg-info/top_level.txt
[1.796s] reading manifest file 'realsense_tracker.egg-info/SOURCES.txt'
[1.796s] writing manifest file 'realsense_tracker.egg-info/SOURCES.txt'
[1.798s] running build_ext
[1.798s] Creating /home/hungnb/cocarry_ws/install/realsense_tracker/lib/python3.10/site-packages/realsense-tracker.egg-link (link to .)
[1.798s] Installing realsense_node script to /home/hungnb/cocarry_ws/install/realsense_tracker/lib/realsense_tracker
[1.799s] 
[1.799s] Installed /home/hungnb/cocarry_ws/build/realsense_tracker
[1.799s] running symlink_data
[1.799s] symbolically linking /home/hungnb/cocarry_ws/build/realsense_tracker/resource/realsense_tracker -> /home/hungnb/cocarry_ws/install/realsense_tracker/share/ament_index/resource_index/packages
[1.799s] symbolically linking /home/hungnb/cocarry_ws/build/realsense_tracker/package.xml -> /home/hungnb/cocarry_ws/install/realsense_tracker/share/realsense_tracker
[1.800s] symbolically linking /home/hungnb/cocarry_ws/build/realsense_tracker/models/pose_landmarker_full.task -> /home/hungnb/cocarry_ws/install/realsense_tracker/share/realsense_tracker/models
[1.837s] Invoked command in '/home/hungnb/cocarry_ws/build/realsense_tracker' returned '0': CMAKE_PREFIX_PATH=/home/hungnb/cocarry_ws/install/human_hand_msgs LD_LIBRARY_PATH=/home/hungnb/cocarry_ws/install/human_hand_msgs/lib:${LD_LIBRARY_PATH} PKG_CONFIG_PATH=/home/hungnb/cocarry_ws/install/human_hand_msgs/lib/x86_64-linux-gnu/pkgconfig:/home/hungnb/cocarry_ws/install/human_hand_msgs/lib/pkgconfig PYTHONPATH=/home/hungnb/cocarry_ws/build/realsense_tracker/prefix_override:/home/hungnb/.local/lib/python3.10/site-packages/colcon_core/task/python/colcon_distutils_commands:/home/hungnb/cocarry_ws/install/realsense_tracker/lib/python3.10/site-packages:/home/hungnb/cocarry_ws/install/human_hand_msgs/local/lib/python3.10/dist-packages:${PYTHONPATH} ROS_PACKAGE_PATH=/home/hungnb/cocarry_ws/install/human_hand_msgs/share /usr/bin/python3 -W ignore:setup.py install is deprecated -W ignore:easy_install command is deprecated setup.py develop --editable --build-directory /home/hungnb/cocarry_ws/build/realsense_tracker/build --no-deps symlink_data --force
