[0.642s] Invoking command in '/home/hungnb/cocarry_ws/build/kinect2_calibration': AMENT_PREFIX_PATH=/home/hungnb/cocarry_ws/install/kinect2_bridge:/home/hungnb/cocarry_ws/install/kinect2_registration:${AMENT_PREFIX_PATH} CMAKE_PREFIX_PATH=/home/hungnb/cocarry_ws/install/kinect2_bridge:/home/hungnb/cocarry_ws/install/kinect2_registration:/opt/ros/humble LD_LIBRARY_PATH=/home/hungnb/cocarry_ws/install/kinect2_registration/lib:${LD_LIBRARY_PATH} /usr/bin/cmake --build /home/hungnb/cocarry_ws/build/kinect2_calibration -- -j16 -l16
[0.701s] [100%] Built target kinect2_calibration_node
[0.735s] Invoked command in '/home/hungnb/cocarry_ws/build/kinect2_calibration' returned '0': AMENT_PREFIX_PATH=/home/hungnb/cocarry_ws/install/kinect2_bridge:/home/hungnb/cocarry_ws/install/kinect2_registration:${AMENT_PREFIX_PATH} CMAKE_PREFIX_PATH=/home/hungnb/cocarry_ws/install/kinect2_bridge:/home/hungnb/cocarry_ws/install/kinect2_registration:/opt/ros/humble LD_LIBRARY_PATH=/home/hungnb/cocarry_ws/install/kinect2_registration/lib:${LD_LIBRARY_PATH} /usr/bin/cmake --build /home/hungnb/cocarry_ws/build/kinect2_calibration -- -j16 -l16
[0.737s] Invoking command in '/home/hungnb/cocarry_ws/build/kinect2_calibration': AMENT_PREFIX_PATH=/home/hungnb/cocarry_ws/install/kinect2_bridge:/home/hungnb/cocarry_ws/install/kinect2_registration:${AMENT_PREFIX_PATH} CMAKE_PREFIX_PATH=/home/hungnb/cocarry_ws/install/kinect2_bridge:/home/hungnb/cocarry_ws/install/kinect2_registration:/opt/ros/humble LD_LIBRARY_PATH=/home/hungnb/cocarry_ws/install/kinect2_registration/lib:${LD_LIBRARY_PATH} /usr/bin/cmake --install /home/hungnb/cocarry_ws/build/kinect2_calibration
[0.746s] -- Install configuration: ""
[0.747s] -- Execute custom install script
[0.747s] -- Up-to-date symlink: /home/hungnb/cocarry_ws/install/kinect2_calibration/lib/kinect2_calibration/kinect2_calibration_node
[0.747s] -- Up-to-date symlink: /home/hungnb/cocarry_ws/install/kinect2_calibration/share/ament_index/resource_index/package_run_dependencies/kinect2_calibration
[0.748s] -- Up-to-date symlink: /home/hungnb/cocarry_ws/install/kinect2_calibration/share/ament_index/resource_index/parent_prefix_path/kinect2_calibration
[0.748s] -- Up-to-date symlink: /home/hungnb/cocarry_ws/install/kinect2_calibration/share/kinect2_calibration/environment/ament_prefix_path.sh
[0.748s] -- Up-to-date symlink: /home/hungnb/cocarry_ws/install/kinect2_calibration/share/kinect2_calibration/environment/ament_prefix_path.dsv
[0.748s] -- Up-to-date symlink: /home/hungnb/cocarry_ws/install/kinect2_calibration/share/kinect2_calibration/environment/path.sh
[0.748s] -- Up-to-date symlink: /home/hungnb/cocarry_ws/install/kinect2_calibration/share/kinect2_calibration/environment/path.dsv
[0.748s] -- Up-to-date symlink: /home/hungnb/cocarry_ws/install/kinect2_calibration/share/kinect2_calibration/local_setup.bash
[0.748s] -- Up-to-date symlink: /home/hungnb/cocarry_ws/install/kinect2_calibration/share/kinect2_calibration/local_setup.sh
[0.748s] -- Up-to-date symlink: /home/hungnb/cocarry_ws/install/kinect2_calibration/share/kinect2_calibration/local_setup.zsh
[0.749s] -- Up-to-date symlink: /home/hungnb/cocarry_ws/install/kinect2_calibration/share/kinect2_calibration/local_setup.dsv
[0.749s] -- Symlinking: /home/hungnb/cocarry_ws/install/kinect2_calibration/share/kinect2_calibration/package.dsv
[0.759s] -- Up-to-date symlink: /home/hungnb/cocarry_ws/install/kinect2_calibration/share/ament_index/resource_index/packages/kinect2_calibration
[0.760s] -- Up-to-date symlink: /home/hungnb/cocarry_ws/install/kinect2_calibration/share/kinect2_calibration/cmake/kinect2_calibrationConfig.cmake
[0.760s] -- Up-to-date symlink: /home/hungnb/cocarry_ws/install/kinect2_calibration/share/kinect2_calibration/cmake/kinect2_calibrationConfig-version.cmake
[0.760s] -- Up-to-date symlink: /home/hungnb/cocarry_ws/install/kinect2_calibration/share/kinect2_calibration/package.xml
[0.763s] Invoked command in '/home/hungnb/cocarry_ws/build/kinect2_calibration' returned '0': AMENT_PREFIX_PATH=/home/hungnb/cocarry_ws/install/kinect2_bridge:/home/hungnb/cocarry_ws/install/kinect2_registration:${AMENT_PREFIX_PATH} CMAKE_PREFIX_PATH=/home/hungnb/cocarry_ws/install/kinect2_bridge:/home/hungnb/cocarry_ws/install/kinect2_registration:/opt/ros/humble LD_LIBRARY_PATH=/home/hungnb/cocarry_ws/install/kinect2_registration/lib:${LD_LIBRARY_PATH} /usr/bin/cmake --install /home/hungnb/cocarry_ws/build/kinect2_calibration
