[0.000000] (-) TimerEvent: {}
[0.000650] (-) JobUnselected: {'identifier': 'coord_transform'}
[0.000891] (-) JobUnselected: {'identifier': 'experiment_logger'}
[0.000913] (-) JobUnselected: {'identifier': 'hc10dtp_bringup'}
[0.000928] (-) JobUnselected: {'identifier': 'hc10dtp_moveit_config'}
[0.000941] (-) JobUnselected: {'identifier': 'hc10dtp_simulation'}
[0.000954] (-) JobUnselected: {'identifier': 'hrc_bringup'}
[0.000967] (-) JobUnselected: {'identifier': 'human_hand_msgs'}
[0.000980] (-) JobUnselected: {'identifier': 'industrial_msgs'}
[0.000992] (-) JobUnselected: {'identifier': 'kinect2_bridge'}
[0.001005] (-) JobUnselected: {'identifier': 'kinect2_calibration'}
[0.001024] (-) JobUnselected: {'identifier': 'kinect2_registration'}
[0.001037] (-) JobUnselected: {'identifier': 'libfreenect2'}
[0.001050] (-) JobUnselected: {'identifier': 'motoman_gp4_support'}
[0.001063] (-) JobUnselected: {'identifier': 'motoman_hc10dtp_support'}
[0.001076] (-) JobUnselected: {'identifier': 'motoman_resources'}
[0.001089] (-) JobUnselected: {'identifier': 'motoros2_client_interface_dependencies'}
[0.001102] (-) JobUnselected: {'identifier': 'motoros2_interfaces'}
[0.001115] (-) JobUnselected: {'identifier': 'realsense_tracker'}
[0.001127] (-) JobUnselected: {'identifier': 'trac_ik'}
[0.001141] (-) JobUnselected: {'identifier': 'trac_ik_kinematics'}
[0.001153] (-) JobUnselected: {'identifier': 'trac_ik_lib'}
[0.001168] (predictor_ui) JobQueued: {'identifier': 'predictor_ui', 'dependencies': OrderedDict([('human_hand_msgs', '/home/duy/cocarry_ws/install/human_hand_msgs')])}
[0.001189] (trajectory_predictor) JobQueued: {'identifier': 'trajectory_predictor', 'dependencies': OrderedDict([('human_hand_msgs', '/home/duy/cocarry_ws/install/human_hand_msgs')])}
[0.001205] (predictor_ui) JobStarted: {'identifier': 'predictor_ui'}
[0.006507] (trajectory_predictor) JobStarted: {'identifier': 'trajectory_predictor'}
[0.099753] (-) TimerEvent: {}
[0.200150] (-) TimerEvent: {}
[0.300543] (-) TimerEvent: {}
[0.400913] (-) TimerEvent: {}
[0.501398] (-) TimerEvent: {}
[0.601786] (-) TimerEvent: {}
[0.702208] (-) TimerEvent: {}
[0.802604] (-) TimerEvent: {}
[0.902998] (-) TimerEvent: {}
[0.955063] (trajectory_predictor) Command: {'cmd': ['/usr/bin/python3', '-W', 'ignore:setup.py install is deprecated', '-W', 'ignore:easy_install command is deprecated', 'setup.py', 'egg_info', '--egg-base', '../../build/trajectory_predictor', 'build', '--build-base', '/home/duy/cocarry_ws/build/trajectory_predictor/build', 'install', '--record', '/home/duy/cocarry_ws/build/trajectory_predictor/install.log', '--single-version-externally-managed', 'install_data'], 'cwd': '/home/duy/cocarry_ws/src/trajectory_predictor', 'env': {'USER': 'duy', 'ROS_PACKAGE_PATH': '/home/duy/cocarry_ws/install/human_hand_msgs/share', 'SHLVL': '0', 'LD_LIBRARY_PATH': '/home/duy/cocarry_ws/install/human_hand_msgs/lib', 'HOME': '/home/duy', 'OLDPWD': '/home/duy/cocarry_ws', '_': '/usr/bin/colcon', 'PKG_CONFIG_PATH': '/home/duy/cocarry_ws/install/human_hand_msgs/lib/x86_64-linux-gnu/pkgconfig:/home/duy/cocarry_ws/install/human_hand_msgs/lib/pkgconfig', 'TERM': 'dumb', 'PATH': '/home/duy/.local/bin:/home/duy/.nvm/versions/node/v20.20.2/bin:/opt/ros/humble/bin:/home/duy/.local/bin:/usr/local/sbin:/usr/local/bin:/usr/sbin:/usr/bin:/sbin:/bin:/usr/games:/usr/local/games:/snap/bin:/snap/bin:/home/duy/libfreenect2/build/bin', 'LANG': 'en_US.UTF-8', 'TMP': '/tmp', 'SHELL': '/bin/bash', 'PWD': '/home/duy/cocarry_ws/build/trajectory_predictor', 'PYTHONPATH': '/home/duy/cocarry_ws/build/trajectory_predictor/prefix_override:/usr/lib/python3/dist-packages/colcon_core/task/python/colcon_distutils_commands:/home/duy/cocarry_ws/install/trajectory_predictor/lib/python3.10/site-packages:/home/duy/cocarry_ws/install/human_hand_msgs/local/lib/python3.10/dist-packages', 'COLCON': '1', 'CMAKE_PREFIX_PATH': '/home/duy/cocarry_ws/install/human_hand_msgs'}, 'shell': False}
[0.970816] (predictor_ui) Command: {'cmd': ['/usr/bin/python3', '-W', 'ignore:setup.py install is deprecated', '-W', 'ignore:easy_install command is deprecated', 'setup.py', 'egg_info', '--egg-base', '../../build/predictor_ui', 'build', '--build-base', '/home/duy/cocarry_ws/build/predictor_ui/build', 'install', '--record', '/home/duy/cocarry_ws/build/predictor_ui/install.log', '--single-version-externally-managed', 'install_data'], 'cwd': '/home/duy/cocarry_ws/src/predictor_ui', 'env': {'USER': 'duy', 'ROS_PACKAGE_PATH': '/home/duy/cocarry_ws/install/human_hand_msgs/share', 'SHLVL': '0', 'LD_LIBRARY_PATH': '/home/duy/cocarry_ws/install/human_hand_msgs/lib', 'HOME': '/home/duy', 'OLDPWD': '/home/duy/cocarry_ws', '_': '/usr/bin/colcon', 'PKG_CONFIG_PATH': '/home/duy/cocarry_ws/install/human_hand_msgs/lib/x86_64-linux-gnu/pkgconfig:/home/duy/cocarry_ws/install/human_hand_msgs/lib/pkgconfig', 'TERM': 'dumb', 'PATH': '/home/duy/.local/bin:/home/duy/.nvm/versions/node/v20.20.2/bin:/opt/ros/humble/bin:/home/duy/.local/bin:/usr/local/sbin:/usr/local/bin:/usr/sbin:/usr/bin:/sbin:/bin:/usr/games:/usr/local/games:/snap/bin:/snap/bin:/home/duy/libfreenect2/build/bin', 'LANG': 'en_US.UTF-8', 'TMP': '/tmp', 'SHELL': '/bin/bash', 'PWD': '/home/duy/cocarry_ws/build/predictor_ui', 'PYTHONPATH': '/home/duy/cocarry_ws/build/predictor_ui/prefix_override:/usr/lib/python3/dist-packages/colcon_core/task/python/colcon_distutils_commands:/home/duy/cocarry_ws/install/predictor_ui/lib/python3.10/site-packages:/home/duy/cocarry_ws/install/human_hand_msgs/local/lib/python3.10/dist-packages', 'COLCON': '1', 'CMAKE_PREFIX_PATH': '/home/duy/cocarry_ws/install/human_hand_msgs'}, 'shell': False}
[1.003146] (-) TimerEvent: {}
[1.103565] (-) TimerEvent: {}
[1.203950] (-) TimerEvent: {}
[1.216885] (trajectory_predictor) StdoutLine: {'line': b'running egg_info\n'}
[1.217342] (trajectory_predictor) StdoutLine: {'line': b'creating ../../build/trajectory_predictor/trajectory_predictor.egg-info\n'}
[1.217717] (trajectory_predictor) StdoutLine: {'line': b'writing ../../build/trajectory_predictor/trajectory_predictor.egg-info/PKG-INFO\n'}
[1.218050] (trajectory_predictor) StdoutLine: {'line': b'writing dependency_links to ../../build/trajectory_predictor/trajectory_predictor.egg-info/dependency_links.txt\n'}
[1.218280] (trajectory_predictor) StdoutLine: {'line': b'writing entry points to ../../build/trajectory_predictor/trajectory_predictor.egg-info/entry_points.txt\n'}
[1.218457] (trajectory_predictor) StdoutLine: {'line': b'writing requirements to ../../build/trajectory_predictor/trajectory_predictor.egg-info/requires.txt\n'}
[1.218592] (trajectory_predictor) StdoutLine: {'line': b'writing top-level names to ../../build/trajectory_predictor/trajectory_predictor.egg-info/top_level.txt\n'}
[1.218721] (trajectory_predictor) StdoutLine: {'line': b"writing manifest file '../../build/trajectory_predictor/trajectory_predictor.egg-info/SOURCES.txt'\n"}
[1.219770] (trajectory_predictor) StdoutLine: {'line': b"reading manifest file '../../build/trajectory_predictor/trajectory_predictor.egg-info/SOURCES.txt'\n"}
[1.220521] (trajectory_predictor) StdoutLine: {'line': b"writing manifest file '../../build/trajectory_predictor/trajectory_predictor.egg-info/SOURCES.txt'\n"}
[1.220812] (trajectory_predictor) StdoutLine: {'line': b'running build\n'}
[1.221065] (trajectory_predictor) StdoutLine: {'line': b'running build_py\n'}
[1.221271] (trajectory_predictor) StdoutLine: {'line': b'creating /home/duy/cocarry_ws/build/trajectory_predictor/build\n'}
[1.221439] (trajectory_predictor) StdoutLine: {'line': b'creating /home/duy/cocarry_ws/build/trajectory_predictor/build/lib\n'}
[1.221561] (trajectory_predictor) StdoutLine: {'line': b'creating /home/duy/cocarry_ws/build/trajectory_predictor/build/lib/trajectory_predictor\n'}
[1.221678] (trajectory_predictor) StdoutLine: {'line': b'copying trajectory_predictor/inference_worker.py -> /home/duy/cocarry_ws/build/trajectory_predictor/build/lib/trajectory_predictor\n'}
[1.221802] (trajectory_predictor) StdoutLine: {'line': b'copying trajectory_predictor/__init__.py -> /home/duy/cocarry_ws/build/trajectory_predictor/build/lib/trajectory_predictor\n'}
[1.221957] (trajectory_predictor) StdoutLine: {'line': b'copying trajectory_predictor/model_manager.py -> /home/duy/cocarry_ws/build/trajectory_predictor/build/lib/trajectory_predictor\n'}
[1.222088] (trajectory_predictor) StdoutLine: {'line': b'copying trajectory_predictor/predictor_node.py -> /home/duy/cocarry_ws/build/trajectory_predictor/build/lib/trajectory_predictor\n'}
[1.222208] (trajectory_predictor) StdoutLine: {'line': b'running install\n'}
[1.222345] (trajectory_predictor) StdoutLine: {'line': b'running install_lib\n'}
[1.222527] (trajectory_predictor) StdoutLine: {'line': b'creating /home/duy/cocarry_ws/install/trajectory_predictor/lib/python3.10/site-packages/trajectory_predictor\n'}
[1.222703] (trajectory_predictor) StdoutLine: {'line': b'copying /home/duy/cocarry_ws/build/trajectory_predictor/build/lib/trajectory_predictor/inference_worker.py -> /home/duy/cocarry_ws/install/trajectory_predictor/lib/python3.10/site-packages/trajectory_predictor\n'}
[1.222824] (trajectory_predictor) StdoutLine: {'line': b'copying /home/duy/cocarry_ws/build/trajectory_predictor/build/lib/trajectory_predictor/__init__.py -> /home/duy/cocarry_ws/install/trajectory_predictor/lib/python3.10/site-packages/trajectory_predictor\n'}
[1.222950] (trajectory_predictor) StdoutLine: {'line': b'copying /home/duy/cocarry_ws/build/trajectory_predictor/build/lib/trajectory_predictor/model_manager.py -> /home/duy/cocarry_ws/install/trajectory_predictor/lib/python3.10/site-packages/trajectory_predictor\n'}
[1.223074] (trajectory_predictor) StdoutLine: {'line': b'copying /home/duy/cocarry_ws/build/trajectory_predictor/build/lib/trajectory_predictor/predictor_node.py -> /home/duy/cocarry_ws/install/trajectory_predictor/lib/python3.10/site-packages/trajectory_predictor\n'}
[1.223400] (trajectory_predictor) StdoutLine: {'line': b'byte-compiling /home/duy/cocarry_ws/install/trajectory_predictor/lib/python3.10/site-packages/trajectory_predictor/inference_worker.py to inference_worker.cpython-310.pyc\n'}
[1.225882] (trajectory_predictor) StdoutLine: {'line': b'byte-compiling /home/duy/cocarry_ws/install/trajectory_predictor/lib/python3.10/site-packages/trajectory_predictor/__init__.py to __init__.cpython-310.pyc\n'}
[1.226080] (trajectory_predictor) StdoutLine: {'line': b'byte-compiling /home/duy/cocarry_ws/install/trajectory_predictor/lib/python3.10/site-packages/trajectory_predictor/model_manager.py to model_manager.cpython-310.pyc\n'}
[1.226263] (trajectory_predictor) StdoutLine: {'line': b'byte-compiling /home/duy/cocarry_ws/install/trajectory_predictor/lib/python3.10/site-packages/trajectory_predictor/predictor_node.py to predictor_node.cpython-310.pyc\n'}
[1.228107] (predictor_ui) StdoutLine: {'line': b'running egg_info\n'}
[1.228776] (predictor_ui) StdoutLine: {'line': b'creating ../../build/predictor_ui/predictor_ui.egg-info\n'}
[1.229004] (predictor_ui) StdoutLine: {'line': b'writing ../../build/predictor_ui/predictor_ui.egg-info/PKG-INFO\n'}
[1.229160] (predictor_ui) StdoutLine: {'line': b'writing dependency_links to ../../build/predictor_ui/predictor_ui.egg-info/dependency_links.txt\n'}
[1.229322] (predictor_ui) StdoutLine: {'line': b'writing entry points to ../../build/predictor_ui/predictor_ui.egg-info/entry_points.txt\n'}
[1.229421] (predictor_ui) StdoutLine: {'line': b'writing requirements to ../../build/predictor_ui/predictor_ui.egg-info/requires.txt\n'}
[1.229520] (predictor_ui) StdoutLine: {'line': b'writing top-level names to ../../build/predictor_ui/predictor_ui.egg-info/top_level.txt\n'}
[1.229659] (predictor_ui) StdoutLine: {'line': b"writing manifest file '../../build/predictor_ui/predictor_ui.egg-info/SOURCES.txt'\n"}
[1.229802] (trajectory_predictor) StdoutLine: {'line': b'running install_data\n'}
[1.229950] (trajectory_predictor) StdoutLine: {'line': b'creating /home/duy/cocarry_ws/install/trajectory_predictor/share/ament_index\n'}
[1.230103] (trajectory_predictor) StdoutLine: {'line': b'creating /home/duy/cocarry_ws/install/trajectory_predictor/share/ament_index/resource_index\n'}
[1.230292] (trajectory_predictor) StdoutLine: {'line': b'creating /home/duy/cocarry_ws/install/trajectory_predictor/share/ament_index/resource_index/packages\n'}
[1.230493] (trajectory_predictor) StdoutLine: {'line': b'copying resource/trajectory_predictor -> /home/duy/cocarry_ws/install/trajectory_predictor/share/ament_index/resource_index/packages\n'}
[1.230612] (trajectory_predictor) StdoutLine: {'line': b'copying package.xml -> /home/duy/cocarry_ws/install/trajectory_predictor/share/trajectory_predictor\n'}
[1.230778] (trajectory_predictor) StdoutLine: {'line': b'creating /home/duy/cocarry_ws/install/trajectory_predictor/share/trajectory_predictor/config\n'}
[1.230898] (trajectory_predictor) StdoutLine: {'line': b'copying config/predictor_params.yaml -> /home/duy/cocarry_ws/install/trajectory_predictor/share/trajectory_predictor/config\n'}
[1.230996] (trajectory_predictor) StdoutLine: {'line': b'running install_egg_info\n'}
[1.231371] (predictor_ui) StdoutLine: {'line': b"reading manifest file '../../build/predictor_ui/predictor_ui.egg-info/SOURCES.txt'\n"}
[1.232132] (predictor_ui) StdoutLine: {'line': b"writing manifest file '../../build/predictor_ui/predictor_ui.egg-info/SOURCES.txt'\n"}
[1.232358] (predictor_ui) StdoutLine: {'line': b'running build\n'}
[1.232475] (predictor_ui) StdoutLine: {'line': b'running build_py\n'}
[1.232626] (predictor_ui) StdoutLine: {'line': b'creating /home/duy/cocarry_ws/build/predictor_ui/build\n'}
[1.232766] (predictor_ui) StdoutLine: {'line': b'creating /home/duy/cocarry_ws/build/predictor_ui/build/lib\n'}
[1.232867] (predictor_ui) StdoutLine: {'line': b'creating /home/duy/cocarry_ws/build/predictor_ui/build/lib/predictor_ui\n'}
[1.232970] (predictor_ui) StdoutLine: {'line': b'copying predictor_ui/ui_node.py -> /home/duy/cocarry_ws/build/predictor_ui/build/lib/predictor_ui\n'}
[1.233063] (predictor_ui) StdoutLine: {'line': b'copying predictor_ui/__init__.py -> /home/duy/cocarry_ws/build/predictor_ui/build/lib/predictor_ui\n'}
[1.233189] (predictor_ui) StdoutLine: {'line': b'running install\n'}
[1.233331] (predictor_ui) StdoutLine: {'line': b'running install_lib\n'}
[1.233910] (trajectory_predictor) StdoutLine: {'line': b'Copying ../../build/trajectory_predictor/trajectory_predictor.egg-info to /home/duy/cocarry_ws/install/trajectory_predictor/lib/python3.10/site-packages/trajectory_predictor-0.1.0-py3.10.egg-info\n'}
[1.234098] (predictor_ui) StdoutLine: {'line': b'creating /home/duy/cocarry_ws/install/predictor_ui/lib/python3.10/site-packages/predictor_ui\n'}
[1.234223] (predictor_ui) StdoutLine: {'line': b'copying /home/duy/cocarry_ws/build/predictor_ui/build/lib/predictor_ui/ui_node.py -> /home/duy/cocarry_ws/install/predictor_ui/lib/python3.10/site-packages/predictor_ui\n'}
[1.234336] (predictor_ui) StdoutLine: {'line': b'copying /home/duy/cocarry_ws/build/predictor_ui/build/lib/predictor_ui/__init__.py -> /home/duy/cocarry_ws/install/predictor_ui/lib/python3.10/site-packages/predictor_ui\n'}
[1.234859] (trajectory_predictor) StdoutLine: {'line': b'running install_scripts\n'}
[1.235039] (predictor_ui) StdoutLine: {'line': b'byte-compiling /home/duy/cocarry_ws/install/predictor_ui/lib/python3.10/site-packages/predictor_ui/ui_node.py to ui_node.cpython-310.pyc\n'}
[1.240650] (predictor_ui) StdoutLine: {'line': b'byte-compiling /home/duy/cocarry_ws/install/predictor_ui/lib/python3.10/site-packages/predictor_ui/__init__.py to __init__.cpython-310.pyc\n'}
[1.240887] (predictor_ui) StdoutLine: {'line': b'running install_data\n'}
[1.241018] (predictor_ui) StdoutLine: {'line': b'creating /home/duy/cocarry_ws/install/predictor_ui/share/ament_index\n'}
[1.241118] (predictor_ui) StdoutLine: {'line': b'creating /home/duy/cocarry_ws/install/predictor_ui/share/ament_index/resource_index\n'}
[1.241268] (predictor_ui) StdoutLine: {'line': b'creating /home/duy/cocarry_ws/install/predictor_ui/share/ament_index/resource_index/packages\n'}
[1.241373] (predictor_ui) StdoutLine: {'line': b'copying resource/predictor_ui -> /home/duy/cocarry_ws/install/predictor_ui/share/ament_index/resource_index/packages\n'}
[1.241455] (predictor_ui) StdoutLine: {'line': b'copying package.xml -> /home/duy/cocarry_ws/install/predictor_ui/share/predictor_ui\n'}
[1.241548] (predictor_ui) StdoutLine: {'line': b'running install_egg_info\n'}
[1.243534] (predictor_ui) StdoutLine: {'line': b'Copying ../../build/predictor_ui/predictor_ui.egg-info to /home/duy/cocarry_ws/install/predictor_ui/lib/python3.10/site-packages/predictor_ui-0.1.0-py3.10.egg-info\n'}
[1.244213] (predictor_ui) StdoutLine: {'line': b'running install_scripts\n'}
[1.258153] (trajectory_predictor) StdoutLine: {'line': b'Installing predictor_node script to /home/duy/cocarry_ws/install/trajectory_predictor/lib/trajectory_predictor\n'}
[1.258637] (trajectory_predictor) StdoutLine: {'line': b"writing list of installed files to '/home/duy/cocarry_ws/build/trajectory_predictor/install.log'\n"}
[1.267757] (predictor_ui) StdoutLine: {'line': b'Installing ui_node script to /home/duy/cocarry_ws/install/predictor_ui/lib/predictor_ui\n'}
[1.268143] (predictor_ui) StdoutLine: {'line': b"writing list of installed files to '/home/duy/cocarry_ws/build/predictor_ui/install.log'\n"}
[1.291605] (trajectory_predictor) CommandEnded: {'returncode': 0}
[1.303663] (trajectory_predictor) JobEnded: {'identifier': 'trajectory_predictor', 'rc': 0}
[1.305687] (-) TimerEvent: {}
[1.305874] (predictor_ui) CommandEnded: {'returncode': 0}
[1.311663] (predictor_ui) JobEnded: {'identifier': 'predictor_ui', 'rc': 0}
[1.312563] (-) EventReactorShutdown: {}
