[0.000000] (-) TimerEvent: {}
[0.000952] (-) JobUnselected: {'identifier': 'coord_transform'}
[0.001106] (-) JobUnselected: {'identifier': 'hc10dtp_bringup'}
[0.001171] (-) JobUnselected: {'identifier': 'hc10dtp_moveit_config'}
[0.001461] (-) JobUnselected: {'identifier': 'hc10dtp_simulation'}
[0.001505] (-) JobUnselected: {'identifier': 'hrc_bringup'}
[0.001545] (-) JobUnselected: {'identifier': 'human_hand_msgs'}
[0.001594] (-) JobUnselected: {'identifier': 'industrial_msgs'}
[0.001785] (-) JobUnselected: {'identifier': 'kinect2_bridge'}
[0.001823] (-) JobUnselected: {'identifier': 'kinect2_calibration'}
[0.001870] (-) JobUnselected: {'identifier': 'kinect2_registration'}
[0.002156] (-) JobUnselected: {'identifier': 'libfreenect2'}
[0.002199] (-) JobUnselected: {'identifier': 'motoman_gp4_support'}
[0.002286] (-) JobUnselected: {'identifier': 'motoman_hc10dtp_support'}
[0.002325] (-) JobUnselected: {'identifier': 'motoman_resources'}
[0.002368] (-) JobUnselected: {'identifier': 'motoros2_client_interface_dependencies'}
[0.002469] (-) JobUnselected: {'identifier': 'motoros2_interfaces'}
[0.002505] (-) JobUnselected: {'identifier': 'predictor_ui'}
[0.002549] (-) JobUnselected: {'identifier': 'realsense_tracker'}
[0.002598] (-) JobUnselected: {'identifier': 'trac_ik'}
[0.002644] (-) JobUnselected: {'identifier': 'trac_ik_kinematics'}
[0.002722] (-) JobUnselected: {'identifier': 'trac_ik_lib'}
[0.002757] (-) JobUnselected: {'identifier': 'trajectory_predictor'}
[0.002807] (experiment_logger) JobQueued: {'identifier': 'experiment_logger', 'dependencies': OrderedDict([('human_hand_msgs', '/home/duy/cocarry_ws/install/human_hand_msgs')])}
[0.002947] (experiment_logger) JobStarted: {'identifier': 'experiment_logger'}
[0.099671] (-) TimerEvent: {}
[0.200114] (-) TimerEvent: {}
[0.300463] (-) TimerEvent: {}
[0.400839] (-) TimerEvent: {}
[0.501221] (-) TimerEvent: {}
[0.601602] (-) TimerEvent: {}
[0.653163] (experiment_logger) Command: {'cmd': ['/usr/bin/python3', '-W', 'ignore:setup.py install is deprecated', '-W', 'ignore:easy_install command is deprecated', 'setup.py', 'develop', '--editable', '--build-directory', '/home/duy/cocarry_ws/build/experiment_logger/build', '--no-deps', 'symlink_data'], 'cwd': '/home/duy/cocarry_ws/build/experiment_logger', 'env': {'USER': 'duy', 'ROS_PACKAGE_PATH': '/home/duy/cocarry_ws/install/human_hand_msgs/share', 'SHLVL': '0', 'LD_LIBRARY_PATH': '/home/duy/cocarry_ws/install/human_hand_msgs/lib', 'HOME': '/home/duy', '_': '/usr/bin/colcon', 'PKG_CONFIG_PATH': '/home/duy/cocarry_ws/install/human_hand_msgs/lib/x86_64-linux-gnu/pkgconfig:/home/duy/cocarry_ws/install/human_hand_msgs/lib/pkgconfig', 'TERM': 'dumb', 'PATH': '/home/duy/.local/bin:/home/duy/.nvm/versions/node/v20.20.2/bin:/opt/ros/humble/bin:/home/duy/.local/bin:/usr/local/sbin:/usr/local/bin:/usr/sbin:/usr/bin:/sbin:/bin:/usr/games:/usr/local/games:/snap/bin:/snap/bin:/home/duy/libfreenect2/build/bin', 'LANG': 'en_US.UTF-8', 'TMP': '/tmp', 'SHELL': '/bin/bash', 'PWD': '/home/duy/cocarry_ws/build/experiment_logger', 'PYTHONPATH': '/home/duy/cocarry_ws/build/experiment_logger/prefix_override:/usr/lib/python3/dist-packages/colcon_core/task/python/colcon_distutils_commands:/home/duy/cocarry_ws/install/experiment_logger/lib/python3.10/site-packages:/home/duy/cocarry_ws/install/human_hand_msgs/local/lib/python3.10/dist-packages', 'COLCON': '1', 'CMAKE_PREFIX_PATH': '/home/duy/cocarry_ws/install/human_hand_msgs'}, 'shell': False}
[0.701708] (-) TimerEvent: {}
[0.802082] (-) TimerEvent: {}
[0.902466] (-) TimerEvent: {}
[0.915794] (experiment_logger) StdoutLine: {'line': b'running develop\n'}
[1.002611] (-) TimerEvent: {}
[1.030609] (experiment_logger) StdoutLine: {'line': b'running egg_info\n'}
[1.030919] (experiment_logger) StdoutLine: {'line': b'writing experiment_logger.egg-info/PKG-INFO\n'}
[1.031139] (experiment_logger) StdoutLine: {'line': b'writing dependency_links to experiment_logger.egg-info/dependency_links.txt\n'}
[1.031271] (experiment_logger) StdoutLine: {'line': b'writing entry points to experiment_logger.egg-info/entry_points.txt\n'}
[1.031401] (experiment_logger) StdoutLine: {'line': b'writing requirements to experiment_logger.egg-info/requires.txt\n'}
[1.031512] (experiment_logger) StdoutLine: {'line': b'writing top-level names to experiment_logger.egg-info/top_level.txt\n'}
[1.032953] (experiment_logger) StdoutLine: {'line': b"reading manifest file 'experiment_logger.egg-info/SOURCES.txt'\n"}
[1.033644] (experiment_logger) StdoutLine: {'line': b"writing manifest file 'experiment_logger.egg-info/SOURCES.txt'\n"}
[1.035030] (experiment_logger) StdoutLine: {'line': b'running build_ext\n'}
[1.035311] (experiment_logger) StdoutLine: {'line': b'Creating /home/duy/cocarry_ws/install/experiment_logger/lib/python3.10/site-packages/experiment-logger.egg-link (link to .)\n'}
[1.035910] (experiment_logger) StdoutLine: {'line': b'Installing analyze_latency script to /home/duy/cocarry_ws/install/experiment_logger/lib/experiment_logger\n'}
[1.036077] (experiment_logger) StdoutLine: {'line': b'Installing logger_node script to /home/duy/cocarry_ws/install/experiment_logger/lib/experiment_logger\n'}
[1.036339] (experiment_logger) StdoutLine: {'line': b'\n'}
[1.036521] (experiment_logger) StdoutLine: {'line': b'Installed /home/duy/cocarry_ws/build/experiment_logger\n'}
[1.036650] (experiment_logger) StdoutLine: {'line': b'running symlink_data\n'}
[1.070730] (experiment_logger) CommandEnded: {'returncode': 0}
[1.086033] (experiment_logger) JobEnded: {'identifier': 'experiment_logger', 'rc': 0}
[1.086944] (-) EventReactorShutdown: {}
