[0.006s] Invoking command in '/home/hungnb/cocarry_ws/build/hc10dtp_bringup': AMENT_PREFIX_PATH=/home/hungnb/cocarry_ws/install/hc10dtp_moveit_config:${AMENT_PREFIX_PATH} CMAKE_PREFIX_PATH=/home/hungnb/cocarry_ws/install/hc10dtp_moveit_config:/opt/ros/humble /usr/bin/cmake --build /home/hungnb/cocarry_ws/build/hc10dtp_bringup -- -j16 -l16
[0.037s] Invoked command in '/home/hungnb/cocarry_ws/build/hc10dtp_bringup' returned '0': AMENT_PREFIX_PATH=/home/hungnb/cocarry_ws/install/hc10dtp_moveit_config:${AMENT_PREFIX_PATH} CMAKE_PREFIX_PATH=/home/hungnb/cocarry_ws/install/hc10dtp_moveit_config:/opt/ros/humble /usr/bin/cmake --build /home/hungnb/cocarry_ws/build/hc10dtp_bringup -- -j16 -l16
[0.038s] Invoking command in '/home/hungnb/cocarry_ws/build/hc10dtp_bringup': AMENT_PREFIX_PATH=/home/hungnb/cocarry_ws/install/hc10dtp_moveit_config:${AMENT_PREFIX_PATH} CMAKE_PREFIX_PATH=/home/hungnb/cocarry_ws/install/hc10dtp_moveit_config:/opt/ros/humble /usr/bin/cmake --install /home/hungnb/cocarry_ws/build/hc10dtp_bringup
[0.044s] -- Install configuration: ""
[0.045s] -- Execute custom install script
[0.045s] -- Up-to-date symlink: /home/hungnb/cocarry_ws/install/hc10dtp_bringup/lib/hc10dtp_bringup/cartesian_streamer_hc10dtp.py
[0.045s] -- Up-to-date symlink: /home/hungnb/cocarry_ws/install/hc10dtp_bringup/lib/hc10dtp_bringup/restamp_joint_states.py
[0.045s] -- Up-to-date symlink: /home/hungnb/cocarry_ws/install/hc10dtp_bringup/lib/hc10dtp_bringup/go_home.py
[0.045s] -- Up-to-date symlink: /home/hungnb/cocarry_ws/install/hc10dtp_bringup/lib/hc10dtp_bringup/capture_home.py
[0.045s] -- Up-to-date symlink: /home/hungnb/cocarry_ws/install/hc10dtp_bringup/lib/hc10dtp_bringup/test_queue_diagnostic.py
[0.045s] -- Up-to-date symlink: /home/hungnb/cocarry_ws/install/hc10dtp_bringup/lib/hc10dtp_bringup/ee_tracker_node.py
[0.045s] -- Up-to-date symlink: /home/hungnb/cocarry_ws/install/hc10dtp_bringup/share/ament_index/resource_index/package_run_dependencies/hc10dtp_bringup
[0.045s] -- Up-to-date symlink: /home/hungnb/cocarry_ws/install/hc10dtp_bringup/share/ament_index/resource_index/parent_prefix_path/hc10dtp_bringup
[0.045s] -- Up-to-date symlink: /home/hungnb/cocarry_ws/install/hc10dtp_bringup/share/hc10dtp_bringup/environment/ament_prefix_path.sh
[0.046s] -- Up-to-date symlink: /home/hungnb/cocarry_ws/install/hc10dtp_bringup/share/hc10dtp_bringup/environment/ament_prefix_path.dsv
[0.046s] -- Up-to-date symlink: /home/hungnb/cocarry_ws/install/hc10dtp_bringup/share/hc10dtp_bringup/environment/path.sh
[0.046s] -- Up-to-date symlink: /home/hungnb/cocarry_ws/install/hc10dtp_bringup/share/hc10dtp_bringup/environment/path.dsv
[0.046s] -- Up-to-date symlink: /home/hungnb/cocarry_ws/install/hc10dtp_bringup/share/hc10dtp_bringup/local_setup.bash
[0.046s] -- Up-to-date symlink: /home/hungnb/cocarry_ws/install/hc10dtp_bringup/share/hc10dtp_bringup/local_setup.sh
[0.046s] -- Up-to-date symlink: /home/hungnb/cocarry_ws/install/hc10dtp_bringup/share/hc10dtp_bringup/local_setup.zsh
[0.046s] -- Up-to-date symlink: /home/hungnb/cocarry_ws/install/hc10dtp_bringup/share/hc10dtp_bringup/local_setup.dsv
[0.046s] -- Symlinking: /home/hungnb/cocarry_ws/install/hc10dtp_bringup/share/hc10dtp_bringup/package.dsv
[0.054s] -- Up-to-date symlink: /home/hungnb/cocarry_ws/install/hc10dtp_bringup/share/ament_index/resource_index/packages/hc10dtp_bringup
[0.054s] -- Up-to-date symlink: /home/hungnb/cocarry_ws/install/hc10dtp_bringup/share/hc10dtp_bringup/cmake/hc10dtp_bringupConfig.cmake
[0.054s] -- Up-to-date symlink: /home/hungnb/cocarry_ws/install/hc10dtp_bringup/share/hc10dtp_bringup/cmake/hc10dtp_bringupConfig-version.cmake
[0.054s] -- Up-to-date symlink: /home/hungnb/cocarry_ws/install/hc10dtp_bringup/share/hc10dtp_bringup/package.xml
[0.056s] Invoked command in '/home/hungnb/cocarry_ws/build/hc10dtp_bringup' returned '0': AMENT_PREFIX_PATH=/home/hungnb/cocarry_ws/install/hc10dtp_moveit_config:${AMENT_PREFIX_PATH} CMAKE_PREFIX_PATH=/home/hungnb/cocarry_ws/install/hc10dtp_moveit_config:/opt/ros/humble /usr/bin/cmake --install /home/hungnb/cocarry_ws/build/hc10dtp_bringup
