[0.000000] (-) TimerEvent: {}
[0.000509] (-) JobUnselected: {'identifier': 'coord_transform'}
[0.000691] (-) JobUnselected: {'identifier': 'experiment_logger'}
[0.000857] (-) JobUnselected: {'identifier': 'hc10dtp_bringup'}
[0.000926] (-) JobUnselected: {'identifier': 'hc10dtp_moveit_config'}
[0.000948] (-) JobUnselected: {'identifier': 'hc10dtp_simulation'}
[0.000977] (-) JobUnselected: {'identifier': 'hrc_bringup'}
[0.001132] (-) JobUnselected: {'identifier': 'human_hand_msgs'}
[0.001154] (-) JobUnselected: {'identifier': 'industrial_msgs'}
[0.001180] (-) JobUnselected: {'identifier': 'kinect2_bridge'}
[0.001290] (-) JobUnselected: {'identifier': 'kinect2_calibration'}
[0.001318] (-) JobUnselected: {'identifier': 'kinect2_registration'}
[0.001338] (-) JobUnselected: {'identifier': 'libfreenect2'}
[0.001463] (-) JobUnselected: {'identifier': 'motoman_gp4_support'}
[0.001511] (-) JobUnselected: {'identifier': 'motoman_hc10dtp_support'}
[0.001564] (-) JobUnselected: {'identifier': 'motoman_resources'}
[0.001584] (-) JobUnselected: {'identifier': 'motoros2_client_interface_dependencies'}
[0.001608] (-) JobUnselected: {'identifier': 'motoros2_interfaces'}
[0.001660] (-) JobUnselected: {'identifier': 'realsense_tracker'}
[0.001678] (-) JobUnselected: {'identifier': 'trac_ik'}
[0.001699] (-) JobUnselected: {'identifier': 'trac_ik_kinematics'}
[0.001735] (-) JobUnselected: {'identifier': 'trac_ik_lib'}
[0.001782] (predictor_ui) JobQueued: {'identifier': 'predictor_ui', 'dependencies': OrderedDict([('human_hand_msgs', '/home/duy/cocarry_ws/install/human_hand_msgs')])}
[0.001817] (trajectory_predictor) JobQueued: {'identifier': 'trajectory_predictor', 'dependencies': OrderedDict([('human_hand_msgs', '/home/duy/cocarry_ws/install/human_hand_msgs')])}
[0.001843] (predictor_ui) JobStarted: {'identifier': 'predictor_ui'}
[0.004598] (trajectory_predictor) JobStarted: {'identifier': 'trajectory_predictor'}
[0.099987] (-) TimerEvent: {}
[0.200297] (-) TimerEvent: {}
[0.300565] (-) TimerEvent: {}
[0.400955] (-) TimerEvent: {}
[0.501240] (-) TimerEvent: {}
[0.601608] (-) TimerEvent: {}
[0.606370] (predictor_ui) Command: {'cmd': ['/usr/bin/python3', '-W', 'ignore:setup.py install is deprecated', '-W', 'ignore:easy_install command is deprecated', 'setup.py', 'develop', '--editable', '--build-directory', '/home/duy/cocarry_ws/build/predictor_ui/build', '--no-deps', 'symlink_data'], 'cwd': '/home/duy/cocarry_ws/build/predictor_ui', 'env': {'USER': 'duy', 'ROS_PACKAGE_PATH': '/home/duy/cocarry_ws/install/human_hand_msgs/share', 'SHLVL': '0', 'LD_LIBRARY_PATH': '/home/duy/cocarry_ws/install/human_hand_msgs/lib', 'HOME': '/home/duy', '_': '/usr/bin/colcon', 'PKG_CONFIG_PATH': '/home/duy/cocarry_ws/install/human_hand_msgs/lib/x86_64-linux-gnu/pkgconfig:/home/duy/cocarry_ws/install/human_hand_msgs/lib/pkgconfig', 'TERM': 'dumb', 'PATH': '/home/duy/.local/bin:/home/duy/.nvm/versions/node/v20.20.2/bin:/opt/ros/humble/bin:/home/duy/.local/bin:/usr/local/sbin:/usr/local/bin:/usr/sbin:/usr/bin:/sbin:/bin:/usr/games:/usr/local/games:/snap/bin:/snap/bin:/home/duy/libfreenect2/build/bin', 'LANG': 'en_US.UTF-8', 'TMP': '/tmp', 'SHELL': '/bin/bash', 'PWD': '/home/duy/cocarry_ws/build/predictor_ui', 'PYTHONPATH': '/home/duy/cocarry_ws/build/predictor_ui/prefix_override:/usr/lib/python3/dist-packages/colcon_core/task/python/colcon_distutils_commands:/home/duy/cocarry_ws/install/predictor_ui/lib/python3.10/site-packages:/home/duy/cocarry_ws/install/human_hand_msgs/local/lib/python3.10/dist-packages', 'COLCON': '1', 'CMAKE_PREFIX_PATH': '/home/duy/cocarry_ws/install/human_hand_msgs'}, 'shell': False}
[0.641708] (trajectory_predictor) Command: {'cmd': ['/usr/bin/python3', '-W', 'ignore:setup.py install is deprecated', '-W', 'ignore:easy_install command is deprecated', 'setup.py', 'develop', '--editable', '--build-directory', '/home/duy/cocarry_ws/build/trajectory_predictor/build', '--no-deps', 'symlink_data'], 'cwd': '/home/duy/cocarry_ws/build/trajectory_predictor', 'env': {'USER': 'duy', 'ROS_PACKAGE_PATH': '/home/duy/cocarry_ws/install/human_hand_msgs/share', 'SHLVL': '0', 'LD_LIBRARY_PATH': '/home/duy/cocarry_ws/install/human_hand_msgs/lib', 'HOME': '/home/duy', '_': '/usr/bin/colcon', 'PKG_CONFIG_PATH': '/home/duy/cocarry_ws/install/human_hand_msgs/lib/x86_64-linux-gnu/pkgconfig:/home/duy/cocarry_ws/install/human_hand_msgs/lib/pkgconfig', 'TERM': 'dumb', 'PATH': '/home/duy/.local/bin:/home/duy/.nvm/versions/node/v20.20.2/bin:/opt/ros/humble/bin:/home/duy/.local/bin:/usr/local/sbin:/usr/local/bin:/usr/sbin:/usr/bin:/sbin:/bin:/usr/games:/usr/local/games:/snap/bin:/snap/bin:/home/duy/libfreenect2/build/bin', 'LANG': 'en_US.UTF-8', 'TMP': '/tmp', 'SHELL': '/bin/bash', 'PWD': '/home/duy/cocarry_ws/build/trajectory_predictor', 'PYTHONPATH': '/home/duy/cocarry_ws/build/trajectory_predictor/prefix_override:/usr/lib/python3/dist-packages/colcon_core/task/python/colcon_distutils_commands:/home/duy/cocarry_ws/install/trajectory_predictor/lib/python3.10/site-packages:/home/duy/cocarry_ws/install/human_hand_msgs/local/lib/python3.10/dist-packages', 'COLCON': '1', 'CMAKE_PREFIX_PATH': '/home/duy/cocarry_ws/install/human_hand_msgs'}, 'shell': False}
[0.701710] (-) TimerEvent: {}
[0.770784] (predictor_ui) StdoutLine: {'line': b'running develop\n'}
[0.801815] (-) TimerEvent: {}
[0.811234] (trajectory_predictor) StdoutLine: {'line': b'running develop\n'}
[0.841460] (predictor_ui) StdoutLine: {'line': b'running egg_info\n'}
[0.841661] (predictor_ui) StdoutLine: {'line': b'writing predictor_ui.egg-info/PKG-INFO\n'}
[0.841751] (predictor_ui) StdoutLine: {'line': b'writing dependency_links to predictor_ui.egg-info/dependency_links.txt\n'}
[0.841939] (predictor_ui) StdoutLine: {'line': b'writing entry points to predictor_ui.egg-info/entry_points.txt\n'}
[0.842035] (predictor_ui) StdoutLine: {'line': b'writing requirements to predictor_ui.egg-info/requires.txt\n'}
[0.842100] (predictor_ui) StdoutLine: {'line': b'writing top-level names to predictor_ui.egg-info/top_level.txt\n'}
[0.842983] (predictor_ui) StdoutLine: {'line': b"reading manifest file 'predictor_ui.egg-info/SOURCES.txt'\n"}
[0.843532] (predictor_ui) StdoutLine: {'line': b"writing manifest file 'predictor_ui.egg-info/SOURCES.txt'\n"}
[0.844437] (predictor_ui) StdoutLine: {'line': b'running build_ext\n'}
[0.844551] (predictor_ui) StdoutLine: {'line': b'Creating /home/duy/cocarry_ws/install/predictor_ui/lib/python3.10/site-packages/predictor-ui.egg-link (link to .)\n'}
[0.845087] (predictor_ui) StdoutLine: {'line': b'Installing ui_node script to /home/duy/cocarry_ws/install/predictor_ui/lib/predictor_ui\n'}
[0.845243] (predictor_ui) StdoutLine: {'line': b'\n'}
[0.845304] (predictor_ui) StdoutLine: {'line': b'Installed /home/duy/cocarry_ws/build/predictor_ui\n'}
[0.845385] (predictor_ui) StdoutLine: {'line': b'running symlink_data\n'}
[0.869526] (predictor_ui) CommandEnded: {'returncode': 0}
[0.878094] (predictor_ui) JobEnded: {'identifier': 'predictor_ui', 'rc': 0}
[0.883717] (trajectory_predictor) StdoutLine: {'line': b'running egg_info\n'}
[0.883904] (trajectory_predictor) StdoutLine: {'line': b'writing trajectory_predictor.egg-info/PKG-INFO\n'}
[0.884028] (trajectory_predictor) StdoutLine: {'line': b'writing dependency_links to trajectory_predictor.egg-info/dependency_links.txt\n'}
[0.884157] (trajectory_predictor) StdoutLine: {'line': b'writing entry points to trajectory_predictor.egg-info/entry_points.txt\n'}
[0.884269] (trajectory_predictor) StdoutLine: {'line': b'writing requirements to trajectory_predictor.egg-info/requires.txt\n'}
[0.884354] (trajectory_predictor) StdoutLine: {'line': b'writing top-level names to trajectory_predictor.egg-info/top_level.txt\n'}
[0.885646] (trajectory_predictor) StdoutLine: {'line': b"reading manifest file 'trajectory_predictor.egg-info/SOURCES.txt'\n"}
[0.886334] (trajectory_predictor) StdoutLine: {'line': b"writing manifest file 'trajectory_predictor.egg-info/SOURCES.txt'\n"}
[0.887266] (trajectory_predictor) StdoutLine: {'line': b'running build_ext\n'}
[0.887440] (trajectory_predictor) StdoutLine: {'line': b'Creating /home/duy/cocarry_ws/install/trajectory_predictor/lib/python3.10/site-packages/trajectory-predictor.egg-link (link to .)\n'}
[0.888015] (trajectory_predictor) StdoutLine: {'line': b'Installing predictor_node script to /home/duy/cocarry_ws/install/trajectory_predictor/lib/trajectory_predictor\n'}
[0.888217] (trajectory_predictor) StdoutLine: {'line': b'\n'}
[0.888304] (trajectory_predictor) StdoutLine: {'line': b'Installed /home/duy/cocarry_ws/build/trajectory_predictor\n'}
[0.888399] (trajectory_predictor) StdoutLine: {'line': b'running symlink_data\n'}
[0.901874] (-) TimerEvent: {}
[0.910245] (trajectory_predictor) CommandEnded: {'returncode': 0}
[0.915656] (trajectory_predictor) JobEnded: {'identifier': 'trajectory_predictor', 'rc': 0}
[0.916252] (-) EventReactorShutdown: {}
