[0.952s] Invoking command in '/home/duy/cocarry_ws/src/trajectory_predictor': CMAKE_PREFIX_PATH=/home/duy/cocarry_ws/install/human_hand_msgs LD_LIBRARY_PATH=/home/duy/cocarry_ws/install/human_hand_msgs/lib PKG_CONFIG_PATH=/home/duy/cocarry_ws/install/human_hand_msgs/lib/x86_64-linux-gnu/pkgconfig:/home/duy/cocarry_ws/install/human_hand_msgs/lib/pkgconfig PYTHONPATH=/home/duy/cocarry_ws/build/trajectory_predictor/prefix_override:/usr/lib/python3/dist-packages/colcon_core/task/python/colcon_distutils_commands:/home/duy/cocarry_ws/install/trajectory_predictor/lib/python3.10/site-packages:/home/duy/cocarry_ws/install/human_hand_msgs/local/lib/python3.10/dist-packages ROS_PACKAGE_PATH=/home/duy/cocarry_ws/install/human_hand_msgs/share /usr/bin/python3 -W ignore:setup.py install is deprecated -W ignore:easy_install command is deprecated setup.py egg_info --egg-base ../../build/trajectory_predictor build --build-base /home/duy/cocarry_ws/build/trajectory_predictor/build install --record /home/duy/cocarry_ws/build/trajectory_predictor/install.log --single-version-externally-managed install_data
[1.210s] running egg_info
[1.211s] creating ../../build/trajectory_predictor/trajectory_predictor.egg-info
[1.211s] writing ../../build/trajectory_predictor/trajectory_predictor.egg-info/PKG-INFO
[1.212s] writing dependency_links to ../../build/trajectory_predictor/trajectory_predictor.egg-info/dependency_links.txt
[1.212s] writing entry points to ../../build/trajectory_predictor/trajectory_predictor.egg-info/entry_points.txt
[1.212s] writing requirements to ../../build/trajectory_predictor/trajectory_predictor.egg-info/requires.txt
[1.212s] writing top-level names to ../../build/trajectory_predictor/trajectory_predictor.egg-info/top_level.txt
[1.212s] writing manifest file '../../build/trajectory_predictor/trajectory_predictor.egg-info/SOURCES.txt'
[1.213s] reading manifest file '../../build/trajectory_predictor/trajectory_predictor.egg-info/SOURCES.txt'
[1.214s] writing manifest file '../../build/trajectory_predictor/trajectory_predictor.egg-info/SOURCES.txt'
[1.214s] running build
[1.215s] running build_py
[1.215s] creating /home/duy/cocarry_ws/build/trajectory_predictor/build
[1.215s] creating /home/duy/cocarry_ws/build/trajectory_predictor/build/lib
[1.215s] creating /home/duy/cocarry_ws/build/trajectory_predictor/build/lib/trajectory_predictor
[1.215s] copying trajectory_predictor/inference_worker.py -> /home/duy/cocarry_ws/build/trajectory_predictor/build/lib/trajectory_predictor
[1.215s] copying trajectory_predictor/__init__.py -> /home/duy/cocarry_ws/build/trajectory_predictor/build/lib/trajectory_predictor
[1.215s] copying trajectory_predictor/model_manager.py -> /home/duy/cocarry_ws/build/trajectory_predictor/build/lib/trajectory_predictor
[1.216s] copying trajectory_predictor/predictor_node.py -> /home/duy/cocarry_ws/build/trajectory_predictor/build/lib/trajectory_predictor
[1.216s] running install
[1.216s] running install_lib
[1.216s] creating /home/duy/cocarry_ws/install/trajectory_predictor/lib/python3.10/site-packages/trajectory_predictor
[1.216s] copying /home/duy/cocarry_ws/build/trajectory_predictor/build/lib/trajectory_predictor/inference_worker.py -> /home/duy/cocarry_ws/install/trajectory_predictor/lib/python3.10/site-packages/trajectory_predictor
[1.216s] copying /home/duy/cocarry_ws/build/trajectory_predictor/build/lib/trajectory_predictor/__init__.py -> /home/duy/cocarry_ws/install/trajectory_predictor/lib/python3.10/site-packages/trajectory_predictor
[1.216s] copying /home/duy/cocarry_ws/build/trajectory_predictor/build/lib/trajectory_predictor/model_manager.py -> /home/duy/cocarry_ws/install/trajectory_predictor/lib/python3.10/site-packages/trajectory_predictor
[1.217s] copying /home/duy/cocarry_ws/build/trajectory_predictor/build/lib/trajectory_predictor/predictor_node.py -> /home/duy/cocarry_ws/install/trajectory_predictor/lib/python3.10/site-packages/trajectory_predictor
[1.217s] byte-compiling /home/duy/cocarry_ws/install/trajectory_predictor/lib/python3.10/site-packages/trajectory_predictor/inference_worker.py to inference_worker.cpython-310.pyc
[1.219s] byte-compiling /home/duy/cocarry_ws/install/trajectory_predictor/lib/python3.10/site-packages/trajectory_predictor/__init__.py to __init__.cpython-310.pyc
[1.220s] byte-compiling /home/duy/cocarry_ws/install/trajectory_predictor/lib/python3.10/site-packages/trajectory_predictor/model_manager.py to model_manager.cpython-310.pyc
[1.220s] byte-compiling /home/duy/cocarry_ws/install/trajectory_predictor/lib/python3.10/site-packages/trajectory_predictor/predictor_node.py to predictor_node.cpython-310.pyc
[1.223s] running install_data
[1.223s] creating /home/duy/cocarry_ws/install/trajectory_predictor/share/ament_index
[1.224s] creating /home/duy/cocarry_ws/install/trajectory_predictor/share/ament_index/resource_index
[1.224s] creating /home/duy/cocarry_ws/install/trajectory_predictor/share/ament_index/resource_index/packages
[1.224s] copying resource/trajectory_predictor -> /home/duy/cocarry_ws/install/trajectory_predictor/share/ament_index/resource_index/packages
[1.224s] copying package.xml -> /home/duy/cocarry_ws/install/trajectory_predictor/share/trajectory_predictor
[1.224s] creating /home/duy/cocarry_ws/install/trajectory_predictor/share/trajectory_predictor/config
[1.224s] copying config/predictor_params.yaml -> /home/duy/cocarry_ws/install/trajectory_predictor/share/trajectory_predictor/config
[1.224s] running install_egg_info
[1.227s] Copying ../../build/trajectory_predictor/trajectory_predictor.egg-info to /home/duy/cocarry_ws/install/trajectory_predictor/lib/python3.10/site-packages/trajectory_predictor-0.1.0-py3.10.egg-info
[1.228s] running install_scripts
[1.252s] Installing predictor_node script to /home/duy/cocarry_ws/install/trajectory_predictor/lib/trajectory_predictor
[1.252s] writing list of installed files to '/home/duy/cocarry_ws/build/trajectory_predictor/install.log'
[1.285s] Invoked command in '/home/duy/cocarry_ws/src/trajectory_predictor' returned '0': CMAKE_PREFIX_PATH=/home/duy/cocarry_ws/install/human_hand_msgs LD_LIBRARY_PATH=/home/duy/cocarry_ws/install/human_hand_msgs/lib PKG_CONFIG_PATH=/home/duy/cocarry_ws/install/human_hand_msgs/lib/x86_64-linux-gnu/pkgconfig:/home/duy/cocarry_ws/install/human_hand_msgs/lib/pkgconfig PYTHONPATH=/home/duy/cocarry_ws/build/trajectory_predictor/prefix_override:/usr/lib/python3/dist-packages/colcon_core/task/python/colcon_distutils_commands:/home/duy/cocarry_ws/install/trajectory_predictor/lib/python3.10/site-packages:/home/duy/cocarry_ws/install/human_hand_msgs/local/lib/python3.10/dist-packages ROS_PACKAGE_PATH=/home/duy/cocarry_ws/install/human_hand_msgs/share /usr/bin/python3 -W ignore:setup.py install is deprecated -W ignore:easy_install command is deprecated setup.py egg_info --egg-base ../../build/trajectory_predictor build --build-base /home/duy/cocarry_ws/build/trajectory_predictor/build install --record /home/duy/cocarry_ws/build/trajectory_predictor/install.log --single-version-externally-managed install_data
