[1.283s] Invoking command in '/home/hungnb/cocarry_ws/build/trajectory_predictor': CMAKE_PREFIX_PATH=/home/hungnb/cocarry_ws/install/human_hand_msgs LD_LIBRARY_PATH=/home/hungnb/cocarry_ws/install/human_hand_msgs/lib:${LD_LIBRARY_PATH} PKG_CONFIG_PATH=/home/hungnb/cocarry_ws/install/human_hand_msgs/lib/x86_64-linux-gnu/pkgconfig:/home/hungnb/cocarry_ws/install/human_hand_msgs/lib/pkgconfig PYTHONPATH=/home/hungnb/cocarry_ws/build/trajectory_predictor/prefix_override:/home/hungnb/.local/lib/python3.10/site-packages/colcon_core/task/python/colcon_distutils_commands:/home/hungnb/cocarry_ws/install/trajectory_predictor/lib/python3.10/site-packages:/home/hungnb/cocarry_ws/install/human_hand_msgs/local/lib/python3.10/dist-packages:${PYTHONPATH} ROS_PACKAGE_PATH=/home/hungnb/cocarry_ws/install/human_hand_msgs/share /usr/bin/python3 -W ignore:setup.py install is deprecated -W ignore:easy_install command is deprecated setup.py develop --editable --build-directory /home/hungnb/cocarry_ws/build/trajectory_predictor/build --no-deps symlink_data
[1.440s] running develop
[1.528s] running egg_info
[1.528s] creating trajectory_predictor.egg-info
[1.528s] writing trajectory_predictor.egg-info/PKG-INFO
[1.529s] writing dependency_links to trajectory_predictor.egg-info/dependency_links.txt
[1.529s] writing entry points to trajectory_predictor.egg-info/entry_points.txt
[1.529s] writing requirements to trajectory_predictor.egg-info/requires.txt
[1.529s] writing top-level names to trajectory_predictor.egg-info/top_level.txt
[1.529s] writing manifest file 'trajectory_predictor.egg-info/SOURCES.txt'
[1.530s] reading manifest file 'trajectory_predictor.egg-info/SOURCES.txt'
[1.531s] writing manifest file 'trajectory_predictor.egg-info/SOURCES.txt'
[1.532s] running build_ext
[1.532s] Creating /home/hungnb/cocarry_ws/install/trajectory_predictor/lib/python3.10/site-packages/trajectory-predictor.egg-link (link to .)
[1.533s] Installing predictor_node script to /home/hungnb/cocarry_ws/install/trajectory_predictor/lib/trajectory_predictor
[1.533s] 
[1.533s] Installed /home/hungnb/cocarry_ws/build/trajectory_predictor
[1.533s] running symlink_data
[1.533s] creating /home/hungnb/cocarry_ws/install/trajectory_predictor/share/ament_index
[1.533s] creating /home/hungnb/cocarry_ws/install/trajectory_predictor/share/ament_index/resource_index
[1.533s] creating /home/hungnb/cocarry_ws/install/trajectory_predictor/share/ament_index/resource_index/packages
[1.533s] symbolically linking /home/hungnb/cocarry_ws/build/trajectory_predictor/resource/trajectory_predictor -> /home/hungnb/cocarry_ws/install/trajectory_predictor/share/ament_index/resource_index/packages
[1.533s] symbolically linking /home/hungnb/cocarry_ws/build/trajectory_predictor/package.xml -> /home/hungnb/cocarry_ws/install/trajectory_predictor/share/trajectory_predictor
[1.534s] creating /home/hungnb/cocarry_ws/install/trajectory_predictor/share/trajectory_predictor/config
[1.534s] symbolically linking /home/hungnb/cocarry_ws/build/trajectory_predictor/config/predictor_params.yaml -> /home/hungnb/cocarry_ws/install/trajectory_predictor/share/trajectory_predictor/config
[1.570s] Invoked command in '/home/hungnb/cocarry_ws/build/trajectory_predictor' returned '0': CMAKE_PREFIX_PATH=/home/hungnb/cocarry_ws/install/human_hand_msgs LD_LIBRARY_PATH=/home/hungnb/cocarry_ws/install/human_hand_msgs/lib:${LD_LIBRARY_PATH} PKG_CONFIG_PATH=/home/hungnb/cocarry_ws/install/human_hand_msgs/lib/x86_64-linux-gnu/pkgconfig:/home/hungnb/cocarry_ws/install/human_hand_msgs/lib/pkgconfig PYTHONPATH=/home/hungnb/cocarry_ws/build/trajectory_predictor/prefix_override:/home/hungnb/.local/lib/python3.10/site-packages/colcon_core/task/python/colcon_distutils_commands:/home/hungnb/cocarry_ws/install/trajectory_predictor/lib/python3.10/site-packages:/home/hungnb/cocarry_ws/install/human_hand_msgs/local/lib/python3.10/dist-packages:${PYTHONPATH} ROS_PACKAGE_PATH=/home/hungnb/cocarry_ws/install/human_hand_msgs/share /usr/bin/python3 -W ignore:setup.py install is deprecated -W ignore:easy_install command is deprecated setup.py develop --editable --build-directory /home/hungnb/cocarry_ws/build/trajectory_predictor/build --no-deps symlink_data
