[0.024s] Invoking command in '/home/duy/cocarry_ws/build/libfreenect2': /usr/bin/cmake --build /home/duy/cocarry_ws/build/libfreenect2 -- -j16 -l16
[0.087s] [  5%] Built target generate_resources_tool
[0.128s] [ 15%] [32mBuilding CXX object CMakeFiles/freenect2.dir/src/rgb_packet_stream_parser.cpp.o[0m
[0.128s] [ 15%] [32mBuilding CXX object CMakeFiles/freenect2.dir/src/usb_control.cpp.o[0m
[0.128s] [ 15%] [32mBuilding CXX object CMakeFiles/freenect2.dir/src/frame_listener_impl.cpp.o[0m
[0.129s] [ 15%] [32mBuilding CXX object CMakeFiles/freenect2.dir/src/transfer_pool.cpp.o[0m
[0.129s] [ 21%] [32mBuilding CXX object CMakeFiles/freenect2.dir/src/packet_pipeline.cpp.o[0m
[0.129s] [ 21%] [32mBuilding CXX object CMakeFiles/freenect2.dir/src/rgb_packet_processor.cpp.o[0m
[0.132s] [ 23%] [32mBuilding CXX object CMakeFiles/freenect2.dir/src/event_loop.cpp.o[0m
[0.132s] [ 26%] [32mBuilding CXX object CMakeFiles/freenect2.dir/src/allocator.cpp.o[0m
[0.135s] [ 28%] [32mBuilding CXX object CMakeFiles/freenect2.dir/src/cpu_depth_packet_processor.cpp.o[0m
[0.136s] [ 31%] [32mBuilding CXX object CMakeFiles/freenect2.dir/src/command_transaction.cpp.o[0m
[0.142s] [ 36%] [32mBuilding CXX object CMakeFiles/freenect2.dir/src/registration.cpp.o[0m
[0.143s] [ 36%] [32mBuilding CXX object CMakeFiles/freenect2.dir/src/depth_packet_processor.cpp.o[0m
[0.144s] [ 39%] [32mBuilding CXX object CMakeFiles/freenect2.dir/src/resource.cpp.o[0m
[0.147s] [ 42%] [32mBuilding CXX object CMakeFiles/freenect2.dir/src/depth_packet_stream_parser.cpp.o[0m
[0.148s] [ 44%] [32mBuilding CXX object CMakeFiles/freenect2.dir/src/logging.cpp.o[0m
[0.156s] [ 47%] [32mBuilding CXX object CMakeFiles/freenect2.dir/src/libfreenect2.cpp.o[0m
[1.175s] [ 50%] [32mBuilding CXX object CMakeFiles/freenect2.dir/src/tinythread/tinythread.cpp.o[0m
[1.197s] [ 52%] [32mBuilding CXX object CMakeFiles/freenect2.dir/src/vaapi_rgb_packet_processor.cpp.o[0m
[1.357s] [ 55%] [32mBuilding CXX object CMakeFiles/freenect2.dir/src/turbo_jpeg_rgb_packet_processor.cpp.o[0m
[1.394s] [ 57%] [32mBuilding CXX object CMakeFiles/freenect2.dir/src/opengl_depth_packet_processor.cpp.o[0m
[1.890s] /home/duy/cocarry_ws/libfreenect2/src/cpu_depth_packet_processor.cpp: In member function ‘virtual void libfreenect2::CpuDepthPacketProcessor::loadP0TablesFromCommandResponse(unsigned char*, size_t)’:
[1.891s] /home/duy/cocarry_ws/libfreenect2/src/cpu_depth_packet_processor.cpp:844:53: warning: taking address of packed member of ‘libfreenect2::protocol::P0TablesResponse’ may result in an unaligned pointer value [-Waddress-of-packed-member]
[1.891s]   844 |     flipHorizontal(Mat<uint16_t>(424, 512, p0table->p0table0), impl_->p0_table0);
[1.891s]       |                                            ~~~~~~~~~^~~~~~~~
[1.891s] /home/duy/cocarry_ws/libfreenect2/src/cpu_depth_packet_processor.cpp:845:53: warning: taking address of packed member of ‘libfreenect2::protocol::P0TablesResponse’ may result in an unaligned pointer value [-Waddress-of-packed-member]
[1.891s]   845 |     flipHorizontal(Mat<uint16_t>(424, 512, p0table->p0table1), impl_->p0_table1);
[1.891s]       |                                            ~~~~~~~~~^~~~~~~~
[1.891s] /home/duy/cocarry_ws/libfreenect2/src/cpu_depth_packet_processor.cpp:846:53: warning: taking address of packed member of ‘libfreenect2::protocol::P0TablesResponse’ may result in an unaligned pointer value [-Waddress-of-packed-member]
[1.892s]   846 |     flipHorizontal(Mat<uint16_t>(424, 512, p0table->p0table2), impl_->p0_table2);
[1.892s]       |                                            ~~~~~~~~~^~~~~~~~
[1.892s] /home/duy/cocarry_ws/libfreenect2/src/cpu_depth_packet_processor.cpp:850:42: warning: taking address of packed member of ‘libfreenect2::protocol::P0TablesResponse’ may result in an unaligned pointer value [-Waddress-of-packed-member]
[1.892s]   850 |     Mat<uint16_t> p00(424, 512, p0table->p0table0);
[1.892s]       |                                 ~~~~~~~~~^~~~~~~~
[1.892s] /home/duy/cocarry_ws/libfreenect2/src/cpu_depth_packet_processor.cpp:852:38: warning: taking address of packed member of ‘libfreenect2::protocol::P0TablesResponse’ may result in an unaligned pointer value [-Waddress-of-packed-member]
[1.892s]   852 |     Mat<uint16_t>(424, 512, p0table->p0table1).copyTo(impl_->p0_table1);
[1.893s]       |                             ~~~~~~~~~^~~~~~~~
[1.893s] /home/duy/cocarry_ws/libfreenect2/src/cpu_depth_packet_processor.cpp:853:38: warning: taking address of packed member of ‘libfreenect2::protocol::P0TablesResponse’ may result in an unaligned pointer value [-Waddress-of-packed-member]
[1.893s]   853 |     Mat<uint16_t>(424, 512, p0table->p0table2).copyTo(impl_->p0_table2);
[1.893s]       |                             ~~~~~~~~~^~~~~~~~
[13.463s] [ 60%] [32m[1mLinking CXX shared library lib/libfreenect2.so[0m
[14.164s] [ 65%] Built target freenect2
[14.330s] [ 68%] [32mBuilding CXX object examples/CMakeFiles/Protonect.dir/viewer.cpp.o[0m
[14.330s] [ 71%] [32mBuilding CXX object examples/CMakeFiles/Protonect.dir/Protonect.cpp.o[0m
[14.363s] [ 73%] [32mBuilding CXX object CMakeFiles/freenect2-openni2.dir/src/openni2/ColorStream.cpp.o[0m
[14.372s] [ 76%] [32mBuilding CXX object CMakeFiles/freenect2-openni2.dir/src/openni2/Registration.cpp.o[0m
[14.374s] [ 78%] [32mBuilding CXX object CMakeFiles/freenect2-openni2.dir/src/openni2/VideoStream.cpp.o[0m
[14.399s] [ 81%] [32mBuilding CXX object CMakeFiles/freenect2-openni2.dir/src/openni2/IrStream.cpp.o[0m
[14.406s] [ 84%] [32mBuilding CXX object CMakeFiles/freenect2-openni2.dir/src/openni2/DepthStream.cpp.o[0m
[14.411s] [ 86%] [32mBuilding CXX object CMakeFiles/freenect2-openni2.dir/src/openni2/DeviceDriver.cpp.o[0m
[14.413s] [ 89%] [32mBuilding CXX object CMakeFiles/freenect2-openni2.dir/src/tinythread/tinythread.cpp.o[0m
[16.475s] /home/duy/cocarry_ws/libfreenect2/examples/Protonect.cpp: In function ‘int main(int, char**)’:
[16.475s] /home/duy/cocarry_ws/libfreenect2/examples/Protonect.cpp:157:7: warning: variable ‘deviceId’ set but not used [-Wunused-but-set-variable]
[16.475s]   157 |   int deviceId = -1;
[16.476s]       |       ^~~~~~~~
[18.155s] [ 92%] [32m[1mLinking CXX executable ../bin/Protonect[0m
[18.394s] [ 94%] Built target Protonect
[19.329s] In file included from /usr/include/string.h:535,
[19.329s]                  from /usr/include/openni2/Linux-x86/OniPlatformLinux-x86.h:34,
[19.330s]                  from /usr/include/openni2/OniPlatform.h:42,
[19.334s]                  from /usr/include/openni2/Driver/OniDriverAPI.h:24,
[19.334s]                  from /home/duy/cocarry_ws/libfreenect2/src/openni2/DeviceDriver.cpp:35:
[19.335s] In function ‘char* strncpy(char*, const char*, size_t)’,
[19.335s]     inlined from ‘void Freenect2Driver::Driver::register_uri(std::string)’ at /home/duy/cocarry_ws/libfreenect2/src/openni2/DeviceDriver.cpp:404:14:
[19.335s] /usr/include/x86_64-linux-gnu/bits/string_fortified.h:95:34: warning: ‘char* __builtin_strncpy(char*, const char*, long unsigned int)’ specified bound 256 equals destination size [-Wstringop-truncation]
[19.335s]    95 |   return __builtin___strncpy_chk (__dest, __src, __len,
[19.335s]       |          ~~~~~~~~~~~~~~~~~~~~~~~~^~~~~~~~~~~~~~~~~~~~~~
[19.336s]    96 |                                   __glibc_objsize (__dest));
[19.336s]       |                                   ~~~~~~~~~~~~~~~~~~~~~~~~~
[21.617s] [ 97%] [32m[1mLinking CXX shared library lib/libfreenect2-openni2.so[0m
[21.889s] [100%] Built target freenect2-openni2
[21.910s] Invoked command in '/home/duy/cocarry_ws/build/libfreenect2' returned '0': /usr/bin/cmake --build /home/duy/cocarry_ws/build/libfreenect2 -- -j16 -l16
[21.913s] Invoking command in '/home/duy/cocarry_ws/build/libfreenect2': /usr/bin/cmake --install /home/duy/cocarry_ws/build/libfreenect2
[21.925s] -- Install configuration: "RelWithDebInfo"
[21.925s] -- Installing: /home/duy/cocarry_ws/install/libfreenect2/lib/libfreenect2.so.0.2.0
[21.935s] -- Up-to-date: /home/duy/cocarry_ws/install/libfreenect2/lib/libfreenect2.so.0.2
[21.935s] -- Up-to-date: /home/duy/cocarry_ws/install/libfreenect2/lib/libfreenect2.so
[21.936s] -- Up-to-date: /home/duy/cocarry_ws/install/libfreenect2/include/libfreenect2
[21.936s] -- Installing: /home/duy/cocarry_ws/install/libfreenect2/include/libfreenect2/registration.h
[21.936s] -- Installing: /home/duy/cocarry_ws/install/libfreenect2/include/libfreenect2/packet_pipeline.h
[21.936s] -- Installing: /home/duy/cocarry_ws/install/libfreenect2/include/libfreenect2/libfreenect2.hpp
[21.936s] -- Installing: /home/duy/cocarry_ws/install/libfreenect2/include/libfreenect2/frame_listener_impl.h
[21.936s] -- Installing: /home/duy/cocarry_ws/install/libfreenect2/include/libfreenect2/led_settings.h
[21.937s] -- Installing: /home/duy/cocarry_ws/install/libfreenect2/include/libfreenect2/frame_listener.hpp
[21.937s] -- Installing: /home/duy/cocarry_ws/install/libfreenect2/include/libfreenect2/logger.h
[21.937s] -- Installing: /home/duy/cocarry_ws/install/libfreenect2/include/libfreenect2/color_settings.h
[21.938s] -- Up-to-date: /home/duy/cocarry_ws/install/libfreenect2/include/libfreenect2
[21.939s] -- Up-to-date: /home/duy/cocarry_ws/install/libfreenect2/include/libfreenect2/config.h
[21.941s] -- Up-to-date: /home/duy/cocarry_ws/install/libfreenect2/include/libfreenect2/export.h
[21.941s] -- Up-to-date: /home/duy/cocarry_ws/install/libfreenect2/lib/cmake/freenect2/freenect2Config.cmake
[21.942s] -- Up-to-date: /home/duy/cocarry_ws/install/libfreenect2/lib/cmake/freenect2/freenect2ConfigVersion.cmake
[21.942s] -- Up-to-date: /home/duy/cocarry_ws/install/libfreenect2/lib/pkgconfig/freenect2.pc
[21.942s] -- Installing: /home/duy/cocarry_ws/install/libfreenect2/lib/OpenNI2/Drivers/libfreenect2-openni2.so.0
[21.942s] -- Set runtime path of "/home/duy/cocarry_ws/install/libfreenect2/lib/OpenNI2/Drivers/libfreenect2-openni2.so.0" to "/home/duy/cocarry_ws/install/libfreenect2/lib"
[21.942s] -- Up-to-date: /home/duy/cocarry_ws/install/libfreenect2/lib/OpenNI2/Drivers/libfreenect2-openni2.so
[21.943s] Invoked command in '/home/duy/cocarry_ws/build/libfreenect2' returned '0': /usr/bin/cmake --install /home/duy/cocarry_ws/build/libfreenect2
