[0.052s] Invoking command in '/home/duy/cocarry_ws/build/hc10dtp_simulation': AMENT_PREFIX_PATH=/home/duy/cocarry_ws/install/hc10dtp_bringup:/home/duy/cocarry_ws/install/hc10dtp_moveit_config:/home/duy/cocarry_ws/install/motoman_hc10dtp_support:/home/duy/cocarry_ws/install/motoros2_interfaces:/home/duy/cocarry_ws/install/motoman_resources:${AMENT_PREFIX_PATH} CMAKE_PREFIX_PATH=/home/duy/cocarry_ws/install/hc10dtp_bringup:/home/duy/cocarry_ws/install/hc10dtp_moveit_config:/home/duy/cocarry_ws/install/motoman_hc10dtp_support:/home/duy/cocarry_ws/install/motoros2_interfaces:/home/duy/cocarry_ws/install/motoman_resources:/opt/ros/humble LD_LIBRARY_PATH=/home/duy/cocarry_ws/install/motoros2_interfaces/lib:${LD_LIBRARY_PATH} PYTHONPATH=/home/duy/cocarry_ws/install/motoros2_interfaces/local/lib/python3.10/dist-packages:${PYTHONPATH} /usr/bin/cmake --build /home/duy/cocarry_ws/build/hc10dtp_simulation -- -j16 -l16
[0.123s] Invoked command in '/home/duy/cocarry_ws/build/hc10dtp_simulation' returned '0': AMENT_PREFIX_PATH=/home/duy/cocarry_ws/install/hc10dtp_bringup:/home/duy/cocarry_ws/install/hc10dtp_moveit_config:/home/duy/cocarry_ws/install/motoman_hc10dtp_support:/home/duy/cocarry_ws/install/motoros2_interfaces:/home/duy/cocarry_ws/install/motoman_resources:${AMENT_PREFIX_PATH} CMAKE_PREFIX_PATH=/home/duy/cocarry_ws/install/hc10dtp_bringup:/home/duy/cocarry_ws/install/hc10dtp_moveit_config:/home/duy/cocarry_ws/install/motoman_hc10dtp_support:/home/duy/cocarry_ws/install/motoros2_interfaces:/home/duy/cocarry_ws/install/motoman_resources:/opt/ros/humble LD_LIBRARY_PATH=/home/duy/cocarry_ws/install/motoros2_interfaces/lib:${LD_LIBRARY_PATH} PYTHONPATH=/home/duy/cocarry_ws/install/motoros2_interfaces/local/lib/python3.10/dist-packages:${PYTHONPATH} /usr/bin/cmake --build /home/duy/cocarry_ws/build/hc10dtp_simulation -- -j16 -l16
[0.126s] Invoking command in '/home/duy/cocarry_ws/build/hc10dtp_simulation': AMENT_PREFIX_PATH=/home/duy/cocarry_ws/install/hc10dtp_bringup:/home/duy/cocarry_ws/install/hc10dtp_moveit_config:/home/duy/cocarry_ws/install/motoman_hc10dtp_support:/home/duy/cocarry_ws/install/motoros2_interfaces:/home/duy/cocarry_ws/install/motoman_resources:${AMENT_PREFIX_PATH} CMAKE_PREFIX_PATH=/home/duy/cocarry_ws/install/hc10dtp_bringup:/home/duy/cocarry_ws/install/hc10dtp_moveit_config:/home/duy/cocarry_ws/install/motoman_hc10dtp_support:/home/duy/cocarry_ws/install/motoros2_interfaces:/home/duy/cocarry_ws/install/motoman_resources:/opt/ros/humble LD_LIBRARY_PATH=/home/duy/cocarry_ws/install/motoros2_interfaces/lib:${LD_LIBRARY_PATH} PYTHONPATH=/home/duy/cocarry_ws/install/motoros2_interfaces/local/lib/python3.10/dist-packages:${PYTHONPATH} /usr/bin/cmake --install /home/duy/cocarry_ws/build/hc10dtp_simulation
[0.138s] -- Install configuration: ""
[0.139s] -- Execute custom install script
[0.139s] -- Up-to-date symlink: /home/duy/cocarry_ws/install/hc10dtp_simulation/lib/hc10dtp_simulation/motoros2_mock_node.py
[0.140s] -- Up-to-date symlink: /home/duy/cocarry_ws/install/hc10dtp_simulation/share/hc10dtp_simulation/launch/sim_start.launch.py
[0.140s] -- Up-to-date symlink: /home/duy/cocarry_ws/install/hc10dtp_simulation/share/ament_index/resource_index/package_run_dependencies/hc10dtp_simulation
[0.141s] -- Up-to-date symlink: /home/duy/cocarry_ws/install/hc10dtp_simulation/share/ament_index/resource_index/parent_prefix_path/hc10dtp_simulation
[0.141s] -- Up-to-date symlink: /home/duy/cocarry_ws/install/hc10dtp_simulation/share/hc10dtp_simulation/environment/ament_prefix_path.sh
[0.143s] -- Up-to-date symlink: /home/duy/cocarry_ws/install/hc10dtp_simulation/share/hc10dtp_simulation/environment/ament_prefix_path.dsv
[0.144s] -- Up-to-date symlink: /home/duy/cocarry_ws/install/hc10dtp_simulation/share/hc10dtp_simulation/environment/path.sh
[0.148s] -- Up-to-date symlink: /home/duy/cocarry_ws/install/hc10dtp_simulation/share/hc10dtp_simulation/environment/path.dsv
[0.152s] -- Up-to-date symlink: /home/duy/cocarry_ws/install/hc10dtp_simulation/share/hc10dtp_simulation/local_setup.bash
[0.153s] -- Up-to-date symlink: /home/duy/cocarry_ws/install/hc10dtp_simulation/share/hc10dtp_simulation/local_setup.sh
[0.156s] -- Up-to-date symlink: /home/duy/cocarry_ws/install/hc10dtp_simulation/share/hc10dtp_simulation/local_setup.zsh
[0.157s] -- Up-to-date symlink: /home/duy/cocarry_ws/install/hc10dtp_simulation/share/hc10dtp_simulation/local_setup.dsv
[0.158s] -- Symlinking: /home/duy/cocarry_ws/install/hc10dtp_simulation/share/hc10dtp_simulation/package.dsv
[0.175s] -- Up-to-date symlink: /home/duy/cocarry_ws/install/hc10dtp_simulation/share/ament_index/resource_index/packages/hc10dtp_simulation
[0.175s] -- Up-to-date symlink: /home/duy/cocarry_ws/install/hc10dtp_simulation/share/hc10dtp_simulation/cmake/hc10dtp_simulationConfig.cmake
[0.176s] -- Up-to-date symlink: /home/duy/cocarry_ws/install/hc10dtp_simulation/share/hc10dtp_simulation/cmake/hc10dtp_simulationConfig-version.cmake
[0.176s] -- Up-to-date symlink: /home/duy/cocarry_ws/install/hc10dtp_simulation/share/hc10dtp_simulation/package.xml
[0.273s] Invoked command in '/home/duy/cocarry_ws/build/hc10dtp_simulation' returned '0': AMENT_PREFIX_PATH=/home/duy/cocarry_ws/install/hc10dtp_bringup:/home/duy/cocarry_ws/install/hc10dtp_moveit_config:/home/duy/cocarry_ws/install/motoman_hc10dtp_support:/home/duy/cocarry_ws/install/motoros2_interfaces:/home/duy/cocarry_ws/install/motoman_resources:${AMENT_PREFIX_PATH} CMAKE_PREFIX_PATH=/home/duy/cocarry_ws/install/hc10dtp_bringup:/home/duy/cocarry_ws/install/hc10dtp_moveit_config:/home/duy/cocarry_ws/install/motoman_hc10dtp_support:/home/duy/cocarry_ws/install/motoros2_interfaces:/home/duy/cocarry_ws/install/motoman_resources:/opt/ros/humble LD_LIBRARY_PATH=/home/duy/cocarry_ws/install/motoros2_interfaces/lib:${LD_LIBRARY_PATH} PYTHONPATH=/home/duy/cocarry_ws/install/motoros2_interfaces/local/lib/python3.10/dist-packages:${PYTHONPATH} /usr/bin/cmake --install /home/duy/cocarry_ws/build/hc10dtp_simulation
