[0.000000] (-) TimerEvent: {}
[0.000478] (-) JobUnselected: {'identifier': 'experiment_logger'}
[0.000570] (-) JobUnselected: {'identifier': 'hc10dtp_moveit_config'}
[0.000586] (-) JobUnselected: {'identifier': 'hc10dtp_simulation'}
[0.000598] (-) JobUnselected: {'identifier': 'hrc_bringup'}
[0.000610] (-) JobUnselected: {'identifier': 'human_hand_msgs'}
[0.000623] (-) JobUnselected: {'identifier': 'industrial_msgs'}
[0.000633] (-) JobUnselected: {'identifier': 'kinect2_bridge'}
[0.000644] (-) JobUnselected: {'identifier': 'kinect2_calibration'}
[0.000655] (-) JobUnselected: {'identifier': 'kinect2_registration'}
[0.000666] (-) JobUnselected: {'identifier': 'libfreenect2'}
[0.000677] (-) JobUnselected: {'identifier': 'motoman_gp4_support'}
[0.000688] (-) JobUnselected: {'identifier': 'motoman_hc10dtp_support'}
[0.000699] (-) JobUnselected: {'identifier': 'motoman_resources'}
[0.000710] (-) JobUnselected: {'identifier': 'motoros2_client_interface_dependencies'}
[0.000723] (-) JobUnselected: {'identifier': 'motoros2_interfaces'}
[0.000734] (-) JobUnselected: {'identifier': 'predictor_ui'}
[0.000744] (-) JobUnselected: {'identifier': 'realsense_tracker'}
[0.000753] (-) JobUnselected: {'identifier': 'trac_ik'}
[0.000763] (-) JobUnselected: {'identifier': 'trac_ik_kinematics'}
[0.000773] (-) JobUnselected: {'identifier': 'trac_ik_lib'}
[0.000783] (-) JobUnselected: {'identifier': 'trajectory_predictor'}
[0.000795] (coord_transform) JobQueued: {'identifier': 'coord_transform', 'dependencies': OrderedDict([('human_hand_msgs', '/home/duy/cocarry_ws/install/human_hand_msgs')])}
[0.000812] (hc10dtp_bringup) JobQueued: {'identifier': 'hc10dtp_bringup', 'dependencies': OrderedDict([('motoman_resources', '/home/duy/cocarry_ws/install/motoman_resources'), ('motoman_hc10dtp_support', '/home/duy/cocarry_ws/install/motoman_hc10dtp_support'), ('hc10dtp_moveit_config', '/home/duy/cocarry_ws/install/hc10dtp_moveit_config')])}
[0.000828] (coord_transform) JobStarted: {'identifier': 'coord_transform'}
[0.006509] (hc10dtp_bringup) JobStarted: {'identifier': 'hc10dtp_bringup'}
[0.099530] (-) TimerEvent: {}
[0.194998] (hc10dtp_bringup) JobProgress: {'identifier': 'hc10dtp_bringup', 'progress': 'cmake'}
[0.196389] (hc10dtp_bringup) Command: {'cmd': ['/usr/bin/cmake', '/home/duy/cocarry_ws/src/hc10dtp_bringup', '-DAMENT_CMAKE_SYMLINK_INSTALL=1', '-DCMAKE_INSTALL_PREFIX=/home/duy/cocarry_ws/install/hc10dtp_bringup'], 'cwd': '/home/duy/cocarry_ws/build/hc10dtp_bringup', 'env': OrderedDict([('USER', 'duy'), ('SHLVL', '0'), ('HOME', '/home/duy'), ('_', '/usr/bin/colcon'), ('TERM', 'dumb'), ('PATH', '/home/duy/.local/bin:/home/duy/.nvm/versions/node/v20.20.2/bin:/opt/ros/humble/bin:/home/duy/.local/bin:/usr/local/sbin:/usr/local/bin:/usr/sbin:/usr/bin:/sbin:/bin:/usr/games:/usr/local/games:/snap/bin:/snap/bin:/home/duy/libfreenect2/build/bin'), ('LANG', 'en_US.UTF-8'), ('TMP', '/tmp'), ('AMENT_PREFIX_PATH', '/home/duy/cocarry_ws/install/hc10dtp_moveit_config:/home/duy/cocarry_ws/install/motoman_hc10dtp_support:/home/duy/cocarry_ws/install/motoman_resources'), ('SHELL', '/bin/bash'), ('PWD', '/home/duy/cocarry_ws/build/hc10dtp_bringup'), ('COLCON', '1'), ('CMAKE_PREFIX_PATH', '/home/duy/cocarry_ws/install/hc10dtp_moveit_config:/home/duy/cocarry_ws/install/motoman_hc10dtp_support:/home/duy/cocarry_ws/install/motoman_resources')]), 'shell': False}
[0.199724] (-) TimerEvent: {}
[0.222137] (hc10dtp_bringup) StdoutLine: {'line': b'-- Found ament_cmake: 1.3.14 (/opt/ros/humble/share/ament_cmake/cmake)\n'}
[0.299851] (-) TimerEvent: {}
[0.364586] (hc10dtp_bringup) StderrLine: {'line': b'Traceback (most recent call last):\n'}
[0.364831] (hc10dtp_bringup) StderrLine: {'line': b'  File "/opt/ros/humble/share/ament_cmake_core/cmake/package_templates/templates_2_cmake.py", line 21, in <module>\n'}
[0.364946] (hc10dtp_bringup) StderrLine: {'line': b'    from ament_package.templates import get_environment_hook_template_path\n'}
[0.365017] (hc10dtp_bringup) StderrLine: {'line': b"ModuleNotFoundError: No module named 'ament_package'\n"}
[0.375086] (hc10dtp_bringup) StderrLine: {'line': b'CMake Error at /opt/ros/humble/share/ament_cmake_core/cmake/ament_cmake_package_templates-extras.cmake:41 (message):\n'}
[0.375345] (hc10dtp_bringup) StderrLine: {'line': b'  execute_process(/usr/bin/python3\n'}
[0.375429] (hc10dtp_bringup) StderrLine: {'line': b'  /opt/ros/humble/share/ament_cmake_core/cmake/package_templates/templates_2_cmake.py\n'}
[0.375498] (hc10dtp_bringup) StderrLine: {'line': b'  /home/duy/cocarry_ws/build/hc10dtp_bringup/ament_cmake_package_templates/templates.cmake)\n'}
[0.375562] (hc10dtp_bringup) StderrLine: {'line': b'  returned error code 1\n'}
[0.375628] (hc10dtp_bringup) StderrLine: {'line': b'Call Stack (most recent call first):\n'}
[0.375689] (hc10dtp_bringup) StderrLine: {'line': b'  /opt/ros/humble/share/ament_cmake_core/cmake/ament_cmake_coreConfig.cmake:41 (include)\n'}
[0.375750] (hc10dtp_bringup) StderrLine: {'line': b'  /opt/ros/humble/share/ament_cmake/cmake/ament_cmake_export_dependencies-extras.cmake:15 (find_package)\n'}
[0.375868] (hc10dtp_bringup) StderrLine: {'line': b'  /opt/ros/humble/share/ament_cmake/cmake/ament_cmakeConfig.cmake:41 (include)\n'}
[0.375946] (hc10dtp_bringup) StderrLine: {'line': b'  CMakeLists.txt:4 (find_package)\n'}
[0.376019] (hc10dtp_bringup) StderrLine: {'line': b'\n'}
[0.376082] (hc10dtp_bringup) StderrLine: {'line': b'\n'}
[0.376154] (hc10dtp_bringup) StdoutLine: {'line': b'-- Configuring incomplete, errors occurred!\n'}
[0.376229] (hc10dtp_bringup) StdoutLine: {'line': b'See also "/home/duy/cocarry_ws/build/hc10dtp_bringup/CMakeFiles/CMakeOutput.log".\n'}
[0.378355] (hc10dtp_bringup) CommandEnded: {'returncode': 1}
[0.395799] (hc10dtp_bringup) JobEnded: {'identifier': 'hc10dtp_bringup', 'rc': 1}
[0.399962] (-) TimerEvent: {}
[0.500434] (-) TimerEvent: {}
[0.600923] (-) TimerEvent: {}
[0.618709] (coord_transform) JobEnded: {'identifier': 'coord_transform', 'rc': 'SIGINT'}
[0.629328] (-) EventReactorShutdown: {}
