[0.674s] Invoking command in '/home/duy/cocarry_ws/build/predictor_ui': CMAKE_PREFIX_PATH=/home/duy/cocarry_ws/install/human_hand_msgs LD_LIBRARY_PATH=/home/duy/cocarry_ws/install/human_hand_msgs/lib:${LD_LIBRARY_PATH} PKG_CONFIG_PATH=/home/duy/cocarry_ws/install/human_hand_msgs/lib/x86_64-linux-gnu/pkgconfig:/home/duy/cocarry_ws/install/human_hand_msgs/lib/pkgconfig PYTHONPATH=/home/duy/cocarry_ws/build/predictor_ui/prefix_override:/usr/lib/python3/dist-packages/colcon_core/task/python/colcon_distutils_commands:/home/duy/cocarry_ws/install/predictor_ui/lib/python3.10/site-packages:/home/duy/cocarry_ws/install/human_hand_msgs/local/lib/python3.10/dist-packages:${PYTHONPATH} ROS_PACKAGE_PATH=/home/duy/cocarry_ws/install/human_hand_msgs/share /usr/bin/python3 -W ignore:setup.py install is deprecated -W ignore:easy_install command is deprecated setup.py develop --editable --build-directory /home/duy/cocarry_ws/build/predictor_ui/build --no-deps symlink_data
[0.956s] running develop
[1.095s] running egg_info
[1.095s] creating predictor_ui.egg-info
[1.095s] writing predictor_ui.egg-info/PKG-INFO
[1.095s] writing dependency_links to predictor_ui.egg-info/dependency_links.txt
[1.095s] writing entry points to predictor_ui.egg-info/entry_points.txt
[1.095s] writing requirements to predictor_ui.egg-info/requires.txt
[1.095s] writing top-level names to predictor_ui.egg-info/top_level.txt
[1.096s] writing manifest file 'predictor_ui.egg-info/SOURCES.txt'
[1.097s] reading manifest file 'predictor_ui.egg-info/SOURCES.txt'
[1.097s] writing manifest file 'predictor_ui.egg-info/SOURCES.txt'
[1.098s] running build_ext
[1.098s] Creating /home/duy/cocarry_ws/install/predictor_ui/lib/python3.10/site-packages/predictor-ui.egg-link (link to .)
[1.099s] Installing ui_node script to /home/duy/cocarry_ws/install/predictor_ui/lib/predictor_ui
[1.099s] 
[1.099s] Installed /home/duy/cocarry_ws/build/predictor_ui
[1.099s] running symlink_data
[1.099s] creating /home/duy/cocarry_ws/install/predictor_ui/share/ament_index
[1.099s] creating /home/duy/cocarry_ws/install/predictor_ui/share/ament_index/resource_index
[1.104s] creating /home/duy/cocarry_ws/install/predictor_ui/share/ament_index/resource_index/packages
[1.104s] symbolically linking /home/duy/cocarry_ws/build/predictor_ui/resource/predictor_ui -> /home/duy/cocarry_ws/install/predictor_ui/share/ament_index/resource_index/packages
[1.104s] symbolically linking /home/duy/cocarry_ws/build/predictor_ui/package.xml -> /home/duy/cocarry_ws/install/predictor_ui/share/predictor_ui
[1.191s] Invoked command in '/home/duy/cocarry_ws/build/predictor_ui' returned '0': CMAKE_PREFIX_PATH=/home/duy/cocarry_ws/install/human_hand_msgs LD_LIBRARY_PATH=/home/duy/cocarry_ws/install/human_hand_msgs/lib:${LD_LIBRARY_PATH} PKG_CONFIG_PATH=/home/duy/cocarry_ws/install/human_hand_msgs/lib/x86_64-linux-gnu/pkgconfig:/home/duy/cocarry_ws/install/human_hand_msgs/lib/pkgconfig PYTHONPATH=/home/duy/cocarry_ws/build/predictor_ui/prefix_override:/usr/lib/python3/dist-packages/colcon_core/task/python/colcon_distutils_commands:/home/duy/cocarry_ws/install/predictor_ui/lib/python3.10/site-packages:/home/duy/cocarry_ws/install/human_hand_msgs/local/lib/python3.10/dist-packages:${PYTHONPATH} ROS_PACKAGE_PATH=/home/duy/cocarry_ws/install/human_hand_msgs/share /usr/bin/python3 -W ignore:setup.py install is deprecated -W ignore:easy_install command is deprecated setup.py develop --editable --build-directory /home/duy/cocarry_ws/build/predictor_ui/build --no-deps symlink_data
