[1.446s] Invoking command in '/home/hungnb/cocarry_ws/build/coord_transform': CMAKE_PREFIX_PATH=/home/hungnb/cocarry_ws/install/human_hand_msgs LD_LIBRARY_PATH=/home/hungnb/cocarry_ws/install/human_hand_msgs/lib:${LD_LIBRARY_PATH} PKG_CONFIG_PATH=/home/hungnb/cocarry_ws/install/human_hand_msgs/lib/x86_64-linux-gnu/pkgconfig:/home/hungnb/cocarry_ws/install/human_hand_msgs/lib/pkgconfig PYTHONPATH=/home/hungnb/cocarry_ws/build/coord_transform/prefix_override:/home/hungnb/.local/lib/python3.10/site-packages/colcon_core/task/python/colcon_distutils_commands:/home/hungnb/cocarry_ws/install/coord_transform/lib/python3.10/site-packages:/home/hungnb/cocarry_ws/install/human_hand_msgs/local/lib/python3.10/dist-packages:${PYTHONPATH} ROS_PACKAGE_PATH=/home/hungnb/cocarry_ws/install/human_hand_msgs/share /usr/bin/python3 -W ignore:setup.py install is deprecated -W ignore:easy_install command is deprecated setup.py develop --uninstall --editable --build-directory /home/hungnb/cocarry_ws/build/coord_transform/build
[1.650s] running develop
[1.768s] Removing /home/hungnb/cocarry_ws/install/coord_transform/lib/python3.10/site-packages/coord-transform.egg-link (link to .)
[1.811s] Invoked command in '/home/hungnb/cocarry_ws/build/coord_transform' returned '0': CMAKE_PREFIX_PATH=/home/hungnb/cocarry_ws/install/human_hand_msgs LD_LIBRARY_PATH=/home/hungnb/cocarry_ws/install/human_hand_msgs/lib:${LD_LIBRARY_PATH} PKG_CONFIG_PATH=/home/hungnb/cocarry_ws/install/human_hand_msgs/lib/x86_64-linux-gnu/pkgconfig:/home/hungnb/cocarry_ws/install/human_hand_msgs/lib/pkgconfig PYTHONPATH=/home/hungnb/cocarry_ws/build/coord_transform/prefix_override:/home/hungnb/.local/lib/python3.10/site-packages/colcon_core/task/python/colcon_distutils_commands:/home/hungnb/cocarry_ws/install/coord_transform/lib/python3.10/site-packages:/home/hungnb/cocarry_ws/install/human_hand_msgs/local/lib/python3.10/dist-packages:${PYTHONPATH} ROS_PACKAGE_PATH=/home/hungnb/cocarry_ws/install/human_hand_msgs/share /usr/bin/python3 -W ignore:setup.py install is deprecated -W ignore:easy_install command is deprecated setup.py develop --uninstall --editable --build-directory /home/hungnb/cocarry_ws/build/coord_transform/build
[1.813s] Invoking command in '/home/hungnb/cocarry_ws/src/coord_transform': CMAKE_PREFIX_PATH=/home/hungnb/cocarry_ws/install/human_hand_msgs LD_LIBRARY_PATH=/home/hungnb/cocarry_ws/install/human_hand_msgs/lib:${LD_LIBRARY_PATH} PKG_CONFIG_PATH=/home/hungnb/cocarry_ws/install/human_hand_msgs/lib/x86_64-linux-gnu/pkgconfig:/home/hungnb/cocarry_ws/install/human_hand_msgs/lib/pkgconfig PYTHONPATH=/home/hungnb/cocarry_ws/build/coord_transform/prefix_override:/home/hungnb/.local/lib/python3.10/site-packages/colcon_core/task/python/colcon_distutils_commands:/home/hungnb/cocarry_ws/install/coord_transform/lib/python3.10/site-packages:/home/hungnb/cocarry_ws/install/human_hand_msgs/local/lib/python3.10/dist-packages:${PYTHONPATH} ROS_PACKAGE_PATH=/home/hungnb/cocarry_ws/install/human_hand_msgs/share /usr/bin/python3 -W ignore:setup.py install is deprecated -W ignore:easy_install command is deprecated setup.py egg_info --egg-base ../../build/coord_transform build --build-base /home/hungnb/cocarry_ws/build/coord_transform/build install --record /home/hungnb/cocarry_ws/build/coord_transform/install.log --install-scripts $base/lib/coord_transform --single-version-externally-managed install_data --force
[1.985s] running egg_info
[1.986s] writing ../../build/coord_transform/coord_transform.egg-info/PKG-INFO
[1.986s] writing dependency_links to ../../build/coord_transform/coord_transform.egg-info/dependency_links.txt
[1.986s] writing entry points to ../../build/coord_transform/coord_transform.egg-info/entry_points.txt
[1.986s] writing requirements to ../../build/coord_transform/coord_transform.egg-info/requires.txt
[1.986s] writing top-level names to ../../build/coord_transform/coord_transform.egg-info/top_level.txt
[1.988s] reading manifest file '../../build/coord_transform/coord_transform.egg-info/SOURCES.txt'
[1.988s] writing manifest file '../../build/coord_transform/coord_transform.egg-info/SOURCES.txt'
[1.988s] running build
[1.988s] running build_py
[1.989s] creating /home/hungnb/cocarry_ws/build/coord_transform/build
[1.989s] creating /home/hungnb/cocarry_ws/build/coord_transform/build/lib
[1.989s] creating /home/hungnb/cocarry_ws/build/coord_transform/build/lib/coord_transform
[1.989s] copying coord_transform/__init__.py -> /home/hungnb/cocarry_ws/build/coord_transform/build/lib/coord_transform
[1.989s] copying coord_transform/transform_node.py -> /home/hungnb/cocarry_ws/build/coord_transform/build/lib/coord_transform
[1.989s] running install
[1.989s] running install_lib
[1.990s] creating /home/hungnb/cocarry_ws/install/coord_transform/lib/python3.10/site-packages/coord_transform
[1.990s] copying /home/hungnb/cocarry_ws/build/coord_transform/build/lib/coord_transform/__init__.py -> /home/hungnb/cocarry_ws/install/coord_transform/lib/python3.10/site-packages/coord_transform
[1.990s] copying /home/hungnb/cocarry_ws/build/coord_transform/build/lib/coord_transform/transform_node.py -> /home/hungnb/cocarry_ws/install/coord_transform/lib/python3.10/site-packages/coord_transform
[1.990s] byte-compiling /home/hungnb/cocarry_ws/install/coord_transform/lib/python3.10/site-packages/coord_transform/__init__.py to __init__.cpython-310.pyc
[1.990s] byte-compiling /home/hungnb/cocarry_ws/install/coord_transform/lib/python3.10/site-packages/coord_transform/transform_node.py to transform_node.cpython-310.pyc
[1.994s] running install_data
[1.994s] copying resource/coord_transform -> /home/hungnb/cocarry_ws/install/coord_transform/share/ament_index/resource_index/packages
[1.994s] copying package.xml -> /home/hungnb/cocarry_ws/install/coord_transform/share/coord_transform
[1.994s] copying config/transform_params.yaml -> /home/hungnb/cocarry_ws/install/coord_transform/share/coord_transform/config
[1.995s] copying scripts/calibrate_camera_to_robot.py -> /home/hungnb/cocarry_ws/install/coord_transform/share/coord_transform/scripts
[1.995s] running install_egg_info
[1.998s] Copying ../../build/coord_transform/coord_transform.egg-info to /home/hungnb/cocarry_ws/install/coord_transform/lib/python3.10/site-packages/coord_transform-0.1.0-py3.10.egg-info
[1.999s] running install_scripts
[2.014s] Installing transform_node script to /home/hungnb/cocarry_ws/install/coord_transform/lib/coord_transform
[2.014s] writing list of installed files to '/home/hungnb/cocarry_ws/build/coord_transform/install.log'
[2.046s] Invoked command in '/home/hungnb/cocarry_ws/src/coord_transform' returned '0': CMAKE_PREFIX_PATH=/home/hungnb/cocarry_ws/install/human_hand_msgs LD_LIBRARY_PATH=/home/hungnb/cocarry_ws/install/human_hand_msgs/lib:${LD_LIBRARY_PATH} PKG_CONFIG_PATH=/home/hungnb/cocarry_ws/install/human_hand_msgs/lib/x86_64-linux-gnu/pkgconfig:/home/hungnb/cocarry_ws/install/human_hand_msgs/lib/pkgconfig PYTHONPATH=/home/hungnb/cocarry_ws/build/coord_transform/prefix_override:/home/hungnb/.local/lib/python3.10/site-packages/colcon_core/task/python/colcon_distutils_commands:/home/hungnb/cocarry_ws/install/coord_transform/lib/python3.10/site-packages:/home/hungnb/cocarry_ws/install/human_hand_msgs/local/lib/python3.10/dist-packages:${PYTHONPATH} ROS_PACKAGE_PATH=/home/hungnb/cocarry_ws/install/human_hand_msgs/share /usr/bin/python3 -W ignore:setup.py install is deprecated -W ignore:easy_install command is deprecated setup.py egg_info --egg-base ../../build/coord_transform build --build-base /home/hungnb/cocarry_ws/build/coord_transform/build install --record /home/hungnb/cocarry_ws/build/coord_transform/install.log --install-scripts $base/lib/coord_transform --single-version-externally-managed install_data --force
