[0.008s] Invoking command in '/home/hungnb/cocarry_ws/build/hc10dtp_moveit_config': CMAKE_PREFIX_PATH=/opt/ros/humble /usr/bin/cmake /home/hungnb/cocarry_ws/src/hc10dtp_moveit_config -DAMENT_CMAKE_SYMLINK_INSTALL=1 -DCMAKE_INSTALL_PREFIX=/home/hungnb/cocarry_ws/install/hc10dtp_moveit_config
[0.047s] -- The C compiler identification is GNU 11.4.0
[0.089s] -- The CXX compiler identification is GNU 11.4.0
[0.094s] -- Detecting C compiler ABI info
[0.158s] -- Detecting C compiler ABI info - done
[0.162s] -- Check for working C compiler: /usr/bin/cc - skipped
[0.162s] -- Detecting C compile features
[0.162s] -- Detecting C compile features - done
[0.164s] -- Detecting CXX compiler ABI info
[0.232s] -- Detecting CXX compiler ABI info - done
[0.237s] -- Check for working CXX compiler: /usr/bin/c++ - skipped
[0.237s] -- Detecting CXX compile features
[0.237s] -- Detecting CXX compile features - done
[0.239s] -- Found ament_cmake: 1.3.14 (/opt/ros/humble/share/ament_cmake/cmake)
[0.342s] -- Found Python3: /usr/bin/python3 (found version "3.10.12") found components: Interpreter 
[0.385s] -- Override CMake install command with custom implementation using symlinks instead of copying resources
[0.466s] -- Configuring done
[0.468s] -- Generating done
[0.470s] -- Build files have been written to: /home/hungnb/cocarry_ws/build/hc10dtp_moveit_config
[0.476s] Invoked command in '/home/hungnb/cocarry_ws/build/hc10dtp_moveit_config' returned '0': CMAKE_PREFIX_PATH=/opt/ros/humble /usr/bin/cmake /home/hungnb/cocarry_ws/src/hc10dtp_moveit_config -DAMENT_CMAKE_SYMLINK_INSTALL=1 -DCMAKE_INSTALL_PREFIX=/home/hungnb/cocarry_ws/install/hc10dtp_moveit_config
[0.477s] Invoking command in '/home/hungnb/cocarry_ws/build/hc10dtp_moveit_config': CMAKE_PREFIX_PATH=/opt/ros/humble /usr/bin/cmake --build /home/hungnb/cocarry_ws/build/hc10dtp_moveit_config -- -j16 -l16
[0.513s] Invoked command in '/home/hungnb/cocarry_ws/build/hc10dtp_moveit_config' returned '0': CMAKE_PREFIX_PATH=/opt/ros/humble /usr/bin/cmake --build /home/hungnb/cocarry_ws/build/hc10dtp_moveit_config -- -j16 -l16
[0.524s] Invoking command in '/home/hungnb/cocarry_ws/build/hc10dtp_moveit_config': CMAKE_PREFIX_PATH=/opt/ros/humble /usr/bin/cmake --install /home/hungnb/cocarry_ws/build/hc10dtp_moveit_config
[0.530s] -- Install configuration: ""
[0.530s] -- Execute custom install script
[0.531s] -- Symlinking: /home/hungnb/cocarry_ws/install/hc10dtp_moveit_config/share/ament_index/resource_index/package_run_dependencies/hc10dtp_moveit_config
[0.540s] -- Symlinking: /home/hungnb/cocarry_ws/install/hc10dtp_moveit_config/share/ament_index/resource_index/parent_prefix_path/hc10dtp_moveit_config
[0.550s] -- Symlinking: /home/hungnb/cocarry_ws/install/hc10dtp_moveit_config/share/hc10dtp_moveit_config/environment/ament_prefix_path.sh
[0.559s] -- Symlinking: /home/hungnb/cocarry_ws/install/hc10dtp_moveit_config/share/hc10dtp_moveit_config/environment/ament_prefix_path.dsv
[0.568s] -- Symlinking: /home/hungnb/cocarry_ws/install/hc10dtp_moveit_config/share/hc10dtp_moveit_config/environment/path.sh
[0.576s] -- Symlinking: /home/hungnb/cocarry_ws/install/hc10dtp_moveit_config/share/hc10dtp_moveit_config/environment/path.dsv
[0.584s] -- Symlinking: /home/hungnb/cocarry_ws/install/hc10dtp_moveit_config/share/hc10dtp_moveit_config/local_setup.bash
[0.591s] -- Symlinking: /home/hungnb/cocarry_ws/install/hc10dtp_moveit_config/share/hc10dtp_moveit_config/local_setup.sh
[0.600s] -- Symlinking: /home/hungnb/cocarry_ws/install/hc10dtp_moveit_config/share/hc10dtp_moveit_config/local_setup.zsh
[0.607s] -- Symlinking: /home/hungnb/cocarry_ws/install/hc10dtp_moveit_config/share/hc10dtp_moveit_config/local_setup.dsv
[0.615s] -- Symlinking: /home/hungnb/cocarry_ws/install/hc10dtp_moveit_config/share/hc10dtp_moveit_config/package.dsv
[0.624s] -- Symlinking: /home/hungnb/cocarry_ws/install/hc10dtp_moveit_config/share/ament_index/resource_index/packages/hc10dtp_moveit_config
[0.632s] -- Symlinking: /home/hungnb/cocarry_ws/install/hc10dtp_moveit_config/share/hc10dtp_moveit_config/cmake/hc10dtp_moveit_configConfig.cmake
[0.640s] -- Symlinking: /home/hungnb/cocarry_ws/install/hc10dtp_moveit_config/share/hc10dtp_moveit_config/cmake/hc10dtp_moveit_configConfig-version.cmake
[0.647s] -- Symlinking: /home/hungnb/cocarry_ws/install/hc10dtp_moveit_config/share/hc10dtp_moveit_config/package.xml
[0.657s] -- Symlinking: /home/hungnb/cocarry_ws/install/hc10dtp_moveit_config/share/hc10dtp_moveit_config/launch/hc10dtp_start.launch.py
[0.665s] -- Symlinking: /home/hungnb/cocarry_ws/install/hc10dtp_moveit_config/share/hc10dtp_moveit_config/config/initial_positions.yaml
[0.674s] -- Symlinking: /home/hungnb/cocarry_ws/install/hc10dtp_moveit_config/share/hc10dtp_moveit_config/config/joint_limits.yaml
[0.682s] -- Symlinking: /home/hungnb/cocarry_ws/install/hc10dtp_moveit_config/share/hc10dtp_moveit_config/config/kinematics.yaml
[0.691s] -- Symlinking: /home/hungnb/cocarry_ws/install/hc10dtp_moveit_config/share/hc10dtp_moveit_config/config/motoman_hc10dtp.ros2_control.xacro
[0.699s] -- Symlinking: /home/hungnb/cocarry_ws/install/hc10dtp_moveit_config/share/hc10dtp_moveit_config/config/motoman_hc10dtp.srdf
[0.708s] -- Symlinking: /home/hungnb/cocarry_ws/install/hc10dtp_moveit_config/share/hc10dtp_moveit_config/config/motoman_hc10dtp.urdf.xacro
[0.717s] -- Symlinking: /home/hungnb/cocarry_ws/install/hc10dtp_moveit_config/share/hc10dtp_moveit_config/config/moveit.rviz
[0.725s] -- Symlinking: /home/hungnb/cocarry_ws/install/hc10dtp_moveit_config/share/hc10dtp_moveit_config/config/moveit_controllers.yaml
[0.733s] -- Symlinking: /home/hungnb/cocarry_ws/install/hc10dtp_moveit_config/share/hc10dtp_moveit_config/config/pilz_cartesian_limits.yaml
[0.742s] -- Symlinking: /home/hungnb/cocarry_ws/install/hc10dtp_moveit_config/share/hc10dtp_moveit_config/config/ros2_controllers.yaml
[0.750s] -- Symlinking: /home/hungnb/cocarry_ws/install/hc10dtp_moveit_config/share/hc10dtp_moveit_config/.setup_assistant
[0.763s] Invoked command in '/home/hungnb/cocarry_ws/build/hc10dtp_moveit_config' returned '0': CMAKE_PREFIX_PATH=/opt/ros/humble /usr/bin/cmake --install /home/hungnb/cocarry_ws/build/hc10dtp_moveit_config
