[0.383s] Invoking command in '/home/hungnb/cocarry_ws/src/kinect_tracker': CMAKE_PREFIX_PATH=/home/hungnb/cocarry_ws/install/human_hand_msgs LD_LIBRARY_PATH=/home/hungnb/cocarry_ws/install/human_hand_msgs/lib:${LD_LIBRARY_PATH} PKG_CONFIG_PATH=/home/hungnb/cocarry_ws/install/human_hand_msgs/lib/x86_64-linux-gnu/pkgconfig:/home/hungnb/cocarry_ws/install/human_hand_msgs/lib/pkgconfig PYTHONPATH=/home/hungnb/cocarry_ws/build/kinect_tracker/prefix_override:/home/hungnb/.local/lib/python3.10/site-packages/colcon_core/task/python/colcon_distutils_commands:/home/hungnb/cocarry_ws/install/kinect_tracker/lib/python3.10/site-packages:/home/hungnb/cocarry_ws/install/human_hand_msgs/local/lib/python3.10/dist-packages:${PYTHONPATH} ROS_PACKAGE_PATH=/home/hungnb/cocarry_ws/install/human_hand_msgs/share /usr/bin/python3 -W ignore:setup.py install is deprecated -W ignore:easy_install command is deprecated setup.py egg_info --egg-base ../../build/kinect_tracker build --build-base /home/hungnb/cocarry_ws/build/kinect_tracker/build install --record /home/hungnb/cocarry_ws/build/kinect_tracker/install.log --install-scripts $base/lib/realsense_tracker --single-version-externally-managed install_data
[0.519s] running egg_info
[0.519s] creating ../../build/kinect_tracker/kinect_tracker.egg-info
[0.519s] writing ../../build/kinect_tracker/kinect_tracker.egg-info/PKG-INFO
[0.519s] writing dependency_links to ../../build/kinect_tracker/kinect_tracker.egg-info/dependency_links.txt
[0.519s] writing entry points to ../../build/kinect_tracker/kinect_tracker.egg-info/entry_points.txt
[0.519s] writing requirements to ../../build/kinect_tracker/kinect_tracker.egg-info/requires.txt
[0.519s] writing top-level names to ../../build/kinect_tracker/kinect_tracker.egg-info/top_level.txt
[0.520s] writing manifest file '../../build/kinect_tracker/kinect_tracker.egg-info/SOURCES.txt'
[0.520s] reading manifest file '../../build/kinect_tracker/kinect_tracker.egg-info/SOURCES.txt'
[0.521s] writing manifest file '../../build/kinect_tracker/kinect_tracker.egg-info/SOURCES.txt'
[0.521s] running build
[0.521s] running build_py
[0.521s] creating /home/hungnb/cocarry_ws/build/kinect_tracker/build
[0.521s] creating /home/hungnb/cocarry_ws/build/kinect_tracker/build/lib
[0.521s] creating /home/hungnb/cocarry_ws/build/kinect_tracker/build/lib/kinect_tracker
[0.521s] copying kinect_tracker/__init__.py -> /home/hungnb/cocarry_ws/build/kinect_tracker/build/lib/kinect_tracker
[0.521s] copying kinect_tracker/kinect_node.py -> /home/hungnb/cocarry_ws/build/kinect_tracker/build/lib/kinect_tracker
[0.521s] running install
[0.521s] running install_lib
[0.522s] creating /home/hungnb/cocarry_ws/install/kinect_tracker/lib/python3.10/site-packages/kinect_tracker
[0.522s] copying /home/hungnb/cocarry_ws/build/kinect_tracker/build/lib/kinect_tracker/__init__.py -> /home/hungnb/cocarry_ws/install/kinect_tracker/lib/python3.10/site-packages/kinect_tracker
[0.522s] copying /home/hungnb/cocarry_ws/build/kinect_tracker/build/lib/kinect_tracker/kinect_node.py -> /home/hungnb/cocarry_ws/install/kinect_tracker/lib/python3.10/site-packages/kinect_tracker
[0.522s] byte-compiling /home/hungnb/cocarry_ws/install/kinect_tracker/lib/python3.10/site-packages/kinect_tracker/__init__.py to __init__.cpython-310.pyc
[0.522s] byte-compiling /home/hungnb/cocarry_ws/install/kinect_tracker/lib/python3.10/site-packages/kinect_tracker/kinect_node.py to kinect_node.cpython-310.pyc
[0.523s] running install_data
[0.523s] creating /home/hungnb/cocarry_ws/install/kinect_tracker/share/ament_index
[0.523s] creating /home/hungnb/cocarry_ws/install/kinect_tracker/share/ament_index/resource_index
[0.523s] creating /home/hungnb/cocarry_ws/install/kinect_tracker/share/ament_index/resource_index/packages
[0.524s] copying resource/kinect_tracker -> /home/hungnb/cocarry_ws/install/kinect_tracker/share/ament_index/resource_index/packages
[0.524s] copying package.xml -> /home/hungnb/cocarry_ws/install/kinect_tracker/share/kinect_tracker
[0.524s] creating /home/hungnb/cocarry_ws/install/kinect_tracker/share/kinect_tracker/models
[0.524s] copying models/pose_landmarker_full.task -> /home/hungnb/cocarry_ws/install/kinect_tracker/share/kinect_tracker/models
[0.530s] running install_egg_info
[0.532s] Copying ../../build/kinect_tracker/kinect_tracker.egg-info to /home/hungnb/cocarry_ws/install/kinect_tracker/lib/python3.10/site-packages/kinect_tracker-0.0.0-py3.10.egg-info
[0.533s] running install_scripts
[0.546s] Installing kinect_node script to /home/hungnb/cocarry_ws/install/kinect_tracker/lib/realsense_tracker
[0.546s] writing list of installed files to '/home/hungnb/cocarry_ws/build/kinect_tracker/install.log'
[0.565s] Invoked command in '/home/hungnb/cocarry_ws/src/kinect_tracker' returned '0': CMAKE_PREFIX_PATH=/home/hungnb/cocarry_ws/install/human_hand_msgs LD_LIBRARY_PATH=/home/hungnb/cocarry_ws/install/human_hand_msgs/lib:${LD_LIBRARY_PATH} PKG_CONFIG_PATH=/home/hungnb/cocarry_ws/install/human_hand_msgs/lib/x86_64-linux-gnu/pkgconfig:/home/hungnb/cocarry_ws/install/human_hand_msgs/lib/pkgconfig PYTHONPATH=/home/hungnb/cocarry_ws/build/kinect_tracker/prefix_override:/home/hungnb/.local/lib/python3.10/site-packages/colcon_core/task/python/colcon_distutils_commands:/home/hungnb/cocarry_ws/install/kinect_tracker/lib/python3.10/site-packages:/home/hungnb/cocarry_ws/install/human_hand_msgs/local/lib/python3.10/dist-packages:${PYTHONPATH} ROS_PACKAGE_PATH=/home/hungnb/cocarry_ws/install/human_hand_msgs/share /usr/bin/python3 -W ignore:setup.py install is deprecated -W ignore:easy_install command is deprecated setup.py egg_info --egg-base ../../build/kinect_tracker build --build-base /home/hungnb/cocarry_ws/build/kinect_tracker/build install --record /home/hungnb/cocarry_ws/build/kinect_tracker/install.log --install-scripts $base/lib/realsense_tracker --single-version-externally-managed install_data
