[0.282s] Invoking command in '/home/hungnb/cocarry_ws/build/kinect2_calibration': AMENT_PREFIX_PATH=/home/hungnb/cocarry_ws/install/kinect2_bridge:/home/hungnb/cocarry_ws/install/kinect2_registration:${AMENT_PREFIX_PATH} CMAKE_PREFIX_PATH=/home/hungnb/cocarry_ws/install/kinect2_bridge:/home/hungnb/cocarry_ws/install/kinect2_registration:/opt/ros/humble LD_LIBRARY_PATH=/home/hungnb/cocarry_ws/install/kinect2_registration/lib:${LD_LIBRARY_PATH} /usr/bin/cmake /home/hungnb/cocarry_ws/src/kinect2_ros2/kinect2_calibration -DCMAKE_INSTALL_PREFIX=/home/hungnb/cocarry_ws/install/kinect2_calibration
[0.300s] -- Found ament_cmake: 1.3.14 (/opt/ros/humble/share/ament_cmake/cmake)
[0.412s] -- Override CMake install command with custom implementation using symlinks instead of copying resources
[0.420s] -- Found rclcpp: 16.0.19 (/opt/ros/humble/share/rclcpp/cmake)
[0.449s] -- Found rosidl_generator_c: 3.1.9 (/opt/ros/humble/share/rosidl_generator_c/cmake)
[0.452s] -- Found rosidl_adapter: 3.1.9 (/opt/ros/humble/share/rosidl_adapter/cmake)
[0.459s] -- Found rosidl_generator_cpp: 3.1.9 (/opt/ros/humble/share/rosidl_generator_cpp/cmake)
[0.471s] -- Using all available rosidl_typesupport_c: rosidl_typesupport_fastrtps_c;rosidl_typesupport_introspection_c
[0.485s] -- Using all available rosidl_typesupport_cpp: rosidl_typesupport_fastrtps_cpp;rosidl_typesupport_introspection_cpp
[0.521s] -- Found rmw_implementation_cmake: 6.1.2 (/opt/ros/humble/share/rmw_implementation_cmake/cmake)
[0.522s] -- Found rmw_fastrtps_cpp: 6.2.10 (/opt/ros/humble/share/rmw_fastrtps_cpp/cmake)
[0.612s] -- Using RMW implementation 'rmw_fastrtps_cpp' as default
[0.668s] -- Found cv_bridge: 3.2.1 (/opt/ros/humble/share/cv_bridge/cmake)
[0.689s] -- Found message_filters: 4.3.18 (/opt/ros/humble/share/message_filters/cmake)
[0.692s] -- Found image_transport: 3.1.13 (/opt/ros/humble/share/image_transport/cmake)
[0.708s] -- Found compressed_image_transport: 2.5.5 (/opt/ros/humble/share/compressed_image_transport/cmake)
[0.709s] -- Found compressed_depth_image_transport: 2.5.5 (/opt/ros/humble/share/compressed_depth_image_transport/cmake)
[0.709s] -- Found kinect2_bridge: 0.0.0 (/home/hungnb/cocarry_ws/install/kinect2_bridge/share/kinect2_bridge/cmake)
[0.710s] -- Found kinect2_registration: 0.0.0 (/home/hungnb/cocarry_ws/install/kinect2_registration/share/kinect2_registration/cmake)
[0.714s] -- Found ament_lint_auto: 0.12.15 (/opt/ros/humble/share/ament_lint_auto/cmake)
[0.770s] -- Added test 'cppcheck' to perform static code analysis on C / C++ code
[0.770s] -- Configured cppcheck include dirs: /home/hungnb/cocarry_ws/src/kinect2_ros2/kinect2_calibration/include
[0.770s] -- Configured cppcheck exclude dirs and/or files: 
[0.770s] -- Added test 'flake8' to check Python code syntax and style conventions
[0.771s] -- Added test 'lint_cmake' to check CMake code style
[0.771s] -- Added test 'pep257' to check Python code against some of the docstring style conventions in PEP 257
[0.772s] -- Added test 'uncrustify' to check C / C++ code style
[0.772s] -- Configured uncrustify additional arguments: 
[0.772s] -- Added test 'xmllint' to check XML markup files
[0.774s] -- Configuring done
[0.789s] -- Generating done
[0.792s] -- Build files have been written to: /home/hungnb/cocarry_ws/build/kinect2_calibration
[0.802s] Invoked command in '/home/hungnb/cocarry_ws/build/kinect2_calibration' returned '0': AMENT_PREFIX_PATH=/home/hungnb/cocarry_ws/install/kinect2_bridge:/home/hungnb/cocarry_ws/install/kinect2_registration:${AMENT_PREFIX_PATH} CMAKE_PREFIX_PATH=/home/hungnb/cocarry_ws/install/kinect2_bridge:/home/hungnb/cocarry_ws/install/kinect2_registration:/opt/ros/humble LD_LIBRARY_PATH=/home/hungnb/cocarry_ws/install/kinect2_registration/lib:${LD_LIBRARY_PATH} /usr/bin/cmake /home/hungnb/cocarry_ws/src/kinect2_ros2/kinect2_calibration -DCMAKE_INSTALL_PREFIX=/home/hungnb/cocarry_ws/install/kinect2_calibration
[0.803s] Invoking command in '/home/hungnb/cocarry_ws/build/kinect2_calibration': AMENT_PREFIX_PATH=/home/hungnb/cocarry_ws/install/kinect2_bridge:/home/hungnb/cocarry_ws/install/kinect2_registration:${AMENT_PREFIX_PATH} CMAKE_PREFIX_PATH=/home/hungnb/cocarry_ws/install/kinect2_bridge:/home/hungnb/cocarry_ws/install/kinect2_registration:/opt/ros/humble LD_LIBRARY_PATH=/home/hungnb/cocarry_ws/install/kinect2_registration/lib:${LD_LIBRARY_PATH} /usr/bin/cmake --build /home/hungnb/cocarry_ws/build/kinect2_calibration -- -j16 -l16
[0.840s] [35m[1mConsolidate compiler generated dependencies of target kinect2_calibration_node[0m
[0.863s] [100%] Built target kinect2_calibration_node
[0.874s] Invoked command in '/home/hungnb/cocarry_ws/build/kinect2_calibration' returned '0': AMENT_PREFIX_PATH=/home/hungnb/cocarry_ws/install/kinect2_bridge:/home/hungnb/cocarry_ws/install/kinect2_registration:${AMENT_PREFIX_PATH} CMAKE_PREFIX_PATH=/home/hungnb/cocarry_ws/install/kinect2_bridge:/home/hungnb/cocarry_ws/install/kinect2_registration:/opt/ros/humble LD_LIBRARY_PATH=/home/hungnb/cocarry_ws/install/kinect2_registration/lib:${LD_LIBRARY_PATH} /usr/bin/cmake --build /home/hungnb/cocarry_ws/build/kinect2_calibration -- -j16 -l16
[0.876s] Invoking command in '/home/hungnb/cocarry_ws/build/kinect2_calibration': AMENT_PREFIX_PATH=/home/hungnb/cocarry_ws/install/kinect2_bridge:/home/hungnb/cocarry_ws/install/kinect2_registration:${AMENT_PREFIX_PATH} CMAKE_PREFIX_PATH=/home/hungnb/cocarry_ws/install/kinect2_bridge:/home/hungnb/cocarry_ws/install/kinect2_registration:/opt/ros/humble LD_LIBRARY_PATH=/home/hungnb/cocarry_ws/install/kinect2_registration/lib:${LD_LIBRARY_PATH} /usr/bin/cmake --install /home/hungnb/cocarry_ws/build/kinect2_calibration
[0.884s] -- Install configuration: ""
[0.884s] -- Execute custom install script
[0.885s] -- Up-to-date symlink: /home/hungnb/cocarry_ws/install/kinect2_calibration/lib/kinect2_calibration/kinect2_calibration_node
[0.885s] -- Up-to-date symlink: /home/hungnb/cocarry_ws/install/kinect2_calibration/share/ament_index/resource_index/package_run_dependencies/kinect2_calibration
[0.885s] -- Up-to-date symlink: /home/hungnb/cocarry_ws/install/kinect2_calibration/share/ament_index/resource_index/parent_prefix_path/kinect2_calibration
[0.885s] -- Up-to-date symlink: /home/hungnb/cocarry_ws/install/kinect2_calibration/share/kinect2_calibration/environment/ament_prefix_path.sh
[0.885s] -- Up-to-date symlink: /home/hungnb/cocarry_ws/install/kinect2_calibration/share/kinect2_calibration/environment/ament_prefix_path.dsv
[0.885s] -- Up-to-date symlink: /home/hungnb/cocarry_ws/install/kinect2_calibration/share/kinect2_calibration/environment/path.sh
[0.886s] -- Up-to-date symlink: /home/hungnb/cocarry_ws/install/kinect2_calibration/share/kinect2_calibration/environment/path.dsv
[0.886s] -- Up-to-date symlink: /home/hungnb/cocarry_ws/install/kinect2_calibration/share/kinect2_calibration/local_setup.bash
[0.886s] -- Up-to-date symlink: /home/hungnb/cocarry_ws/install/kinect2_calibration/share/kinect2_calibration/local_setup.sh
[0.887s] -- Up-to-date symlink: /home/hungnb/cocarry_ws/install/kinect2_calibration/share/kinect2_calibration/local_setup.zsh
[0.887s] -- Up-to-date symlink: /home/hungnb/cocarry_ws/install/kinect2_calibration/share/kinect2_calibration/local_setup.dsv
[0.887s] -- Symlinking: /home/hungnb/cocarry_ws/install/kinect2_calibration/share/kinect2_calibration/package.dsv
[0.895s] -- Up-to-date symlink: /home/hungnb/cocarry_ws/install/kinect2_calibration/share/ament_index/resource_index/packages/kinect2_calibration
[0.895s] -- Up-to-date symlink: /home/hungnb/cocarry_ws/install/kinect2_calibration/share/kinect2_calibration/cmake/kinect2_calibrationConfig.cmake
[0.895s] -- Up-to-date symlink: /home/hungnb/cocarry_ws/install/kinect2_calibration/share/kinect2_calibration/cmake/kinect2_calibrationConfig-version.cmake
[0.896s] -- Up-to-date symlink: /home/hungnb/cocarry_ws/install/kinect2_calibration/share/kinect2_calibration/package.xml
[0.899s] Invoked command in '/home/hungnb/cocarry_ws/build/kinect2_calibration' returned '0': AMENT_PREFIX_PATH=/home/hungnb/cocarry_ws/install/kinect2_bridge:/home/hungnb/cocarry_ws/install/kinect2_registration:${AMENT_PREFIX_PATH} CMAKE_PREFIX_PATH=/home/hungnb/cocarry_ws/install/kinect2_bridge:/home/hungnb/cocarry_ws/install/kinect2_registration:/opt/ros/humble LD_LIBRARY_PATH=/home/hungnb/cocarry_ws/install/kinect2_registration/lib:${LD_LIBRARY_PATH} /usr/bin/cmake --install /home/hungnb/cocarry_ws/build/kinect2_calibration
