-- The C compiler identification is GNU 11.4.0
-- The CXX compiler identification is GNU 11.4.0
-- Detecting C compiler ABI info
-- Detecting C compiler ABI info - done
-- Check for working C compiler: /usr/bin/cc - skipped
-- Detecting C compile features
-- Detecting C compile features - done
-- Detecting CXX compiler ABI info
-- Detecting CXX compiler ABI info - done
-- Check for working CXX compiler: /usr/bin/c++ - skipped
-- Detecting CXX compile features
-- Detecting CXX compile features - done
-- Found ament_cmake: 1.3.14 (/opt/ros/humble/share/ament_cmake/cmake)
-- Found Python3: /usr/bin/python3 (found version "3.10.12") found components: Interpreter 
-- Override CMake install command with custom implementation using symlinks instead of copying resources
-- Configuring done
-- Generating done
-- Build files have been written to: /home/hungnb/cocarry_ws/build/motoman_hc10dtp_support
-- Install configuration: ""
-- Execute custom install script
-- Symlinking: /home/hungnb/cocarry_ws/install/motoman_hc10dtp_support/share/motoman_hc10dtp_support/urdf/hc10dtp.urdf
-- Symlinking: /home/hungnb/cocarry_ws/install/motoman_hc10dtp_support/share/ament_index/resource_index/package_run_dependencies/motoman_hc10dtp_support
-- Symlinking: /home/hungnb/cocarry_ws/install/motoman_hc10dtp_support/share/ament_index/resource_index/parent_prefix_path/motoman_hc10dtp_support
-- Symlinking: /home/hungnb/cocarry_ws/install/motoman_hc10dtp_support/share/motoman_hc10dtp_support/environment/ament_prefix_path.sh
-- Symlinking: /home/hungnb/cocarry_ws/install/motoman_hc10dtp_support/share/motoman_hc10dtp_support/environment/ament_prefix_path.dsv
-- Symlinking: /home/hungnb/cocarry_ws/install/motoman_hc10dtp_support/share/motoman_hc10dtp_support/environment/path.sh
-- Symlinking: /home/hungnb/cocarry_ws/install/motoman_hc10dtp_support/share/motoman_hc10dtp_support/environment/path.dsv
-- Symlinking: /home/hungnb/cocarry_ws/install/motoman_hc10dtp_support/share/motoman_hc10dtp_support/local_setup.bash
-- Symlinking: /home/hungnb/cocarry_ws/install/motoman_hc10dtp_support/share/motoman_hc10dtp_support/local_setup.sh
-- Symlinking: /home/hungnb/cocarry_ws/install/motoman_hc10dtp_support/share/motoman_hc10dtp_support/local_setup.zsh
-- Symlinking: /home/hungnb/cocarry_ws/install/motoman_hc10dtp_support/share/motoman_hc10dtp_support/local_setup.dsv
-- Symlinking: /home/hungnb/cocarry_ws/install/motoman_hc10dtp_support/share/motoman_hc10dtp_support/package.dsv
-- Symlinking: /home/hungnb/cocarry_ws/install/motoman_hc10dtp_support/share/ament_index/resource_index/packages/motoman_hc10dtp_support
-- Symlinking: /home/hungnb/cocarry_ws/install/motoman_hc10dtp_support/share/motoman_hc10dtp_support/cmake/motoman_hc10dtp_supportConfig.cmake
-- Symlinking: /home/hungnb/cocarry_ws/install/motoman_hc10dtp_support/share/motoman_hc10dtp_support/cmake/motoman_hc10dtp_supportConfig-version.cmake
-- Symlinking: /home/hungnb/cocarry_ws/install/motoman_hc10dtp_support/share/motoman_hc10dtp_support/package.xml
