[0.009s] Invoking command in '/home/duy/cocarry_ws/build/hc10dtp_moveit_config': CMAKE_PREFIX_PATH=/home/duy/cocarry_ws/install/motoman_hc10dtp_support:/home/duy/cocarry_ws/install/motoman_resources /usr/bin/cmake /home/duy/cocarry_ws/src/hc10dtp_moveit_config -DAMENT_CMAKE_SYMLINK_INSTALL=1 -DCMAKE_INSTALL_PREFIX=/home/duy/cocarry_ws/install/hc10dtp_moveit_config
[0.030s] CMake Error at CMakeLists.txt:4 (find_package):
[0.030s]   By not providing "Findament_cmake.cmake" in CMAKE_MODULE_PATH this project
[0.030s]   has asked CMake to find a package configuration file provided by
[0.030s]   "ament_cmake", but CMake did not find one.
[0.030s] 
[0.030s]   Could not find a package configuration file provided by "ament_cmake" with
[0.030s]   any of the following names:
[0.030s] 
[0.030s]     ament_cmakeConfig.cmake
[0.030s]     ament_cmake-config.cmake
[0.030s] 
[0.030s]   Add the installation prefix of "ament_cmake" to CMAKE_PREFIX_PATH or set
[0.030s]   "ament_cmake_DIR" to a directory containing one of the above files.  If
[0.030s]   "ament_cmake" provides a separate development package or SDK, be sure it
[0.030s]   has been installed.
[0.030s] 
[0.030s] 
[0.031s] -- Configuring incomplete, errors occurred!
[0.031s] See also "/home/duy/cocarry_ws/build/hc10dtp_moveit_config/CMakeFiles/CMakeOutput.log".
[0.031s] Invoked command in '/home/duy/cocarry_ws/build/hc10dtp_moveit_config' returned '1': CMAKE_PREFIX_PATH=/home/duy/cocarry_ws/install/motoman_hc10dtp_support:/home/duy/cocarry_ws/install/motoman_resources /usr/bin/cmake /home/duy/cocarry_ws/src/hc10dtp_moveit_config -DAMENT_CMAKE_SYMLINK_INSTALL=1 -DCMAKE_INSTALL_PREFIX=/home/duy/cocarry_ws/install/hc10dtp_moveit_config
