[0.018s] Invoking command in '/home/duy/cocarry_ws/build/human_hand_msgs': /usr/bin/cmake --build /home/duy/cocarry_ws/build/human_hand_msgs -- -j16 -l16
[0.072s] -- Found ament_cmake: 1.3.14 (/opt/ros/humble/share/ament_cmake/cmake)
[0.265s] Traceback (most recent call last):
[0.265s]   File "/opt/ros/humble/share/ament_cmake_core/cmake/package_templates/templates_2_cmake.py", line 21, in <module>
[0.265s]     from ament_package.templates import get_environment_hook_template_path
[0.265s] ModuleNotFoundError: No module named 'ament_package'
[0.278s] [31mCMake Error at /opt/ros/humble/share/ament_cmake_core/cmake/ament_cmake_package_templates-extras.cmake:41 (message):
[0.278s]   execute_process(/usr/bin/python3
[0.278s]   /opt/ros/humble/share/ament_cmake_core/cmake/package_templates/templates_2_cmake.py
[0.279s]   /home/duy/cocarry_ws/build/human_hand_msgs/ament_cmake_package_templates/templates.cmake)
[0.279s]   returned error code 1
[0.279s] Call Stack (most recent call first):
[0.279s]   /opt/ros/humble/share/ament_cmake_core/cmake/ament_cmake_coreConfig.cmake:41 (include)
[0.279s]   /opt/ros/humble/share/ament_cmake/cmake/ament_cmake_export_dependencies-extras.cmake:15 (find_package)
[0.280s]   /opt/ros/humble/share/ament_cmake/cmake/ament_cmakeConfig.cmake:41 (include)
[0.280s]   CMakeLists.txt:8 (find_package)
[0.280s] 
[0.280s] [0m
[0.280s] -- Configuring incomplete, errors occurred!
[0.281s] See also "/home/duy/cocarry_ws/build/human_hand_msgs/CMakeFiles/CMakeOutput.log".
[0.281s] gmake: *** [Makefile:1409: cmake_check_build_system] Error 1
