[0.014s] Invoking command in '/home/duy/cocarry_ws/build/kinect2_calibration': AMENT_PREFIX_PATH=/home/duy/cocarry_ws/install/kinect2_bridge:/home/duy/cocarry_ws/install/kinect2_registration:${AMENT_PREFIX_PATH} CMAKE_PREFIX_PATH=/home/duy/cocarry_ws/install/kinect2_bridge:/home/duy/cocarry_ws/install/kinect2_registration:/opt/ros/humble LD_LIBRARY_PATH=/home/duy/cocarry_ws/install/kinect2_registration/lib:${LD_LIBRARY_PATH} /usr/bin/cmake /home/duy/cocarry_ws/src/kinect2_ros2/kinect2_calibration -DAMENT_CMAKE_SYMLINK_INSTALL=1 -DCMAKE_INSTALL_PREFIX=/home/duy/cocarry_ws/install/kinect2_calibration
[0.093s] -- The C compiler identification is GNU 11.4.0
[0.185s] -- The CXX compiler identification is GNU 11.4.0
[0.195s] -- Detecting C compiler ABI info
[0.299s] -- Detecting C compiler ABI info - done
[0.308s] -- Check for working C compiler: /usr/bin/cc - skipped
[0.309s] -- Detecting C compile features
[0.309s] -- Detecting C compile features - done
[0.313s] -- Detecting CXX compiler ABI info
[0.436s] -- Detecting CXX compiler ABI info - done
[0.450s] -- Check for working CXX compiler: /usr/bin/c++ - skipped
[0.451s] -- Detecting CXX compile features
[0.451s] -- Detecting CXX compile features - done
[0.454s] -- Found ament_cmake: 1.3.14 (/opt/ros/humble/share/ament_cmake/cmake)
[0.664s] -- Found Python3: /usr/bin/python3 (found version "3.10.12") found components: Interpreter 
[0.743s] -- Override CMake install command with custom implementation using symlinks instead of copying resources
[0.780s] -- Found rclcpp: 16.0.19 (/opt/ros/humble/share/rclcpp/cmake)
[0.835s] -- Found rosidl_generator_c: 3.1.8 (/opt/ros/humble/share/rosidl_generator_c/cmake)
[0.841s] -- Found rosidl_adapter: 3.1.8 (/opt/ros/humble/share/rosidl_adapter/cmake)
[0.852s] -- Found rosidl_generator_cpp: 3.1.8 (/opt/ros/humble/share/rosidl_generator_cpp/cmake)
[0.867s] -- Using all available rosidl_typesupport_c: rosidl_typesupport_fastrtps_c;rosidl_typesupport_introspection_c
[0.889s] -- Using all available rosidl_typesupport_cpp: rosidl_typesupport_fastrtps_cpp;rosidl_typesupport_introspection_cpp
[0.955s] -- Found rmw_implementation_cmake: 6.1.2 (/opt/ros/humble/share/rmw_implementation_cmake/cmake)
[0.958s] -- Found rmw_fastrtps_cpp: 6.2.10 (/opt/ros/humble/share/rmw_fastrtps_cpp/cmake)
[1.080s] -- Found OpenSSL: /usr/lib/x86_64-linux-gnu/libcrypto.so (found version "3.0.2")  
[1.124s] -- Found FastRTPS: /opt/ros/humble/include  
[1.186s] -- Using RMW implementation 'rmw_fastrtps_cpp' as default
[1.196s] -- Looking for pthread.h
[1.297s] -- Looking for pthread.h - found
[1.297s] -- Performing Test CMAKE_HAVE_LIBC_PTHREAD
[1.406s] -- Performing Test CMAKE_HAVE_LIBC_PTHREAD - Success
[1.408s] -- Found Threads: TRUE  
[1.479s] -- Found OpenCV: /usr (found version "4.5.4") 
[1.483s] -- Found cv_bridge: 3.2.1 (/opt/ros/humble/share/cv_bridge/cmake)
[1.526s] -- Found message_filters: 4.3.15 (/opt/ros/humble/share/message_filters/cmake)
[1.532s] -- Found image_transport: 3.1.12 (/opt/ros/humble/share/image_transport/cmake)
[1.569s] -- Found compressed_image_transport: 2.5.4 (/opt/ros/humble/share/compressed_image_transport/cmake)
[1.571s] -- Found compressed_depth_image_transport: 2.5.4 (/opt/ros/humble/share/compressed_depth_image_transport/cmake)
[1.571s] -- Found kinect2_bridge: 0.0.0 (/home/duy/cocarry_ws/install/kinect2_bridge/share/kinect2_bridge/cmake)
[1.573s] -- Found kinect2_registration: 0.0.0 (/home/duy/cocarry_ws/install/kinect2_registration/share/kinect2_registration/cmake)
[1.950s] -- Found OpenMP_C: -fopenmp (found version "4.5") 
[2.068s] -- Found OpenMP_CXX: -fopenmp (found version "4.5") 
[2.069s] -- Found OpenMP: TRUE (found version "4.5")  
[2.073s] -- Found ament_lint_auto: 0.12.15 (/opt/ros/humble/share/ament_lint_auto/cmake)
[2.187s] -- Added test 'cppcheck' to perform static code analysis on C / C++ code
[2.187s] -- Configured cppcheck include dirs: /home/duy/cocarry_ws/src/kinect2_ros2/kinect2_calibration/include
[2.187s] -- Configured cppcheck exclude dirs and/or files: 
[2.187s] -- Added test 'flake8' to check Python code syntax and style conventions
[2.188s] -- Added test 'lint_cmake' to check CMake code style
[2.189s] -- Added test 'pep257' to check Python code against some of the docstring style conventions in PEP 257
[2.190s] -- Added test 'uncrustify' to check C / C++ code style
[2.190s] -- Configured uncrustify additional arguments: 
[2.190s] -- Added test 'xmllint' to check XML markup files
[2.192s] -- Configuring done
[2.206s] -- Generating done
[2.211s] -- Build files have been written to: /home/duy/cocarry_ws/build/kinect2_calibration
[2.224s] Invoked command in '/home/duy/cocarry_ws/build/kinect2_calibration' returned '0': AMENT_PREFIX_PATH=/home/duy/cocarry_ws/install/kinect2_bridge:/home/duy/cocarry_ws/install/kinect2_registration:${AMENT_PREFIX_PATH} CMAKE_PREFIX_PATH=/home/duy/cocarry_ws/install/kinect2_bridge:/home/duy/cocarry_ws/install/kinect2_registration:/opt/ros/humble LD_LIBRARY_PATH=/home/duy/cocarry_ws/install/kinect2_registration/lib:${LD_LIBRARY_PATH} /usr/bin/cmake /home/duy/cocarry_ws/src/kinect2_ros2/kinect2_calibration -DAMENT_CMAKE_SYMLINK_INSTALL=1 -DCMAKE_INSTALL_PREFIX=/home/duy/cocarry_ws/install/kinect2_calibration
[2.225s] Invoking command in '/home/duy/cocarry_ws/build/kinect2_calibration': AMENT_PREFIX_PATH=/home/duy/cocarry_ws/install/kinect2_bridge:/home/duy/cocarry_ws/install/kinect2_registration:${AMENT_PREFIX_PATH} CMAKE_PREFIX_PATH=/home/duy/cocarry_ws/install/kinect2_bridge:/home/duy/cocarry_ws/install/kinect2_registration:/opt/ros/humble LD_LIBRARY_PATH=/home/duy/cocarry_ws/install/kinect2_registration/lib:${LD_LIBRARY_PATH} /usr/bin/cmake --build /home/duy/cocarry_ws/build/kinect2_calibration -- -j16 -l16
[2.298s] [ 50%] Building CXX object CMakeFiles/kinect2_calibration_node.dir/src/kinect2_calibration.cpp.o
[2.661s] /home/duy/cocarry_ws/src/kinect2_ros2/kinect2_calibration/src/kinect2_calibration.cpp:195: warning: ignoring ‘#pragma omp parallel’ [-Wunknown-pragmas]
[2.661s]   195 | #pragma omp parallel for
[2.661s]       | 
[2.662s] /home/duy/cocarry_ws/src/kinect2_ros2/kinect2_calibration/src/kinect2_calibration.cpp:658: warning: ignoring ‘#pragma omp parallel’ [-Wunknown-pragmas]
[2.662s]   658 | #pragma omp parallel for
[2.662s]       | 
[2.662s] /home/duy/cocarry_ws/src/kinect2_ros2/kinect2_calibration/src/kinect2_calibration.cpp:663: warning: ignoring ‘#pragma omp critical’ [-Wunknown-pragmas]
[2.662s]   663 | #pragma omp critical
[2.662s]       | 
[2.662s] /home/duy/cocarry_ws/src/kinect2_ros2/kinect2_calibration/src/kinect2_calibration.cpp:669: warning: ignoring ‘#pragma omp critical’ [-Wunknown-pragmas]
[2.663s]   669 | #pragma omp critical
[2.663s]       | 
[2.664s] /home/duy/cocarry_ws/src/kinect2_ros2/kinect2_calibration/src/kinect2_calibration.cpp:1162: warning: ignoring ‘#pragma omp parallel’ [-Wunknown-pragmas]
[2.664s]  1162 | #pragma omp parallel for
[2.664s]       | 
[2.664s] /home/duy/cocarry_ws/src/kinect2_ros2/kinect2_calibration/src/kinect2_calibration.cpp:1167: warning: ignoring ‘#pragma omp critical’ [-Wunknown-pragmas]
[2.664s]  1167 | #pragma omp critical
[2.664s]       | 
[2.664s] /home/duy/cocarry_ws/src/kinect2_ros2/kinect2_calibration/src/kinect2_calibration.cpp:1173: warning: ignoring ‘#pragma omp critical’ [-Wunknown-pragmas]
[2.664s]  1173 | #pragma omp critical
[2.664s]       | 
[8.936s] [100%] Linking CXX executable kinect2_calibration_node
[9.456s] [100%] Built target kinect2_calibration_node
[9.469s] Invoked command in '/home/duy/cocarry_ws/build/kinect2_calibration' returned '0': AMENT_PREFIX_PATH=/home/duy/cocarry_ws/install/kinect2_bridge:/home/duy/cocarry_ws/install/kinect2_registration:${AMENT_PREFIX_PATH} CMAKE_PREFIX_PATH=/home/duy/cocarry_ws/install/kinect2_bridge:/home/duy/cocarry_ws/install/kinect2_registration:/opt/ros/humble LD_LIBRARY_PATH=/home/duy/cocarry_ws/install/kinect2_registration/lib:${LD_LIBRARY_PATH} /usr/bin/cmake --build /home/duy/cocarry_ws/build/kinect2_calibration -- -j16 -l16
[9.471s] Invoking command in '/home/duy/cocarry_ws/build/kinect2_calibration': AMENT_PREFIX_PATH=/home/duy/cocarry_ws/install/kinect2_bridge:/home/duy/cocarry_ws/install/kinect2_registration:${AMENT_PREFIX_PATH} CMAKE_PREFIX_PATH=/home/duy/cocarry_ws/install/kinect2_bridge:/home/duy/cocarry_ws/install/kinect2_registration:/opt/ros/humble LD_LIBRARY_PATH=/home/duy/cocarry_ws/install/kinect2_registration/lib:${LD_LIBRARY_PATH} /usr/bin/cmake --install /home/duy/cocarry_ws/build/kinect2_calibration
[9.480s] -- Install configuration: ""
[9.480s] -- Execute custom install script
[9.481s] -- Symlinking: /home/duy/cocarry_ws/install/kinect2_calibration/lib/kinect2_calibration/kinect2_calibration_node
[9.494s] -- Symlinking: /home/duy/cocarry_ws/install/kinect2_calibration/share/ament_index/resource_index/package_run_dependencies/kinect2_calibration
[9.508s] -- Symlinking: /home/duy/cocarry_ws/install/kinect2_calibration/share/ament_index/resource_index/parent_prefix_path/kinect2_calibration
[9.518s] -- Symlinking: /home/duy/cocarry_ws/install/kinect2_calibration/share/kinect2_calibration/environment/ament_prefix_path.sh
[9.529s] -- Symlinking: /home/duy/cocarry_ws/install/kinect2_calibration/share/kinect2_calibration/environment/ament_prefix_path.dsv
[9.540s] -- Symlinking: /home/duy/cocarry_ws/install/kinect2_calibration/share/kinect2_calibration/environment/path.sh
[9.555s] -- Symlinking: /home/duy/cocarry_ws/install/kinect2_calibration/share/kinect2_calibration/environment/path.dsv
[9.565s] -- Symlinking: /home/duy/cocarry_ws/install/kinect2_calibration/share/kinect2_calibration/local_setup.bash
[9.579s] -- Symlinking: /home/duy/cocarry_ws/install/kinect2_calibration/share/kinect2_calibration/local_setup.sh
[9.593s] -- Symlinking: /home/duy/cocarry_ws/install/kinect2_calibration/share/kinect2_calibration/local_setup.zsh
[9.603s] -- Symlinking: /home/duy/cocarry_ws/install/kinect2_calibration/share/kinect2_calibration/local_setup.dsv
[9.612s] -- Symlinking: /home/duy/cocarry_ws/install/kinect2_calibration/share/kinect2_calibration/package.dsv
[9.622s] -- Symlinking: /home/duy/cocarry_ws/install/kinect2_calibration/share/ament_index/resource_index/packages/kinect2_calibration
[9.634s] -- Symlinking: /home/duy/cocarry_ws/install/kinect2_calibration/share/kinect2_calibration/cmake/kinect2_calibrationConfig.cmake
[9.649s] -- Symlinking: /home/duy/cocarry_ws/install/kinect2_calibration/share/kinect2_calibration/cmake/kinect2_calibrationConfig-version.cmake
[9.661s] -- Symlinking: /home/duy/cocarry_ws/install/kinect2_calibration/share/kinect2_calibration/package.xml
[9.673s] Invoked command in '/home/duy/cocarry_ws/build/kinect2_calibration' returned '0': AMENT_PREFIX_PATH=/home/duy/cocarry_ws/install/kinect2_bridge:/home/duy/cocarry_ws/install/kinect2_registration:${AMENT_PREFIX_PATH} CMAKE_PREFIX_PATH=/home/duy/cocarry_ws/install/kinect2_bridge:/home/duy/cocarry_ws/install/kinect2_registration:/opt/ros/humble LD_LIBRARY_PATH=/home/duy/cocarry_ws/install/kinect2_registration/lib:${LD_LIBRARY_PATH} /usr/bin/cmake --install /home/duy/cocarry_ws/build/kinect2_calibration
