[0.016s] Invoking command in '/home/duy/cocarry_ws/build/industrial_msgs': CMAKE_PREFIX_PATH=/opt/ros/humble /usr/bin/cmake /home/duy/cocarry_ws/src/ros-industrial/industrial_core_ros2_msgs_only/industrial_msgs -DAMENT_CMAKE_SYMLINK_INSTALL=1 -DCMAKE_INSTALL_PREFIX=/home/duy/cocarry_ws/install/industrial_msgs
[0.030s] -- Found ament_cmake: 1.3.14 (/opt/ros/humble/share/ament_cmake/cmake)
[0.242s] -- Override CMake install command with custom implementation using symlinks instead of copying resources
[0.254s] -- Found rosidl_default_generators: 1.2.1 (/opt/ros/humble/share/rosidl_default_generators/cmake)
[0.258s] -- Using all available rosidl_typesupport_c: rosidl_typesupport_fastrtps_c;rosidl_typesupport_introspection_c
[0.264s] -- Found rosidl_adapter: 3.1.8 (/opt/ros/humble/share/rosidl_adapter/cmake)
[0.320s] -- Using all available rosidl_typesupport_cpp: rosidl_typesupport_fastrtps_cpp;rosidl_typesupport_introspection_cpp
[0.375s] -- Found std_msgs: 4.9.1 (/opt/ros/humble/share/std_msgs/cmake)
[0.942s] -- Found ament_cmake_cppcheck: 0.12.15 (/opt/ros/humble/share/ament_cmake_cppcheck/cmake)
[0.943s] -- Found ament_cmake_cpplint: 0.12.15 (/opt/ros/humble/share/ament_cmake_cpplint/cmake)
[0.944s] -- Found ament_cmake_uncrustify: 0.12.15 (/opt/ros/humble/share/ament_cmake_uncrustify/cmake)
[0.946s] -- Found ament_cmake_ros: 0.10.0 (/opt/ros/humble/share/ament_cmake_ros/cmake)
[1.244s] -- Using all available rosidl_typesupport_c: rosidl_typesupport_fastrtps_c;rosidl_typesupport_introspection_c
[1.790s] -- Using all available rosidl_typesupport_cpp: rosidl_typesupport_fastrtps_cpp;rosidl_typesupport_introspection_cpp
[1.852s] -- Found python_cmake_module: 0.10.0 (/opt/ros/humble/share/python_cmake_module/cmake)
[1.898s] -- Using PYTHON_EXECUTABLE: /usr/bin/python3
[1.899s] -- Using PYTHON_INCLUDE_DIRS: /usr/include/python3.10
[1.899s] -- Using PYTHON_LIBRARIES: /usr/lib/x86_64-linux-gnu/libpython3.10.so
[1.981s] -- Found ament_cmake_flake8: 0.12.15 (/opt/ros/humble/share/ament_cmake_flake8/cmake)
[1.983s] -- Found ament_cmake_pep257: 0.12.15 (/opt/ros/humble/share/ament_cmake_pep257/cmake)
[2.173s] -- Found ament_lint_auto: 0.12.15 (/opt/ros/humble/share/ament_lint_auto/cmake)
[2.188s] -- Added test 'copyright' to check source files copyright and LICENSE
[2.188s] -- Added test 'lint_cmake' to check CMake code style
[2.189s] -- Added test 'xmllint' to check XML markup files
[2.193s] -- Configuring done
[2.256s] -- Generating done
[2.279s] -- Build files have been written to: /home/duy/cocarry_ws/build/industrial_msgs
[2.291s] Invoked command in '/home/duy/cocarry_ws/build/industrial_msgs' returned '0': CMAKE_PREFIX_PATH=/opt/ros/humble /usr/bin/cmake /home/duy/cocarry_ws/src/ros-industrial/industrial_core_ros2_msgs_only/industrial_msgs -DAMENT_CMAKE_SYMLINK_INSTALL=1 -DCMAKE_INSTALL_PREFIX=/home/duy/cocarry_ws/install/industrial_msgs
[2.295s] Invoking command in '/home/duy/cocarry_ws/build/industrial_msgs': CMAKE_PREFIX_PATH=/opt/ros/humble /usr/bin/cmake --build /home/duy/cocarry_ws/build/industrial_msgs -- -j16 -l16
[2.400s] [35m[1mConsolidate compiler generated dependencies of target industrial_msgs__rosidl_generator_c[0m
[2.417s] [  1%] Built target industrial_msgs__rs
[2.420s] [  2%] Built target industrial_msgs__cpp
[2.424s] [  5%] [32mBuilding C object CMakeFiles/industrial_msgs__rosidl_generator_c.dir/rosidl_generator_c/industrial_msgs/msg/detail/debug_level__functions.c.o[0m
[2.424s] [  5%] [32mBuilding C object CMakeFiles/industrial_msgs__rosidl_generator_c.dir/rosidl_generator_c/industrial_msgs/msg/detail/robot_mode__functions.c.o[0m
[2.428s] [  6%] [32mBuilding C object CMakeFiles/industrial_msgs__rosidl_generator_c.dir/rosidl_generator_c/industrial_msgs/msg/detail/device_info__functions.c.o[0m
[2.434s] [  8%] [32mBuilding C object CMakeFiles/industrial_msgs__rosidl_generator_c.dir/rosidl_generator_c/industrial_msgs/msg/detail/robot_status__functions.c.o[0m
[2.438s] [  9%] [32mBuilding C object CMakeFiles/industrial_msgs__rosidl_generator_c.dir/rosidl_generator_c/industrial_msgs/msg/detail/service_return_code__functions.c.o[0m
[2.448s] [ 11%] [32mBuilding C object CMakeFiles/industrial_msgs__rosidl_generator_c.dir/rosidl_generator_c/industrial_msgs/msg/detail/tri_state__functions.c.o[0m
[2.454s] [35m[1mConsolidate compiler generated dependencies of target industrial_msgs__rosidl_typesupport_introspection_cpp[0m
[2.455s] [35m[1mConsolidate compiler generated dependencies of target industrial_msgs__rosidl_typesupport_fastrtps_cpp[0m
[2.465s] [35m[1mConsolidate compiler generated dependencies of target industrial_msgs__rosidl_typesupport_cpp[0m
[2.468s] [ 11%] Built target ament_cmake_python_symlink_industrial_msgs
[2.494s] [ 22%] Built target industrial_msgs__rosidl_typesupport_introspection_cpp
[2.517s] [ 33%] Built target industrial_msgs__rosidl_typesupport_cpp
[2.519s] [ 34%] [32mBuilding CXX object CMakeFiles/industrial_msgs__rosidl_typesupport_fastrtps_cpp.dir/rosidl_typesupport_fastrtps_cpp/industrial_msgs/msg/detail/dds_fastrtps/robot_status__type_support.cpp.o[0m
[2.525s] [ 36%] [32mBuilding CXX object CMakeFiles/industrial_msgs__rosidl_typesupport_fastrtps_cpp.dir/rosidl_typesupport_fastrtps_cpp/industrial_msgs/msg/detail/dds_fastrtps/robot_mode__type_support.cpp.o[0m
[2.532s] [ 37%] [32mBuilding CXX object CMakeFiles/industrial_msgs__rosidl_typesupport_fastrtps_cpp.dir/rosidl_typesupport_fastrtps_cpp/industrial_msgs/msg/detail/dds_fastrtps/service_return_code__type_support.cpp.o[0m
[2.544s] [ 38%] [32mBuilding CXX object CMakeFiles/industrial_msgs__rosidl_typesupport_fastrtps_cpp.dir/rosidl_typesupport_fastrtps_cpp/industrial_msgs/msg/detail/dds_fastrtps/tri_state__type_support.cpp.o[0m
[2.549s] [ 40%] [32mBuilding CXX object CMakeFiles/industrial_msgs__rosidl_typesupport_fastrtps_cpp.dir/rosidl_typesupport_fastrtps_cpp/industrial_msgs/msg/detail/dds_fastrtps/debug_level__type_support.cpp.o[0m
[2.552s] [ 41%] [32mBuilding CXX object CMakeFiles/industrial_msgs__rosidl_typesupport_fastrtps_cpp.dir/rosidl_typesupport_fastrtps_cpp/industrial_msgs/msg/detail/dds_fastrtps/device_info__type_support.cpp.o[0m
[2.726s] [ 43%] [32m[1mLinking C shared library libindustrial_msgs__rosidl_generator_c.so[0m
[2.846s] [ 44%] Built target industrial_msgs__rosidl_generator_c
[2.929s] [35m[1mConsolidate compiler generated dependencies of target industrial_msgs__rosidl_typesupport_introspection_c[0m
[2.937s] [35m[1mConsolidate compiler generated dependencies of target industrial_msgs__rosidl_typesupport_c[0m
[2.938s] [35m[1mConsolidate compiler generated dependencies of target industrial_msgs__rosidl_typesupport_fastrtps_c[0m
[3.002s] [ 45%] [32mBuilding CXX object CMakeFiles/industrial_msgs__rosidl_typesupport_c.dir/rosidl_typesupport_c/industrial_msgs/msg/debug_level__type_support.cpp.o[0m
[3.010s] [ 47%] [32mBuilding C object CMakeFiles/industrial_msgs__rosidl_typesupport_introspection_c.dir/rosidl_typesupport_introspection_c/industrial_msgs/msg/detail/debug_level__type_support.c.o[0m
[3.024s] [ 48%] [32mBuilding C object CMakeFiles/industrial_msgs__rosidl_typesupport_introspection_c.dir/rosidl_typesupport_introspection_c/industrial_msgs/msg/detail/robot_mode__type_support.c.o[0m
[3.027s] [ 50%] [32mBuilding C object CMakeFiles/industrial_msgs__rosidl_typesupport_introspection_c.dir/rosidl_typesupport_introspection_c/industrial_msgs/msg/detail/device_info__type_support.c.o[0m
[3.058s] [ 51%] [32mBuilding C object CMakeFiles/industrial_msgs__rosidl_typesupport_introspection_c.dir/rosidl_typesupport_introspection_c/industrial_msgs/msg/detail/robot_status__type_support.c.o[0m
[3.062s] [ 52%] [32mBuilding CXX object CMakeFiles/industrial_msgs__rosidl_typesupport_c.dir/rosidl_typesupport_c/industrial_msgs/msg/device_info__type_support.cpp.o[0m
[3.063s] [ 54%] [32mBuilding CXX object CMakeFiles/industrial_msgs__rosidl_typesupport_fastrtps_c.dir/rosidl_typesupport_fastrtps_c/industrial_msgs/msg/detail/debug_level__type_support_c.cpp.o[0m
[3.063s] [ 55%] [32mBuilding C object CMakeFiles/industrial_msgs__rosidl_typesupport_introspection_c.dir/rosidl_typesupport_introspection_c/industrial_msgs/msg/detail/service_return_code__type_support.c.o[0m
[3.073s] [ 56%] [32mBuilding CXX object CMakeFiles/industrial_msgs__rosidl_typesupport_c.dir/rosidl_typesupport_c/industrial_msgs/msg/robot_mode__type_support.cpp.o[0m
[3.201s] [ 58%] [32mBuilding C object CMakeFiles/industrial_msgs__rosidl_typesupport_introspection_c.dir/rosidl_typesupport_introspection_c/industrial_msgs/msg/detail/tri_state__type_support.c.o[0m
[3.227s] [ 59%] [32mBuilding CXX object CMakeFiles/industrial_msgs__rosidl_typesupport_c.dir/rosidl_typesupport_c/industrial_msgs/msg/robot_status__type_support.cpp.o[0m
[3.308s] [ 61%] [32mBuilding CXX object CMakeFiles/industrial_msgs__rosidl_typesupport_c.dir/rosidl_typesupport_c/industrial_msgs/msg/service_return_code__type_support.cpp.o[0m
[3.329s] [ 62%] [32mBuilding CXX object CMakeFiles/industrial_msgs__rosidl_typesupport_fastrtps_c.dir/rosidl_typesupport_fastrtps_c/industrial_msgs/msg/detail/device_info__type_support_c.cpp.o[0m
[3.384s] [ 63%] [32mBuilding CXX object CMakeFiles/industrial_msgs__rosidl_typesupport_c.dir/rosidl_typesupport_c/industrial_msgs/msg/tri_state__type_support.cpp.o[0m
[3.402s] [ 65%] [32mBuilding CXX object CMakeFiles/industrial_msgs__rosidl_typesupport_fastrtps_c.dir/rosidl_typesupport_fastrtps_c/industrial_msgs/msg/detail/service_return_code__type_support_c.cpp.o[0m
[3.413s] [ 66%] [32mBuilding CXX object CMakeFiles/industrial_msgs__rosidl_typesupport_fastrtps_c.dir/rosidl_typesupport_fastrtps_c/industrial_msgs/msg/detail/robot_mode__type_support_c.cpp.o[0m
[3.457s] [ 68%] [32mBuilding CXX object CMakeFiles/industrial_msgs__rosidl_typesupport_fastrtps_c.dir/rosidl_typesupport_fastrtps_c/industrial_msgs/msg/detail/robot_status__type_support_c.cpp.o[0m
[3.496s] [ 69%] [32m[1mLinking C shared library libindustrial_msgs__rosidl_typesupport_introspection_c.so[0m
[3.639s] [ 70%] [32mBuilding CXX object CMakeFiles/industrial_msgs__rosidl_typesupport_fastrtps_c.dir/rosidl_typesupport_fastrtps_c/industrial_msgs/msg/detail/tri_state__type_support_c.cpp.o[0m
[3.727s] [ 72%] [32m[1mLinking CXX shared library libindustrial_msgs__rosidl_typesupport_c.so[0m
[3.860s] [ 73%] Built target industrial_msgs__rosidl_typesupport_introspection_c
[4.136s] [ 75%] Built target industrial_msgs__rosidl_typesupport_c
[5.077s] running egg_info
[5.081s] writing industrial_msgs.egg-info/PKG-INFO
[5.083s] writing dependency_links to industrial_msgs.egg-info/dependency_links.txt
[5.084s] writing top-level names to industrial_msgs.egg-info/top_level.txt
[5.120s] reading manifest file 'industrial_msgs.egg-info/SOURCES.txt'
[5.156s] writing manifest file 'industrial_msgs.egg-info/SOURCES.txt'
[5.581s] [ 75%] Built target ament_cmake_python_build_industrial_msgs_egg
[6.423s] [ 76%] [32m[1mLinking CXX shared library libindustrial_msgs__rosidl_typesupport_fastrtps_cpp.so[0m
[6.825s] [ 77%] [32m[1mLinking CXX shared library libindustrial_msgs__rosidl_typesupport_fastrtps_c.so[0m
[7.032s] [ 79%] Built target industrial_msgs__rosidl_typesupport_fastrtps_cpp
[7.318s] [ 80%] Built target industrial_msgs__rosidl_typesupport_fastrtps_c
[7.533s] [ 80%] Built target industrial_msgs
[7.744s] [ 81%] Built target industrial_msgs__py
[7.818s] [35m[1mConsolidate compiler generated dependencies of target industrial_msgs__rosidl_generator_py[0m
[7.992s] [ 84%] [32mBuilding C object CMakeFiles/industrial_msgs__rosidl_generator_py.dir/rosidl_generator_py/industrial_msgs/msg/_device_info_s.c.o[0m
[8.004s] [ 84%] [32mBuilding C object CMakeFiles/industrial_msgs__rosidl_generator_py.dir/rosidl_generator_py/industrial_msgs/msg/_debug_level_s.c.o[0m
[8.043s] [ 86%] [32mBuilding C object CMakeFiles/industrial_msgs__rosidl_generator_py.dir/rosidl_generator_py/industrial_msgs/msg/_robot_mode_s.c.o[0m
[8.054s] [ 87%] [32mBuilding C object CMakeFiles/industrial_msgs__rosidl_generator_py.dir/rosidl_generator_py/industrial_msgs/msg/_robot_status_s.c.o[0m
[8.061s] [ 88%] [32mBuilding C object CMakeFiles/industrial_msgs__rosidl_generator_py.dir/rosidl_generator_py/industrial_msgs/msg/_tri_state_s.c.o[0m
[8.066s] [ 90%] [32mBuilding C object CMakeFiles/industrial_msgs__rosidl_generator_py.dir/rosidl_generator_py/industrial_msgs/msg/_service_return_code_s.c.o[0m
[9.261s] [ 91%] [32m[1mLinking C shared library rosidl_generator_py/industrial_msgs/libindustrial_msgs__rosidl_generator_py.so[0m
[9.557s] [ 91%] Built target industrial_msgs__rosidl_generator_py
[9.610s] [35m[1mConsolidate compiler generated dependencies of target industrial_msgs__rosidl_typesupport_introspection_c__pyext[0m
[9.629s] [35m[1mConsolidate compiler generated dependencies of target industrial_msgs__rosidl_typesupport_c__pyext[0m
[9.671s] [35m[1mConsolidate compiler generated dependencies of target industrial_msgs__rosidl_typesupport_fastrtps_c__pyext[0m
[9.686s] [ 93%] [32mBuilding C object CMakeFiles/industrial_msgs__rosidl_typesupport_introspection_c__pyext.dir/rosidl_generator_py/industrial_msgs/_industrial_msgs_s.ep.rosidl_typesupport_introspection_c.c.o[0m
[9.741s] [ 94%] [32mBuilding C object CMakeFiles/industrial_msgs__rosidl_typesupport_c__pyext.dir/rosidl_generator_py/industrial_msgs/_industrial_msgs_s.ep.rosidl_typesupport_c.c.o[0m
[9.769s] [ 95%] [32mBuilding C object CMakeFiles/industrial_msgs__rosidl_typesupport_fastrtps_c__pyext.dir/rosidl_generator_py/industrial_msgs/_industrial_msgs_s.ep.rosidl_typesupport_fastrtps_c.c.o[0m
[10.358s] [ 97%] [32m[1mLinking C shared library rosidl_generator_py/industrial_msgs/industrial_msgs_s__rosidl_typesupport_introspection_c.cpython-310-x86_64-linux-gnu.so[0m
[10.468s] [ 98%] [32m[1mLinking C shared library rosidl_generator_py/industrial_msgs/industrial_msgs_s__rosidl_typesupport_fastrtps_c.cpython-310-x86_64-linux-gnu.so[0m
[10.578s] [100%] [32m[1mLinking C shared library rosidl_generator_py/industrial_msgs/industrial_msgs_s__rosidl_typesupport_c.cpython-310-x86_64-linux-gnu.so[0m
[10.728s] [100%] Built target industrial_msgs__rosidl_typesupport_introspection_c__pyext
[10.844s] [100%] Built target industrial_msgs__rosidl_typesupport_fastrtps_c__pyext
[10.854s] [100%] Built target industrial_msgs__rosidl_typesupport_c__pyext
[10.969s] Invoked command in '/home/duy/cocarry_ws/build/industrial_msgs' returned '0': CMAKE_PREFIX_PATH=/opt/ros/humble /usr/bin/cmake --build /home/duy/cocarry_ws/build/industrial_msgs -- -j16 -l16
[10.970s] Invoking command in '/home/duy/cocarry_ws/build/industrial_msgs': CMAKE_PREFIX_PATH=/opt/ros/humble /usr/bin/cmake --install /home/duy/cocarry_ws/build/industrial_msgs
[11.048s] -- Install configuration: ""
[11.056s] -- Execute custom install script
[11.062s] -- Up-to-date symlink: /home/duy/cocarry_ws/install/industrial_msgs/share/ament_index/resource_index/rosidl_interfaces/industrial_msgs
[11.065s] -- Up-to-date symlink: /home/duy/cocarry_ws/install/industrial_msgs/include/industrial_msgs/industrial_msgs/msg/debug_level.h
[11.066s] -- Up-to-date symlink: /home/duy/cocarry_ws/install/industrial_msgs/include/industrial_msgs/industrial_msgs/msg/detail/debug_level__functions.h
[11.074s] -- Up-to-date symlink: /home/duy/cocarry_ws/install/industrial_msgs/include/industrial_msgs/industrial_msgs/msg/detail/debug_level__struct.h
[11.077s] -- Up-to-date symlink: /home/duy/cocarry_ws/install/industrial_msgs/include/industrial_msgs/industrial_msgs/msg/detail/debug_level__type_support.h
[11.077s] -- Up-to-date symlink: /home/duy/cocarry_ws/install/industrial_msgs/include/industrial_msgs/industrial_msgs/msg/detail/device_info__functions.h
[11.078s] -- Up-to-date symlink: /home/duy/cocarry_ws/install/industrial_msgs/include/industrial_msgs/industrial_msgs/msg/detail/device_info__struct.h
[11.078s] -- Up-to-date symlink: /home/duy/cocarry_ws/install/industrial_msgs/include/industrial_msgs/industrial_msgs/msg/detail/device_info__type_support.h
[11.080s] -- Up-to-date symlink: /home/duy/cocarry_ws/install/industrial_msgs/include/industrial_msgs/industrial_msgs/msg/detail/robot_mode__functions.h
[11.080s] -- Up-to-date symlink: /home/duy/cocarry_ws/install/industrial_msgs/include/industrial_msgs/industrial_msgs/msg/detail/robot_mode__struct.h
[11.082s] -- Up-to-date symlink: /home/duy/cocarry_ws/install/industrial_msgs/include/industrial_msgs/industrial_msgs/msg/detail/robot_mode__type_support.h
[11.085s] -- Up-to-date symlink: /home/duy/cocarry_ws/install/industrial_msgs/include/industrial_msgs/industrial_msgs/msg/detail/robot_status__functions.h
[11.086s] -- Up-to-date symlink: /home/duy/cocarry_ws/install/industrial_msgs/include/industrial_msgs/industrial_msgs/msg/detail/robot_status__struct.h
[11.086s] -- Up-to-date symlink: /home/duy/cocarry_ws/install/industrial_msgs/include/industrial_msgs/industrial_msgs/msg/detail/robot_status__type_support.h
[11.087s] -- Up-to-date symlink: /home/duy/cocarry_ws/install/industrial_msgs/include/industrial_msgs/industrial_msgs/msg/detail/service_return_code__functions.h
[11.087s] -- Up-to-date symlink: /home/duy/cocarry_ws/install/industrial_msgs/include/industrial_msgs/industrial_msgs/msg/detail/service_return_code__struct.h
[11.087s] -- Up-to-date symlink: /home/duy/cocarry_ws/install/industrial_msgs/include/industrial_msgs/industrial_msgs/msg/detail/service_return_code__type_support.h
[11.088s] -- Up-to-date symlink: /home/duy/cocarry_ws/install/industrial_msgs/include/industrial_msgs/industrial_msgs/msg/detail/tri_state__functions.h
[11.088s] -- Up-to-date symlink: /home/duy/cocarry_ws/install/industrial_msgs/include/industrial_msgs/industrial_msgs/msg/detail/tri_state__struct.h
[11.088s] -- Up-to-date symlink: /home/duy/cocarry_ws/install/industrial_msgs/include/industrial_msgs/industrial_msgs/msg/detail/tri_state__type_support.h
[11.088s] -- Up-to-date symlink: /home/duy/cocarry_ws/install/industrial_msgs/include/industrial_msgs/industrial_msgs/msg/device_info.h
[11.093s] -- Up-to-date symlink: /home/duy/cocarry_ws/install/industrial_msgs/include/industrial_msgs/industrial_msgs/msg/robot_mode.h
[11.097s] -- Up-to-date symlink: /home/duy/cocarry_ws/install/industrial_msgs/include/industrial_msgs/industrial_msgs/msg/robot_status.h
[11.100s] -- Up-to-date symlink: /home/duy/cocarry_ws/install/industrial_msgs/include/industrial_msgs/industrial_msgs/msg/rosidl_generator_c__visibility_control.h
[11.102s] -- Up-to-date symlink: /home/duy/cocarry_ws/install/industrial_msgs/include/industrial_msgs/industrial_msgs/msg/service_return_code.h
[11.103s] -- Up-to-date symlink: /home/duy/cocarry_ws/install/industrial_msgs/include/industrial_msgs/industrial_msgs/msg/tri_state.h
[11.104s] -- Up-to-date symlink: /home/duy/cocarry_ws/install/industrial_msgs/share/industrial_msgs/environment/library_path.sh
[11.104s] -- Up-to-date symlink: /home/duy/cocarry_ws/install/industrial_msgs/share/industrial_msgs/environment/library_path.dsv
[11.114s] -- Up-to-date symlink: /home/duy/cocarry_ws/install/industrial_msgs/include/industrial_msgs/industrial_msgs/msg/detail/debug_level__rosidl_typesupport_fastrtps_c.h
[11.114s] -- Up-to-date symlink: /home/duy/cocarry_ws/install/industrial_msgs/include/industrial_msgs/industrial_msgs/msg/detail/device_info__rosidl_typesupport_fastrtps_c.h
[11.117s] -- Up-to-date symlink: /home/duy/cocarry_ws/install/industrial_msgs/include/industrial_msgs/industrial_msgs/msg/detail/robot_mode__rosidl_typesupport_fastrtps_c.h
[11.118s] -- Up-to-date symlink: /home/duy/cocarry_ws/install/industrial_msgs/include/industrial_msgs/industrial_msgs/msg/detail/robot_status__rosidl_typesupport_fastrtps_c.h
[11.118s] -- Up-to-date symlink: /home/duy/cocarry_ws/install/industrial_msgs/include/industrial_msgs/industrial_msgs/msg/detail/service_return_code__rosidl_typesupport_fastrtps_c.h
[11.128s] -- Up-to-date symlink: /home/duy/cocarry_ws/install/industrial_msgs/include/industrial_msgs/industrial_msgs/msg/detail/tri_state__rosidl_typesupport_fastrtps_c.h
[11.128s] -- Up-to-date symlink: /home/duy/cocarry_ws/install/industrial_msgs/include/industrial_msgs/industrial_msgs/msg/rosidl_typesupport_fastrtps_c__visibility_control.h
[11.128s] -- Up-to-date symlink: /home/duy/cocarry_ws/install/industrial_msgs/include/industrial_msgs/industrial_msgs/msg/detail/debug_level__rosidl_typesupport_introspection_c.h
[11.131s] -- Up-to-date symlink: /home/duy/cocarry_ws/install/industrial_msgs/include/industrial_msgs/industrial_msgs/msg/detail/device_info__rosidl_typesupport_introspection_c.h
[11.132s] -- Up-to-date symlink: /home/duy/cocarry_ws/install/industrial_msgs/include/industrial_msgs/industrial_msgs/msg/detail/robot_mode__rosidl_typesupport_introspection_c.h
[11.133s] -- Up-to-date symlink: /home/duy/cocarry_ws/install/industrial_msgs/include/industrial_msgs/industrial_msgs/msg/detail/robot_status__rosidl_typesupport_introspection_c.h
[11.133s] -- Up-to-date symlink: /home/duy/cocarry_ws/install/industrial_msgs/include/industrial_msgs/industrial_msgs/msg/detail/service_return_code__rosidl_typesupport_introspection_c.h
[11.133s] -- Up-to-date symlink: /home/duy/cocarry_ws/install/industrial_msgs/include/industrial_msgs/industrial_msgs/msg/detail/tri_state__rosidl_typesupport_introspection_c.h
[11.138s] -- Up-to-date symlink: /home/duy/cocarry_ws/install/industrial_msgs/include/industrial_msgs/industrial_msgs/msg/rosidl_typesupport_introspection_c__visibility_control.h
[11.139s] -- Up-to-date symlink: /home/duy/cocarry_ws/install/industrial_msgs/include/industrial_msgs/industrial_msgs/msg/debug_level.hpp
[11.149s] -- Up-to-date symlink: /home/duy/cocarry_ws/install/industrial_msgs/include/industrial_msgs/industrial_msgs/msg/detail/debug_level__builder.hpp
[11.149s] -- Up-to-date symlink: /home/duy/cocarry_ws/install/industrial_msgs/include/industrial_msgs/industrial_msgs/msg/detail/debug_level__struct.hpp
[11.149s] -- Up-to-date symlink: /home/duy/cocarry_ws/install/industrial_msgs/include/industrial_msgs/industrial_msgs/msg/detail/debug_level__traits.hpp
[11.150s] -- Up-to-date symlink: /home/duy/cocarry_ws/install/industrial_msgs/include/industrial_msgs/industrial_msgs/msg/detail/debug_level__type_support.hpp
[11.150s] -- Up-to-date symlink: /home/duy/cocarry_ws/install/industrial_msgs/include/industrial_msgs/industrial_msgs/msg/detail/device_info__builder.hpp
[11.150s] -- Up-to-date symlink: /home/duy/cocarry_ws/install/industrial_msgs/include/industrial_msgs/industrial_msgs/msg/detail/device_info__struct.hpp
[11.154s] -- Up-to-date symlink: /home/duy/cocarry_ws/install/industrial_msgs/include/industrial_msgs/industrial_msgs/msg/detail/device_info__traits.hpp
[11.154s] -- Up-to-date symlink: /home/duy/cocarry_ws/install/industrial_msgs/include/industrial_msgs/industrial_msgs/msg/detail/device_info__type_support.hpp
[11.155s] -- Up-to-date symlink: /home/duy/cocarry_ws/install/industrial_msgs/include/industrial_msgs/industrial_msgs/msg/detail/robot_mode__builder.hpp
[11.159s] -- Up-to-date symlink: /home/duy/cocarry_ws/install/industrial_msgs/include/industrial_msgs/industrial_msgs/msg/detail/robot_mode__struct.hpp
[11.161s] -- Up-to-date symlink: /home/duy/cocarry_ws/install/industrial_msgs/include/industrial_msgs/industrial_msgs/msg/detail/robot_mode__traits.hpp
[11.161s] -- Up-to-date symlink: /home/duy/cocarry_ws/install/industrial_msgs/include/industrial_msgs/industrial_msgs/msg/detail/robot_mode__type_support.hpp
[11.162s] -- Up-to-date symlink: /home/duy/cocarry_ws/install/industrial_msgs/include/industrial_msgs/industrial_msgs/msg/detail/robot_status__builder.hpp
[11.162s] -- Up-to-date symlink: /home/duy/cocarry_ws/install/industrial_msgs/include/industrial_msgs/industrial_msgs/msg/detail/robot_status__struct.hpp
[11.163s] -- Up-to-date symlink: /home/duy/cocarry_ws/install/industrial_msgs/include/industrial_msgs/industrial_msgs/msg/detail/robot_status__traits.hpp
[11.163s] -- Up-to-date symlink: /home/duy/cocarry_ws/install/industrial_msgs/include/industrial_msgs/industrial_msgs/msg/detail/robot_status__type_support.hpp
[11.163s] -- Up-to-date symlink: /home/duy/cocarry_ws/install/industrial_msgs/include/industrial_msgs/industrial_msgs/msg/detail/service_return_code__builder.hpp
[11.169s] -- Up-to-date symlink: /home/duy/cocarry_ws/install/industrial_msgs/include/industrial_msgs/industrial_msgs/msg/detail/service_return_code__struct.hpp
[11.171s] -- Up-to-date symlink: /home/duy/cocarry_ws/install/industrial_msgs/include/industrial_msgs/industrial_msgs/msg/detail/service_return_code__traits.hpp
[11.172s] -- Up-to-date symlink: /home/duy/cocarry_ws/install/industrial_msgs/include/industrial_msgs/industrial_msgs/msg/detail/service_return_code__type_support.hpp
[11.172s] -- Up-to-date symlink: /home/duy/cocarry_ws/install/industrial_msgs/include/industrial_msgs/industrial_msgs/msg/detail/tri_state__builder.hpp
[11.173s] -- Up-to-date symlink: /home/duy/cocarry_ws/install/industrial_msgs/include/industrial_msgs/industrial_msgs/msg/detail/tri_state__struct.hpp
[11.175s] -- Up-to-date symlink: /home/duy/cocarry_ws/install/industrial_msgs/include/industrial_msgs/industrial_msgs/msg/detail/tri_state__traits.hpp
[11.181s] -- Up-to-date symlink: /home/duy/cocarry_ws/install/industrial_msgs/include/industrial_msgs/industrial_msgs/msg/detail/tri_state__type_support.hpp
[11.183s] -- Up-to-date symlink: /home/duy/cocarry_ws/install/industrial_msgs/include/industrial_msgs/industrial_msgs/msg/device_info.hpp
[11.184s] -- Up-to-date symlink: /home/duy/cocarry_ws/install/industrial_msgs/include/industrial_msgs/industrial_msgs/msg/robot_mode.hpp
[11.184s] -- Up-to-date symlink: /home/duy/cocarry_ws/install/industrial_msgs/include/industrial_msgs/industrial_msgs/msg/robot_status.hpp
[11.188s] -- Up-to-date symlink: /home/duy/cocarry_ws/install/industrial_msgs/include/industrial_msgs/industrial_msgs/msg/rosidl_generator_cpp__visibility_control.hpp
[11.188s] -- Up-to-date symlink: /home/duy/cocarry_ws/install/industrial_msgs/include/industrial_msgs/industrial_msgs/msg/service_return_code.hpp
[11.189s] -- Up-to-date symlink: /home/duy/cocarry_ws/install/industrial_msgs/include/industrial_msgs/industrial_msgs/msg/tri_state.hpp
[11.190s] -- Up-to-date symlink: /home/duy/cocarry_ws/install/industrial_msgs/include/industrial_msgs/industrial_msgs/msg/detail/debug_level__rosidl_typesupport_fastrtps_cpp.hpp
[11.193s] -- Up-to-date symlink: /home/duy/cocarry_ws/install/industrial_msgs/include/industrial_msgs/industrial_msgs/msg/detail/device_info__rosidl_typesupport_fastrtps_cpp.hpp
[11.199s] -- Up-to-date symlink: /home/duy/cocarry_ws/install/industrial_msgs/include/industrial_msgs/industrial_msgs/msg/detail/robot_mode__rosidl_typesupport_fastrtps_cpp.hpp
[11.201s] -- Up-to-date symlink: /home/duy/cocarry_ws/install/industrial_msgs/include/industrial_msgs/industrial_msgs/msg/detail/robot_status__rosidl_typesupport_fastrtps_cpp.hpp
[11.202s] -- Up-to-date symlink: /home/duy/cocarry_ws/install/industrial_msgs/include/industrial_msgs/industrial_msgs/msg/detail/service_return_code__rosidl_typesupport_fastrtps_cpp.hpp
[11.204s] -- Up-to-date symlink: /home/duy/cocarry_ws/install/industrial_msgs/include/industrial_msgs/industrial_msgs/msg/detail/tri_state__rosidl_typesupport_fastrtps_cpp.hpp
[11.212s] -- Up-to-date symlink: /home/duy/cocarry_ws/install/industrial_msgs/include/industrial_msgs/industrial_msgs/msg/rosidl_typesupport_fastrtps_cpp__visibility_control.h
[11.216s] -- Up-to-date symlink: /home/duy/cocarry_ws/install/industrial_msgs/include/industrial_msgs/industrial_msgs/msg/detail/debug_level__rosidl_typesupport_introspection_cpp.hpp
[11.216s] -- Up-to-date symlink: /home/duy/cocarry_ws/install/industrial_msgs/include/industrial_msgs/industrial_msgs/msg/detail/device_info__rosidl_typesupport_introspection_cpp.hpp
[11.221s] -- Up-to-date symlink: /home/duy/cocarry_ws/install/industrial_msgs/include/industrial_msgs/industrial_msgs/msg/detail/robot_mode__rosidl_typesupport_introspection_cpp.hpp
[11.221s] -- Up-to-date symlink: /home/duy/cocarry_ws/install/industrial_msgs/include/industrial_msgs/industrial_msgs/msg/detail/robot_status__rosidl_typesupport_introspection_cpp.hpp
[11.223s] -- Up-to-date symlink: /home/duy/cocarry_ws/install/industrial_msgs/include/industrial_msgs/industrial_msgs/msg/detail/service_return_code__rosidl_typesupport_introspection_cpp.hpp
[11.223s] -- Up-to-date symlink: /home/duy/cocarry_ws/install/industrial_msgs/include/industrial_msgs/industrial_msgs/msg/detail/tri_state__rosidl_typesupport_introspection_cpp.hpp
[11.224s] -- Up-to-date symlink: /home/duy/cocarry_ws/install/industrial_msgs/share/industrial_msgs/environment/pythonpath.sh
[11.224s] -- Up-to-date symlink: /home/duy/cocarry_ws/install/industrial_msgs/share/industrial_msgs/environment/pythonpath.dsv
[11.231s] -- Up-to-date symlink: /home/duy/cocarry_ws/install/industrial_msgs/local/lib/python3.10/dist-packages/industrial_msgs-0.7.3-py3.10.egg-info/PKG-INFO
[11.232s] -- Up-to-date symlink: /home/duy/cocarry_ws/install/industrial_msgs/local/lib/python3.10/dist-packages/industrial_msgs-0.7.3-py3.10.egg-info/SOURCES.txt
[11.239s] -- Up-to-date symlink: /home/duy/cocarry_ws/install/industrial_msgs/local/lib/python3.10/dist-packages/industrial_msgs-0.7.3-py3.10.egg-info/dependency_links.txt
[11.239s] -- Up-to-date symlink: /home/duy/cocarry_ws/install/industrial_msgs/local/lib/python3.10/dist-packages/industrial_msgs-0.7.3-py3.10.egg-info/top_level.txt
[11.255s] -- Up-to-date symlink: /home/duy/cocarry_ws/install/industrial_msgs/local/lib/python3.10/dist-packages/industrial_msgs/__init__.py
[11.255s] -- Up-to-date symlink: /home/duy/cocarry_ws/install/industrial_msgs/local/lib/python3.10/dist-packages/industrial_msgs/_industrial_msgs_s.ep.rosidl_typesupport_c.c
[11.255s] -- Up-to-date symlink: /home/duy/cocarry_ws/install/industrial_msgs/local/lib/python3.10/dist-packages/industrial_msgs/_industrial_msgs_s.ep.rosidl_typesupport_fastrtps_c.c
[11.256s] -- Up-to-date symlink: /home/duy/cocarry_ws/install/industrial_msgs/local/lib/python3.10/dist-packages/industrial_msgs/_industrial_msgs_s.ep.rosidl_typesupport_introspection_c.c
[11.256s] -- Up-to-date symlink: /home/duy/cocarry_ws/install/industrial_msgs/local/lib/python3.10/dist-packages/industrial_msgs/industrial_msgs_s__rosidl_typesupport_c.cpython-310-x86_64-linux-gnu.so
[11.262s] -- Up-to-date symlink: /home/duy/cocarry_ws/install/industrial_msgs/local/lib/python3.10/dist-packages/industrial_msgs/industrial_msgs_s__rosidl_typesupport_fastrtps_c.cpython-310-x86_64-linux-gnu.so
[11.263s] -- Up-to-date symlink: /home/duy/cocarry_ws/install/industrial_msgs/local/lib/python3.10/dist-packages/industrial_msgs/industrial_msgs_s__rosidl_typesupport_introspection_c.cpython-310-x86_64-linux-gnu.so
[11.264s] -- Up-to-date symlink: /home/duy/cocarry_ws/install/industrial_msgs/local/lib/python3.10/dist-packages/industrial_msgs/libindustrial_msgs__rosidl_generator_py.so
[11.264s] -- Up-to-date symlink: /home/duy/cocarry_ws/install/industrial_msgs/local/lib/python3.10/dist-packages/industrial_msgs/msg/__init__.py
[11.265s] -- Up-to-date symlink: /home/duy/cocarry_ws/install/industrial_msgs/local/lib/python3.10/dist-packages/industrial_msgs/msg/_debug_level.py
[11.265s] -- Up-to-date symlink: /home/duy/cocarry_ws/install/industrial_msgs/local/lib/python3.10/dist-packages/industrial_msgs/msg/_debug_level_s.c
[11.275s] -- Up-to-date symlink: /home/duy/cocarry_ws/install/industrial_msgs/local/lib/python3.10/dist-packages/industrial_msgs/msg/_device_info.py
[11.275s] -- Up-to-date symlink: /home/duy/cocarry_ws/install/industrial_msgs/local/lib/python3.10/dist-packages/industrial_msgs/msg/_device_info_s.c
[11.277s] -- Up-to-date symlink: /home/duy/cocarry_ws/install/industrial_msgs/local/lib/python3.10/dist-packages/industrial_msgs/msg/_robot_mode.py
[11.277s] -- Up-to-date symlink: /home/duy/cocarry_ws/install/industrial_msgs/local/lib/python3.10/dist-packages/industrial_msgs/msg/_robot_mode_s.c
[11.278s] -- Up-to-date symlink: /home/duy/cocarry_ws/install/industrial_msgs/local/lib/python3.10/dist-packages/industrial_msgs/msg/_robot_status.py
[11.301s] -- Up-to-date symlink: /home/duy/cocarry_ws/install/industrial_msgs/local/lib/python3.10/dist-packages/industrial_msgs/msg/_robot_status_s.c
[11.301s] -- Up-to-date symlink: /home/duy/cocarry_ws/install/industrial_msgs/local/lib/python3.10/dist-packages/industrial_msgs/msg/_service_return_code.py
[11.302s] -- Up-to-date symlink: /home/duy/cocarry_ws/install/industrial_msgs/local/lib/python3.10/dist-packages/industrial_msgs/msg/_service_return_code_s.c
[11.311s] -- Up-to-date symlink: /home/duy/cocarry_ws/install/industrial_msgs/local/lib/python3.10/dist-packages/industrial_msgs/msg/_tri_state.py
[11.327s] -- Up-to-date symlink: /home/duy/cocarry_ws/install/industrial_msgs/local/lib/python3.10/dist-packages/industrial_msgs/msg/_tri_state_s.c
[11.333s] -- Up-to-date symlink: /home/duy/cocarry_ws/install/industrial_msgs/local/lib/python3.10/dist-packages/industrial_msgs/industrial_msgs_s__rosidl_typesupport_fastrtps_c.cpython-310-x86_64-linux-gnu.so
[11.340s] -- Up-to-date symlink: /home/duy/cocarry_ws/install/industrial_msgs/local/lib/python3.10/dist-packages/industrial_msgs/industrial_msgs_s__rosidl_typesupport_introspection_c.cpython-310-x86_64-linux-gnu.so
[11.340s] -- Up-to-date symlink: /home/duy/cocarry_ws/install/industrial_msgs/local/lib/python3.10/dist-packages/industrial_msgs/industrial_msgs_s__rosidl_typesupport_c.cpython-310-x86_64-linux-gnu.so
[11.341s] -- Up-to-date symlink: /home/duy/cocarry_ws/install/industrial_msgs/share/ament_index/resource_index/rust_packages/industrial_msgs
[11.345s] -- Up-to-date symlink: /home/duy/cocarry_ws/install/industrial_msgs/share/industrial_msgs/rust/Cargo.toml
[11.345s] -- Up-to-date symlink: /home/duy/cocarry_ws/install/industrial_msgs/share/industrial_msgs/rust/build.rs
[11.351s] -- Up-to-date symlink: /home/duy/cocarry_ws/install/industrial_msgs/share/industrial_msgs/rust/src/lib.rs
[11.352s] -- Up-to-date symlink: /home/duy/cocarry_ws/install/industrial_msgs/share/industrial_msgs/rust/src/msg.rs
[11.352s] -- Up-to-date symlink: /home/duy/cocarry_ws/install/industrial_msgs/share/industrial_msgs/rust/src/msg/rmw.rs
[11.352s] -- Up-to-date symlink: /home/duy/cocarry_ws/install/industrial_msgs/share/industrial_msgs/msg/DebugLevel.idl
[11.353s] -- Up-to-date symlink: /home/duy/cocarry_ws/install/industrial_msgs/share/industrial_msgs/msg/DeviceInfo.idl
[11.353s] -- Up-to-date symlink: /home/duy/cocarry_ws/install/industrial_msgs/share/industrial_msgs/msg/RobotMode.idl
[11.353s] -- Up-to-date symlink: /home/duy/cocarry_ws/install/industrial_msgs/share/industrial_msgs/msg/RobotStatus.idl
[11.354s] -- Up-to-date symlink: /home/duy/cocarry_ws/install/industrial_msgs/share/industrial_msgs/msg/ServiceReturnCode.idl
[11.354s] -- Up-to-date symlink: /home/duy/cocarry_ws/install/industrial_msgs/share/industrial_msgs/msg/TriState.idl
[11.354s] -- Up-to-date symlink: /home/duy/cocarry_ws/install/industrial_msgs/share/industrial_msgs/msg/DebugLevel.msg
[11.354s] -- Up-to-date symlink: /home/duy/cocarry_ws/install/industrial_msgs/share/industrial_msgs/msg/DeviceInfo.msg
[11.355s] -- Up-to-date symlink: /home/duy/cocarry_ws/install/industrial_msgs/share/industrial_msgs/msg/RobotMode.msg
[11.355s] -- Up-to-date symlink: /home/duy/cocarry_ws/install/industrial_msgs/share/industrial_msgs/msg/RobotStatus.msg
[11.359s] -- Up-to-date symlink: /home/duy/cocarry_ws/install/industrial_msgs/share/industrial_msgs/msg/ServiceReturnCode.msg
[11.359s] -- Up-to-date symlink: /home/duy/cocarry_ws/install/industrial_msgs/share/industrial_msgs/msg/TriState.msg
[11.366s] -- Up-to-date symlink: /home/duy/cocarry_ws/install/industrial_msgs/share/ament_index/resource_index/package_run_dependencies/industrial_msgs
[11.367s] -- Up-to-date symlink: /home/duy/cocarry_ws/install/industrial_msgs/share/ament_index/resource_index/parent_prefix_path/industrial_msgs
[11.371s] -- Up-to-date symlink: /home/duy/cocarry_ws/install/industrial_msgs/share/industrial_msgs/environment/ament_prefix_path.sh
[11.375s] -- Up-to-date symlink: /home/duy/cocarry_ws/install/industrial_msgs/share/industrial_msgs/environment/ament_prefix_path.dsv
[11.375s] -- Up-to-date symlink: /home/duy/cocarry_ws/install/industrial_msgs/share/industrial_msgs/environment/path.sh
[11.376s] -- Up-to-date symlink: /home/duy/cocarry_ws/install/industrial_msgs/share/industrial_msgs/environment/path.dsv
[11.376s] -- Up-to-date symlink: /home/duy/cocarry_ws/install/industrial_msgs/share/industrial_msgs/local_setup.bash
[11.376s] -- Up-to-date symlink: /home/duy/cocarry_ws/install/industrial_msgs/share/industrial_msgs/local_setup.sh
[11.377s] -- Up-to-date symlink: /home/duy/cocarry_ws/install/industrial_msgs/share/industrial_msgs/local_setup.zsh
[11.377s] -- Up-to-date symlink: /home/duy/cocarry_ws/install/industrial_msgs/share/industrial_msgs/local_setup.dsv
[11.377s] -- Symlinking: /home/duy/cocarry_ws/install/industrial_msgs/share/industrial_msgs/package.dsv
[11.391s] -- Up-to-date symlink: /home/duy/cocarry_ws/install/industrial_msgs/share/ament_index/resource_index/packages/industrial_msgs
[11.391s] -- Up-to-date symlink: /home/duy/cocarry_ws/install/industrial_msgs/share/industrial_msgs/cmake/rosidl_cmake-extras.cmake
[11.392s] -- Up-to-date symlink: /home/duy/cocarry_ws/install/industrial_msgs/share/industrial_msgs/cmake/ament_cmake_export_dependencies-extras.cmake
[11.393s] -- Up-to-date symlink: /home/duy/cocarry_ws/install/industrial_msgs/share/industrial_msgs/cmake/ament_cmake_export_include_directories-extras.cmake
[11.394s] -- Up-to-date symlink: /home/duy/cocarry_ws/install/industrial_msgs/share/industrial_msgs/cmake/ament_cmake_export_libraries-extras.cmake
[11.395s] -- Up-to-date symlink: /home/duy/cocarry_ws/install/industrial_msgs/share/industrial_msgs/cmake/ament_cmake_export_targets-extras.cmake
[11.396s] -- Up-to-date symlink: /home/duy/cocarry_ws/install/industrial_msgs/share/industrial_msgs/cmake/rosidl_cmake_export_typesupport_targets-extras.cmake
[11.397s] -- Up-to-date symlink: /home/duy/cocarry_ws/install/industrial_msgs/share/industrial_msgs/cmake/rosidl_cmake_export_typesupport_libraries-extras.cmake
[11.399s] -- Up-to-date symlink: /home/duy/cocarry_ws/install/industrial_msgs/share/industrial_msgs/cmake/industrial_msgsConfig.cmake
[11.399s] -- Up-to-date symlink: /home/duy/cocarry_ws/install/industrial_msgs/share/industrial_msgs/cmake/industrial_msgsConfig-version.cmake
[11.400s] -- Up-to-date symlink: /home/duy/cocarry_ws/install/industrial_msgs/share/industrial_msgs/package.xml
[11.401s] -- Installing: /home/duy/cocarry_ws/install/industrial_msgs/lib/libindustrial_msgs__rosidl_generator_c.so
[11.403s] -- Set runtime path of "/home/duy/cocarry_ws/install/industrial_msgs/lib/libindustrial_msgs__rosidl_generator_c.so" to ""
[11.404s] -- Installing: /home/duy/cocarry_ws/install/industrial_msgs/lib/libindustrial_msgs__rosidl_typesupport_fastrtps_c.so
[11.406s] -- Set runtime path of "/home/duy/cocarry_ws/install/industrial_msgs/lib/libindustrial_msgs__rosidl_typesupport_fastrtps_c.so" to ""
[11.407s] -- Installing: /home/duy/cocarry_ws/install/industrial_msgs/lib/libindustrial_msgs__rosidl_typesupport_introspection_c.so
[11.408s] -- Set runtime path of "/home/duy/cocarry_ws/install/industrial_msgs/lib/libindustrial_msgs__rosidl_typesupport_introspection_c.so" to ""
[11.410s] -- Installing: /home/duy/cocarry_ws/install/industrial_msgs/lib/libindustrial_msgs__rosidl_typesupport_c.so
[11.411s] -- Set runtime path of "/home/duy/cocarry_ws/install/industrial_msgs/lib/libindustrial_msgs__rosidl_typesupport_c.so" to ""
[11.412s] -- Installing: /home/duy/cocarry_ws/install/industrial_msgs/lib/libindustrial_msgs__rosidl_typesupport_fastrtps_cpp.so
[11.413s] -- Set runtime path of "/home/duy/cocarry_ws/install/industrial_msgs/lib/libindustrial_msgs__rosidl_typesupport_fastrtps_cpp.so" to ""
[11.414s] -- Installing: /home/duy/cocarry_ws/install/industrial_msgs/lib/libindustrial_msgs__rosidl_typesupport_introspection_cpp.so
[11.414s] -- Set runtime path of "/home/duy/cocarry_ws/install/industrial_msgs/lib/libindustrial_msgs__rosidl_typesupport_introspection_cpp.so" to ""
[11.415s] -- Installing: /home/duy/cocarry_ws/install/industrial_msgs/lib/libindustrial_msgs__rosidl_typesupport_cpp.so
[11.416s] -- Set runtime path of "/home/duy/cocarry_ws/install/industrial_msgs/lib/libindustrial_msgs__rosidl_typesupport_cpp.so" to ""
[11.555s] Listing '/home/duy/cocarry_ws/install/industrial_msgs/local/lib/python3.10/dist-packages/industrial_msgs'...
[11.555s] Compiling '/home/duy/cocarry_ws/install/industrial_msgs/local/lib/python3.10/dist-packages/industrial_msgs/__init__.py'...
[11.556s] Listing '/home/duy/cocarry_ws/install/industrial_msgs/local/lib/python3.10/dist-packages/industrial_msgs/msg'...
[11.557s] Compiling '/home/duy/cocarry_ws/install/industrial_msgs/local/lib/python3.10/dist-packages/industrial_msgs/msg/__init__.py'...
[11.558s] Compiling '/home/duy/cocarry_ws/install/industrial_msgs/local/lib/python3.10/dist-packages/industrial_msgs/msg/_debug_level.py'...
[11.560s] Compiling '/home/duy/cocarry_ws/install/industrial_msgs/local/lib/python3.10/dist-packages/industrial_msgs/msg/_device_info.py'...
[11.561s] Compiling '/home/duy/cocarry_ws/install/industrial_msgs/local/lib/python3.10/dist-packages/industrial_msgs/msg/_robot_mode.py'...
[11.561s] Compiling '/home/duy/cocarry_ws/install/industrial_msgs/local/lib/python3.10/dist-packages/industrial_msgs/msg/_robot_status.py'...
[11.569s] Compiling '/home/duy/cocarry_ws/install/industrial_msgs/local/lib/python3.10/dist-packages/industrial_msgs/msg/_service_return_code.py'...
[11.569s] Compiling '/home/duy/cocarry_ws/install/industrial_msgs/local/lib/python3.10/dist-packages/industrial_msgs/msg/_tri_state.py'...
[11.592s] -- Installing: /home/duy/cocarry_ws/install/industrial_msgs/lib/libindustrial_msgs__rosidl_generator_py.so
[11.592s] -- Set runtime path of "/home/duy/cocarry_ws/install/industrial_msgs/lib/libindustrial_msgs__rosidl_generator_py.so" to ""
[11.592s] -- Installing: /home/duy/cocarry_ws/install/industrial_msgs/share/industrial_msgs/cmake/export_industrial_msgs__rosidl_generator_cExport.cmake
[11.593s] -- Installing: /home/duy/cocarry_ws/install/industrial_msgs/share/industrial_msgs/cmake/export_industrial_msgs__rosidl_generator_cExport-noconfig.cmake
[11.593s] -- Installing: /home/duy/cocarry_ws/install/industrial_msgs/share/industrial_msgs/cmake/export_industrial_msgs__rosidl_typesupport_fastrtps_cExport.cmake
[11.593s] -- Installing: /home/duy/cocarry_ws/install/industrial_msgs/share/industrial_msgs/cmake/export_industrial_msgs__rosidl_typesupport_fastrtps_cExport-noconfig.cmake
[11.593s] -- Installing: /home/duy/cocarry_ws/install/industrial_msgs/share/industrial_msgs/cmake/industrial_msgs__rosidl_typesupport_introspection_cExport.cmake
[11.615s] -- Installing: /home/duy/cocarry_ws/install/industrial_msgs/share/industrial_msgs/cmake/industrial_msgs__rosidl_typesupport_introspection_cExport-noconfig.cmake
[11.615s] -- Installing: /home/duy/cocarry_ws/install/industrial_msgs/share/industrial_msgs/cmake/industrial_msgs__rosidl_typesupport_cExport.cmake
[11.616s] -- Installing: /home/duy/cocarry_ws/install/industrial_msgs/share/industrial_msgs/cmake/industrial_msgs__rosidl_typesupport_cExport-noconfig.cmake
[11.638s] -- Installing: /home/duy/cocarry_ws/install/industrial_msgs/share/industrial_msgs/cmake/export_industrial_msgs__rosidl_generator_cppExport.cmake
[11.642s] -- Installing: /home/duy/cocarry_ws/install/industrial_msgs/share/industrial_msgs/cmake/export_industrial_msgs__rosidl_typesupport_fastrtps_cppExport.cmake
[11.642s] -- Installing: /home/duy/cocarry_ws/install/industrial_msgs/share/industrial_msgs/cmake/export_industrial_msgs__rosidl_typesupport_fastrtps_cppExport-noconfig.cmake
[11.642s] -- Installing: /home/duy/cocarry_ws/install/industrial_msgs/share/industrial_msgs/cmake/industrial_msgs__rosidl_typesupport_introspection_cppExport.cmake
[11.643s] -- Installing: /home/duy/cocarry_ws/install/industrial_msgs/share/industrial_msgs/cmake/industrial_msgs__rosidl_typesupport_introspection_cppExport-noconfig.cmake
[11.643s] -- Installing: /home/duy/cocarry_ws/install/industrial_msgs/share/industrial_msgs/cmake/industrial_msgs__rosidl_typesupport_cppExport.cmake
[11.643s] -- Installing: /home/duy/cocarry_ws/install/industrial_msgs/share/industrial_msgs/cmake/industrial_msgs__rosidl_typesupport_cppExport-noconfig.cmake
[11.643s] -- Installing: /home/duy/cocarry_ws/install/industrial_msgs/share/industrial_msgs/cmake/export_industrial_msgs__rosidl_generator_pyExport.cmake
[11.643s] -- Installing: /home/duy/cocarry_ws/install/industrial_msgs/share/industrial_msgs/cmake/export_industrial_msgs__rosidl_generator_pyExport-noconfig.cmake
[11.643s] Invoked command in '/home/duy/cocarry_ws/build/industrial_msgs' returned '0': CMAKE_PREFIX_PATH=/opt/ros/humble /usr/bin/cmake --install /home/duy/cocarry_ws/build/industrial_msgs
