-- Install configuration: ""
-- Execute custom install script
-- Up-to-date symlink: /home/hungnb/cocarry_ws/install/motoman_sia20d_support/share/ament_index/resource_index/package_run_dependencies/motoman_sia20d_support
-- Up-to-date symlink: /home/hungnb/cocarry_ws/install/motoman_sia20d_support/share/ament_index/resource_index/parent_prefix_path/motoman_sia20d_support
-- Up-to-date symlink: /home/hungnb/cocarry_ws/install/motoman_sia20d_support/share/motoman_sia20d_support/environment/ament_prefix_path.sh
-- Up-to-date symlink: /home/hungnb/cocarry_ws/install/motoman_sia20d_support/share/motoman_sia20d_support/environment/ament_prefix_path.dsv
-- Up-to-date symlink: /home/hungnb/cocarry_ws/install/motoman_sia20d_support/share/motoman_sia20d_support/environment/path.sh
-- Up-to-date symlink: /home/hungnb/cocarry_ws/install/motoman_sia20d_support/share/motoman_sia20d_support/environment/path.dsv
-- Up-to-date symlink: /home/hungnb/cocarry_ws/install/motoman_sia20d_support/share/motoman_sia20d_support/local_setup.bash
-- Up-to-date symlink: /home/hungnb/cocarry_ws/install/motoman_sia20d_support/share/motoman_sia20d_support/local_setup.sh
-- Up-to-date symlink: /home/hungnb/cocarry_ws/install/motoman_sia20d_support/share/motoman_sia20d_support/local_setup.zsh
-- Up-to-date symlink: /home/hungnb/cocarry_ws/install/motoman_sia20d_support/share/motoman_sia20d_support/local_setup.dsv
-- Symlinking: /home/hungnb/cocarry_ws/install/motoman_sia20d_support/share/motoman_sia20d_support/package.dsv
-- Up-to-date symlink: /home/hungnb/cocarry_ws/install/motoman_sia20d_support/share/ament_index/resource_index/packages/motoman_sia20d_support
-- Up-to-date symlink: /home/hungnb/cocarry_ws/install/motoman_sia20d_support/share/motoman_sia20d_support/cmake/motoman_sia20d_supportConfig.cmake
-- Up-to-date symlink: /home/hungnb/cocarry_ws/install/motoman_sia20d_support/share/motoman_sia20d_support/cmake/motoman_sia20d_supportConfig-version.cmake
-- Up-to-date symlink: /home/hungnb/cocarry_ws/install/motoman_sia20d_support/share/motoman_sia20d_support/package.xml
-- Up-to-date symlink: /home/hungnb/cocarry_ws/install/motoman_sia20d_support/share/motoman_sia20d_support/launch/view_sia20d.launch.xml
-- Up-to-date symlink: /home/hungnb/cocarry_ws/install/motoman_sia20d_support/share/motoman_sia20d_support/meshes/sia20d/collision/base_link.stl
-- Up-to-date symlink: /home/hungnb/cocarry_ws/install/motoman_sia20d_support/share/motoman_sia20d_support/meshes/sia20d/collision/link_1.stl
-- Up-to-date symlink: /home/hungnb/cocarry_ws/install/motoman_sia20d_support/share/motoman_sia20d_support/meshes/sia20d/collision/link_2.stl
-- Up-to-date symlink: /home/hungnb/cocarry_ws/install/motoman_sia20d_support/share/motoman_sia20d_support/meshes/sia20d/collision/link_3.stl
-- Up-to-date symlink: /home/hungnb/cocarry_ws/install/motoman_sia20d_support/share/motoman_sia20d_support/meshes/sia20d/collision/link_4.stl
-- Up-to-date symlink: /home/hungnb/cocarry_ws/install/motoman_sia20d_support/share/motoman_sia20d_support/meshes/sia20d/collision/link_5.stl
-- Up-to-date symlink: /home/hungnb/cocarry_ws/install/motoman_sia20d_support/share/motoman_sia20d_support/meshes/sia20d/collision/link_6.stl
-- Up-to-date symlink: /home/hungnb/cocarry_ws/install/motoman_sia20d_support/share/motoman_sia20d_support/meshes/sia20d/collision/link_7.stl
-- Up-to-date symlink: /home/hungnb/cocarry_ws/install/motoman_sia20d_support/share/motoman_sia20d_support/meshes/sia20d/visual/base_link.stl
-- Up-to-date symlink: /home/hungnb/cocarry_ws/install/motoman_sia20d_support/share/motoman_sia20d_support/meshes/sia20d/visual/link_1.stl
-- Up-to-date symlink: /home/hungnb/cocarry_ws/install/motoman_sia20d_support/share/motoman_sia20d_support/meshes/sia20d/visual/link_2.stl
-- Up-to-date symlink: /home/hungnb/cocarry_ws/install/motoman_sia20d_support/share/motoman_sia20d_support/meshes/sia20d/visual/link_3.stl
-- Up-to-date symlink: /home/hungnb/cocarry_ws/install/motoman_sia20d_support/share/motoman_sia20d_support/meshes/sia20d/visual/link_4.stl
-- Up-to-date symlink: /home/hungnb/cocarry_ws/install/motoman_sia20d_support/share/motoman_sia20d_support/meshes/sia20d/visual/link_5.stl
-- Up-to-date symlink: /home/hungnb/cocarry_ws/install/motoman_sia20d_support/share/motoman_sia20d_support/meshes/sia20d/visual/link_6.stl
-- Up-to-date symlink: /home/hungnb/cocarry_ws/install/motoman_sia20d_support/share/motoman_sia20d_support/meshes/sia20d/visual/link_7.stl
-- Up-to-date symlink: /home/hungnb/cocarry_ws/install/motoman_sia20d_support/share/motoman_sia20d_support/urdf/sia20d.xacro
-- Up-to-date symlink: /home/hungnb/cocarry_ws/install/motoman_sia20d_support/share/motoman_sia20d_support/urdf/sia20d_macro.xacro
