[0.000000] (-) TimerEvent: {}
[0.000293] (-) JobUnselected: {'identifier': 'coord_transform'}
[0.000565] (-) JobUnselected: {'identifier': 'experiment_logger'}
[0.000638] (-) JobUnselected: {'identifier': 'hc10dtp_bringup'}
[0.000666] (-) JobUnselected: {'identifier': 'hc10dtp_moveit_config'}
[0.000692] (-) JobUnselected: {'identifier': 'hc10dtp_simulation'}
[0.000843] (-) JobUnselected: {'identifier': 'human_hand_msgs'}
[0.000863] (-) JobUnselected: {'identifier': 'industrial_msgs'}
[0.000977] (-) JobUnselected: {'identifier': 'kinect2_bridge'}
[0.000998] (-) JobUnselected: {'identifier': 'kinect2_calibration'}
[0.001019] (-) JobUnselected: {'identifier': 'kinect2_registration'}
[0.001044] (-) JobUnselected: {'identifier': 'libfreenect2'}
[0.001201] (-) JobUnselected: {'identifier': 'motoman_gp4_support'}
[0.001252] (-) JobUnselected: {'identifier': 'motoman_hc10dtp_support'}
[0.001277] (-) JobUnselected: {'identifier': 'motoman_resources'}
[0.001332] (-) JobUnselected: {'identifier': 'motoros2_client_interface_dependencies'}
[0.001353] (-) JobUnselected: {'identifier': 'motoros2_interfaces'}
[0.001374] (-) JobUnselected: {'identifier': 'predictor_ui'}
[0.001393] (-) JobUnselected: {'identifier': 'realsense_tracker'}
[0.001441] (-) JobUnselected: {'identifier': 'trac_ik'}
[0.001469] (-) JobUnselected: {'identifier': 'trac_ik_kinematics'}
[0.001480] (-) JobUnselected: {'identifier': 'trac_ik_lib'}
[0.001488] (-) JobUnselected: {'identifier': 'trajectory_predictor'}
[0.001498] (hrc_bringup) JobQueued: {'identifier': 'hrc_bringup', 'dependencies': OrderedDict([('human_hand_msgs', '/home/duy/cocarry_ws/install/human_hand_msgs'), ('motoman_resources', '/home/duy/cocarry_ws/install/motoman_resources'), ('motoros2_interfaces', '/home/duy/cocarry_ws/install/motoros2_interfaces'), ('coord_transform', '/home/duy/cocarry_ws/install/coord_transform'), ('experiment_logger', '/home/duy/cocarry_ws/install/experiment_logger'), ('motoman_hc10dtp_support', '/home/duy/cocarry_ws/install/motoman_hc10dtp_support'), ('predictor_ui', '/home/duy/cocarry_ws/install/predictor_ui'), ('realsense_tracker', '/home/duy/cocarry_ws/install/realsense_tracker'), ('trajectory_predictor', '/home/duy/cocarry_ws/install/trajectory_predictor'), ('hc10dtp_moveit_config', '/home/duy/cocarry_ws/install/hc10dtp_moveit_config'), ('hc10dtp_bringup', '/home/duy/cocarry_ws/install/hc10dtp_bringup'), ('hc10dtp_simulation', '/home/duy/cocarry_ws/install/hc10dtp_simulation')])}
[0.001523] (hrc_bringup) JobStarted: {'identifier': 'hrc_bringup'}
[0.019594] (hrc_bringup) JobProgress: {'identifier': 'hrc_bringup', 'progress': 'cmake'}
[0.020596] (hrc_bringup) Command: {'cmd': ['/usr/bin/cmake', '/home/duy/cocarry_ws/src/hrc_bringup', '-DAMENT_CMAKE_SYMLINK_INSTALL=1', '-DCMAKE_INSTALL_PREFIX=/home/duy/cocarry_ws/install/hrc_bringup'], 'cwd': '/home/duy/cocarry_ws/build/hrc_bringup', 'env': OrderedDict([('USER', 'duy'), ('ROS_PACKAGE_PATH', '/home/duy/cocarry_ws/install/human_hand_msgs/share'), ('SHLVL', '0'), ('LD_LIBRARY_PATH', '/home/duy/cocarry_ws/install/motoros2_interfaces/lib:/home/duy/cocarry_ws/install/human_hand_msgs/lib'), ('HOME', '/home/duy'), ('_', '/usr/bin/colcon'), ('PKG_CONFIG_PATH', '/home/duy/cocarry_ws/install/human_hand_msgs/lib/x86_64-linux-gnu/pkgconfig:/home/duy/cocarry_ws/install/human_hand_msgs/lib/pkgconfig'), ('TERM', 'dumb'), ('PATH', '/home/duy/.local/bin:/home/duy/.nvm/versions/node/v20.20.2/bin:/opt/ros/humble/bin:/home/duy/.local/bin:/usr/local/sbin:/usr/local/bin:/usr/sbin:/usr/bin:/sbin:/bin:/usr/games:/usr/local/games:/snap/bin:/snap/bin:/home/duy/libfreenect2/build/bin'), ('LANG', 'en_US.UTF-8'), ('TMP', '/tmp'), ('AMENT_PREFIX_PATH', '/home/duy/cocarry_ws/install/hc10dtp_simulation:/home/duy/cocarry_ws/install/hc10dtp_bringup:/home/duy/cocarry_ws/install/hc10dtp_moveit_config:/home/duy/cocarry_ws/install/trajectory_predictor:/home/duy/cocarry_ws/install/realsense_tracker:/home/duy/cocarry_ws/install/predictor_ui:/home/duy/cocarry_ws/install/motoman_hc10dtp_support:/home/duy/cocarry_ws/install/experiment_logger:/home/duy/cocarry_ws/install/coord_transform:/home/duy/cocarry_ws/install/motoros2_interfaces:/home/duy/cocarry_ws/install/motoman_resources'), ('SHELL', '/bin/bash'), ('PWD', '/home/duy/cocarry_ws/build/hrc_bringup'), ('PYTHONPATH', '/home/duy/cocarry_ws/install/trajectory_predictor/lib/python3.10/site-packages:/home/duy/cocarry_ws/install/realsense_tracker/lib/python3.10/site-packages:/home/duy/cocarry_ws/install/predictor_ui/lib/python3.10/site-packages:/home/duy/cocarry_ws/install/experiment_logger/lib/python3.10/site-packages:/home/duy/cocarry_ws/install/coord_transform/lib/python3.10/site-packages:/home/duy/cocarry_ws/install/motoros2_interfaces/local/lib/python3.10/dist-packages:/home/duy/cocarry_ws/install/human_hand_msgs/local/lib/python3.10/dist-packages'), ('COLCON', '1'), ('CMAKE_PREFIX_PATH', '/home/duy/cocarry_ws/install/hc10dtp_simulation:/home/duy/cocarry_ws/install/hc10dtp_bringup:/home/duy/cocarry_ws/install/hc10dtp_moveit_config:/home/duy/cocarry_ws/install/motoman_hc10dtp_support:/home/duy/cocarry_ws/install/motoros2_interfaces:/home/duy/cocarry_ws/install/motoman_resources:/home/duy/cocarry_ws/install/human_hand_msgs')]), 'shell': False}
[0.041811] (hrc_bringup) StdoutLine: {'line': b'-- Found ament_cmake: 1.3.14 (/opt/ros/humble/share/ament_cmake/cmake)\n'}
[0.099864] (-) TimerEvent: {}
[0.190374] (hrc_bringup) StderrLine: {'line': b'Traceback (most recent call last):\n'}
[0.190637] (hrc_bringup) StderrLine: {'line': b'  File "/opt/ros/humble/share/ament_cmake_core/cmake/package_templates/templates_2_cmake.py", line 21, in <module>\n'}
[0.190731] (hrc_bringup) StderrLine: {'line': b'    from ament_package.templates import get_environment_hook_template_path\n'}
[0.190814] (hrc_bringup) StderrLine: {'line': b"ModuleNotFoundError: No module named 'ament_package'\n"}
[0.200064] (-) TimerEvent: {}
[0.207788] (hrc_bringup) StderrLine: {'line': b'CMake Error at /opt/ros/humble/share/ament_cmake_core/cmake/ament_cmake_package_templates-extras.cmake:41 (message):\n'}
[0.208014] (hrc_bringup) StderrLine: {'line': b'  execute_process(/usr/bin/python3\n'}
[0.208113] (hrc_bringup) StderrLine: {'line': b'  /opt/ros/humble/share/ament_cmake_core/cmake/package_templates/templates_2_cmake.py\n'}
[0.208198] (hrc_bringup) StderrLine: {'line': b'  /home/duy/cocarry_ws/build/hrc_bringup/ament_cmake_package_templates/templates.cmake)\n'}
[0.208279] (hrc_bringup) StderrLine: {'line': b'  returned error code 1\n'}
[0.208359] (hrc_bringup) StderrLine: {'line': b'Call Stack (most recent call first):\n'}
[0.208496] (hrc_bringup) StderrLine: {'line': b'  /opt/ros/humble/share/ament_cmake_core/cmake/ament_cmake_coreConfig.cmake:41 (include)\n'}
[0.208583] (hrc_bringup) StderrLine: {'line': b'  /opt/ros/humble/share/ament_cmake/cmake/ament_cmake_export_dependencies-extras.cmake:15 (find_package)\n'}
[0.208658] (hrc_bringup) StderrLine: {'line': b'  /opt/ros/humble/share/ament_cmake/cmake/ament_cmakeConfig.cmake:41 (include)\n'}
[0.208731] (hrc_bringup) StderrLine: {'line': b'  CMakeLists.txt:4 (find_package)\n'}
[0.208804] (hrc_bringup) StderrLine: {'line': b'\n'}
[0.208877] (hrc_bringup) StderrLine: {'line': b'\n'}
[0.208948] (hrc_bringup) StdoutLine: {'line': b'-- Configuring incomplete, errors occurred!\n'}
[0.209031] (hrc_bringup) StdoutLine: {'line': b'See also "/home/duy/cocarry_ws/build/hrc_bringup/CMakeFiles/CMakeOutput.log".\n'}
[0.210368] (hrc_bringup) CommandEnded: {'returncode': 1}
[0.224337] (hrc_bringup) JobEnded: {'identifier': 'hrc_bringup', 'rc': 1}
[0.234826] (-) EventReactorShutdown: {}
