[0.318s] Invoking command in '/home/hungnb/cocarry_ws/build/motoman_motopos_d500_support': AMENT_PREFIX_PATH=/home/hungnb/cocarry_ws/install/motoman_resources:${AMENT_PREFIX_PATH} CMAKE_PREFIX_PATH=/home/hungnb/cocarry_ws/install/motoman_resources:/opt/ros/humble /usr/bin/cmake --build /home/hungnb/cocarry_ws/build/motoman_motopos_d500_support -- -j16 -l16
[0.393s] Invoked command in '/home/hungnb/cocarry_ws/build/motoman_motopos_d500_support' returned '0': AMENT_PREFIX_PATH=/home/hungnb/cocarry_ws/install/motoman_resources:${AMENT_PREFIX_PATH} CMAKE_PREFIX_PATH=/home/hungnb/cocarry_ws/install/motoman_resources:/opt/ros/humble /usr/bin/cmake --build /home/hungnb/cocarry_ws/build/motoman_motopos_d500_support -- -j16 -l16
[0.393s] Invoking command in '/home/hungnb/cocarry_ws/build/motoman_motopos_d500_support': AMENT_PREFIX_PATH=/home/hungnb/cocarry_ws/install/motoman_resources:${AMENT_PREFIX_PATH} CMAKE_PREFIX_PATH=/home/hungnb/cocarry_ws/install/motoman_resources:/opt/ros/humble /usr/bin/cmake --install /home/hungnb/cocarry_ws/build/motoman_motopos_d500_support
[0.404s] -- Install configuration: ""
[0.405s] -- Execute custom install script
[0.405s] -- Up-to-date symlink: /home/hungnb/cocarry_ws/install/motoman_motopos_d500_support/share/ament_index/resource_index/package_run_dependencies/motoman_motopos_d500_support
[0.405s] -- Up-to-date symlink: /home/hungnb/cocarry_ws/install/motoman_motopos_d500_support/share/ament_index/resource_index/parent_prefix_path/motoman_motopos_d500_support
[0.405s] -- Up-to-date symlink: /home/hungnb/cocarry_ws/install/motoman_motopos_d500_support/share/motoman_motopos_d500_support/environment/ament_prefix_path.sh
[0.405s] -- Up-to-date symlink: /home/hungnb/cocarry_ws/install/motoman_motopos_d500_support/share/motoman_motopos_d500_support/environment/ament_prefix_path.dsv
[0.405s] -- Up-to-date symlink: /home/hungnb/cocarry_ws/install/motoman_motopos_d500_support/share/motoman_motopos_d500_support/environment/path.sh
[0.405s] -- Up-to-date symlink: /home/hungnb/cocarry_ws/install/motoman_motopos_d500_support/share/motoman_motopos_d500_support/environment/path.dsv
[0.405s] -- Up-to-date symlink: /home/hungnb/cocarry_ws/install/motoman_motopos_d500_support/share/motoman_motopos_d500_support/local_setup.bash
[0.405s] -- Up-to-date symlink: /home/hungnb/cocarry_ws/install/motoman_motopos_d500_support/share/motoman_motopos_d500_support/local_setup.sh
[0.405s] -- Up-to-date symlink: /home/hungnb/cocarry_ws/install/motoman_motopos_d500_support/share/motoman_motopos_d500_support/local_setup.zsh
[0.405s] -- Up-to-date symlink: /home/hungnb/cocarry_ws/install/motoman_motopos_d500_support/share/motoman_motopos_d500_support/local_setup.dsv
[0.406s] -- Symlinking: /home/hungnb/cocarry_ws/install/motoman_motopos_d500_support/share/motoman_motopos_d500_support/package.dsv
[0.410s] -- Up-to-date symlink: /home/hungnb/cocarry_ws/install/motoman_motopos_d500_support/share/ament_index/resource_index/packages/motoman_motopos_d500_support
[0.410s] -- Up-to-date symlink: /home/hungnb/cocarry_ws/install/motoman_motopos_d500_support/share/motoman_motopos_d500_support/cmake/motoman_motopos_d500_supportConfig.cmake
[0.410s] -- Up-to-date symlink: /home/hungnb/cocarry_ws/install/motoman_motopos_d500_support/share/motoman_motopos_d500_support/cmake/motoman_motopos_d500_supportConfig-version.cmake
[0.410s] -- Up-to-date symlink: /home/hungnb/cocarry_ws/install/motoman_motopos_d500_support/share/motoman_motopos_d500_support/package.xml
[0.411s] -- Up-to-date symlink: /home/hungnb/cocarry_ws/install/motoman_motopos_d500_support/share/motoman_motopos_d500_support/launch/view_motopos_d500.launch.xml
[0.411s] -- Up-to-date symlink: /home/hungnb/cocarry_ws/install/motoman_motopos_d500_support/share/motoman_motopos_d500_support/meshes/motopos_d500/collision/base_link.stl
[0.411s] -- Up-to-date symlink: /home/hungnb/cocarry_ws/install/motoman_motopos_d500_support/share/motoman_motopos_d500_support/meshes/motopos_d500/collision/link_1.stl
[0.411s] -- Up-to-date symlink: /home/hungnb/cocarry_ws/install/motoman_motopos_d500_support/share/motoman_motopos_d500_support/meshes/motopos_d500/collision/link_2.stl
[0.411s] -- Up-to-date symlink: /home/hungnb/cocarry_ws/install/motoman_motopos_d500_support/share/motoman_motopos_d500_support/meshes/motopos_d500/visual/base_link.stl
[0.411s] -- Up-to-date symlink: /home/hungnb/cocarry_ws/install/motoman_motopos_d500_support/share/motoman_motopos_d500_support/meshes/motopos_d500/visual/link_1.stl
[0.411s] -- Up-to-date symlink: /home/hungnb/cocarry_ws/install/motoman_motopos_d500_support/share/motoman_motopos_d500_support/meshes/motopos_d500/visual/link_2.stl
[0.412s] -- Up-to-date symlink: /home/hungnb/cocarry_ws/install/motoman_motopos_d500_support/share/motoman_motopos_d500_support/urdf/motopos_d500.xacro
[0.412s] -- Up-to-date symlink: /home/hungnb/cocarry_ws/install/motoman_motopos_d500_support/share/motoman_motopos_d500_support/urdf/motopos_d500_macro.xacro
[0.600s] Invoked command in '/home/hungnb/cocarry_ws/build/motoman_motopos_d500_support' returned '0': AMENT_PREFIX_PATH=/home/hungnb/cocarry_ws/install/motoman_resources:${AMENT_PREFIX_PATH} CMAKE_PREFIX_PATH=/home/hungnb/cocarry_ws/install/motoman_resources:/opt/ros/humble /usr/bin/cmake --install /home/hungnb/cocarry_ws/build/motoman_motopos_d500_support
