[0.088s] Invoking command in '/home/hungnb/cocarry_ws/build/motoman_mh110_support': AMENT_PREFIX_PATH=/home/hungnb/cocarry_ws/install/motoman_gp110_support:/home/hungnb/cocarry_ws/install/motoman_resources:${AMENT_PREFIX_PATH} CMAKE_PREFIX_PATH=/home/hungnb/cocarry_ws/install/motoman_gp110_support:/home/hungnb/cocarry_ws/install/motoman_resources:/opt/ros/humble /usr/bin/cmake /home/hungnb/cocarry_ws/src/motoman_ros2_support_packages/motoman_mh110_support -DCMAKE_INSTALL_PREFIX=/home/hungnb/cocarry_ws/install/motoman_mh110_support
[0.092s] -- Found ament_cmake: 1.3.14 (/opt/ros/humble/share/ament_cmake/cmake)
[0.193s] -- Override CMake install command with custom implementation using symlinks instead of copying resources
[0.252s] -- Configuring done
[0.254s] -- Generating done
[0.255s] -- Build files have been written to: /home/hungnb/cocarry_ws/build/motoman_mh110_support
[0.540s] Invoked command in '/home/hungnb/cocarry_ws/build/motoman_mh110_support' returned '0': AMENT_PREFIX_PATH=/home/hungnb/cocarry_ws/install/motoman_gp110_support:/home/hungnb/cocarry_ws/install/motoman_resources:${AMENT_PREFIX_PATH} CMAKE_PREFIX_PATH=/home/hungnb/cocarry_ws/install/motoman_gp110_support:/home/hungnb/cocarry_ws/install/motoman_resources:/opt/ros/humble /usr/bin/cmake /home/hungnb/cocarry_ws/src/motoman_ros2_support_packages/motoman_mh110_support -DCMAKE_INSTALL_PREFIX=/home/hungnb/cocarry_ws/install/motoman_mh110_support
[0.541s] Invoking command in '/home/hungnb/cocarry_ws/build/motoman_mh110_support': AMENT_PREFIX_PATH=/home/hungnb/cocarry_ws/install/motoman_gp110_support:/home/hungnb/cocarry_ws/install/motoman_resources:${AMENT_PREFIX_PATH} CMAKE_PREFIX_PATH=/home/hungnb/cocarry_ws/install/motoman_gp110_support:/home/hungnb/cocarry_ws/install/motoman_resources:/opt/ros/humble /usr/bin/cmake --build /home/hungnb/cocarry_ws/build/motoman_mh110_support -- -j16 -l16
[1.328s] Invoked command in '/home/hungnb/cocarry_ws/build/motoman_mh110_support' returned '0': AMENT_PREFIX_PATH=/home/hungnb/cocarry_ws/install/motoman_gp110_support:/home/hungnb/cocarry_ws/install/motoman_resources:${AMENT_PREFIX_PATH} CMAKE_PREFIX_PATH=/home/hungnb/cocarry_ws/install/motoman_gp110_support:/home/hungnb/cocarry_ws/install/motoman_resources:/opt/ros/humble /usr/bin/cmake --build /home/hungnb/cocarry_ws/build/motoman_mh110_support -- -j16 -l16
[1.329s] Invoking command in '/home/hungnb/cocarry_ws/build/motoman_mh110_support': AMENT_PREFIX_PATH=/home/hungnb/cocarry_ws/install/motoman_gp110_support:/home/hungnb/cocarry_ws/install/motoman_resources:${AMENT_PREFIX_PATH} CMAKE_PREFIX_PATH=/home/hungnb/cocarry_ws/install/motoman_gp110_support:/home/hungnb/cocarry_ws/install/motoman_resources:/opt/ros/humble /usr/bin/cmake --install /home/hungnb/cocarry_ws/build/motoman_mh110_support
[1.554s] -- Install configuration: ""
[1.554s] -- Execute custom install script
[1.554s] -- Up-to-date symlink: /home/hungnb/cocarry_ws/install/motoman_mh110_support/share/ament_index/resource_index/package_run_dependencies/motoman_mh110_support
[1.554s] -- Up-to-date symlink: /home/hungnb/cocarry_ws/install/motoman_mh110_support/share/ament_index/resource_index/parent_prefix_path/motoman_mh110_support
[1.554s] -- Up-to-date symlink: /home/hungnb/cocarry_ws/install/motoman_mh110_support/share/motoman_mh110_support/environment/ament_prefix_path.sh
[1.554s] -- Up-to-date symlink: /home/hungnb/cocarry_ws/install/motoman_mh110_support/share/motoman_mh110_support/environment/ament_prefix_path.dsv
[1.554s] -- Up-to-date symlink: /home/hungnb/cocarry_ws/install/motoman_mh110_support/share/motoman_mh110_support/environment/path.sh
[1.555s] -- Up-to-date symlink: /home/hungnb/cocarry_ws/install/motoman_mh110_support/share/motoman_mh110_support/environment/path.dsv
[1.555s] -- Up-to-date symlink: /home/hungnb/cocarry_ws/install/motoman_mh110_support/share/motoman_mh110_support/local_setup.bash
[1.555s] -- Up-to-date symlink: /home/hungnb/cocarry_ws/install/motoman_mh110_support/share/motoman_mh110_support/local_setup.sh
[1.555s] -- Up-to-date symlink: /home/hungnb/cocarry_ws/install/motoman_mh110_support/share/motoman_mh110_support/local_setup.zsh
[1.555s] -- Up-to-date symlink: /home/hungnb/cocarry_ws/install/motoman_mh110_support/share/motoman_mh110_support/local_setup.dsv
[1.555s] -- Symlinking: /home/hungnb/cocarry_ws/install/motoman_mh110_support/share/motoman_mh110_support/package.dsv
[1.555s] -- Up-to-date symlink: /home/hungnb/cocarry_ws/install/motoman_mh110_support/share/ament_index/resource_index/packages/motoman_mh110_support
[1.555s] -- Up-to-date symlink: /home/hungnb/cocarry_ws/install/motoman_mh110_support/share/motoman_mh110_support/cmake/motoman_mh110_supportConfig.cmake
[1.555s] -- Up-to-date symlink: /home/hungnb/cocarry_ws/install/motoman_mh110_support/share/motoman_mh110_support/cmake/motoman_mh110_supportConfig-version.cmake
[1.555s] -- Up-to-date symlink: /home/hungnb/cocarry_ws/install/motoman_mh110_support/share/motoman_mh110_support/package.xml
[1.555s] -- Up-to-date symlink: /home/hungnb/cocarry_ws/install/motoman_mh110_support/share/motoman_mh110_support/config/opw_parameters_mh110.yaml
[1.555s] -- Up-to-date symlink: /home/hungnb/cocarry_ws/install/motoman_mh110_support/share/motoman_mh110_support/launch/view_mh110.launch.xml
[1.555s] -- Up-to-date symlink: /home/hungnb/cocarry_ws/install/motoman_mh110_support/share/motoman_mh110_support/urdf/mh110.xacro
[1.555s] -- Up-to-date symlink: /home/hungnb/cocarry_ws/install/motoman_mh110_support/share/motoman_mh110_support/urdf/mh110_macro.xacro
[1.570s] Invoked command in '/home/hungnb/cocarry_ws/build/motoman_mh110_support' returned '0': AMENT_PREFIX_PATH=/home/hungnb/cocarry_ws/install/motoman_gp110_support:/home/hungnb/cocarry_ws/install/motoman_resources:${AMENT_PREFIX_PATH} CMAKE_PREFIX_PATH=/home/hungnb/cocarry_ws/install/motoman_gp110_support:/home/hungnb/cocarry_ws/install/motoman_resources:/opt/ros/humble /usr/bin/cmake --install /home/hungnb/cocarry_ws/build/motoman_mh110_support
