[0.037s] Invoking command in '/home/duy/cocarry_ws/build/hc10dtp_moveit_config': AMENT_PREFIX_PATH=/home/duy/cocarry_ws/install/motoman_hc10dtp_support:/home/duy/cocarry_ws/install/motoman_resources:${AMENT_PREFIX_PATH} CMAKE_PREFIX_PATH=/home/duy/cocarry_ws/install/motoman_hc10dtp_support:/home/duy/cocarry_ws/install/motoman_resources:/opt/ros/humble /usr/bin/cmake /home/duy/cocarry_ws/src/hc10dtp_moveit_config -DAMENT_CMAKE_SYMLINK_INSTALL=1 -DCMAKE_INSTALL_PREFIX=/home/duy/cocarry_ws/install/hc10dtp_moveit_config
[0.050s] -- Found ament_cmake: 1.3.14 (/opt/ros/humble/share/ament_cmake/cmake)
[0.243s] -- Override CMake install command with custom implementation using symlinks instead of copying resources
[0.378s] -- Configuring done
[0.380s] -- Generating done
[0.382s] -- Build files have been written to: /home/duy/cocarry_ws/build/hc10dtp_moveit_config
[0.385s] Invoked command in '/home/duy/cocarry_ws/build/hc10dtp_moveit_config' returned '0': AMENT_PREFIX_PATH=/home/duy/cocarry_ws/install/motoman_hc10dtp_support:/home/duy/cocarry_ws/install/motoman_resources:${AMENT_PREFIX_PATH} CMAKE_PREFIX_PATH=/home/duy/cocarry_ws/install/motoman_hc10dtp_support:/home/duy/cocarry_ws/install/motoman_resources:/opt/ros/humble /usr/bin/cmake /home/duy/cocarry_ws/src/hc10dtp_moveit_config -DAMENT_CMAKE_SYMLINK_INSTALL=1 -DCMAKE_INSTALL_PREFIX=/home/duy/cocarry_ws/install/hc10dtp_moveit_config
[0.386s] Invoking command in '/home/duy/cocarry_ws/build/hc10dtp_moveit_config': AMENT_PREFIX_PATH=/home/duy/cocarry_ws/install/motoman_hc10dtp_support:/home/duy/cocarry_ws/install/motoman_resources:${AMENT_PREFIX_PATH} CMAKE_PREFIX_PATH=/home/duy/cocarry_ws/install/motoman_hc10dtp_support:/home/duy/cocarry_ws/install/motoman_resources:/opt/ros/humble /usr/bin/cmake --build /home/duy/cocarry_ws/build/hc10dtp_moveit_config -- -j16 -l16
[0.444s] Invoked command in '/home/duy/cocarry_ws/build/hc10dtp_moveit_config' returned '0': AMENT_PREFIX_PATH=/home/duy/cocarry_ws/install/motoman_hc10dtp_support:/home/duy/cocarry_ws/install/motoman_resources:${AMENT_PREFIX_PATH} CMAKE_PREFIX_PATH=/home/duy/cocarry_ws/install/motoman_hc10dtp_support:/home/duy/cocarry_ws/install/motoman_resources:/opt/ros/humble /usr/bin/cmake --build /home/duy/cocarry_ws/build/hc10dtp_moveit_config -- -j16 -l16
[0.446s] Invoking command in '/home/duy/cocarry_ws/build/hc10dtp_moveit_config': AMENT_PREFIX_PATH=/home/duy/cocarry_ws/install/motoman_hc10dtp_support:/home/duy/cocarry_ws/install/motoman_resources:${AMENT_PREFIX_PATH} CMAKE_PREFIX_PATH=/home/duy/cocarry_ws/install/motoman_hc10dtp_support:/home/duy/cocarry_ws/install/motoman_resources:/opt/ros/humble /usr/bin/cmake --install /home/duy/cocarry_ws/build/hc10dtp_moveit_config
[0.461s] -- Install configuration: ""
[0.462s] -- Execute custom install script
[0.462s] -- Up-to-date symlink: /home/duy/cocarry_ws/install/hc10dtp_moveit_config/share/ament_index/resource_index/package_run_dependencies/hc10dtp_moveit_config
[0.462s] -- Up-to-date symlink: /home/duy/cocarry_ws/install/hc10dtp_moveit_config/share/ament_index/resource_index/parent_prefix_path/hc10dtp_moveit_config
[0.463s] -- Up-to-date symlink: /home/duy/cocarry_ws/install/hc10dtp_moveit_config/share/hc10dtp_moveit_config/environment/ament_prefix_path.sh
[0.463s] -- Up-to-date symlink: /home/duy/cocarry_ws/install/hc10dtp_moveit_config/share/hc10dtp_moveit_config/environment/ament_prefix_path.dsv
[0.463s] -- Up-to-date symlink: /home/duy/cocarry_ws/install/hc10dtp_moveit_config/share/hc10dtp_moveit_config/environment/path.sh
[0.463s] -- Up-to-date symlink: /home/duy/cocarry_ws/install/hc10dtp_moveit_config/share/hc10dtp_moveit_config/environment/path.dsv
[0.463s] -- Up-to-date symlink: /home/duy/cocarry_ws/install/hc10dtp_moveit_config/share/hc10dtp_moveit_config/local_setup.bash
[0.464s] -- Up-to-date symlink: /home/duy/cocarry_ws/install/hc10dtp_moveit_config/share/hc10dtp_moveit_config/local_setup.sh
[0.464s] -- Up-to-date symlink: /home/duy/cocarry_ws/install/hc10dtp_moveit_config/share/hc10dtp_moveit_config/local_setup.zsh
[0.464s] -- Up-to-date symlink: /home/duy/cocarry_ws/install/hc10dtp_moveit_config/share/hc10dtp_moveit_config/local_setup.dsv
[0.464s] -- Symlinking: /home/duy/cocarry_ws/install/hc10dtp_moveit_config/share/hc10dtp_moveit_config/package.dsv
[0.481s] -- Up-to-date symlink: /home/duy/cocarry_ws/install/hc10dtp_moveit_config/share/ament_index/resource_index/packages/hc10dtp_moveit_config
[0.481s] -- Up-to-date symlink: /home/duy/cocarry_ws/install/hc10dtp_moveit_config/share/hc10dtp_moveit_config/cmake/hc10dtp_moveit_configConfig.cmake
[0.482s] -- Up-to-date symlink: /home/duy/cocarry_ws/install/hc10dtp_moveit_config/share/hc10dtp_moveit_config/cmake/hc10dtp_moveit_configConfig-version.cmake
[0.482s] -- Up-to-date symlink: /home/duy/cocarry_ws/install/hc10dtp_moveit_config/share/hc10dtp_moveit_config/package.xml
[0.482s] -- Up-to-date symlink: /home/duy/cocarry_ws/install/hc10dtp_moveit_config/share/hc10dtp_moveit_config/launch/hc10dtp_start.launch.py
[0.482s] -- Up-to-date symlink: /home/duy/cocarry_ws/install/hc10dtp_moveit_config/share/hc10dtp_moveit_config/config/initial_positions.yaml
[0.483s] -- Up-to-date symlink: /home/duy/cocarry_ws/install/hc10dtp_moveit_config/share/hc10dtp_moveit_config/config/joint_limits.yaml
[0.483s] -- Up-to-date symlink: /home/duy/cocarry_ws/install/hc10dtp_moveit_config/share/hc10dtp_moveit_config/config/kinematics.yaml
[0.483s] -- Up-to-date symlink: /home/duy/cocarry_ws/install/hc10dtp_moveit_config/share/hc10dtp_moveit_config/config/motoman_hc10dtp.ros2_control.xacro
[0.483s] -- Up-to-date symlink: /home/duy/cocarry_ws/install/hc10dtp_moveit_config/share/hc10dtp_moveit_config/config/motoman_hc10dtp.srdf
[0.483s] -- Up-to-date symlink: /home/duy/cocarry_ws/install/hc10dtp_moveit_config/share/hc10dtp_moveit_config/config/motoman_hc10dtp.urdf.xacro
[0.484s] -- Up-to-date symlink: /home/duy/cocarry_ws/install/hc10dtp_moveit_config/share/hc10dtp_moveit_config/config/moveit.rviz
[0.484s] -- Up-to-date symlink: /home/duy/cocarry_ws/install/hc10dtp_moveit_config/share/hc10dtp_moveit_config/config/moveit_controllers.yaml
[0.484s] -- Up-to-date symlink: /home/duy/cocarry_ws/install/hc10dtp_moveit_config/share/hc10dtp_moveit_config/config/pilz_cartesian_limits.yaml
[0.484s] -- Up-to-date symlink: /home/duy/cocarry_ws/install/hc10dtp_moveit_config/share/hc10dtp_moveit_config/config/ros2_controllers.yaml
[0.484s] -- Up-to-date symlink: /home/duy/cocarry_ws/install/hc10dtp_moveit_config/share/hc10dtp_moveit_config/.setup_assistant
[0.487s] Invoked command in '/home/duy/cocarry_ws/build/hc10dtp_moveit_config' returned '0': AMENT_PREFIX_PATH=/home/duy/cocarry_ws/install/motoman_hc10dtp_support:/home/duy/cocarry_ws/install/motoman_resources:${AMENT_PREFIX_PATH} CMAKE_PREFIX_PATH=/home/duy/cocarry_ws/install/motoman_hc10dtp_support:/home/duy/cocarry_ws/install/motoman_resources:/opt/ros/humble /usr/bin/cmake --install /home/duy/cocarry_ws/build/hc10dtp_moveit_config
