[INFO] [1785830438.290324270] [trajectory_predictor]: [Predictor] Worker launched (pid=10254)
[INFO] [1785830438.290841017] [trajectory_predictor]: [Predictor] Started | model=gru | window=20 | auto_start=True
  Output Filter: enabled=True, ema_alpha=0.2, max_dev=0.08, max_rate=0.04
[WARN] [1785830439.510876919] [trajectory_predictor]: [Worker STDERR] /usr/lib/python3/dist-packages/scipy/__init__.py:146: UserWarning: A NumPy version >=1.17.3 and <1.25.0 is required for this version of SciPy (detected version 1.26.4
[WARN] [1785830439.511188469] [trajectory_predictor]: [Worker STDERR] warnings.warn(f"A NumPy version >={np_minversion} and <{np_maxversion}"
[WARN] [1785830440.365595166] [trajectory_predictor]: [Worker STDERR] /home/hungnb/.local/lib/python3.10/site-packages/sklearn/base.py:442: InconsistentVersionWarning: Trying to unpickle estimator MinMaxScaler from version 1.6.1 when using version 1.7.2. This might lead to breaking code or invalid results. Use at your own risk. For more info please refer to:
[WARN] [1785830440.365931234] [trajectory_predictor]: [Worker STDERR] https://scikit-learn.org/stable/model_persistence.html#security-maintainability-limitations
[WARN] [1785830440.366191386] [trajectory_predictor]: [Worker STDERR] warnings.warn(
[INFO] [1785830440.371541731] [trajectory_predictor]: [Worker] TF 2.15.0 and sklearn loaded
[ERROR] [1785830440.379075465] [trajectory_predictor]: [Predictor] Worker NOT READY: Load error: Unknown dtype policy: 'DTypePolicy'. Please ensure you are using a `keras.utils.custom_object_scope` and that this object is included in the scope. See https://www.tensorflow.org/guide/keras/save_and_serialize#registering_the_custom_object for details.
[INFO] [1785830451.269663774] [trajectory_predictor]: [Predictor] Buffer cleared (no data for 1.9s)
[INFO] [1785830454.269384944] [trajectory_predictor]: [Predictor] Buffer cleared (no data for 1.8s)
[INFO] [1785830490.927541739] [trajectory_predictor]: [Predictor] Predicting STOPPED
[INFO] [1785830511.482554350] [trajectory_predictor]: [Predictor] Predicting STOPPED
[INFO] [1785830516.270218708] [trajectory_predictor]: [Predictor] Buffer cleared (no data for 1.2s)
[INFO] [1785830529.507411123] [trajectory_predictor]: [Pred HOLD ON] Tay đứng yên (std=3.5mm). Khóa tại (-0.0830, 0.2375, 0.0739)
[INFO] [1785830529.507827807] [trajectory_predictor]: [Filter] raw=(-0.0830,0.2375,0.0739) → filt=(-0.0830,0.2375,0.0739) Δ=(0.0000,0.0000,0.0000)
[INFO] [1785830529.774181509] [trajectory_predictor]: [Pred HOLD OFF] Tay di chuyển (dev=31.0mm). Thả hold.
[INFO] [1785830543.186954958] [trajectory_predictor]: [Pred HOLD ON] Tay đứng yên (std=4.8mm). Khóa tại (0.2934, 0.4846, 0.1987)
[INFO] [1785830543.919319460] [trajectory_predictor]: [Pred HOLD OFF] Tay di chuyển (dev=34.9mm). Thả hold.
[INFO] [1785830554.814143326] [trajectory_predictor]: [Predictor] Predicting STOPPED
[INFO] [1785830557.108621039] [trajectory_predictor]: [Predictor] Predicting STOPPED
[INFO] [1785830561.269459853] [trajectory_predictor]: [Predictor] Buffer cleared (no data for 1.8s)
[INFO] [1785830571.269297276] [trajectory_predictor]: [Predictor] Buffer cleared (no data for 1.5s)
[INFO] [1785830577.508626893] [trajectory_predictor]: [Pred HOLD ON] Tay đứng yên (std=4.4mm). Khóa tại (0.2072, 0.3643, -0.0799)
[INFO] [1785830577.823207411] [trajectory_predictor]: [Pred HOLD OFF] Tay di chuyển (dev=32.0mm). Thả hold.
[INFO] [1785830580.270155983] [trajectory_predictor]: [Predictor] Buffer cleared (no data for 1.0s)
[INFO] [1785830584.270060442] [trajectory_predictor]: [Predictor] Buffer cleared (no data for 2.0s)
[INFO] [1785830591.269870706] [trajectory_predictor]: [Predictor] Buffer cleared (no data for 1.1s)
[INFO] [1785830593.269481829] [trajectory_predictor]: [Predictor] Buffer cleared (no data for 1.7s)
[INFO] [1785830601.269811480] [trajectory_predictor]: [Predictor] Buffer cleared (no data for 1.0s)
[INFO] [1785830605.269575017] [trajectory_predictor]: [Predictor] Buffer cleared (no data for 1.4s)
[INFO] [1785830609.269344376] [trajectory_predictor]: [Predictor] Buffer cleared (no data for 1.9s)
[INFO] [1785830617.269320824] [trajectory_predictor]: [Predictor] Buffer cleared (no data for 1.1s)
[INFO] [1785830622.269428620] [trajectory_predictor]: [Predictor] Buffer cleared (no data for 1.4s)
[INFO] [1785830644.269354042] [trajectory_predictor]: [Predictor] Buffer cleared (no data for 1.2s)
[INFO] [1785830648.270156623] [trajectory_predictor]: [Predictor] Buffer cleared (no data for 1.9s)
[INFO] [1785830652.270195781] [trajectory_predictor]: [Predictor] Buffer cleared (no data for 1.2s)
[INFO] [1785830655.269799124] [trajectory_predictor]: [Predictor] Buffer cleared (no data for 1.6s)
[INFO] [1785830724.791889489] [trajectory_predictor]: [Predictor] Predicting STOPPED
