[INFO] [1787035756.183479607] [cartesian_streamer]: CartesianStreamer khởi động (chờ Enable Robot từ UI).
  Stream rate:       15 Hz (period=66.7ms)
  Queue dt:          0.067 s
  Prebuffer points:  3
  Retry backoff:     66.0 ms
  Gửi PoseStamped lên: /cartesian_streamer/target_pose
  Gửi XYZ lên:        /cartesian_streamer/target_xyz
  Nhận EE pose tại:   /cartesian_streamer/current_pose
[INFO] [1787035756.186217125] [cartesian_streamer]: Nhận joint_states: ['1.571', '0.124', '-1.003', '0.000', '-0.386', '-1.879']
[INFO] [1787035756.659545938] [cartesian_streamer]: ⚡ Simulation mode: Bỏ qua FK cross-validation, ÉP DÙNG Local IK.
   (MoveIt không có planning library trong môi trường giả lập)
[INFO] [1787035756.660206039] [cartesian_streamer]: Đã nhận joint_states. EE hiện tại: (-0.1620, 0.3090, 0.3882). IK mode: Local DLS. Chờ Enable Robot từ UI...
[INFO] [1787035759.061043121] [cartesian_streamer]: Disable Robot: dừng stream, tắt traj mode...
[INFO] [1787035759.815394910] [cartesian_streamer]: ✗ Robot DISABLED.
[INFO] [1787035789.893112088] [cartesian_streamer]: Enable Robot: bắt đầu chuỗi khởi động...
[INFO] [1787035789.893414353] [cartesian_streamer]: Enable: reset_error...
[INFO] [1787035789.894875529] [cartesian_streamer]: reset_error: code=1, msg="Mock: Error Reset OK"
[INFO] [1787035789.895160050] [cartesian_streamer]: Enable: stop_traj_mode (giải phóng mode cũ)...
[INFO] [1787035789.897034850] [cartesian_streamer]: stop_traj_mode: success=True, code=N/A, msg="Mock: OK"
[INFO] [1787035789.897421411] [cartesian_streamer]: Enable: chờ 1.5s để hệ thống ổn định trước khi start queue...
[INFO] [1787035791.398592267] [cartesian_streamer]: Enable: StartPointQueueMode...
[INFO] [1787035791.400933895] [cartesian_streamer]: StartPointQueueMode response: code=1, msg="Mock: Queue Mode Started"
[INFO] [1787035791.401454646] [cartesian_streamer]: ✓ Robot ENABLED — Point Queue Mode active. Servo ON!
[INFO] [1787035791.424938939] [cartesian_streamer]: Runtime rate: state=seeding, tick_hz=0.0, queue_send_hz=0.0, ack_hz=0.0, busy_hz=0.0, retry_count=0, reject_count=0, inter_ack_ms=0.0, max_joint_delta=0.000, cumul_time=0.00s, hold_count=0, ik_mode=Local, ik_avg_ms=0.00, ik_fails=0
[INFO] [1787035791.426702378] [cartesian_streamer]: Bootstrap EE pose via FK: (-0.1620, 0.2801, 0.3785)
[INFO] [1787035791.427291146] [cartesian_streamer]: Đang stream qua service: /queue_traj_point
[INFO] [1787035791.428401427] [cartesian_streamer]: Đã gửi seed point (current joints, t=0), chờ ACK...
[INFO] [1787035791.433747007] [cartesian_streamer]: Seed ACK nhận được, bắt đầu prebuffer.
[INFO] [1787035791.434268199] [cartesian_streamer]: Queue accepted sample#1: svc=/queue_traj_point, t_cumul=0.0000s, code=1, msg="Mock: Point accepted (0)", hold=False
[INFO] [1787035791.494712489] [cartesian_streamer]: Queue accepted sample#2: svc=/queue_traj_point, t_cumul=0.0643s, code=1, msg="Mock: Point accepted (1)", hold=True
[INFO] [1787035791.560639264] [cartesian_streamer]: Queue accepted sample#3: svc=/queue_traj_point, t_cumul=0.1301s, code=1, msg="Mock: Point accepted (2)", hold=True
[INFO] [1787035791.626572662] [cartesian_streamer]: Pre-buffer hoàn tất (3 points), bắt đầu stream ổn định. Đang chờ target...
[INFO] [1787035791.626852765] [cartesian_streamer]: Queue accepted sample#4: svc=/queue_traj_point, t_cumul=0.1972s, code=1, msg="Mock: Point accepted (3)", hold=True
[INFO] [1787035791.694957773] [cartesian_streamer]: Queue accepted sample#5: svc=/queue_traj_point, t_cumul=0.2644s, code=1, msg="Mock: Point accepted (4)", hold=True
[INFO] [1787035791.758910286] [cartesian_streamer]: IK OK → Δmax=0.0000 rad, joints: [1.571, 0.124, -1.049, 0.000, -0.398, -1.444]
[WARN] [1787035792.092719181] [cartesian_streamer]: QueueTrajPoint đã được accept nhưng joint_states hầu như không đổi. Kiểm tra: 1) Robot ở mode AUTO? 2) Servo ON? 3) E-stop cleared?
[INFO] [1787035792.695078526] [cartesian_streamer]: QueueTrajPoint accepted #20: t=1.266s, hold=False
[INFO] [1787035793.027385040] [cartesian_streamer]: IK delta clamped → joints: [1.565, 0.097, -0.927, -0.000, -0.525, -1.438]
[INFO] [1787035793.765182162] [cartesian_streamer]: IK OK → Δmax=0.0900 rad, joints: [1.519, 0.041, -0.752, 0.000, -0.584, -1.392]
[INFO] [1787035794.027949813] [cartesian_streamer]: QueueTrajPoint accepted #40: t=2.598s, hold=False
[INFO] [1787035795.094527200] [cartesian_streamer]: IK delta clamped → joints: [1.502, 0.117, -0.486, 0.000, -0.691, -1.375]
[INFO] [1787035795.363862950] [cartesian_streamer]: QueueTrajPoint accepted #60: t=3.933s, hold=False
[INFO] [1787035795.826129761] [cartesian_streamer]: IK OK → Δmax=0.0900 rad, joints: [1.522, 0.251, -0.339, 0.000, -0.749, -1.395]
[INFO] [1787035796.492248703] [cartesian_streamer]: Runtime rate: state=streaming, tick_hz=15.0, queue_send_hz=15.0, ack_hz=15.0, busy_hz=0.0, retry_count=0, reject_count=0, inter_ack_ms=66.6, max_joint_delta=0.090, cumul_time=5.00s, hold_count=0, ik_mode=Local, ik_avg_ms=0.91, ik_fails=0
[INFO] [1787035796.695594782] [cartesian_streamer]: QueueTrajPoint accepted #80: t=5.267s, hold=False
[INFO] [1787035797.159324168] [cartesian_streamer]: IK delta clamped → joints: [1.556, 0.537, -0.072, 0.000, -0.856, -1.428]
[INFO] [1787035797.827644621] [cartesian_streamer]: IK OK → Δmax=0.0900 rad, joints: [1.570, 0.695, 0.061, -0.000, -0.909, -1.443]
[INFO] [1787035798.029103031] [cartesian_streamer]: QueueTrajPoint accepted #100: t=6.599s, hold=False
[INFO] [1787035799.159576420] [cartesian_streamer]: IK delta clamped → joints: [1.581, 0.964, 0.328, -0.000, -1.016, -1.454]
[INFO] [1787035799.313312965] [cartesian_streamer]: Local IK không hội tụ (fail #1)
[INFO] [1787035799.382641881] [cartesian_streamer]: QueueTrajPoint accepted #120: t=7.953s, hold=True
[WARN] [1787035799.977993428] [cartesian_streamer]: Local IK failed 10x liên tiếp! Fallback sang MoveIt! IK...
[INFO] [1787035799.980884116] [cartesian_streamer]: IK OK → Δmax=0.0900 rad, joints: [1.582, 0.972, 0.354, -0.000, -1.026, -1.454]
[INFO] [1787035800.784867473] [cartesian_streamer]: QueueTrajPoint accepted #140: t=9.355s, hold=False
[INFO] [1787035801.178506804] [cartesian_streamer]: IK delta clamped → joints: [1.582, 0.972, 0.593, -0.000, -1.122, -1.454]
[INFO] [1787035801.492629174] [cartesian_streamer]: Runtime rate: state=streaming, tick_hz=15.0, queue_send_hz=14.8, ack_hz=14.8, busy_hz=0.0, retry_count=0, reject_count=0, inter_ack_ms=67.9, max_joint_delta=0.090, cumul_time=10.02s, hold_count=0, ik_mode=Local, ik_avg_ms=5.23, ik_fails=32
[INFO] [1787035802.025726178] [cartesian_streamer]: IK OK → Δmax=0.0900 rad, joints: [1.576, 0.939, 0.762, -0.000, -1.190, -1.449]
[INFO] [1787035802.095631291] [cartesian_streamer]: QueueTrajPoint accepted #160: t=10.666s, hold=False
[INFO] [1787035803.225612917] [cartesian_streamer]: IK delta clamped → joints: [1.531, 0.655, 0.674, 0.000, -1.286, -1.404]
[INFO] [1787035803.429629644] [cartesian_streamer]: QueueTrajPoint accepted #180: t=12.000s, hold=False
[INFO] [1787035804.025829008] [cartesian_streamer]: IK OK → Δmax=0.0900 rad, joints: [1.492, 0.495, 0.514, 0.000, -1.350, -1.365]
[INFO] [1787035804.761253170] [cartesian_streamer]: QueueTrajPoint accepted #200: t=13.332s, hold=False
[INFO] [1787035805.294571029] [cartesian_streamer]: IK delta clamped → joints: [1.465, 0.242, 0.261, 0.000, -1.275, -1.337]
[INFO] [1787035806.093435798] [cartesian_streamer]: IK OK → Δmax=0.0700 rad, joints: [1.486, 0.082, 0.101, 0.000, -1.220, -1.359]
[INFO] [1787035806.095836375] [cartesian_streamer]: QueueTrajPoint accepted #220: t=14.666s, hold=False
[INFO] [1787035806.558148468] [cartesian_streamer]: Runtime rate: state=streaming, tick_hz=15.0, queue_send_hz=15.0, ack_hz=15.0, busy_hz=0.0, retry_count=0, reject_count=0, inter_ack_ms=66.4, max_joint_delta=0.090, cumul_time=15.07s, hold_count=0, ik_mode=Local, ik_avg_ms=3.74, ik_fails=32
[INFO] [1787035807.360256868] [cartesian_streamer]: IK delta clamped → joints: [1.484, 0.116, 0.095, 0.000, -1.406, -1.357]
[INFO] [1787035807.428970918] [cartesian_streamer]: QueueTrajPoint accepted #240: t=15.999s, hold=False
[INFO] [1787035808.093838827] [cartesian_streamer]: IK OK → Δmax=0.0900 rad, joints: [1.496, 0.195, 0.251, 0.000, -1.465, -1.369]
[INFO] [1787035808.762128533] [cartesian_streamer]: QueueTrajPoint accepted #260: t=17.332s, hold=False
[INFO] [1787035809.425600512] [cartesian_streamer]: IK delta clamped → joints: [1.526, 0.376, 0.518, 0.000, -1.571, -1.399]
[INFO] [1787035810.094861910] [cartesian_streamer]: QueueTrajPoint accepted #280: t=18.666s, hold=False
[INFO] [1787035810.162333325] [cartesian_streamer]: IK OK → Δmax=0.0900 rad, joints: [1.549, 0.379, 0.594, 0.000, -1.630, -1.421]
[INFO] [1787035811.426546720] [cartesian_streamer]: IK delta clamped → joints: [1.581, 0.448, 0.337, -0.000, -1.466, -1.453]
[INFO] [1787035811.428924730] [cartesian_streamer]: QueueTrajPoint accepted #300: t=20.000s, hold=False
[INFO] [1787035811.624844289] [cartesian_streamer]: Runtime rate: state=streaming, tick_hz=15.0, queue_send_hz=15.0, ack_hz=15.0, busy_hz=0.0, retry_count=0, reject_count=0, inter_ack_ms=66.6, max_joint_delta=0.090, cumul_time=20.13s, hold_count=0, ik_mode=Local, ik_avg_ms=3.04, ik_fails=32
[INFO] [1787035812.227434669] [cartesian_streamer]: IK OK → Δmax=0.0900 rad, joints: [1.600, 0.484, 0.163, -0.000, -1.402, -1.473]
[INFO] [1787035812.761477579] [cartesian_streamer]: QueueTrajPoint accepted #320: t=21.332s, hold=False
[INFO] [1787035813.493668251] [cartesian_streamer]: IK delta clamped → joints: [1.766, 0.615, 0.270, -0.000, -1.301, -1.639]
[INFO] [1787035814.095699654] [cartesian_streamer]: QueueTrajPoint accepted #340: t=22.666s, hold=False
[INFO] [1787035814.293706671] [cartesian_streamer]: IK OK → Δmax=0.0516 rad, joints: [1.720, 0.648, 0.352, -0.000, -1.275, -1.593]
[INFO] [1787035815.429804333] [cartesian_streamer]: QueueTrajPoint accepted #360: t=24.000s, hold=False
[INFO] [1787035815.494257854] [cartesian_streamer]: IK delta clamped → joints: [1.549, 0.467, 0.087, 0.000, -1.191, -1.423]
[INFO] [1787035816.294246330] [cartesian_streamer]: IK OK → Δmax=0.0900 rad, joints: [1.436, 0.321, -0.083, 0.000, -1.140, -1.359]
[INFO] [1787035816.691637197] [cartesian_streamer]: Runtime rate: state=streaming, tick_hz=15.0, queue_send_hz=15.0, ack_hz=15.0, busy_hz=0.0, retry_count=0, reject_count=0, inter_ack_ms=66.7, max_joint_delta=0.090, cumul_time=25.20s, hold_count=0, ik_mode=Local, ik_avg_ms=2.65, ik_fails=32
[INFO] [1787035816.771238061] [cartesian_streamer]: QueueTrajPoint accepted #380: t=25.339s, hold=False
[INFO] [1787035818.095153138] [cartesian_streamer]: QueueTrajPoint accepted #400: t=26.666s, hold=False
[INFO] [1787035818.359100343] [cartesian_streamer]: IK OK → Δmax=0.0218 rad, joints: [1.527, 0.219, -0.203, 0.000, -1.149, -1.400]
[INFO] [1787035819.025795802] [cartesian_streamer]: IK delta clamped → joints: [1.533, 0.354, -0.022, 0.000, -1.202, -1.406]
[INFO] [1787035819.429321177] [cartesian_streamer]: QueueTrajPoint accepted #420: t=28.000s, hold=False
[INFO] [1787035820.359537909] [cartesian_streamer]: IK OK → Δmax=0.0700 rad, joints: [1.549, 0.644, 0.245, 0.000, -1.367, -1.422]
[INFO] [1787035820.762937867] [cartesian_streamer]: QueueTrajPoint accepted #440: t=29.332s, hold=False
[INFO] [1787035821.026570631] [cartesian_streamer]: IK delta clamped → joints: [1.552, 0.808, 0.378, 0.000, -1.444, -1.424]
[INFO] [1787035821.759459449] [cartesian_streamer]: Runtime rate: state=streaming, tick_hz=15.0, queue_send_hz=15.0, ack_hz=15.0, busy_hz=0.0, retry_count=0, reject_count=0, inter_ack_ms=66.7, max_joint_delta=0.090, cumul_time=30.27s, hold_count=0, ik_mode=Local, ik_avg_ms=2.38, ik_fails=32
[INFO] [1787035822.095712846] [cartesian_streamer]: QueueTrajPoint accepted #460: t=30.666s, hold=False
[INFO] [1787035822.425798842] [cartesian_streamer]: IK OK → Δmax=0.0700 rad, joints: [1.554, 0.800, 0.658, 0.000, -1.530, -1.427]
[INFO] [1787035823.429086017] [cartesian_streamer]: QueueTrajPoint accepted #480: t=31.999s, hold=False
[INFO] [1787035824.493389461] [cartesian_streamer]: IK OK → Δmax=0.0205 rad, joints: [1.561, 0.770, 0.727, 0.000, -1.529, -1.433]
[INFO] [1787035824.693262430] [cartesian_streamer]: IK delta clamped → joints: [1.559, 0.720, 0.637, 0.000, -1.476, -1.432]
[INFO] [1787035824.761331216] [cartesian_streamer]: QueueTrajPoint accepted #500: t=33.332s, hold=False
[INFO] [1787035826.094766878] [cartesian_streamer]: QueueTrajPoint accepted #520: t=34.665s, hold=False
[INFO] [1787035826.559428363] [cartesian_streamer]: IK OK → Δmax=0.0900 rad, joints: [1.553, 0.384, 0.264, 0.000, -1.284, -1.426]
[INFO] [1787035826.587339150] [cartesian_streamer]: Disable Robot: dừng stream, tắt traj mode...
[INFO] [1787035826.588371658] [cartesian_streamer]: ✗ Robot DISABLED.
[INFO] [1787035884.046198829] [cartesian_streamer]: Enable Robot: bắt đầu chuỗi khởi động...
[INFO] [1787035884.046476207] [cartesian_streamer]: Enable: reset_error...
[INFO] [1787035884.048604801] [cartesian_streamer]: reset_error: code=1, msg="Mock: Error Reset OK"
[INFO] [1787035884.049175558] [cartesian_streamer]: Enable: stop_traj_mode (giải phóng mode cũ)...
[INFO] [1787035884.051134931] [cartesian_streamer]: stop_traj_mode: success=True, code=N/A, msg="Mock: OK"
[INFO] [1787035884.051776898] [cartesian_streamer]: Enable: chờ 1.5s để hệ thống ổn định trước khi start queue...
[INFO] [1787035885.554279792] [cartesian_streamer]: Enable: StartPointQueueMode...
[INFO] [1787035885.556788002] [cartesian_streamer]: StartPointQueueMode response: code=1, msg="Mock: Queue Mode Started"
[INFO] [1787035885.557751458] [cartesian_streamer]: ✓ Robot ENABLED — Point Queue Mode active. Servo ON!
[INFO] [1787035885.558175226] [cartesian_streamer]: Runtime rate: state=seeding, tick_hz=1.1, queue_send_hz=1.1, ack_hz=1.1, busy_hz=0.0, retry_count=0, reject_count=0, inter_ack_ms=66.7, max_joint_delta=0.090, cumul_time=0.00s, hold_count=0, ik_mode=Local, ik_avg_ms=2.18, ik_fails=32
[WARN] [1787035885.558762352] [cartesian_streamer]: Target stream stale: không có target mới trong 59.0s
[WARN] [1787035885.559187802] [cartesian_streamer]: QueueTrajPoint đã được accept nhưng joint_states hầu như không đổi. Kiểm tra: 1) Robot ở mode AUTO? 2) Servo ON? 3) E-stop cleared?
[INFO] [1787035885.559748099] [cartesian_streamer]: Bootstrap EE pose via FK: (-0.1620, 0.2801, 0.3785)
[INFO] [1787035885.560636148] [cartesian_streamer]: Đã gửi seed point (current joints, t=0), chờ ACK...
[INFO] [1787035885.562317481] [cartesian_streamer]: Seed ACK nhận được, bắt đầu prebuffer.
[INFO] [1787035885.759552563] [cartesian_streamer]: Pre-buffer hoàn tất (3 points), bắt đầu stream ổn định. Đang chờ target...
[INFO] [1787035886.163517164] [cartesian_streamer]: IK OK → Δmax=0.0003 rad, joints: [1.571, 0.124, -1.050, 0.000, -0.398, -1.444]
[INFO] [1787035886.363403679] [cartesian_streamer]: QueueTrajPoint accepted #540: t=0.801s, hold=False
[INFO] [1787035887.427171646] [cartesian_streamer]: IK delta clamped → joints: [1.529, -0.062, -1.066, 0.000, -0.551, -1.402]
[INFO] [1787035887.696441131] [cartesian_streamer]: QueueTrajPoint accepted #560: t=2.135s, hold=False
[INFO] [1787035888.165328846] [cartesian_streamer]: IK OK → Δmax=0.0900 rad, joints: [1.439, -0.139, -0.868, 0.000, -0.610, -1.312]
[INFO] [1787035889.030105991] [cartesian_streamer]: QueueTrajPoint accepted #580: t=3.468s, hold=False
[INFO] [1787035889.493414002] [cartesian_streamer]: IK delta clamped → joints: [1.430, -0.062, -0.602, 0.000, -0.716, -1.303]
[INFO] [1787035890.225991140] [cartesian_streamer]: IK OK → Δmax=0.0900 rad, joints: [1.462, 0.064, -0.455, 0.000, -0.775, -1.335]
[INFO] [1787035890.362731627] [cartesian_streamer]: QueueTrajPoint accepted #600: t=4.800s, hold=False
[INFO] [1787035890.558122741] [cartesian_streamer]: Runtime rate: state=streaming, tick_hz=15.0, queue_send_hz=15.0, ack_hz=15.0, busy_hz=0.0, retry_count=0, reject_count=0, inter_ack_ms=852.5, max_joint_delta=0.090, cumul_time=4.94s, hold_count=0, ik_mode=Local, ik_avg_ms=2.06, ik_fails=32
[INFO] [1787035891.493709893] [cartesian_streamer]: IK delta clamped → joints: [1.521, 0.336, -0.202, 0.000, -0.876, -1.394]
[INFO] [1787035891.699696380] [cartesian_streamer]: QueueTrajPoint accepted #620: t=6.137s, hold=False
[INFO] [1787035892.227580265] [cartesian_streamer]: IK OK → Δmax=0.0900 rad, joints: [1.548, 0.498, -0.055, 0.000, -0.935, -1.421]
[INFO] [1787035893.028996851] [cartesian_streamer]: QueueTrajPoint accepted #640: t=7.467s, hold=False
[INFO] [1787035893.493753560] [cartesian_streamer]: IK delta clamped → joints: [1.588, 0.774, 0.198, -0.000, -1.036, -1.461]
[INFO] [1787035894.294285087] [cartesian_streamer]: IK OK → Δmax=0.0900 rad, joints: [1.591, 0.897, 0.358, -0.000, -1.100, -1.464]
[INFO] [1787035894.362400187] [cartesian_streamer]: QueueTrajPoint accepted #660: t=8.800s, hold=False
[INFO] [1787035895.112824163] [cartesian_streamer]: Local IK không hội tụ (fail #1)
[INFO] [1787035895.559055459] [cartesian_streamer]: IK delta clamped → joints: [1.596, 0.889, 0.528, -0.000, -1.168, -1.469]
[INFO] [1787035895.624938470] [cartesian_streamer]: Runtime rate: state=streaming, tick_hz=15.0, queue_send_hz=15.0, ack_hz=15.0, busy_hz=0.0, retry_count=0, reject_count=0, inter_ack_ms=66.6, max_joint_delta=0.090, cumul_time=10.00s, hold_count=0, ik_mode=Local, ik_avg_ms=2.11, ik_fails=38
[INFO] [1787035895.696730109] [cartesian_streamer]: QueueTrajPoint accepted #680: t=10.135s, hold=False
[INFO] [1787035896.359348629] [cartesian_streamer]: IK OK → Δmax=0.0900 rad, joints: [1.594, 0.819, 0.688, -0.000, -1.232, -1.467]
[INFO] [1787035897.028794549] [cartesian_streamer]: QueueTrajPoint accepted #700: t=11.467s, hold=False
[INFO] [1787035897.559791445] [cartesian_streamer]: IK delta clamped → joints: [1.599, 0.853, 0.852, -0.000, -1.328, -1.471]
[INFO] [1787035898.361538244] [cartesian_streamer]: QueueTrajPoint accepted #720: t=12.799s, hold=False
[INFO] [1787035898.425997372] [cartesian_streamer]: IK OK → Δmax=0.0900 rad, joints: [1.594, 0.846, 0.844, -0.000, -1.398, -1.467]
[INFO] [1787035899.693150727] [cartesian_streamer]: IK delta clamped → joints: [1.604, 0.770, 0.645, -0.000, -1.435, -1.477]
[INFO] [1787035899.695699506] [cartesian_streamer]: QueueTrajPoint accepted #740: t=14.134s, hold=False
[INFO] [1787035900.430042100] [cartesian_streamer]: IK OK → Δmax=0.0731 rad, joints: [1.626, 0.663, 0.498, -0.000, -1.299, -1.499]
[INFO] [1787035900.691406167] [cartesian_streamer]: Runtime rate: state=streaming, tick_hz=15.0, queue_send_hz=15.0, ack_hz=15.0, busy_hz=0.0, retry_count=0, reject_count=0, inter_ack_ms=66.7, max_joint_delta=0.090, cumul_time=15.07s, hold_count=0, ik_mode=Local, ik_avg_ms=2.00, ik_fails=38
[INFO] [1787035901.029763072] [cartesian_streamer]: QueueTrajPoint accepted #760: t=15.468s, hold=False
[INFO] [1787035902.361366225] [cartesian_streamer]: QueueTrajPoint accepted #780: t=16.800s, hold=False
[INFO] [1787035902.493360868] [cartesian_streamer]: IK OK → Δmax=0.0082 rad, joints: [1.625, 0.683, 0.430, -0.000, -1.318, -1.498]
[INFO] [1787035903.694563843] [cartesian_streamer]: QueueTrajPoint accepted #800: t=18.133s, hold=False
[INFO] [1787035904.493448805] [cartesian_streamer]: IK OK → Δmax=0.0153 rad, joints: [1.651, 0.704, 0.505, -0.000, -1.372, -1.524]
[INFO] [1787035905.028822188] [cartesian_streamer]: QueueTrajPoint accepted #820: t=19.467s, hold=False
[INFO] [1787035905.691396307] [cartesian_streamer]: Runtime rate: state=streaming, tick_hz=15.0, queue_send_hz=15.0, ack_hz=15.0, busy_hz=0.0, retry_count=0, reject_count=0, inter_ack_ms=66.7, max_joint_delta=0.070, cumul_time=20.07s, hold_count=0, ik_mode=Local, ik_avg_ms=1.90, ik_fails=38
[INFO] [1787035905.759254379] [cartesian_streamer]: IK delta clamped → joints: [1.614, 0.683, 0.452, -0.000, -1.330, -1.486]
[INFO] [1787035906.361113859] [cartesian_streamer]: QueueTrajPoint accepted #840: t=20.799s, hold=False
[INFO] [1787035906.415680586] [cartesian_streamer]: Disable Robot: dừng stream, tắt traj mode...
[INFO] [1787035906.416121844] [cartesian_streamer]: ✗ Robot DISABLED.
[INFO] [1787035914.723684111] [cartesian_streamer]: Enable Robot: bắt đầu chuỗi khởi động...
[INFO] [1787035914.724022921] [cartesian_streamer]: Enable: reset_error...
[INFO] [1787035914.726421642] [cartesian_streamer]: reset_error: code=1, msg="Mock: Error Reset OK"
[INFO] [1787035914.726989802] [cartesian_streamer]: Enable: stop_traj_mode (giải phóng mode cũ)...
[INFO] [1787035914.728743611] [cartesian_streamer]: stop_traj_mode: success=True, code=N/A, msg="Mock: OK"
[INFO] [1787035914.729180281] [cartesian_streamer]: Enable: chờ 1.5s để hệ thống ổn định trước khi start queue...
[INFO] [1787035916.230321702] [cartesian_streamer]: Enable: StartPointQueueMode...
[INFO] [1787035916.232629166] [cartesian_streamer]: StartPointQueueMode response: code=1, msg="Mock: Queue Mode Started"
[INFO] [1787035916.232924476] [cartesian_streamer]: ✓ Robot ENABLED — Point Queue Mode active. Servo ON!
[INFO] [1787035916.292435789] [cartesian_streamer]: Runtime rate: state=seeding, tick_hz=1.0, queue_send_hz=1.0, ack_hz=1.0, busy_hz=0.0, retry_count=0, reject_count=0, inter_ack_ms=66.7, max_joint_delta=0.090, cumul_time=0.00s, hold_count=0, ik_mode=Local, ik_avg_ms=1.89, ik_fails=38
[WARN] [1787035916.293055724] [cartesian_streamer]: Target stream stale: không có target mới trong 9.9s
[INFO] [1787035916.295280506] [cartesian_streamer]: Bootstrap EE pose via FK: (-0.1620, 0.2801, 0.3785)
[INFO] [1787035916.295793925] [cartesian_streamer]: Đã gửi seed point (current joints, t=0), chờ ACK...
[INFO] [1787035916.297297006] [cartesian_streamer]: Seed ACK nhận được, bắt đầu prebuffer.
[INFO] [1787035916.494978870] [cartesian_streamer]: Pre-buffer hoàn tất (3 points), bắt đầu stream ổn định. Đang chờ target...
[INFO] [1787035917.363301089] [cartesian_streamer]: IK OK → Δmax=0.0002 rad, joints: [1.571, 0.124, -1.049, -0.000, -0.398, -1.443]
[INFO] [1787035917.562971844] [cartesian_streamer]: QueueTrajPoint accepted #860: t=1.265s, hold=False
[INFO] [1787035918.694572468] [cartesian_streamer]: IK delta clamped → joints: [1.611, 0.124, -0.897, -0.000, -0.536, -1.484]
[INFO] [1787035918.896182505] [cartesian_streamer]: QueueTrajPoint accepted #880: t=2.599s, hold=False
[INFO] [1787035919.427873978] [cartesian_streamer]: IK OK → Δmax=0.0900 rad, joints: [1.554, 0.101, -0.742, 0.000, -0.595, -1.426]
[INFO] [1787035920.230015560] [cartesian_streamer]: QueueTrajPoint accepted #900: t=3.932s, hold=False
[INFO] [1787035920.759207977] [cartesian_streamer]: IK delta clamped → joints: [1.520, 0.194, -0.476, 0.000, -0.702, -1.393]
[INFO] [1787035921.358238111] [cartesian_streamer]: Runtime rate: state=streaming, tick_hz=15.0, queue_send_hz=15.0, ack_hz=15.0, busy_hz=0.0, retry_count=0, reject_count=0, inter_ack_ms=196.5, max_joint_delta=0.090, cumul_time=5.00s, hold_count=0, ik_mode=Local, ik_avg_ms=1.84, ik_fails=38
[INFO] [1787035921.493873773] [cartesian_streamer]: IK OK → Δmax=0.0900 rad, joints: [1.519, 0.307, -0.329, 0.000, -0.760, -1.392]
[INFO] [1787035921.562711476] [cartesian_streamer]: QueueTrajPoint accepted #920: t=5.264s, hold=False
[INFO] [1787035922.759294659] [cartesian_streamer]: IK delta clamped → joints: [1.553, 0.580, -0.076, 0.000, -0.862, -1.426]
[INFO] [1787035922.895050029] [cartesian_streamer]: QueueTrajPoint accepted #940: t=6.598s, hold=False
[INFO] [1787035923.493970935] [cartesian_streamer]: IK OK → Δmax=0.0900 rad, joints: [1.581, 0.752, 0.071, -0.000, -0.921, -1.454]
[INFO] [1787035924.228843061] [cartesian_streamer]: QueueTrajPoint accepted #960: t=7.931s, hold=False
[INFO] [1787035924.825609618] [cartesian_streamer]: IK delta clamped → joints: [1.604, 0.896, 0.337, -0.000, -1.027, -1.477]
[INFO] [1787035925.559949546] [cartesian_streamer]: IK OK → Δmax=0.0900 rad, joints: [1.604, 0.907, 0.484, -0.000, -1.086, -1.477]
[INFO] [1787035925.562443309] [cartesian_streamer]: QueueTrajPoint accepted #980: t=9.265s, hold=False
[INFO] [1787035926.357874745] [cartesian_streamer]: Runtime rate: state=streaming, tick_hz=15.0, queue_send_hz=15.0, ack_hz=15.0, busy_hz=0.0, retry_count=0, reject_count=0, inter_ack_ms=66.6, max_joint_delta=0.090, cumul_time=10.00s, hold_count=0, ik_mode=Local, ik_avg_ms=1.78, ik_fails=38
[INFO] [1787035926.826768092] [cartesian_streamer]: IK delta clamped → joints: [1.609, 0.789, 0.737, -0.000, -1.187, -1.482]
[INFO] [1787035926.895151315] [cartesian_streamer]: QueueTrajPoint accepted #1000: t=10.598s, hold=False
[INFO] [1787035927.560505815] [cartesian_streamer]: IK OK → Δmax=0.0900 rad, joints: [1.604, 0.819, 0.661, -0.000, -1.246, -1.476]
[INFO] [1787035928.228907023] [cartesian_streamer]: QueueTrajPoint accepted #1020: t=11.931s, hold=False
[INFO] [1787035928.893107144] [cartesian_streamer]: IK delta clamped → joints: [1.614, 0.692, 0.455, -0.000, -1.255, -1.486]
[INFO] [1787035929.560798740] [cartesian_streamer]: QueueTrajPoint accepted #1040: t=13.264s, hold=False
[INFO] [1787035929.625642715] [cartesian_streamer]: IK OK → Δmax=0.0900 rad, joints: [1.659, 0.579, 0.309, -0.000, -1.114, -1.532]
[INFO] [1787035930.894974213] [cartesian_streamer]: QueueTrajPoint accepted #1060: t=14.598s, hold=False
[INFO] [1787035931.159496093] [cartesian_streamer]: IK delta clamped → joints: [1.729, 0.543, 0.222, -0.000, -1.249, -1.602]
[INFO] [1787035931.358245983] [cartesian_streamer]: Runtime rate: state=streaming, tick_hz=15.0, queue_send_hz=15.0, ack_hz=15.0, busy_hz=0.0, retry_count=0, reject_count=0, inter_ack_ms=66.7, max_joint_delta=0.090, cumul_time=15.00s, hold_count=0, ik_mode=Local, ik_avg_ms=1.72, ik_fails=38
[INFO] [1787035931.627699105] [cartesian_streamer]: IK OK → Δmax=0.0900 rad, joints: [1.719, 0.637, 0.322, -0.000, -1.286, -1.591]
[INFO] [1787035932.231376043] [cartesian_streamer]: QueueTrajPoint accepted #1080: t=15.933s, hold=False
[INFO] [1787035933.160986164] [cartesian_streamer]: IK delta clamped → joints: [1.770, 0.598, 0.269, -0.000, -1.158, -1.643]
[INFO] [1787035933.562743480] [cartesian_streamer]: QueueTrajPoint accepted #1100: t=17.265s, hold=False
[INFO] [1787035933.694677928] [cartesian_streamer]: IK OK → Δmax=0.0900 rad, joints: [1.765, 0.523, 0.162, -0.000, -1.113, -1.638]
[INFO] [1787035934.898128193] [cartesian_streamer]: QueueTrajPoint accepted #1120: t=18.600s, hold=False
[INFO] [1787035935.226563275] [cartesian_streamer]: IK delta clamped → joints: [1.745, 0.370, -0.145, -0.000, -0.990, -1.618]
[INFO] [1787035935.694722704] [cartesian_streamer]: IK OK → Δmax=0.0900 rad, joints: [1.737, 0.342, -0.238, -0.000, -0.953, -1.609]
[INFO] [1787035935.909481178] [cartesian_streamer]: Disable Robot: dừng stream, tắt traj mode...
[INFO] [1787035935.910357323] [cartesian_streamer]: ✗ Robot DISABLED.
[INFO] [1787035948.354854656] [cartesian_streamer]: Enable Robot: bắt đầu chuỗi khởi động...
[INFO] [1787035948.355518153] [cartesian_streamer]: Enable: reset_error...
[INFO] [1787035948.357773895] [cartesian_streamer]: reset_error: code=1, msg="Mock: Error Reset OK"
[INFO] [1787035948.358106004] [cartesian_streamer]: Enable: stop_traj_mode (giải phóng mode cũ)...
[INFO] [1787035948.359238599] [cartesian_streamer]: stop_traj_mode: success=True, code=N/A, msg="Mock: OK"
[INFO] [1787035948.359564786] [cartesian_streamer]: Enable: chờ 1.5s để hệ thống ổn định trước khi start queue...
[INFO] [1787035949.860401744] [cartesian_streamer]: Enable: StartPointQueueMode...
[INFO] [1787035949.863092688] [cartesian_streamer]: StartPointQueueMode response: code=1, msg="Mock: Queue Mode Started"
[INFO] [1787035949.863425138] [cartesian_streamer]: ✓ Robot ENABLED — Point Queue Mode active. Servo ON!
[INFO] [1787035949.894099973] [cartesian_streamer]: Runtime rate: state=seeding, tick_hz=3.7, queue_send_hz=3.7, ack_hz=3.7, busy_hz=0.0, retry_count=0, reject_count=0, inter_ack_ms=66.6, max_joint_delta=0.090, cumul_time=0.00s, hold_count=0, ik_mode=Local, ik_avg_ms=1.69, ik_fails=38
[WARN] [1787035949.894694599] [cartesian_streamer]: Target stream stale: không có target mới trong 14.0s
[WARN] [1787035949.895267864] [cartesian_streamer]: QueueTrajPoint đã được accept nhưng joint_states hầu như không đổi. Kiểm tra: 1) Robot ở mode AUTO? 2) Servo ON? 3) E-stop cleared?
[INFO] [1787035949.896428782] [cartesian_streamer]: Bootstrap EE pose via FK: (-0.1620, 0.2801, 0.3785)
[INFO] [1787035949.897132214] [cartesian_streamer]: Đã gửi seed point (current joints, t=0), chờ ACK...
[INFO] [1787035949.898764645] [cartesian_streamer]: Seed ACK nhận được, bắt đầu prebuffer.
[INFO] [1787035950.093679485] [cartesian_streamer]: Pre-buffer hoàn tất (3 points), bắt đầu stream ổn định. Đang chờ target...
[INFO] [1787035950.160968068] [cartesian_streamer]: IK OK → Δmax=0.0001 rad, joints: [1.571, 0.124, -1.049, 0.000, -0.398, -1.444]
[INFO] [1787035950.163291476] [cartesian_streamer]: QueueTrajPoint accepted #1140: t=0.264s, hold=False
[INFO] [1787035951.093787815] [cartesian_streamer]: IK delta clamped → joints: [1.692, 0.112, -1.024, -0.000, -0.436, -1.559]
[INFO] [1787035951.496277657] [cartesian_streamer]: QueueTrajPoint accepted #1160: t=1.597s, hold=False
[INFO] [1787035952.227104612] [cartesian_streamer]: IK OK → Δmax=0.0900 rad, joints: [1.863, 0.141, -0.740, -0.000, -0.605, -1.650]
[INFO] [1787035952.827945839] [cartesian_streamer]: QueueTrajPoint accepted #1180: t=2.929s, hold=False
[INFO] [1787035953.159732791] [cartesian_streamer]: IK delta clamped → joints: [1.810, 0.101, -0.554, -0.000, -0.679, -1.683]
[INFO] [1787035954.162739724] [cartesian_streamer]: QueueTrajPoint accepted #1200: t=4.263s, hold=False
[INFO] [1787035954.293248589] [cartesian_streamer]: IK OK → Δmax=0.0900 rad, joints: [1.747, 0.134, -0.327, -0.000, -0.770, -1.620]
[INFO] [1787035954.957932479] [cartesian_streamer]: Runtime rate: state=streaming, tick_hz=15.0, queue_send_hz=15.0, ack_hz=15.0, busy_hz=0.0, retry_count=0, reject_count=0, inter_ack_ms=250.0, max_joint_delta=0.090, cumul_time=5.00s, hold_count=0, ik_mode=Local, ik_avg_ms=1.64, ik_fails=38
[INFO] [1787035955.225422295] [cartesian_streamer]: IK delta clamped → joints: [1.714, 0.285, -0.141, -0.000, -0.845, -1.587]
[INFO] [1787035955.494987917] [cartesian_streamer]: QueueTrajPoint accepted #1220: t=5.597s, hold=False
[INFO] [1787035956.295644950] [cartesian_streamer]: IK OK → Δmax=0.0900 rad, joints: [1.671, 0.510, 0.073, -0.000, -0.930, -1.544]
[INFO] [1787035956.829587494] [cartesian_streamer]: QueueTrajPoint accepted #1240: t=6.930s, hold=False
[INFO] [1787035957.226992716] [cartesian_streamer]: IK delta clamped → joints: [1.634, 0.694, 0.260, -0.000, -1.005, -1.506]
[INFO] [1787035958.163219286] [cartesian_streamer]: QueueTrajPoint accepted #1260: t=8.264s, hold=False
[INFO] [1787035958.360277199] [cartesian_streamer]: IK OK → Δmax=0.0900 rad, joints: [1.607, 0.883, 0.486, -0.000, -1.095, -1.480]
[INFO] [1787035959.294297059] [cartesian_streamer]: IK delta clamped → joints: [1.601, 0.725, 0.673, -0.000, -1.170, -1.474]
[INFO] [1787035959.497264747] [cartesian_streamer]: QueueTrajPoint accepted #1280: t=9.598s, hold=False
[INFO] [1787035959.958002921] [cartesian_streamer]: Runtime rate: state=streaming, tick_hz=15.0, queue_send_hz=15.0, ack_hz=15.0, busy_hz=0.0, retry_count=0, reject_count=0, inter_ack_ms=66.7, max_joint_delta=0.090, cumul_time=10.00s, hold_count=0, ik_mode=Local, ik_avg_ms=1.62, ik_fails=38
[INFO] [1787035960.360528121] [cartesian_streamer]: IK OK → Δmax=0.0900 rad, joints: [1.605, 0.712, 0.557, -0.000, -1.256, -1.478]
[INFO] [1787035960.828137500] [cartesian_streamer]: QueueTrajPoint accepted #1300: t=10.930s, hold=False
[INFO] [1787035961.359185193] [cartesian_streamer]: IK delta clamped → joints: [1.603, 0.700, 0.531, -0.000, -1.335, -1.476]
[INFO] [1787035962.162810448] [cartesian_streamer]: QueueTrajPoint accepted #1320: t=12.263s, hold=False
[INFO] [1787035962.425718627] [cartesian_streamer]: IK OK → Δmax=0.0900 rad, joints: [1.664, 0.868, 0.796, -0.000, -1.421, -1.537]
[INFO] [1787035963.359238141] [cartesian_streamer]: IK delta clamped → joints: [1.579, 0.673, 0.568, -0.000, -1.417, -1.452]
[INFO] [1787035963.497788014] [cartesian_streamer]: QueueTrajPoint accepted #1340: t=13.600s, hold=False
[INFO] [1787035964.426315103] [cartesian_streamer]: IK OK → Δmax=0.0831 rad, joints: [1.584, 0.485, 0.355, -0.000, -1.250, -1.456]
[INFO] [1787035964.828788038] [cartesian_streamer]: QueueTrajPoint accepted #1360: t=14.930s, hold=False
[INFO] [1787035964.958444325] [cartesian_streamer]: Runtime rate: state=streaming, tick_hz=15.0, queue_send_hz=15.0, ack_hz=15.0, busy_hz=0.0, retry_count=0, reject_count=0, inter_ack_ms=66.7, max_joint_delta=0.090, cumul_time=15.00s, hold_count=0, ik_mode=Local, ik_avg_ms=1.59, ik_fails=38
[INFO] [1787035965.359383958] [cartesian_streamer]: IK delta clamped → joints: [1.640, 0.310, 0.168, -0.000, -1.192, -1.513]
[INFO] [1787035966.162619030] [cartesian_streamer]: QueueTrajPoint accepted #1380: t=16.263s, hold=False
[INFO] [1787035966.494834723] [cartesian_streamer]: IK OK → Δmax=0.0700 rad, joints: [1.744, 0.132, -0.058, -0.000, -1.105, -1.617]
[INFO] [1787035967.426044640] [cartesian_streamer]: IK delta clamped → joints: [1.888, 0.061, -0.245, -0.000, -1.003, -1.760]
[INFO] [1787035967.496132970] [cartesian_streamer]: QueueTrajPoint accepted #1400: t=17.597s, hold=False
[INFO] [1787035968.494848778] [cartesian_streamer]: IK OK → Δmax=0.0900 rad, joints: [1.884, 0.137, -0.459, -0.000, -0.918, -1.756]
[INFO] [1787035968.827320742] [cartesian_streamer]: QueueTrajPoint accepted #1420: t=18.929s, hold=False
[INFO] [1787035969.426336608] [cartesian_streamer]: IK delta clamped → joints: [1.916, 0.163, -0.589, -0.000, -0.843, -1.788]
[INFO] [1787035970.024690938] [cartesian_streamer]: Runtime rate: state=streaming, tick_hz=15.0, queue_send_hz=15.0, ack_hz=15.0, busy_hz=0.0, retry_count=0, reject_count=0, inter_ack_ms=66.6, max_joint_delta=0.090, cumul_time=20.06s, hold_count=0, ik_mode=Local, ik_avg_ms=1.57, ik_fails=38
[INFO] [1787035970.162767139] [cartesian_streamer]: QueueTrajPoint accepted #1440: t=20.264s, hold=False
[INFO] [1787035970.559605519] [cartesian_streamer]: IK OK → Δmax=0.0900 rad, joints: [1.825, 0.203, -0.350, -0.000, -1.009, -1.698]
[INFO] [1787035971.493505908] [cartesian_streamer]: IK delta clamped → joints: [1.746, 0.245, -0.149, -0.000, -1.083, -1.619]
[INFO] [1787035971.495889488] [cartesian_streamer]: QueueTrajPoint accepted #1460: t=21.597s, hold=False
[INFO] [1787035972.559951768] [cartesian_streamer]: IK OK → Δmax=0.0900 rad, joints: [1.684, 0.422, 0.065, -0.000, -1.169, -1.557]
[INFO] [1787035972.827706987] [cartesian_streamer]: QueueTrajPoint accepted #1480: t=22.929s, hold=False
[INFO] [1787035973.559499277] [cartesian_streamer]: IK delta clamped → joints: [1.654, 0.640, 0.265, -0.000, -1.249, -1.527]
[INFO] [1787035974.167244603] [cartesian_streamer]: QueueTrajPoint accepted #1500: t=24.267s, hold=False
[INFO] [1787035974.561505344] [cartesian_streamer]: IK OK → Δmax=0.0900 rad, joints: [1.619, 0.862, 0.466, -0.000, -1.329, -1.492]
[INFO] [1787035975.091448767] [cartesian_streamer]: Runtime rate: state=streaming, tick_hz=15.0, queue_send_hz=15.0, ack_hz=15.0, busy_hz=0.0, retry_count=0, reject_count=0, inter_ack_ms=66.7, max_joint_delta=0.090, cumul_time=25.13s, hold_count=0, ik_mode=Local, ik_avg_ms=1.54, ik_fails=38
[INFO] [1787035975.495826487] [cartesian_streamer]: QueueTrajPoint accepted #1520: t=25.597s, hold=False
[INFO] [1787035975.559643681] [cartesian_streamer]: IK delta clamped → joints: [1.589, 0.854, 0.665, -0.000, -1.409, -1.462]
[INFO] [1787035976.625358317] [cartesian_streamer]: IK OK → Δmax=0.0668 rad, joints: [1.592, 0.812, 0.711, -0.000, -1.471, -1.465]
[INFO] [1787035976.828610640] [cartesian_streamer]: QueueTrajPoint accepted #1540: t=26.930s, hold=False
[INFO] [1787035978.163338995] [cartesian_streamer]: QueueTrajPoint accepted #1560: t=28.264s, hold=False
[INFO] [1787035978.627949932] [cartesian_streamer]: IK OK → Δmax=0.0104 rad, joints: [1.594, 0.817, 0.718, -0.000, -1.472, -1.467]
[INFO] [1787035979.226416359] [cartesian_streamer]: IK delta clamped → joints: [1.600, 0.747, 0.595, -0.000, -1.410, -1.473]
[INFO] [1787035979.495954161] [cartesian_streamer]: QueueTrajPoint accepted #1580: t=29.598s, hold=False
[INFO] [1787035980.091250742] [cartesian_streamer]: Runtime rate: state=streaming, tick_hz=15.0, queue_send_hz=15.0, ack_hz=15.0, busy_hz=0.0, retry_count=0, reject_count=0, inter_ack_ms=66.7, max_joint_delta=0.090, cumul_time=30.13s, hold_count=0, ik_mode=Local, ik_avg_ms=1.51, ik_fails=38
[INFO] [1787035980.694989199] [cartesian_streamer]: IK OK → Δmax=0.0900 rad, joints: [1.625, 0.449, 0.301, -0.000, -1.246, -1.498]
[INFO] [1787035980.829080766] [cartesian_streamer]: QueueTrajPoint accepted #1600: t=30.931s, hold=False
[INFO] [1787035981.226639037] [cartesian_streamer]: IK delta clamped → joints: [1.620, 0.366, 0.194, -0.000, -1.203, -1.493]
[INFO] [1787035982.162641884] [cartesian_streamer]: QueueTrajPoint accepted #1620: t=32.264s, hold=False
[INFO] [1787035982.760045140] [cartesian_streamer]: IK OK → Δmax=0.0900 rad, joints: [1.603, 0.195, -0.112, -0.000, -1.081, -1.476]
[INFO] [1787035982.830028796] [cartesian_streamer]: Disable Robot: dừng stream, tắt traj mode...
[INFO] [1787035982.830471278] [cartesian_streamer]: ✗ Robot DISABLED.
[INFO] [1787035996.482727725] [cartesian_streamer]: Enable Robot: bắt đầu chuỗi khởi động...
[INFO] [1787035996.483170505] [cartesian_streamer]: Enable: reset_error...
[INFO] [1787035996.484825938] [cartesian_streamer]: reset_error: code=1, msg="Mock: Error Reset OK"
[INFO] [1787035996.485146970] [cartesian_streamer]: Enable: stop_traj_mode (giải phóng mode cũ)...
[INFO] [1787035996.486317414] [cartesian_streamer]: stop_traj_mode: success=True, code=N/A, msg="Mock: OK"
[INFO] [1787035996.486599383] [cartesian_streamer]: Enable: chờ 1.5s để hệ thống ổn định trước khi start queue...
[INFO] [1787035997.987692371] [cartesian_streamer]: Enable: StartPointQueueMode...
[INFO] [1787035997.989646674] [cartesian_streamer]: StartPointQueueMode response: code=1, msg="Mock: Queue Mode Started"
[INFO] [1787035997.990281834] [cartesian_streamer]: ✓ Robot ENABLED — Point Queue Mode active. Servo ON!
[INFO] [1787035998.024908641] [cartesian_streamer]: Runtime rate: state=seeding, tick_hz=2.3, queue_send_hz=2.3, ack_hz=2.3, busy_hz=0.0, retry_count=0, reject_count=0, inter_ack_ms=66.7, max_joint_delta=0.090, cumul_time=0.00s, hold_count=0, ik_mode=Local, ik_avg_ms=1.50, ik_fails=38
[WARN] [1787035998.025739908] [cartesian_streamer]: Target stream stale: không có target mới trong 15.2s
[WARN] [1787035998.026272897] [cartesian_streamer]: QueueTrajPoint đã được accept nhưng joint_states hầu như không đổi. Kiểm tra: 1) Robot ở mode AUTO? 2) Servo ON? 3) E-stop cleared?
[INFO] [1787035998.027333094] [cartesian_streamer]: Bootstrap EE pose via FK: (-0.1620, 0.2801, 0.3785)
[INFO] [1787035998.027859942] [cartesian_streamer]: Đã gửi seed point (current joints, t=0), chờ ACK...
[INFO] [1787035998.030103206] [cartesian_streamer]: Seed ACK nhận được, bắt đầu prebuffer.
[INFO] [1787035998.227434944] [cartesian_streamer]: Pre-buffer hoàn tất (3 points), bắt đầu stream ổn định. Đang chờ target...
[INFO] [1787035998.628050386] [cartesian_streamer]: QueueTrajPoint accepted #1640: t=0.597s, hold=True
[INFO] [1787035999.094233203] [cartesian_streamer]: IK OK → Δmax=0.0264 rad, joints: [1.569, 0.110, -1.076, 0.000, -0.386, -1.441]
[INFO] [1787035999.962884417] [cartesian_streamer]: QueueTrajPoint accepted #1660: t=1.932s, hold=False
[INFO] [1787036000.025590122] [cartesian_streamer]: IK delta clamped → joints: [1.685, 0.066, -1.090, -0.000, -0.416, -1.555]
[INFO] [1787036001.095775325] [cartesian_streamer]: IK OK → Δmax=0.0900 rad, joints: [1.743, -0.129, -0.912, -0.000, -0.570, -1.615]
[INFO] [1787036001.298765865] [cartesian_streamer]: QueueTrajPoint accepted #1680: t=3.268s, hold=False
[INFO] [1787036002.026582424] [cartesian_streamer]: IK delta clamped → joints: [1.569, -0.157, -0.687, 0.000, -0.644, -1.442]
[INFO] [1787036002.630629711] [cartesian_streamer]: QueueTrajPoint accepted #1700: t=4.600s, hold=False
[INFO] [1787036003.024715800] [cartesian_streamer]: Runtime rate: state=streaming, tick_hz=15.0, queue_send_hz=15.0, ack_hz=15.0, busy_hz=0.0, retry_count=0, reject_count=0, inter_ack_ms=268.5, max_joint_delta=0.090, cumul_time=4.93s, hold_count=0, ik_mode=Local, ik_avg_ms=1.49, ik_fails=38
[INFO] [1787036003.160548262] [cartesian_streamer]: IK OK → Δmax=0.0900 rad, joints: [1.544, -0.041, -0.444, 0.000, -0.735, -1.417]
[INFO] [1787036003.963206935] [cartesian_streamer]: QueueTrajPoint accepted #1720: t=5.933s, hold=False
[INFO] [1787036004.026769636] [cartesian_streamer]: IK delta clamped → joints: [1.552, 0.119, -0.271, 0.000, -0.804, -1.425]
[INFO] [1787036005.229142441] [cartesian_streamer]: IK OK → Δmax=0.0900 rad, joints: [1.556, 0.372, -0.031, 0.000, -0.900, -1.429]
[INFO] [1787036005.299691539] [cartesian_streamer]: QueueTrajPoint accepted #1740: t=7.270s, hold=False
[INFO] [1787036006.094522859] [cartesian_streamer]: IK delta clamped → joints: [1.562, 0.564, 0.142, 0.000, -0.969, -1.435]
[INFO] [1787036006.630405240] [cartesian_streamer]: QueueTrajPoint accepted #1760: t=8.601s, hold=False
[INFO] [1787036007.295093731] [cartesian_streamer]: IK OK → Δmax=0.0900 rad, joints: [1.596, 0.819, 0.382, -0.000, -1.065, -1.469]
[INFO] [1787036007.962765813] [cartesian_streamer]: QueueTrajPoint accepted #1780: t=9.933s, hold=False
[INFO] [1787036008.093397510] [cartesian_streamer]: Runtime rate: state=streaming, tick_hz=15.0, queue_send_hz=15.0, ack_hz=15.0, busy_hz=0.0, retry_count=0, reject_count=0, inter_ack_ms=66.7, max_joint_delta=0.090, cumul_time=10.00s, hold_count=0, ik_mode=Local, ik_avg_ms=1.49, ik_fails=38
[INFO] [1787036008.094593598] [cartesian_streamer]: IK delta clamped → joints: [1.618, 0.793, 0.543, -0.000, -1.129, -1.490]
[INFO] [1787036009.297359968] [cartesian_streamer]: QueueTrajPoint accepted #1800: t=11.267s, hold=False
[INFO] [1787036009.361442605] [cartesian_streamer]: IK OK → Δmax=0.0900 rad, joints: [1.594, 0.668, 0.340, -0.000, -1.231, -1.467]
[INFO] [1787036010.159177797] [cartesian_streamer]: IK delta clamped → joints: [1.611, 0.596, 0.180, -0.000, -1.031, -1.484]
[INFO] [1787036010.628745288] [cartesian_streamer]: QueueTrajPoint accepted #1820: t=12.599s, hold=False
[INFO] [1787036011.427259334] [cartesian_streamer]: IK OK → Δmax=0.0900 rad, joints: [1.648, 0.456, -0.073, -0.000, -0.929, -1.520]
[INFO] [1787036011.778771376] [cartesian_streamer]: Disable Robot: dừng stream, tắt traj mode...
[INFO] [1787036011.779283694] [cartesian_streamer]: ✗ Robot DISABLED.
[INFO] [1787036099.604579371] [cartesian_streamer]: Enable Robot: bắt đầu chuỗi khởi động...
[INFO] [1787036099.604842228] [cartesian_streamer]: Enable: reset_error...
[INFO] [1787036099.606400223] [cartesian_streamer]: reset_error: code=1, msg="Mock: Error Reset OK"
[INFO] [1787036099.606774686] [cartesian_streamer]: Enable: stop_traj_mode (giải phóng mode cũ)...
[INFO] [1787036099.608105480] [cartesian_streamer]: stop_traj_mode: success=True, code=N/A, msg="Mock: OK"
[INFO] [1787036099.608332230] [cartesian_streamer]: Enable: chờ 1.5s để hệ thống ổn định trước khi start queue...
[INFO] [1787036101.109107605] [cartesian_streamer]: Enable: StartPointQueueMode...
[INFO] [1787036101.111139587] [cartesian_streamer]: StartPointQueueMode response: code=1, msg="Mock: Queue Mode Started"
[INFO] [1787036101.111398927] [cartesian_streamer]: ✓ Robot ENABLED — Point Queue Mode active. Servo ON!
[INFO] [1787036101.158589522] [cartesian_streamer]: Runtime rate: state=seeding, tick_hz=0.6, queue_send_hz=0.6, ack_hz=0.6, busy_hz=0.0, retry_count=0, reject_count=0, inter_ack_ms=66.7, max_joint_delta=0.090, cumul_time=0.00s, hold_count=0, ik_mode=Local, ik_avg_ms=1.48, ik_fails=38
[WARN] [1787036101.158990764] [cartesian_streamer]: Target stream stale: không có target mới trong 89.4s
[WARN] [1787036101.159384073] [cartesian_streamer]: QueueTrajPoint đã được accept nhưng joint_states hầu như không đổi. Kiểm tra: 1) Robot ở mode AUTO? 2) Servo ON? 3) E-stop cleared?
[INFO] [1787036101.160157344] [cartesian_streamer]: Bootstrap EE pose via FK: (-0.1620, 0.2801, 0.3785)
[INFO] [1787036101.160732759] [cartesian_streamer]: Đã gửi seed point (current joints, t=0), chờ ACK...
[INFO] [1787036101.162387373] [cartesian_streamer]: Seed ACK nhận được, bắt đầu prebuffer.
[INFO] [1787036101.293824355] [cartesian_streamer]: QueueTrajPoint accepted #1840: t=0.131s, hold=True
[INFO] [1787036101.360259347] [cartesian_streamer]: Pre-buffer hoàn tất (3 points), bắt đầu stream ổn định. Đang chờ target...
[INFO] [1787036102.629591369] [cartesian_streamer]: QueueTrajPoint accepted #1860: t=1.464s, hold=True
[INFO] [1787036103.961352942] [cartesian_streamer]: QueueTrajPoint accepted #1880: t=2.798s, hold=True
[INFO] [1787036105.293233670] [cartesian_streamer]: QueueTrajPoint accepted #1900: t=4.130s, hold=True
[INFO] [1787036106.224481562] [cartesian_streamer]: Runtime rate: state=streaming, tick_hz=15.0, queue_send_hz=15.0, ack_hz=15.0, busy_hz=0.0, retry_count=0, reject_count=0, inter_ack_ms=1242.1, max_joint_delta=0.000, cumul_time=5.00s, hold_count=75, ik_mode=Local, ik_avg_ms=1.48, ik_fails=38
[WARN] [1787036106.224941103] [cartesian_streamer]: Target stream stale: không có target mới trong 94.4s
[INFO] [1787036106.627179212] [cartesian_streamer]: QueueTrajPoint accepted #1920: t=5.464s, hold=True
[INFO] [1787036107.094113967] [cartesian_streamer]: IK OK → Δmax=0.0001 rad, joints: [1.571, 0.124, -1.049, 0.000, -0.398, -1.444]
[WARN] [1787036107.158326701] [cartesian_streamer]: QueueTrajPoint đã được accept nhưng joint_states hầu như không đổi. Kiểm tra: 1) Robot ở mode AUTO? 2) Servo ON? 3) E-stop cleared?
[INFO] [1787036107.961222154] [cartesian_streamer]: QueueTrajPoint accepted #1940: t=6.799s, hold=False
[INFO] [1787036108.559427736] [cartesian_streamer]: IK delta clamped → joints: [1.639, 0.066, -0.978, -0.000, -0.515, -1.512]
[INFO] [1787036109.159476903] [cartesian_streamer]: IK OK → Δmax=0.0900 rad, joints: [1.567, -0.001, -0.824, 0.000, -0.563, -1.440]
[INFO] [1787036109.296252055] [cartesian_streamer]: QueueTrajPoint accepted #1960: t=8.134s, hold=False
[INFO] [1787036110.626254375] [cartesian_streamer]: IK delta clamped → joints: [1.486, 0.037, -0.521, 0.000, -0.680, -1.359]
[INFO] [1787036110.628444587] [cartesian_streamer]: QueueTrajPoint accepted #1980: t=9.466s, hold=False
[INFO] [1787036111.159580807] [cartesian_streamer]: IK OK → Δmax=0.0900 rad, joints: [1.487, 0.097, -0.415, 0.000, -0.723, -1.360]
[INFO] [1787036111.224477112] [cartesian_streamer]: Runtime rate: state=streaming, tick_hz=15.0, queue_send_hz=15.0, ack_hz=15.0, busy_hz=0.0, retry_count=0, reject_count=0, inter_ack_ms=66.7, max_joint_delta=0.090, cumul_time=10.00s, hold_count=0, ik_mode=Local, ik_avg_ms=1.46, ik_fails=38
[INFO] [1787036111.962474986] [cartesian_streamer]: QueueTrajPoint accepted #2000: t=10.799s, hold=False
[INFO] [1787036112.693093174] [cartesian_streamer]: IK delta clamped → joints: [1.509, 0.401, -0.108, 0.000, -0.845, -1.382]
[INFO] [1787036113.225367982] [cartesian_streamer]: IK OK → Δmax=0.0900 rad, joints: [1.513, 0.522, -0.002, 0.000, -0.888, -1.385]
[INFO] [1787036113.294895435] [cartesian_streamer]: QueueTrajPoint accepted #2020: t=12.133s, hold=False
[INFO] [1787036114.630851764] [cartesian_streamer]: QueueTrajPoint accepted #2040: t=13.468s, hold=False
[INFO] [1787036114.759108661] [cartesian_streamer]: IK delta clamped → joints: [1.517, 0.858, 0.305, 0.000, -1.011, -1.389]
[INFO] [1787036115.225569575] [cartesian_streamer]: IK OK → Δmax=0.0900 rad, joints: [1.528, 0.926, 0.399, 0.000, -1.048, -1.401]
[INFO] [1787036115.960455908] [cartesian_streamer]: QueueTrajPoint accepted #2060: t=14.798s, hold=False
[INFO] [1787036116.225356623] [cartesian_streamer]: Runtime rate: state=streaming, tick_hz=15.0, queue_send_hz=15.0, ack_hz=15.0, busy_hz=0.0, retry_count=0, reject_count=0, inter_ack_ms=66.7, max_joint_delta=0.090, cumul_time=15.00s, hold_count=0, ik_mode=Local, ik_avg_ms=1.44, ik_fails=38
[INFO] [1787036116.825262875] [cartesian_streamer]: IK delta clamped → joints: [1.528, 0.925, 0.718, 0.000, -1.176, -1.401]
[INFO] [1787036117.225773908] [cartesian_streamer]: IK OK → Δmax=0.0900 rad, joints: [1.528, 0.925, 0.799, 0.000, -1.208, -1.401]
[INFO] [1787036117.294630285] [cartesian_streamer]: QueueTrajPoint accepted #2080: t=16.133s, hold=False
[INFO] [1787036118.628096726] [cartesian_streamer]: QueueTrajPoint accepted #2100: t=17.465s, hold=False
[INFO] [1787036118.892624869] [cartesian_streamer]: IK delta clamped → joints: [1.528, 0.925, 0.900, 0.000, -1.341, -1.401]
[INFO] [1787036119.293985674] [cartesian_streamer]: IK OK → Δmax=0.0900 rad, joints: [1.528, 0.925, 0.900, 0.000, -1.373, -1.401]
[INFO] [1787036119.964227333] [cartesian_streamer]: QueueTrajPoint accepted #2120: t=18.800s, hold=False
[INFO] [1787036120.308588239] [cartesian_streamer]: Disable Robot: dừng stream, tắt traj mode...
[INFO] [1787036120.309069159] [cartesian_streamer]: ✗ Robot DISABLED.
