[INFO] [1786700951.624437914] [trajectory_predictor]: [Predictor] Worker launched (pid=79019)
[INFO] [1786700951.624868058] [trajectory_predictor]: [Predictor] Started | model=svgp | window=10 | auto_start=True
  Output Filter: enabled=True, ema_alpha=1.0, max_dev=0.08, max_rate=0.02
[WARN] [1786700952.812384135] [trajectory_predictor]: [Worker STDERR] /usr/lib/python3/dist-packages/scipy/__init__.py:146: UserWarning: A NumPy version >=1.17.3 and <1.25.0 is required for this version of SciPy (detected version 1.26.4
[WARN] [1786700952.813383009] [trajectory_predictor]: [Worker STDERR] warnings.warn(f"A NumPy version >={np_minversion} and <{np_maxversion}"
[INFO] [1786700953.679128915] [trajectory_predictor]: [Worker] TF 2.15.0 and sklearn loaded
[INFO] [1786700954.660313883] [trajectory_predictor]: [Predictor] Worker READY | model=svgp
[INFO] [1786700963.224391868] [trajectory_predictor]: [Filter] raw=(0.0560,0.3880,0.0516) → filt=(-0.4606,-2.8915,-0.3281) Δ=(0.5166,3.2795,0.3796)
[INFO] [1786700969.601372380] [trajectory_predictor]: [Predictor] Buffer cleared (no data for 1.9s)
[INFO] [1786700977.586785163] [trajectory_predictor]: [Hybrid] FOLLOWER -> LEADER | x_0=(-0.4533,-2.8794,-0.3136) | GOAL=(-0.1528,0.5660,-0.0325) | t_f=6.60s | 199 steps @ 30Hz | GRU worker dừng gửi lệnh predict (tiết kiệm tài nguyên)
[INFO] [1786700984.201234610] [trajectory_predictor]: ✅ [MJM] ĐÃ CHẠM ĐÍCH (GOAL REACHED)!
[INFO] [1786700984.601728700] [trajectory_predictor]: [Predictor] Buffer cleared (no data for 1.1s)
[INFO] [1786700993.602370840] [trajectory_predictor]: [Predictor] Buffer cleared (no data for 1.8s)
[INFO] [1786701116.601569439] [trajectory_predictor]: [Predictor] Buffer cleared (no data for 1.1s)
[INFO] [1786701130.370577776] [trajectory_predictor]: [Predictor] Predicting STOPPED
[INFO] [1786701131.673976787] [trajectory_predictor]: [Predictor] Auto-enabled prediction mode via /trajectory_mode
[INFO] [1786701134.001335817] [trajectory_predictor]: [Filter] raw=(0.0609,0.3357,0.0480) → filt=(0.2455,-2.6746,-0.1332) Δ=(0.1846,3.0103,0.1812)
[INFO] [1786701134.717064353] [trajectory_predictor]: [Predictor] Switching model → svgp
[INFO] [1786701134.717827030] [trajectory_predictor]: [Hybrid] Mode DISABLED (GRU only)
[INFO] [1786701134.760124670] [trajectory_predictor]: [Predictor] Model switched to svgp
[INFO] [1786701141.101679602] [trajectory_predictor]: [Filter] raw=(0.0848,0.2665,0.0387) → filt=(0.0848,-2.3070,-0.1372) Δ=(0.0000,2.5735,0.1759)
[INFO] [1786701143.091205557] [trajectory_predictor]: [Predictor] Predicting STOPPED
[INFO] [1786701149.457062543] [trajectory_predictor]: [Predictor] Predicting STOPPED
[INFO] [1786701156.836165926] [trajectory_predictor]: [Predictor] Predicting STOPPED
[INFO] [1786701171.856681412] [trajectory_predictor]: [Predictor] Predicting STARTED
[INFO] [1786701173.226200469] [trajectory_predictor]: [Filter] raw=(0.1979,-0.2875,0.0639) → filt=(0.1979,-0.2875,0.0639) Δ=(0.0000,0.0000,0.0000)
[INFO] [1786701179.901411872] [trajectory_predictor]: [Filter] raw=(-0.0278,0.5526,0.0392) → filt=(-0.0278,0.5526,0.0392) Δ=(0.0000,0.0000,0.0000)
[INFO] [1786701180.528670149] [trajectory_predictor]: [Predictor] Predicting STOPPED
[INFO] [1786701202.601284247] [trajectory_predictor]: [Predictor] Buffer cleared (no data for 1.0s)
[INFO] [1786701238.601571074] [trajectory_predictor]: [Predictor] Buffer cleared (no data for 1.4s)
[INFO] [1786701245.953645320] [trajectory_predictor]: [Predictor] Predicting STOPPED
[INFO] [1786701258.429213069] [trajectory_predictor]: [Predictor] Predicting STARTED
[INFO] [1786701261.552800586] [trajectory_predictor]: [Filter] raw=(0.1915,-0.2628,0.0903) → filt=(0.1915,-0.2628,0.0903) Δ=(0.0000,0.0000,0.0000)
[INFO] [1786701266.915915465] [trajectory_predictor]: [Predictor] Predicting STOPPED
[INFO] [1786701308.079256903] [trajectory_predictor]: [Predictor] Predicting STOPPED
[INFO] [1786701326.218699224] [trajectory_predictor]: [Predictor] Predicting STOPPED
[INFO] [1786701338.729913848] [trajectory_predictor]: [Predictor] Predicting STARTED
[INFO] [1786701340.132732696] [trajectory_predictor]: [Filter] raw=(0.2107,-0.3104,0.0701) → filt=(0.2107,-0.3104,0.0701) Δ=(0.0000,0.0000,0.0000)
[INFO] [1786701345.133943399] [trajectory_predictor]: [Predictor] Predicting STOPPED
[INFO] [1786701371.211981526] [trajectory_predictor]: [Predictor] Predicting STOPPED
[INFO] [1786701384.698099694] [trajectory_predictor]: [Predictor] Predicting STARTED
[INFO] [1786701386.635192107] [trajectory_predictor]: [Filter] raw=(0.1861,-0.2573,0.0663) → filt=(0.1861,-0.2573,0.0663) Δ=(0.0000,0.0000,0.0000)
[INFO] [1786701391.329055879] [trajectory_predictor]: [Predictor] Predicting STOPPED
[INFO] [1786701419.456342304] [trajectory_predictor]: [Predictor] Auto-enabled prediction mode via /trajectory_mode
[INFO] [1786701421.417247136] [trajectory_predictor]: [Filter] raw=(0.1892,-0.2788,-0.0035) → filt=(0.1892,-0.2788,-0.0035) Δ=(0.0000,0.0000,0.0000)
[INFO] [1786701422.269379864] [trajectory_predictor]: [Predictor] Switching model → svgp
[INFO] [1786701422.270230703] [trajectory_predictor]: [Hybrid] Mode ENABLED (GRU+MJM). Timer T_SWITCH sẽ bắt đầu khi Start Run.
[INFO] [1786701422.312963860] [trajectory_predictor]: [Predictor] Model switched to svgp
[INFO] [1786701428.091683898] [trajectory_predictor]: [Filter] raw=(0.1848,-0.2625,-0.0036) → filt=(0.1848,-0.2625,-0.0036) Δ=(0.0000,0.0000,0.0000)
[INFO] [1786701428.303966283] [trajectory_predictor]: [Hybrid] FOLLOWER -> LEADER | x_0=(0.1835,-0.2580,-0.0036) | GOAL=(-0.1528,0.5660,-0.0325) | t_f=5.30s | 160 steps @ 30Hz | GRU worker dừng gửi lệnh predict (tiết kiệm tài nguyên)
[INFO] [1786701428.887850985] [trajectory_predictor]: [Predictor] Predicting STOPPED
[INFO] [1786701438.821312813] [trajectory_predictor]: [Predictor] Predicting STARTED
[INFO] [1786701441.979079898] [trajectory_predictor]: [Filter] raw=(0.1313,0.0459,0.2110) → filt=(0.1313,0.0459,0.2110) Δ=(0.0000,0.0000,0.0000)
[INFO] [1786701444.850745919] [trajectory_predictor]: [Hybrid] FOLLOWER -> LEADER | x_0=(0.0467,0.4305,0.2185) | GOAL=(-0.1528,0.5660,-0.0325) | t_f=4.40s | 133 steps @ 30Hz | GRU worker dừng gửi lệnh predict (tiết kiệm tài nguyên)
[INFO] [1786701448.568941444] [trajectory_predictor]: [Predictor] Predicting STOPPED
[INFO] [1786701471.884576225] [trajectory_predictor]: [Predictor] Predicting STOPPED
[INFO] [1786701490.777747400] [trajectory_predictor]: [Predictor] Predicting STARTED
[INFO] [1786701491.239909363] [trajectory_predictor]: [Filter] raw=(0.1928,-0.3081,0.0066) → filt=(0.1928,-0.3081,0.0066) Δ=(0.0000,0.0000,0.0000)
[INFO] [1786701496.781549033] [trajectory_predictor]: [Hybrid] FOLLOWER -> LEADER | x_0=(-0.0186,0.2540,0.0494) | GOAL=(-0.1528,0.5660,-0.0325) | t_f=4.41s | 133 steps @ 30Hz | GRU worker dừng gửi lệnh predict (tiết kiệm tài nguyên)
[INFO] [1786701498.601625340] [trajectory_predictor]: [Predictor] Buffer cleared (no data for 1.5s)
[INFO] [1786701501.201115232] [trajectory_predictor]: ✅ [MJM] ĐÃ CHẠM ĐÍCH (GOAL REACHED)!
[INFO] [1786701507.601592985] [trajectory_predictor]: [Predictor] Buffer cleared (no data for 1.8s)
[INFO] [1786701525.802136647] [trajectory_predictor]: [Predictor] Predicting STOPPED
