[INFO] [1786953752.920200619] [cartesian_streamer]: CartesianStreamer khởi động (chờ Enable Robot từ UI).
  Stream rate:       15 Hz (period=66.7ms)
  Queue dt:          0.067 s
  Prebuffer points:  3
  Retry backoff:     66.0 ms
  Gửi PoseStamped lên: /cartesian_streamer/target_pose
  Gửi XYZ lên:        /cartesian_streamer/target_xyz
  Nhận EE pose tại:   /cartesian_streamer/current_pose
[INFO] [1786953752.922914556] [cartesian_streamer]: Nhận joint_states: ['1.571', '0.124', '-1.003', '0.000', '-0.386', '-1.879']
[INFO] [1786953753.401635331] [cartesian_streamer]: ⚡ Simulation mode: Bỏ qua FK cross-validation, ÉP DÙNG Local IK.
   (MoveIt không có planning library trong môi trường giả lập)
[INFO] [1786953753.402256728] [cartesian_streamer]: Đã nhận joint_states. EE hiện tại: (-0.1620, 0.3090, 0.3882). IK mode: Local DLS. Chờ Enable Robot từ UI...
[INFO] [1786953771.816583073] [cartesian_streamer]: Disable Robot: dừng stream, tắt traj mode...
[INFO] [1786953771.817171219] [cartesian_streamer]: ✗ Robot DISABLED.
[INFO] [1786953789.239185585] [cartesian_streamer]: Enable Robot: bắt đầu chuỗi khởi động...
[INFO] [1786953789.239761419] [cartesian_streamer]: Enable: reset_error...
[INFO] [1786953789.253904943] [cartesian_streamer]: reset_error: code=105, msg="Pendant is not in REMOTE mode"
[INFO] [1786953789.254188918] [cartesian_streamer]: Enable: stop_traj_mode (giải phóng mode cũ)...
[INFO] [1786953789.301034088] [cartesian_streamer]: stop_traj_mode: success=True, code=N/A, msg=""
[INFO] [1786953789.301574988] [cartesian_streamer]: Enable: chờ 1.5s để hệ thống ổn định trước khi start queue...
[INFO] [1786953790.802782531] [cartesian_streamer]: Enable: StartPointQueueMode...
[INFO] [1786953790.809245398] [cartesian_streamer]: StartPointQueueMode response: code=104, msg="The teach pendant must not be in TEACH mode"
[ERROR] [1786953790.809519024] [cartesian_streamer]: StartPointQueueMode FAILED: The teach pendant must not be in TEACH mode
[INFO] [1786953795.109423505] [cartesian_streamer]: Disable Robot: dừng stream, tắt traj mode...
[INFO] [1786953795.110253509] [cartesian_streamer]: ✗ Robot DISABLED.
[INFO] [1786953797.160925770] [cartesian_streamer]: Enable Robot: bắt đầu chuỗi khởi động...
[INFO] [1786953797.161201059] [cartesian_streamer]: Enable: reset_error...
[INFO] [1786953797.173785609] [cartesian_streamer]: reset_error: code=1, msg="success"
[INFO] [1786953797.174085023] [cartesian_streamer]: Enable: stop_traj_mode (giải phóng mode cũ)...
[INFO] [1786953797.221747636] [cartesian_streamer]: stop_traj_mode: success=True, code=N/A, msg=""
[INFO] [1786953797.222149409] [cartesian_streamer]: Enable: chờ 1.5s để hệ thống ổn định trước khi start queue...
[INFO] [1786953798.723378996] [cartesian_streamer]: Enable: StartPointQueueMode...
[INFO] [1786953800.410128821] [cartesian_streamer]: StartPointQueueMode response: code=1, msg=""
[INFO] [1786953800.410503454] [cartesian_streamer]: ✓ Robot ENABLED — Point Queue Mode active. Servo ON!
[INFO] [1786953800.434582024] [cartesian_streamer]: Runtime rate: state=seeding, tick_hz=0.0, queue_send_hz=0.0, ack_hz=0.0, busy_hz=0.0, retry_count=0, reject_count=0, inter_ack_ms=0.0, max_joint_delta=0.000, cumul_time=0.00s, hold_count=0, ik_mode=Local, ik_avg_ms=0.00, ik_fails=0
[INFO] [1786953800.435356306] [cartesian_streamer]: Bootstrap EE pose via FK: (-0.1620, 0.3090, 0.3882)
[INFO] [1786953800.435752619] [cartesian_streamer]: Đang stream qua service: /queue_traj_point
[INFO] [1786953800.436460268] [cartesian_streamer]: Đã gửi seed point (current joints, t=0), chờ ACK...
[INFO] [1786953800.475235898] [cartesian_streamer]: Seed ACK nhận được, bắt đầu prebuffer.
[INFO] [1786953800.475646748] [cartesian_streamer]: Queue accepted sample#1: svc=/queue_traj_point, t_cumul=0.0000s, code=1, msg="", hold=False
[INFO] [1786953800.515774759] [cartesian_streamer]: Queue accepted sample#2: svc=/queue_traj_point, t_cumul=0.0650s, code=1, msg="", hold=True
[INFO] [1786953800.793201360] [cartesian_streamer]: Queue accepted sample#3: svc=/queue_traj_point, t_cumul=0.1312s, code=1, msg="", hold=True
[INFO] [1786953800.842541628] [cartesian_streamer]: Pre-buffer hoàn tất (3 points), bắt đầu stream ổn định. Đang chờ target...
[INFO] [1786953800.842810625] [cartesian_streamer]: Queue accepted sample#4: svc=/queue_traj_point, t_cumul=0.3312s, code=1, msg="", hold=True
[INFO] [1786953800.925302362] [cartesian_streamer]: Queue accepted sample#5: svc=/queue_traj_point, t_cumul=0.3979s, code=1, msg="", hold=True
[WARN] [1786953801.587136749] [cartesian_streamer]: Queue BUSY, sẽ resend (backoff 66ms): msg="Busy processing the previous trajectory point. Please resend the next point shortly"
[INFO] [1786953802.732958970] [cartesian_streamer]: QueueTrajPoint accepted #20: t=1.731s, hold=True
[INFO] [1786953804.434441838] [cartesian_streamer]: IK OK → Δmax=0.0000 rad, joints: [1.571, 0.124, -1.003, 0.000, -0.386, -1.879]
[WARN] [1786953804.502980012] [cartesian_streamer]: QueueTrajPoint đã được accept nhưng joint_states hầu như không đổi. Kiểm tra: 1) Robot ở mode AUTO? 2) Servo ON? 3) E-stop cleared?
[INFO] [1786953805.288856482] [cartesian_streamer]: QueueTrajPoint accepted #40: t=4.064s, hold=False
[INFO] [1786953805.500405039] [cartesian_streamer]: Runtime rate: state=streaming, tick_hz=15.0, queue_send_hz=8.7, ack_hz=8.5, busy_hz=0.2, retry_count=1, reject_count=0, inter_ack_ms=118.7, max_joint_delta=0.000, cumul_time=4.33s, hold_count=0, ik_mode=Local, ik_avg_ms=0.28, ik_fails=0
[INFO] [1786953806.437682934] [cartesian_streamer]: IK OK → Δmax=0.0765 rad, joints: [1.605, 0.092, -0.937, 0.004, -0.484, -1.918]
[INFO] [1786953806.502726906] [cartesian_streamer]: IK delta clamped → joints: [1.614, 0.078, -0.919, 0.005, -0.503, -1.927]
[INFO] [1786953807.383660004] [cartesian_streamer]: QueueTrajPoint accepted #60: t=6.135s, hold=False
[INFO] [1786953808.502327146] [cartesian_streamer]: IK OK → Δmax=0.0900 rad, joints: [1.612, 0.195, -0.519, 0.003, -0.652, -1.922]
[INFO] [1786953808.567845846] [cartesian_streamer]: IK delta clamped → joints: [1.611, 0.205, -0.492, 0.003, -0.663, -1.922]
[INFO] [1786953808.978416429] [cartesian_streamer]: QueueTrajPoint accepted #80: t=7.734s, hold=False
[INFO] [1786953810.500977104] [cartesian_streamer]: Runtime rate: state=streaming, tick_hz=15.0, queue_send_hz=10.0, ack_hz=9.8, busy_hz=0.0, retry_count=0, reject_count=0, inter_ack_ms=99.1, max_joint_delta=0.090, cumul_time=9.00s, hold_count=0, ik_mode=Local, ik_avg_ms=0.84, ik_fails=0
[INFO] [1786953810.503195669] [cartesian_streamer]: IK OK → Δmax=0.0900 rad, joints: [1.603, 0.550, -0.159, 0.002, -0.796, -1.912]
[INFO] [1786953810.568645213] [cartesian_streamer]: IK delta clamped → joints: [1.603, 0.564, -0.146, 0.002, -0.801, -1.912]
[INFO] [1786953811.049702539] [cartesian_streamer]: QueueTrajPoint accepted #100: t=9.665s, hold=False
[INFO] [1786953811.549492681] [cartesian_streamer]: Disable Robot: dừng stream, tắt traj mode...
[INFO] [1786953811.550064259] [cartesian_streamer]: ✗ Robot DISABLED.
