[INFO] [1786686783.628035186] [trajectory_predictor]: [Predictor] Worker launched (pid=5484)
[INFO] [1786686783.628532002] [trajectory_predictor]: [Predictor] Started | model=svgp | window=10 | auto_start=True
  Output Filter: enabled=True, ema_alpha=1.0, max_dev=0.12, max_rate=0.05
[WARN] [1786686785.321151307] [trajectory_predictor]: [Worker STDERR] /usr/lib/python3/dist-packages/scipy/__init__.py:146: UserWarning: A NumPy version >=1.17.3 and <1.25.0 is required for this version of SciPy (detected version 1.26.4
[WARN] [1786686785.321675218] [trajectory_predictor]: [Worker STDERR] warnings.warn(f"A NumPy version >={np_minversion} and <{np_maxversion}"
[INFO] [1786686786.484070089] [trajectory_predictor]: [Worker] TF 2.15.0 and sklearn loaded
[INFO] [1786686787.682289369] [trajectory_predictor]: [Predictor] Worker READY | model=svgp
[INFO] [1786686788.626278478] [trajectory_predictor]: [Predictor] Predicting STOPPED
[INFO] [1786686810.126962184] [trajectory_predictor]: [Pred HOLD ON] Tay đứng yên (std=2.1mm). Target robot Z: -0.2627 | Tay thật Z: -0.2627
[INFO] [1786686810.127388084] [trajectory_predictor]: [Filter] raw=(0.1857,-2.0498,-0.2627) → filt=(0.1857,-2.0498,-0.2627) Δ=(0.0000,0.0000,0.0000)
[INFO] [1786686811.585936746] [trajectory_predictor]: [Predictor] Auto-enabled prediction mode via /trajectory_mode
[INFO] [1786686811.964389307] [trajectory_predictor]: [Pred HOLD OFF] Tay di chuyển (dev=30.4mm). Thả hold.
[INFO] [1786686813.161987569] [trajectory_predictor]: [Pred HOLD ON] Tay đứng yên (std=5.3mm). Target robot Z: -0.1446 | Tay thật Z: -0.2662
[INFO] [1786686814.123648305] [trajectory_predictor]: [Predictor] Switching model → svgp
[INFO] [1786686814.124321012] [trajectory_predictor]: [Hybrid] Mode DISABLED (GRU only)
[INFO] [1786686814.147422771] [trajectory_predictor]: [Predictor] Model switched to svgp
[INFO] [1786686815.866621461] [trajectory_predictor]: [Pred HOLD OFF] Tay di chuyển (dev=25.2mm). Thả hold.
[INFO] [1786686816.865755000] [trajectory_predictor]: [Pred HOLD ON] Tay đứng yên (std=4.1mm). Target robot Z: -0.1455 | Tay thật Z: -0.2660
[INFO] [1786686817.499942409] [trajectory_predictor]: [Pred HOLD OFF] Tay di chuyển (dev=26.5mm). Thả hold.
[INFO] [1786686817.553836156] [trajectory_predictor]: [Filter] raw=(0.1001,0.1970,0.0267) → filt=(0.1001,-1.9555,-0.1399) Δ=(0.0000,2.1525,0.1666)
[INFO] [1786686819.399233486] [trajectory_predictor]: [Pred HOLD ON] Tay đứng yên (std=7.1mm). Target robot Z: 0.0068 | Tay thật Z: 0.0130
[INFO] [1786686820.987233909] [trajectory_predictor]: [Predictor] Predicting STOPPED
[INFO] [1786686824.438957629] [trajectory_predictor]: [Filter] raw=(0.0587,-0.1053,0.0068) → filt=(0.0587,-0.0553,0.0068) Δ=(0.0000,0.0500,0.0000)
[INFO] [1786686831.116460697] [trajectory_predictor]: [Filter] raw=(0.0587,-0.1053,0.0068) → filt=(0.0587,-0.0553,0.0068) Δ=(0.0000,0.0500,0.0000)
[INFO] [1786686838.015309511] [trajectory_predictor]: [Filter] raw=(0.0587,-0.1053,0.0068) → filt=(0.0587,-0.0553,0.0068) Δ=(0.0000,0.0500,0.0000)
[INFO] [1786686840.130896221] [trajectory_predictor]: [Predictor] Predicting STARTED
[INFO] [1786686840.683307031] [trajectory_predictor]: [Pred HOLD OFF] Tay di chuyển (dev=25.5mm). Thả hold.
[INFO] [1786686844.709967267] [trajectory_predictor]: [Filter] raw=(-0.1333,0.7587,0.3088) → filt=(-0.1333,0.7587,0.3088) Δ=(0.0000,0.0000,0.0000)
[INFO] [1786686848.162554287] [trajectory_predictor]: [Pred HOLD ON] Tay đứng yên (std=1.1mm). Target robot Z: 0.6133 | Tay thật Z: 0.7343
[INFO] [1786686849.125096872] [trajectory_predictor]: [Pred HOLD OFF] Tay di chuyển (dev=26.1mm). Thả hold.
[INFO] [1786686849.399164043] [trajectory_predictor]: [Pred HOLD ON] Tay đứng yên (std=7.7mm). Target robot Z: 0.6191 | Tay thật Z: 0.7378
[INFO] [1786686849.831199655] [trajectory_predictor]: [Pred HOLD OFF] Tay di chuyển (dev=25.4mm). Thả hold.
[INFO] [1786686850.091717287] [trajectory_predictor]: [Pred HOLD ON] Tay đứng yên (std=1.0mm). Target robot Z: 0.6228 | Tay thật Z: 0.7428
[INFO] [1786686850.696129327] [trajectory_predictor]: [Pred HOLD OFF] Tay di chuyển (dev=30.0mm). Thả hold.
[INFO] [1786686851.398204478] [trajectory_predictor]: [Filter] raw=(-0.1786,0.5713,0.2253) → filt=(-0.1786,0.5713,0.2253) Δ=(0.0000,0.0000,0.0000)
[INFO] [1786686852.165580577] [trajectory_predictor]: [Pred HOLD ON] Tay đứng yên (std=5.5mm). Target robot Z: 0.1457 | Tay thật Z: 0.1522
[INFO] [1786686852.564444274] [trajectory_predictor]: [Pred HOLD OFF] Tay di chuyển (dev=26.6mm). Thả hold.
[INFO] [1786686852.840871303] [trajectory_predictor]: [Pred HOLD ON] Tay đứng yên (std=1.2mm). Target robot Z: 0.1359 | Tay thật Z: 0.1403
[INFO] [1786686855.266708188] [trajectory_predictor]: [Pred HOLD OFF] Tay di chuyển (dev=25.0mm). Thả hold.
[INFO] [1786686856.466854848] [trajectory_predictor]: [Pred HOLD ON] Tay đứng yên (std=2.7mm). Target robot Z: 0.1946 | Tay thật Z: 0.2689
[INFO] [1786686856.933451480] [trajectory_predictor]: [Pred HOLD OFF] Tay di chuyển (dev=28.2mm). Thả hold.
[INFO] [1786686857.900742327] [trajectory_predictor]: [Pred HOLD ON] Tay đứng yên (std=7.0mm). Target robot Z: 0.1948 | Tay thật Z: 0.2858
[INFO] [1786686858.168872321] [trajectory_predictor]: [Filter] raw=(-0.2166,0.3291,0.1948) → filt=(-0.2166,0.3291,0.1948) Δ=(0.0000,0.0000,0.0000)
[INFO] [1786686859.139313817] [trajectory_predictor]: [Pred HOLD OFF] Tay di chuyển (dev=26.7mm). Thả hold.
[INFO] [1786686859.476932443] [trajectory_predictor]: [Pred HOLD ON] Tay đứng yên (std=4.4mm). Target robot Z: 0.1947 | Tay thật Z: 0.2885
[INFO] [1786686859.707186231] [trajectory_predictor]: [Pred HOLD OFF] Tay di chuyển (dev=25.4mm). Thả hold.
[INFO] [1786686860.971694870] [trajectory_predictor]: [Pred HOLD ON] Tay đứng yên (std=3.3mm). Target robot Z: 0.0964 | Tay thật Z: 0.1012
[INFO] [1786686862.164622124] [trajectory_predictor]: [Pred HOLD OFF] Tay di chuyển (dev=25.2mm). Thả hold.
[INFO] [1786686863.845506104] [trajectory_predictor]: [Pred HOLD ON] Tay đứng yên (std=1.8mm). Target robot Z: 0.6101 | Tay thật Z: 0.7285
[INFO] [1786686864.844467367] [trajectory_predictor]: [Filter] raw=(-0.0681,0.5275,0.6101) → filt=(-0.0681,0.5275,0.6140) Δ=(0.0000,0.0000,0.0040)
[INFO] [1786686865.944080552] [trajectory_predictor]: [Pred HOLD OFF] Tay di chuyển (dev=26.2mm). Thả hold.
[INFO] [1786686867.843490813] [trajectory_predictor]: [Pred HOLD ON] Tay đứng yên (std=3.4mm). Target robot Z: 0.2258 | Tay thật Z: 0.2269
[INFO] [1786686869.246757064] [trajectory_predictor]: [Pred HOLD OFF] Tay di chuyển (dev=25.4mm). Thả hold.
[INFO] [1786686870.315756899] [trajectory_predictor]: [Pred HOLD ON] Tay đứng yên (std=3.3mm). Target robot Z: 0.1787 | Tay thật Z: 0.1869
[INFO] [1786686871.514148968] [trajectory_predictor]: [Filter] raw=(-0.1612,0.6997,0.1787) → filt=(-0.1612,0.6997,0.1787) Δ=(0.0000,0.0000,0.0000)
[INFO] [1786686877.085834741] [trajectory_predictor]: [Pred HOLD OFF] Tay di chuyển (dev=26.3mm). Thả hold.
[INFO] [1786686878.205905566] [trajectory_predictor]: [Filter] raw=(-0.1273,0.3608,0.1819) → filt=(-0.1273,0.3608,0.1819) Δ=(0.0000,0.0000,0.0000)
[INFO] [1786686879.019652409] [trajectory_predictor]: [Pred HOLD ON] Tay đứng yên (std=5.6mm). Target robot Z: 0.1628 | Tay thật Z: 0.1706
[INFO] [1786686879.388569468] [trajectory_predictor]: [Pred HOLD OFF] Tay di chuyển (dev=26.2mm). Thả hold.
[INFO] [1786686879.668880404] [trajectory_predictor]: [Pred HOLD ON] Tay đứng yên (std=1.9mm). Target robot Z: 0.1596 | Tay thật Z: 0.1666
[INFO] [1786686880.725787366] [trajectory_predictor]: [Pred HOLD OFF] Tay di chuyển (dev=25.5mm). Thả hold.
[INFO] [1786686880.988265755] [trajectory_predictor]: [Pred HOLD ON] Tay đứng yên (std=1.1mm). Target robot Z: 0.1536 | Tay thật Z: 0.1616
[INFO] [1786686884.861402082] [trajectory_predictor]: [Filter] raw=(-0.0515,0.2116,0.1536) → filt=(-0.0515,0.2116,0.1536) Δ=(0.0000,0.0000,0.0000)
[INFO] [1786686885.960101250] [trajectory_predictor]: [Pred HOLD OFF] Tay di chuyển (dev=25.2mm). Thả hold.
[INFO] [1786686887.261152477] [trajectory_predictor]: [Pred HOLD ON] Tay đứng yên (std=0.9mm). Target robot Z: 0.5071 | Tay thật Z: 0.6270
[INFO] [1786686889.433303290] [trajectory_predictor]: [Pred HOLD OFF] Tay di chuyển (dev=27.0mm). Thả hold.
[INFO] [1786686891.192261221] [trajectory_predictor]: [Predictor] Predicting STOPPED
[INFO] [1786686892.067406704] [trajectory_predictor]: [Pred HOLD ON] Tay đứng yên (std=0.0mm). Target robot Z: 0.0016 | Tay thật Z: 0.0201
[INFO] [1786686892.396487846] [trajectory_predictor]: [Filter] raw=(0.0497,0.1304,0.0016) → filt=(0.0497,0.1304,0.0016) Δ=(0.0000,0.0000,0.0000)
[INFO] [1786686900.005185558] [trajectory_predictor]: [Filter] raw=(0.0497,0.1304,0.0016) → filt=(0.0497,0.1304,0.0016) Δ=(0.0000,0.0000,0.0000)
[INFO] [1786686907.384221368] [trajectory_predictor]: [Filter] raw=(0.0497,0.1304,0.0016) → filt=(0.0497,0.1304,0.0016) Δ=(0.0000,0.0000,0.0000)
[INFO] [1786686914.851406280] [trajectory_predictor]: [Filter] raw=(0.0497,0.1304,0.0016) → filt=(0.0497,0.1304,0.0016) Δ=(0.0000,0.0000,0.0000)
[INFO] [1786686916.316051918] [trajectory_predictor]: [Pred HOLD OFF] Tay di chuyển (dev=30.6mm). Thả hold.
[INFO] [1786686917.309471252] [trajectory_predictor]: [Predictor] Predicting STARTED
[INFO] [1786686917.955874542] [trajectory_predictor]: [Pred HOLD ON] Tay đứng yên (std=0.0mm). Target robot Z: 0.0435 | Tay thật Z: 0.0472
[INFO] [1786686918.089944658] [trajectory_predictor]: [Pred HOLD OFF] Tay di chuyển (dev=27.5mm). Thả hold.
[INFO] [1786686920.758838050] [trajectory_predictor]: [Pred HOLD ON] Tay đứng yên (std=7.4mm). Target robot Z: 0.3895 | Tay thật Z: 0.5039
[INFO] [1786686921.021481021] [trajectory_predictor]: [Pred HOLD OFF] Tay di chuyển (dev=25.9mm). Thả hold.
[INFO] [1786686922.546967403] [trajectory_predictor]: [Filter] raw=(-0.1481,0.6767,0.2938) → filt=(-0.1481,0.6767,0.2938) Δ=(0.0000,0.0000,0.0000)
[INFO] [1786686923.260377054] [trajectory_predictor]: [Pred HOLD ON] Tay đứng yên (std=6.8mm). Target robot Z: 0.2543 | Tay thật Z: 0.2793
[INFO] [1786686923.689661839] [trajectory_predictor]: [Pred HOLD OFF] Tay di chuyển (dev=25.4mm). Thả hold.
[INFO] [1786686923.963675295] [trajectory_predictor]: [Pred HOLD ON] Tay đứng yên (std=2.1mm). Target robot Z: 0.2388 | Tay thật Z: 0.2512
[INFO] [1786686924.463508302] [trajectory_predictor]: [Pred HOLD OFF] Tay di chuyển (dev=27.0mm). Thả hold.
[INFO] [1786686926.460869344] [trajectory_predictor]: [Pred HOLD ON] Tay đứng yên (std=0.0mm). Target robot Z: 0.0435 | Tay thật Z: 0.0472
[INFO] [1786686929.238913919] [trajectory_predictor]: [Filter] raw=(0.0358,0.1478,0.0435) → filt=(0.0358,0.1478,0.0435) Δ=(0.0000,0.0000,0.0000)
[INFO] [1786686935.066559273] [trajectory_predictor]: [Pred HOLD OFF] Tay di chuyển (dev=27.2mm). Thả hold.
[INFO] [1786686936.095969501] [trajectory_predictor]: [Filter] raw=(-0.1216,0.4489,0.3443) → filt=(-0.1216,0.4489,0.3443) Δ=(0.0000,0.0000,0.0000)
[INFO] [1786686940.572417007] [trajectory_predictor]: [Pred HOLD ON] Tay đứng yên (std=0.0mm). Target robot Z: 0.0435 | Tay thật Z: 0.0472
[INFO] [1786686941.476450796] [trajectory_predictor]: [Predictor] Predicting STOPPED
[INFO] [1786686942.774613628] [trajectory_predictor]: [Filter] raw=(0.0358,0.1478,0.0435) → filt=(0.0358,0.1478,0.0435) Δ=(0.0000,0.0000,0.0000)
[INFO] [1786686943.371551846] [trajectory_predictor]: [Pred HOLD OFF] Tay di chuyển (dev=26.0mm). Thả hold.
[INFO] [1786686944.562468195] [trajectory_predictor]: [Predictor] Auto-enabled prediction mode via /trajectory_mode
[INFO] [1786686944.607104788] [trajectory_predictor]: [Pred HOLD ON] Tay đứng yên (std=0.0mm). Target robot Z: 0.0435 | Tay thật Z: 0.0472
[INFO] [1786686948.158818824] [trajectory_predictor]: [Predictor] Switching model → svgp
[INFO] [1786686948.159525953] [trajectory_predictor]: [Hybrid] Mode ENABLED (GRU+MJM). Timer T_SWITCH sẽ bắt đầu khi Start Run.
[INFO] [1786686948.183739122] [trajectory_predictor]: [Predictor] Model switched to svgp
[INFO] [1786686950.207947137] [trajectory_predictor]: [Predictor] Predicting STOPPED
[INFO] [1786686950.777842696] [trajectory_predictor]: [Filter] raw=(0.0358,0.1478,0.0435) → filt=(0.0358,0.1478,0.0435) Δ=(0.0000,0.0000,0.0000)
[INFO] [1786686957.582163999] [trajectory_predictor]: [Filter] raw=(0.0358,0.1478,0.0435) → filt=(0.0358,0.1478,0.0435) Δ=(0.0000,0.0000,0.0000)
[INFO] [1786686964.355548851] [trajectory_predictor]: [Pred HOLD OFF] Tay di chuyển (dev=25.6mm). Thả hold.
[INFO] [1786686965.493005925] [trajectory_predictor]: [Predictor] Predicting STARTED
[INFO] [1786686966.019378658] [trajectory_predictor]: [Filter] raw=(0.0834,0.0675,0.0117) → filt=(0.0834,0.0675,0.0117) Δ=(0.0000,0.0000,0.0000)
[INFO] [1786686970.734577737] [trajectory_predictor]: [Pred HOLD ON] Tay đứng yên (std=6.3mm). Target robot Z: 0.2615 | Tay thật Z: 0.3240
[INFO] [1786686971.197014499] [trajectory_predictor]: [Pred HOLD OFF] Tay di chuyển (dev=25.1mm). Thả hold.
[INFO] [1786686971.472412991] [trajectory_predictor]: [Pred HOLD ON] Tay đứng yên (std=4.0mm). Target robot Z: 0.2415 | Tay thật Z: 0.2891
[INFO] [1786686971.502553877] [trajectory_predictor]: [Hybrid] FOLLOWER -> LEADER | x_0=(-0.1870,0.7441,0.2415) | GOAL=(-0.0578,0.7138,0.0000) | t_f=4.18s | 126 steps @ 30Hz | GRU worker dừng gửi lệnh predict (tiết kiệm tài nguyên)
[INFO] [1786686978.874106912] [trajectory_predictor]: [Predictor] Predicting STOPPED
[INFO] [1786686979.235799594] [trajectory_predictor]: [Pred HOLD ON] Tay đứng yên (std=0.9mm). Target robot Z: 0.0223 | Tay thật Z: 0.0223
[INFO] [1786686979.672653218] [trajectory_predictor]: [Pred HOLD OFF] Tay di chuyển (dev=28.1mm). Thả hold.
[INFO] [1786686984.609134929] [trajectory_predictor]: [Predictor] Buffer cleared (no data for 1.4s)
[INFO] [1786687020.700037342] [trajectory_predictor]: [Pred HOLD ON] Tay đứng yên (std=1.9mm). Target robot Z: 0.0223 | Tay thật Z: 0.0134
[INFO] [1786687021.433687195] [trajectory_predictor]: [Filter] raw=(-0.0286,0.1915,0.0223) → filt=(-0.0286,0.1915,0.0223) Δ=(0.0000,0.0000,0.0000)
[INFO] [1786687022.800550987] [trajectory_predictor]: [Pred HOLD OFF] Tay di chuyển (dev=26.1mm). Thả hold.
[INFO] [1786687023.166360951] [trajectory_predictor]: [Pred HOLD ON] Tay đứng yên (std=5.1mm). Target robot Z: 0.0223 | Tay thật Z: 0.0417
[INFO] [1786687025.474265003] [trajectory_predictor]: [Pred HOLD OFF] Tay di chuyển (dev=25.1mm). Thả hold.
[INFO] [1786687025.734439516] [trajectory_predictor]: [Pred HOLD ON] Tay đứng yên (std=1.6mm). Target robot Z: 0.0223 | Tay thật Z: 0.0604
[INFO] [1786687026.266181786] [trajectory_predictor]: [Predictor] Predicting STARTED
[INFO] [1786687027.004077703] [trajectory_predictor]: [Pred HOLD OFF] Tay di chuyển (dev=29.6mm). Thả hold.
[INFO] [1786687028.760450420] [trajectory_predictor]: [Filter] raw=(-0.1053,0.4561,0.3659) → filt=(-0.1053,0.4561,0.4096) Δ=(0.0000,0.0000,0.0437)
[INFO] [1786687032.072501493] [trajectory_predictor]: [Pred HOLD ON] Tay đứng yên (std=5.7mm). Target robot Z: 0.2883 | Tay thật Z: 0.3543
[INFO] [1786687032.273719824] [trajectory_predictor]: [Hybrid] FOLLOWER -> LEADER | x_0=(-0.1693,0.6910,0.2883) | GOAL=(-0.0578,0.7138,0.0000) | t_f=4.29s | 129 steps @ 30Hz | GRU worker dừng gửi lệnh predict (tiết kiệm tài nguyên)
[INFO] [1786687041.708252093] [trajectory_predictor]: [Predictor] Predicting STOPPED
[INFO] [1786687042.083867535] [trajectory_predictor]: [Pred HOLD ON] Tay đứng yên (std=0.0mm). Target robot Z: 0.0622 | Tay thật Z: 0.0622
[INFO] [1786687042.780942590] [trajectory_predictor]: [Pred HOLD OFF] Tay di chuyển (dev=25.9mm). Thả hold.
[INFO] [1786687046.084110944] [trajectory_predictor]: [Predictor] Switching model → svgp
[INFO] [1786687046.085842086] [trajectory_predictor]: [Hybrid] Mode DISABLED (GRU only)
[INFO] [1786687046.142470950] [trajectory_predictor]: [Predictor] Model switched to svgp
[INFO] [1786687059.727496488] [trajectory_predictor]: [Pred HOLD ON] Tay đứng yên (std=0.0mm). Target robot Z: 0.0622 | Tay thật Z: 0.0622
[INFO] [1786687061.098589013] [trajectory_predictor]: [Pred HOLD OFF] Tay di chuyển (dev=25.1mm). Thả hold.
[INFO] [1786687069.733452204] [trajectory_predictor]: [Pred HOLD ON] Tay đứng yên (std=5.2mm). Target robot Z: 0.0622 | Tay thật Z: 0.0961
[INFO] [1786687069.935313254] [trajectory_predictor]: [Pred HOLD OFF] Tay di chuyển (dev=26.6mm). Thả hold.
[INFO] [1786687070.534499299] [trajectory_predictor]: [Pred HOLD ON] Tay đứng yên (std=0.0mm). Target robot Z: 0.0622 | Tay thật Z: 0.0622
[INFO] [1786687071.404426514] [trajectory_predictor]: [Filter] raw=(-0.0380,0.2070,0.0622) → filt=(-0.0380,0.2070,0.0622) Δ=(0.0000,0.0000,0.0000)
[INFO] [1786687072.190282799] [trajectory_predictor]: [Predictor] Predicting STARTED
[INFO] [1786687072.375604889] [trajectory_predictor]: [Pred HOLD OFF] Tay di chuyển (dev=28.2mm). Thả hold.
[INFO] [1786687072.742675362] [trajectory_predictor]: [Pred HOLD ON] Tay đứng yên (std=0.0mm). Target robot Z: 0.0786 | Tay thật Z: 0.0854
[INFO] [1786687072.979660956] [trajectory_predictor]: [Pred HOLD OFF] Tay di chuyển (dev=32.1mm). Thả hold.
[INFO] [1786687077.942394053] [trajectory_predictor]: [Pred HOLD ON] Tay đứng yên (std=7.3mm). Target robot Z: 0.1537 | Tay thật Z: 0.1599
[INFO] [1786687078.076822204] [trajectory_predictor]: [Filter] raw=(-0.1298,0.6512,0.1537) → filt=(-0.1298,0.6512,0.1537) Δ=(0.0000,0.0000,0.0000)
[INFO] [1786687079.142812857] [trajectory_predictor]: [Pred HOLD OFF] Tay di chuyển (dev=25.3mm). Thả hold.
[INFO] [1786687079.411299918] [trajectory_predictor]: [Pred HOLD ON] Tay đứng yên (std=3.6mm). Target robot Z: 0.1507 | Tay thật Z: 0.1530
[INFO] [1786687080.010276004] [trajectory_predictor]: [Pred HOLD OFF] Tay di chuyển (dev=25.1mm). Thả hold.
[INFO] [1786687080.279225683] [trajectory_predictor]: [Pred HOLD ON] Tay đứng yên (std=0.7mm). Target robot Z: 0.1467 | Tay thật Z: 0.1478
[INFO] [1786687081.815367597] [trajectory_predictor]: [Pred HOLD OFF] Tay di chuyển (dev=26.1mm). Thả hold.
[INFO] [1786687083.261764530] [trajectory_predictor]: [Pred HOLD ON] Tay đứng yên (std=2.3mm). Target robot Z: 0.6763 | Tay thật Z: 0.7964
[INFO] [1786687084.448585637] [trajectory_predictor]: [Pred HOLD OFF] Tay di chuyển (dev=25.1mm). Thả hold.
[INFO] [1786687084.716806087] [trajectory_predictor]: [Pred HOLD ON] Tay đứng yên (std=1.6mm). Target robot Z: 0.6783 | Tay thật Z: 0.7982
[INFO] [1786687084.754522290] [trajectory_predictor]: [Filter] raw=(-0.0134,0.4963,0.6783) → filt=(-0.0134,0.4963,0.6783) Δ=(0.0000,0.0000,0.0000)
[INFO] [1786687085.818601549] [trajectory_predictor]: [Pred HOLD OFF] Tay di chuyển (dev=30.3mm). Thả hold.
[INFO] [1786687087.286115899] [trajectory_predictor]: [Pred HOLD ON] Tay đứng yên (std=2.3mm). Target robot Z: 0.1464 | Tay thật Z: 0.1482
[INFO] [1786687090.019076876] [trajectory_predictor]: [Pred HOLD OFF] Tay di chuyển (dev=27.2mm). Thả hold.
[INFO] [1786687091.019151716] [trajectory_predictor]: [Pred HOLD ON] Tay đứng yên (std=1.8mm). Target robot Z: 0.1260 | Tay thật Z: 0.1244
[INFO] [1786687091.420168741] [trajectory_predictor]: [Filter] raw=(0.1904,0.6314,0.1260) → filt=(0.1904,0.6314,0.1260) Δ=(0.0000,0.0000,0.0000)
[INFO] [1786687092.254152188] [trajectory_predictor]: [Pred HOLD OFF] Tay di chuyển (dev=28.0mm). Thả hold.
[INFO] [1786687093.787868663] [trajectory_predictor]: [Pred HOLD ON] Tay đứng yên (std=3.2mm). Target robot Z: 0.1810 | Tay thật Z: 0.2101
[INFO] [1786687095.291384950] [trajectory_predictor]: [Pred HOLD OFF] Tay di chuyển (dev=29.0mm). Thả hold.
[INFO] [1786687095.790272929] [trajectory_predictor]: [Pred HOLD ON] Tay đứng yên (std=7.9mm). Target robot Z: 0.1538 | Tay thật Z: 0.1825
[INFO] [1786687096.027197719] [trajectory_predictor]: [Pred HOLD OFF] Tay di chuyển (dev=30.8mm). Thả hold.
[INFO] [1786687097.260831381] [trajectory_predictor]: [Pred HOLD ON] Tay đứng yên (std=4.1mm). Target robot Z: 0.6698 | Tay thật Z: 0.7949
[INFO] [1786687098.121851887] [trajectory_predictor]: [Filter] raw=(-0.0155,0.5286,0.6698) → filt=(-0.0155,0.5286,0.6698) Δ=(0.0000,0.0000,0.0000)
[INFO] [1786687099.150286775] [trajectory_predictor]: [Pred HOLD OFF] Tay di chuyển (dev=27.2mm). Thả hold.
[INFO] [1786687100.443141515] [trajectory_predictor]: [Pred HOLD ON] Tay đứng yên (std=4.9mm). Target robot Z: 0.1278 | Tay thật Z: 0.1249
[INFO] [1786687103.860948881] [trajectory_predictor]: [Pred HOLD OFF] Tay di chuyển (dev=25.4mm). Thả hold.
[INFO] [1786687104.748885511] [trajectory_predictor]: [Filter] raw=(0.1548,0.5953,0.1344) → filt=(0.1548,0.5953,0.1344) Δ=(0.0000,0.0000,0.0000)
[INFO] [1786687104.922770072] [trajectory_predictor]: [Pred HOLD ON] Tay đứng yên (std=2.2mm). Target robot Z: 0.1372 | Tay thật Z: 0.1348
[INFO] [1786687105.590654849] [trajectory_predictor]: [Pred HOLD OFF] Tay di chuyển (dev=26.5mm). Thả hold.
[INFO] [1786687107.082475875] [trajectory_predictor]: [Pred HOLD ON] Tay đứng yên (std=2.6mm). Target robot Z: 0.2122 | Tay thật Z: 0.2499
[INFO] [1786687108.116976020] [trajectory_predictor]: [Pred HOLD OFF] Tay di chuyển (dev=32.9mm). Thả hold.
[INFO] [1786687109.247527743] [trajectory_predictor]: [Pred HOLD ON] Tay đứng yên (std=3.4mm). Target robot Z: 0.1722 | Tay thật Z: 0.1781
[INFO] [1786687111.541741403] [trajectory_predictor]: [Filter] raw=(-0.1440,0.6971,0.1722) → filt=(-0.1440,0.6971,0.1722) Δ=(0.0000,0.0000,0.0000)
[INFO] [1786687113.439763212] [trajectory_predictor]: [Pred HOLD OFF] Tay di chuyển (dev=25.1mm). Thả hold.
[INFO] [1786687113.705534046] [trajectory_predictor]: [Pred HOLD ON] Tay đứng yên (std=0.5mm). Target robot Z: 0.1769 | Tay thật Z: 0.1819
[INFO] [1786687114.503158292] [trajectory_predictor]: [Pred HOLD OFF] Tay di chuyển (dev=28.0mm). Thả hold.
[INFO] [1786687115.073278611] [trajectory_predictor]: [Pred HOLD ON] Tay đứng yên (std=6.7mm). Target robot Z: 0.1088 | Tay thật Z: 0.1203
[INFO] [1786687115.472684178] [trajectory_predictor]: [Pred HOLD OFF] Tay di chuyển (dev=26.0mm). Thả hold.
[INFO] [1786687115.738811853] [trajectory_predictor]: [Pred HOLD ON] Tay đứng yên (std=0.8mm). Target robot Z: 0.1027 | Tay thật Z: 0.1087
[INFO] [1786687117.034858309] [trajectory_predictor]: [Pred HOLD OFF] Tay di chuyển (dev=27.7mm). Thả hold.
[INFO] [1786687118.233797525] [trajectory_predictor]: [Filter] raw=(-0.1012,0.4219,0.1688) → filt=(-0.1012,0.4219,0.1688) Δ=(0.0000,0.0000,0.0000)
[INFO] [1786687118.575407002] [trajectory_predictor]: [Pred HOLD ON] Tay đứng yên (std=5.7mm). Target robot Z: 0.1755 | Tay thật Z: 0.1743
[INFO] [1786687119.207205155] [trajectory_predictor]: [Pred HOLD OFF] Tay di chuyển (dev=25.4mm). Thả hold.
[INFO] [1786687119.469883540] [trajectory_predictor]: [Pred HOLD ON] Tay đứng yên (std=4.9mm). Target robot Z: 0.1711 | Tay thật Z: 0.1757
[INFO] [1786687120.008538415] [trajectory_predictor]: [Pred HOLD OFF] Tay di chuyển (dev=26.2mm). Thả hold.
[INFO] [1786687120.270842728] [trajectory_predictor]: [Pred HOLD ON] Tay đứng yên (std=5.2mm). Target robot Z: 0.1367 | Tay thật Z: 0.1449
[INFO] [1786687121.136777246] [trajectory_predictor]: [Pred HOLD OFF] Tay di chuyển (dev=25.3mm). Thả hold.
[INFO] [1786687121.403888560] [trajectory_predictor]: [Pred HOLD ON] Tay đứng yên (std=1.3mm). Target robot Z: 0.1229 | Tay thật Z: 0.1232
[INFO] [1786687122.567577477] [trajectory_predictor]: [Pred HOLD OFF] Tay di chuyển (dev=26.4mm). Thả hold.
[INFO] [1786687122.838728799] [trajectory_predictor]: [Pred HOLD ON] Tay đứng yên (std=2.4mm). Target robot Z: 0.0851 | Tay thật Z: 0.0885
[INFO] [1786687123.571740446] [trajectory_predictor]: [Pred HOLD OFF] Tay di chuyển (dev=28.4mm). Thả hold.
[INFO] [1786687124.838316077] [trajectory_predictor]: [Pred HOLD ON] Tay đứng yên (std=1.2mm). Target robot Z: 0.6417 | Tay thật Z: 0.7627
[INFO] [1786687124.871087360] [trajectory_predictor]: [Filter] raw=(-0.0136,0.4711,0.6417) → filt=(-0.0136,0.4711,0.6417) Δ=(0.0000,0.0000,0.0000)
[INFO] [1786687126.804789807] [trajectory_predictor]: [Pred HOLD OFF] Tay di chuyển (dev=26.5mm). Thả hold.
[INFO] [1786687128.139256650] [trajectory_predictor]: [Pred HOLD ON] Tay đứng yên (std=3.5mm). Target robot Z: 0.1200 | Tay thật Z: 0.1213
[INFO] [1786687131.533705339] [trajectory_predictor]: [Filter] raw=(0.0056,0.4847,0.1200) → filt=(0.0056,0.4847,0.1200) Δ=(0.0000,0.0000,0.0000)
[INFO] [1786687132.402809267] [trajectory_predictor]: [Pred HOLD OFF] Tay di chuyển (dev=28.4mm). Thả hold.
[INFO] [1786687133.170362657] [trajectory_predictor]: [Pred HOLD ON] Tay đứng yên (std=1.4mm). Target robot Z: 0.1622 | Tay thật Z: 0.1608
[INFO] [1786687134.337041535] [trajectory_predictor]: [Pred HOLD OFF] Tay di chuyển (dev=29.6mm). Thả hold.
[INFO] [1786687135.571026616] [trajectory_predictor]: [Pred HOLD ON] Tay đứng yên (std=3.9mm). Target robot Z: 0.2128 | Tay thật Z: 0.2251
[INFO] [1786687136.370674974] [trajectory_predictor]: [Pred HOLD OFF] Tay di chuyển (dev=25.3mm). Thả hold.
[INFO] [1786687137.735237926] [trajectory_predictor]: [Pred HOLD ON] Tay đứng yên (std=2.4mm). Target robot Z: 0.6404 | Tay thật Z: 0.7624
[INFO] [1786687138.140394655] [trajectory_predictor]: [Pred HOLD OFF] Tay di chuyển (dev=28.8mm). Thả hold.
[INFO] [1786687138.230960612] [trajectory_predictor]: [Filter] raw=(0.0008,0.4689,0.4173) → filt=(0.0008,0.4689,0.5367) Δ=(0.0000,0.0000,0.1195)
[INFO] [1786687139.580791861] [trajectory_predictor]: [Pred HOLD ON] Tay đứng yên (std=1.3mm). Target robot Z: 0.0080 | Tay thật Z: 0.0112
[INFO] [1786687140.481213576] [trajectory_predictor]: [Predictor] Predicting STOPPED
[INFO] [1786687141.238818451] [trajectory_predictor]: [Pred HOLD OFF] Tay di chuyển (dev=32.3mm). Thả hold.
[INFO] [1786687143.609176583] [trajectory_predictor]: [Predictor] Buffer cleared (no data for 1.2s)
[INFO] [1786687170.610143375] [trajectory_predictor]: [Predictor] Buffer cleared (no data for 1.0s)
[INFO] [1786687175.426998575] [trajectory_predictor]: [Pred HOLD ON] Tay đứng yên (std=2.9mm). Target robot Z: 0.0080 | Tay thật Z: 0.0108
[INFO] [1786687175.817207978] [trajectory_predictor]: [Filter] raw=(0.0314,0.1751,0.0080) → filt=(0.0314,0.1751,0.0080) Δ=(0.0000,0.0000,0.0000)
[INFO] [1786687178.330206634] [trajectory_predictor]: [Pred HOLD OFF] Tay di chuyển (dev=25.4mm). Thả hold.
[INFO] [1786687178.597620892] [trajectory_predictor]: [Pred HOLD ON] Tay đứng yên (std=1.5mm). Target robot Z: 0.0080 | Tay thật Z: 0.0443
[INFO] [1786687179.163325234] [trajectory_predictor]: [Pred HOLD OFF] Tay di chuyển (dev=27.2mm). Thả hold.
[INFO] [1786687179.965694144] [trajectory_predictor]: [Pred HOLD ON] Tay đứng yên (std=0.0mm). Target robot Z: 0.0080 | Tay thật Z: 0.0854
[INFO] [1786687183.577153323] [trajectory_predictor]: [Filter] raw=(0.0314,0.1751,0.0080) → filt=(0.0314,0.1751,0.0080) Δ=(0.0000,0.0000,0.0000)
[INFO] [1786687188.481555231] [trajectory_predictor]: [Predictor] Predicting STARTED
[INFO] [1786687188.617402497] [trajectory_predictor]: [Pred HOLD OFF] Tay di chuyển (dev=28.7mm). Thả hold.
[INFO] [1786687189.019800407] [trajectory_predictor]: [Pred HOLD ON] Tay đứng yên (std=0.0mm). Target robot Z: 0.0567 | Tay thật Z: 0.0610
[INFO] [1786687189.287598458] [trajectory_predictor]: [Pred HOLD OFF] Tay di chuyển (dev=27.5mm). Thả hold.
[INFO] [1786687190.269522644] [trajectory_predictor]: [Filter] raw=(-0.1575,0.4151,0.2905) → filt=(-0.1575,0.4151,0.2905) Δ=(0.0000,0.0000,0.0000)
[INFO] [1786687192.391901431] [trajectory_predictor]: [Pred HOLD ON] Tay đứng yên (std=7.6mm). Target robot Z: 0.5330 | Tay thật Z: 0.6438
[INFO] [1786687192.728368495] [trajectory_predictor]: [Pred HOLD OFF] Tay di chuyển (dev=25.2mm). Thả hold.
[INFO] [1786687192.994361689] [trajectory_predictor]: [Pred HOLD ON] Tay đứng yên (std=7.4mm). Target robot Z: 0.5526 | Tay thật Z: 0.6724
[INFO] [1786687193.257948188] [trajectory_predictor]: [Pred HOLD OFF] Tay di chuyển (dev=27.6mm). Thả hold.
[INFO] [1786687193.924752258] [trajectory_predictor]: [Pred HOLD ON] Tay đứng yên (std=5.3mm). Target robot Z: 0.5281 | Tay thật Z: 0.6541
[INFO] [1786687194.227589658] [trajectory_predictor]: [Pred HOLD OFF] Tay di chuyển (dev=26.7mm). Thả hold.
[INFO] [1786687196.160402885] [trajectory_predictor]: [Pred HOLD ON] Tay đứng yên (std=4.0mm). Target robot Z: 0.3069 | Tay thật Z: 0.3179
[INFO] [1786687196.561128780] [trajectory_predictor]: [Pred HOLD OFF] Tay di chuyển (dev=25.9mm). Thả hold.
[INFO] [1786687196.828182008] [trajectory_predictor]: [Pred HOLD ON] Tay đứng yên (std=5.6mm). Target robot Z: 0.2957 | Tay thật Z: 0.2992
[INFO] [1786687196.928351135] [trajectory_predictor]: [Filter] raw=(-0.0188,0.7515,0.2957) → filt=(-0.0188,0.7515,0.2957) Δ=(0.0000,0.0000,0.0000)
[INFO] [1786687197.159983618] [trajectory_predictor]: [Pred HOLD OFF] Tay di chuyển (dev=25.6mm). Thả hold.
[INFO] [1786687197.663426765] [trajectory_predictor]: [Pred HOLD ON] Tay đứng yên (std=1.8mm). Target robot Z: 0.2934 | Tay thật Z: 0.2939
[INFO] [1786687198.129251802] [trajectory_predictor]: [Pred HOLD OFF] Tay di chuyển (dev=27.5mm). Thả hold.
[INFO] [1786687198.562398540] [trajectory_predictor]: [Pred HOLD ON] Tay đứng yên (std=5.6mm). Target robot Z: 0.2704 | Tay thật Z: 0.2729
[INFO] [1786687198.993536778] [trajectory_predictor]: [Pred HOLD OFF] Tay di chuyển (dev=25.2mm). Thả hold.
[INFO] [1786687199.261141330] [trajectory_predictor]: [Pred HOLD ON] Tay đứng yên (std=1.9mm). Target robot Z: 0.2561 | Tay thật Z: 0.2571
[INFO] [1786687199.928537896] [trajectory_predictor]: [Pred HOLD OFF] Tay di chuyển (dev=25.1mm). Thả hold.
[INFO] [1786687200.194072194] [trajectory_predictor]: [Pred HOLD ON] Tay đứng yên (std=5.0mm). Target robot Z: 0.2272 | Tay thật Z: 0.2293
[INFO] [1786687200.492187990] [trajectory_predictor]: [Pred HOLD OFF] Tay di chuyển (dev=28.0mm). Thả hold.
[INFO] [1786687202.495903182] [trajectory_predictor]: [Pred HOLD ON] Tay đứng yên (std=5.5mm). Target robot Z: 0.1284 | Tay thật Z: 0.2210
[INFO] [1786687202.963710377] [trajectory_predictor]: [Pred HOLD OFF] Tay di chuyển (dev=29.0mm). Thả hold.
[INFO] [1786687203.747514723] [trajectory_predictor]: [Filter] raw=(-0.1905,0.4606,0.1163) → filt=(-0.3623,0.4606,0.1163) Δ=(0.1718,0.0000,0.0000)
[INFO] [1786687206.198855992] [trajectory_predictor]: [Pred HOLD ON] Tay đứng yên (std=1.4mm). Target robot Z: 0.6662 | Tay thật Z: 0.7862
[INFO] [1786687207.997709683] [trajectory_predictor]: [Pred HOLD OFF] Tay di chuyển (dev=27.7mm). Thả hold.
[INFO] [1786687209.629113201] [trajectory_predictor]: [Pred HOLD ON] Tay đứng yên (std=1.4mm). Target robot Z: 0.1374 | Tay thật Z: 0.1387
[INFO] [1786687210.430930565] [trajectory_predictor]: [Filter] raw=(-0.1109,0.5858,0.1374) → filt=(-0.1109,0.5858,0.1374) Δ=(0.0000,0.0000,0.0000)
[INFO] [1786687210.898327296] [trajectory_predictor]: [Pred HOLD OFF] Tay di chuyển (dev=25.5mm). Thả hold.
[INFO] [1786687212.836367886] [trajectory_predictor]: [Pred HOLD ON] Tay đứng yên (std=0.5mm). Target robot Z: 0.0110 | Tay thật Z: 0.0152
[INFO] [1786687213.095009161] [trajectory_predictor]: [Predictor] Predicting STOPPED
[INFO] [1786687213.165888386] [trajectory_predictor]: [Pred HOLD OFF] Tay di chuyển (dev=27.4mm). Thả hold.
[INFO] [1786687221.609194531] [trajectory_predictor]: [Predictor] Buffer cleared (no data for 1.4s)
[WARN] [1786687277.575759251] [trajectory_predictor]: [Worker STDERR] Traceback (most recent call last):
[WARN] [1786687277.576309444] [trajectory_predictor]: [Worker STDERR] File "/home/hungnb/cocarry_ws/build/trajectory_predictor/trajectory_predictor/inference_worker.py", line 282, in <module>
[WARN] [1786687277.576824410] [trajectory_predictor]: [Worker STDERR] main()
[WARN] [1786687277.577259228] [trajectory_predictor]: [Worker STDERR] File "/home/hungnb/cocarry_ws/build/trajectory_predictor/trajectory_predictor/inference_worker.py", line 207, in main
[WARN] [1786687277.577676138] [trajectory_predictor]: [Worker STDERR] for line in sys.stdin:
[WARN] [1786687277.578150704] [trajectory_predictor]: [Worker STDERR] KeyboardInterrupt
