[INFO] [1786088669.556769011] [coord_transform]: CoordTransformNode khởi động.
  Object offset (cam frame): [0.05 0.   0.1 ]
  Translation cam→base:      [0.5 0.  1.2]
  EE orientation (xyzw):     [0.0, 1.0, 0.0, 0.0]
  Prediction step:           5
  Axis remap:                [0, 1, 2]
  Axis sign:                 [-1.0, 1.0, 1.0]
  Workspace X: (-1.0, 1.0), Y: (-0.5, 1.3), Z: (0.05, 1.5)
  Filter outlier_threshold:  0.15m
  Filter median_size_y:      3
  Filter deadband_tol:       15.0mm
  Filter stationary_thresh:  3 frames
  Filter max_rate:           5.0cm/frame
  Filter EMA moving(x,y,z):  (1.0,0.8,1.0)
  Filter EMA hold  (x,y,z):  (0.08,0.02,0.05)
[INFO] [1786088685.044119207] [coord_transform]: Đã chuyển mode: ground_truth -> prediction
[INFO] [1786088688.320286272] [coord_transform]: Trạng thái tracking: STOPPED
[WARN] [1786088698.473876715] [coord_transform]: Outlier rejected #1 (jumped 2155.6mm). Ignoring.
[WARN] [1786088698.508143219] [coord_transform]: Outlier rejected #2 (jumped 2050.2mm). Ignoring.
[WARN] [1786088698.539549909] [coord_transform]: Outlier rejected #3 (jumped 2086.3mm). Ignoring.
[WARN] [1786088698.573400597] [coord_transform]: Outlier rejected #4 (jumped 2057.2mm). Ignoring.
[INFO] [1786088698.606332362] [coord_transform]: Too many outliers (5). Resetting filter to new position.
[WARN] [1786088698.776485369] [coord_transform]: Outlier rejected #1 (jumped 163.4mm). Ignoring.
[INFO] [1786088709.161644348] [coord_transform]: Captured Init Pose! P_init=(-0.162, 0.280, 0.379), Cam_init=(-0.001, 0.002, -0.003), Noise_Tol=60.0mm
Orientation=(0.998, 0.064, -0.000, 0.000)
[INFO] [1786088722.393828842] [coord_transform]: Re-sync camera init: [ 0.003 -0.003 -0.004]
[INFO] [1786088722.394138179] [coord_transform]: Trạng thái tracking: RUNNING
[INFO] [1786088722.463960303] [coord_transform]: [SNAP ON] Tay thực tế đứng yên. Ép dừng robot (GRU đang lệch 0.0cm).
[INFO] [1786088722.464739357] [coord_transform]: [PREDICTION] Transform: cam[ 0.003 -0.003 -0.004] → base[-0.162  0.28   0.379]
[INFO] [1786088722.651829893] [coord_transform]: Trạng thái tracking: STOPPED
[INFO] [1786088723.925807749] [coord_transform]: Deadband: RELEASE — motion detected
[INFO] [1786088723.960293935] [coord_transform]: Deadband: HOLD at (0.003, -0.003, -0.004)
[WARN] [1786088736.503773704] [coord_transform]: Outlier rejected #1 (jumped 185.4mm). Ignoring.
[WARN] [1786088736.537826332] [coord_transform]: Outlier rejected #2 (jumped 162.0mm). Ignoring.
[WARN] [1786088736.568860038] [coord_transform]: Outlier rejected #3 (jumped 173.1mm). Ignoring.
[INFO] [1786088736.902788500] [coord_transform]: Deadband: HOLD at (0.003, -0.003, -0.004)
[INFO] [1786088736.936864792] [coord_transform]: Deadband: RELEASE — motion detected
[INFO] [1786088737.974157282] [coord_transform]: Re-sync camera init: [0.009 0.053 0.001]
[INFO] [1786088737.974470637] [coord_transform]: Trạng thái tracking: RUNNING
[INFO] [1786088738.047749718] [coord_transform]: [PREDICTION] Transform: cam[0.009 0.053 0.001] → base[-0.162  0.28   0.379]
[INFO] [1786088739.002158806] [coord_transform]: Trạng thái tracking: STOPPED
[INFO] [1786088741.770596096] [coord_transform]: Deadband: RELEASE — motion detected
[WARN] [1786088742.704650596] [coord_transform]: Outlier rejected #1 (jumped 379.8mm). Ignoring.
[WARN] [1786088742.739428333] [coord_transform]: Outlier rejected #2 (jumped 398.6mm). Ignoring.
[WARN] [1786088742.773570593] [coord_transform]: Outlier rejected #3 (jumped 435.1mm). Ignoring.
[WARN] [1786088742.808900569] [coord_transform]: Outlier rejected #4 (jumped 476.2mm). Ignoring.
[INFO] [1786088742.840209834] [coord_transform]: Too many outliers (5). Resetting filter to new position.
[WARN] [1786088743.675418997] [coord_transform]: Outlier rejected #1 (jumped 327.2mm). Ignoring.
[WARN] [1786088743.710162761] [coord_transform]: Outlier rejected #2 (jumped 259.6mm). Ignoring.
[WARN] [1786088743.742199102] [coord_transform]: Outlier rejected #3 (jumped 278.6mm). Ignoring.
[WARN] [1786088743.774202283] [coord_transform]: Outlier rejected #4 (jumped 273.3mm). Ignoring.
[INFO] [1786088743.806389386] [coord_transform]: Too many outliers (5). Resetting filter to new position.
[WARN] [1786088743.941711063] [coord_transform]: Outlier rejected #1 (jumped 155.4mm). Ignoring.
[WARN] [1786088743.976225699] [coord_transform]: Outlier rejected #2 (jumped 163.2mm). Ignoring.
[WARN] [1786088744.007474572] [coord_transform]: Outlier rejected #3 (jumped 211.3mm). Ignoring.
[INFO] [1786088751.542294386] [coord_transform]: Trạng thái tracking: STOPPED
[WARN] [1786088767.655795501] [coord_transform]: Outlier rejected #4 (jumped 1646.7mm). Ignoring.
[INFO] [1786088767.689496358] [coord_transform]: Too many outliers (5). Resetting filter to new position.
[INFO] [1786088768.192914028] [coord_transform]: Deadband: HOLD at (0.009, 0.053, 0.001)
[INFO] [1786088774.550706142] [coord_transform]: Re-sync camera init: [ 0.02   0.066 -0.002]
[INFO] [1786088774.550969704] [coord_transform]: Trạng thái tracking: RUNNING
[INFO] [1786088774.565251200] [coord_transform]: Deadband: RELEASE — motion detected
[INFO] [1786088774.603735701] [coord_transform]: [SNAP OFF] Tay di chuyển lại. Trả quyền cho GRU.
[INFO] [1786088774.604700773] [coord_transform]: [PREDICTION] Transform: cam[ 0.043  0.02  -0.001] → base[-0.186  0.234  0.379]
[INFO] [1786088774.697651816] [coord_transform]: Deadband: HOLD at (0.020, 0.066, -0.002)
[INFO] [1786088774.714579591] [coord_transform]: [SNAP ON] Tay thực tế đứng yên. Ép dừng robot (GRU đang lệch 5.4cm).
[INFO] [1786088775.594783773] [coord_transform]: [SNAP OFF] Tay di chuyển lại. Trả quyền cho GRU.
[INFO] [1786088775.658424169] [coord_transform]: [SNAP OFF] Tay di chuyển lại. Trả quyền cho GRU.
[INFO] [1786088775.727524756] [coord_transform]: [SNAP OFF] Tay di chuyển lại. Trả quyền cho GRU.
[INFO] [1786088776.031175196] [coord_transform]: [SNAP ON] Tay thực tế đứng yên. Ép dừng robot (GRU đang lệch 6.3cm).
[INFO] [1786088776.065379130] [coord_transform]: [SNAP OFF] Tay di chuyển lại. Trả quyền cho GRU.
[INFO] [1786088776.133965018] [coord_transform]: [SNAP OFF] Tay di chuyển lại. Trả quyền cho GRU.
[INFO] [1786088776.198383177] [coord_transform]: [SNAP OFF] Tay di chuyển lại. Trả quyền cho GRU.
[INFO] [1786088776.361048058] [coord_transform]: [SNAP OFF] Tay di chuyển lại. Trả quyền cho GRU.
[INFO] [1786088776.607065721] [coord_transform]: [PREDICTION] Transform: cam[0.022 0.061 0.067] → base[-0.165  0.276  0.448]
[WARN] [1786088777.000635726] [coord_transform]: Outlier rejected #1 (jumped 344.9mm). Ignoring.
[WARN] [1786088777.197955276] [coord_transform]: Outlier rejected #1 (jumped 190.2mm). Ignoring.
[WARN] [1786088777.996570243] [coord_transform]: Outlier rejected #1 (jumped 207.5mm). Ignoring.
[WARN] [1786088778.035794628] [coord_transform]: Outlier rejected #2 (jumped 182.8mm). Ignoring.
[WARN] [1786088778.068160903] [coord_transform]: Outlier rejected #3 (jumped 279.2mm). Ignoring.
[WARN] [1786088778.104219580] [coord_transform]: Outlier rejected #4 (jumped 256.5mm). Ignoring.
[INFO] [1786088778.132693619] [coord_transform]: Too many outliers (5). Resetting filter to new position.
[INFO] [1786088778.639862444] [coord_transform]: [PREDICTION] Transform: cam[-0.042  0.214  0.425] → base[-0.101  0.429  0.805]
[INFO] [1786088779.575687187] [coord_transform]: [PREDICTION/EE] base[-0.062  0.545  0.825]
[INFO] [1786088781.598767592] [coord_transform]: [PREDICTION/EE] base[-0.079  0.531  0.482]
[INFO] [1786088783.608259766] [coord_transform]: [PREDICTION/EE] base[-0.059  0.634  0.203]
[WARN] [1786088785.042835577] [coord_transform]: [EE] Tọa độ bị clamp: [-0.058  0.695  0.048] → [-0.058  0.695  0.05 ]
[INFO] [1786088785.609214785] [coord_transform]: [PREDICTION/EE] base[-0.058  0.707  0.05 ]
[WARN] [1786088786.042853249] [coord_transform]: [EE] Tọa độ bị clamp: [-0.058  0.712  0.004] → [-0.058  0.712  0.05 ]
[WARN] [1786088786.473425569] [coord_transform]: Outlier rejected #1 (jumped 263.2mm). Ignoring.
[WARN] [1786088786.504435427] [coord_transform]: Outlier rejected #2 (jumped 210.8mm). Ignoring.
[WARN] [1786088786.538421301] [coord_transform]: Outlier rejected #3 (jumped 293.5mm). Ignoring.
[WARN] [1786088786.569242537] [coord_transform]: Outlier rejected #4 (jumped 263.5mm). Ignoring.
[INFO] [1786088786.803931197] [coord_transform]: Too many outliers (5). Resetting filter to new position.
[WARN] [1786088786.841451579] [coord_transform]: Outlier rejected #1 (jumped 408.1mm). Ignoring.
[WARN] [1786088786.872506832] [coord_transform]: Outlier rejected #2 (jumped 334.7mm). Ignoring.
[WARN] [1786088786.906693340] [coord_transform]: Outlier rejected #3 (jumped 317.8mm). Ignoring.
[WARN] [1786088786.940926776] [coord_transform]: Outlier rejected #4 (jumped 365.6mm). Ignoring.
[INFO] [1786088786.974510830] [coord_transform]: Too many outliers (5). Resetting filter to new position.
[WARN] [1786088787.064773171] [coord_transform]: [EE] Tọa độ bị clamp: [-0.058  0.714  0.   ] → [-0.058  0.714  0.05 ]
[INFO] [1786088787.632200901] [coord_transform]: [PREDICTION/EE] base[-0.058  0.714  0.05 ]
[WARN] [1786088788.074913555] [coord_transform]: [EE] Tọa độ bị clamp: [-0.058  0.714  0.   ] → [-0.058  0.714  0.05 ]
[WARN] [1786088788.172271745] [coord_transform]: Outlier rejected #1 (jumped 397.9mm). Ignoring.
[WARN] [1786088788.443654737] [coord_transform]: Outlier rejected #1 (jumped 172.6mm). Ignoring.
[INFO] [1786088788.542245388] [coord_transform]: Deadband: HOLD at (0.020, 0.066, -0.002)
[WARN] [1786088788.572468028] [coord_transform]: Outlier rejected #1 (jumped 176.3mm). Ignoring.
[INFO] [1786088788.606737092] [coord_transform]: Deadband: RELEASE — motion detected
[INFO] [1786088788.703796554] [coord_transform]: Trạng thái tracking: STOPPED
[WARN] [1786088788.706653398] [coord_transform]: Outlier rejected #1 (jumped 173.1mm). Ignoring.
[WARN] [1786088788.939269910] [coord_transform]: Outlier rejected #1 (jumped 171.9mm). Ignoring.
[WARN] [1786088789.038836813] [coord_transform]: Outlier rejected #1 (jumped 461.7mm). Ignoring.
[WARN] [1786088789.870124543] [coord_transform]: Outlier rejected #1 (jumped 303.0mm). Ignoring.
[WARN] [1786088789.908045806] [coord_transform]: Outlier rejected #2 (jumped 172.9mm). Ignoring.
[WARN] [1786088793.042609117] [coord_transform]: Outlier rejected #1 (jumped 422.5mm). Ignoring.
[WARN] [1786088793.076820948] [coord_transform]: Outlier rejected #2 (jumped 474.1mm). Ignoring.
[WARN] [1786088793.108978955] [coord_transform]: Outlier rejected #3 (jumped 518.7mm). Ignoring.
[WARN] [1786088793.144078573] [coord_transform]: Outlier rejected #4 (jumped 552.9mm). Ignoring.
[INFO] [1786088793.176970350] [coord_transform]: Too many outliers (5). Resetting filter to new position.
[INFO] [1786088793.211076143] [coord_transform]: Deadband: RELEASE — motion detected
[WARN] [1786088794.020472057] [coord_transform]: Outlier rejected #1 (jumped 1923.5mm). Ignoring.
[WARN] [1786088794.046710743] [coord_transform]: Outlier rejected #2 (jumped 277.4mm). Ignoring.
[WARN] [1786088794.121649610] [coord_transform]: Outlier rejected #3 (jumped 356.1mm). Ignoring.
[WARN] [1786088794.148707967] [coord_transform]: Outlier rejected #4 (jumped 364.4mm). Ignoring.
[INFO] [1786088794.174299124] [coord_transform]: Too many outliers (5). Resetting filter to new position.
[WARN] [1786088794.590232832] [coord_transform]: Outlier rejected #1 (jumped 218.9mm). Ignoring.
[WARN] [1786088794.616886142] [coord_transform]: Outlier rejected #2 (jumped 199.9mm). Ignoring.
[WARN] [1786088794.643551735] [coord_transform]: Outlier rejected #3 (jumped 262.2mm). Ignoring.
[WARN] [1786088795.353334001] [coord_transform]: Outlier rejected #4 (jumped 2346.2mm). Ignoring.
[INFO] [1786088795.380098420] [coord_transform]: Too many outliers (5). Resetting filter to new position.
[INFO] [1786088810.592740514] [coord_transform]: Trạng thái tracking: STOPPED
[WARN] [1786088825.265541848] [coord_transform]: Outlier rejected #1 (jumped 1121.6mm). Ignoring.
[WARN] [1786088825.298716245] [coord_transform]: Outlier rejected #2 (jumped 1153.8mm). Ignoring.
[WARN] [1786088825.331165689] [coord_transform]: Outlier rejected #3 (jumped 1139.7mm). Ignoring.
[WARN] [1786088825.363425047] [coord_transform]: Outlier rejected #4 (jumped 1140.2mm). Ignoring.
[INFO] [1786088825.398965413] [coord_transform]: Too many outliers (5). Resetting filter to new position.
[INFO] [1786088825.897656077] [coord_transform]: Deadband: HOLD at (0.020, 0.066, -0.002)
[INFO] [1786088826.029693203] [coord_transform]: Deadband: RELEASE — motion detected
[WARN] [1786088828.264342566] [coord_transform]: Outlier rejected #1 (jumped 159.6mm). Ignoring.
[WARN] [1786088829.402369877] [coord_transform]: Outlier rejected #1 (jumped 155.7mm). Ignoring.
[INFO] [1786088836.607878736] [coord_transform]: Deadband: HOLD at (0.020, 0.066, -0.002)
[INFO] [1786088836.639464123] [coord_transform]: Deadband: RELEASE — motion detected
[WARN] [1786088837.440059041] [coord_transform]: Outlier rejected #1 (jumped 150.5mm). Ignoring.
[WARN] [1786088841.943551207] [coord_transform]: Outlier rejected #1 (jumped 155.6mm). Ignoring.
[WARN] [1786088841.977089364] [coord_transform]: Outlier rejected #2 (jumped 155.6mm). Ignoring.
[WARN] [1786088843.976286723] [coord_transform]: Outlier rejected #1 (jumped 161.7mm). Ignoring.
[WARN] [1786088846.879451848] [coord_transform]: Outlier rejected #1 (jumped 151.5mm). Ignoring.
[INFO] [1786088848.431906369] [coord_transform]: Re-sync camera init: [ 0.02  -0.003 -0.   ]
[INFO] [1786088848.432215677] [coord_transform]: Trạng thái tracking: RUNNING
[INFO] [1786088848.486232435] [coord_transform]: Deadband: RELEASE — motion detected
[INFO] [1786088848.489112385] [coord_transform]: [PREDICTION] Transform: cam[ 0.02  -0.003 -0.   ] → base[-0.162  0.28   0.379]
[INFO] [1786088848.583328549] [coord_transform]: Deadband: HOLD at (0.020, -0.003, -0.000)
[INFO] [1786088848.589065386] [coord_transform]: [SNAP ON] Tay thực tế đứng yên. Ép dừng robot (GRU đang lệch 0.0cm).
[INFO] [1786088849.849659286] [coord_transform]: [SNAP OFF] Tay di chuyển lại. Trả quyền cho GRU.
[INFO] [1786088850.518884582] [coord_transform]: [PREDICTION] Transform: cam[0.021 0.114 0.117] → base[-0.162  0.398  0.496]
[WARN] [1786088850.715401081] [coord_transform]: Outlier rejected #1 (jumped 176.2mm). Ignoring.
[WARN] [1786088850.750441541] [coord_transform]: Outlier rejected #2 (jumped 157.7mm). Ignoring.
[WARN] [1786088850.782105614] [coord_transform]: Outlier rejected #3 (jumped 219.3mm). Ignoring.
[WARN] [1786088850.819664298] [coord_transform]: Outlier rejected #4 (jumped 243.7mm). Ignoring.
[INFO] [1786088850.852164683] [coord_transform]: Too many outliers (5). Resetting filter to new position.
[INFO] [1786088852.550498804] [coord_transform]: [PREDICTION] Transform: cam[-0.022  0.317  0.479] → base[-0.119  0.6    0.857]
[INFO] [1786088853.464748357] [coord_transform]: [PREDICTION/EE] base[-0.088  0.749  0.837]
[INFO] [1786088855.476571262] [coord_transform]: [PREDICTION/EE] base[-0.076  0.666  0.415]
[WARN] [1786088856.853625912] [coord_transform]: Outlier rejected #1 (jumped 156.3mm). Ignoring.
[WARN] [1786088856.889902616] [coord_transform]: Outlier rejected #2 (jumped 201.6mm). Ignoring.
[WARN] [1786088856.922513121] [coord_transform]: Outlier rejected #3 (jumped 289.1mm). Ignoring.
[WARN] [1786088856.956137349] [coord_transform]: Outlier rejected #4 (jumped 258.8mm). Ignoring.
[INFO] [1786088856.988092469] [coord_transform]: Too many outliers (5). Resetting filter to new position.
[WARN] [1786088857.253819689] [coord_transform]: Outlier rejected #1 (jumped 288.2mm). Ignoring.
[WARN] [1786088857.320814022] [coord_transform]: Outlier rejected #1 (jumped 830.2mm). Ignoring.
[INFO] [1786088857.498116571] [coord_transform]: [PREDICTION/EE] base[-0.068  0.701  0.176]
[WARN] [1786088858.644329558] [coord_transform]: [EE] Tọa độ bị clamp: [-0.06   0.708  0.049] → [-0.06   0.708  0.05 ]
[INFO] [1786088859.495726372] [coord_transform]: Trạng thái tracking: STOPPED
[WARN] [1786088861.757096747] [coord_transform]: Outlier rejected #1 (jumped 192.5mm). Ignoring.
[INFO] [1786088863.113142455] [coord_transform]: Trạng thái tracking: STOPPED
[WARN] [1786088865.794425577] [coord_transform]: Outlier rejected #1 (jumped 300.1mm). Ignoring.
[WARN] [1786088865.828008514] [coord_transform]: Outlier rejected #2 (jumped 322.6mm). Ignoring.
[WARN] [1786088865.860189101] [coord_transform]: Outlier rejected #3 (jumped 355.2mm). Ignoring.
[WARN] [1786088865.894009673] [coord_transform]: Outlier rejected #4 (jumped 362.0mm). Ignoring.
[INFO] [1786088867.294335106] [coord_transform]: Too many outliers (5). Resetting filter to new position.
[WARN] [1786088868.199817420] [coord_transform]: Outlier rejected #1 (jumped 163.5mm). Ignoring.
[WARN] [1786088868.228863262] [coord_transform]: Outlier rejected #2 (jumped 240.7mm). Ignoring.
[WARN] [1786088868.263755477] [coord_transform]: Outlier rejected #3 (jumped 235.9mm). Ignoring.
[WARN] [1786088868.299582289] [coord_transform]: Outlier rejected #4 (jumped 219.9mm). Ignoring.
[WARN] [1786088869.172629075] [coord_transform]: Outlier rejected #1 (jumped 2366.7mm). Ignoring.
[WARN] [1786088869.199259554] [coord_transform]: Outlier rejected #2 (jumped 2307.5mm). Ignoring.
[WARN] [1786088869.229034349] [coord_transform]: Outlier rejected #3 (jumped 2312.9mm). Ignoring.
[WARN] [1786088869.260049500] [coord_transform]: Outlier rejected #4 (jumped 2334.0mm). Ignoring.
[INFO] [1786088869.297172896] [coord_transform]: Too many outliers (5). Resetting filter to new position.
