[INFO] [1786964360.625138369] [trajectory_predictor]: [Predictor] Worker launched (pid=136599)
[INFO] [1786964360.625562947] [trajectory_predictor]: [Predictor] Started | model=svgp | window=10 | auto_start=True
  Output Filter: enabled=True, ema_alpha=0.3, max_dev=0.08, max_rate=0.02
[WARN] [1786964361.794101277] [trajectory_predictor]: [Worker STDERR] /usr/lib/python3/dist-packages/scipy/__init__.py:146: UserWarning: A NumPy version >=1.17.3 and <1.25.0 is required for this version of SciPy (detected version 1.26.4
[WARN] [1786964361.794796072] [trajectory_predictor]: [Worker STDERR] warnings.warn(f"A NumPy version >={np_minversion} and <{np_maxversion}"
[INFO] [1786964362.614251947] [trajectory_predictor]: [Worker] TF 2.15.0 and sklearn loaded
[INFO] [1786964363.640222177] [trajectory_predictor]: [Predictor] Worker READY | model=svgp
[INFO] [1786964369.870591450] [trajectory_predictor]: [Filter] raw=(0.0599,0.3397,0.0503) → filt=(0.2479,-2.7340,-0.0228) Δ=(0.1880,3.0737,0.0731)
[INFO] [1786964375.888060575] [trajectory_predictor]: [Hybrid] FOLLOWER -> LEADER | x_0=(0.0879,-2.2046,-0.0147) | GOAL=(-0.1528,0.5660,-0.0325) | t_f=6.39s | 192 steps @ 30Hz | GRU worker dừng gửi lệnh predict (tiết kiệm tài nguyên)
[INFO] [1786964379.281911049] [trajectory_predictor]: [Predictor] Predicting STOPPED
[INFO] [1786964385.711146150] [trajectory_predictor]: [Predictor] Predicting STOPPED
[INFO] [1786964391.862381986] [trajectory_predictor]: [Predictor] Auto-enabled prediction mode via /trajectory_mode
[INFO] [1786964391.862957548] [trajectory_predictor]: [Predictor] Switching model → svgp
[INFO] [1786964391.863330689] [trajectory_predictor]: [Hybrid] Mode ENABLED (GRU+MJM). Timer T_SWITCH sẽ bắt đầu khi Start Run.
[INFO] [1786964391.883018817] [trajectory_predictor]: [Predictor] Model switched to svgp
[INFO] [1786964392.623926230] [trajectory_predictor]: [Filter] raw=(0.1946,-0.3260,0.0159) → filt=(0.1951,-0.3402,0.0158) Δ=(0.0004,0.0143,0.0001)
[INFO] [1786964394.698352014] [trajectory_predictor]: [Predictor] Predicting STOPPED
[INFO] [1786964397.011504582] [trajectory_predictor]: [Predictor] Auto-enabled prediction mode via /trajectory_mode
[INFO] [1786964397.012039909] [trajectory_predictor]: [Predictor] Switching model → svgp
[INFO] [1786964397.012359389] [trajectory_predictor]: [Hybrid] Mode DISABLED (GRU only)
[INFO] [1786964397.034300602] [trajectory_predictor]: [Predictor] Model switched to svgp
[INFO] [1786964398.296007011] [trajectory_predictor]: [Filter] raw=(0.1951,-0.3266,0.0158) → filt=(0.1982,-0.3397,0.0148) Δ=(0.0031,0.0131,0.0010)
[INFO] [1786964399.317772028] [trajectory_predictor]: [Predictor] Predicting STOPPED
[INFO] [1786964418.779300813] [trajectory_predictor]: [Predictor] Predicting STARTED
[INFO] [1786964421.210536027] [trajectory_predictor]: [Filter] raw=(0.1499,0.0003,0.0832) → filt=(0.1545,-0.0395,0.0850) Δ=(0.0046,0.0398,0.0018)
[INFO] [1786964423.683161035] [trajectory_predictor]: [Predictor] Predicting STOPPED
[INFO] [1786964457.082485363] [trajectory_predictor]: [Predictor] Predicting STOPPED
[INFO] [1786964465.610632121] [trajectory_predictor]: [Predictor] Buffer cleared (no data for 1.4s)
[INFO] [1786964473.790887163] [trajectory_predictor]: [Predictor] Predicting STARTED
[INFO] [1786964474.646129240] [trajectory_predictor]: [Filter] raw=(0.1946,-0.1958,0.0456) → filt=(0.1937,-0.2024,0.0427) Δ=(0.0009,0.0066,0.0029)
[INFO] [1786964480.016397081] [trajectory_predictor]: [Predictor] Predicting STOPPED
[INFO] [1786964493.849111150] [trajectory_predictor]: [Predictor] Predicting STOPPED
[INFO] [1786964509.874150750] [trajectory_predictor]: [Predictor] Predicting STARTED
[INFO] [1786964511.177823798] [trajectory_predictor]: [Filter] raw=(0.1895,-0.2120,0.0487) → filt=(0.1912,-0.2363,0.0479) Δ=(0.0018,0.0243,0.0008)
[INFO] [1786964516.711290285] [trajectory_predictor]: [Predictor] Predicting STOPPED
[INFO] [1786964516.978140946] [trajectory_predictor]: [Predictor] Predicting STARTED
[INFO] [1786964518.110707078] [trajectory_predictor]: [Filter] raw=(-0.0650,0.4943,-0.0221) → filt=(-0.0637,0.4993,-0.0227) Δ=(0.0013,0.0050,0.0006)
[INFO] [1786964524.775634507] [trajectory_predictor]: [Filter] raw=(-0.0376,0.4968,-0.0469) → filt=(-0.0371,0.4893,-0.0450) Δ=(0.0005,0.0075,0.0019)
[INFO] [1786964528.611309047] [trajectory_predictor]: [Predictor] Buffer cleared (no data for 1.1s)
[INFO] [1786964531.184597849] [trajectory_predictor]: [Filter] raw=(-0.0109,0.4293,-0.0746) → filt=(-0.0094,0.4436,-0.0664) Δ=(0.0015,0.0143,0.0082)
[INFO] [1786964536.610223145] [trajectory_predictor]: [Predictor] Buffer cleared (no data for 1.6s)
[INFO] [1786964546.611297188] [trajectory_predictor]: [Predictor] Buffer cleared (no data for 1.8s)
[INFO] [1786964548.610471404] [trajectory_predictor]: [Predictor] Buffer cleared (no data for 1.0s)
[INFO] [1786964555.611556445] [trajectory_predictor]: [Predictor] Buffer cleared (no data for 1.2s)
[INFO] [1786964557.769482781] [trajectory_predictor]: [Filter] raw=(0.3542,-0.4249,-0.0253) → filt=(0.0832,0.2647,-0.0169) Δ=(0.2710,0.6896,0.0084)
[INFO] [1786964559.611039886] [trajectory_predictor]: [Predictor] Buffer cleared (no data for 1.4s)
[INFO] [1786964594.610542635] [trajectory_predictor]: [Predictor] Buffer cleared (no data for 1.1s)
[INFO] [1786964597.263022170] [trajectory_predictor]: [Filter] raw=(0.1466,-0.0420,0.0103) → filt=(0.1542,-0.0965,0.0116) Δ=(0.0076,0.0546,0.0013)
