[INFO] [1785738850.319954782] [cartesian_streamer]: CartesianStreamer khởi động (chờ Enable Robot từ UI).
  Stream rate:       15 Hz (period=66.7ms)
  Queue dt:          0.067 s
  Prebuffer points:  3
  Retry backoff:     66.0 ms
  Gửi PoseStamped lên: /cartesian_streamer/target_pose
  Gửi XYZ lên:        /cartesian_streamer/target_xyz
  Nhận EE pose tại:   /cartesian_streamer/current_pose
[INFO] [1785738850.803064843] [cartesian_streamer]: Chờ /joint_states...
[INFO] [1785738853.302769628] [cartesian_streamer]: Chờ /joint_states...
[INFO] [1785738855.802323169] [cartesian_streamer]: Chờ /joint_states...
[INFO] [1785738858.302894553] [cartesian_streamer]: Chờ /joint_states...
[INFO] [1785738860.802370253] [cartesian_streamer]: Chờ /joint_states...
[INFO] [1785738862.802468949] [cartesian_streamer]: Chờ /joint_states...
[INFO] [1785738864.802942333] [cartesian_streamer]: Chờ /joint_states...
[INFO] [1785738867.302514369] [cartesian_streamer]: Chờ /joint_states...
[INFO] [1785738869.303200754] [cartesian_streamer]: Chờ /joint_states...
[INFO] [1785738871.802910456] [cartesian_streamer]: Chờ /joint_states...
[INFO] [1785738874.302687187] [cartesian_streamer]: Chờ /joint_states...
[INFO] [1785738876.802474329] [cartesian_streamer]: Chờ /joint_states...
[INFO] [1785738879.302432178] [cartesian_streamer]: Chờ /joint_states...
[INFO] [1785738881.302534261] [cartesian_streamer]: Chờ /joint_states...
[INFO] [1785738883.302598666] [cartesian_streamer]: Chờ /joint_states...
[INFO] [1785738885.802187069] [cartesian_streamer]: Chờ /joint_states...
[INFO] [1785738888.301885915] [cartesian_streamer]: Chờ /joint_states...
[INFO] [1785738890.302799441] [cartesian_streamer]: Chờ /joint_states...
[INFO] [1785738892.803956567] [cartesian_streamer]: Chờ /joint_states...
[INFO] [1785738895.302750860] [cartesian_streamer]: Chờ /joint_states...
[INFO] [1785738897.302937617] [cartesian_streamer]: Chờ /joint_states...
[INFO] [1785738899.802391413] [cartesian_streamer]: Chờ /joint_states...
[INFO] [1785738901.802629582] [cartesian_streamer]: Chờ /joint_states...
[INFO] [1785738904.302884924] [cartesian_streamer]: Chờ /joint_states...
[INFO] [1785738906.802979721] [cartesian_streamer]: Chờ /joint_states...
[INFO] [1785738909.303326815] [cartesian_streamer]: Chờ /joint_states...
[INFO] [1785738911.802826521] [cartesian_streamer]: Chờ /joint_states...
[INFO] [1785738914.302581884] [cartesian_streamer]: Chờ /joint_states...
[INFO] [1785738916.802883133] [cartesian_streamer]: Chờ /joint_states...
[INFO] [1785738919.301724777] [cartesian_streamer]: Chờ /joint_states...
[INFO] [1785738921.302784399] [cartesian_streamer]: Chờ /joint_states...
[INFO] [1785738923.802656836] [cartesian_streamer]: Chờ /joint_states...
[INFO] [1785738925.802932957] [cartesian_streamer]: Chờ /joint_states...
[INFO] [1785738928.303101173] [cartesian_streamer]: Chờ /joint_states...
[INFO] [1785738930.802885437] [cartesian_streamer]: Chờ /joint_states...
[INFO] [1785738933.302023900] [cartesian_streamer]: Chờ /joint_states...
[INFO] [1785738935.302293717] [cartesian_streamer]: Chờ /joint_states...
[INFO] [1785738937.302408910] [cartesian_streamer]: Chờ /joint_states...
[INFO] [1785738939.302574270] [cartesian_streamer]: Chờ /joint_states...
[INFO] [1785738941.802323687] [cartesian_streamer]: Chờ /joint_states...
[INFO] [1785738943.802766179] [cartesian_streamer]: Chờ /joint_states...
[INFO] [1785738946.302515213] [cartesian_streamer]: Chờ /joint_states...
[INFO] [1785738948.802208271] [cartesian_streamer]: Chờ /joint_states...
[INFO] [1785738951.302553797] [cartesian_streamer]: Chờ /joint_states...
[INFO] [1785738953.802685394] [cartesian_streamer]: Chờ /joint_states...
[INFO] [1785738956.302585951] [cartesian_streamer]: Chờ /joint_states...
[INFO] [1785738958.802770629] [cartesian_streamer]: Chờ /joint_states...
[INFO] [1785738961.302772794] [cartesian_streamer]: Chờ /joint_states...
[INFO] [1785738963.303119503] [cartesian_streamer]: Chờ /joint_states...
[INFO] [1785738965.801776085] [cartesian_streamer]: Chờ /joint_states...
[INFO] [1785738967.802538336] [cartesian_streamer]: Chờ /joint_states...
[INFO] [1785738970.302693816] [cartesian_streamer]: Chờ /joint_states...
[INFO] [1785738972.802685071] [cartesian_streamer]: Chờ /joint_states...
[INFO] [1785738974.802967472] [cartesian_streamer]: Chờ /joint_states...
[INFO] [1785738977.302997123] [cartesian_streamer]: Chờ /joint_states...
[INFO] [1785738979.802651963] [cartesian_streamer]: Chờ /joint_states...
[INFO] [1785738981.802962307] [cartesian_streamer]: Chờ /joint_states...
[INFO] [1785738984.302486638] [cartesian_streamer]: Chờ /joint_states...
[INFO] [1785738986.802332496] [cartesian_streamer]: Chờ /joint_states...
[INFO] [1785738988.802871313] [cartesian_streamer]: Chờ /joint_states...
[INFO] [1785738990.803137364] [cartesian_streamer]: Chờ /joint_states...
[INFO] [1785738993.302350768] [cartesian_streamer]: Chờ /joint_states...
[INFO] [1785738995.121980615] [cartesian_streamer]: Graceful shutdown: tắt Point Queue Mode trước khi thoát...
[INFO] [1785738995.123344581] [cartesian_streamer]: Robot chưa enable, không cần stop_traj_mode.
[INFO] [1785738995.123766495] [cartesian_streamer]: Shutdown hoàn tất. Tủ điện sẽ KHÔNG bị alarm.
