[INFO] [1786421269.873103452] [cartesian_streamer]: CartesianStreamer khởi động (chờ Enable Robot từ UI).
  Stream rate:       15 Hz (period=66.7ms)
  Queue dt:          0.067 s
  Prebuffer points:  3
  Retry backoff:     66.0 ms
  Gửi PoseStamped lên: /cartesian_streamer/target_pose
  Gửi XYZ lên:        /cartesian_streamer/target_xyz
  Nhận EE pose tại:   /cartesian_streamer/current_pose
[INFO] [1786421269.875441332] [cartesian_streamer]: Nhận joint_states: ['1.571', '0.124', '-1.049', '0.000', '-0.398', '-1.444']
[INFO] [1786421270.354103868] [cartesian_streamer]: ⚡ Simulation mode: Bỏ qua FK cross-validation, ÉP DÙNG Local IK.
   (MoveIt không có planning library trong môi trường giả lập)
[INFO] [1786421270.355148652] [cartesian_streamer]: Đã nhận joint_states. EE hiện tại: (-0.1620, 0.2801, 0.3785). IK mode: Local DLS. Chờ Enable Robot từ UI...
[INFO] [1786421300.761122780] [cartesian_streamer]: Disable Robot: dừng stream, tắt traj mode...
[INFO] [1786421300.761658953] [cartesian_streamer]: ✗ Robot DISABLED.
[INFO] [1786421324.455617601] [cartesian_streamer]: Enable Robot: bắt đầu chuỗi khởi động...
[INFO] [1786421324.455931643] [cartesian_streamer]: Enable: reset_error...
[INFO] [1786421324.476806223] [cartesian_streamer]: reset_error: code=1, msg="success"
[INFO] [1786421324.477373337] [cartesian_streamer]: Enable: stop_traj_mode (giải phóng mode cũ)...
[INFO] [1786421324.522805850] [cartesian_streamer]: stop_traj_mode: success=True, code=N/A, msg=""
[INFO] [1786421324.523155160] [cartesian_streamer]: Enable: chờ 1.5s để hệ thống ổn định trước khi start queue...
[INFO] [1786421326.024348449] [cartesian_streamer]: Enable: StartPointQueueMode...
[INFO] [1786421327.380056220] [cartesian_streamer]: StartPointQueueMode response: code=1, msg=""
[INFO] [1786421327.380512419] [cartesian_streamer]: ✓ Robot ENABLED — Point Queue Mode active. Servo ON!
[INFO] [1786421327.387260272] [cartesian_streamer]: Runtime rate: state=seeding, tick_hz=0.0, queue_send_hz=0.0, ack_hz=0.0, busy_hz=0.0, retry_count=0, reject_count=0, inter_ack_ms=0.0, max_joint_delta=0.000, cumul_time=0.00s, hold_count=0, ik_mode=Local, ik_avg_ms=0.00, ik_fails=0
[INFO] [1786421327.387964904] [cartesian_streamer]: Bootstrap EE pose via FK: (-0.1620, 0.2801, 0.3785)
[INFO] [1786421327.388396104] [cartesian_streamer]: Đang stream qua service: /queue_traj_point
[INFO] [1786421327.388956676] [cartesian_streamer]: Đã gửi seed point (current joints, t=0), chờ ACK...
[INFO] [1786421327.407471839] [cartesian_streamer]: Seed ACK nhận được, bắt đầu prebuffer.
[INFO] [1786421327.407993155] [cartesian_streamer]: Queue accepted sample#1: svc=/queue_traj_point, t_cumul=0.0000s, code=1, msg="", hold=False
[INFO] [1786421327.465967786] [cartesian_streamer]: Queue accepted sample#2: svc=/queue_traj_point, t_cumul=0.0650s, code=1, msg="", hold=True
[INFO] [1786421327.535281522] [cartesian_streamer]: Queue accepted sample#3: svc=/queue_traj_point, t_cumul=0.1317s, code=1, msg="", hold=True
[INFO] [1786421327.602770525] [cartesian_streamer]: Pre-buffer hoàn tất (3 points), bắt đầu stream ổn định. Đang chờ target...
[INFO] [1786421327.603074918] [cartesian_streamer]: Queue accepted sample#4: svc=/queue_traj_point, t_cumul=0.1985s, code=1, msg="", hold=True
[INFO] [1786421327.666894202] [cartesian_streamer]: Queue accepted sample#5: svc=/queue_traj_point, t_cumul=0.2655s, code=1, msg="", hold=True
[INFO] [1786421328.669560889] [cartesian_streamer]: QueueTrajPoint accepted #20: t=1.265s, hold=True
[INFO] [1786421330.000175906] [cartesian_streamer]: QueueTrajPoint accepted #40: t=2.599s, hold=True
[INFO] [1786421331.337174618] [cartesian_streamer]: QueueTrajPoint accepted #60: t=3.932s, hold=True
[INFO] [1786421332.388196716] [cartesian_streamer]: Runtime rate: state=streaming, tick_hz=15.0, queue_send_hz=15.0, ack_hz=15.0, busy_hz=0.0, retry_count=0, reject_count=0, inter_ack_ms=66.5, max_joint_delta=0.000, cumul_time=4.93s, hold_count=74, ik_mode=Local, ik_avg_ms=0.00, ik_fails=0
[INFO] [1786421332.678902246] [cartesian_streamer]: QueueTrajPoint accepted #80: t=5.265s, hold=True
[INFO] [1786421334.001667856] [cartesian_streamer]: QueueTrajPoint accepted #100: t=6.598s, hold=True
[INFO] [1786421335.336929565] [cartesian_streamer]: QueueTrajPoint accepted #120: t=7.932s, hold=True
[INFO] [1786421336.672293750] [cartesian_streamer]: QueueTrajPoint accepted #140: t=9.265s, hold=True
[INFO] [1786421337.455623709] [cartesian_streamer]: Runtime rate: state=streaming, tick_hz=15.0, queue_send_hz=15.0, ack_hz=15.0, busy_hz=0.0, retry_count=0, reject_count=0, inter_ack_ms=66.8, max_joint_delta=0.000, cumul_time=10.00s, hold_count=150, ik_mode=Local, ik_avg_ms=0.00, ik_fails=0
[INFO] [1786421338.004567844] [cartesian_streamer]: QueueTrajPoint accepted #160: t=10.599s, hold=True
[INFO] [1786421339.348098652] [cartesian_streamer]: QueueTrajPoint accepted #180: t=11.932s, hold=True
[INFO] [1786421340.666013874] [cartesian_streamer]: QueueTrajPoint accepted #200: t=13.266s, hold=True
[INFO] [1786421342.001008676] [cartesian_streamer]: QueueTrajPoint accepted #220: t=14.599s, hold=True
[INFO] [1786421342.522503814] [cartesian_streamer]: Runtime rate: state=streaming, tick_hz=15.0, queue_send_hz=15.0, ack_hz=15.0, busy_hz=0.0, retry_count=0, reject_count=0, inter_ack_ms=66.7, max_joint_delta=0.000, cumul_time=15.07s, hold_count=226, ik_mode=Local, ik_avg_ms=0.00, ik_fails=0
[INFO] [1786421343.329060676] [cartesian_streamer]: QueueTrajPoint accepted #240: t=15.932s, hold=True
[INFO] [1786421344.681680963] [cartesian_streamer]: QueueTrajPoint accepted #260: t=17.265s, hold=True
[INFO] [1786421346.003158453] [cartesian_streamer]: QueueTrajPoint accepted #280: t=18.599s, hold=True
[INFO] [1786421347.332769559] [cartesian_streamer]: QueueTrajPoint accepted #300: t=19.932s, hold=True
[INFO] [1786421347.587392008] [cartesian_streamer]: Runtime rate: state=streaming, tick_hz=15.0, queue_send_hz=15.0, ack_hz=15.0, busy_hz=0.0, retry_count=0, reject_count=0, inter_ack_ms=66.6, max_joint_delta=0.000, cumul_time=20.13s, hold_count=302, ik_mode=Local, ik_avg_ms=0.00, ik_fails=0
[INFO] [1786421348.671238536] [cartesian_streamer]: QueueTrajPoint accepted #320: t=21.265s, hold=True
[INFO] [1786421349.991455397] [cartesian_streamer]: QueueTrajPoint accepted #340: t=22.598s, hold=True
[INFO] [1786421351.339142648] [cartesian_streamer]: QueueTrajPoint accepted #360: t=23.932s, hold=True
[INFO] [1786421352.588805280] [cartesian_streamer]: Runtime rate: state=streaming, tick_hz=15.0, queue_send_hz=15.0, ack_hz=15.0, busy_hz=0.0, retry_count=0, reject_count=0, inter_ack_ms=66.8, max_joint_delta=0.000, cumul_time=25.13s, hold_count=377, ik_mode=Local, ik_avg_ms=0.00, ik_fails=0
[INFO] [1786421352.668545693] [cartesian_streamer]: QueueTrajPoint accepted #380: t=25.266s, hold=True
[INFO] [1786421354.003533160] [cartesian_streamer]: QueueTrajPoint accepted #400: t=26.599s, hold=True
[INFO] [1786421355.338665241] [cartesian_streamer]: QueueTrajPoint accepted #420: t=27.932s, hold=True
[INFO] [1786421356.682480880] [cartesian_streamer]: QueueTrajPoint accepted #440: t=29.265s, hold=True
[INFO] [1786421357.654218273] [cartesian_streamer]: Runtime rate: state=streaming, tick_hz=15.0, queue_send_hz=15.0, ack_hz=15.0, busy_hz=0.0, retry_count=0, reject_count=0, inter_ack_ms=66.5, max_joint_delta=0.000, cumul_time=30.20s, hold_count=453, ik_mode=Local, ik_avg_ms=0.00, ik_fails=0
[INFO] [1786421358.008950905] [cartesian_streamer]: QueueTrajPoint accepted #460: t=30.599s, hold=True
[INFO] [1786421359.336609804] [cartesian_streamer]: QueueTrajPoint accepted #480: t=31.932s, hold=True
[INFO] [1786421360.670015023] [cartesian_streamer]: QueueTrajPoint accepted #500: t=33.265s, hold=True
[INFO] [1786421362.010442146] [cartesian_streamer]: QueueTrajPoint accepted #520: t=34.598s, hold=True
[INFO] [1786421362.654737968] [cartesian_streamer]: Runtime rate: state=streaming, tick_hz=15.0, queue_send_hz=15.0, ack_hz=15.0, busy_hz=0.0, retry_count=0, reject_count=0, inter_ack_ms=66.6, max_joint_delta=0.000, cumul_time=35.20s, hold_count=528, ik_mode=Local, ik_avg_ms=0.00, ik_fails=0
[INFO] [1786421363.329310474] [cartesian_streamer]: QueueTrajPoint accepted #540: t=35.932s, hold=True
[INFO] [1786421364.672754998] [cartesian_streamer]: QueueTrajPoint accepted #560: t=37.265s, hold=True
[INFO] [1786421366.002042757] [cartesian_streamer]: QueueTrajPoint accepted #580: t=38.599s, hold=True
[INFO] [1786421367.328089308] [cartesian_streamer]: QueueTrajPoint accepted #600: t=39.932s, hold=True
[INFO] [1786421367.721206764] [cartesian_streamer]: Runtime rate: state=streaming, tick_hz=15.0, queue_send_hz=15.0, ack_hz=15.0, busy_hz=0.0, retry_count=0, reject_count=0, inter_ack_ms=66.9, max_joint_delta=0.000, cumul_time=40.27s, hold_count=604, ik_mode=Local, ik_avg_ms=0.00, ik_fails=0
[INFO] [1786421368.673514594] [cartesian_streamer]: QueueTrajPoint accepted #620: t=41.267s, hold=True
[INFO] [1786421370.004981751] [cartesian_streamer]: QueueTrajPoint accepted #640: t=42.599s, hold=True
[INFO] [1786421371.334745207] [cartesian_streamer]: QueueTrajPoint accepted #660: t=43.932s, hold=True
[INFO] [1786421372.664556036] [cartesian_streamer]: QueueTrajPoint accepted #680: t=45.265s, hold=True
[INFO] [1786421372.721628847] [cartesian_streamer]: Runtime rate: state=streaming, tick_hz=15.0, queue_send_hz=15.0, ack_hz=15.0, busy_hz=0.0, retry_count=0, reject_count=0, inter_ack_ms=66.5, max_joint_delta=0.000, cumul_time=45.27s, hold_count=679, ik_mode=Local, ik_avg_ms=0.00, ik_fails=0
[INFO] [1786421373.998840262] [cartesian_streamer]: QueueTrajPoint accepted #700: t=46.599s, hold=True
[INFO] [1786421375.329952021] [cartesian_streamer]: QueueTrajPoint accepted #720: t=47.933s, hold=True
[INFO] [1786421376.677547224] [cartesian_streamer]: QueueTrajPoint accepted #740: t=49.266s, hold=True
[INFO] [1786421377.788025987] [cartesian_streamer]: Runtime rate: state=streaming, tick_hz=15.0, queue_send_hz=15.0, ack_hz=15.0, busy_hz=0.0, retry_count=0, reject_count=0, inter_ack_ms=66.8, max_joint_delta=0.000, cumul_time=50.33s, hold_count=755, ik_mode=Local, ik_avg_ms=0.00, ik_fails=0
[INFO] [1786421377.999273813] [cartesian_streamer]: QueueTrajPoint accepted #760: t=50.598s, hold=True
[INFO] [1786421379.334402394] [cartesian_streamer]: QueueTrajPoint accepted #780: t=51.932s, hold=True
[INFO] [1786421380.663340273] [cartesian_streamer]: QueueTrajPoint accepted #800: t=53.265s, hold=True
[INFO] [1786421382.001450453] [cartesian_streamer]: QueueTrajPoint accepted #820: t=54.599s, hold=True
[INFO] [1786421382.854557837] [cartesian_streamer]: Runtime rate: state=streaming, tick_hz=15.0, queue_send_hz=15.0, ack_hz=15.0, busy_hz=0.0, retry_count=0, reject_count=0, inter_ack_ms=66.5, max_joint_delta=0.000, cumul_time=55.40s, hold_count=831, ik_mode=Local, ik_avg_ms=0.00, ik_fails=0
[INFO] [1786421383.339489312] [cartesian_streamer]: QueueTrajPoint accepted #840: t=55.932s, hold=True
[INFO] [1786421384.681150358] [cartesian_streamer]: QueueTrajPoint accepted #860: t=57.266s, hold=True
[INFO] [1786421385.996314271] [cartesian_streamer]: QueueTrajPoint accepted #880: t=58.598s, hold=True
[INFO] [1786421387.331574477] [cartesian_streamer]: QueueTrajPoint accepted #900: t=59.932s, hold=True
[INFO] [1786421387.921188035] [cartesian_streamer]: Runtime rate: state=streaming, tick_hz=15.0, queue_send_hz=15.0, ack_hz=15.0, busy_hz=0.0, retry_count=0, reject_count=0, inter_ack_ms=66.9, max_joint_delta=0.000, cumul_time=60.47s, hold_count=907, ik_mode=Local, ik_avg_ms=0.00, ik_fails=0
[INFO] [1786421388.676626031] [cartesian_streamer]: QueueTrajPoint accepted #920: t=61.265s, hold=True
[INFO] [1786421388.856853557] [cartesian_streamer]: IK OK → Δmax=0.0000 rad, joints: [1.571, 0.124, -1.049, 0.000, -0.398, -1.444]
[WARN] [1786421388.920569754] [cartesian_streamer]: QueueTrajPoint đã được accept nhưng joint_states hầu như không đổi. Kiểm tra: 1) Robot ở mode AUTO? 2) Servo ON? 3) E-stop cleared?
[INFO] [1786421390.003087085] [cartesian_streamer]: QueueTrajPoint accepted #940: t=62.602s, hold=False
[INFO] [1786421390.857511752] [cartesian_streamer]: IK delta clamped → joints: [1.538, 0.066, -0.977, 0.000, -0.515, -1.410]
[INFO] [1786421390.857931322] [cartesian_streamer]: IK OK → Δmax=0.0900 rad, joints: [1.538, 0.066, -0.977, 0.000, -0.515, -1.410]
[INFO] [1786421391.341529714] [cartesian_streamer]: QueueTrajPoint accepted #960: t=63.933s, hold=False
[INFO] [1786421392.681720640] [cartesian_streamer]: QueueTrajPoint accepted #980: t=65.267s, hold=False
[INFO] [1786421392.925025695] [cartesian_streamer]: Runtime rate: state=streaming, tick_hz=15.0, queue_send_hz=15.0, ack_hz=15.0, busy_hz=0.0, retry_count=0, reject_count=0, inter_ack_ms=66.4, max_joint_delta=0.090, cumul_time=65.47s, hold_count=0, ik_mode=Local, ik_avg_ms=1.32, ik_fails=0
[INFO] [1786421392.930205731] [cartesian_streamer]: IK delta clamped → joints: [1.407, 0.066, -0.518, 0.000, -0.680, -1.280]
[INFO] [1786421392.930542820] [cartesian_streamer]: IK OK → Δmax=0.0900 rad, joints: [1.407, 0.066, -0.518, 0.000, -0.680, -1.280]
[INFO] [1786421394.005404236] [cartesian_streamer]: QueueTrajPoint accepted #1000: t=66.603s, hold=False
[INFO] [1786421394.988292136] [cartesian_streamer]: IK delta clamped → joints: [1.273, 0.270, -0.104, 0.000, -0.845, -1.146]
[INFO] [1786421394.988584618] [cartesian_streamer]: IK OK → Δmax=0.0900 rad, joints: [1.273, 0.270, -0.104, 0.000, -0.845, -1.146]
[INFO] [1786421395.329611685] [cartesian_streamer]: QueueTrajPoint accepted #1020: t=67.934s, hold=False
[INFO] [1786421396.662148341] [cartesian_streamer]: QueueTrajPoint accepted #1040: t=69.268s, hold=False
[INFO] [1786421396.988930146] [cartesian_streamer]: IK delta clamped → joints: [1.304, 0.529, 0.294, 0.000, -1.005, -1.177]
[INFO] [1786421396.989391949] [cartesian_streamer]: IK OK → Δmax=0.0900 rad, joints: [1.304, 0.529, 0.294, 0.000, -1.005, -1.177]
[INFO] [1786421397.988079023] [cartesian_streamer]: Runtime rate: state=streaming, tick_hz=15.0, queue_send_hz=15.0, ack_hz=15.0, busy_hz=0.0, retry_count=0, reject_count=0, inter_ack_ms=66.9, max_joint_delta=0.090, cumul_time=70.54s, hold_count=0, ik_mode=Local, ik_avg_ms=1.46, ik_fails=0
[INFO] [1786421398.006004331] [cartesian_streamer]: QueueTrajPoint accepted #1060: t=70.602s, hold=False
[INFO] [1786421398.990796888] [cartesian_streamer]: IK delta clamped → joints: [1.336, 0.981, 0.696, 0.000, -1.165, -1.208]
[INFO] [1786421398.991252528] [cartesian_streamer]: IK OK → Δmax=0.0900 rad, joints: [1.336, 0.981, 0.696, 0.000, -1.165, -1.208]
[INFO] [1786421399.337877249] [cartesian_streamer]: QueueTrajPoint accepted #1080: t=71.936s, hold=False
[INFO] [1786421399.609302434] [cartesian_streamer]: Local IK không hội tụ (fail #1)
[WARN] [1786421400.275791674] [cartesian_streamer]: Local IK failed 10x liên tiếp! Fallback sang MoveIt! IK...
[INFO] [1786421400.917968876] [cartesian_streamer]: Disable Robot: dừng stream, tắt traj mode...
[INFO] [1786421400.919582231] [cartesian_streamer]: ✗ Robot DISABLED.
[INFO] [1786421404.783283398] [cartesian_streamer]: Disable Robot: dừng stream, tắt traj mode...
[INFO] [1786421404.784601596] [cartesian_streamer]: ✗ Robot DISABLED.
[INFO] [1786421429.185418323] [cartesian_streamer]: Enable Robot: bắt đầu chuỗi khởi động...
[INFO] [1786421429.185807224] [cartesian_streamer]: Enable: reset_error...
[INFO] [1786421429.192758009] [cartesian_streamer]: reset_error: code=1, msg="success"
[INFO] [1786421429.193035492] [cartesian_streamer]: Enable: stop_traj_mode (giải phóng mode cũ)...
[INFO] [1786421429.242827934] [cartesian_streamer]: stop_traj_mode: success=True, code=N/A, msg=""
[INFO] [1786421429.243308464] [cartesian_streamer]: Enable: chờ 1.5s để hệ thống ổn định trước khi start queue...
[INFO] [1786421430.744338659] [cartesian_streamer]: Enable: StartPointQueueMode...
[INFO] [1786421432.102891104] [cartesian_streamer]: StartPointQueueMode response: code=1, msg=""
[INFO] [1786421432.103369550] [cartesian_streamer]: ✓ Robot ENABLED — Point Queue Mode active. Servo ON!
[INFO] [1786421432.122530438] [cartesian_streamer]: Runtime rate: state=seeding, tick_hz=1.3, queue_send_hz=1.2, ack_hz=1.2, busy_hz=0.0, retry_count=0, reject_count=0, inter_ack_ms=72.3, max_joint_delta=0.090, cumul_time=0.00s, hold_count=0, ik_mode=Local, ik_avg_ms=3.61, ik_fails=16
[WARN] [1786421432.123643788] [cartesian_streamer]: Target stream stale: không có target mới trong 31.2s
[WARN] [1786421432.125515712] [cartesian_streamer]: QueueTrajPoint đã được accept nhưng joint_states hầu như không đổi. Kiểm tra: 1) Robot ở mode AUTO? 2) Servo ON? 3) E-stop cleared?
[INFO] [1786421432.127156975] [cartesian_streamer]: Bootstrap EE pose via FK: (-0.1609, 0.2985, 0.3798)
[INFO] [1786421432.127955999] [cartesian_streamer]: Đã gửi seed point (current joints, t=0), chờ ACK...
[INFO] [1786421432.148971368] [cartesian_streamer]: Seed ACK nhận được, bắt đầu prebuffer.
[INFO] [1786421432.149453592] [cartesian_streamer]: QueueTrajPoint accepted #1100: t=0.000s, hold=False
[INFO] [1786421432.328326956] [cartesian_streamer]: Pre-buffer hoàn tất (3 points), bắt đầu stream ổn định. Đang chờ target...
[INFO] [1786421433.470273852] [cartesian_streamer]: QueueTrajPoint accepted #1120: t=1.327s, hold=True
[INFO] [1786421434.794066920] [cartesian_streamer]: QueueTrajPoint accepted #1140: t=2.660s, hold=True
[INFO] [1786421436.130428880] [cartesian_streamer]: QueueTrajPoint accepted #1160: t=3.993s, hold=True
[WARN] [1786421436.679942852] [cartesian_streamer]: Local IK failed 17x liên tiếp! Fallback sang MoveIt! IK...
[INFO] [1786421436.681135216] [cartesian_streamer]: IK delta clamped → joints: [1.497, 0.210, -0.949, 0.000, -0.500, -1.350]
[INFO] [1786421436.681420976] [cartesian_streamer]: IK OK → Δmax=0.0900 rad, joints: [1.497, 0.210, -0.949, 0.000, -0.500, -1.350]
[INFO] [1786421437.187665125] [cartesian_streamer]: Runtime rate: state=streaming, tick_hz=15.0, queue_send_hz=15.0, ack_hz=15.0, busy_hz=0.0, retry_count=0, reject_count=0, inter_ack_ms=477.6, max_joint_delta=0.090, cumul_time=4.99s, hold_count=0, ik_mode=Local, ik_avg_ms=3.68, ik_fails=17
[INFO] [1786421437.461690574] [cartesian_streamer]: QueueTrajPoint accepted #1180: t=5.327s, hold=False
[INFO] [1786421438.723442531] [cartesian_streamer]: IK OK → Δmax=0.0000 rad, joints: [1.571, 0.124, -1.049, 0.002, -0.398, -1.446]
[INFO] [1786421438.807762290] [cartesian_streamer]: QueueTrajPoint accepted #1200: t=6.664s, hold=False
[INFO] [1786421439.190268180] [cartesian_streamer]: IK delta clamped → joints: [1.515, 0.058, -0.988, 0.000, -0.514, -1.388]
[INFO] [1786421440.128526519] [cartesian_streamer]: QueueTrajPoint accepted #1220: t=7.996s, hold=False
[INFO] [1786421440.725680306] [cartesian_streamer]: IK OK → Δmax=0.0900 rad, joints: [1.383, -0.018, -0.630, 0.000, -0.637, -1.256]
[INFO] [1786421441.193698985] [cartesian_streamer]: IK delta clamped → joints: [1.339, 0.018, -0.537, 0.000, -0.674, -1.212]
[INFO] [1786421441.473264334] [cartesian_streamer]: QueueTrajPoint accepted #1240: t=9.330s, hold=False
[INFO] [1786421442.188166234] [cartesian_streamer]: Runtime rate: state=streaming, tick_hz=15.0, queue_send_hz=15.0, ack_hz=15.0, busy_hz=0.0, retry_count=0, reject_count=0, inter_ack_ms=67.0, max_joint_delta=0.090, cumul_time=10.00s, hold_count=0, ik_mode=Local, ik_avg_ms=3.16, ik_fails=17
[INFO] [1786421442.788557177] [cartesian_streamer]: IK OK → Δmax=0.0900 rad, joints: [1.262, 0.180, -0.217, 0.000, -0.802, -1.135]
[INFO] [1786421442.824065317] [cartesian_streamer]: QueueTrajPoint accepted #1260: t=10.661s, hold=False
[INFO] [1786421443.255791235] [cartesian_streamer]: IK delta clamped → joints: [1.264, 0.200, -0.124, 0.000, -0.839, -1.137]
[INFO] [1786421444.127751400] [cartesian_streamer]: QueueTrajPoint accepted #1280: t=11.996s, hold=False
[INFO] [1786421444.798378728] [cartesian_streamer]: IK OK → Δmax=0.0900 rad, joints: [1.294, 0.449, 0.141, 0.000, -0.962, -1.166]
[INFO] [1786421445.260962742] [cartesian_streamer]: IK delta clamped → joints: [1.302, 0.548, 0.226, 0.000, -1.000, -1.175]
[INFO] [1786421445.498682207] [cartesian_streamer]: QueueTrajPoint accepted #1300: t=13.340s, hold=False
[INFO] [1786421446.809926130] [cartesian_streamer]: QueueTrajPoint accepted #1320: t=14.663s, hold=False
[INFO] [1786421446.856607970] [cartesian_streamer]: IK OK → Δmax=0.0900 rad, joints: [1.324, 0.914, 0.596, 0.000, -1.128, -1.197]
[INFO] [1786421447.253865491] [cartesian_streamer]: Runtime rate: state=streaming, tick_hz=15.0, queue_send_hz=15.0, ack_hz=15.0, busy_hz=0.0, retry_count=0, reject_count=0, inter_ack_ms=66.5, max_joint_delta=0.090, cumul_time=15.06s, hold_count=0, ik_mode=Local, ik_avg_ms=2.80, ik_fails=17
[INFO] [1786421447.321980858] [cartesian_streamer]: IK delta clamped → joints: [1.329, 1.007, 0.689, 0.000, -1.165, -1.202]
[INFO] [1786421447.736143054] [cartesian_streamer]: Local IK không hội tụ (fail #1)
[INFO] [1786421448.309458722] [cartesian_streamer]: QueueTrajPoint accepted #1340: t=16.164s, hold=True
[WARN] [1786421448.626823165] [cartesian_streamer]: Local IK failed 10x liên tiếp! Fallback sang MoveIt! IK...
[INFO] [1786421448.953918677] [cartesian_streamer]: IK OK → Δmax=0.0900 rad, joints: [1.332, 1.148, 0.836, 0.000, -1.224, -1.205]
[INFO] [1786421449.412342821] [cartesian_streamer]: IK delta clamped → joints: [1.332, 1.148, 0.929, 0.000, -1.261, -1.205]
[INFO] [1786421449.519858752] [cartesian_streamer]: Disable Robot: dừng stream, tắt traj mode...
[INFO] [1786421449.520454979] [cartesian_streamer]: ✗ Robot DISABLED.
[INFO] [1786421453.662819025] [cartesian_streamer]: Disable Robot: dừng stream, tắt traj mode...
[INFO] [1786421453.663370064] [cartesian_streamer]: ✗ Robot DISABLED.
[INFO] [1786421456.762451985] [cartesian_streamer]: Disable Robot: dừng stream, tắt traj mode...
[INFO] [1786421456.762853511] [cartesian_streamer]: ✗ Robot DISABLED.
[INFO] [1786421480.605458422] [cartesian_streamer]: Enable Robot: bắt đầu chuỗi khởi động...
[INFO] [1786421480.605767879] [cartesian_streamer]: Enable: reset_error...
[INFO] [1786421480.620500654] [cartesian_streamer]: reset_error: code=1, msg="success"
[INFO] [1786421480.621788629] [cartesian_streamer]: Enable: stop_traj_mode (giải phóng mode cũ)...
[INFO] [1786421480.672385987] [cartesian_streamer]: stop_traj_mode: success=True, code=N/A, msg=""
[INFO] [1786421480.672750562] [cartesian_streamer]: Enable: chờ 1.5s để hệ thống ổn định trước khi start queue...
[INFO] [1786421482.173729964] [cartesian_streamer]: Enable: StartPointQueueMode...
[INFO] [1786421483.486845933] [cartesian_streamer]: StartPointQueueMode response: code=1, msg=""
[INFO] [1786421483.487284236] [cartesian_streamer]: ✓ Robot ENABLED — Point Queue Mode active. Servo ON!
[INFO] [1786421483.522595287] [cartesian_streamer]: Runtime rate: state=seeding, tick_hz=0.9, queue_send_hz=0.7, ack_hz=0.7, busy_hz=0.0, retry_count=0, reject_count=0, inter_ack_ms=91.7, max_joint_delta=0.090, cumul_time=0.00s, hold_count=0, ik_mode=Local, ik_avg_ms=4.08, ik_fails=35
[WARN] [1786421483.524334313] [cartesian_streamer]: Target stream stale: không có target mới trong 34.0s
[WARN] [1786421483.525120863] [cartesian_streamer]: QueueTrajPoint đã được accept nhưng joint_states hầu như không đổi. Kiểm tra: 1) Robot ở mode AUTO? 2) Servo ON? 3) E-stop cleared?
[INFO] [1786421483.527368140] [cartesian_streamer]: Bootstrap EE pose via FK: (-0.1602, 0.3091, 0.3806)
[INFO] [1786421483.529376619] [cartesian_streamer]: Đã gửi seed point (current joints, t=0), chờ ACK...
[INFO] [1786421483.533952541] [cartesian_streamer]: Seed ACK nhận được, bắt đầu prebuffer.
[INFO] [1786421483.739791348] [cartesian_streamer]: Pre-buffer hoàn tất (3 points), bắt đầu stream ổn định. Đang chờ target...
[INFO] [1786421484.067585890] [cartesian_streamer]: QueueTrajPoint accepted #1360: t=0.526s, hold=True
[INFO] [1786421485.408146444] [cartesian_streamer]: QueueTrajPoint accepted #1380: t=1.859s, hold=True
[INFO] [1786421486.735462535] [cartesian_streamer]: QueueTrajPoint accepted #1400: t=3.192s, hold=True
[INFO] [1786421487.864471247] [cartesian_streamer]: IK OK → Δmax=0.0092 rad, joints: [1.567, 0.145, -1.010, 0.005, -0.408, -1.443]
[INFO] [1786421488.076970049] [cartesian_streamer]: QueueTrajPoint accepted #1420: t=4.531s, hold=False
[INFO] [1786421488.587051569] [cartesian_streamer]: Runtime rate: state=streaming, tick_hz=15.0, queue_send_hz=15.0, ack_hz=15.0, busy_hz=0.0, retry_count=0, reject_count=0, inter_ack_ms=513.5, max_joint_delta=0.012, cumul_time=4.99s, hold_count=0, ik_mode=Local, ik_avg_ms=4.00, ik_fails=35
[INFO] [1786421489.406843791] [cartesian_streamer]: QueueTrajPoint accepted #1440: t=5.863s, hold=False
[INFO] [1786421489.928318273] [cartesian_streamer]: IK OK → Δmax=0.0887 rad, joints: [1.502, 0.067, -0.991, 0.000, -0.513, -1.375]
[INFO] [1786421489.994332848] [cartesian_streamer]: IK delta clamped → joints: [1.490, 0.057, -0.975, 0.000, -0.520, -1.363]
[INFO] [1786421490.742141057] [cartesian_streamer]: QueueTrajPoint accepted #1460: t=7.194s, hold=False
[INFO] [1786421491.993656253] [cartesian_streamer]: IK OK → Δmax=0.0900 rad, joints: [1.299, 0.132, -0.524, 0.000, -0.680, -1.172]
[INFO] [1786421492.056068450] [cartesian_streamer]: IK delta clamped → joints: [1.295, 0.138, -0.511, 0.000, -0.685, -1.168]
[INFO] [1786421492.080115076] [cartesian_streamer]: QueueTrajPoint accepted #1480: t=8.529s, hold=False
[INFO] [1786421493.431118730] [cartesian_streamer]: QueueTrajPoint accepted #1500: t=9.866s, hold=False
[INFO] [1786421493.589193014] [cartesian_streamer]: Runtime rate: state=streaming, tick_hz=15.0, queue_send_hz=15.0, ack_hz=15.0, busy_hz=0.0, retry_count=0, reject_count=0, inter_ack_ms=67.0, max_joint_delta=0.090, cumul_time=10.00s, hold_count=0, ik_mode=Local, ik_avg_ms=3.68, ik_fails=35
[INFO] [1786421494.057523481] [cartesian_streamer]: IK delta clamped → joints: [1.205, 0.394, -0.112, 0.000, -0.845, -1.078]
[INFO] [1786421494.057943613] [cartesian_streamer]: IK OK → Δmax=0.0900 rad, joints: [1.205, 0.394, -0.112, 0.000, -0.845, -1.078]
[INFO] [1786421494.731392647] [cartesian_streamer]: QueueTrajPoint accepted #1520: t=11.196s, hold=False
[INFO] [1786421496.081562078] [cartesian_streamer]: QueueTrajPoint accepted #1540: t=12.528s, hold=False
[INFO] [1786421496.125668680] [cartesian_streamer]: IK delta clamped → joints: [1.266, 0.675, 0.301, 0.000, -1.010, -1.139]
[INFO] [1786421496.126089123] [cartesian_streamer]: IK OK → Δmax=0.0900 rad, joints: [1.266, 0.675, 0.301, 0.000, -1.010, -1.139]
[INFO] [1786421497.392385369] [cartesian_streamer]: QueueTrajPoint accepted #1560: t=13.861s, hold=False
[INFO] [1786421498.008603864] [cartesian_streamer]: Local IK không hội tụ (fail #1)
[INFO] [1786421498.654317575] [cartesian_streamer]: Runtime rate: state=streaming, tick_hz=15.0, queue_send_hz=14.6, ack_hz=14.6, busy_hz=0.0, retry_count=0, reject_count=0, inter_ack_ms=68.5, max_joint_delta=0.090, cumul_time=15.08s, hold_count=8, ik_mode=Local, ik_avg_ms=3.69, ik_fails=43
[WARN] [1786421498.766533076] [cartesian_streamer]: Local IK failed 10x liên tiếp! Fallback sang MoveIt! IK...
[INFO] [1786421498.767856338] [cartesian_streamer]: IK delta clamped → joints: [1.319, 1.099, 0.675, 0.000, -1.159, -1.192]
[INFO] [1786421498.768181596] [cartesian_streamer]: IK OK → Δmax=0.0900 rad, joints: [1.319, 1.099, 0.675, 0.000, -1.159, -1.192]
[INFO] [1786421499.025226590] [cartesian_streamer]: QueueTrajPoint accepted #1580: t=15.488s, hold=False
[WARN] [1786421500.807442327] [cartesian_streamer]: Local IK failed 30x liên tiếp! Fallback sang MoveIt! IK...
[INFO] [1786421500.809217573] [cartesian_streamer]: IK delta clamped → joints: [1.319, 1.131, 1.033, 0.000, -1.321, -1.192]
[INFO] [1786421500.815191301] [cartesian_streamer]: IK OK → Δmax=0.0900 rad, joints: [1.319, 1.131, 1.033, 0.000, -1.321, -1.192]
[INFO] [1786421501.017927951] [cartesian_streamer]: QueueTrajPoint accepted #1600: t=17.478s, hold=False
[WARN] [1786421502.812535826] [cartesian_streamer]: Local IK failed 50x liên tiếp! Fallback sang MoveIt! IK...
[INFO] [1786421502.817509689] [cartesian_streamer]: IK OK → Δmax=0.0824 rad, joints: [1.319, 1.131, 1.033, 0.000, -1.473, -1.192]
[INFO] [1786421503.099190428] [cartesian_streamer]: QueueTrajPoint accepted #1620: t=19.565s, hold=False
[INFO] [1786421503.654947716] [cartesian_streamer]: Runtime rate: state=streaming, tick_hz=15.0, queue_send_hz=10.0, ack_hz=10.0, busy_hz=0.0, retry_count=0, reject_count=0, inter_ack_ms=100.4, max_joint_delta=0.090, cumul_time=20.09s, hold_count=0, ik_mode=Local, ik_avg_ms=6.31, ik_fails=94
[INFO] [1786421504.451952060] [cartesian_streamer]: Disable Robot: dừng stream, tắt traj mode...
[INFO] [1786421504.452901448] [cartesian_streamer]: ✗ Robot DISABLED.
