[INFO] [1781601289.171926859] [trajectory_predictor]: [Predictor] Worker launched (pid=55041)
[INFO] [1781601289.173431911] [trajectory_predictor]: [Predictor] Started | model=gru | window=20 | auto_start=True
  Output Filter: enabled=True, ema_alpha=0.2, max_dev=0.08, max_rate=0.04
[WARN] [1781601290.880784427] [trajectory_predictor]: [Worker STDERR] /usr/lib/python3/dist-packages/scipy/__init__.py:146: UserWarning: A NumPy version >=1.17.3 and <1.25.0 is required for this version of SciPy (detected version 1.26.4
[WARN] [1781601290.881489108] [trajectory_predictor]: [Worker STDERR] warnings.warn(f"A NumPy version >={np_minversion} and <{np_maxversion}"
[WARN] [1781601292.101525936] [trajectory_predictor]: [Worker STDERR] /home/duy/.local/lib/python3.10/site-packages/sklearn/base.py:442: InconsistentVersionWarning: Trying to unpickle estimator MinMaxScaler from version 1.6.1 when using version 1.7.2. This might lead to breaking code or invalid results. Use at your own risk. For more info please refer to:
[WARN] [1781601292.102297241] [trajectory_predictor]: [Worker STDERR] https://scikit-learn.org/stable/model_persistence.html#security-maintainability-limitations
[WARN] [1781601292.102820910] [trajectory_predictor]: [Worker STDERR] warnings.warn(
[INFO] [1781601292.103056178] [trajectory_predictor]: [Worker] TF 2.21.0 and sklearn loaded
[INFO] [1781601292.792559737] [trajectory_predictor]: [Predictor] Worker READY | model=gru
[INFO] [1781601299.852912522] [trajectory_predictor]: [Filter] raw=(0.1482,0.0481,0.0527) → filt=(0.1482,-2.0930,0.0111) Δ=(0.0000,2.1411,0.0416)
[INFO] [1781601305.146557811] [trajectory_predictor]: [Predictor] Buffer cleared (no data for 1.4s)
[INFO] [1781601308.146596458] [trajectory_predictor]: [Predictor] Buffer cleared (no data for 1.3s)
[INFO] [1781601325.896591761] [trajectory_predictor]: [Filter] raw=(0.2541,0.0553,0.0126) → filt=(0.2377,-2.3778,-0.0358) Δ=(0.0164,2.4332,0.0484)
[INFO] [1781601332.408520977] [trajectory_predictor]: [Pred HOLD ON] Tay đứng yên (std=4.4mm). Khóa tại (-0.0632, -2.3984, -0.1379)
[INFO] [1781601332.634623788] [trajectory_predictor]: [Filter] raw=(-0.0632,-2.3984,-0.1379) → filt=(-0.0632,-2.3984,-0.1379) Δ=(0.0000,0.0000,0.0000)
[INFO] [1781601333.169389360] [trajectory_predictor]: [Pred HOLD OFF] Tay di chuyển (dev=223.8mm). Thả hold.
[INFO] [1781601339.342545017] [trajectory_predictor]: [Filter] raw=(-0.0119,0.2929,0.0621) → filt=(0.0375,-0.9184,0.0468) Δ=(0.0494,1.2113,0.0153)
[INFO] [1781601344.146737806] [trajectory_predictor]: [Predictor] Buffer cleared (no data for 1.7s)
[INFO] [1781601344.713920996] [trajectory_predictor]: [Filter] raw=(0.1207,0.1419,0.0020) → filt=(0.1097,-0.3148,0.1165) Δ=(0.0110,0.4567,0.1145)
[INFO] [1781601351.431802510] [trajectory_predictor]: [Filter] raw=(0.0816,0.0322,0.0140) → filt=(0.0855,0.0654,0.0142) Δ=(0.0039,0.0332,0.0002)
[INFO] [1781601355.481844856] [trajectory_predictor]: [Pred HOLD ON] Tay đứng yên (std=4.3mm). Khóa tại (0.0015, -0.0279, -0.0018)
[INFO] [1781601358.925803107] [trajectory_predictor]: [Filter] raw=(0.0015,-0.0279,-0.0018) → filt=(0.0015,-0.0279,-0.0018) Δ=(0.0000,0.0000,0.0000)
[INFO] [1781601365.593491341] [trajectory_predictor]: [Filter] raw=(0.0015,-0.0279,-0.0018) → filt=(0.0015,-0.0279,-0.0018) Δ=(0.0000,0.0000,0.0000)
[INFO] [1781601367.190197900] [trajectory_predictor]: [Pred HOLD OFF] Tay di chuyển (dev=32.5mm). Thả hold.
[INFO] [1781601372.332132538] [trajectory_predictor]: [Filter] raw=(0.0557,0.1442,0.0615) → filt=(0.0404,0.0779,0.0453) Δ=(0.0154,0.0663,0.0163)
[INFO] [1781601379.008008781] [trajectory_predictor]: [Filter] raw=(0.2136,0.1923,0.0114) → filt=(0.1971,0.0602,0.0055) Δ=(0.0165,0.1321,0.0060)
[INFO] [1781601383.582690092] [trajectory_predictor]: [Pred HOLD ON] Tay đứng yên (std=3.6mm). Khóa tại (0.1864, -0.0162, -0.0165)
[INFO] [1781601385.757118355] [trajectory_predictor]: [Filter] raw=(0.1864,-0.0162,-0.0165) → filt=(0.1864,-0.0162,-0.0165) Δ=(0.0000,0.0000,0.0000)
[INFO] [1781601392.444179313] [trajectory_predictor]: [Filter] raw=(0.1864,-0.0162,-0.0165) → filt=(0.1864,-0.0162,-0.0165) Δ=(0.0000,0.0000,0.0000)
[INFO] [1781601392.773036126] [trajectory_predictor]: [Pred HOLD OFF] Tay di chuyển (dev=30.2mm). Thả hold.
[INFO] [1781601397.146933065] [trajectory_predictor]: [Predictor] Buffer cleared (no data for 1.3s)
[INFO] [1781601398.719253788] [trajectory_predictor]: [Filter] raw=(0.0972,0.1875,0.0446) → filt=(-0.0492,0.0751,0.0919) Δ=(0.1463,0.1125,0.0473)
[INFO] [1781601405.491924047] [trajectory_predictor]: [Predictor] Predicting STOPPED
[INFO] [1781601429.146665179] [trajectory_predictor]: [Predictor] Buffer cleared (no data for 1.6s)
[INFO] [1781601439.354313997] [trajectory_predictor]: [Predictor] Predicting STOPPED
[INFO] [1781601448.569777473] [trajectory_predictor]: [Predictor] Predicting STOPPED
[INFO] [1781601458.020226209] [trajectory_predictor]: [Pred HOLD ON] Tay đứng yên (std=5.7mm). Khóa tại (-0.1071, 0.6583, 0.0022)
[INFO] [1781601458.400788436] [trajectory_predictor]: [Filter] raw=(-0.1071,0.6583,0.0022) → filt=(-0.1071,0.6583,0.0022) Δ=(0.0000,0.0000,0.0000)
[INFO] [1781601459.040487300] [trajectory_predictor]: [Predictor] Predicting STOPPED
[INFO] [1781601460.956911934] [trajectory_predictor]: [Pred HOLD OFF] Tay di chuyển (dev=30.4mm). Thả hold.
[INFO] [1781601461.647726917] [trajectory_predictor]: [Predictor] Predicting STOPPED
[INFO] [1781601463.189803054] [trajectory_predictor]: [Pred HOLD ON] Tay đứng yên (std=5.1mm). Khóa tại (-0.1042, 0.6509, 0.0212)
[INFO] [1781601464.058744060] [trajectory_predictor]: [Filter] raw=(-0.1042,0.6509,0.0212) → filt=(-0.1042,0.6509,0.0212) Δ=(0.0000,0.0000,0.0000)
[INFO] [1781601465.266339754] [trajectory_predictor]: [Pred HOLD OFF] Tay di chuyển (dev=30.6mm). Thả hold.
[INFO] [1781601465.429280079] [trajectory_predictor]: [Pred HOLD ON] Tay đứng yên (std=5.4mm). Khóa tại (-0.1218, 0.6533, -0.0069)
[INFO] [1781601470.335812223] [trajectory_predictor]: [Pred HOLD OFF] Tay di chuyển (dev=36.6mm). Thả hold.
[INFO] [1781601471.632306126] [trajectory_predictor]: [Pred HOLD ON] Tay đứng yên (std=4.3mm). Khóa tại (-0.1220, 0.6518, 0.0006)
[INFO] [1781601472.300512645] [trajectory_predictor]: [Filter] raw=(-0.1220,0.6518,0.0006) → filt=(-0.1220,0.6518,0.0006) Δ=(0.0000,0.0000,0.0000)
[INFO] [1781601473.063351320] [trajectory_predictor]: [Pred HOLD OFF] Tay di chuyển (dev=31.4mm). Thả hold.
[INFO] [1781601493.685829012] [trajectory_predictor]: [Predictor] Predicting STOPPED
[INFO] [1781601506.371322011] [trajectory_predictor]: [Pred HOLD ON] Tay đứng yên (std=3.1mm). Khóa tại (-0.1403, 0.7122, -0.0305)
[INFO] [1781601507.688071151] [trajectory_predictor]: [Pred HOLD OFF] Tay di chuyển (dev=30.4mm). Thả hold.
[INFO] [1781601507.721155752] [trajectory_predictor]: [Predictor] Predicting STOPPED
[INFO] [1781601507.967829145] [trajectory_predictor]: [Pred HOLD ON] Tay đứng yên (std=4.9mm). Khóa tại (-0.1627, 0.7121, -0.0033)
[INFO] [1781601509.188868874] [trajectory_predictor]: [Filter] raw=(-0.1627,0.7121,-0.0033) → filt=(-0.1627,0.7121,-0.0033) Δ=(0.0000,0.0000,0.0000)
[INFO] [1781601509.538132091] [trajectory_predictor]: [Predictor] Predicting STOPPED
[INFO] [1781601509.655076300] [trajectory_predictor]: [Pred HOLD OFF] Tay di chuyển (dev=32.2mm). Thả hold.
[INFO] [1781601510.459096346] [trajectory_predictor]: [Pred HOLD ON] Tay đứng yên (std=5.9mm). Khóa tại (-0.1233, 0.6333, 0.0676)
[INFO] [1781601511.674207381] [trajectory_predictor]: [Pred HOLD OFF] Tay di chuyển (dev=32.4mm). Thả hold.
[INFO] [1781601512.769771225] [trajectory_predictor]: [Pred HOLD ON] Tay đứng yên (std=4.7mm). Khóa tại (-0.1663, 0.7010, 0.0015)
[INFO] [1781601514.528689192] [trajectory_predictor]: [Filter] raw=(-0.1663,0.7010,0.0015) → filt=(-0.1663,0.7010,0.0015) Δ=(0.0000,0.0000,0.0000)
[INFO] [1781601518.437218003] [trajectory_predictor]: [Pred HOLD OFF] Tay di chuyển (dev=30.3mm). Thả hold.
[INFO] [1781601518.898599267] [trajectory_predictor]: [Pred HOLD ON] Tay đứng yên (std=3.8mm). Khóa tại (-0.1775, 0.6729, 0.0003)
[INFO] [1781601521.338080967] [trajectory_predictor]: [Pred HOLD OFF] Tay di chuyển (dev=30.6mm). Thả hold.
[INFO] [1781601527.504676380] [trajectory_predictor]: [Predictor] Predicting STOPPED
[INFO] [1781601532.630389003] [trajectory_predictor]: [Predictor] Auto-enabled prediction mode via /trajectory_mode
[INFO] [1781601533.090736150] [trajectory_predictor]: [Filter] raw=(0.1434,0.1327,-0.0007) → filt=(0.1552,0.0639,0.0065) Δ=(0.0118,0.0687,0.0071)
[INFO] [1781601539.785968416] [trajectory_predictor]: [Filter] raw=(0.1490,0.1077,0.0079) → filt=(0.1500,0.0710,0.0069) Δ=(0.0011,0.0367,0.0010)
[INFO] [1781601546.512258451] [trajectory_predictor]: [Filter] raw=(0.1642,0.0484,0.0179) → filt=(0.1516,0.0660,0.0205) Δ=(0.0126,0.0175,0.0026)
[INFO] [1781601553.270567204] [trajectory_predictor]: [Filter] raw=(0.1824,0.0117,0.0135) → filt=(0.1702,0.0583,0.0118) Δ=(0.0122,0.0466,0.0018)
[INFO] [1781601560.002400241] [trajectory_predictor]: [Filter] raw=(0.0786,0.1550,0.0341) → filt=(0.0996,0.0506,0.0309) Δ=(0.0209,0.1044,0.0032)
[INFO] [1781601563.378544938] [trajectory_predictor]: [Predictor] Predicting STARTED
[INFO] [1781601566.715383390] [trajectory_predictor]: [Filter] raw=(0.0426,0.1996,0.1104) → filt=(0.0811,0.1673,0.0914) Δ=(0.0385,0.0322,0.0190)
[INFO] [1781601571.981604841] [trajectory_predictor]: [Pred HOLD ON] Tay đứng yên (std=4.4mm). Khóa tại (-0.1336, 0.5590, 0.1177)
[INFO] [1781601573.005835445] [trajectory_predictor]: [Pred HOLD OFF] Tay di chuyển (dev=31.4mm). Thả hold.
[INFO] [1781601573.408705926] [trajectory_predictor]: [Filter] raw=(-0.1147,0.5545,0.1087) → filt=(-0.1133,0.5413,0.0969) Δ=(0.0014,0.0132,0.0117)
[INFO] [1781601574.979595430] [trajectory_predictor]: [Pred HOLD ON] Tay đứng yên (std=5.1mm). Khóa tại (-0.1408, 0.5793, 0.0786)
[INFO] [1781601576.045748877] [trajectory_predictor]: [Pred HOLD OFF] Tay di chuyển (dev=30.9mm). Thả hold.
[INFO] [1781601577.884951309] [trajectory_predictor]: [Pred HOLD ON] Tay đứng yên (std=4.8mm). Khóa tại (-0.1303, 0.5543, 0.0928)
[INFO] [1781601578.790920862] [trajectory_predictor]: [Predictor] Predicting STOPPED
[INFO] [1781601579.452526011] [trajectory_predictor]: [Pred HOLD OFF] Tay di chuyển (dev=32.9mm). Thả hold.
[INFO] [1781601629.963773263] [trajectory_predictor]: [Predictor] Predicting STOPPED
[INFO] [1781601646.415823405] [trajectory_predictor]: [Predictor] Predicting STOPPED
[INFO] [1781601654.672505668] [trajectory_predictor]: [Pred HOLD ON] Tay đứng yên (std=4.4mm). Khóa tại (0.1599, -0.0054, -0.0286)
[INFO] [1781601655.293637401] [trajectory_predictor]: [Filter] raw=(0.1599,-0.0054,-0.0286) → filt=(0.1599,-0.0054,-0.0286) Δ=(0.0000,0.0000,0.0000)
[INFO] [1781601656.763959511] [trajectory_predictor]: [Pred HOLD OFF] Tay di chuyển (dev=30.5mm). Thả hold.
[INFO] [1781601657.531703205] [trajectory_predictor]: [Pred HOLD ON] Tay đứng yên (std=3.6mm). Khóa tại (0.1598, -0.0298, -0.0213)
[INFO] [1781601662.771783510] [trajectory_predictor]: [Filter] raw=(0.1598,-0.0298,-0.0213) → filt=(0.1598,-0.0298,-0.0213) Δ=(0.0000,0.0000,0.0000)
[INFO] [1781601663.677761277] [trajectory_predictor]: [Pred HOLD OFF] Tay di chuyển (dev=33.6mm). Thả hold.
[INFO] [1781601669.505370396] [trajectory_predictor]: [Pred HOLD ON] Tay đứng yên (std=5.8mm). Khóa tại (0.1702, 0.0063, -0.0189)
[INFO] [1781601671.974070012] [trajectory_predictor]: [Filter] raw=(0.1702,0.0063,-0.0189) → filt=(0.1702,0.0063,-0.0189) Δ=(0.0000,0.0000,0.0000)
[INFO] [1781601678.649980978] [trajectory_predictor]: [Filter] raw=(0.1702,0.0063,-0.0189) → filt=(0.1702,0.0063,-0.0189) Δ=(0.0000,0.0000,0.0000)
[INFO] [1781601685.352945027] [trajectory_predictor]: [Filter] raw=(0.1702,0.0063,-0.0189) → filt=(0.1702,0.0063,-0.0189) Δ=(0.0000,0.0000,0.0000)
[INFO] [1781601685.396805075] [trajectory_predictor]: [Predictor] Predicting STARTED
[INFO] [1781601686.694098393] [trajectory_predictor]: [Pred HOLD OFF] Tay di chuyển (dev=30.2mm). Thả hold.
[INFO] [1781601692.128129078] [trajectory_predictor]: [Pred HOLD ON] Tay đứng yên (std=4.5mm). Khóa tại (-0.1006, 0.6025, 0.1006)
[INFO] [1781601692.128614645] [trajectory_predictor]: [Filter] raw=(-0.1006,0.6025,0.1006) → filt=(-0.1006,0.6025,0.1006) Δ=(0.0000,0.0000,0.0000)
[INFO] [1781601692.555976889] [trajectory_predictor]: [Pred HOLD OFF] Tay di chuyển (dev=32.9mm). Thả hold.
[INFO] [1781601692.810013402] [trajectory_predictor]: [Pred HOLD ON] Tay đứng yên (std=5.7mm). Khóa tại (-0.1116, 0.6381, 0.0754)
[INFO] [1781601694.357779036] [trajectory_predictor]: [Pred HOLD OFF] Tay di chuyển (dev=31.2mm). Thả hold.
[INFO] [1781601694.528736853] [trajectory_predictor]: [Pred HOLD ON] Tay đứng yên (std=4.7mm). Khóa tại (-0.1243, 0.6405, 0.0388)
[INFO] [1781601695.223339029] [trajectory_predictor]: [Pred HOLD OFF] Tay di chuyển (dev=30.4mm). Thả hold.
[INFO] [1781601696.165552722] [trajectory_predictor]: [Predictor] Predicting STOPPED
[INFO] [1781601696.831631983] [trajectory_predictor]: [Pred HOLD ON] Tay đứng yên (std=4.6mm). Khóa tại (-0.1391, 0.6585, -0.0009)
[INFO] [1781601699.493999038] [trajectory_predictor]: [Filter] raw=(-0.1391,0.6585,-0.0009) → filt=(-0.1391,0.6585,-0.0009) Δ=(0.0000,0.0000,0.0000)
[INFO] [1781601699.694455446] [trajectory_predictor]: [Pred HOLD OFF] Tay di chuyển (dev=33.2mm). Thả hold.
[INFO] [1781601701.106366750] [trajectory_predictor]: [Pred HOLD ON] Tay đứng yên (std=5.8mm). Khóa tại (-0.1367, 0.6700, -0.0110)
[INFO] [1781601703.401126833] [trajectory_predictor]: [Predictor] Predicting STOPPED
[INFO] [1781601707.566823765] [trajectory_predictor]: [Filter] raw=(-0.1367,0.6700,-0.0110) → filt=(-0.1367,0.6700,-0.0110) Δ=(0.0000,0.0000,0.0000)
[INFO] [1781601709.902945349] [trajectory_predictor]: [Pred HOLD OFF] Tay di chuyển (dev=30.6mm). Thả hold.
[INFO] [1781601710.534788471] [trajectory_predictor]: [Pred HOLD ON] Tay đứng yên (std=5.1mm). Khóa tại (-0.1368, 0.6438, -0.0133)
[INFO] [1781601713.050183055] [trajectory_predictor]: [Pred HOLD OFF] Tay di chuyển (dev=30.8mm). Thả hold.
[INFO] [1781601715.573393293] [trajectory_predictor]: [Pred HOLD ON] Tay đứng yên (std=4.9mm). Khóa tại (-0.1409, 0.6473, -0.0138)
[INFO] [1781601717.444364963] [trajectory_predictor]: [Filter] raw=(-0.1409,0.6473,-0.0138) → filt=(-0.1409,0.6473,-0.0138) Δ=(0.0000,0.0000,0.0000)
[INFO] [1781601719.107109699] [trajectory_predictor]: [Pred HOLD OFF] Tay di chuyển (dev=31.2mm). Thả hold.
[INFO] [1781601730.147192796] [trajectory_predictor]: [Predictor] Buffer cleared (no data for 1.1s)
[INFO] [1781601744.146670681] [trajectory_predictor]: [Predictor] Buffer cleared (no data for 1.4s)
[INFO] [1781601754.778057125] [trajectory_predictor]: [Predictor] Predicting STOPPED
[INFO] [1781601768.155648389] [trajectory_predictor]: [Predictor] Predicting STARTED
[INFO] [1781601769.853626811] [trajectory_predictor]: [Filter] raw=(0.1512,0.1990,0.0279) → filt=(0.1298,0.0283,0.0228) Δ=(0.0214,0.1706,0.0050)
[INFO] [1781601777.045254217] [trajectory_predictor]: [Filter] raw=(-0.0837,0.7256,-0.0050) → filt=(-0.1035,0.7490,-0.0047) Δ=(0.0198,0.0235,0.0003)
[INFO] [1781601778.832059580] [trajectory_predictor]: [Pred HOLD ON] Tay đứng yên (std=5.9mm). Khóa tại (-0.1174, 0.7782, -0.0145)
[INFO] [1781601780.314893372] [trajectory_predictor]: [Predictor] Predicting STOPPED
[INFO] [1781601780.787720868] [trajectory_predictor]: [Pred HOLD OFF] Tay di chuyển (dev=31.0mm). Thả hold.
[INFO] [1781601780.960205200] [trajectory_predictor]: [Pred HOLD ON] Tay đứng yên (std=3.5mm). Khóa tại (-0.1317, 0.7492, -0.0146)
[INFO] [1781601781.620930674] [trajectory_predictor]: [Pred HOLD OFF] Tay di chuyển (dev=35.4mm). Thả hold.
[INFO] [1781601782.403442984] [trajectory_predictor]: [Predictor] Predicting STOPPED
[INFO] [1781601789.959394796] [trajectory_predictor]: [Pred HOLD ON] Tay đứng yên (std=4.1mm). Khóa tại (-0.1669, 0.7381, 0.0548)
[INFO] [1781601790.560517784] [trajectory_predictor]: [Pred HOLD OFF] Tay di chuyển (dev=32.5mm). Thả hold.
[INFO] [1781601791.663064016] [trajectory_predictor]: [Pred HOLD ON] Tay đứng yên (std=4.1mm). Khóa tại (-0.1646, 0.7221, 0.0795)
[INFO] [1781601792.362781198] [trajectory_predictor]: [Pred HOLD OFF] Tay di chuyển (dev=40.4mm). Thả hold.
[INFO] [1781601798.701946749] [trajectory_predictor]: [Pred HOLD ON] Tay đứng yên (std=5.2mm). Khóa tại (-0.1745, 0.7140, 0.0579)
[INFO] [1781601799.265191451] [trajectory_predictor]: [Pred HOLD OFF] Tay di chuyển (dev=30.1mm). Thả hold.
[INFO] [1781601799.437038633] [trajectory_predictor]: [Pred HOLD ON] Tay đứng yên (std=5.2mm). Khóa tại (-0.1648, 0.7246, 0.0230)
[INFO] [1781601800.133234424] [trajectory_predictor]: [Filter] raw=(-0.1648,0.7246,0.0230) → filt=(-0.1648,0.7246,0.0230) Δ=(0.0000,0.0000,0.0000)
[INFO] [1781601801.805899696] [trajectory_predictor]: [Pred HOLD OFF] Tay di chuyển (dev=31.4mm). Thả hold.
[INFO] [1781601801.970744840] [trajectory_predictor]: [Pred HOLD ON] Tay đứng yên (std=4.7mm). Khóa tại (-0.1630, 0.7439, 0.0508)
[INFO] [1781601806.639032018] [trajectory_predictor]: [Pred HOLD OFF] Tay di chuyển (dev=31.6mm). Thả hold.
[INFO] [1781601810.147122712] [trajectory_predictor]: [Predictor] Buffer cleared (no data for 1.4s)
[INFO] [1781601836.899617069] [trajectory_predictor]: [Predictor] Predicting STARTED
[INFO] [1781601837.337380590] [trajectory_predictor]: [Filter] raw=(0.1512,0.0862,0.0392) → filt=(-0.0510,0.6319,0.0335) Δ=(0.2021,0.5457,0.0058)
[INFO] [1781601842.598369506] [trajectory_predictor]: [Pred HOLD ON] Tay đứng yên (std=4.8mm). Khóa tại (-0.0925, 0.6973, 0.0816)
[INFO] [1781601843.031214318] [trajectory_predictor]: [Pred HOLD OFF] Tay di chuyển (dev=31.0mm). Thả hold.
[INFO] [1781601843.725274718] [trajectory_predictor]: [Pred HOLD ON] Tay đứng yên (std=4.4mm). Khóa tại (-0.1026, 0.7368, 0.0092)
[INFO] [1781601844.126511833] [trajectory_predictor]: [Filter] raw=(-0.1026,0.7368,0.0092) → filt=(-0.1026,0.7368,0.0092) Δ=(0.0000,0.0000,0.0000)
[INFO] [1781601845.075971678] [trajectory_predictor]: [Pred HOLD OFF] Tay di chuyển (dev=30.2mm). Thả hold.
[INFO] [1781601845.094557236] [trajectory_predictor]: [Predictor] Predicting STOPPED
[INFO] [1781601845.246177371] [trajectory_predictor]: [Pred HOLD ON] Tay đứng yên (std=3.4mm). Khóa tại (-0.1359, 0.7315, 0.0131)
[INFO] [1781601846.068474816] [trajectory_predictor]: [Pred HOLD OFF] Tay di chuyển (dev=34.3mm). Thả hold.
[INFO] [1781601847.429579390] [trajectory_predictor]: [Predictor] Predicting STOPPED
[INFO] [1781601848.170717010] [trajectory_predictor]: [Pred HOLD ON] Tay đứng yên (std=4.7mm). Khóa tại (-0.1292, 0.6853, 0.0128)
[INFO] [1781601849.718362270] [trajectory_predictor]: [Filter] raw=(-0.1292,0.6853,0.0128) → filt=(-0.1292,0.6853,0.0128) Δ=(0.0000,0.0000,0.0000)
[INFO] [1781601856.203177088] [trajectory_predictor]: [Pred HOLD OFF] Tay di chuyển (dev=30.1mm). Thả hold.
[INFO] [1781601856.379030791] [trajectory_predictor]: [Pred HOLD ON] Tay đứng yên (std=5.3mm). Khóa tại (-0.1403, 0.7100, 0.0195)
[INFO] [1781601856.539498356] [trajectory_predictor]: [Filter] raw=(-0.1403,0.7100,0.0195) → filt=(-0.1403,0.7100,0.0195) Δ=(0.0000,0.0000,0.0000)
[INFO] [1781601857.272678444] [trajectory_predictor]: [Pred HOLD OFF] Tay di chuyển (dev=30.0mm). Thả hold.
[INFO] [1781601858.472730353] [trajectory_predictor]: [Pred HOLD ON] Tay đứng yên (std=3.7mm). Khóa tại (-0.1338, 0.7002, 0.0221)
[INFO] [1781601862.578579444] [trajectory_predictor]: [Pred HOLD OFF] Tay di chuyển (dev=30.0mm). Thả hold.
[INFO] [1781601862.913014235] [trajectory_predictor]: [Pred HOLD ON] Tay đứng yên (std=3.0mm). Khóa tại (-0.1326, 0.6816, 0.0459)
[INFO] [1781601864.012974413] [trajectory_predictor]: [Pred HOLD OFF] Tay di chuyển (dev=30.3mm). Thả hold.
[INFO] [1781601864.348755327] [trajectory_predictor]: [Pred HOLD ON] Tay đứng yên (std=4.6mm). Khóa tại (-0.1294, 0.6860, 0.0156)
[INFO] [1781601865.114850029] [trajectory_predictor]: [Filter] raw=(-0.1294,0.6860,0.0156) → filt=(-0.1294,0.6860,0.0156) Δ=(0.0000,0.0000,0.0000)
[INFO] [1781601871.928178224] [trajectory_predictor]: [Filter] raw=(-0.1294,0.6860,0.0156) → filt=(-0.1294,0.6860,0.0156) Δ=(0.0000,0.0000,0.0000)
[INFO] [1781601873.418110460] [trajectory_predictor]: [Pred HOLD OFF] Tay di chuyển (dev=31.2mm). Thả hold.
[INFO] [1781601878.572822601] [trajectory_predictor]: [Pred HOLD ON] Tay đứng yên (std=4.1mm). Khóa tại (0.1322, -0.0117, -0.0123)
[INFO] [1781601879.290828125] [trajectory_predictor]: [Pred HOLD OFF] Tay di chuyển (dev=32.0mm). Thả hold.
[INFO] [1781601880.986782662] [trajectory_predictor]: [Predictor] Predicting STOPPED
[INFO] [1781601930.950614862] [trajectory_predictor]: [Predictor] Predicting STARTED
[INFO] [1781601932.104952843] [trajectory_predictor]: [Filter] raw=(0.1674,0.0549,0.0411) → filt=(0.1638,0.0438,0.0206) Δ=(0.0036,0.0111,0.0206)
[INFO] [1781601935.701059240] [trajectory_predictor]: [Pred HOLD ON] Tay đứng yên (std=3.8mm). Khóa tại (-0.0255, 0.4747, 0.1255)
[INFO] [1781601936.101331854] [trajectory_predictor]: [Pred HOLD OFF] Tay di chuyển (dev=35.5mm). Thả hold.
[INFO] [1781601937.480971886] [trajectory_predictor]: [Pred HOLD ON] Tay đứng yên (std=5.4mm). Khóa tại (-0.0643, 0.6371, 0.1242)
[INFO] [1781601937.865880122] [trajectory_predictor]: [Pred HOLD OFF] Tay di chuyển (dev=32.1mm). Thả hold.
[INFO] [1781601938.932538516] [trajectory_predictor]: [Filter] raw=(-0.0843,0.7438,0.0206) → filt=(-0.0904,0.7627,0.0149) Δ=(0.0061,0.0189,0.0057)
[INFO] [1781601939.688295885] [trajectory_predictor]: [Pred HOLD ON] Tay đứng yên (std=5.7mm). Khóa tại (-0.1023, 0.7368, -0.0113)
[INFO] [1781601940.724363679] [trajectory_predictor]: [Predictor] Predicting STOPPED
[INFO] [1781601941.035308389] [trajectory_predictor]: [Pred HOLD OFF] Tay di chuyển (dev=30.1mm). Thả hold.
[INFO] [1781601941.443575904] [trajectory_predictor]: [Pred HOLD ON] Tay đứng yên (std=5.5mm). Khóa tại (-0.1192, 0.7323, 0.0163)
[INFO] [1781601941.977442088] [trajectory_predictor]: [Pred HOLD OFF] Tay di chuyển (dev=36.4mm). Thả hold.
[INFO] [1781601943.587013789] [trajectory_predictor]: [Predictor] Predicting STOPPED
[INFO] [1781601945.807169160] [trajectory_predictor]: [Pred HOLD ON] Tay đứng yên (std=3.8mm). Khóa tại (-0.1299, 0.7303, 0.0034)
[INFO] [1781601946.507111508] [trajectory_predictor]: [Filter] raw=(-0.1299,0.7303,0.0034) → filt=(-0.1299,0.7303,0.0034) Δ=(0.0000,0.0000,0.0000)
[INFO] [1781601946.807486067] [trajectory_predictor]: [Pred HOLD OFF] Tay di chuyển (dev=32.1mm). Thả hold.
[INFO] [1781601947.505553266] [trajectory_predictor]: [Pred HOLD ON] Tay đứng yên (std=4.4mm). Khóa tại (-0.1357, 0.6933, 0.0025)
[INFO] [1781601954.018826445] [trajectory_predictor]: [Filter] raw=(-0.1357,0.6933,0.0025) → filt=(-0.1357,0.6933,0.0025) Δ=(0.0000,0.0000,0.0000)
[INFO] [1781601956.113086067] [trajectory_predictor]: [Pred HOLD OFF] Tay di chuyển (dev=31.5mm). Thả hold.
[INFO] [1781601961.049980914] [trajectory_predictor]: [Pred HOLD ON] Tay đứng yên (std=4.0mm). Khóa tại (0.1384, 0.0310, -0.0123)
[INFO] [1781601961.314033873] [trajectory_predictor]: [Pred HOLD OFF] Tay di chuyển (dev=38.6mm). Thả hold.
[INFO] [1781601962.002723753] [trajectory_predictor]: [Predictor] Predicting STOPPED
[INFO] [1781601971.755488856] [trajectory_predictor]: [Pred HOLD ON] Tay đứng yên (std=5.8mm). Khóa tại (0.1467, 0.0233, -0.0209)
[INFO] [1781601972.729905632] [trajectory_predictor]: [Filter] raw=(0.1467,0.0233,-0.0209) → filt=(0.1467,0.0233,-0.0209) Δ=(0.0000,0.0000,0.0000)
[INFO] [1781601973.621376772] [trajectory_predictor]: [Predictor] Predicting STARTED
[INFO] [1781601974.359445398] [trajectory_predictor]: [Pred HOLD OFF] Tay di chuyển (dev=33.2mm). Thả hold.
[INFO] [1781601975.933490186] [trajectory_predictor]: [Pred HOLD ON] Tay đứng yên (std=5.6mm). Khóa tại (0.1009, 0.1612, 0.0829)
[INFO] [1781601976.163610522] [trajectory_predictor]: [Pred HOLD OFF] Tay di chuyển (dev=39.6mm). Thả hold.
[INFO] [1781601977.333018457] [trajectory_predictor]: [Pred HOLD ON] Tay đứng yên (std=5.1mm). Khóa tại (0.0342, 0.3613, 0.1337)
[INFO] [1781601977.938635588] [trajectory_predictor]: [Pred HOLD OFF] Tay di chuyển (dev=31.4mm). Thả hold.
[INFO] [1781601979.436578921] [trajectory_predictor]: [Filter] raw=(-0.1269,0.6875,0.0511) → filt=(-0.1115,0.6670,0.0628) Δ=(0.0154,0.0205,0.0116)
[INFO] [1781601981.846591296] [trajectory_predictor]: [Pred HOLD ON] Tay đứng yên (std=6.0mm). Khóa tại (-0.1230, 0.7077, -0.0134)
[INFO] [1781601982.714230203] [trajectory_predictor]: [Predictor] Predicting STOPPED
[INFO] [1781601983.338152831] [trajectory_predictor]: [Pred HOLD OFF] Tay di chuyển (dev=30.9mm). Thả hold.
[INFO] [1781601983.717044489] [trajectory_predictor]: [Pred HOLD ON] Tay đứng yên (std=3.6mm). Khóa tại (-0.1309, 0.6874, 0.0078)
[INFO] [1781601984.312109571] [trajectory_predictor]: [Pred HOLD OFF] Tay di chuyển (dev=32.9mm). Thả hold.
[INFO] [1781601985.328267584] [trajectory_predictor]: [Predictor] Predicting STOPPED
[INFO] [1781601988.420653492] [trajectory_predictor]: [Pred HOLD ON] Tay đứng yên (std=4.2mm). Khóa tại (-0.1080, 0.6635, 0.0107)
[INFO] [1781601990.775572083] [trajectory_predictor]: [Filter] raw=(-0.1080,0.6635,0.0107) → filt=(-0.1080,0.6635,0.0107) Δ=(0.0000,0.0000,0.0000)
[INFO] [1781601995.321586945] [trajectory_predictor]: [Pred HOLD OFF] Tay di chuyển (dev=30.5mm). Thả hold.
[INFO] [1781601995.482887118] [trajectory_predictor]: [Pred HOLD ON] Tay đứng yên (std=4.1mm). Khóa tại (-0.1238, 0.6345, 0.0229)
[INFO] [1781601996.609513518] [trajectory_predictor]: [Pred HOLD OFF] Tay di chuyển (dev=31.2mm). Thả hold.
[INFO] [1781601996.774872587] [trajectory_predictor]: [Pred HOLD ON] Tay đứng yên (std=2.4mm). Khóa tại (-0.1233, 0.6657, 0.0072)
[INFO] [1781601997.924514602] [trajectory_predictor]: [Filter] raw=(-0.1233,0.6657,0.0072) → filt=(-0.1233,0.6657,0.0072) Δ=(0.0000,0.0000,0.0000)
[INFO] [1781601998.844731367] [trajectory_predictor]: [Pred HOLD OFF] Tay di chuyển (dev=31.7mm). Thả hold.
[INFO] [1781602003.152182557] [trajectory_predictor]: [Pred HOLD ON] Tay đứng yên (std=4.5mm). Khóa tại (0.1379, 0.0343, -0.0209)
[INFO] [1781602004.572183656] [trajectory_predictor]: [Predictor] Predicting STOPPED
[INFO] [1781602004.815004241] [trajectory_predictor]: [Pred HOLD OFF] Tay di chuyển (dev=31.2mm). Thả hold.
[INFO] [1781602009.815843910] [trajectory_predictor]: [Pred HOLD ON] Tay đứng yên (std=5.4mm). Khóa tại (0.1539, 0.0162, -0.0225)
[INFO] [1781602010.618264827] [trajectory_predictor]: [Filter] raw=(0.1539,0.0162,-0.0225) → filt=(0.1539,0.0162,-0.0225) Δ=(0.0000,0.0000,0.0000)
[INFO] [1781602017.157271101] [trajectory_predictor]: [Pred HOLD OFF] Tay di chuyển (dev=30.4mm). Thả hold.
[INFO] [1781602020.940440714] [trajectory_predictor]: [Predictor] Predicting STARTED
[INFO] [1781602021.099329322] [trajectory_predictor]: [Filter] raw=(0.0819,0.1562,0.0283) → filt=(0.1139,0.0562,0.0113) Δ=(0.0320,0.1000,0.0170)
[INFO] [1781602023.778617904] [trajectory_predictor]: [Pred HOLD ON] Tay đứng yên (std=6.0mm). Khóa tại (0.0825, 0.1938, 0.0482)
[INFO] [1781602025.828892439] [trajectory_predictor]: [Pred HOLD OFF] Tay di chuyển (dev=31.5mm). Thả hold.
[INFO] [1781602027.844348981] [trajectory_predictor]: [Filter] raw=(-0.0053,0.3718,0.0956) → filt=(-0.0064,0.3712,0.0980) Δ=(0.0010,0.0006,0.0024)
[INFO] [1781602031.467272374] [trajectory_predictor]: [Pred HOLD ON] Tay đứng yên (std=5.9mm). Khóa tại (-0.0933, 0.6175, 0.0670)
[INFO] [1781602032.033892206] [trajectory_predictor]: [Pred HOLD OFF] Tay di chuyển (dev=30.1mm). Thả hold.
[INFO] [1781602034.341569880] [trajectory_predictor]: [Pred HOLD ON] Tay đứng yên (std=5.0mm). Khóa tại (-0.1063, 0.7152, 0.0046)
[INFO] [1781602034.574456681] [trajectory_predictor]: [Filter] raw=(-0.1063,0.7152,0.0046) → filt=(-0.1063,0.7152,0.0046) Δ=(0.0000,0.0000,0.0000)
[INFO] [1781602034.887754764] [trajectory_predictor]: [Predictor] Predicting STOPPED
[INFO] [1781602037.105833133] [trajectory_predictor]: [Pred HOLD OFF] Tay di chuyển (dev=30.3mm). Thả hold.
[INFO] [1781602039.259995668] [trajectory_predictor]: [Pred HOLD ON] Tay đứng yên (std=5.4mm). Khóa tại (-0.1000, 0.6774, 0.0007)
[INFO] [1781602040.041601723] [trajectory_predictor]: [Filter] raw=(-0.1000,0.6774,0.0007) → filt=(-0.1000,0.6774,0.0007) Δ=(0.0000,0.0000,0.0000)
[INFO] [1781602044.341848011] [trajectory_predictor]: [Pred HOLD OFF] Tay di chuyển (dev=31.6mm). Thả hold.
[INFO] [1781602048.652592712] [trajectory_predictor]: [Pred HOLD ON] Tay đứng yên (std=4.4mm). Khóa tại (-0.1077, 0.6952, -0.0055)
[INFO] [1781602049.377906365] [trajectory_predictor]: [Predictor] Predicting STOPPED
[INFO] [1781602051.021920859] [trajectory_predictor]: [Filter] raw=(-0.1077,0.6952,-0.0055) → filt=(-0.1077,0.6952,-0.0055) Δ=(0.0000,0.0000,0.0000)
[INFO] [1781602051.712424143] [trajectory_predictor]: [Pred HOLD OFF] Tay di chuyển (dev=31.0mm). Thả hold.
[INFO] [1781602053.117149909] [trajectory_predictor]: [Pred HOLD ON] Tay đứng yên (std=4.6mm). Khóa tại (-0.0852, 0.7250, 0.0166)
[INFO] [1781602054.635343516] [trajectory_predictor]: [Pred HOLD OFF] Tay di chuyển (dev=32.1mm). Thả hold.
[INFO] [1781602056.221868493] [trajectory_predictor]: [Pred HOLD ON] Tay đứng yên (std=4.4mm). Khóa tại (-0.1060, 0.6897, 0.0028)
[INFO] [1781602057.420073522] [trajectory_predictor]: [Filter] raw=(-0.1060,0.6897,0.0028) → filt=(-0.1060,0.6897,0.0028) Δ=(0.0000,0.0000,0.0000)
[INFO] [1781602064.157622748] [trajectory_predictor]: [Filter] raw=(-0.1060,0.6897,0.0028) → filt=(-0.1060,0.6897,0.0028) Δ=(0.0000,0.0000,0.0000)
[INFO] [1781602070.930597786] [trajectory_predictor]: [Filter] raw=(-0.1060,0.6897,0.0028) → filt=(-0.1060,0.6897,0.0028) Δ=(0.0000,0.0000,0.0000)
[INFO] [1781602072.368279537] [trajectory_predictor]: [Pred HOLD OFF] Tay di chuyển (dev=30.3mm). Thả hold.
[INFO] [1781602072.763551167] [trajectory_predictor]: [Pred HOLD ON] Tay đứng yên (std=3.1mm). Khóa tại (-0.1133, 0.7091, -0.0162)
[INFO] [1781602075.104668651] [trajectory_predictor]: [Pred HOLD OFF] Tay di chuyển (dev=30.5mm). Thả hold.
[INFO] [1781602076.796735486] [trajectory_predictor]: [Pred HOLD ON] Tay đứng yên (std=4.5mm). Khóa tại (-0.1054, 0.7071, 0.0080)
[INFO] [1781602077.164912570] [trajectory_predictor]: [Pred HOLD OFF] Tay di chuyển (dev=35.1mm). Thả hold.
[INFO] [1781602079.000158484] [trajectory_predictor]: [Pred HOLD ON] Tay đứng yên (std=5.2mm). Khóa tại (-0.0994, 0.7081, 0.0432)
[INFO] [1781602079.366420471] [trajectory_predictor]: [Pred HOLD OFF] Tay di chuyển (dev=30.6mm). Thả hold.
[INFO] [1781602079.585209940] [trajectory_predictor]: [Pred HOLD ON] Tay đứng yên (std=5.9mm). Khóa tại (-0.1004, 0.6794, 0.0066)
[INFO] [1781602081.268842451] [trajectory_predictor]: [Pred HOLD OFF] Tay di chuyển (dev=30.1mm). Thả hold.
[INFO] [1781602081.435035306] [trajectory_predictor]: [Pred HOLD ON] Tay đứng yên (std=5.6mm). Khóa tại (-0.1034, 0.6566, 0.0152)
[INFO] [1781602081.938979742] [trajectory_predictor]: [Filter] raw=(-0.1034,0.6566,0.0152) → filt=(-0.1034,0.6566,0.0152) Δ=(0.0000,0.0000,0.0000)
[INFO] [1781602084.372218004] [trajectory_predictor]: [Pred HOLD OFF] Tay di chuyển (dev=30.2mm). Thả hold.
[INFO] [1781602085.003903658] [trajectory_predictor]: [Pred HOLD ON] Tay đứng yên (std=5.5mm). Khóa tại (-0.0975, 0.6756, -0.0210)
[INFO] [1781602089.243733438] [trajectory_predictor]: [Filter] raw=(-0.0975,0.6756,-0.0210) → filt=(-0.0975,0.6756,-0.0210) Δ=(0.0000,0.0000,0.0000)
[INFO] [1781602093.374844811] [trajectory_predictor]: [Pred HOLD OFF] Tay di chuyển (dev=30.1mm). Thả hold.
[INFO] [1781602093.545039602] [trajectory_predictor]: [Pred HOLD ON] Tay đứng yên (std=4.6mm). Khóa tại (-0.0887, 0.6514, 0.0025)
[INFO] [1781602096.112597006] [trajectory_predictor]: [Filter] raw=(-0.0887,0.6514,0.0025) → filt=(-0.0887,0.6514,0.0025) Δ=(0.0000,0.0000,0.0000)
[INFO] [1781602102.894746700] [trajectory_predictor]: [Filter] raw=(-0.0887,0.6514,0.0025) → filt=(-0.0887,0.6514,0.0025) Δ=(0.0000,0.0000,0.0000)
[INFO] [1781602105.219585191] [trajectory_predictor]: [Pred HOLD OFF] Tay di chuyển (dev=30.0mm). Thả hold.
[INFO] [1781602105.520556115] [trajectory_predictor]: [Pred HOLD ON] Tay đứng yên (std=5.6mm). Khóa tại (-0.0984, 0.6714, -0.0095)
[INFO] [1781602108.264865276] [trajectory_predictor]: [Pred HOLD OFF] Tay di chuyển (dev=30.3mm). Thả hold.
[INFO] [1781602115.899715383] [trajectory_predictor]: [Predictor] Predicting STOPPED
[INFO] [1781602118.146980507] [trajectory_predictor]: [Predictor] Buffer cleared (no data for 1.6s)
[INFO] [1781602120.263312074] [trajectory_predictor]: [Pred HOLD ON] Tay đứng yên (std=5.8mm). Khóa tại (0.1514, -0.0063, -0.0306)
[INFO] [1781602121.200116876] [trajectory_predictor]: [Pred HOLD OFF] Tay di chuyển (dev=30.1mm). Thả hold.
[INFO] [1781602128.346884737] [trajectory_predictor]: [Predictor] Predicting STARTED
[INFO] [1781602129.051347156] [trajectory_predictor]: [Filter] raw=(0.1409,0.1414,0.0265) → filt=(0.1360,0.0610,0.0236) Δ=(0.0049,0.0804,0.0029)
[INFO] [1781602133.852443720] [trajectory_predictor]: [Pred HOLD ON] Tay đứng yên (std=5.8mm). Khóa tại (0.0749, 0.2079, 0.0361)
[INFO] [1781602135.709187398] [trajectory_predictor]: [Filter] raw=(0.0749,0.2079,0.0361) → filt=(0.0749,0.2079,0.0361) Δ=(0.0000,0.0000,0.0000)
[INFO] [1781602136.792263876] [trajectory_predictor]: [Pred HOLD OFF] Tay di chuyển (dev=30.5mm). Thả hold.
[INFO] [1781602138.779449201] [trajectory_predictor]: [Pred HOLD ON] Tay đứng yên (std=4.9mm). Khóa tại (0.0802, 0.2101, 0.0076)
[INFO] [1781602140.283352976] [trajectory_predictor]: [Pred HOLD OFF] Tay di chuyển (dev=32.2mm). Thả hold.
[INFO] [1781602140.669596865] [trajectory_predictor]: [Predictor] Predicting STOPPED
[INFO] [1781602145.021124958] [trajectory_predictor]: [Predictor] Predicting STOPPED
[INFO] [1781602163.485734631] [trajectory_predictor]: [Predictor] Predicting STOPPED
[INFO] [1781602174.813528484] [trajectory_predictor]: [Predictor] Predicting STOPPED
[INFO] [1781602196.940362806] [trajectory_predictor]: [Predictor] Predicting STARTED
[INFO] [1781602198.935304859] [trajectory_predictor]: [Filter] raw=(0.0825,0.2762,0.1088) → filt=(0.0721,0.2218,0.1071) Δ=(0.0104,0.0544,0.0017)
[INFO] [1781602203.334933320] [trajectory_predictor]: [Pred HOLD ON] Tay đứng yên (std=5.5mm). Khóa tại (-0.1080, 0.7224, 0.0481)
[INFO] [1781602203.864061854] [trajectory_predictor]: [Pred HOLD OFF] Tay di chuyển (dev=30.8mm). Thả hold.
[INFO] [1781602204.468639225] [trajectory_predictor]: [Pred HOLD ON] Tay đứng yên (std=3.8mm). Khóa tại (-0.1022, 0.7456, -0.0068)
[INFO] [1781602204.899092980] [trajectory_predictor]: [Predictor] Predicting STOPPED
[INFO] [1781602205.599921017] [trajectory_predictor]: [Filter] raw=(-0.1022,0.7456,-0.0068) → filt=(-0.1022,0.7456,-0.0068) Δ=(0.0000,0.0000,0.0000)
[INFO] [1781602206.334649119] [trajectory_predictor]: [Pred HOLD OFF] Tay di chuyển (dev=30.1mm). Thả hold.
[INFO] [1781602207.531254722] [trajectory_predictor]: [Pred HOLD ON] Tay đứng yên (std=5.9mm). Khóa tại (-0.0525, 0.6714, 0.0196)
[INFO] [1781602208.524583223] [trajectory_predictor]: [Predictor] Predicting STOPPED
[INFO] [1781602209.534273398] [trajectory_predictor]: [Pred HOLD OFF] Tay di chuyển (dev=31.5mm). Thả hold.
[INFO] [1781602211.777743883] [trajectory_predictor]: [Pred HOLD ON] Tay đứng yên (std=5.5mm). Khóa tại (-0.0883, 0.7173, 0.0158)
[INFO] [1781602212.405641159] [trajectory_predictor]: [Filter] raw=(-0.0883,0.7173,0.0158) → filt=(-0.0883,0.7173,0.0158) Δ=(0.0000,0.0000,0.0000)
[INFO] [1781602216.237740762] [trajectory_predictor]: [Pred HOLD OFF] Tay di chuyển (dev=31.2mm). Thả hold.
[INFO] [1781602218.364621192] [trajectory_predictor]: [Pred HOLD ON] Tay đứng yên (std=4.4mm). Khóa tại (-0.1158, 0.7216, 0.0083)
[INFO] [1781602221.177514515] [trajectory_predictor]: [Filter] raw=(-0.1158,0.7216,0.0083) → filt=(-0.1158,0.7216,0.0083) Δ=(0.0000,0.0000,0.0000)
[INFO] [1781602222.558167058] [trajectory_predictor]: [Pred HOLD OFF] Tay di chuyển (dev=35.2mm). Thả hold.
[INFO] [1781602224.821396129] [trajectory_predictor]: [Pred HOLD ON] Tay đứng yên (std=4.2mm). Khóa tại (-0.1111, 0.7045, 0.0118)
[INFO] [1781602226.783278920] [trajectory_predictor]: [Filter] raw=(-0.1111,0.7045,0.0118) → filt=(-0.1111,0.7045,0.0118) Δ=(0.0000,0.0000,0.0000)
[INFO] [1781602230.249447170] [trajectory_predictor]: [Pred HOLD OFF] Tay di chuyển (dev=30.2mm). Thả hold.
[INFO] [1781602230.415200657] [trajectory_predictor]: [Pred HOLD ON] Tay đứng yên (std=4.3mm). Khóa tại (-0.1015, 0.6762, 0.0279)
[INFO] [1781602233.631740761] [trajectory_predictor]: [Filter] raw=(-0.1015,0.6762,0.0279) → filt=(-0.1015,0.6762,0.0279) Δ=(0.0000,0.0000,0.0000)
[INFO] [1781602234.122792649] [trajectory_predictor]: [Pred HOLD OFF] Tay di chuyển (dev=30.2mm). Thả hold.
[INFO] [1781602234.755428663] [trajectory_predictor]: [Pred HOLD ON] Tay đứng yên (std=4.4mm). Khóa tại (-0.1256, 0.7203, 0.0063)
[INFO] [1781602236.856051527] [trajectory_predictor]: [Pred HOLD OFF] Tay di chuyển (dev=31.4mm). Thả hold.
[INFO] [1781602237.188606135] [trajectory_predictor]: [Pred HOLD ON] Tay đứng yên (std=4.9mm). Khóa tại (-0.1086, 0.6916, 0.0059)
[INFO] [1781602241.460424973] [trajectory_predictor]: [Filter] raw=(-0.1086,0.6916,0.0059) → filt=(-0.1086,0.6916,0.0059) Δ=(0.0000,0.0000,0.0000)
[INFO] [1781602246.498833017] [trajectory_predictor]: [Pred HOLD OFF] Tay di chuyển (dev=31.6mm). Thả hold.
[INFO] [1781602246.961539133] [trajectory_predictor]: [Pred HOLD ON] Tay đứng yên (std=4.5mm). Khóa tại (-0.1161, 0.6686, 0.0011)
[INFO] [1781602248.602173898] [trajectory_predictor]: [Filter] raw=(-0.1161,0.6686,0.0011) → filt=(-0.1161,0.6686,0.0011) Δ=(0.0000,0.0000,0.0000)
[INFO] [1781602249.845397745] [trajectory_predictor]: [Pred HOLD OFF] Tay di chuyển (dev=30.3mm). Thả hold.
[INFO] [1781602250.001889506] [trajectory_predictor]: [Pred HOLD ON] Tay đứng yên (std=5.0mm). Khóa tại (-0.1011, 0.6961, 0.0104)
[INFO] [1781602254.704430205] [trajectory_predictor]: [Pred HOLD OFF] Tay di chuyển (dev=34.9mm). Thả hold.
[INFO] [1781602260.816876941] [trajectory_predictor]: [Pred HOLD ON] Tay đứng yên (std=3.1mm). Khóa tại (-0.1240, 0.7328, -0.0015)
[INFO] [1781602261.708540582] [trajectory_predictor]: [Filter] raw=(-0.1240,0.7328,-0.0015) → filt=(-0.1240,0.7328,-0.0015) Δ=(0.0000,0.0000,0.0000)
[INFO] [1781602268.378752212] [trajectory_predictor]: [Filter] raw=(-0.1240,0.7328,-0.0015) → filt=(-0.1240,0.7328,-0.0015) Δ=(0.0000,0.0000,0.0000)
[INFO] [1781602275.071803331] [trajectory_predictor]: [Filter] raw=(-0.1240,0.7328,-0.0015) → filt=(-0.1240,0.7328,-0.0015) Δ=(0.0000,0.0000,0.0000)
[INFO] [1781602277.794380992] [trajectory_predictor]: [Pred HOLD OFF] Tay di chuyển (dev=34.1mm). Thả hold.
[INFO] [1781602281.962794043] [trajectory_predictor]: [Pred HOLD ON] Tay đứng yên (std=4.7mm). Khóa tại (-0.1090, 0.6896, 0.0178)
[INFO] [1781602282.556463340] [trajectory_predictor]: [Filter] raw=(-0.1090,0.6896,0.0178) → filt=(-0.1090,0.6896,0.0178) Δ=(0.0000,0.0000,0.0000)
[INFO] [1781602285.913331104] [trajectory_predictor]: [Pred HOLD OFF] Tay di chuyển (dev=30.9mm). Thả hold.
[INFO] [1781602286.153695338] [trajectory_predictor]: [Pred HOLD ON] Tay đứng yên (std=5.2mm). Khóa tại (-0.1066, 0.7226, 0.0119)
[INFO] [1781602288.393532809] [trajectory_predictor]: [Pred HOLD OFF] Tay di chuyển (dev=31.1mm). Thả hold.
[INFO] [1781602288.760664754] [trajectory_predictor]: [Pred HOLD ON] Tay đứng yên (std=3.6mm). Khóa tại (-0.1096, 0.6644, 0.0127)
[INFO] [1781602289.863967342] [trajectory_predictor]: [Filter] raw=(-0.1096,0.6644,0.0127) → filt=(-0.1096,0.6644,0.0127) Δ=(0.0000,0.0000,0.0000)
[INFO] [1781602291.639883285] [trajectory_predictor]: [Pred HOLD OFF] Tay di chuyển (dev=30.5mm). Thả hold.
[INFO] [1781602291.901501607] [trajectory_predictor]: [Pred HOLD ON] Tay đứng yên (std=5.1mm). Khóa tại (-0.1116, 0.6965, -0.0005)
[INFO] [1781602294.133214951] [trajectory_predictor]: [Pred HOLD OFF] Tay di chuyển (dev=30.2mm). Thả hold.
[INFO] [1781602294.365991959] [trajectory_predictor]: [Pred HOLD ON] Tay đứng yên (std=3.6mm). Khóa tại (-0.1045, 0.6709, 0.0057)
[INFO] [1781602297.041496455] [trajectory_predictor]: [Filter] raw=(-0.1045,0.6709,0.0057) → filt=(-0.1045,0.6709,0.0057) Δ=(0.0000,0.0000,0.0000)
[INFO] [1781602300.168613693] [trajectory_predictor]: [Predictor] Predicting STOPPED
[INFO] [1781602302.206186668] [trajectory_predictor]: [Pred HOLD OFF] Tay di chuyển (dev=32.6mm). Thả hold.
[INFO] [1781602302.375232376] [trajectory_predictor]: [Pred HOLD ON] Tay đứng yên (std=6.0mm). Khóa tại (-0.1028, 0.6509, 0.0372)
[INFO] [1781602303.076183439] [trajectory_predictor]: [Pred HOLD OFF] Tay di chuyển (dev=30.3mm). Thả hold.
[INFO] [1781602303.247907892] [trajectory_predictor]: [Pred HOLD ON] Tay đứng yên (std=3.1mm). Khóa tại (-0.1114, 0.6739, 0.0197)
[INFO] [1781602304.140699187] [trajectory_predictor]: [Filter] raw=(-0.1114,0.6739,0.0197) → filt=(-0.1114,0.6739,0.0197) Δ=(0.0000,0.0000,0.0000)
[INFO] [1781602311.558777177] [trajectory_predictor]: [Filter] raw=(-0.1114,0.6739,0.0197) → filt=(-0.1114,0.6739,0.0197) Δ=(0.0000,0.0000,0.0000)
[INFO] [1781602313.381352938] [trajectory_predictor]: [Pred HOLD OFF] Tay di chuyển (dev=31.3mm). Thả hold.
[INFO] [1781602319.147662078] [trajectory_predictor]: [Predictor] Buffer cleared (no data for 1.1s)
[INFO] [1781602320.202339186] [trajectory_predictor]: [Predictor] Predicting STOPPED
[INFO] [1781602331.806240346] [trajectory_predictor]: [Predictor] Predicting STARTED
[INFO] [1781602333.369723384] [trajectory_predictor]: [Filter] raw=(0.1077,0.1342,0.0454) → filt=(0.0992,0.0760,0.0347) Δ=(0.0085,0.0583,0.0108)
[INFO] [1781602337.772655194] [trajectory_predictor]: [Pred HOLD ON] Tay đứng yên (std=4.9mm). Khóa tại (-0.0657, 0.5690, 0.1149)
[INFO] [1781602338.338700641] [trajectory_predictor]: [Pred HOLD OFF] Tay di chuyển (dev=31.9mm). Thả hold.
[INFO] [1781602340.546578733] [trajectory_predictor]: [Pred HOLD ON] Tay đứng yên (std=4.4mm). Khóa tại (-0.0798, 0.7264, 0.0036)
[INFO] [1781602340.699428300] [trajectory_predictor]: [Filter] raw=(-0.0798,0.7264,0.0036) → filt=(-0.0798,0.7264,0.0036) Δ=(0.0000,0.0000,0.0000)
[INFO] [1781602341.089665798] [trajectory_predictor]: [Predictor] Predicting STOPPED
[INFO] [1781602343.477262342] [trajectory_predictor]: [Predictor] Predicting STOPPED
[INFO] [1781602344.040132964] [trajectory_predictor]: [Pred HOLD OFF] Tay di chuyển (dev=39.9mm). Thả hold.
[INFO] [1781602346.040605902] [trajectory_predictor]: [Pred HOLD ON] Tay đứng yên (std=4.4mm). Khóa tại (-0.0642, 0.7082, 0.0105)
[INFO] [1781602346.374568315] [trajectory_predictor]: [Filter] raw=(-0.0642,0.7082,0.0105) → filt=(-0.0642,0.7082,0.0105) Δ=(0.0000,0.0000,0.0000)
[INFO] [1781602353.283816111] [trajectory_predictor]: [Filter] raw=(-0.0642,0.7082,0.0105) → filt=(-0.0642,0.7082,0.0105) Δ=(0.0000,0.0000,0.0000)
[INFO] [1781602354.881044322] [trajectory_predictor]: [Pred HOLD OFF] Tay di chuyển (dev=35.0mm). Thả hold.
[INFO] [1781602359.550861255] [trajectory_predictor]: [Predictor] Predicting STOPPED
[INFO] [1781602370.919206857] [trajectory_predictor]: [Predictor] Predicting STARTED
[INFO] [1781602372.740218008] [trajectory_predictor]: [Filter] raw=(0.1685,0.1336,0.0740) → filt=(0.1477,0.0702,0.0464) Δ=(0.0208,0.0634,0.0275)
[INFO] [1781602378.903572635] [trajectory_predictor]: [Pred HOLD ON] Tay đứng yên (std=4.4mm). Khóa tại (-0.1091, 0.6100, 0.0595)
[INFO] [1781602379.334585791] [trajectory_predictor]: [Pred HOLD OFF] Tay di chuyển (dev=31.5mm). Thả hold.
[INFO] [1781602379.411282043] [trajectory_predictor]: [Filter] raw=(-0.1034,0.6658,0.0342) → filt=(-0.1043,0.6308,0.0448) Δ=(0.0009,0.0350,0.0106)
[INFO] [1781602379.502956084] [trajectory_predictor]: [Pred HOLD ON] Tay đứng yên (std=5.4mm). Khóa tại (-0.1175, 0.6404, 0.0335)
[INFO] [1781602380.001994621] [trajectory_predictor]: [Pred HOLD OFF] Tay di chuyển (dev=32.0mm). Thả hold.
[INFO] [1781602380.735780736] [trajectory_predictor]: [Pred HOLD ON] Tay đứng yên (std=5.6mm). Khóa tại (-0.1340, 0.7200, 0.0149)
[INFO] [1781602381.271708030] [trajectory_predictor]: [Predictor] Predicting STOPPED
[INFO] [1781602382.106852199] [trajectory_predictor]: [Pred HOLD OFF] Tay di chuyển (dev=30.2mm). Thả hold.
[INFO] [1781602382.300883761] [trajectory_predictor]: [Pred HOLD ON] Tay đứng yên (std=5.8mm). Khóa tại (-0.1230, 0.6892, 0.0164)
[INFO] [1781602384.690780200] [trajectory_predictor]: [Predictor] Predicting STOPPED
[INFO] [1781602386.550499607] [trajectory_predictor]: [Filter] raw=(-0.1230,0.6892,0.0164) → filt=(-0.1230,0.6892,0.0164) Δ=(0.0000,0.0000,0.0000)
[INFO] [1781602388.758365244] [trajectory_predictor]: [Pred HOLD OFF] Tay di chuyển (dev=32.6mm). Thả hold.
[INFO] [1781602389.079522845] [trajectory_predictor]: [Pred HOLD ON] Tay đứng yên (std=3.8mm). Khóa tại (-0.1368, 0.7143, -0.0152)
[INFO] [1781602391.559530743] [trajectory_predictor]: [Pred HOLD OFF] Tay di chuyển (dev=30.3mm). Thả hold.
[INFO] [1781602392.093780568] [trajectory_predictor]: [Pred HOLD ON] Tay đứng yên (std=5.8mm). Khóa tại (-0.1420, 0.6957, -0.0087)
[INFO] [1781602393.374015853] [trajectory_predictor]: [Pred HOLD OFF] Tay di chuyển (dev=32.5mm). Thả hold.
[INFO] [1781602394.411833522] [trajectory_predictor]: [Pred HOLD ON] Tay đứng yên (std=5.1mm). Khóa tại (-0.1311, 0.6955, 0.0035)
[INFO] [1781602395.513902457] [trajectory_predictor]: [Filter] raw=(-0.1311,0.6955,0.0035) → filt=(-0.1311,0.6955,0.0035) Δ=(0.0000,0.0000,0.0000)
[INFO] [1781602397.113705120] [trajectory_predictor]: [Pred HOLD OFF] Tay di chuyển (dev=32.2mm). Thả hold.
[INFO] [1781602400.889547741] [trajectory_predictor]: [Pred HOLD ON] Tay đứng yên (std=5.8mm). Khóa tại (0.1310, 0.0117, -0.0147)
[INFO] [1781602402.085635693] [trajectory_predictor]: [Predictor] Predicting STOPPED
[INFO] [1781602402.618614876] [trajectory_predictor]: [Filter] raw=(0.1310,0.0117,-0.0147) → filt=(0.1310,0.0117,-0.0147) Δ=(0.0000,0.0000,0.0000)
[INFO] [1781602409.391329724] [trajectory_predictor]: [Filter] raw=(0.1310,0.0117,-0.0147) → filt=(0.1310,0.0117,-0.0147) Δ=(0.0000,0.0000,0.0000)
[INFO] [1781602409.690199301] [trajectory_predictor]: [Pred HOLD OFF] Tay di chuyển (dev=33.5mm). Thả hold.
[INFO] [1781602412.709931973] [trajectory_predictor]: [Predictor] Predicting STARTED
[INFO] [1781602413.639988581] [trajectory_predictor]: [Pred HOLD ON] Tay đứng yên (std=6.0mm). Khóa tại (0.1591, 0.0126, -0.0108)
[INFO] [1781602414.366106470] [trajectory_predictor]: [Pred HOLD OFF] Tay di chuyển (dev=33.8mm). Thả hold.
[INFO] [1781602415.579033883] [trajectory_predictor]: [Predictor] Predicting STOPPED
[INFO] [1781602425.333802159] [trajectory_predictor]: [Pred HOLD ON] Tay đứng yên (std=4.0mm). Khóa tại (-0.0637, 0.1790, -0.0511)
[INFO] [1781602425.668528362] [trajectory_predictor]: [Filter] raw=(-0.0637,0.1790,-0.0511) → filt=(-0.0637,0.1790,-0.0511) Δ=(0.0000,0.0000,0.0000)
[INFO] [1781602427.088999146] [trajectory_predictor]: [Pred HOLD OFF] Tay di chuyển (dev=31.6mm). Thả hold.
[INFO] [1781602428.834473191] [trajectory_predictor]: [Pred HOLD ON] Tay đứng yên (std=5.1mm). Khóa tại (-0.0574, 0.1559, -0.1041)
[WARN] [1781602429.276791300] [trajectory_predictor]: [Worker STDERR] Traceback (most recent call last):
[WARN] [1781602429.277618648] [trajectory_predictor]: [Worker STDERR] File "/home/duy/cocarry_ws/install/trajectory_predictor/lib/python3.10/site-packages/trajectory_predictor/inference_worker.py", line 255, in <module>
[WARN] [1781602429.278863516] [trajectory_predictor]: [Worker STDERR] main()
[WARN] [1781602429.280009350] [trajectory_predictor]: [Worker STDERR] File "/home/duy/cocarry_ws/install/trajectory_predictor/lib/python3.10/site-packages/trajectory_predictor/inference_worker.py", line 190, in main
[WARN] [1781602429.281153212] [trajectory_predictor]: [Worker STDERR] for line in sys.stdin:
[WARN] [1781602429.282275066] [trajectory_predictor]: [Worker STDERR] KeyboardInterrupt
