[INFO] [1786685981.516083131] [trajectory_predictor]: [Predictor] Worker launched (pid=67194)
[INFO] [1786685981.516522025] [trajectory_predictor]: [Predictor] Started | model=svgp | window=10 | auto_start=True
  Output Filter: enabled=True, ema_alpha=1.0, max_dev=0.12, max_rate=0.05
[WARN] [1786685982.651195521] [trajectory_predictor]: [Worker STDERR] /usr/lib/python3/dist-packages/scipy/__init__.py:146: UserWarning: A NumPy version >=1.17.3 and <1.25.0 is required for this version of SciPy (detected version 1.26.4
[WARN] [1786685982.651930362] [trajectory_predictor]: [Worker STDERR] warnings.warn(f"A NumPy version >={np_minversion} and <{np_maxversion}"
[INFO] [1786685983.510794043] [trajectory_predictor]: [Worker] TF 2.15.0 and sklearn loaded
[INFO] [1786685985.160096015] [trajectory_predictor]: [Predictor] Worker READY | model=svgp
[INFO] [1786686007.400431670] [trajectory_predictor]: [Predictor] Switching model → svgp
[INFO] [1786686007.400876466] [trajectory_predictor]: [Hybrid] Mode DISABLED (GRU only)
[INFO] [1786686007.426818883] [trajectory_predictor]: [Predictor] Model switched to svgp
[INFO] [1786686009.163773372] [trajectory_predictor]: [Predictor] Predicting STOPPED
[INFO] [1786686014.499642684] [trajectory_predictor]: [Predictor] Buffer cleared (no data for 1.2s)
[INFO] [1786686017.994971425] [trajectory_predictor]: [Pred HOLD ON] Tay đứng yên (std=3.1mm). Target robot Z: -0.2825 | Tay thật Z: -0.2825
[INFO] [1786686017.995291867] [trajectory_predictor]: [Filter] raw=(-0.0745,-2.5827,-0.2825) → filt=(-0.0745,-2.5827,-0.2825) Δ=(0.0000,0.0000,0.0000)
[INFO] [1786686019.235473498] [trajectory_predictor]: [Pred HOLD OFF] Tay di chuyển (dev=28.2mm). Thả hold.
[INFO] [1786686020.268016756] [trajectory_predictor]: [Pred HOLD ON] Tay đứng yên (std=3.6mm). Target robot Z: -0.2825 | Tay thật Z: 0.0102
[INFO] [1786686022.093322752] [trajectory_predictor]: [Predictor] Predicting STOPPED
[INFO] [1786686026.003311316] [trajectory_predictor]: [Filter] raw=(-0.0745,-2.5827,-0.2825) → filt=(-0.0745,-2.5327,-0.2325) Δ=(0.0000,0.0500,0.0500)
[INFO] [1786686027.440830603] [trajectory_predictor]: [Predictor] Predicting STARTED
[INFO] [1786686027.640415461] [trajectory_predictor]: [Pred HOLD OFF] Tay di chuyển (dev=26.5mm). Thả hold.
[INFO] [1786686031.240144787] [trajectory_predictor]: [Pred HOLD ON] Tay đứng yên (std=4.1mm). Target robot Z: 0.4551 | Tay thật Z: 0.5782
[INFO] [1786686031.576998452] [trajectory_predictor]: [Pred HOLD OFF] Tay di chuyển (dev=25.3mm). Thả hold.
[INFO] [1786686032.995763744] [trajectory_predictor]: [Filter] raw=(0.0549,0.8569,0.3606) → filt=(0.0549,0.8569,0.3606) Δ=(0.0000,0.0000,0.0000)
[INFO] [1786686036.477031032] [trajectory_predictor]: [Pred HOLD ON] Tay đứng yên (std=1.9mm). Target robot Z: 0.2015 | Tay thật Z: 0.2554
[INFO] [1786686037.347343151] [trajectory_predictor]: [Pred HOLD OFF] Tay di chuyển (dev=25.7mm). Thả hold.
[INFO] [1786686037.610475953] [trajectory_predictor]: [Pred HOLD ON] Tay đứng yên (std=2.3mm). Target robot Z: 0.2027 | Tay thật Z: 0.2575
[INFO] [1786686037.915959521] [trajectory_predictor]: [Pred HOLD OFF] Tay di chuyển (dev=26.3mm). Thả hold.
[INFO] [1786686038.782043574] [trajectory_predictor]: [Pred HOLD ON] Tay đứng yên (std=5.5mm). Target robot Z: 0.1881 | Tay thật Z: 0.2358
[INFO] [1786686039.114752510] [trajectory_predictor]: [Pred HOLD OFF] Tay di chuyển (dev=26.1mm). Thả hold.
[INFO] [1786686039.903619999] [trajectory_predictor]: [Filter] raw=(-0.1750,0.4043,0.1166) → filt=(-0.1750,0.4043,0.1166) Δ=(0.0000,0.0000,0.0000)
[INFO] [1786686040.780962511] [trajectory_predictor]: [Pred HOLD ON] Tay đứng yên (std=5.1mm). Target robot Z: 0.0649 | Tay thật Z: 0.0737
[INFO] [1786686041.285009127] [trajectory_predictor]: [Pred HOLD OFF] Tay di chuyển (dev=25.8mm). Thả hold.
[INFO] [1786686043.782647069] [trajectory_predictor]: [Pred HOLD ON] Tay đứng yên (std=3.8mm). Target robot Z: 0.5386 | Tay thật Z: 0.6545
[INFO] [1786686044.816994974] [trajectory_predictor]: [Pred HOLD OFF] Tay di chuyển (dev=25.7mm). Thả hold.
[INFO] [1786686046.742980721] [trajectory_predictor]: [Filter] raw=(-0.0288,0.7038,0.2139) → filt=(-0.0288,0.7038,0.2139) Δ=(0.0000,0.0000,0.0000)
[INFO] [1786686048.889869553] [trajectory_predictor]: [Pred HOLD ON] Tay đứng yên (std=0.0mm). Target robot Z: 0.0071 | Tay thật Z: 0.0140
[INFO] [1786686053.559524951] [trajectory_predictor]: [Filter] raw=(0.0826,0.0606,0.0071) → filt=(0.0826,0.0606,0.0071) Δ=(0.0000,0.0000,0.0000)
[INFO] [1786686054.327113660] [trajectory_predictor]: [Pred HOLD OFF] Tay di chuyển (dev=28.1mm). Thả hold.
[INFO] [1786686056.859121956] [trajectory_predictor]: [Pred HOLD ON] Tay đứng yên (std=6.5mm). Target robot Z: 0.6830 | Tay thật Z: 0.7954
[INFO] [1786686057.229402687] [trajectory_predictor]: [Pred HOLD OFF] Tay di chuyển (dev=25.9mm). Thả hold.
[INFO] [1786686057.497383713] [trajectory_predictor]: [Pred HOLD ON] Tay đứng yên (std=2.8mm). Target robot Z: 0.7143 | Tay thật Z: 0.8314
[INFO] [1786686058.065348631] [trajectory_predictor]: [Pred HOLD OFF] Tay di chuyển (dev=27.0mm). Thả hold.
[INFO] [1786686058.328018704] [trajectory_predictor]: [Pred HOLD ON] Tay đứng yên (std=5.2mm). Target robot Z: 0.7310 | Tay thật Z: 0.8499
[INFO] [1786686058.531769132] [trajectory_predictor]: [Pred HOLD OFF] Tay di chuyển (dev=30.5mm). Thả hold.
[INFO] [1786686059.738878887] [trajectory_predictor]: [Pred HOLD ON] Tay đứng yên (std=2.5mm). Target robot Z: 0.1133 | Tay thật Z: 0.1130
[INFO] [1786686060.303436561] [trajectory_predictor]: [Filter] raw=(0.0669,0.5195,0.1133) → filt=(0.0669,0.5195,0.1133) Δ=(0.0000,0.0000,0.0000)
[INFO] [1786686062.867956424] [trajectory_predictor]: [Pred HOLD OFF] Tay di chuyển (dev=26.0mm). Thả hold.
[INFO] [1786686063.130965475] [trajectory_predictor]: [Pred HOLD ON] Tay đứng yên (std=4.2mm). Target robot Z: 0.1038 | Tay thật Z: 0.1056
[INFO] [1786686064.063975306] [trajectory_predictor]: [Pred HOLD OFF] Tay di chuyển (dev=29.3mm). Thả hold.
[INFO] [1786686065.206519916] [trajectory_predictor]: [Pred HOLD ON] Tay đứng yên (std=2.2mm). Target robot Z: 0.6890 | Tay thật Z: 0.8105
[INFO] [1786686066.972025938] [trajectory_predictor]: [Filter] raw=(0.0280,0.4891,0.6890) → filt=(0.0280,0.4891,0.6917) Δ=(0.0000,0.0000,0.0027)
[INFO] [1786686067.536008332] [trajectory_predictor]: [Pred HOLD OFF] Tay di chuyển (dev=25.9mm). Thả hold.
[INFO] [1786686071.807698134] [trajectory_predictor]: [Pred HOLD ON] Tay đứng yên (std=1.1mm). Target robot Z: -0.0083 | Tay thật Z: 0.0050
[INFO] [1786686072.677584138] [trajectory_predictor]: [Predictor] Predicting STOPPED
[INFO] [1786686073.071966158] [trajectory_predictor]: [Filter] raw=(0.1113,-0.0499,-0.0083) → filt=(0.1112,-0.0499,-0.0083) Δ=(0.0001,0.0000,0.0000)
[INFO] [1786686074.541059020] [trajectory_predictor]: [Pred HOLD OFF] Tay di chuyển (dev=28.6mm). Thả hold.
[INFO] [1786686075.341049680] [trajectory_predictor]: [Pred HOLD ON] Tay đứng yên (std=2.2mm). Target robot Z: -0.0083 | Tay thật Z: 0.0034
[INFO] [1786686078.226228203] [trajectory_predictor]: [Pred HOLD OFF] Tay di chuyển (dev=25.1mm). Thả hold.
[INFO] [1786686078.477167800] [trajectory_predictor]: [Pred HOLD ON] Tay đứng yên (std=2.6mm). Target robot Z: -0.0083 | Tay thật Z: 0.0013
[INFO] [1786686080.278000552] [trajectory_predictor]: [Pred HOLD OFF] Tay di chuyển (dev=27.8mm). Thả hold.
[INFO] [1786686080.651958938] [trajectory_predictor]: [Pred HOLD ON] Tay đứng yên (std=5.6mm). Target robot Z: -0.0083 | Tay thật Z: 0.0037
[INFO] [1786686081.610391622] [trajectory_predictor]: [Filter] raw=(0.1077,-0.0310,-0.0083) → filt=(0.1077,-0.0310,-0.0083) Δ=(0.0000,0.0000,0.0000)
[INFO] [1786686081.709638572] [trajectory_predictor]: [Pred HOLD OFF] Tay di chuyển (dev=25.2mm). Thả hold.
[INFO] [1786686082.746826383] [trajectory_predictor]: [Pred HOLD ON] Tay đứng yên (std=2.7mm). Target robot Z: -0.0083 | Tay thật Z: 0.0041
[INFO] [1786686084.378664119] [trajectory_predictor]: [Pred HOLD OFF] Tay di chuyển (dev=26.7mm). Thả hold.
[INFO] [1786686084.714563425] [trajectory_predictor]: [Pred HOLD ON] Tay đứng yên (std=6.4mm). Target robot Z: -0.0083 | Tay thật Z: 0.0063
[INFO] [1786686085.147628799] [trajectory_predictor]: [Pred HOLD OFF] Tay di chuyển (dev=26.2mm). Thả hold.
[INFO] [1786686085.480305057] [trajectory_predictor]: [Pred HOLD ON] Tay đứng yên (std=1.1mm). Target robot Z: -0.0083 | Tay thật Z: 0.0066
[INFO] [1786686086.714029410] [trajectory_predictor]: [Filter] raw=(0.1077,-0.0310,-0.0083) → filt=(0.1077,-0.0310,-0.0083) Δ=(0.0000,0.0000,0.0000)
[INFO] [1786686088.148928310] [trajectory_predictor]: [Pred HOLD OFF] Tay di chuyển (dev=26.1mm). Thả hold.
[INFO] [1786686088.650708501] [trajectory_predictor]: [Pred HOLD ON] Tay đứng yên (std=1.7mm). Target robot Z: -0.0083 | Tay thật Z: 0.0049
[INFO] [1786686090.453901292] [trajectory_predictor]: [Pred HOLD OFF] Tay di chuyển (dev=30.3mm). Thả hold.
[INFO] [1786686092.921719845] [trajectory_predictor]: [Pred HOLD ON] Tay đứng yên (std=5.9mm). Target robot Z: -0.0083 | Tay thật Z: 0.0040
[INFO] [1786686093.153799848] [trajectory_predictor]: [Filter] raw=(0.1077,-0.0310,-0.0083) → filt=(0.1069,-0.0310,-0.0083) Δ=(0.0009,0.0000,0.0000)
[INFO] [1786686094.423618270] [trajectory_predictor]: [Pred HOLD OFF] Tay di chuyển (dev=27.8mm). Thả hold.
[INFO] [1786686094.479387325] [trajectory_predictor]: [Predictor] Predicting STARTED
[INFO] [1786686100.011391259] [trajectory_predictor]: [Filter] raw=(-0.0260,1.0207,0.2186) → filt=(-0.0260,1.0276,0.2186) Δ=(0.0000,0.0069,0.0000)
[INFO] [1786686102.798342692] [trajectory_predictor]: [Pred HOLD ON] Tay đứng yên (std=0.9mm). Target robot Z: 0.7486 | Tay thật Z: 0.8677
[INFO] [1786686106.673664247] [trajectory_predictor]: [Filter] raw=(0.0004,0.6384,0.7486) → filt=(0.0004,0.6439,0.7486) Δ=(0.0000,0.0055,0.0000)
[INFO] [1786686107.097716885] [trajectory_predictor]: [Pred HOLD OFF] Tay di chuyển (dev=28.2mm). Thả hold.
[INFO] [1786686112.499440677] [trajectory_predictor]: [Predictor] Buffer cleared (no data for 1.5s)
