[INFO] [1786963225.377416176] [trajectory_predictor]: [Predictor] Worker launched (pid=126934)
[INFO] [1786963225.378016086] [trajectory_predictor]: [Predictor] Started | model=svgp | window=10 | auto_start=True
  Output Filter: enabled=True, ema_alpha=0.3, max_dev=0.08, max_rate=0.02
[WARN] [1786963226.529638028] [trajectory_predictor]: [Worker STDERR] /usr/lib/python3/dist-packages/scipy/__init__.py:146: UserWarning: A NumPy version >=1.17.3 and <1.25.0 is required for this version of SciPy (detected version 1.26.4
[WARN] [1786963226.530038113] [trajectory_predictor]: [Worker STDERR] warnings.warn(f"A NumPy version >={np_minversion} and <{np_maxversion}"
[INFO] [1786963227.435706980] [trajectory_predictor]: [Worker] TF 2.15.0 and sklearn loaded
[INFO] [1786963228.523673429] [trajectory_predictor]: [Predictor] Worker READY | model=svgp
[INFO] [1786963234.380514903] [trajectory_predictor]: [Filter] raw=(0.0972,0.2706,0.0415) → filt=(-0.0079,-2.3070,-0.0348) Δ=(0.1052,2.5776,0.0763)
[INFO] [1786963240.387881873] [trajectory_predictor]: [Hybrid] FOLLOWER -> LEADER | x_0=(-0.0121,-2.3135,-0.0352) | GOAL=(-0.1528,0.5660,-0.0325) | t_f=6.43s | 193 steps @ 30Hz | GRU worker dừng gửi lệnh predict (tiết kiệm tài nguyên)
[INFO] [1786963241.016181535] [trajectory_predictor]: [Predictor] Predicting STOPPED
[INFO] [1786963245.605357093] [trajectory_predictor]: [Predictor] Predicting STOPPED
[INFO] [1786963257.585000300] [trajectory_predictor]: [Predictor] Predicting STOPPED
[INFO] [1786963283.110663084] [trajectory_predictor]: [Predictor] Predicting STOPPED
[INFO] [1786963327.487246652] [trajectory_predictor]: [Predictor] Auto-enabled prediction mode via /trajectory_mode
[INFO] [1786963327.488027384] [trajectory_predictor]: [Predictor] Switching model → svgp
[INFO] [1786963327.488503000] [trajectory_predictor]: [Hybrid] Mode DISABLED (GRU only)
[INFO] [1786963327.506740283] [trajectory_predictor]: [Predictor] Model switched to svgp
[INFO] [1786963328.273361003] [trajectory_predictor]: [Filter] raw=(0.1695,-0.2448,0.0348) → filt=(0.1685,-0.2393,0.0352) Δ=(0.0010,0.0055,0.0005)
[INFO] [1786963334.943993205] [trajectory_predictor]: [Filter] raw=(0.1743,-0.2741,0.0324) → filt=(0.1737,-0.2622,0.0329) Δ=(0.0006,0.0119,0.0006)
[INFO] [1786963341.612676737] [trajectory_predictor]: [Filter] raw=(0.3047,0.2823,0.2122) → filt=(0.3203,-0.0617,0.2045) Δ=(0.0156,0.3439,0.0077)
[INFO] [1786963348.284022539] [trajectory_predictor]: [Filter] raw=(0.1777,-0.2922,0.0394) → filt=(0.1728,-0.2597,0.0416) Δ=(0.0049,0.0326,0.0023)
[INFO] [1786963354.757271460] [trajectory_predictor]: [Predictor] Predicting STOPPED
[INFO] [1786963363.689331205] [trajectory_predictor]: [Predictor] Predicting STOPPED
[INFO] [1786963372.608643018] [trajectory_predictor]: [Predictor] Predicting STOPPED
[INFO] [1786963393.359016300] [trajectory_predictor]: [Predictor] Buffer cleared (no data for 1.5s)
[INFO] [1786963396.359224227] [trajectory_predictor]: [Predictor] Buffer cleared (no data for 1.3s)
[INFO] [1786963404.359909341] [trajectory_predictor]: [Predictor] Buffer cleared (no data for 1.4s)
