[INFO] [1786947685.505138254] [coord_transform]: CoordTransformNode khởi động.
  Object offset (cam frame): [0.05 0.   0.1 ]
  Translation cam→base:      [0.5 0.  1.2]
  EE orientation (xyzw):     [0.0, 1.0, 0.0, 0.0]
  Prediction step:           5
  Axis remap:                [0, 1, 2]
  Axis sign:                 [-1.0, 1.0, 1.0]
  Workspace X: (-1.0, 1.0), Y: (-0.5, 1.3), Z: (0.05, 1.5)
  Filter outlier_threshold:  0.15m
  Filter median_size_y:      3
  Filter deadband_tol:       15.0mm
  Filter stationary_thresh:  3 frames
  Filter max_rate:           5.0cm/frame
  Filter EMA moving(x,y,z):  (1.0,0.8,1.0)
  Filter EMA hold  (x,y,z):  (0.08,0.02,0.05)
[WARN] [1786947719.036076397] [coord_transform]: Outlier rejected #1 (jumped 1951.4mm). Ignoring.
[WARN] [1786947719.064221077] [coord_transform]: Outlier rejected #2 (jumped 1916.7mm). Ignoring.
[WARN] [1786947720.726253377] [coord_transform]: Outlier rejected #3 (jumped 1209.0mm). Ignoring.
[WARN] [1786947720.757678727] [coord_transform]: Outlier rejected #4 (jumped 1178.7mm). Ignoring.
[INFO] [1786947720.791951825] [coord_transform]: Too many outliers (5). Resetting filter to new position.
[WARN] [1786947720.859275094] [coord_transform]: Outlier rejected #1 (jumped 210.9mm). Ignoring.
[WARN] [1786947720.892738571] [coord_transform]: Outlier rejected #2 (jumped 429.2mm). Ignoring.
[WARN] [1786947720.924991656] [coord_transform]: Outlier rejected #3 (jumped 458.3mm). Ignoring.
[WARN] [1786947720.958565851] [coord_transform]: Outlier rejected #4 (jumped 468.4mm). Ignoring.
[INFO] [1786947720.990289472] [coord_transform]: Too many outliers (5). Resetting filter to new position.
[WARN] [1786947721.255935330] [coord_transform]: Outlier rejected #1 (jumped 163.2mm). Ignoring.
[WARN] [1786947727.867202145] [coord_transform]: Outlier rejected #1 (jumped 2473.5mm). Ignoring.
[WARN] [1786947727.901405862] [coord_transform]: Outlier rejected #2 (jumped 2502.8mm). Ignoring.
[WARN] [1786947727.930497901] [coord_transform]: Outlier rejected #3 (jumped 2502.8mm). Ignoring.
[WARN] [1786947727.962950500] [coord_transform]: Outlier rejected #4 (jumped 2482.8mm). Ignoring.
[INFO] [1786947727.995996133] [coord_transform]: Too many outliers (5). Resetting filter to new position.
[INFO] [1786947731.956174562] [coord_transform]: Captured Init Pose! P_init=(-0.162, 0.280, 0.379), Cam_init=(0.007, 0.060, 0.002), Noise_Tol=60.0mm
Orientation=(0.998, 0.064, -0.000, 0.000)
[WARN] [1786947735.399380457] [coord_transform]: Outlier rejected #1 (jumped 175.6mm). Ignoring.
[INFO] [1786947735.702913080] [coord_transform]: Deadband: RELEASE — motion detected
[INFO] [1786947735.737105336] [coord_transform]: Deadband: HOLD at (0.007, 0.060, 0.002)
[INFO] [1786947738.355986340] [coord_transform]: Re-sync camera init: [0.005 0.019 0.009]
[INFO] [1786947738.356256227] [coord_transform]: Trạng thái tracking: RUNNING
[INFO] [1786947738.374174614] [coord_transform]: Deadband: RELEASE — motion detected
[INFO] [1786947738.375041692] [coord_transform]: [GROUND_TRUTH] Transform: cam[0.012 0.065 0.013] → base[-0.169  0.326  0.382]
[INFO] [1786947738.504036038] [coord_transform]: Deadband: HOLD at (0.005, 0.019, 0.009)
[WARN] [1786947739.504198313] [coord_transform]: Outlier rejected #1 (jumped 163.6mm). Ignoring.
[WARN] [1786947739.606314677] [coord_transform]: Outlier rejected #1 (jumped 170.6mm). Ignoring.
[WARN] [1786947739.741762942] [coord_transform]: Outlier rejected #1 (jumped 192.6mm). Ignoring.
[INFO] [1786947740.375379648] [coord_transform]: [GROUND_TRUTH] Transform: cam[-0.072  0.14   0.339] → base[-0.085  0.401  0.708]
[INFO] [1786947742.376590105] [coord_transform]: [GROUND_TRUTH] Transform: cam[-0.075  0.472  0.568] → base[-0.082  0.733  0.937]
[INFO] [1786947744.412463794] [coord_transform]: [GROUND_TRUTH] Transform: cam[-0.019  0.704  0.315] → base[-0.138  0.965  0.685]
[INFO] [1786947746.445907722] [coord_transform]: [GROUND_TRUTH] Transform: cam[0.014 0.538 0.161] → base[-0.171  0.799  0.53 ]
[INFO] [1786947748.481486440] [coord_transform]: [GROUND_TRUTH] Transform: cam[-0.051  0.212  0.178] → base[-0.106  0.473  0.547]
[WARN] [1786947749.513013577] [coord_transform]: Outlier rejected #1 (jumped 201.9mm). Ignoring.
[WARN] [1786947749.545941249] [coord_transform]: Outlier rejected #2 (jumped 386.2mm). Ignoring.
[WARN] [1786947749.685737299] [coord_transform]: Outlier rejected #1 (jumped 203.5mm). Ignoring.
[WARN] [1786947749.884011559] [coord_transform]: Outlier rejected #1 (jumped 354.8mm). Ignoring.
[WARN] [1786947749.916034763] [coord_transform]: Outlier rejected #2 (jumped 305.7mm). Ignoring.
[WARN] [1786947749.947223239] [coord_transform]: Outlier rejected #3 (jumped 222.9mm). Ignoring.
[WARN] [1786947750.016305512] [coord_transform]: Outlier rejected #1 (jumped 335.4mm). Ignoring.
[WARN] [1786947750.044459049] [coord_transform]: Outlier rejected #2 (jumped 383.9mm). Ignoring.
[WARN] [1786947750.083040517] [coord_transform]: Outlier rejected #3 (jumped 354.9mm). Ignoring.
[WARN] [1786947750.113436795] [coord_transform]: Outlier rejected #4 (jumped 315.8mm). Ignoring.
[INFO] [1786947750.152305012] [coord_transform]: Too many outliers (5). Resetting filter to new position.
[INFO] [1786947750.481582842] [coord_transform]: [GROUND_TRUTH] Transform: cam[ 0.015 -0.084  0.119] → base[-0.172  0.177  0.489]
[WARN] [1786947750.848191072] [coord_transform]: Outlier rejected #1 (jumped 192.9mm). Ignoring.
[WARN] [1786947750.882231032] [coord_transform]: Outlier rejected #2 (jumped 208.9mm). Ignoring.
[INFO] [1786947752.484601363] [coord_transform]: [GROUND_TRUTH] Transform: cam[-0.011  0.372  0.689] → base[-0.146  0.633  1.058]
[INFO] [1786947754.519441290] [coord_transform]: [GROUND_TRUTH] Transform: cam[0.019 0.424 0.687] → base[-0.176  0.685  1.056]
[INFO] [1786947756.520249514] [coord_transform]: [GROUND_TRUTH] Transform: cam[0.073 0.406 0.16 ] → base[-0.23   0.667  0.529]
[WARN] [1786947758.523826309] [coord_transform]: Outlier rejected #1 (jumped 187.0mm). Ignoring.
[WARN] [1786947758.556756906] [coord_transform]: Outlier rejected #2 (jumped 292.8mm). Ignoring.
[WARN] [1786947758.588318503] [coord_transform]: Outlier rejected #3 (jumped 216.6mm). Ignoring.
[WARN] [1786947758.621643401] [coord_transform]: Outlier rejected #4 (jumped 263.5mm). Ignoring.
[INFO] [1786947758.653962981] [coord_transform]: Too many outliers (5). Resetting filter to new position.
[INFO] [1786947758.655133990] [coord_transform]: [GROUND_TRUTH] Transform: cam[0.062 0.384 0.146] → base[-0.219  0.645  0.516]
[WARN] [1786947758.820584574] [coord_transform]: Outlier rejected #1 (jumped 400.9mm). Ignoring.
[WARN] [1786947758.851598342] [coord_transform]: Outlier rejected #2 (jumped 175.3mm). Ignoring.
[WARN] [1786947758.952197739] [coord_transform]: Outlier rejected #1 (jumped 185.7mm). Ignoring.
[INFO] [1786947759.186632743] [coord_transform]: Deadband: HOLD at (0.005, 0.019, 0.009)
[INFO] [1786947760.339842222] [coord_transform]: Trạng thái tracking: STOPPED
[INFO] [1786947761.021945993] [coord_transform]: Deadband: RELEASE — motion detected
[INFO] [1786947761.221290004] [coord_transform]: Deadband: HOLD at (0.005, 0.019, 0.009)
[INFO] [1786947763.053812495] [coord_transform]: Deadband: RELEASE — motion detected
[INFO] [1786947763.454638631] [coord_transform]: Deadband: HOLD at (0.005, 0.019, 0.009)
[INFO] [1786947765.123313519] [coord_transform]: Deadband: RELEASE — motion detected
[INFO] [1786947765.590450855] [coord_transform]: Deadband: HOLD at (0.005, 0.019, 0.009)
[INFO] [1786947767.126801925] [coord_transform]: Deadband: RELEASE — motion detected
[INFO] [1786947767.623360710] [coord_transform]: Deadband: HOLD at (0.005, 0.019, 0.009)
[INFO] [1786947769.043852068] [coord_transform]: Đã chuyển mode: ground_truth -> prediction
[INFO] [1786947769.349923574] [coord_transform]: [SNAP ON] Tay thực tế đứng yên. Ép dừng robot (GRU đang lệch 8.8cm).
[INFO] [1786947769.356582869] [coord_transform]: Deadband: RELEASE — motion detected
[INFO] [1786947769.381854945] [coord_transform]: [SNAP OFF] Tay di chuyển lại. Trả quyền cho GRU.
[INFO] [1786947769.784939082] [coord_transform]: [SNAP OFF] Tay di chuyển lại. Trả quyền cho GRU.
[INFO] [1786947769.795527184] [coord_transform]: Deadband: HOLD at (0.005, 0.019, 0.009)
[INFO] [1786947769.917696967] [coord_transform]: [SNAP OFF] Tay di chuyển lại. Trả quyền cho GRU.
[INFO] [1786947769.983176535] [coord_transform]: [SNAP OFF] Tay di chuyển lại. Trả quyền cho GRU.
[INFO] [1786947770.046560478] [coord_transform]: [SNAP OFF] Tay di chuyển lại. Trả quyền cho GRU.
[INFO] [1786947770.114446135] [coord_transform]: [SNAP OFF] Tay di chuyển lại. Trả quyền cho GRU.
[INFO] [1786947770.181947490] [coord_transform]: [SNAP OFF] Tay di chuyển lại. Trả quyền cho GRU.
[INFO] [1786947770.249454135] [coord_transform]: [SNAP OFF] Tay di chuyển lại. Trả quyền cho GRU.
[INFO] [1786947770.316765824] [coord_transform]: [SNAP OFF] Tay di chuyển lại. Trả quyền cho GRU.
[INFO] [1786947771.483741719] [coord_transform]: [SNAP ON] Tay thực tế đứng yên. Ép dừng robot (GRU đang lệch 9.0cm).
[INFO] [1786947771.495700074] [coord_transform]: Deadband: RELEASE — motion detected
[INFO] [1786947771.515755745] [coord_transform]: [SNAP OFF] Tay di chuyển lại. Trả quyền cho GRU.
[INFO] [1786947771.581296419] [coord_transform]: [SNAP OFF] Tay di chuyển lại. Trả quyền cho GRU.
[INFO] [1786947772.219981030] [coord_transform]: [SNAP OFF] Tay di chuyển lại. Trả quyền cho GRU.
[INFO] [1786947772.229186286] [coord_transform]: Deadband: HOLD at (0.005, 0.019, 0.009)
[INFO] [1786947772.286162657] [coord_transform]: [SNAP OFF] Tay di chuyển lại. Trả quyền cho GRU.
[INFO] [1786947772.885316247] [coord_transform]: [SNAP OFF] Tay di chuyển lại. Trả quyền cho GRU.
[INFO] [1786947772.920275094] [coord_transform]: [SNAP ON] Tay thực tế đứng yên. Ép dừng robot (GRU đang lệch 8.7cm).
[INFO] [1786947772.953732951] [coord_transform]: [SNAP OFF] Tay di chuyển lại. Trả quyền cho GRU.
[INFO] [1786947773.018519779] [coord_transform]: [SNAP OFF] Tay di chuyển lại. Trả quyền cho GRU.
[INFO] [1786947773.597302937] [coord_transform]: Deadband: RELEASE — motion detected
[INFO] [1786947773.618434489] [coord_transform]: [SNAP OFF] Tay di chuyển lại. Trả quyền cho GRU.
[INFO] [1786947773.687406415] [coord_transform]: [SNAP OFF] Tay di chuyển lại. Trả quyền cho GRU.
[INFO] [1786947773.754948978] [coord_transform]: [SNAP OFF] Tay di chuyển lại. Trả quyền cho GRU.
[INFO] [1786947773.818653403] [coord_transform]: [SNAP OFF] Tay di chuyển lại. Trả quyền cho GRU.
[INFO] [1786947773.883806018] [coord_transform]: [SNAP OFF] Tay di chuyển lại. Trả quyền cho GRU.
[INFO] [1786947773.920962581] [coord_transform]: [SNAP ON] Tay thực tế đứng yên. Ép dừng robot (GRU đang lệch 9.1cm).
[INFO] [1786947773.960222484] [coord_transform]: [SNAP OFF] Tay di chuyển lại. Trả quyền cho GRU.
[INFO] [1786947776.215734071] [coord_transform]: Re-sync camera init: [0.017 0.01  0.005]
[INFO] [1786947776.216020699] [coord_transform]: Trạng thái tracking: RUNNING
[INFO] [1786947776.251649594] [coord_transform]: Deadband: RELEASE — motion detected
[INFO] [1786947776.252484822] [coord_transform]: [PREDICTION] Transform: cam[0.017 0.01  0.005] → base[-0.162  0.28   0.379]
[INFO] [1786947777.019239628] [coord_transform]: [SNAP OFF] Tay di chuyển lại. Trả quyền cho GRU.
[INFO] [1786947777.031949926] [coord_transform]: Deadband: HOLD at (0.017, 0.010, 0.005)
[INFO] [1786947777.051739818] [coord_transform]: [SNAP ON] Tay thực tế đứng yên. Ép dừng robot (GRU đang lệch 7.3cm).
[INFO] [1786947777.082439436] [coord_transform]: [SNAP OFF] Tay di chuyển lại. Trả quyền cho GRU.
[WARN] [1786947777.300191234] [coord_transform]: Outlier rejected #1 (jumped 174.3mm). Ignoring.
[WARN] [1786947777.533815097] [coord_transform]: Outlier rejected #1 (jumped 255.7mm). Ignoring.
[WARN] [1786947777.566358608] [coord_transform]: Outlier rejected #2 (jumped 206.7mm). Ignoring.
[WARN] [1786947778.030336113] [coord_transform]: Outlier rejected #1 (jumped 161.7mm). Ignoring.
[INFO] [1786947778.259640866] [coord_transform]: [PREDICTION] Transform: cam[-0.04   0.198  0.351] → base[-0.106  0.468  0.724]
[INFO] [1786947780.289307452] [coord_transform]: [PREDICTION] Transform: cam[-0.008  0.638  0.444] → base[-0.137  0.908  0.818]
[INFO] [1786947782.293819123] [coord_transform]: [PREDICTION] Transform: cam[0.039 0.814 0.195] → base[-0.185  1.084  0.569]
[INFO] [1786947784.304370637] [coord_transform]: [PREDICTION] Transform: cam[0.047 0.812 0.189] → base[-0.192  1.082  0.562]
[INFO] [1786947786.308807932] [coord_transform]: [PREDICTION] Transform: cam[0.046 0.838 0.21 ] → base[-0.191  1.108  0.584]
[INFO] [1786947788.328931295] [coord_transform]: [PREDICTION] Transform: cam[0.008 0.544 0.559] → base[-0.153  0.814  0.933]
[INFO] [1786947790.345366113] [coord_transform]: [PREDICTION] Transform: cam[-0.014  0.375  0.534] → base[-0.131  0.645  0.908]
[WARN] [1786947791.373908734] [coord_transform]: Outlier rejected #1 (jumped 172.8mm). Ignoring.
[WARN] [1786947791.408737236] [coord_transform]: Outlier rejected #2 (jumped 157.6mm). Ignoring.
[WARN] [1786947791.579165630] [coord_transform]: Outlier rejected #1 (jumped 154.9mm). Ignoring.
[INFO] [1786947792.369923625] [coord_transform]: [PREDICTION] Transform: cam[-0.007  0.229  0.324] → base[-0.138  0.499  0.697]
[WARN] [1786947792.645018575] [coord_transform]: Outlier rejected #1 (jumped 152.0mm). Ignoring.
[WARN] [1786947792.911962539] [coord_transform]: Outlier rejected #1 (jumped 207.2mm). Ignoring.
[WARN] [1786947792.947838888] [coord_transform]: Outlier rejected #2 (jumped 234.2mm). Ignoring.
[WARN] [1786947793.010977261] [coord_transform]: Outlier rejected #1 (jumped 191.2mm). Ignoring.
[WARN] [1786947793.047007028] [coord_transform]: Outlier rejected #2 (jumped 260.3mm). Ignoring.
[INFO] [1786947794.374177222] [coord_transform]: [PREDICTION] Transform: cam[0.024 0.172 0.173] → base[-0.169  0.442  0.547]
[WARN] [1786947796.317710618] [coord_transform]: Outlier rejected #1 (jumped 247.3mm). Ignoring.
[INFO] [1786947796.406197542] [coord_transform]: [PREDICTION] Transform: cam[0.031 0.199 0.17 ] → base[-0.176  0.469  0.543]
[WARN] [1786947796.948570474] [coord_transform]: Outlier rejected #1 (jumped 180.7mm). Ignoring.
[WARN] [1786947798.215516879] [coord_transform]: Outlier rejected #1 (jumped 331.7mm). Ignoring.
[INFO] [1786947798.433960138] [coord_transform]: [PREDICTION] Transform: cam[0.021 0.342 0.209] → base[-0.166  0.612  0.583]
[INFO] [1786947800.450759488] [coord_transform]: [PREDICTION] Transform: cam[-0.02   0.368  0.754] → base[-0.126  0.638  1.127]
[INFO] [1786947802.478533509] [coord_transform]: [PREDICTION] Transform: cam[0.13  0.478 0.096] → base[-0.276  0.748  0.47 ]
[INFO] [1786947804.512229462] [coord_transform]: [PREDICTION] Transform: cam[0.132 0.453 0.094] → base[-0.278  0.723  0.468]
[INFO] [1786947806.542512659] [coord_transform]: [PREDICTION] Transform: cam[0.276 0.536 0.181] → base[-0.421  0.806  0.554]
[INFO] [1786947808.543246828] [coord_transform]: [PREDICTION] Transform: cam[-0.109  0.584  0.268] → base[-0.037  0.854  0.642]
[INFO] [1786947810.549820656] [coord_transform]: [PREDICTION] Transform: cam[0.013 0.417 0.072] → base[-0.158  0.687  0.446]
[INFO] [1786947812.550038018] [coord_transform]: [PREDICTION] Transform: cam[0.029 0.524 0.623] → base[-0.175  0.794  0.997]
[INFO] [1786947814.551733368] [coord_transform]: [PREDICTION] Transform: cam[0.12  0.538 0.442] → base[-0.266  0.808  0.816]
[INFO] [1786947816.575362668] [coord_transform]: [PREDICTION] Transform: cam[-0.029  0.94   0.016] → base[-0.117  1.21   0.389]
[WARN] [1786947816.759839785] [coord_transform]: Tọa độ bị clamp: [-0.08124789  1.31493959  0.394438  ] → [-0.08124789  1.3         0.394438  ]
[WARN] [1786947820.042369975] [coord_transform]: Outlier rejected #1 (jumped 1843.6mm). Ignoring.
[WARN] [1786947820.065318719] [coord_transform]: Tọa độ bị clamp: [-0.03493791  1.57773895  0.38926631] → [-0.03493791  1.3         0.38926631]
[INFO] [1786947820.066028853] [coord_transform]: [PREDICTION] Transform: cam[-0.11   1.308  0.015] → base[-0.035  1.3    0.389]
[WARN] [1786947820.071452357] [coord_transform]: Outlier rejected #2 (jumped 1830.7mm). Ignoring.
[WARN] [1786947820.101376980] [coord_transform]: Outlier rejected #3 (jumped 1862.3mm). Ignoring.
[WARN] [1786947820.130541887] [coord_transform]: Outlier rejected #4 (jumped 1847.9mm). Ignoring.
[INFO] [1786947820.167983647] [coord_transform]: Too many outliers (5). Resetting filter to new position.
[WARN] [1786947820.712595679] [coord_transform]: Outlier rejected #1 (jumped 1761.2mm). Ignoring.
[WARN] [1786947820.738295990] [coord_transform]: Outlier rejected #2 (jumped 1732.6mm). Ignoring.
[WARN] [1786947820.772872639] [coord_transform]: Outlier rejected #3 (jumped 1713.1mm). Ignoring.
[WARN] [1786947820.803976857] [coord_transform]: Outlier rejected #4 (jumped 1687.5mm). Ignoring.
[INFO] [1786947821.264322501] [coord_transform]: Too many outliers (5). Resetting filter to new position.
[WARN] [1786947821.287996938] [coord_transform]: Tọa độ bị clamp: [0.01781127 1.59407143 0.42401108] → [0.01781127 1.3        0.42401108]
[INFO] [1786947822.088187715] [coord_transform]: [PREDICTION] Transform: cam[ 0.033  0.861 -0.001] → base[-0.178  1.131  0.373]
[INFO] [1786947823.284926655] [coord_transform]: Trạng thái tracking: STOPPED
[INFO] [1786947827.770709097] [coord_transform]: Deadband: HOLD at (0.017, 0.010, 0.005)
[INFO] [1786947827.804083048] [coord_transform]: Deadband: RELEASE — motion detected
[INFO] [1786947829.835023147] [coord_transform]: Deadband: HOLD at (0.017, 0.010, 0.005)
[INFO] [1786947829.869556575] [coord_transform]: Deadband: RELEASE — motion detected
[INFO] [1786947831.904363788] [coord_transform]: Deadband: HOLD at (0.017, 0.010, 0.005)
[INFO] [1786947831.938668246] [coord_transform]: Deadband: RELEASE — motion detected
[INFO] [1786947833.595853997] [coord_transform]: Re-sync camera init: [0.008 0.076 0.005]
[INFO] [1786947833.596159610] [coord_transform]: Trạng thái tracking: RUNNING
[INFO] [1786947833.623391117] [coord_transform]: [PREDICTION] Transform: cam[ 0.068  0.109 -0.009] → base[-0.222  0.313  0.364]
[INFO] [1786947833.758499519] [coord_transform]: [SNAP ON] Tay thực tế đứng yên. Ép dừng robot (GRU đang lệch 7.3cm).
[INFO] [1786947834.141656617] [coord_transform]: Deadband: RELEASE — motion detected
[INFO] [1786947834.165631458] [coord_transform]: [SNAP OFF] Tay di chuyển lại. Trả quyền cho GRU.
[WARN] [1786947834.275157230] [coord_transform]: Outlier rejected #1 (jumped 170.5mm). Ignoring.
[WARN] [1786947834.307401339] [coord_transform]: Outlier rejected #2 (jumped 216.4mm). Ignoring.
[WARN] [1786947834.773665550] [coord_transform]: Outlier rejected #1 (jumped 236.6mm). Ignoring.
[WARN] [1786947834.807055811] [coord_transform]: Outlier rejected #2 (jumped 316.9mm). Ignoring.
[WARN] [1786947835.006943408] [coord_transform]: Outlier rejected #1 (jumped 154.9mm). Ignoring.
[WARN] [1786947835.141365823] [coord_transform]: Outlier rejected #1 (jumped 181.1mm). Ignoring.
[WARN] [1786947835.175430140] [coord_transform]: Outlier rejected #2 (jumped 221.6mm). Ignoring.
[INFO] [1786947835.633292042] [coord_transform]: [PREDICTION] Transform: cam[-0.027  0.051  0.328] → base[-0.127  0.255  0.701]
[WARN] [1786947835.781254231] [coord_transform]: Outlier rejected #1 (jumped 178.4mm). Ignoring.
[INFO] [1786947837.636521631] [coord_transform]: [PREDICTION] Transform: cam[0.008 0.566 0.591] → base[-0.163  0.77   0.964]
[INFO] [1786947839.636693710] [coord_transform]: [PREDICTION] Transform: cam[-0.004  0.919  0.209] → base[-0.15   1.123  0.582]
[INFO] [1786947841.651008068] [coord_transform]: [PREDICTION] Transform: cam[0.026 0.907 0.103] → base[-0.181  1.111  0.477]
[WARN] [1786947842.650385032] [coord_transform]: Outlier rejected #1 (jumped 169.7mm). Ignoring.
[WARN] [1786947842.684725298] [coord_transform]: Outlier rejected #2 (jumped 491.1mm). Ignoring.
[WARN] [1786947842.716535041] [coord_transform]: Outlier rejected #3 (jumped 239.3mm). Ignoring.
[WARN] [1786947842.750745884] [coord_transform]: Outlier rejected #4 (jumped 272.0mm). Ignoring.
[INFO] [1786947842.780620765] [coord_transform]: Too many outliers (5). Resetting filter to new position.
[WARN] [1786947842.818398866] [coord_transform]: Outlier rejected #1 (jumped 244.5mm). Ignoring.
[WARN] [1786947842.851685814] [coord_transform]: Outlier rejected #2 (jumped 234.8mm). Ignoring.
[WARN] [1786947842.882656121] [coord_transform]: Outlier rejected #3 (jumped 216.7mm). Ignoring.
[WARN] [1786947842.916937135] [coord_transform]: Outlier rejected #4 (jumped 226.2mm). Ignoring.
[INFO] [1786947842.951148289] [coord_transform]: Too many outliers (5). Resetting filter to new position.
[INFO] [1786947843.283023078] [coord_transform]: Deadband: HOLD at (0.008, 0.076, 0.005)
[INFO] [1786947843.302650104] [coord_transform]: [SNAP ON] Tay thực tế đứng yên. Ép dừng robot (GRU đang lệch 44.4cm).
[INFO] [1786947843.349496675] [coord_transform]: Deadband: RELEASE — motion detected
[INFO] [1786947843.369425658] [coord_transform]: [SNAP OFF] Tay di chuyển lại. Trả quyền cho GRU.
[WARN] [1786947843.385425975] [coord_transform]: Outlier rejected #1 (jumped 151.7mm). Ignoring.
[INFO] [1786947843.673372634] [coord_transform]: [PREDICTION] Transform: cam[0.093 0.292 0.011] → base[-0.247  0.496  0.385]
[WARN] [1786947843.980282623] [coord_transform]: Outlier rejected #1 (jumped 216.4mm). Ignoring.
[WARN] [1786947844.416416685] [coord_transform]: Outlier rejected #1 (jumped 194.6mm). Ignoring.
[WARN] [1786947844.484906970] [coord_transform]: Outlier rejected #1 (jumped 203.6mm). Ignoring.
[WARN] [1786947844.681979421] [coord_transform]: Outlier rejected #1 (jumped 180.2mm). Ignoring.
[WARN] [1786947844.750101143] [coord_transform]: Outlier rejected #1 (jumped 172.3mm). Ignoring.
[INFO] [1786947845.204291543] [coord_transform]: [SNAP ON] Tay thực tế đứng yên. Ép dừng robot (GRU đang lệch 16.8cm).
[INFO] [1786947845.689540906] [coord_transform]: [PREDICTION] Transform: cam[0.008 0.076 0.005] → base[-0.162  0.28   0.379]
[INFO] [1786947847.044902676] [coord_transform]: Trạng thái tracking: STOPPED
[INFO] [1786947847.652499259] [coord_transform]: Deadband: RELEASE — motion detected
[INFO] [1786947847.963557609] [coord_transform]: Deadband: HOLD at (0.008, 0.076, 0.005)
[INFO] [1786947850.019114059] [coord_transform]: Deadband: HOLD at (0.008, 0.076, 0.005)
[INFO] [1786947850.052696973] [coord_transform]: Deadband: RELEASE — motion detected
[INFO] [1786947852.118854392] [coord_transform]: Deadband: HOLD at (0.008, 0.076, 0.005)
[INFO] [1786947852.154915279] [coord_transform]: Deadband: RELEASE — motion detected
[INFO] [1786947865.729571047] [coord_transform]: Deadband: HOLD at (0.008, 0.076, 0.005)
[WARN] [1786947865.995465337] [coord_transform]: Outlier rejected #1 (jumped 163.3mm). Ignoring.
[INFO] [1786947866.060923538] [coord_transform]: Deadband: RELEASE — motion detected
[INFO] [1786947866.216241172] [coord_transform]: Re-sync camera init: [ 0.015 -0.03   0.014]
[INFO] [1786947866.216481644] [coord_transform]: Trạng thái tracking: RUNNING
[INFO] [1786947866.246950069] [coord_transform]: [SNAP OFF] Tay di chuyển lại. Trả quyền cho GRU.
[INFO] [1786947866.247666134] [coord_transform]: [PREDICTION] Transform: cam[0.102 0.002 0.012] → base[-0.249  0.312  0.376]
[WARN] [1786947867.530537328] [coord_transform]: Outlier rejected #1 (jumped 294.2mm). Ignoring.
[WARN] [1786947867.563927129] [coord_transform]: Outlier rejected #2 (jumped 285.3mm). Ignoring.
[WARN] [1786947867.598007808] [coord_transform]: Outlier rejected #3 (jumped 304.0mm). Ignoring.
[WARN] [1786947867.630465559] [coord_transform]: Outlier rejected #4 (jumped 170.4mm). Ignoring.
[INFO] [1786947867.664022694] [coord_transform]: Too many outliers (5). Resetting filter to new position.
[WARN] [1786947867.730731583] [coord_transform]: Outlier rejected #1 (jumped 248.4mm). Ignoring.
[WARN] [1786947867.769223546] [coord_transform]: Outlier rejected #2 (jumped 203.4mm). Ignoring.
[WARN] [1786947867.833043260] [coord_transform]: Outlier rejected #1 (jumped 250.3mm). Ignoring.
[INFO] [1786947868.253851887] [coord_transform]: [PREDICTION] Transform: cam[-0.021  0.123  0.28 ] → base[-0.126  0.433  0.645]
[WARN] [1786947868.533080337] [coord_transform]: Outlier rejected #1 (jumped 205.7mm). Ignoring.
[WARN] [1786947868.566851665] [coord_transform]: Outlier rejected #2 (jumped 202.5mm). Ignoring.
[WARN] [1786947868.601307207] [coord_transform]: Outlier rejected #3 (jumped 185.9mm). Ignoring.
[INFO] [1786947870.286848639] [coord_transform]: [PREDICTION] Transform: cam[-0.002  0.494  0.597] → base[-0.145  0.804  0.961]
[INFO] [1786947872.292140677] [coord_transform]: [PREDICTION] Transform: cam[-0.028  0.734  0.34 ] → base[-0.119  1.044  0.704]
[INFO] [1786947874.296738703] [coord_transform]: [PREDICTION] Transform: cam[0.01  0.806 0.173] → base[-0.157  1.116  0.537]
[INFO] [1786947876.326487861] [coord_transform]: [PREDICTION] Transform: cam[0.057 0.78  0.082] → base[-0.204  1.09   0.446]
[INFO] [1786947878.334192774] [coord_transform]: [PREDICTION] Transform: cam[0.036 0.181 0.046] → base[-0.183  0.491  0.41 ]
[INFO] [1786947880.367228977] [coord_transform]: [PREDICTION] Transform: cam[0.046 0.128 0.044] → base[-0.193  0.438  0.408]
[INFO] [1786947882.372855411] [coord_transform]: [PREDICTION] Transform: cam[0.046 0.123 0.046] → base[-0.193  0.433  0.41 ]
[INFO] [1786947882.935430487] [coord_transform]: Trạng thái tracking: STOPPED
[WARN] [1786947883.811718383] [coord_transform]: Outlier rejected #1 (jumped 152.5mm). Ignoring.
[INFO] [1786947898.835318514] [coord_transform]: Re-sync camera init: [0.024 0.182 0.009]
[INFO] [1786947898.835749513] [coord_transform]: Trạng thái tracking: RUNNING
[INFO] [1786947898.855198776] [coord_transform]: Deadband: RELEASE — motion detected
[INFO] [1786947898.878935711] [coord_transform]: [PREDICTION] Transform: cam[0.024 0.182 0.009] → base[-0.162  0.28   0.379]
[INFO] [1786947898.987193555] [coord_transform]: Deadband: HOLD at (0.024, 0.182, 0.009)
[INFO] [1786947899.009764179] [coord_transform]: [SNAP ON] Tay thực tế đứng yên. Ép dừng robot (GRU đang lệch 0.0cm).
[INFO] [1786947899.578152446] [coord_transform]: [SNAP OFF] Tay di chuyển lại. Trả quyền cho GRU.
[INFO] [1786947899.640448770] [coord_transform]: [SNAP OFF] Tay di chuyển lại. Trả quyền cho GRU.
[WARN] [1786947899.791424442] [coord_transform]: Outlier rejected #1 (jumped 215.5mm). Ignoring.
[WARN] [1786947899.821388149] [coord_transform]: Outlier rejected #2 (jumped 160.0mm). Ignoring.
[WARN] [1786947899.854465054] [coord_transform]: Outlier rejected #3 (jumped 187.9mm). Ignoring.
[WARN] [1786947900.260174952] [coord_transform]: Outlier rejected #1 (jumped 198.7mm). Ignoring.
[WARN] [1786947900.292287946] [coord_transform]: Outlier rejected #2 (jumped 161.4mm). Ignoring.
[WARN] [1786947900.324964819] [coord_transform]: Outlier rejected #3 (jumped 191.9mm). Ignoring.
[WARN] [1786947900.426678774] [coord_transform]: Outlier rejected #1 (jumped 332.3mm). Ignoring.
[WARN] [1786947900.455148396] [coord_transform]: Outlier rejected #2 (jumped 204.4mm). Ignoring.
[WARN] [1786947900.522320286] [coord_transform]: Outlier rejected #1 (jumped 294.0mm). Ignoring.
[WARN] [1786947900.590064951] [coord_transform]: Outlier rejected #1 (jumped 577.8mm). Ignoring.
[INFO] [1786947900.900302826] [coord_transform]: [PREDICTION] Transform: cam[-0.033  0.133  0.263] → base[-0.105  0.231  0.632]
[INFO] [1786947902.909992283] [coord_transform]: [PREDICTION] Transform: cam[-0.078  0.667  0.383] → base[-0.06   0.765  0.752]
[INFO] [1786947904.913846023] [coord_transform]: [PREDICTION] Transform: cam[-0.003  0.824  0.168] → base[-0.134  0.922  0.538]
[INFO] [1786947906.925769468] [coord_transform]: [PREDICTION] Transform: cam[0.022 0.79  0.109] → base[-0.16   0.888  0.478]
[INFO] [1786947908.449609469] [coord_transform]: Deadband: HOLD at (0.024, 0.182, 0.009)
[INFO] [1786947908.483653238] [coord_transform]: Deadband: RELEASE — motion detected
[INFO] [1786947908.581991625] [coord_transform]: Trạng thái tracking: STOPPED
[WARN] [1786947910.296999404] [coord_transform]: Outlier rejected #1 (jumped 160.4mm). Ignoring.
[WARN] [1786947910.330466691] [coord_transform]: Outlier rejected #2 (jumped 277.9mm). Ignoring.
[WARN] [1786947910.363222672] [coord_transform]: Outlier rejected #3 (jumped 225.4mm). Ignoring.
[WARN] [1786947910.396972540] [coord_transform]: Outlier rejected #4 (jumped 225.7mm). Ignoring.
[INFO] [1786947910.427948399] [coord_transform]: Too many outliers (5). Resetting filter to new position.
[INFO] [1786947910.498409065] [coord_transform]: Deadband: HOLD at (0.024, 0.182, 0.009)
[WARN] [1786947910.860833901] [coord_transform]: Outlier rejected #1 (jumped 184.7mm). Ignoring.
[WARN] [1786947910.894585973] [coord_transform]: Outlier rejected #2 (jumped 193.3mm). Ignoring.
[WARN] [1786947910.928746101] [coord_transform]: Outlier rejected #3 (jumped 188.6mm). Ignoring.
[WARN] [1786947910.963965969] [coord_transform]: Outlier rejected #4 (jumped 160.1mm). Ignoring.
[INFO] [1786947910.997181293] [coord_transform]: Too many outliers (5). Resetting filter to new position.
[INFO] [1786947910.997618184] [coord_transform]: Deadband: RELEASE — motion detected
[INFO] [1786947920.307002512] [coord_transform]: Deadband: RELEASE — motion detected
[INFO] [1786947920.335549750] [coord_transform]: Deadband: HOLD at (0.024, 0.182, 0.009)
[WARN] [1786947923.181137180] [coord_transform]: Outlier rejected #1 (jumped 174.6mm). Ignoring.
[WARN] [1786947923.225650921] [coord_transform]: Outlier rejected #2 (jumped 164.3mm). Ignoring.
[WARN] [1786947923.503091951] [coord_transform]: Outlier rejected #1 (jumped 187.0mm). Ignoring.
[WARN] [1786947923.538755101] [coord_transform]: Outlier rejected #2 (jumped 337.4mm). Ignoring.
[WARN] [1786947923.572152798] [coord_transform]: Outlier rejected #3 (jumped 472.0mm). Ignoring.
[WARN] [1786947923.606425598] [coord_transform]: Outlier rejected #4 (jumped 218.7mm). Ignoring.
[WARN] [1786947923.739103711] [coord_transform]: Outlier rejected #1 (jumped 223.9mm). Ignoring.
[WARN] [1786947924.304816688] [coord_transform]: Outlier rejected #1 (jumped 193.1mm). Ignoring.
[WARN] [1786947924.674196757] [coord_transform]: Outlier rejected #1 (jumped 171.4mm). Ignoring.
[WARN] [1786947924.707240960] [coord_transform]: Outlier rejected #2 (jumped 324.4mm). Ignoring.
[WARN] [1786947924.904298960] [coord_transform]: Outlier rejected #1 (jumped 167.1mm). Ignoring.
[WARN] [1786947927.506430765] [coord_transform]: Outlier rejected #1 (jumped 150.7mm). Ignoring.
[INFO] [1786947927.539681185] [coord_transform]: Re-sync camera init: [0.036 0.198 0.014]
[INFO] [1786947927.539930003] [coord_transform]: Trạng thái tracking: RUNNING
[INFO] [1786947927.541664940] [coord_transform]: Deadband: RELEASE — motion detected
[INFO] [1786947927.562554198] [coord_transform]: [PREDICTION] Transform: cam[0.055 0.089 0.027] → base[-0.18   0.171  0.392]
[INFO] [1786947927.675822882] [coord_transform]: Deadband: HOLD at (0.036, 0.198, 0.014)
[INFO] [1786947927.694232513] [coord_transform]: [SNAP ON] Tay thực tế đứng yên. Ép dừng robot (GRU đang lệch 10.8cm).
[INFO] [1786947927.837355991] [coord_transform]: [SNAP OFF] Tay di chuyển lại. Trả quyền cho GRU.
[WARN] [1786947928.310898805] [coord_transform]: Outlier rejected #1 (jumped 377.9mm). Ignoring.
[WARN] [1786947928.490191013] [coord_transform]: Outlier rejected #1 (jumped 583.7mm). Ignoring.
[WARN] [1786947928.518365271] [coord_transform]: Outlier rejected #2 (jumped 285.1mm). Ignoring.
[WARN] [1786947928.583447457] [coord_transform]: Outlier rejected #1 (jumped 622.7mm). Ignoring.
[WARN] [1786947928.614427765] [coord_transform]: Outlier rejected #2 (jumped 534.1mm). Ignoring.
[WARN] [1786947928.647555424] [coord_transform]: Outlier rejected #3 (jumped 591.2mm). Ignoring.
[WARN] [1786947928.675580201] [coord_transform]: Outlier rejected #4 (jumped 674.5mm). Ignoring.
[INFO] [1786947928.710302345] [coord_transform]: Too many outliers (5). Resetting filter to new position.
[WARN] [1786947928.779612841] [coord_transform]: Outlier rejected #1 (jumped 518.6mm). Ignoring.
[WARN] [1786947928.875160969] [coord_transform]: Outlier rejected #1 (jumped 659.8mm). Ignoring.
[WARN] [1786947928.942342628] [coord_transform]: Outlier rejected #1 (jumped 154.0mm). Ignoring.
[WARN] [1786947929.006772008] [coord_transform]: Outlier rejected #1 (jumped 251.7mm). Ignoring.
[INFO] [1786947929.570194224] [coord_transform]: [PREDICTION] Transform: cam[-0.062  0.323  0.399] → base[-0.063  0.405  0.764]
[INFO] [1786947931.573162900] [coord_transform]: [PREDICTION] Transform: cam[-0.071  0.803  0.199] → base[-0.055  0.885  0.563]
[INFO] [1786947933.576959391] [coord_transform]: [PREDICTION] Transform: cam[-0.061  0.774  0.052] → base[-0.065  0.857  0.417]
[INFO] [1786947935.614243039] [coord_transform]: [PREDICTION] Transform: cam[0.195 0.781 0.265] → base[-0.321  0.863  0.63 ]
[INFO] [1786947937.641329278] [coord_transform]: [PREDICTION] Transform: cam[0.272 0.674 0.126] → base[-0.397  0.756  0.491]
[INFO] [1786947939.673877315] [coord_transform]: [PREDICTION] Transform: cam[0.286 0.646 0.116] → base[-0.412  0.728  0.48 ]
[INFO] [1786947941.681095798] [coord_transform]: [PREDICTION] Transform: cam[0.028 0.813 0.282] → base[-0.153  0.895  0.647]
[INFO] [1786947943.716996653] [coord_transform]: [PREDICTION] Transform: cam[-0.104  0.789  0.118] → base[-0.021  0.871  0.483]
[INFO] [1786947945.745435979] [coord_transform]: [PREDICTION] Transform: cam[-0.097  0.686  0.053] → base[-0.029  0.768  0.418]
[INFO] [1786947947.746547707] [coord_transform]: [PREDICTION] Transform: cam[0.101 0.743 0.342] → base[-0.226  0.825  0.706]
[INFO] [1786947949.754087879] [coord_transform]: [PREDICTION] Transform: cam[0.305 0.639 0.124] → base[-0.431  0.721  0.488]
[INFO] [1786947951.754138308] [coord_transform]: [PREDICTION] Transform: cam[0.283 0.633 0.148] → base[-0.408  0.715  0.512]
[INFO] [1786947953.788834658] [coord_transform]: [PREDICTION] Transform: cam[-0.056  0.793  0.173] → base[-0.07   0.875  0.537]
[INFO] [1786947955.790615859] [coord_transform]: [PREDICTION] Transform: cam[-0.061  0.687  0.077] → base[-0.065  0.769  0.441]
[INFO] [1786947957.820397823] [coord_transform]: [PREDICTION] Transform: cam[0.234 0.668 0.291] → base[-0.36   0.75   0.656]
[INFO] [1786947959.824945311] [coord_transform]: [PREDICTION] Transform: cam[0.348 0.601 0.09 ] → base[-0.474  0.683  0.454]
[INFO] [1786947961.854074322] [coord_transform]: [PREDICTION] Transform: cam[0.028 0.807 0.27 ] → base[-0.154  0.889  0.634]
[INFO] [1786947963.860818888] [coord_transform]: [PREDICTION] Transform: cam[-0.068  0.653  0.053] → base[-0.058  0.735  0.417]
[INFO] [1786947965.878004533] [coord_transform]: [PREDICTION] Transform: cam[0.236 0.677 0.283] → base[-0.362  0.759  0.647]
[INFO] [1786947967.899630848] [coord_transform]: [PREDICTION] Transform: cam[0.306 0.62  0.092] → base[-0.431  0.702  0.457]
[INFO] [1786947969.925028035] [coord_transform]: [PREDICTION] Transform: cam[-0.008  0.833  0.221] → base[-0.118  0.915  0.586]
[WARN] [1786947971.573103526] [coord_transform]: Outlier rejected #1 (jumped 632.2mm). Ignoring.
[WARN] [1786947971.675966221] [coord_transform]: Outlier rejected #1 (jumped 248.3mm). Ignoring.
[WARN] [1786947971.708196416] [coord_transform]: Outlier rejected #2 (jumped 178.2mm). Ignoring.
[WARN] [1786947971.741945793] [coord_transform]: Outlier rejected #3 (jumped 154.0mm). Ignoring.
[WARN] [1786947971.773228108] [coord_transform]: Outlier rejected #4 (jumped 393.5mm). Ignoring.
[INFO] [1786947971.807363020] [coord_transform]: Too many outliers (5). Resetting filter to new position.
[INFO] [1786947971.927484484] [coord_transform]: [PREDICTION] Transform: cam[-0.012  0.567  0.125] → base[-0.114  0.649  0.49 ]
[INFO] [1786947972.467935070] [coord_transform]: Deadband: HOLD at (0.036, 0.198, 0.014)
[INFO] [1786947972.531921209] [coord_transform]: [SNAP ON] Tay thực tế đứng yên. Ép dừng robot (GRU đang lệch 0.0cm).
[INFO] [1786947972.643040739] [coord_transform]: Deadband: RELEASE — motion detected
[INFO] [1786947972.667021542] [coord_transform]: [SNAP OFF] Tay di chuyển lại. Trả quyền cho GRU.
[INFO] [1786947973.935943095] [coord_transform]: [PREDICTION] Transform: cam[ 0.102 -0.082 -0.019] → base[-0.228  0.     0.346]
[INFO] [1786947974.683893062] [coord_transform]: Trạng thái tracking: STOPPED
[INFO] [1786947979.346832518] [coord_transform]: Deadband: HOLD at (0.036, 0.198, 0.014)
[INFO] [1786947979.381384122] [coord_transform]: Deadband: RELEASE — motion detected
[WARN] [1786947979.647371187] [coord_transform]: Outlier rejected #1 (jumped 292.8mm). Ignoring.
[WARN] [1786947979.682481690] [coord_transform]: Outlier rejected #2 (jumped 563.1mm). Ignoring.
[WARN] [1786947979.712360991] [coord_transform]: Outlier rejected #3 (jumped 506.0mm). Ignoring.
[WARN] [1786947979.747197870] [coord_transform]: Outlier rejected #4 (jumped 523.2mm). Ignoring.
[INFO] [1786948013.283233352] [coord_transform]: Too many outliers (5). Resetting filter to new position.
[WARN] [1786948014.337709503] [coord_transform]: Outlier rejected #1 (jumped 619.2mm). Ignoring.
[WARN] [1786948014.370955095] [coord_transform]: Outlier rejected #2 (jumped 632.7mm). Ignoring.
[WARN] [1786948014.404856298] [coord_transform]: Outlier rejected #3 (jumped 648.9mm). Ignoring.
[WARN] [1786948014.436528035] [coord_transform]: Outlier rejected #4 (jumped 668.9mm). Ignoring.
[INFO] [1786948014.469425252] [coord_transform]: Too many outliers (5). Resetting filter to new position.
[WARN] [1786948015.538080350] [coord_transform]: Outlier rejected #1 (jumped 395.4mm). Ignoring.
[WARN] [1786948016.004720574] [coord_transform]: Outlier rejected #1 (jumped 325.7mm). Ignoring.
[WARN] [1786948016.037655693] [coord_transform]: Outlier rejected #2 (jumped 293.7mm). Ignoring.
[WARN] [1786948016.238343404] [coord_transform]: Outlier rejected #1 (jumped 198.5mm). Ignoring.
[WARN] [1786948017.438809841] [coord_transform]: Outlier rejected #1 (jumped 325.8mm). Ignoring.
[WARN] [1786948017.472212999] [coord_transform]: Outlier rejected #2 (jumped 353.9mm). Ignoring.
[WARN] [1786948017.505798109] [coord_transform]: Outlier rejected #3 (jumped 413.2mm). Ignoring.
[WARN] [1786948017.540294670] [coord_transform]: Outlier rejected #4 (jumped 459.5mm). Ignoring.
[INFO] [1786948017.573216274] [coord_transform]: Too many outliers (5). Resetting filter to new position.
[WARN] [1786948018.539226265] [coord_transform]: Outlier rejected #1 (jumped 154.4mm). Ignoring.
[WARN] [1786948018.572501613] [coord_transform]: Outlier rejected #2 (jumped 171.9mm). Ignoring.
[WARN] [1786948018.606021039] [coord_transform]: Outlier rejected #3 (jumped 171.5mm). Ignoring.
[WARN] [1786948018.639863752] [coord_transform]: Outlier rejected #4 (jumped 275.0mm). Ignoring.
[INFO] [1786948018.672986453] [coord_transform]: Too many outliers (5). Resetting filter to new position.
[WARN] [1786948018.739408327] [coord_transform]: Outlier rejected #1 (jumped 186.7mm). Ignoring.
[WARN] [1786948018.774565178] [coord_transform]: Outlier rejected #2 (jumped 165.0mm). Ignoring.
[WARN] [1786948018.809117725] [coord_transform]: Outlier rejected #3 (jumped 174.6mm). Ignoring.
[WARN] [1786948024.152911757] [coord_transform]: Outlier rejected #4 (jumped 2193.3mm). Ignoring.
[INFO] [1786948024.180173802] [coord_transform]: Too many outliers (5). Resetting filter to new position.
[WARN] [1786948070.796489931] [coord_transform]: Outlier rejected #1 (jumped 1868.0mm). Ignoring.
[WARN] [1786948070.832290071] [coord_transform]: Outlier rejected #2 (jumped 1801.1mm). Ignoring.
[WARN] [1786948070.871684660] [coord_transform]: Outlier rejected #3 (jumped 1756.1mm). Ignoring.
[WARN] [1786948070.903521698] [coord_transform]: Outlier rejected #4 (jumped 1705.6mm). Ignoring.
[INFO] [1786948070.937489356] [coord_transform]: Too many outliers (5). Resetting filter to new position.
[WARN] [1786948072.902800494] [coord_transform]: Outlier rejected #1 (jumped 600.7mm). Ignoring.
[WARN] [1786948072.939736697] [coord_transform]: Outlier rejected #2 (jumped 611.3mm). Ignoring.
[WARN] [1786948072.977927967] [coord_transform]: Outlier rejected #3 (jumped 604.7mm). Ignoring.
[WARN] [1786948073.016612924] [coord_transform]: Outlier rejected #4 (jumped 647.8mm). Ignoring.
[INFO] [1786948073.052535063] [coord_transform]: Too many outliers (5). Resetting filter to new position.
[INFO] [1786948073.451758070] [coord_transform]: Deadband: HOLD at (0.036, 0.198, 0.014)
[INFO] [1786948073.555066404] [coord_transform]: Deadband: RELEASE — motion detected
[INFO] [1786948078.710911499] [coord_transform]: Re-sync camera init: [ 0.029 -0.092  0.014]
[INFO] [1786948078.711383235] [coord_transform]: Trạng thái tracking: RUNNING
[INFO] [1786948078.774894083] [coord_transform]: Deadband: RELEASE — motion detected
[INFO] [1786948078.775315434] [coord_transform]: [SNAP ON] Tay thực tế đứng yên. Ép dừng robot (GRU đang lệch 8.3cm).
[INFO] [1786948078.777088123] [coord_transform]: [PREDICTION] Transform: cam[ 0.029 -0.092  0.014] → base[-0.162  0.28   0.379]
[WARN] [1786948078.826131652] [coord_transform]: Outlier rejected #1 (jumped 285.3mm). Ignoring.
[INFO] [1786948079.375955797] [coord_transform]: [SNAP OFF] Tay di chuyển lại. Trả quyền cho GRU.
[WARN] [1786948079.487362529] [coord_transform]: Outlier rejected #1 (jumped 511.7mm). Ignoring.
[WARN] [1786948079.527035772] [coord_transform]: Outlier rejected #2 (jumped 194.5mm). Ignoring.
[WARN] [1786948079.757502860] [coord_transform]: Outlier rejected #1 (jumped 229.0mm). Ignoring.
[WARN] [1786948079.962085389] [coord_transform]: Outlier rejected #1 (jumped 164.5mm). Ignoring.
[WARN] [1786948080.045979876] [coord_transform]: Outlier rejected #1 (jumped 418.3mm). Ignoring.
[WARN] [1786948080.132971760] [coord_transform]: Outlier rejected #1 (jumped 617.1mm). Ignoring.
[WARN] [1786948080.284808116] [coord_transform]: Outlier rejected #1 (jumped 198.9mm). Ignoring.
[WARN] [1786948080.441970323] [coord_transform]: Outlier rejected #1 (jumped 207.6mm). Ignoring.
[WARN] [1786948080.519595267] [coord_transform]: Outlier rejected #1 (jumped 188.7mm). Ignoring.
[INFO] [1786948080.791809563] [coord_transform]: [PREDICTION] Transform: cam[-0.019  0.172  0.387] → base[-0.114  0.544  0.751]
[INFO] [1786948082.874001147] [coord_transform]: [PREDICTION] Transform: cam[-0.018  0.698  0.429] → base[-0.116  1.07   0.793]
[INFO] [1786948084.880687279] [coord_transform]: [PREDICTION] Transform: cam[0.072 0.793 0.145] → base[-0.205  1.166  0.509]
[INFO] [1786948086.906102293] [coord_transform]: [PREDICTION] Transform: cam[0.286 0.676 0.196] → base[-0.419  1.048  0.561]
[INFO] [1786948088.909724313] [coord_transform]: [PREDICTION] Transform: cam[0.326 0.594 0.111] → base[-0.459  0.966  0.475]
[INFO] [1786948090.921213688] [coord_transform]: [PREDICTION] Transform: cam[0.245 0.677 0.27 ] → base[-0.378  1.049  0.634]
[INFO] [1786948092.933653379] [coord_transform]: [PREDICTION] Transform: cam[-0.13   0.754  0.193] → base[-0.003  1.126  0.557]
[INFO] [1786948094.937967962] [coord_transform]: [PREDICTION] Transform: cam[-0.118  0.719  0.142] → base[-0.015  1.091  0.506]
[INFO] [1786948096.965246530] [coord_transform]: [PREDICTION] Transform: cam[-0.107  0.707  0.11 ] → base[-0.026  1.079  0.474]
[INFO] [1786948098.984667334] [coord_transform]: [PREDICTION] Transform: cam[-0.103  0.67   0.104] → base[-0.03   1.043  0.468]
[INFO] [1786948100.987117018] [coord_transform]: [PREDICTION] Transform: cam[-0.027  0.529  0.57 ] → base[-0.106  0.901  0.934]
[WARN] [1786948102.705245710] [coord_transform]: Outlier rejected #1 (jumped 217.3mm). Ignoring.
[INFO] [1786948103.018919815] [coord_transform]: [PREDICTION] Transform: cam[-0.029  0.422  0.471] → base[-0.104  0.794  0.835]
[WARN] [1786948103.350636664] [coord_transform]: Outlier rejected #1 (jumped 231.0mm). Ignoring.
[WARN] [1786948103.425807168] [coord_transform]: Outlier rejected #1 (jumped 164.3mm). Ignoring.
[WARN] [1786948103.839688275] [coord_transform]: Outlier rejected #1 (jumped 188.6mm). Ignoring.
[WARN] [1786948103.982696113] [coord_transform]: Outlier rejected #1 (jumped 230.1mm). Ignoring.
[WARN] [1786948104.824143606] [coord_transform]: Outlier rejected #1 (jumped 177.3mm). Ignoring.
[INFO] [1786948105.021280354] [coord_transform]: [PREDICTION] Transform: cam[0.021 0.23  0.141] → base[-0.154  0.602  0.505]
[INFO] [1786948107.045648862] [coord_transform]: [PREDICTION] Transform: cam[0.025 0.298 0.102] → base[-0.158  0.67   0.466]
[INFO] [1786948109.094265248] [coord_transform]: [PREDICTION] Transform: cam[0.034 0.303 0.095] → base[-0.167  0.675  0.459]
[WARN] [1786948110.243709166] [coord_transform]: Outlier rejected #1 (jumped 153.0mm). Ignoring.
[INFO] [1786948111.101397309] [coord_transform]: [PREDICTION] Transform: cam[-0.235  0.595  0.188] → base[0.101 0.967 0.552]
[INFO] [1786948113.138770092] [coord_transform]: [PREDICTION] Transform: cam[-0.237  0.608  0.176] → base[0.104 0.98  0.54 ]
[INFO] [1786948115.200736320] [coord_transform]: [PREDICTION] Transform: cam[0.263 0.607 0.168] → base[-0.396  0.979  0.532]
[INFO] [1786948117.216836866] [coord_transform]: [PREDICTION] Transform: cam[0.299 0.604 0.11 ] → base[-0.432  0.976  0.474]
[INFO] [1786948119.251673258] [coord_transform]: [PREDICTION] Transform: cam[-0.095  0.783  0.189] → base[-0.038  1.155  0.553]
[INFO] [1786948121.286085024] [coord_transform]: [PREDICTION] Transform: cam[-0.085  0.753  0.113] → base[-0.049  1.125  0.478]
[INFO] [1786948123.305921659] [coord_transform]: [PREDICTION] Transform: cam[-0.155  0.639  0.139] → base[0.022 1.011 0.503]
[INFO] [1786948125.385553136] [coord_transform]: [PREDICTION] Transform: cam[-0.144  0.611  0.141] → base[0.011 0.983 0.505]
[INFO] [1786948127.405504910] [coord_transform]: [PREDICTION] Transform: cam[-0.134  0.653  0.144] → base[1.000e-03 1.025e+00 5.080e-01]
[WARN] [1786948129.168943741] [coord_transform]: Outlier rejected #1 (jumped 250.9mm). Ignoring.
[WARN] [1786948129.320145688] [coord_transform]: Outlier rejected #1 (jumped 1099.4mm). Ignoring.
[INFO] [1786948129.439106758] [coord_transform]: [PREDICTION] Transform: cam[-0.123  0.666  0.234] → base[-0.01   1.038  0.598]
[INFO] [1786948131.451340229] [coord_transform]: [PREDICTION] Transform: cam[-0.042  0.656  0.451] → base[-0.091  1.028  0.815]
[INFO] [1786948133.457153153] [coord_transform]: [PREDICTION] Transform: cam[-0.056  0.841  0.215] → base[-0.077  1.213  0.579]
[WARN] [1786948134.617107295] [coord_transform]: Outlier rejected #1 (jumped 181.1mm). Ignoring.
[WARN] [1786948134.655414574] [coord_transform]: Outlier rejected #2 (jumped 349.3mm). Ignoring.
[WARN] [1786948134.695719093] [coord_transform]: Outlier rejected #3 (jumped 428.5mm). Ignoring.
[WARN] [1786948134.730411933] [coord_transform]: Outlier rejected #4 (jumped 428.7mm). Ignoring.
[INFO] [1786948134.770265676] [coord_transform]: Too many outliers (5). Resetting filter to new position.
[WARN] [1786948134.848922748] [coord_transform]: Outlier rejected #1 (jumped 198.4mm). Ignoring.
[INFO] [1786948135.494773350] [coord_transform]: [PREDICTION] Transform: cam[0.103 0.326 0.067] → base[-0.236  0.698  0.431]
[INFO] [1786948135.863785279] [coord_transform]: Trạng thái tracking: STOPPED
[WARN] [1786948136.459779073] [coord_transform]: Outlier rejected #1 (jumped 156.1mm). Ignoring.
