[INFO] [1786089212.048712767] [trajectory_predictor]: [Predictor] Worker launched (pid=81650)
[INFO] [1786089212.049191575] [trajectory_predictor]: [Predictor] Started | model=svgp | window=10 | auto_start=True
  Output Filter: enabled=True, ema_alpha=0.5, max_dev=0.08, max_rate=0.02
[WARN] [1786089213.226564163] [trajectory_predictor]: [Worker STDERR] /usr/lib/python3/dist-packages/scipy/__init__.py:146: UserWarning: A NumPy version >=1.17.3 and <1.25.0 is required for this version of SciPy (detected version 1.26.4
[WARN] [1786089213.227191918] [trajectory_predictor]: [Worker STDERR] warnings.warn(f"A NumPy version >={np_minversion} and <{np_maxversion}"
[ERROR] [1786089214.042406711] [trajectory_predictor]: [Predictor] Worker NOT READY: Scalers not found in /home/hungnb/cocarry_ws/src/GRU-Model
[INFO] [1786089223.028822192] [trajectory_predictor]: [Predictor] Buffer cleared (no data for 1.8s)
[INFO] [1786089239.586162382] [trajectory_predictor]: [Predictor] Switching model → svgp
[INFO] [1786089239.587104237] [trajectory_predictor]: [Hybrid] Mode ENABLED (GRU+MJM). Timer T_SWITCH sẽ bắt đầu khi Start Run.
[INFO] [1786089239.591089203] [trajectory_predictor]: [Hybrid] FOLLOWER -> LEADER | x_0=(-0.0840,-2.1280,-0.1689) | GOAL=(-0.0578,0.7138,0.0000) | t_f=10.50s | 315 steps @ 30Hz | GRU worker dừng gửi lệnh predict (tiết kiệm tài nguyên)
[INFO] [1786089241.373160078] [trajectory_predictor]: [Predictor] Predicting STOPPED
[INFO] [1786089250.364472475] [trajectory_predictor]: [Predictor] Predicting STOPPED
[INFO] [1786089305.795085117] [trajectory_predictor]: [Predictor] Predicting STARTED
[INFO] [1786089310.808492002] [trajectory_predictor]: [Hybrid] FOLLOWER -> LEADER | x_0=(-0.0830,0.6820,0.4220) | GOAL=(-0.0578,0.7138,0.0000) | t_f=6.58s | 198 steps @ 30Hz | GRU worker dừng gửi lệnh predict (tiết kiệm tài nguyên)
[INFO] [1786089317.029151475] [trajectory_predictor]: [Predictor] Buffer cleared (no data for 1.1s)
[INFO] [1786089328.029279789] [trajectory_predictor]: [Predictor] Buffer cleared (no data for 1.9s)
[INFO] [1786089328.381936852] [trajectory_predictor]: [Predictor] Predicting STOPPED
[INFO] [1786089329.919080643] [trajectory_predictor]: [Predictor] Predicting STOPPED
[INFO] [1786089344.029492107] [trajectory_predictor]: [Predictor] Buffer cleared (no data for 1.8s)
[INFO] [1786089364.940236828] [trajectory_predictor]: [Predictor] Predicting STARTED
[INFO] [1786089369.970610008] [trajectory_predictor]: [Hybrid] FOLLOWER -> LEADER | x_0=(-0.1083,0.3950,0.4673) | GOAL=(-0.0578,0.7138,0.0000) | t_f=7.18s | 216 steps @ 30Hz | GRU worker dừng gửi lệnh predict (tiết kiệm tài nguyên)
[INFO] [1786089378.364140397] [trajectory_predictor]: [Predictor] Predicting STOPPED
[INFO] [1786089379.948594623] [trajectory_predictor]: [Predictor] Predicting STARTED
[INFO] [1786089382.343314390] [trajectory_predictor]: [Predictor] Predicting STOPPED
[INFO] [1786089425.040627050] [trajectory_predictor]: [Predictor] Predicting STARTED
[INFO] [1786089430.048222943] [trajectory_predictor]: [Hybrid] FOLLOWER -> LEADER | x_0=(-0.0568,0.3170,0.4959) | GOAL=(-0.0578,0.7138,0.0000) | t_f=7.41s | 223 steps @ 30Hz | GRU worker dừng gửi lệnh predict (tiết kiệm tài nguyên)
[INFO] [1786089443.780387700] [trajectory_predictor]: [Predictor] Predicting STOPPED
[INFO] [1786089450.989270241] [trajectory_predictor]: [Predictor] Auto-enabled prediction mode via /trajectory_mode
[INFO] [1786089452.775936685] [trajectory_predictor]: [Predictor] Switching model → svgp
[INFO] [1786089452.779614832] [trajectory_predictor]: [Hybrid] Mode ENABLED (GRU+MJM). Timer T_SWITCH sẽ bắt đầu khi Start Run.
[INFO] [1786089454.576541676] [trajectory_predictor]: [Predictor] Predicting STOPPED
[INFO] [1786089460.029459777] [trajectory_predictor]: [Predictor] Buffer cleared (no data for 1.8s)
[INFO] [1786089483.875244782] [trajectory_predictor]: [Predictor] Predicting STARTED
[INFO] [1786089488.903657060] [trajectory_predictor]: [Hybrid] FOLLOWER -> LEADER | x_0=(-0.0112,0.3120,0.4393) | GOAL=(-0.0578,0.7138,0.0000) | t_f=7.29s | 219 steps @ 30Hz | GRU worker dừng gửi lệnh predict (tiết kiệm tài nguyên)
[INFO] [1786089496.933985551] [trajectory_predictor]: [Predictor] Predicting STOPPED
[INFO] [1786089499.051422103] [trajectory_predictor]: [Predictor] Predicting STOPPED
[INFO] [1786089513.193204728] [trajectory_predictor]: [Predictor] Predicting STARTED
[INFO] [1786089518.274215842] [trajectory_predictor]: [Hybrid] FOLLOWER -> LEADER | x_0=(-0.0454,0.3930,0.4842) | GOAL=(-0.0578,0.7138,0.0000) | t_f=7.23s | 217 steps @ 30Hz | GRU worker dừng gửi lệnh predict (tiết kiệm tài nguyên)
[INFO] [1786089523.409025479] [trajectory_predictor]: [Predictor] Predicting STOPPED
[INFO] [1786089525.028832993] [trajectory_predictor]: [Predictor] Buffer cleared (no data for 1.0s)
[INFO] [1786089528.029109708] [trajectory_predictor]: [Predictor] Buffer cleared (no data for 1.2s)
