[INFO] [1786092488.173200905] [cartesian_streamer]: CartesianStreamer khởi động (chờ Enable Robot từ UI).
  Stream rate:       15 Hz (period=66.7ms)
  Queue dt:          0.067 s
  Prebuffer points:  3
  Retry backoff:     66.0 ms
  Gửi PoseStamped lên: /cartesian_streamer/target_pose
  Gửi XYZ lên:        /cartesian_streamer/target_xyz
  Nhận EE pose tại:   /cartesian_streamer/current_pose
[INFO] [1786092488.307877096] [cartesian_streamer]: Nhận joint_states: ['1.571', '0.124', '-1.049', '0.000', '-0.398', '-1.444']
[INFO] [1786092488.655667547] [cartesian_streamer]: ⚡ Simulation mode: Bỏ qua FK cross-validation, ÉP DÙNG Local IK.
   (MoveIt không có planning library trong môi trường giả lập)
[INFO] [1786092488.656741625] [cartesian_streamer]: Đã nhận joint_states. EE hiện tại: (-0.1620, 0.2801, 0.3785). IK mode: Local DLS. Chờ Enable Robot từ UI...
[INFO] [1786092531.359228817] [cartesian_streamer]: Enable Robot: bắt đầu chuỗi khởi động...
[INFO] [1786092531.359828833] [cartesian_streamer]: Enable: reset_error...
[INFO] [1786092531.362403479] [cartesian_streamer]: reset_error: code=1, msg="Mock: Error Reset OK"
[INFO] [1786092531.362865487] [cartesian_streamer]: Enable: stop_traj_mode (giải phóng mode cũ)...
[INFO] [1786092531.364503803] [cartesian_streamer]: stop_traj_mode: success=True, code=N/A, msg="Mock: OK"
[INFO] [1786092531.364761568] [cartesian_streamer]: Enable: chờ 1.5s để hệ thống ổn định trước khi start queue...
[INFO] [1786092532.865651394] [cartesian_streamer]: Enable: StartPointQueueMode...
[INFO] [1786092532.867338362] [cartesian_streamer]: StartPointQueueMode response: code=1, msg="Mock: Queue Mode Started"
[INFO] [1786092532.867613990] [cartesian_streamer]: ✓ Robot ENABLED — Point Queue Mode active. Servo ON!
[INFO] [1786092532.888150671] [cartesian_streamer]: Runtime rate: state=seeding, tick_hz=0.0, queue_send_hz=0.0, ack_hz=0.0, busy_hz=0.0, retry_count=0, reject_count=0, inter_ack_ms=0.0, max_joint_delta=0.000, cumul_time=0.00s, hold_count=0, ik_mode=Local, ik_avg_ms=0.00, ik_fails=0
[INFO] [1786092532.888945864] [cartesian_streamer]: Bootstrap EE pose via FK: (-0.1620, 0.2801, 0.3785)
[INFO] [1786092532.889335977] [cartesian_streamer]: Đang stream qua service: /queue_traj_point
[INFO] [1786092532.889856925] [cartesian_streamer]: Đã gửi seed point (current joints, t=0), chờ ACK...
[INFO] [1786092532.892226957] [cartesian_streamer]: Seed ACK nhận được, bắt đầu prebuffer.
[INFO] [1786092532.895946943] [cartesian_streamer]: Queue accepted sample#1: svc=/queue_traj_point, t_cumul=0.0000s, code=1, msg="Mock: Point accepted (0)", hold=False
[INFO] [1786092532.959370502] [cartesian_streamer]: Queue accepted sample#2: svc=/queue_traj_point, t_cumul=0.0650s, code=1, msg="Mock: Point accepted (1)", hold=True
[INFO] [1786092533.027172454] [cartesian_streamer]: Queue accepted sample#3: svc=/queue_traj_point, t_cumul=0.1324s, code=1, msg="Mock: Point accepted (2)", hold=True
[INFO] [1786092533.091581985] [cartesian_streamer]: Pre-buffer hoàn tất (3 points), bắt đầu stream ổn định. Đang chờ target...
[INFO] [1786092533.092174238] [cartesian_streamer]: Queue accepted sample#4: svc=/queue_traj_point, t_cumul=0.1985s, code=1, msg="Mock: Point accepted (3)", hold=True
[INFO] [1786092533.158499978] [cartesian_streamer]: Queue accepted sample#5: svc=/queue_traj_point, t_cumul=0.2652s, code=1, msg="Mock: Point accepted (4)", hold=True
[INFO] [1786092534.157243380] [cartesian_streamer]: QueueTrajPoint accepted #20: t=1.265s, hold=True
[INFO] [1786092535.492914441] [cartesian_streamer]: QueueTrajPoint accepted #40: t=2.599s, hold=True
[INFO] [1786092536.823987534] [cartesian_streamer]: QueueTrajPoint accepted #60: t=3.931s, hold=True
[INFO] [1786092537.888566757] [cartesian_streamer]: Runtime rate: state=streaming, tick_hz=15.0, queue_send_hz=15.0, ack_hz=15.0, busy_hz=0.0, retry_count=0, reject_count=0, inter_ack_ms=66.7, max_joint_delta=0.000, cumul_time=4.93s, hold_count=74, ik_mode=Local, ik_avg_ms=0.00, ik_fails=0
[INFO] [1786092538.157382816] [cartesian_streamer]: QueueTrajPoint accepted #80: t=5.265s, hold=True
[INFO] [1786092539.489441207] [cartesian_streamer]: QueueTrajPoint accepted #100: t=6.598s, hold=True
[INFO] [1786092540.823186822] [cartesian_streamer]: QueueTrajPoint accepted #120: t=7.931s, hold=True
[INFO] [1786092542.157334501] [cartesian_streamer]: QueueTrajPoint accepted #140: t=9.265s, hold=True
[INFO] [1786092542.954989547] [cartesian_streamer]: Runtime rate: state=streaming, tick_hz=15.0, queue_send_hz=15.0, ack_hz=15.0, busy_hz=0.0, retry_count=0, reject_count=0, inter_ack_ms=66.6, max_joint_delta=0.000, cumul_time=10.00s, hold_count=150, ik_mode=Local, ik_avg_ms=0.00, ik_fails=0
[INFO] [1786092543.491016605] [cartesian_streamer]: QueueTrajPoint accepted #160: t=10.599s, hold=True
[INFO] [1786092544.823068943] [cartesian_streamer]: QueueTrajPoint accepted #180: t=11.931s, hold=True
[INFO] [1786092545.894685709] [cartesian_streamer]: Disable Robot: dừng stream, tắt traj mode...
[INFO] [1786092545.895077505] [cartesian_streamer]: ✗ Robot DISABLED.
[INFO] [1786092548.195873935] [cartesian_streamer]: Disable Robot: dừng stream, tắt traj mode...
[INFO] [1786092548.198655319] [cartesian_streamer]: ✗ Robot DISABLED.
