[INFO] [1786956954.708674549] [coord_transform]: CoordTransformNode khởi động.
  Object offset (cam frame): [0.05 0.   0.1 ]
  Translation cam→base:      [0.5 0.  1.2]
  EE orientation (xyzw):     [0.0, 1.0, 0.0, 0.0]
  Prediction step:           5
  Axis remap:                [0, 1, 2]
  Axis sign:                 [1.0, 1.0, 1.0]
  Workspace X: (-1.0, 1.0), Y: (-0.5, 1.3), Z: (0.05, 1.5)
  Filter outlier_threshold:  0.15m
  Filter median_size_y:      3
  Filter deadband_tol:       15.0mm
  Filter stationary_thresh:  3 frames
  Filter max_rate:           5.0cm/frame
  Filter EMA moving(x,y,z):  (1.0,0.8,1.0)
  Filter EMA hold  (x,y,z):  (0.08,0.02,0.05)
[INFO] [1786956961.153080811] [coord_transform]: Trạng thái tracking: STOPPED
[WARN] [1786956969.233800247] [coord_transform]: Outlier rejected #1 (jumped 170.0mm). Ignoring.
[WARN] [1786956970.434361956] [coord_transform]: Outlier rejected #1 (jumped 342.4mm). Ignoring.
[WARN] [1786956970.471587954] [coord_transform]: Outlier rejected #2 (jumped 347.8mm). Ignoring.
[WARN] [1786956970.505457695] [coord_transform]: Outlier rejected #3 (jumped 365.3mm). Ignoring.
[WARN] [1786956970.537255130] [coord_transform]: Outlier rejected #4 (jumped 388.2mm). Ignoring.
[INFO] [1786956970.572495715] [coord_transform]: Too many outliers (5). Resetting filter to new position.
[WARN] [1786956976.706658367] [coord_transform]: Outlier rejected #1 (jumped 2396.0mm). Ignoring.
[WARN] [1786956976.740630963] [coord_transform]: Outlier rejected #2 (jumped 2414.2mm). Ignoring.
[WARN] [1786956976.776801882] [coord_transform]: Outlier rejected #3 (jumped 2414.2mm). Ignoring.
[WARN] [1786956976.808325351] [coord_transform]: Outlier rejected #4 (jumped 2414.2mm). Ignoring.
[INFO] [1786956976.841851435] [coord_transform]: Too many outliers (5). Resetting filter to new position.
[INFO] [1786956981.047762944] [coord_transform]: Captured Init Pose! P_init=(-0.162, 0.309, 0.388), Cam_init=(0.098, -0.155, -0.000), Noise_Tol=60.0mm
Orientation=(0.988, -0.154, -0.004, -0.029)
[INFO] [1786956981.073520045] [coord_transform]: Deadband: RELEASE — motion detected
[INFO] [1786956981.208089539] [coord_transform]: Deadband: HOLD at (0.098, -0.155, -0.000)
[INFO] [1786956995.157060846] [coord_transform]: Re-sync camera init: [ 0.092 -0.136  0.014]
[INFO] [1786956995.157307882] [coord_transform]: Trạng thái tracking: RUNNING
[INFO] [1786956995.188802849] [coord_transform]: [GROUND_TRUTH] Transform: cam[ 0.092 -0.136  0.014] → base[-0.162  0.309  0.388]
[INFO] [1786956995.820185475] [coord_transform]: Deadband: RELEASE — motion detected
[INFO] [1786956995.860916542] [coord_transform]: Deadband: HOLD at (0.092, -0.136, 0.014)
[INFO] [1786956997.190166610] [coord_transform]: [GROUND_TRUTH] Transform: cam[0.114 0.014 0.209] → base[-0.141  0.459  0.583]
[INFO] [1786956999.224285705] [coord_transform]: [GROUND_TRUTH] Transform: cam[0.113 0.201 0.305] → base[-0.141  0.646  0.679]
[INFO] [1786957001.227214166] [coord_transform]: [GROUND_TRUTH] Transform: cam[0.12  0.516 0.202] → base[-0.135  0.961  0.576]
[INFO] [1786957003.253897214] [coord_transform]: [GROUND_TRUTH] Transform: cam[0.129 0.548 0.156] → base[-0.126  0.993  0.53 ]
[INFO] [1786957005.261218917] [coord_transform]: [GROUND_TRUTH] Transform: cam[0.122 0.582 0.702] → base[-0.132  1.027  1.075]
[INFO] [1786957007.261440326] [coord_transform]: [GROUND_TRUTH] Transform: cam[0.122 0.593 0.692] → base[-0.132  1.038  1.065]
[INFO] [1786957009.263967251] [coord_transform]: [GROUND_TRUTH] Transform: cam[0.148 0.579 0.253] → base[-0.106  1.024  0.627]
[INFO] [1786957011.297757097] [coord_transform]: [GROUND_TRUTH] Transform: cam[0.159 0.519 0.023] → base[-0.096  0.964  0.397]
[INFO] [1786957013.299631682] [coord_transform]: [GROUND_TRUTH] Transform: cam[0.156 0.513 0.032] → base[-0.099  0.958  0.405]
[INFO] [1786957015.302676833] [coord_transform]: [GROUND_TRUTH] Transform: cam[0.088 0.46  0.077] → base[-0.166  0.905  0.451]
[INFO] [1786957017.335553747] [coord_transform]: [GROUND_TRUTH] Transform: cam[0.099 0.384 0.12 ] → base[-0.155  0.829  0.493]
[INFO] [1786957019.337914188] [coord_transform]: [GROUND_TRUTH] Transform: cam[0.077 0.373 0.142] → base[-0.177  0.818  0.516]
[INFO] [1786957021.370229354] [coord_transform]: [GROUND_TRUTH] Transform: cam[0.107 0.417 0.422] → base[-0.147  0.862  0.796]
[INFO] [1786957023.375012772] [coord_transform]: [GROUND_TRUTH] Transform: cam[0.121 0.393 0.034] → base[-0.133  0.838  0.407]
[INFO] [1786957025.378441597] [coord_transform]: [GROUND_TRUTH] Transform: cam[ 0.13   0.391 -0.006] → base[-0.125  0.836  0.367]
[INFO] [1786957027.411235405] [coord_transform]: [GROUND_TRUTH] Transform: cam[0.055 0.357 0.079] → base[-0.199  0.802  0.453]
[INFO] [1786957029.412521791] [coord_transform]: [GROUND_TRUTH] Transform: cam[0.059 0.374 0.11 ] → base[-0.195  0.819  0.483]
[INFO] [1786957031.413824977] [coord_transform]: [GROUND_TRUTH] Transform: cam[0.065 0.401 0.126] → base[-0.189  0.846  0.5  ]
[INFO] [1786957033.414783183] [coord_transform]: [GROUND_TRUTH] Transform: cam[0.072 0.419 0.132] → base[-0.182  0.864  0.506]
[INFO] [1786957035.417273076] [coord_transform]: [GROUND_TRUTH] Transform: cam[0.103 0.596 0.16 ] → base[-0.151  1.041  0.534]
[INFO] [1786957037.454265147] [coord_transform]: [GROUND_TRUTH] Transform: cam[0.122 0.482 0.172] → base[-0.132  0.927  0.545]
[INFO] [1786957039.487098208] [coord_transform]: [GROUND_TRUTH] Transform: cam[0.12  0.456 0.192] → base[-0.134  0.901  0.565]
[INFO] [1786957041.489949641] [coord_transform]: [GROUND_TRUTH] Transform: cam[0.124 0.459 0.196] → base[-0.131  0.904  0.569]
[INFO] [1786957043.526320209] [coord_transform]: [GROUND_TRUTH] Transform: cam[0.249 0.447 0.171] → base[-0.005  0.892  0.544]
[INFO] [1786957045.147316419] [coord_transform]: Trạng thái tracking: STOPPED
