[INFO] [1786092488.053417445] [coord_transform]: CoordTransformNode khởi động.
  Object offset (cam frame): [0.05 0.   0.1 ]
  Translation cam→base:      [0.5 0.  1.2]
  EE orientation (xyzw):     [0.0, 1.0, 0.0, 0.0]
  Prediction step:           5
  Axis remap:                [0, 1, 2]
  Axis sign:                 [-1.0, 1.0, 1.0]
  Workspace X: (-1.0, 1.0), Y: (-0.5, 1.3), Z: (0.05, 1.5)
  Filter outlier_threshold:  0.15m
  Filter median_size_y:      3
  Filter deadband_tol:       15.0mm
  Filter stationary_thresh:  3 frames
  Filter max_rate:           5.0cm/frame
  Filter EMA moving(x,y,z):  (1.0,0.8,1.0)
  Filter EMA hold  (x,y,z):  (0.08,0.02,0.05)
[INFO] [1786092508.829417958] [coord_transform]: Đã chuyển mode: ground_truth -> prediction
[WARN] [1786092522.724044706] [coord_transform]: Outlier rejected #1 (jumped 2053.0mm). Ignoring.
[WARN] [1786092522.754969021] [coord_transform]: Outlier rejected #2 (jumped 2017.7mm). Ignoring.
[WARN] [1786092522.788613245] [coord_transform]: Outlier rejected #3 (jumped 2038.9mm). Ignoring.
[WARN] [1786092522.823368564] [coord_transform]: Outlier rejected #4 (jumped 2046.0mm). Ignoring.
[INFO] [1786092522.859991722] [coord_transform]: Too many outliers (5). Resetting filter to new position.
[INFO] [1786092527.272484593] [coord_transform]: Captured Init Pose! P_init=(-0.162, 0.280, 0.379), Cam_init=(-0.007, -0.026, 0.001), Noise_Tol=60.0mm
Orientation=(0.998, 0.064, -0.000, 0.000)
[INFO] [1786092534.684938884] [coord_transform]: Re-sync camera init: [-0.005 -0.014 -0.001]
[INFO] [1786092534.685313988] [coord_transform]: Trạng thái tracking: RUNNING
[INFO] [1786092534.730729066] [coord_transform]: Deadband: RELEASE — motion detected
[INFO] [1786092534.834489707] [coord_transform]: Deadband: HOLD at (-0.005, -0.014, -0.001)
[WARN] [1786092536.897803966] [coord_transform]: Outlier rejected #1 (jumped 428.4mm). Ignoring.
[WARN] [1786092536.935779061] [coord_transform]: Outlier rejected #2 (jumped 391.2mm). Ignoring.
[WARN] [1786092537.000819641] [coord_transform]: Outlier rejected #1 (jumped 215.6mm). Ignoring.
[WARN] [1786092537.065306943] [coord_transform]: Outlier rejected #1 (jumped 179.4mm). Ignoring.
[WARN] [1786092543.602510516] [coord_transform]: Outlier rejected #1 (jumped 244.3mm). Ignoring.
[WARN] [1786092543.635761271] [coord_transform]: Outlier rejected #2 (jumped 212.2mm). Ignoring.
[WARN] [1786092543.670337186] [coord_transform]: Outlier rejected #3 (jumped 304.0mm). Ignoring.
[WARN] [1786092543.703268932] [coord_transform]: Outlier rejected #4 (jumped 239.2mm). Ignoring.
[INFO] [1786092543.735043735] [coord_transform]: Too many outliers (5). Resetting filter to new position.
[WARN] [1786092544.004069030] [coord_transform]: Outlier rejected #1 (jumped 357.5mm). Ignoring.
[WARN] [1786092544.104509029] [coord_transform]: Outlier rejected #1 (jumped 205.4mm). Ignoring.
[WARN] [1786092544.138415868] [coord_transform]: Outlier rejected #2 (jumped 181.5mm). Ignoring.
[INFO] [1786092544.310909588] [coord_transform]: Deadband: HOLD at (-0.005, -0.014, -0.001)
[WARN] [1786092544.403593870] [coord_transform]: Outlier rejected #1 (jumped 170.3mm). Ignoring.
[WARN] [1786092544.569284632] [coord_transform]: Outlier rejected #1 (jumped 255.4mm). Ignoring.
[WARN] [1786092545.009214096] [coord_transform]: Outlier rejected #1 (jumped 300.2mm). Ignoring.
[WARN] [1786092545.040662988] [coord_transform]: Outlier rejected #2 (jumped 256.9mm). Ignoring.
[WARN] [1786092545.639216689] [coord_transform]: Outlier rejected #1 (jumped 182.9mm). Ignoring.
[WARN] [1786092545.804277070] [coord_transform]: Outlier rejected #1 (jumped 190.3mm). Ignoring.
[WARN] [1786092545.840767712] [coord_transform]: Outlier rejected #2 (jumped 207.9mm). Ignoring.
[INFO] [1786092545.894439787] [coord_transform]: Trạng thái tracking: STOPPED
[WARN] [1786092545.907935577] [coord_transform]: Outlier rejected #1 (jumped 460.4mm). Ignoring.
[WARN] [1786092546.004283451] [coord_transform]: Outlier rejected #1 (jumped 166.7mm). Ignoring.
[WARN] [1786092546.036960371] [coord_transform]: Outlier rejected #2 (jumped 438.8mm). Ignoring.
[WARN] [1786092546.272388530] [coord_transform]: Outlier rejected #1 (jumped 809.1mm). Ignoring.
[WARN] [1786092546.340933683] [coord_transform]: Outlier rejected #1 (jumped 160.7mm). Ignoring.
[WARN] [1786092546.374476909] [coord_transform]: Outlier rejected #2 (jumped 160.2mm). Ignoring.
[WARN] [1786092546.475810841] [coord_transform]: Outlier rejected #1 (jumped 238.8mm). Ignoring.
[WARN] [1786092546.539392811] [coord_transform]: Outlier rejected #1 (jumped 159.7mm). Ignoring.
[WARN] [1786092546.640542387] [coord_transform]: Outlier rejected #1 (jumped 326.4mm). Ignoring.
[WARN] [1786092546.805256089] [coord_transform]: Outlier rejected #1 (jumped 230.7mm). Ignoring.
[WARN] [1786092546.871317997] [coord_transform]: Outlier rejected #1 (jumped 848.4mm). Ignoring.
[WARN] [1786092546.973892679] [coord_transform]: Outlier rejected #1 (jumped 401.0mm). Ignoring.
[WARN] [1786092547.206201513] [coord_transform]: Outlier rejected #1 (jumped 206.5mm). Ignoring.
[WARN] [1786092547.241082673] [coord_transform]: Outlier rejected #2 (jumped 403.0mm). Ignoring.
[WARN] [1786092547.272978926] [coord_transform]: Outlier rejected #3 (jumped 229.7mm). Ignoring.
[WARN] [1786092547.306562128] [coord_transform]: Outlier rejected #4 (jumped 199.5mm). Ignoring.
[INFO] [1786092547.339507362] [coord_transform]: Too many outliers (5). Resetting filter to new position.
[WARN] [1786092547.376290504] [coord_transform]: Outlier rejected #1 (jumped 189.9mm). Ignoring.
[WARN] [1786092547.605397133] [coord_transform]: Outlier rejected #1 (jumped 178.3mm). Ignoring.
[WARN] [1786092547.670321305] [coord_transform]: Outlier rejected #1 (jumped 159.7mm). Ignoring.
[WARN] [1786092547.839257451] [coord_transform]: Outlier rejected #1 (jumped 153.1mm). Ignoring.
[WARN] [1786092548.038850994] [coord_transform]: Outlier rejected #1 (jumped 311.8mm). Ignoring.
[WARN] [1786092548.106189061] [coord_transform]: Outlier rejected #1 (jumped 164.3mm). Ignoring.
[INFO] [1786092548.195153020] [coord_transform]: Trạng thái tracking: STOPPED
[WARN] [1786092548.439077306] [coord_transform]: Outlier rejected #1 (jumped 311.4mm). Ignoring.
[WARN] [1786092548.507054675] [coord_transform]: Outlier rejected #1 (jumped 344.6mm). Ignoring.
[WARN] [1786092548.738943643] [coord_transform]: Outlier rejected #1 (jumped 317.4mm). Ignoring.
[WARN] [1786092549.075731214] [coord_transform]: Outlier rejected #1 (jumped 178.8mm). Ignoring.
[WARN] [1786092549.475964716] [coord_transform]: Outlier rejected #1 (jumped 220.6mm). Ignoring.
[WARN] [1786092549.510188412] [coord_transform]: Outlier rejected #2 (jumped 252.6mm). Ignoring.
[WARN] [1786092549.543406069] [coord_transform]: Outlier rejected #3 (jumped 310.2mm). Ignoring.
[WARN] [1786092549.578411724] [coord_transform]: Outlier rejected #4 (jumped 377.4mm). Ignoring.
[INFO] [1786092549.609653208] [coord_transform]: Too many outliers (5). Resetting filter to new position.
[INFO] [1786092549.713114260] [coord_transform]: Deadband: RELEASE — motion detected
[WARN] [1786092550.640741483] [coord_transform]: Outlier rejected #1 (jumped 310.0mm). Ignoring.
[WARN] [1786092550.676391729] [coord_transform]: Outlier rejected #2 (jumped 341.7mm). Ignoring.
[WARN] [1786092550.714557751] [coord_transform]: Outlier rejected #3 (jumped 374.8mm). Ignoring.
[WARN] [1786092550.743713438] [coord_transform]: Outlier rejected #4 (jumped 409.9mm). Ignoring.
[INFO] [1786092550.773876076] [coord_transform]: Too many outliers (5). Resetting filter to new position.
[WARN] [1786092551.175492896] [coord_transform]: Outlier rejected #1 (jumped 1207.1mm). Ignoring.
[WARN] [1786092551.210829884] [coord_transform]: Outlier rejected #2 (jumped 856.4mm). Ignoring.
[WARN] [1786092551.244341413] [coord_transform]: Outlier rejected #3 (jumped 869.6mm). Ignoring.
[WARN] [1786092551.274313384] [coord_transform]: Outlier rejected #4 (jumped 308.3mm). Ignoring.
[INFO] [1786092551.316035546] [coord_transform]: Too many outliers (5). Resetting filter to new position.
[WARN] [1786092551.609296129] [coord_transform]: Outlier rejected #1 (jumped 265.1mm). Ignoring.
[WARN] [1786092551.641546179] [coord_transform]: Outlier rejected #2 (jumped 315.5mm). Ignoring.
[WARN] [1786092551.674135165] [coord_transform]: Outlier rejected #3 (jumped 316.3mm). Ignoring.
[WARN] [1786092551.715870633] [coord_transform]: Outlier rejected #4 (jumped 323.9mm). Ignoring.
[INFO] [1786092551.744111562] [coord_transform]: Too many outliers (5). Resetting filter to new position.
[WARN] [1786092732.218398036] [coord_transform]: Outlier rejected #1 (jumped 462.7mm). Ignoring.
[WARN] [1786092732.245886695] [coord_transform]: Outlier rejected #2 (jumped 454.5mm). Ignoring.
[WARN] [1786092732.277275451] [coord_transform]: Outlier rejected #3 (jumped 452.7mm). Ignoring.
[WARN] [1786092732.310677593] [coord_transform]: Outlier rejected #4 (jumped 452.6mm). Ignoring.
[INFO] [1786092732.340791810] [coord_transform]: Too many outliers (5). Resetting filter to new position.
[WARN] [1786092732.951590955] [coord_transform]: Outlier rejected #1 (jumped 236.2mm). Ignoring.
[WARN] [1786092732.980837180] [coord_transform]: Outlier rejected #2 (jumped 242.8mm). Ignoring.
[WARN] [1786092733.010337624] [coord_transform]: Outlier rejected #3 (jumped 255.3mm). Ignoring.
[WARN] [1786092733.040774289] [coord_transform]: Outlier rejected #4 (jumped 277.5mm). Ignoring.
[INFO] [1786092733.077804284] [coord_transform]: Too many outliers (5). Resetting filter to new position.
[WARN] [1786092736.044316543] [coord_transform]: Outlier rejected #1 (jumped 395.2mm). Ignoring.
[WARN] [1786092736.244919760] [coord_transform]: Outlier rejected #2 (jumped 281.0mm). Ignoring.
[WARN] [1786092736.277058087] [coord_transform]: Outlier rejected #3 (jumped 317.9mm). Ignoring.
[WARN] [1786092736.943414530] [coord_transform]: Outlier rejected #4 (jumped 351.9mm). Ignoring.
[INFO] [1786092736.977548700] [coord_transform]: Too many outliers (5). Resetting filter to new position.
[WARN] [1786092737.043208314] [coord_transform]: Outlier rejected #1 (jumped 221.5mm). Ignoring.
[WARN] [1786092737.078481407] [coord_transform]: Outlier rejected #2 (jumped 194.7mm). Ignoring.
[WARN] [1786092737.110900722] [coord_transform]: Outlier rejected #3 (jumped 185.2mm). Ignoring.
[WARN] [1786092737.242212667] [coord_transform]: Outlier rejected #1 (jumped 229.7mm). Ignoring.
[WARN] [1786092737.275388955] [coord_transform]: Outlier rejected #2 (jumped 201.1mm). Ignoring.
[WARN] [1786092737.422687078] [coord_transform]: Outlier rejected #1 (jumped 310.1mm). Ignoring.
[WARN] [1786092737.452164499] [coord_transform]: Outlier rejected #2 (jumped 320.7mm). Ignoring.
[WARN] [1786092737.479547973] [coord_transform]: Outlier rejected #3 (jumped 325.8mm). Ignoring.
[WARN] [1786092737.513199766] [coord_transform]: Outlier rejected #4 (jumped 299.6mm). Ignoring.
[INFO] [1786092737.546068797] [coord_transform]: Too many outliers (5). Resetting filter to new position.
[WARN] [1786092738.920641077] [coord_transform]: Outlier rejected #1 (jumped 228.0mm). Ignoring.
[WARN] [1786092738.952399971] [coord_transform]: Outlier rejected #2 (jumped 219.7mm). Ignoring.
[WARN] [1786092738.980441372] [coord_transform]: Outlier rejected #3 (jumped 410.7mm). Ignoring.
[WARN] [1786092739.088444189] [coord_transform]: Outlier rejected #1 (jumped 405.1mm). Ignoring.
[WARN] [1786092739.116638558] [coord_transform]: Outlier rejected #2 (jumped 386.7mm). Ignoring.
[WARN] [1786092739.148210290] [coord_transform]: Outlier rejected #3 (jumped 381.7mm). Ignoring.
[WARN] [1786092739.178466407] [coord_transform]: Outlier rejected #4 (jumped 406.6mm). Ignoring.
[INFO] [1786092739.210836109] [coord_transform]: Too many outliers (5). Resetting filter to new position.
[WARN] [1786092739.354538572] [coord_transform]: Outlier rejected #1 (jumped 532.2mm). Ignoring.
[WARN] [1786092739.380680601] [coord_transform]: Outlier rejected #2 (jumped 562.0mm). Ignoring.
[WARN] [1786092739.455915075] [coord_transform]: Outlier rejected #3 (jumped 617.3mm). Ignoring.
[WARN] [1786092740.579840533] [coord_transform]: Outlier rejected #1 (jumped 347.1mm). Ignoring.
[WARN] [1786092740.619720892] [coord_transform]: Outlier rejected #2 (jumped 355.4mm). Ignoring.
[WARN] [1786092740.651517848] [coord_transform]: Outlier rejected #3 (jumped 393.3mm). Ignoring.
[WARN] [1786092740.683273175] [coord_transform]: Outlier rejected #4 (jumped 464.8mm). Ignoring.
[INFO] [1786092741.016818005] [coord_transform]: Too many outliers (5). Resetting filter to new position.
[WARN] [1786092742.617484044] [coord_transform]: Outlier rejected #1 (jumped 231.6mm). Ignoring.
[WARN] [1786092742.648935230] [coord_transform]: Outlier rejected #2 (jumped 201.6mm). Ignoring.
[WARN] [1786092742.714763474] [coord_transform]: Outlier rejected #3 (jumped 533.5mm). Ignoring.
[WARN] [1786092742.745331068] [coord_transform]: Outlier rejected #4 (jumped 557.0mm). Ignoring.
[INFO] [1786092742.781845838] [coord_transform]: Too many outliers (5). Resetting filter to new position.
[WARN] [1786092743.117202635] [coord_transform]: Outlier rejected #1 (jumped 473.5mm). Ignoring.
[WARN] [1786092743.282949607] [coord_transform]: Outlier rejected #1 (jumped 426.6mm). Ignoring.
[WARN] [1786092743.318225567] [coord_transform]: Outlier rejected #2 (jumped 465.7mm). Ignoring.
[WARN] [1786092743.616592993] [coord_transform]: Outlier rejected #1 (jumped 461.8mm). Ignoring.
[WARN] [1786092743.646322921] [coord_transform]: Outlier rejected #2 (jumped 433.8mm). Ignoring.
[WARN] [1786092743.682069056] [coord_transform]: Outlier rejected #3 (jumped 441.9mm). Ignoring.
[WARN] [1786092743.719337414] [coord_transform]: Outlier rejected #4 (jumped 608.3mm). Ignoring.
[INFO] [1786092743.751215513] [coord_transform]: Too many outliers (5). Resetting filter to new position.
[WARN] [1786092743.784227545] [coord_transform]: Outlier rejected #1 (jumped 698.9mm). Ignoring.
[WARN] [1786092743.917568735] [coord_transform]: Outlier rejected #1 (jumped 625.9mm). Ignoring.
[WARN] [1786092743.983473995] [coord_transform]: Outlier rejected #2 (jumped 618.1mm). Ignoring.
[WARN] [1786092744.016073121] [coord_transform]: Outlier rejected #3 (jumped 631.3mm). Ignoring.
[WARN] [1786092744.049514140] [coord_transform]: Outlier rejected #4 (jumped 626.2mm). Ignoring.
[WARN] [1786092744.182571097] [coord_transform]: Outlier rejected #1 (jumped 634.2mm). Ignoring.
[WARN] [1786092744.216496327] [coord_transform]: Outlier rejected #2 (jumped 633.3mm). Ignoring.
[WARN] [1786092744.246416353] [coord_transform]: Outlier rejected #3 (jumped 606.6mm). Ignoring.
[WARN] [1786092744.280313460] [coord_transform]: Outlier rejected #4 (jumped 620.0mm). Ignoring.
[INFO] [1786092744.315596063] [coord_transform]: Too many outliers (5). Resetting filter to new position.
[WARN] [1786092744.783879347] [coord_transform]: Outlier rejected #1 (jumped 448.6mm). Ignoring.
[WARN] [1786092744.851728875] [coord_transform]: Outlier rejected #2 (jumped 463.5mm). Ignoring.
[WARN] [1786092744.951049427] [coord_transform]: Outlier rejected #3 (jumped 438.5mm). Ignoring.
[WARN] [1786092744.983436133] [coord_transform]: Outlier rejected #4 (jumped 454.6mm). Ignoring.
[INFO] [1786092745.015803584] [coord_transform]: Too many outliers (5). Resetting filter to new position.
[WARN] [1786092745.078695969] [coord_transform]: Outlier rejected #1 (jumped 574.7mm). Ignoring.
[WARN] [1786092745.181617935] [coord_transform]: Outlier rejected #1 (jumped 266.9mm). Ignoring.
[WARN] [1786092745.247944360] [coord_transform]: Outlier rejected #1 (jumped 440.2mm). Ignoring.
[WARN] [1786092745.283558396] [coord_transform]: Outlier rejected #2 (jumped 418.8mm). Ignoring.
[WARN] [1786092745.352082674] [coord_transform]: Outlier rejected #1 (jumped 170.5mm). Ignoring.
[WARN] [1786092745.385282380] [coord_transform]: Outlier rejected #2 (jumped 321.8mm). Ignoring.
[WARN] [1786092745.417365696] [coord_transform]: Outlier rejected #3 (jumped 281.8mm). Ignoring.
[WARN] [1786092745.548255087] [coord_transform]: Outlier rejected #1 (jumped 427.5mm). Ignoring.
[WARN] [1786092745.584728520] [coord_transform]: Outlier rejected #2 (jumped 383.6mm). Ignoring.
[WARN] [1786092745.618363244] [coord_transform]: Outlier rejected #3 (jumped 378.1mm). Ignoring.
[WARN] [1786092745.649692201] [coord_transform]: Outlier rejected #4 (jumped 279.8mm). Ignoring.
[WARN] [1786092745.961355542] [coord_transform]: Outlier rejected #1 (jumped 799.7mm). Ignoring.
[WARN] [1786092745.987484789] [coord_transform]: Outlier rejected #2 (jumped 783.6mm). Ignoring.
[WARN] [1786092746.018725720] [coord_transform]: Outlier rejected #3 (jumped 819.4mm). Ignoring.
[WARN] [1786092746.048812741] [coord_transform]: Outlier rejected #4 (jumped 780.2mm). Ignoring.
[INFO] [1786092746.083629840] [coord_transform]: Too many outliers (5). Resetting filter to new position.
[WARN] [1786092747.654646845] [coord_transform]: Outlier rejected #1 (jumped 167.4mm). Ignoring.
[WARN] [1786092747.689563410] [coord_transform]: Outlier rejected #2 (jumped 279.0mm). Ignoring.
[WARN] [1786092747.722028365] [coord_transform]: Outlier rejected #3 (jumped 329.5mm). Ignoring.
[WARN] [1786092747.754727099] [coord_transform]: Outlier rejected #4 (jumped 338.7mm). Ignoring.
[INFO] [1786092747.785420160] [coord_transform]: Too many outliers (5). Resetting filter to new position.
[WARN] [1786092748.117532642] [coord_transform]: Outlier rejected #1 (jumped 264.9mm). Ignoring.
[WARN] [1786092748.148818278] [coord_transform]: Outlier rejected #2 (jumped 285.7mm). Ignoring.
[WARN] [1786092748.184870551] [coord_transform]: Outlier rejected #3 (jumped 292.9mm). Ignoring.
[WARN] [1786092748.218978526] [coord_transform]: Outlier rejected #4 (jumped 301.6mm). Ignoring.
[INFO] [1786092748.252031266] [coord_transform]: Too many outliers (5). Resetting filter to new position.
[WARN] [1786092749.287208006] [coord_transform]: Outlier rejected #1 (jumped 164.4mm). Ignoring.
[WARN] [1786092749.324039324] [coord_transform]: Outlier rejected #2 (jumped 221.7mm). Ignoring.
[WARN] [1786092749.352219048] [coord_transform]: Outlier rejected #3 (jumped 295.6mm). Ignoring.
[WARN] [1786092749.386361920] [coord_transform]: Outlier rejected #4 (jumped 371.5mm). Ignoring.
[INFO] [1786092749.419592284] [coord_transform]: Too many outliers (5). Resetting filter to new position.
[WARN] [1786092751.384594507] [coord_transform]: Outlier rejected #1 (jumped 252.9mm). Ignoring.
[WARN] [1786092751.418581115] [coord_transform]: Outlier rejected #2 (jumped 207.2mm). Ignoring.
[WARN] [1786092751.452061070] [coord_transform]: Outlier rejected #3 (jumped 221.5mm). Ignoring.
[WARN] [1786092751.662703723] [coord_transform]: Outlier rejected #4 (jumped 229.9mm). Ignoring.
[INFO] [1786092751.692470744] [coord_transform]: Too many outliers (5). Resetting filter to new position.
[WARN] [1786092752.186121800] [coord_transform]: Outlier rejected #1 (jumped 813.8mm). Ignoring.
[WARN] [1786092752.225168897] [coord_transform]: Outlier rejected #2 (jumped 814.7mm). Ignoring.
[WARN] [1786092752.253032858] [coord_transform]: Outlier rejected #3 (jumped 816.8mm). Ignoring.
[WARN] [1786092752.287582215] [coord_transform]: Outlier rejected #4 (jumped 814.8mm). Ignoring.
[INFO] [1786092752.326098344] [coord_transform]: Too many outliers (5). Resetting filter to new position.
[WARN] [1786092752.954392274] [coord_transform]: Outlier rejected #1 (jumped 838.1mm). Ignoring.
[WARN] [1786092752.987547358] [coord_transform]: Outlier rejected #2 (jumped 911.4mm). Ignoring.
[WARN] [1786092753.025081138] [coord_transform]: Outlier rejected #3 (jumped 914.5mm). Ignoring.
[WARN] [1786092753.054480578] [coord_transform]: Outlier rejected #4 (jumped 1052.7mm). Ignoring.
[INFO] [1786092753.088351339] [coord_transform]: Too many outliers (5). Resetting filter to new position.
[WARN] [1786092768.764146562] [coord_transform]: Outlier rejected #1 (jumped 530.4mm). Ignoring.
[WARN] [1786092768.802708082] [coord_transform]: Outlier rejected #2 (jumped 509.0mm). Ignoring.
[WARN] [1786092768.835801666] [coord_transform]: Outlier rejected #3 (jumped 501.2mm). Ignoring.
[WARN] [1786092768.867562403] [coord_transform]: Outlier rejected #4 (jumped 469.2mm). Ignoring.
[INFO] [1786092768.904752152] [coord_transform]: Too many outliers (5). Resetting filter to new position.
[WARN] [1786092771.866833574] [coord_transform]: Outlier rejected #1 (jumped 627.0mm). Ignoring.
[WARN] [1786092771.905682506] [coord_transform]: Outlier rejected #2 (jumped 624.6mm). Ignoring.
[WARN] [1786092771.935474420] [coord_transform]: Outlier rejected #3 (jumped 629.4mm). Ignoring.
[WARN] [1786092771.971720956] [coord_transform]: Outlier rejected #4 (jumped 618.0mm). Ignoring.
[INFO] [1786092772.039228921] [coord_transform]: Too many outliers (5). Resetting filter to new position.
[WARN] [1786092772.170478977] [coord_transform]: Outlier rejected #1 (jumped 166.3mm). Ignoring.
[WARN] [1786092772.203101345] [coord_transform]: Outlier rejected #2 (jumped 153.9mm). Ignoring.
[WARN] [1786092772.306195124] [coord_transform]: Outlier rejected #1 (jumped 542.3mm). Ignoring.
[WARN] [1786092772.337515954] [coord_transform]: Outlier rejected #2 (jumped 569.8mm). Ignoring.
[WARN] [1786092772.370965970] [coord_transform]: Outlier rejected #3 (jumped 573.3mm). Ignoring.
[WARN] [1786092772.406082781] [coord_transform]: Outlier rejected #4 (jumped 567.2mm). Ignoring.
[WARN] [1786092772.601022158] [coord_transform]: Outlier rejected #1 (jumped 212.8mm). Ignoring.
[WARN] [1786092772.634931518] [coord_transform]: Outlier rejected #2 (jumped 224.0mm). Ignoring.
[WARN] [1786092772.668022959] [coord_transform]: Outlier rejected #3 (jumped 211.1mm). Ignoring.
[WARN] [1786092772.706813662] [coord_transform]: Outlier rejected #4 (jumped 203.5mm). Ignoring.
[WARN] [1786092772.838102841] [coord_transform]: Outlier rejected #1 (jumped 640.8mm). Ignoring.
[WARN] [1786092772.873275026] [coord_transform]: Outlier rejected #2 (jumped 155.4mm). Ignoring.
[WARN] [1786092773.005905599] [coord_transform]: Outlier rejected #1 (jumped 632.2mm). Ignoring.
[WARN] [1786092774.269547900] [coord_transform]: Outlier rejected #1 (jumped 994.1mm). Ignoring.
[WARN] [1786092774.306857056] [coord_transform]: Outlier rejected #2 (jumped 987.4mm). Ignoring.
[WARN] [1786092774.606200413] [coord_transform]: Outlier rejected #3 (jumped 166.6mm). Ignoring.
[WARN] [1786092774.638907892] [coord_transform]: Outlier rejected #4 (jumped 171.3mm). Ignoring.
[INFO] [1786092774.673402473] [coord_transform]: Too many outliers (5). Resetting filter to new position.
[WARN] [1786092776.504257067] [coord_transform]: Outlier rejected #1 (jumped 180.2mm). Ignoring.
[WARN] [1786092776.537762999] [coord_transform]: Outlier rejected #2 (jumped 184.7mm). Ignoring.
[WARN] [1786092776.569870691] [coord_transform]: Outlier rejected #3 (jumped 166.2mm). Ignoring.
[WARN] [1786092789.617280025] [coord_transform]: Outlier rejected #1 (jumped 765.1mm). Ignoring.
[WARN] [1786092789.647563489] [coord_transform]: Outlier rejected #2 (jumped 732.6mm). Ignoring.
[WARN] [1786092789.682566822] [coord_transform]: Outlier rejected #3 (jumped 709.4mm). Ignoring.
[WARN] [1786092789.717399264] [coord_transform]: Outlier rejected #4 (jumped 692.1mm). Ignoring.
[INFO] [1786092789.750196828] [coord_transform]: Too many outliers (5). Resetting filter to new position.
[WARN] [1786092790.117162020] [coord_transform]: Outlier rejected #1 (jumped 610.3mm). Ignoring.
[WARN] [1786092790.147344204] [coord_transform]: Outlier rejected #2 (jumped 617.9mm). Ignoring.
[WARN] [1786092790.180792211] [coord_transform]: Outlier rejected #3 (jumped 618.5mm). Ignoring.
[WARN] [1786092790.219183769] [coord_transform]: Outlier rejected #4 (jumped 593.6mm). Ignoring.
[INFO] [1786092790.251291406] [coord_transform]: Too many outliers (5). Resetting filter to new position.
[WARN] [1786092790.680956461] [coord_transform]: Outlier rejected #1 (jumped 600.2mm). Ignoring.
[WARN] [1786092790.715841903] [coord_transform]: Outlier rejected #2 (jumped 591.1mm). Ignoring.
[WARN] [1786092790.747320756] [coord_transform]: Outlier rejected #3 (jumped 596.9mm). Ignoring.
[WARN] [1786092790.779078975] [coord_transform]: Outlier rejected #4 (jumped 605.2mm). Ignoring.
[INFO] [1786092790.818007383] [coord_transform]: Too many outliers (5). Resetting filter to new position.
[WARN] [1786092790.948167211] [coord_transform]: Outlier rejected #1 (jumped 591.8mm). Ignoring.
[WARN] [1786092791.082768976] [coord_transform]: Outlier rejected #1 (jumped 582.6mm). Ignoring.
[WARN] [1786092791.117937050] [coord_transform]: Outlier rejected #2 (jumped 605.3mm). Ignoring.
[WARN] [1786092791.150166596] [coord_transform]: Outlier rejected #3 (jumped 614.4mm). Ignoring.
[WARN] [1786092791.185247206] [coord_transform]: Outlier rejected #4 (jumped 613.9mm). Ignoring.
[INFO] [1786092791.218124350] [coord_transform]: Too many outliers (5). Resetting filter to new position.
[WARN] [1786092791.480792045] [coord_transform]: Outlier rejected #1 (jumped 501.2mm). Ignoring.
[WARN] [1786092791.518239147] [coord_transform]: Outlier rejected #2 (jumped 512.0mm). Ignoring.
[WARN] [1786092791.547880834] [coord_transform]: Outlier rejected #3 (jumped 496.4mm). Ignoring.
[WARN] [1786092791.579752386] [coord_transform]: Outlier rejected #4 (jumped 551.8mm). Ignoring.
[WARN] [1786092791.648001528] [coord_transform]: Outlier rejected #1 (jumped 635.8mm). Ignoring.
[WARN] [1786092791.682357605] [coord_transform]: Outlier rejected #2 (jumped 677.2mm). Ignoring.
[WARN] [1786092791.720684331] [coord_transform]: Outlier rejected #3 (jumped 733.9mm). Ignoring.
[WARN] [1786092793.584053671] [coord_transform]: Outlier rejected #1 (jumped 296.3mm). Ignoring.
[WARN] [1786092793.618228277] [coord_transform]: Outlier rejected #2 (jumped 340.4mm). Ignoring.
[WARN] [1786092793.651650076] [coord_transform]: Outlier rejected #3 (jumped 372.1mm). Ignoring.
[WARN] [1786092793.684093264] [coord_transform]: Outlier rejected #4 (jumped 390.4mm). Ignoring.
[INFO] [1786092793.717228525] [coord_transform]: Too many outliers (5). Resetting filter to new position.
[WARN] [1786092796.851351966] [coord_transform]: Outlier rejected #1 (jumped 292.1mm). Ignoring.
[WARN] [1786092796.883306826] [coord_transform]: Outlier rejected #2 (jumped 304.4mm). Ignoring.
[WARN] [1786092796.919277762] [coord_transform]: Outlier rejected #3 (jumped 316.6mm). Ignoring.
[WARN] [1786092796.952495799] [coord_transform]: Outlier rejected #4 (jumped 324.3mm). Ignoring.
[INFO] [1786092796.984343218] [coord_transform]: Too many outliers (5). Resetting filter to new position.
[WARN] [1786092798.654452313] [coord_transform]: Outlier rejected #1 (jumped 590.2mm). Ignoring.
[WARN] [1786092798.688187324] [coord_transform]: Outlier rejected #2 (jumped 693.5mm). Ignoring.
[WARN] [1786092801.135399372] [coord_transform]: Outlier rejected #1 (jumped 1487.1mm). Ignoring.
[WARN] [1786092801.769965246] [coord_transform]: Outlier rejected #2 (jumped 399.3mm). Ignoring.
[WARN] [1786092801.796533634] [coord_transform]: Outlier rejected #3 (jumped 388.3mm). Ignoring.
[WARN] [1786092801.828329326] [coord_transform]: Outlier rejected #4 (jumped 301.2mm). Ignoring.
[INFO] [1786092801.856387687] [coord_transform]: Too many outliers (5). Resetting filter to new position.
[WARN] [1786092801.955642682] [coord_transform]: Outlier rejected #1 (jumped 165.0mm). Ignoring.
[WARN] [1786092802.122802498] [coord_transform]: Outlier rejected #1 (jumped 1218.0mm). Ignoring.
[WARN] [1786092802.156268023] [coord_transform]: Outlier rejected #2 (jumped 1144.7mm). Ignoring.
[WARN] [1786092802.257470693] [coord_transform]: Outlier rejected #3 (jumped 1040.0mm). Ignoring.
[WARN] [1786092802.290620373] [coord_transform]: Outlier rejected #4 (jumped 993.9mm). Ignoring.
[INFO] [1786092802.325828316] [coord_transform]: Too many outliers (5). Resetting filter to new position.
[WARN] [1786092810.132598629] [coord_transform]: Outlier rejected #1 (jumped 644.7mm). Ignoring.
[WARN] [1786092810.166567673] [coord_transform]: Outlier rejected #2 (jumped 722.1mm). Ignoring.
[WARN] [1786092810.199466173] [coord_transform]: Outlier rejected #3 (jumped 785.1mm). Ignoring.
[WARN] [1786092810.230044658] [coord_transform]: Outlier rejected #4 (jumped 745.2mm). Ignoring.
[INFO] [1786092810.261221659] [coord_transform]: Too many outliers (5). Resetting filter to new position.
[WARN] [1786092810.361075529] [coord_transform]: Outlier rejected #1 (jumped 443.1mm). Ignoring.
[WARN] [1786092810.396769920] [coord_transform]: Outlier rejected #2 (jumped 740.0mm). Ignoring.
[WARN] [1786092810.431967596] [coord_transform]: Outlier rejected #3 (jumped 631.2mm). Ignoring.
[WARN] [1786092810.496393587] [coord_transform]: Outlier rejected #4 (jumped 404.0mm). Ignoring.
[INFO] [1786092810.533281984] [coord_transform]: Too many outliers (5). Resetting filter to new position.
[WARN] [1786092811.598811937] [coord_transform]: Outlier rejected #1 (jumped 244.4mm). Ignoring.
[WARN] [1786092811.666288437] [coord_transform]: Outlier rejected #1 (jumped 642.9mm). Ignoring.
[WARN] [1786092811.700292548] [coord_transform]: Outlier rejected #2 (jumped 564.3mm). Ignoring.
[WARN] [1786092811.733809432] [coord_transform]: Outlier rejected #3 (jumped 252.9mm). Ignoring.
[WARN] [1786092811.765587895] [coord_transform]: Outlier rejected #4 (jumped 234.6mm). Ignoring.
[INFO] [1786092811.799237529] [coord_transform]: Too many outliers (5). Resetting filter to new position.
[WARN] [1786092812.097899861] [coord_transform]: Outlier rejected #1 (jumped 203.7mm). Ignoring.
[WARN] [1786092812.234207994] [coord_transform]: Outlier rejected #2 (jumped 368.4mm). Ignoring.
[WARN] [1786092812.266241096] [coord_transform]: Outlier rejected #3 (jumped 432.2mm). Ignoring.
[WARN] [1786092812.300693440] [coord_transform]: Outlier rejected #4 (jumped 484.5mm). Ignoring.
[INFO] [1786092812.332877718] [coord_transform]: Too many outliers (5). Resetting filter to new position.
[WARN] [1786092812.567141571] [coord_transform]: Outlier rejected #1 (jumped 505.1mm). Ignoring.
[WARN] [1786092812.598421917] [coord_transform]: Outlier rejected #2 (jumped 295.9mm). Ignoring.
[WARN] [1786092812.632651221] [coord_transform]: Outlier rejected #3 (jumped 205.3mm). Ignoring.
[WARN] [1786092812.665679887] [coord_transform]: Outlier rejected #4 (jumped 246.5mm). Ignoring.
[INFO] [1786092812.697017151] [coord_transform]: Too many outliers (5). Resetting filter to new position.
[WARN] [1786092813.431574924] [coord_transform]: Outlier rejected #1 (jumped 227.1mm). Ignoring.
[WARN] [1786092813.464349793] [coord_transform]: Outlier rejected #2 (jumped 386.6mm). Ignoring.
[WARN] [1786092813.498060372] [coord_transform]: Outlier rejected #3 (jumped 371.6mm). Ignoring.
[WARN] [1786092813.531744531] [coord_transform]: Outlier rejected #4 (jumped 373.9mm). Ignoring.
[INFO] [1786092813.562638220] [coord_transform]: Too many outliers (5). Resetting filter to new position.
[WARN] [1786092813.864804219] [coord_transform]: Outlier rejected #1 (jumped 169.7mm). Ignoring.
[WARN] [1786092813.899279917] [coord_transform]: Outlier rejected #2 (jumped 173.4mm). Ignoring.
[WARN] [1786092814.099086670] [coord_transform]: Outlier rejected #1 (jumped 155.3mm). Ignoring.
[WARN] [1786092814.132930380] [coord_transform]: Outlier rejected #2 (jumped 234.5mm). Ignoring.
[WARN] [1786092814.168002030] [coord_transform]: Outlier rejected #3 (jumped 295.2mm). Ignoring.
[WARN] [1786092814.200436528] [coord_transform]: Outlier rejected #4 (jumped 265.5mm). Ignoring.
[INFO] [1786092814.231367779] [coord_transform]: Too many outliers (5). Resetting filter to new position.
[WARN] [1786092834.778004921] [coord_transform]: Outlier rejected #1 (jumped 718.5mm). Ignoring.
[WARN] [1786092834.810769817] [coord_transform]: Outlier rejected #2 (jumped 709.9mm). Ignoring.
[WARN] [1786092834.844384321] [coord_transform]: Outlier rejected #3 (jumped 715.8mm). Ignoring.
[WARN] [1786092834.880881861] [coord_transform]: Outlier rejected #4 (jumped 716.2mm). Ignoring.
[WARN] [1786092838.123593451] [coord_transform]: Outlier rejected #1 (jumped 202.5mm). Ignoring.
[WARN] [1786092838.227502237] [coord_transform]: Outlier rejected #1 (jumped 588.0mm). Ignoring.
[WARN] [1786092838.318223105] [coord_transform]: Outlier rejected #2 (jumped 170.5mm). Ignoring.
[WARN] [1786092838.417937779] [coord_transform]: Outlier rejected #1 (jumped 191.6mm). Ignoring.
[WARN] [1786092838.518148325] [coord_transform]: Outlier rejected #1 (jumped 223.1mm). Ignoring.
[WARN] [1786092838.582317408] [coord_transform]: Outlier rejected #1 (jumped 234.5mm). Ignoring.
[WARN] [1786092838.617651640] [coord_transform]: Outlier rejected #2 (jumped 251.8mm). Ignoring.
[WARN] [1786092838.715500713] [coord_transform]: Outlier rejected #1 (jumped 204.2mm). Ignoring.
[WARN] [1786092838.747868272] [coord_transform]: Outlier rejected #2 (jumped 177.0mm). Ignoring.
[WARN] [1786092838.814635084] [coord_transform]: Outlier rejected #3 (jumped 170.1mm). Ignoring.
[WARN] [1786092838.852340308] [coord_transform]: Outlier rejected #4 (jumped 154.2mm). Ignoring.
[INFO] [1786092838.885696157] [coord_transform]: Too many outliers (5). Resetting filter to new position.
[WARN] [1786092842.822421229] [coord_transform]: Outlier rejected #1 (jumped 643.6mm). Ignoring.
[WARN] [1786092842.856086862] [coord_transform]: Outlier rejected #2 (jumped 708.1mm). Ignoring.
[WARN] [1786092842.890215036] [coord_transform]: Outlier rejected #3 (jumped 774.3mm). Ignoring.
[WARN] [1786092855.230372476] [coord_transform]: Outlier rejected #1 (jumped 940.8mm). Ignoring.
[WARN] [1786092855.259885308] [coord_transform]: Outlier rejected #2 (jumped 1011.7mm). Ignoring.
[WARN] [1786092855.295636580] [coord_transform]: Outlier rejected #3 (jumped 910.8mm). Ignoring.
[WARN] [1786092855.333795763] [coord_transform]: Outlier rejected #4 (jumped 925.4mm). Ignoring.
[INFO] [1786092855.364862499] [coord_transform]: Too many outliers (5). Resetting filter to new position.
[WARN] [1786092856.363138154] [coord_transform]: Outlier rejected #1 (jumped 1295.6mm). Ignoring.
[WARN] [1786092856.395857440] [coord_transform]: Outlier rejected #2 (jumped 1320.1mm). Ignoring.
[WARN] [1786092856.426310090] [coord_transform]: Outlier rejected #3 (jumped 1305.8mm). Ignoring.
[WARN] [1786092856.454637191] [coord_transform]: Outlier rejected #4 (jumped 1107.7mm). Ignoring.
[INFO] [1786092856.482956747] [coord_transform]: Too many outliers (5). Resetting filter to new position.
