[INFO] [1786683603.019229582] [cartesian_streamer]: CartesianStreamer khởi động (chờ Enable Robot từ UI).
  Stream rate:       15 Hz (period=66.7ms)
  Queue dt:          0.067 s
  Prebuffer points:  3
  Retry backoff:     66.0 ms
  Gửi PoseStamped lên: /cartesian_streamer/target_pose
  Gửi XYZ lên:        /cartesian_streamer/target_xyz
  Nhận EE pose tại:   /cartesian_streamer/current_pose
[INFO] [1786683603.117031128] [cartesian_streamer]: Nhận joint_states: ['1.571', '0.124', '-1.049', '0.000', '-0.398', '-1.444']
[INFO] [1786683603.494891492] [cartesian_streamer]: ⚡ Simulation mode: Bỏ qua FK cross-validation, ÉP DÙNG Local IK.
   (MoveIt không có planning library trong môi trường giả lập)
[INFO] [1786683603.495658986] [cartesian_streamer]: Đã nhận joint_states. EE hiện tại: (-0.1620, 0.2801, 0.3785). IK mode: Local DLS. Chờ Enable Robot từ UI...
[INFO] [1786683634.390778934] [cartesian_streamer]: Disable Robot: dừng stream, tắt traj mode...
[INFO] [1786683634.391258320] [cartesian_streamer]: ✗ Robot DISABLED.
[INFO] [1786683642.608072917] [cartesian_streamer]: Enable Robot: bắt đầu chuỗi khởi động...
[INFO] [1786683642.608523079] [cartesian_streamer]: Enable: reset_error...
[INFO] [1786683642.610752176] [cartesian_streamer]: reset_error: code=1, msg="Mock: Error Reset OK"
[INFO] [1786683642.611362386] [cartesian_streamer]: Enable: stop_traj_mode (giải phóng mode cũ)...
[INFO] [1786683642.613157573] [cartesian_streamer]: stop_traj_mode: success=True, code=N/A, msg="Mock: OK"
[INFO] [1786683642.613431074] [cartesian_streamer]: Enable: chờ 1.5s để hệ thống ổn định trước khi start queue...
[INFO] [1786683644.114782599] [cartesian_streamer]: Enable: StartPointQueueMode...
[INFO] [1786683644.118048465] [cartesian_streamer]: StartPointQueueMode response: code=1, msg="Mock: Queue Mode Started"
[INFO] [1786683644.118357012] [cartesian_streamer]: ✓ Robot ENABLED — Point Queue Mode active. Servo ON!
[INFO] [1786683644.127801008] [cartesian_streamer]: Runtime rate: state=seeding, tick_hz=0.0, queue_send_hz=0.0, ack_hz=0.0, busy_hz=0.0, retry_count=0, reject_count=0, inter_ack_ms=0.0, max_joint_delta=0.000, cumul_time=0.00s, hold_count=0, ik_mode=Local, ik_avg_ms=0.00, ik_fails=0
[INFO] [1786683644.128518019] [cartesian_streamer]: Bootstrap EE pose via FK: (-0.1620, 0.2801, 0.3785)
[INFO] [1786683644.128948724] [cartesian_streamer]: Đang stream qua service: /queue_traj_point
[INFO] [1786683644.129382084] [cartesian_streamer]: Đã gửi seed point (current joints, t=0), chờ ACK...
[INFO] [1786683644.131186898] [cartesian_streamer]: Seed ACK nhận được, bắt đầu prebuffer.
[INFO] [1786683644.131609278] [cartesian_streamer]: Queue accepted sample#1: svc=/queue_traj_point, t_cumul=0.0000s, code=1, msg="Mock: Point accepted (0)", hold=False
[INFO] [1786683644.198581007] [cartesian_streamer]: Queue accepted sample#2: svc=/queue_traj_point, t_cumul=0.0644s, code=1, msg="Mock: Point accepted (1)", hold=True
[INFO] [1786683644.262249760] [cartesian_streamer]: Queue accepted sample#3: svc=/queue_traj_point, t_cumul=0.1309s, code=1, msg="Mock: Point accepted (2)", hold=True
[INFO] [1786683644.330679755] [cartesian_streamer]: Pre-buffer hoàn tất (3 points), bắt đầu stream ổn định. Đang chờ target...
[INFO] [1786683644.331362141] [cartesian_streamer]: Queue accepted sample#4: svc=/queue_traj_point, t_cumul=0.1992s, code=1, msg="Mock: Point accepted (3)", hold=True
[INFO] [1786683644.397134808] [cartesian_streamer]: Queue accepted sample#5: svc=/queue_traj_point, t_cumul=0.2643s, code=1, msg="Mock: Point accepted (4)", hold=True
[INFO] [1786683645.397136945] [cartesian_streamer]: QueueTrajPoint accepted #20: t=1.265s, hold=True
[INFO] [1786683646.728972683] [cartesian_streamer]: QueueTrajPoint accepted #40: t=2.598s, hold=True
[INFO] [1786683647.995017969] [cartesian_streamer]: IK OK → Δmax=0.0093 rad, joints: [1.572, 0.128, -1.040, -0.000, -0.404, -1.445]
[INFO] [1786683648.063106020] [cartesian_streamer]: QueueTrajPoint accepted #60: t=3.933s, hold=False
[INFO] [1786683648.928941051] [cartesian_streamer]: IK delta clamped → joints: [1.711, 0.188, -0.869, -0.000, -0.515, -1.575]
[INFO] [1786683649.194060796] [cartesian_streamer]: Runtime rate: state=streaming, tick_hz=15.0, queue_send_hz=15.0, ack_hz=15.0, busy_hz=0.0, retry_count=0, reject_count=0, inter_ack_ms=66.7, max_joint_delta=0.090, cumul_time=5.00s, hold_count=0, ik_mode=Local, ik_avg_ms=0.92, ik_fails=0
[INFO] [1786683649.397683073] [cartesian_streamer]: QueueTrajPoint accepted #80: t=5.266s, hold=False
[INFO] [1786683649.997710769] [cartesian_streamer]: IK OK → Δmax=0.0900 rad, joints: [1.610, 0.115, -0.618, -0.000, -0.648, -1.482]
[INFO] [1786683650.731150645] [cartesian_streamer]: QueueTrajPoint accepted #100: t=6.599s, hold=False
[INFO] [1786683650.994887852] [cartesian_streamer]: IK delta clamped → joints: [1.557, 0.150, -0.408, 0.000, -0.728, -1.429]
[INFO] [1786683652.062069374] [cartesian_streamer]: IK OK → Δmax=0.0900 rad, joints: [1.564, 0.289, -0.194, 0.000, -0.813, -1.436]
[INFO] [1786683652.064741530] [cartesian_streamer]: QueueTrajPoint accepted #120: t=7.933s, hold=False
[INFO] [1786683652.995241374] [cartesian_streamer]: IK delta clamped → joints: [1.553, 0.480, -0.007, 0.000, -0.888, -1.426]
[INFO] [1786683653.397730187] [cartesian_streamer]: QueueTrajPoint accepted #140: t=9.267s, hold=False
[INFO] [1786683654.063034050] [cartesian_streamer]: IK OK → Δmax=0.0900 rad, joints: [1.547, 0.736, 0.206, 0.000, -0.974, -1.420]
[INFO] [1786683654.260463107] [cartesian_streamer]: Runtime rate: state=streaming, tick_hz=15.0, queue_send_hz=15.0, ack_hz=15.0, busy_hz=0.0, retry_count=0, reject_count=0, inter_ack_ms=66.7, max_joint_delta=0.090, cumul_time=10.07s, hold_count=0, ik_mode=Local, ik_avg_ms=0.91, ik_fails=0
[INFO] [1786683654.733982098] [cartesian_streamer]: QueueTrajPoint accepted #160: t=10.600s, hold=False
[INFO] [1786683654.818464240] [cartesian_streamer]: Local IK không hội tụ (fail #1)
[WARN] [1786683655.560278522] [cartesian_streamer]: Local IK failed 10x liên tiếp! Fallback sang MoveIt! IK...
[INFO] [1786683655.561566910] [cartesian_streamer]: IK delta clamped → joints: [1.547, 0.888, 0.352, 0.000, -1.032, -1.420]
[INFO] [1786683656.088162775] [cartesian_streamer]: IK OK → Δmax=0.0900 rad, joints: [1.547, 0.927, 0.450, 0.000, -1.071, -1.420]
[INFO] [1786683656.353888460] [cartesian_streamer]: QueueTrajPoint accepted #180: t=12.222s, hold=False
[WARN] [1786683657.617794372] [cartesian_streamer]: Local IK failed 36x liên tiếp! Fallback sang MoveIt! IK...
[INFO] [1786683657.619195522] [cartesian_streamer]: IK delta clamped → joints: [1.547, 0.927, 0.767, 0.000, -1.198, -1.420]
[INFO] [1786683657.891095477] [cartesian_streamer]: QueueTrajPoint accepted #200: t=13.760s, hold=False
[INFO] [1786683658.088290970] [cartesian_streamer]: IK OK → Δmax=0.0900 rad, joints: [1.547, 0.927, 0.850, 0.000, -1.231, -1.420]
[INFO] [1786683659.260510283] [cartesian_streamer]: Runtime rate: state=streaming, tick_hz=15.0, queue_send_hz=13.0, ack_hz=13.0, busy_hz=0.0, retry_count=0, reject_count=0, inter_ack_ms=77.2, max_joint_delta=0.090, cumul_time=15.09s, hold_count=0, ik_mode=Local, ik_avg_ms=9.32, ik_fails=57
[INFO] [1786683659.492004807] [cartesian_streamer]: QueueTrajPoint accepted #220: t=15.361s, hold=False
[INFO] [1786683659.620260758] [cartesian_streamer]: IK delta clamped → joints: [1.547, 0.927, 1.020, 0.000, -1.358, -1.420]
[WARN] [1786683659.689847265] [cartesian_streamer]: Local IK failed 63x liên tiếp! Fallback sang MoveIt! IK...
[INFO] [1786683660.157116428] [cartesian_streamer]: IK OK → Δmax=0.0900 rad, joints: [1.547, 0.927, 1.020, 0.000, -1.396, -1.420]
[INFO] [1786683661.025047267] [cartesian_streamer]: QueueTrajPoint accepted #240: t=16.894s, hold=False
[INFO] [1786683661.684046200] [cartesian_streamer]: IK delta clamped → joints: [1.547, 0.927, 1.020, 0.000, -1.518, -1.420]
[WARN] [1786683661.750153284] [cartesian_streamer]: Local IK failed 88x liên tiếp! Fallback sang MoveIt! IK...
[INFO] [1786683662.195454157] [cartesian_streamer]: IK OK → Δmax=0.0700 rad, joints: [1.473, 0.882, 0.908, 0.000, -1.539, -1.346]
[INFO] [1786683662.531289312] [cartesian_streamer]: QueueTrajPoint accepted #260: t=18.400s, hold=False
[INFO] [1786683663.729974431] [cartesian_streamer]: IK delta clamped → joints: [1.416, 0.742, 0.601, 0.000, -1.415, -1.289]
[INFO] [1786683663.863695622] [cartesian_streamer]: QueueTrajPoint accepted #280: t=19.733s, hold=False
[INFO] [1786683664.260980305] [cartesian_streamer]: Runtime rate: state=streaming, tick_hz=15.0, queue_send_hz=13.6, ack_hz=13.6, busy_hz=0.0, retry_count=0, reject_count=0, inter_ack_ms=73.2, max_joint_delta=0.090, cumul_time=20.07s, hold_count=0, ik_mode=Local, ik_avg_ms=10.23, ik_fails=90
[INFO] [1786683664.262152667] [cartesian_streamer]: IK OK → Δmax=0.0000 rad, joints: [1.416, 0.742, 0.586, 0.000, -1.415, -1.289]
[INFO] [1786683665.202611489] [cartesian_streamer]: QueueTrajPoint accepted #300: t=21.070s, hold=False
[INFO] [1786683666.328166116] [cartesian_streamer]: IK OK → Δmax=0.0000 rad, joints: [1.432, 0.759, 0.629, 0.000, -1.441, -1.304]
[INFO] [1786683666.530045119] [cartesian_streamer]: QueueTrajPoint accepted #320: t=22.399s, hold=False
[INFO] [1786683667.864364737] [cartesian_streamer]: QueueTrajPoint accepted #340: t=23.734s, hold=False
[INFO] [1786683668.328439079] [cartesian_streamer]: IK OK → Δmax=0.0180 rad, joints: [1.472, 0.784, 0.627, 0.000, -1.414, -1.345]
[INFO] [1786683669.199630899] [cartesian_streamer]: QueueTrajPoint accepted #360: t=25.068s, hold=False
[INFO] [1786683669.261801161] [cartesian_streamer]: Runtime rate: state=streaming, tick_hz=15.0, queue_send_hz=15.0, ack_hz=15.0, busy_hz=0.0, retry_count=0, reject_count=0, inter_ack_ms=66.7, max_joint_delta=0.066, cumul_time=25.07s, hold_count=0, ik_mode=Local, ik_avg_ms=7.83, ik_fails=90
[INFO] [1786683669.728068665] [cartesian_streamer]: IK delta clamped → joints: [1.658, 0.957, 0.847, -0.000, -1.461, -1.529]
[INFO] [1786683670.395125613] [cartesian_streamer]: IK OK → Δmax=0.0450 rad, joints: [1.665, 0.967, 0.861, -0.000, -1.466, -1.537]
[INFO] [1786683670.529879342] [cartesian_streamer]: QueueTrajPoint accepted #380: t=26.399s, hold=False
[INFO] [1786683671.863504651] [cartesian_streamer]: QueueTrajPoint accepted #400: t=27.733s, hold=False
[INFO] [1786683672.395310712] [cartesian_streamer]: IK OK → Δmax=0.0453 rad, joints: [1.638, 0.942, 0.917, -0.000, -1.546, -1.510]
[INFO] [1786683673.199751687] [cartesian_streamer]: QueueTrajPoint accepted #420: t=29.068s, hold=False
[INFO] [1786683673.262252491] [cartesian_streamer]: IK delta clamped → joints: [1.593, 0.839, 0.931, -0.000, -1.661, -1.466]
[INFO] [1786683674.327831343] [cartesian_streamer]: Runtime rate: state=streaming, tick_hz=15.0, queue_send_hz=15.0, ack_hz=15.0, busy_hz=0.0, retry_count=0, reject_count=0, inter_ack_ms=66.6, max_joint_delta=0.090, cumul_time=30.13s, hold_count=0, ik_mode=Local, ik_avg_ms=6.39, ik_fails=90
[INFO] [1786683674.395463655] [cartesian_streamer]: IK OK → Δmax=0.0900 rad, joints: [1.531, 0.747, 1.049, 0.000, -1.751, -1.404]
[INFO] [1786683674.484989551] [cartesian_streamer]: Local IK không hội tụ (fail #1)
[INFO] [1786683674.553829672] [cartesian_streamer]: QueueTrajPoint accepted #440: t=30.423s, hold=True
[WARN] [1786683675.088052437] [cartesian_streamer]: Local IK failed 10x liên tiếp! Fallback sang MoveIt! IK...
[INFO] [1786683675.350406903] [cartesian_streamer]: IK delta clamped → joints: [1.531, 0.747, 1.049, 0.000, -1.773, -1.404]
[INFO] [1786683675.931101165] [cartesian_streamer]: QueueTrajPoint accepted #460: t=31.800s, hold=False
[INFO] [1786683676.398419593] [cartesian_streamer]: IK OK → Δmax=0.0900 rad, joints: [1.512, 0.710, 0.789, 0.000, -1.588, -1.385]
[INFO] [1786683677.264605973] [cartesian_streamer]: QueueTrajPoint accepted #480: t=33.133s, hold=False
[INFO] [1786683677.395010906] [cartesian_streamer]: IK delta clamped → joints: [1.530, 0.714, 0.589, 0.000, -1.508, -1.402]
[INFO] [1786683678.462055390] [cartesian_streamer]: IK OK → Δmax=0.0900 rad, joints: [1.535, 0.717, 0.376, 0.000, -1.423, -1.408]
[INFO] [1786683678.597097237] [cartesian_streamer]: QueueTrajPoint accepted #500: t=34.466s, hold=False
[INFO] [1786683679.327296564] [cartesian_streamer]: Runtime rate: state=streaming, tick_hz=15.0, queue_send_hz=14.8, ack_hz=14.8, busy_hz=0.0, retry_count=0, reject_count=0, inter_ack_ms=67.6, max_joint_delta=0.090, cumul_time=35.13s, hold_count=0, ik_mode=Local, ik_avg_ms=6.13, ik_fails=103
[INFO] [1786683679.461425427] [cartesian_streamer]: IK delta clamped → joints: [1.535, 0.681, 0.187, 0.000, -1.343, -1.407]
[INFO] [1786683679.930753962] [cartesian_streamer]: QueueTrajPoint accepted #520: t=35.800s, hold=False
[INFO] [1786683680.463469604] [cartesian_streamer]: IK OK → Δmax=0.0900 rad, joints: [1.487, 0.608, 0.099, 0.000, -1.263, -1.360]
[INFO] [1786683681.267078531] [cartesian_streamer]: QueueTrajPoint accepted #540: t=37.135s, hold=False
[INFO] [1786683681.463948872] [cartesian_streamer]: IK delta clamped → joints: [1.366, 0.419, -0.132, 0.000, -1.183, -1.239]
[INFO] [1786683682.528684176] [cartesian_streamer]: IK OK → Δmax=0.0900 rad, joints: [1.318, 0.349, -0.222, 0.000, -1.097, -1.191]
[INFO] [1786683682.597162410] [cartesian_streamer]: QueueTrajPoint accepted #560: t=38.466s, hold=False
[INFO] [1786683683.597893408] [cartesian_streamer]: IK delta clamped → joints: [1.417, 0.456, -0.029, 0.000, -1.090, -1.289]
[INFO] [1786683683.931183573] [cartesian_streamer]: QueueTrajPoint accepted #580: t=39.800s, hold=False
[INFO] [1786683684.327594499] [cartesian_streamer]: Runtime rate: state=streaming, tick_hz=15.0, queue_send_hz=15.0, ack_hz=15.0, busy_hz=0.0, retry_count=0, reject_count=0, inter_ack_ms=66.7, max_joint_delta=0.090, cumul_time=40.13s, hold_count=0, ik_mode=Local, ik_avg_ms=5.38, ik_fails=103
[INFO] [1786683684.528897301] [cartesian_streamer]: IK OK → Δmax=0.0837 rad, joints: [1.515, 0.620, 0.158, 0.000, -1.248, -1.388]
[INFO] [1786683685.265707180] [cartesian_streamer]: QueueTrajPoint accepted #600: t=41.134s, hold=False
[INFO] [1786683685.661732784] [cartesian_streamer]: IK delta clamped → joints: [1.603, 0.886, 0.385, -0.000, -1.345, -1.476]
[INFO] [1786683685.944789879] [cartesian_streamer]: Local IK không hội tụ (fail #1)
[WARN] [1786683686.683952379] [cartesian_streamer]: Local IK failed 10x liên tiếp! Fallback sang MoveIt! IK...
[INFO] [1786683686.688458577] [cartesian_streamer]: IK OK → Δmax=0.0900 rad, joints: [1.616, 0.954, 0.438, -0.000, -1.366, -1.489]
[INFO] [1786683686.752999633] [cartesian_streamer]: QueueTrajPoint accepted #620: t=42.622s, hold=False
[INFO] [1786683687.685483598] [cartesian_streamer]: IK delta clamped → joints: [1.616, 0.954, 0.639, -0.000, -1.446, -1.489]
[INFO] [1786683688.091084136] [cartesian_streamer]: QueueTrajPoint accepted #640: t=43.960s, hold=False
[WARN] [1786683688.701805538] [cartesian_streamer]: Local IK failed 39x liên tiếp! Fallback sang MoveIt! IK...
[INFO] [1786683688.705623780] [cartesian_streamer]: IK OK → Δmax=0.0900 rad, joints: [1.616, 0.954, 0.839, -0.000, -1.526, -1.489]
[INFO] [1786683689.328887747] [cartesian_streamer]: Runtime rate: state=streaming, tick_hz=15.0, queue_send_hz=14.0, ack_hz=14.0, busy_hz=0.0, retry_count=0, reject_count=0, inter_ack_ms=71.8, max_joint_delta=0.090, cumul_time=45.16s, hold_count=0, ik_mode=Local, ik_avg_ms=6.63, ik_fails=149
[INFO] [1786683689.627512329] [cartesian_streamer]: QueueTrajPoint accepted #660: t=45.496s, hold=False
[INFO] [1786683689.691021428] [cartesian_streamer]: IK delta clamped → joints: [1.616, 0.954, 1.003, -0.000, -1.607, -1.489]
[INFO] [1786683690.729203693] [cartesian_streamer]: IK OK → Δmax=0.0700 rad, joints: [1.645, 0.864, 0.928, -0.000, -1.605, -1.518]
[INFO] [1786683691.065593609] [cartesian_streamer]: QueueTrajPoint accepted #680: t=46.933s, hold=False
[INFO] [1786683691.729547332] [cartesian_streamer]: IK delta clamped → joints: [1.658, 0.662, 0.727, -0.000, -1.440, -1.530]
[INFO] [1786683691.942323720] [cartesian_streamer]: Disable Robot: dừng stream, tắt traj mode...
[INFO] [1786683691.942869721] [cartesian_streamer]: ✗ Robot DISABLED.
