[INFO] [1786960519.369252576] [coord_transform]: CoordTransformNode khởi động.
  Object offset (cam frame): [0.05 0.   0.1 ]
  Translation cam→base:      [0.5 0.  1.2]
  EE orientation (xyzw):     [0.0, 1.0, 0.0, 0.0]
  Prediction step:           2
  Axis remap:                [0, 1, 2]
  Axis sign:                 [-1.0, 1.0, 1.0]
  Workspace X: (-1.0, 1.0), Y: (-0.5, 1.3), Z: (0.05, 1.5)
  Filter outlier_threshold:  0.15m
  Filter median_size_y:      3
  Filter deadband_tol:       15.0mm
  Filter stationary_thresh:  3 frames
  Filter max_rate:           5.0cm/frame
  Filter EMA moving(x,y,z):  (1.0,0.8,1.0)
  Filter EMA hold  (x,y,z):  (0.08,0.02,0.05)
[INFO] [1786960523.506137150] [coord_transform]: Đã chuyển mode: ground_truth -> prediction
[WARN] [1786960543.701873333] [coord_transform]: Outlier rejected #1 (jumped 2369.3mm). Ignoring.
[WARN] [1786960543.731223326] [coord_transform]: Outlier rejected #2 (jumped 2387.4mm). Ignoring.
[WARN] [1786960543.763981057] [coord_transform]: Outlier rejected #3 (jumped 2386.8mm). Ignoring.
[WARN] [1786960543.799324719] [coord_transform]: Outlier rejected #4 (jumped 2395.9mm). Ignoring.
[INFO] [1786960543.833153507] [coord_transform]: Too many outliers (5). Resetting filter to new position.
[INFO] [1786960548.826824910] [coord_transform]: Captured Init Pose! P_init=(-0.162, 0.309, 0.388), Cam_init=(0.128, -0.189, -0.009), Noise_Tol=60.0mm
Orientation=(0.988, -0.153, -0.004, -0.029)
[INFO] [1786960548.933646904] [coord_transform]: Deadband: RELEASE — motion detected
[INFO] [1786960548.971193614] [coord_transform]: Deadband: HOLD at (0.128, -0.189, -0.009)
[INFO] [1786960550.966787617] [coord_transform]: Deadband: RELEASE — motion detected
[INFO] [1786960551.004045413] [coord_transform]: Deadband: HOLD at (0.128, -0.189, -0.009)
[INFO] [1786960552.969535243] [coord_transform]: Deadband: RELEASE — motion detected
[INFO] [1786960553.009231050] [coord_transform]: Deadband: HOLD at (0.128, -0.189, -0.009)
[INFO] [1786960555.005191543] [coord_transform]: Deadband: RELEASE — motion detected
[INFO] [1786960555.040771619] [coord_transform]: Deadband: HOLD at (0.128, -0.189, -0.009)
[INFO] [1786960557.408267718] [coord_transform]: Deadband: RELEASE — motion detected
[INFO] [1786960557.441389014] [coord_transform]: Deadband: HOLD at (0.128, -0.189, -0.009)
[INFO] [1786960559.811577501] [coord_transform]: Deadband: RELEASE — motion detected
[INFO] [1786960559.844470728] [coord_transform]: Deadband: HOLD at (0.128, -0.189, -0.009)
[INFO] [1786960560.369815145] [coord_transform]: Re-sync camera init: [ 0.122 -0.105 -0.005]
[INFO] [1786960560.370060517] [coord_transform]: Trạng thái tracking: RUNNING
[INFO] [1786960560.389804399] [coord_transform]: [SNAP ON] Tay thực tế đứng yên. Ép dừng robot (GRU đang lệch 0.0cm).
[INFO] [1786960560.390594197] [coord_transform]: [PREDICTION] Transform: cam[ 0.122 -0.105 -0.005] → base[-0.162  0.309  0.388]
[INFO] [1786960561.493621437] [coord_transform]: [SNAP OFF] Tay di chuyển lại. Trả quyền cho GRU.
[INFO] [1786960561.539538240] [coord_transform]: [SNAP ON] Tay thực tế đứng yên. Ép dừng robot (GRU đang lệch 0.0cm).
[INFO] [1786960561.579856740] [coord_transform]: [SNAP OFF] Tay di chuyển lại. Trả quyền cho GRU.
[WARN] [1786960562.212469921] [coord_transform]: Outlier rejected #1 (jumped 264.4mm). Ignoring.
[WARN] [1786960562.375765849] [coord_transform]: Outlier rejected #1 (jumped 308.5mm). Ignoring.
[INFO] [1786960562.396968248] [coord_transform]: [PREDICTION] Transform: cam[ 0.171 -0.261  0.073] → base[-0.211  0.153  0.466]
[WARN] [1786960562.544837033] [coord_transform]: Outlier rejected #1 (jumped 171.2mm). Ignoring.
[WARN] [1786960562.581375164] [coord_transform]: Outlier rejected #2 (jumped 152.3mm). Ignoring.
[WARN] [1786960562.780452387] [coord_transform]: Outlier rejected #1 (jumped 162.2mm). Ignoring.
[WARN] [1786960562.910100166] [coord_transform]: Outlier rejected #1 (jumped 161.2mm). Ignoring.
[WARN] [1786960563.177675959] [coord_transform]: Outlier rejected #1 (jumped 225.8mm). Ignoring.
[WARN] [1786960563.214984080] [coord_transform]: Outlier rejected #2 (jumped 182.1mm). Ignoring.
[INFO] [1786960564.438160231] [coord_transform]: [PREDICTION] Transform: cam[ 0.073 -0.019  0.16 ] → base[-0.113  0.395  0.553]
[INFO] [1786960566.478068845] [coord_transform]: [PREDICTION] Transform: cam[0.075 0.347 0.145] → base[-0.115  0.761  0.538]
[INFO] [1786960568.501168764] [coord_transform]: [PREDICTION] Transform: cam[0.081 0.622 0.03 ] → base[-0.121  1.036  0.423]
[INFO] [1786960570.538231979] [coord_transform]: [PREDICTION] Transform: cam[ 0.12   0.48  -0.025] → base[-0.159  0.894  0.368]
[INFO] [1786960572.539435610] [coord_transform]: [PREDICTION] Transform: cam[0.203 0.298 0.183] → base[-0.243  0.712  0.576]
[INFO] [1786960574.541397228] [coord_transform]: [PREDICTION] Transform: cam[0.242 0.349 0.193] → base[-0.281  0.763  0.586]
[INFO] [1786960576.543161975] [coord_transform]: [PREDICTION] Transform: cam[0.063 0.446 0.237] → base[-0.103  0.86   0.63 ]
[INFO] [1786960578.544057615] [coord_transform]: [PREDICTION] Transform: cam[-0.076  0.43   0.21 ] → base[0.037 0.844 0.603]
[WARN] [1786960579.521200821] [coord_transform]: Outlier rejected #1 (jumped 552.2mm). Ignoring.
[WARN] [1786960579.623147262] [coord_transform]: Outlier rejected #2 (jumped 896.3mm). Ignoring.
[WARN] [1786960579.722444543] [coord_transform]: Outlier rejected #3 (jumped 160.1mm). Ignoring.
[WARN] [1786960579.826166708] [coord_transform]: Outlier rejected #4 (jumped 318.7mm). Ignoring.
[INFO] [1786960579.860893918] [coord_transform]: Too many outliers (5). Resetting filter to new position.
[WARN] [1786960579.893650808] [coord_transform]: Outlier rejected #1 (jumped 174.3mm). Ignoring.
[WARN] [1786960580.124834815] [coord_transform]: Outlier rejected #1 (jumped 255.9mm). Ignoring.
[INFO] [1786960580.547110075] [coord_transform]: [PREDICTION] Transform: cam[-0.183  0.341  0.03 ] → base[0.143 0.755 0.423]
[INFO] [1786960582.551245124] [coord_transform]: [PREDICTION] Transform: cam[0.087 0.301 0.057] → base[-0.126  0.715  0.45 ]
[INFO] [1786960584.578286782] [coord_transform]: [PREDICTION] Transform: cam[0.275 0.304 0.145] → base[-0.314  0.718  0.538]
[INFO] [1786960586.615526593] [coord_transform]: [PREDICTION] Transform: cam[0.216 0.545 0.126] → base[-0.255  0.959  0.519]
[INFO] [1786960588.651785478] [coord_transform]: [PREDICTION] Transform: cam[0.117 0.46  0.128] → base[-0.156  0.874  0.521]
[INFO] [1786960590.686037973] [coord_transform]: [PREDICTION] Transform: cam[0.029 0.366 0.163] → base[-0.068  0.78   0.556]
[WARN] [1786960592.633787741] [coord_transform]: Outlier rejected #1 (jumped 196.8mm). Ignoring.
[WARN] [1786960592.767469026] [coord_transform]: Outlier rejected #2 (jumped 257.4mm). Ignoring.
[INFO] [1786960592.788427135] [coord_transform]: [PREDICTION] Transform: cam[0.081 0.178 0.161] → base[-0.121  0.592  0.554]
[WARN] [1786960592.801932600] [coord_transform]: Outlier rejected #3 (jumped 253.1mm). Ignoring.
[WARN] [1786960592.838064565] [coord_transform]: Outlier rejected #4 (jumped 289.0mm). Ignoring.
[INFO] [1786960592.874902480] [coord_transform]: Too many outliers (5). Resetting filter to new position.
[WARN] [1786960592.908262846] [coord_transform]: Outlier rejected #1 (jumped 269.6mm). Ignoring.
[WARN] [1786960592.939309284] [coord_transform]: Outlier rejected #2 (jumped 213.1mm). Ignoring.
[WARN] [1786960592.971001849] [coord_transform]: Outlier rejected #3 (jumped 212.8mm). Ignoring.
[WARN] [1786960593.006461018] [coord_transform]: Outlier rejected #4 (jumped 296.3mm). Ignoring.
[INFO] [1786960593.038330586] [coord_transform]: Too many outliers (5). Resetting filter to new position.
[WARN] [1786960593.071202782] [coord_transform]: Outlier rejected #1 (jumped 570.1mm). Ignoring.
[WARN] [1786960593.172330882] [coord_transform]: Outlier rejected #1 (jumped 503.9mm). Ignoring.
[WARN] [1786960593.337543999] [coord_transform]: Outlier rejected #1 (jumped 451.7mm). Ignoring.
[WARN] [1786960593.425504310] [coord_transform]: Outlier rejected #1 (jumped 577.2mm). Ignoring.
[WARN] [1786960593.463714930] [coord_transform]: Outlier rejected #2 (jumped 577.2mm). Ignoring.
[WARN] [1786960593.502199296] [coord_transform]: Outlier rejected #3 (jumped 595.2mm). Ignoring.
[WARN] [1786960593.542205918] [coord_transform]: Outlier rejected #4 (jumped 549.7mm). Ignoring.
[INFO] [1786960593.576892211] [coord_transform]: Too many outliers (5). Resetting filter to new position.
[INFO] [1786960594.818441979] [coord_transform]: [PREDICTION] Transform: cam[0.111 0.16  0.076] → base[-0.151  0.574  0.469]
[INFO] [1786960596.862930088] [coord_transform]: [PREDICTION] Transform: cam[0.135 0.437 0.118] → base[-0.175  0.851  0.511]
[INFO] [1786960598.895303652] [coord_transform]: [PREDICTION] Transform: cam[-0.019  0.56   0.165] → base[-0.021  0.974  0.558]
[INFO] [1786960600.926579468] [coord_transform]: [PREDICTION] Transform: cam[-0.066  0.39   0.17 ] → base[0.027 0.804 0.563]
[INFO] [1786960602.959568189] [coord_transform]: [PREDICTION] Transform: cam[0.21  0.337 0.177] → base[-0.25   0.751  0.57 ]
[INFO] [1786960604.960534714] [coord_transform]: [PREDICTION] Transform: cam[0.288 0.446 0.158] → base[-0.327  0.86   0.551]
[INFO] [1786960606.966878835] [coord_transform]: [PREDICTION] Transform: cam[0.169 0.546 0.071] → base[-0.208  0.96   0.464]
[INFO] [1786960608.980826325] [coord_transform]: [PREDICTION] Transform: cam[ 0.129  0.414 -0.048] → base[-0.168  0.828  0.345]
[INFO] [1786960610.996795993] [coord_transform]: [PREDICTION] Transform: cam[-0.053  0.383  0.029] → base[0.013 0.797 0.422]
[INFO] [1786960613.002052845] [coord_transform]: [PREDICTION] Transform: cam[0.016 0.436 0.303] → base[-0.055  0.85   0.696]
[INFO] [1786960615.005173203] [coord_transform]: [PREDICTION] Transform: cam[0.257 0.439 0.247] → base[-0.297  0.853  0.64 ]
[INFO] [1786960617.035615094] [coord_transform]: [PREDICTION] Transform: cam[ 0.254  0.317 -0.009] → base[-0.293  0.731  0.384]
[INFO] [1786960619.073662998] [coord_transform]: [PREDICTION] Transform: cam[0.14  0.456 0.008] → base[-0.18   0.87   0.401]
[INFO] [1786960621.104045175] [coord_transform]: [PREDICTION] Transform: cam[0.065 0.543 0.034] → base[-0.105  0.957  0.427]
[INFO] [1786960623.110803212] [coord_transform]: [PREDICTION] Transform: cam[-0.026  0.502  0.072] → base[-0.013  0.916  0.465]
[INFO] [1786960625.111168348] [coord_transform]: [PREDICTION] Transform: cam[-0.058  0.456  0.126] → base[0.019 0.87  0.519]
[INFO] [1786960627.146103628] [coord_transform]: [PREDICTION] Transform: cam[0.208 0.414 0.16 ] → base[-0.247  0.828  0.553]
[INFO] [1786960629.179550144] [coord_transform]: [PREDICTION] Transform: cam[0.271 0.213 0.169] → base[-0.311  0.627  0.562]
[INFO] [1786960631.216797817] [coord_transform]: [PREDICTION] Transform: cam[0.199 0.428 0.236] → base[-0.239  0.842  0.629]
[INFO] [1786960633.217953741] [coord_transform]: [PREDICTION] Transform: cam[0.032 0.418 0.189] → base[-0.071  0.832  0.582]
[INFO] [1786960635.224205680] [coord_transform]: [PREDICTION] Transform: cam[-0.006  0.192  0.195] → base[-0.033  0.606  0.588]
[INFO] [1786960637.224427854] [coord_transform]: [PREDICTION] Transform: cam[0.297 0.359 0.151] → base[-0.336  0.773  0.544]
[INFO] [1786960639.253305913] [coord_transform]: [PREDICTION] Transform: cam[ 0.215  0.442 -0.062] → base[-0.255  0.856  0.331]
[INFO] [1786960641.262669662] [coord_transform]: [PREDICTION] Transform: cam[0.136 0.505 0.243] → base[-0.175  0.919  0.636]
[INFO] [1786960643.301123658] [coord_transform]: [PREDICTION] Transform: cam[0.147 0.486 0.291] → base[-0.186  0.9    0.684]
[INFO] [1786960645.322131194] [coord_transform]: [PREDICTION] Transform: cam[ 0.172  0.405 -0.035] → base[-0.211  0.819  0.358]
[INFO] [1786960647.325379484] [coord_transform]: [PREDICTION] Transform: cam[0.161 0.466 0.231] → base[-0.2    0.88   0.624]
[INFO] [1786960649.325452904] [coord_transform]: [PREDICTION] Transform: cam[0.206 0.435 0.21 ] → base[-0.246  0.849  0.603]
[INFO] [1786960651.345739491] [coord_transform]: [PREDICTION] Transform: cam[0.214 0.381 0.077] → base[-0.253  0.795  0.47 ]
[INFO] [1786960651.769852517] [coord_transform]: Trạng thái tracking: STOPPED
[WARN] [1786960668.352204828] [coord_transform]: Outlier rejected #1 (jumped 825.2mm). Ignoring.
[WARN] [1786960668.390984600] [coord_transform]: Outlier rejected #2 (jumped 837.3mm). Ignoring.
[WARN] [1786960668.424575880] [coord_transform]: Outlier rejected #3 (jumped 802.2mm). Ignoring.
[WARN] [1786960668.457576729] [coord_transform]: Outlier rejected #4 (jumped 780.2mm). Ignoring.
[INFO] [1786960668.491328812] [coord_transform]: Too many outliers (5). Resetting filter to new position.
[WARN] [1786960669.156796245] [coord_transform]: Outlier rejected #1 (jumped 184.8mm). Ignoring.
[WARN] [1786960669.191494591] [coord_transform]: Outlier rejected #2 (jumped 227.7mm). Ignoring.
[WARN] [1786960669.857402484] [coord_transform]: Outlier rejected #3 (jumped 181.1mm). Ignoring.
[WARN] [1786960669.891746462] [coord_transform]: Outlier rejected #4 (jumped 182.9mm). Ignoring.
[INFO] [1786960669.924255774] [coord_transform]: Too many outliers (5). Resetting filter to new position.
[INFO] [1786960683.483467959] [coord_transform]: Trạng thái tracking: STOPPED
[INFO] [1786960685.038803774] [coord_transform]: Đã chuyển mode: prediction -> ground_truth
[INFO] [1786960695.106617327] [coord_transform]: Re-sync camera init: [ 0.1   -0.322  0.012]
[INFO] [1786960695.106863090] [coord_transform]: Trạng thái tracking: RUNNING
[INFO] [1786960695.107940219] [coord_transform]: [GROUND_TRUTH] Transform: cam[ 0.1   -0.322  0.012] → base[-0.162  0.309  0.388]
[INFO] [1786960695.140520675] [coord_transform]: Deadband: RELEASE — motion detected
[INFO] [1786960695.243031227] [coord_transform]: Deadband: HOLD at (0.100, -0.322, 0.012)
[WARN] [1786960695.542077351] [coord_transform]: Outlier rejected #1 (jumped 166.1mm). Ignoring.
[WARN] [1786960696.542869036] [coord_transform]: Outlier rejected #1 (jumped 193.8mm). Ignoring.
[INFO] [1786960697.109151690] [coord_transform]: [GROUND_TRUTH] Transform: cam[ 0.089 -0.071  0.103] → base[-0.15   0.56   0.479]
[INFO] [1786960699.113896114] [coord_transform]: [GROUND_TRUTH] Transform: cam[0.088 0.348 0.137] → base[-0.15   0.979  0.513]
[INFO] [1786960701.146720348] [coord_transform]: [GROUND_TRUTH] Transform: cam[ 0.074  0.576 -0.047] → base[-0.136  1.207  0.329]
[INFO] [1786960703.185616416] [coord_transform]: [GROUND_TRUTH] Transform: cam[0.12  0.47  0.196] → base[-0.182  1.101  0.572]
[INFO] [1786960705.188917691] [coord_transform]: [GROUND_TRUTH] Transform: cam[0.099 0.443 0.428] → base[-0.161  1.074  0.804]
[INFO] [1786960707.219539066] [coord_transform]: [GROUND_TRUTH] Transform: cam[0.069 0.3   0.426] → base[-0.131  0.931  0.802]
[INFO] [1786960709.221383506] [coord_transform]: [GROUND_TRUTH] Transform: cam[0.08  0.232 0.208] → base[-0.142  0.863  0.584]
[INFO] [1786960711.257676119] [coord_transform]: [GROUND_TRUTH] Transform: cam[0.282 0.258 0.127] → base[-0.344  0.889  0.503]
[INFO] [1786960713.286547837] [coord_transform]: [GROUND_TRUTH] Transform: cam[0.219 0.366 0.145] → base[-0.281  0.997  0.521]
[INFO] [1786960715.290419023] [coord_transform]: [GROUND_TRUTH] Transform: cam[0.099 0.444 0.193] → base[-0.161  1.075  0.569]
[INFO] [1786960717.292598632] [coord_transform]: [GROUND_TRUTH] Transform: cam[-0.064  0.475  0.214] → base[0.002 1.106 0.59 ]
[INFO] [1786960719.329821265] [coord_transform]: [GROUND_TRUTH] Transform: cam[-0.218  0.418  0.235] → base[0.156 1.049 0.611]
[INFO] [1786960721.365094837] [coord_transform]: [GROUND_TRUTH] Transform: cam[-0.239  0.366  0.082] → base[0.177 0.997 0.458]
[INFO] [1786960723.397558477] [coord_transform]: [GROUND_TRUTH] Transform: cam[-0.138  0.37   0.047] → base[0.076 1.001 0.423]
[INFO] [1786960725.439055298] [coord_transform]: [GROUND_TRUTH] Transform: cam[0.174 0.386 0.09 ] → base[-0.236  1.017  0.466]
[INFO] [1786960727.465146726] [coord_transform]: [GROUND_TRUTH] Transform: cam[0.256 0.167 0.139] → base[-0.318  0.798  0.515]
[INFO] [1786960729.467016930] [coord_transform]: [GROUND_TRUTH] Transform: cam[0.241 0.048 0.162] → base[-0.303  0.679  0.538]
[INFO] [1786960731.474322159] [coord_transform]: [GROUND_TRUTH] Transform: cam[ 0.204  0.093 -0.103] → base[-0.265  0.724  0.273]
[INFO] [1786960733.504283764] [coord_transform]: [GROUND_TRUTH] Transform: cam[0.193 0.49  0.173] → base[-0.255  1.121  0.549]
[INFO] [1786960735.504962383] [coord_transform]: [GROUND_TRUTH] Transform: cam[0.166 0.537 0.367] → base[-0.228  1.168  0.743]
[INFO] [1786960737.505587490] [coord_transform]: [GROUND_TRUTH] Transform: cam[0.147 0.502 0.408] → base[-0.209  1.133  0.784]
[INFO] [1786960739.514566399] [coord_transform]: [GROUND_TRUTH] Transform: cam[0.102 0.339 0.426] → base[-0.164  0.97   0.802]
[INFO] [1786960741.541946992] [coord_transform]: [GROUND_TRUTH] Transform: cam[0.086 0.252 0.322] → base[-0.148  0.883  0.698]
[WARN] [1786960743.383872951] [coord_transform]: Outlier rejected #1 (jumped 241.1mm). Ignoring.
[INFO] [1786960743.542174869] [coord_transform]: [GROUND_TRUTH] Transform: cam[0.049 0.011 0.149] → base[-0.111  0.642  0.525]
[WARN] [1786960743.579791009] [coord_transform]: Outlier rejected #1 (jumped 431.9mm). Ignoring.
[WARN] [1786960743.710490526] [coord_transform]: Outlier rejected #1 (jumped 303.3mm). Ignoring.
[WARN] [1786960743.744346866] [coord_transform]: Outlier rejected #2 (jumped 403.7mm). Ignoring.
[WARN] [1786960743.811160281] [coord_transform]: Outlier rejected #1 (jumped 502.1mm). Ignoring.
[WARN] [1786960743.846362645] [coord_transform]: Outlier rejected #2 (jumped 313.3mm). Ignoring.
[WARN] [1786960743.878179022] [coord_transform]: Outlier rejected #3 (jumped 391.6mm). Ignoring.
[WARN] [1786960744.076821772] [coord_transform]: Outlier rejected #1 (jumped 311.3mm). Ignoring.
[WARN] [1786960744.112223452] [coord_transform]: Outlier rejected #2 (jumped 248.0mm). Ignoring.
[WARN] [1786960744.144153022] [coord_transform]: Outlier rejected #3 (jumped 233.3mm). Ignoring.
[WARN] [1786960744.180555757] [coord_transform]: Outlier rejected #4 (jumped 285.5mm). Ignoring.
[INFO] [1786960744.212496408] [coord_transform]: Too many outliers (5). Resetting filter to new position.
[WARN] [1786960744.282551448] [coord_transform]: Outlier rejected #1 (jumped 364.6mm). Ignoring.
[WARN] [1786960744.314715881] [coord_transform]: Outlier rejected #2 (jumped 394.1mm). Ignoring.
[WARN] [1786960744.342005965] [coord_transform]: Outlier rejected #3 (jumped 558.4mm). Ignoring.
[WARN] [1786960744.377055541] [coord_transform]: Outlier rejected #4 (jumped 549.8mm). Ignoring.
[INFO] [1786960744.414983688] [coord_transform]: Too many outliers (5). Resetting filter to new position.
[INFO] [1786960745.549124325] [coord_transform]: [GROUND_TRUTH] Transform: cam[0.244 0.307 0.126] → base[-0.305  0.938  0.502]
[INFO] [1786960745.851267460] [coord_transform]: Trạng thái tracking: STOPPED
[WARN] [1786960756.886509209] [coord_transform]: Outlier rejected #1 (jumped 163.0mm). Ignoring.
[WARN] [1786960756.927585235] [coord_transform]: Outlier rejected #2 (jumped 1537.5mm). Ignoring.
[WARN] [1786960756.964771144] [coord_transform]: Outlier rejected #3 (jumped 1459.5mm). Ignoring.
[WARN] [1786960757.003456077] [coord_transform]: Outlier rejected #4 (jumped 1483.5mm). Ignoring.
[INFO] [1786960757.039641592] [coord_transform]: Too many outliers (5). Resetting filter to new position.
[WARN] [1786960757.817458970] [coord_transform]: Outlier rejected #1 (jumped 1777.9mm). Ignoring.
[WARN] [1786960757.854766168] [coord_transform]: Outlier rejected #2 (jumped 1795.5mm). Ignoring.
[WARN] [1786960757.888399898] [coord_transform]: Outlier rejected #3 (jumped 1794.7mm). Ignoring.
[WARN] [1786960757.921460248] [coord_transform]: Outlier rejected #4 (jumped 1804.7mm). Ignoring.
[INFO] [1786960757.956678812] [coord_transform]: Too many outliers (5). Resetting filter to new position.
[WARN] [1786960762.358199316] [coord_transform]: Outlier rejected #1 (jumped 1915.8mm). Ignoring.
[WARN] [1786960762.593366599] [coord_transform]: Outlier rejected #1 (jumped 1876.3mm). Ignoring.
[WARN] [1786960762.890969854] [coord_transform]: Outlier rejected #1 (jumped 2033.1mm). Ignoring.
[WARN] [1786960777.300936585] [coord_transform]: Outlier rejected #1 (jumped 223.5mm). Ignoring.
[WARN] [1786960777.333890023] [coord_transform]: Outlier rejected #2 (jumped 225.4mm). Ignoring.
[WARN] [1786960777.369319906] [coord_transform]: Outlier rejected #3 (jumped 221.9mm). Ignoring.
[WARN] [1786960777.402065754] [coord_transform]: Outlier rejected #4 (jumped 225.4mm). Ignoring.
[INFO] [1786960777.433561868] [coord_transform]: Too many outliers (5). Resetting filter to new position.
[INFO] [1786960782.203301311] [coord_transform]: Deadband: HOLD at (0.100, -0.322, 0.012)
[INFO] [1786960782.238737826] [coord_transform]: Deadband: RELEASE — motion detected
[INFO] [1786960783.475709252] [coord_transform]: Captured Init Pose! P_init=(-0.162, 0.309, 0.388), Cam_init=(0.105, -0.254, 0.008), Noise_Tol=60.0mm
Orientation=(0.988, -0.153, -0.004, -0.029)
[INFO] [1786960784.840218559] [coord_transform]: Deadband: RELEASE — motion detected
[INFO] [1786960784.872870410] [coord_transform]: Deadband: HOLD at (0.105, -0.254, 0.008)
[INFO] [1786960789.877618954] [coord_transform]: Deadband: RELEASE — motion detected
[INFO] [1786960789.912302842] [coord_transform]: Deadband: HOLD at (0.105, -0.254, 0.008)
[INFO] [1786960793.043590046] [coord_transform]: Deadband: RELEASE — motion detected
[INFO] [1786960793.079984405] [coord_transform]: Deadband: HOLD at (0.105, -0.254, 0.008)
[INFO] [1786960795.113703733] [coord_transform]: Deadband: RELEASE — motion detected
[INFO] [1786960795.149204760] [coord_transform]: Deadband: HOLD at (0.105, -0.254, 0.008)
[INFO] [1786960795.342428623] [coord_transform]: Re-sync camera init: [ 0.097 -0.237  0.024]
[INFO] [1786960795.342678634] [coord_transform]: Trạng thái tracking: RUNNING
[INFO] [1786960795.346702382] [coord_transform]: [GROUND_TRUTH] Transform: cam[ 0.097 -0.237  0.024] → base[-0.162  0.309  0.388]
[WARN] [1786960796.947146375] [coord_transform]: Outlier rejected #1 (jumped 209.9mm). Ignoring.
[WARN] [1786960796.984640044] [coord_transform]: Outlier rejected #2 (jumped 177.6mm). Ignoring.
[WARN] [1786960797.080985955] [coord_transform]: Outlier rejected #1 (jumped 244.3mm). Ignoring.
[WARN] [1786960797.148165560] [coord_transform]: Outlier rejected #1 (jumped 283.2mm). Ignoring.
[WARN] [1786960797.185927624] [coord_transform]: Outlier rejected #2 (jumped 342.8mm). Ignoring.
[WARN] [1786960797.217606893] [coord_transform]: Outlier rejected #3 (jumped 390.4mm). Ignoring.
[WARN] [1786960797.251427385] [coord_transform]: Outlier rejected #4 (jumped 332.7mm). Ignoring.
[INFO] [1786960797.282272463] [coord_transform]: Too many outliers (5). Resetting filter to new position.
[INFO] [1786960797.348782536] [coord_transform]: [GROUND_TRUTH] Transform: cam[ 0.089 -0.329  0.107] → base[-0.155  0.217  0.471]
[INFO] [1786960799.349541692] [coord_transform]: [GROUND_TRUTH] Transform: cam[0.143 0.176 0.197] → base[-0.209  0.722  0.561]
[INFO] [1786960801.352070621] [coord_transform]: [GROUND_TRUTH] Transform: cam[0.183 0.455 0.179] → base[-0.248  1.001  0.543]
[INFO] [1786960803.353432572] [coord_transform]: [GROUND_TRUTH] Transform: cam[0.187 0.649 0.103] → base[-0.253  1.195  0.467]
[INFO] [1786960805.355853066] [coord_transform]: [GROUND_TRUTH] Transform: cam[0.218 0.638 0.285] → base[-0.284  1.184  0.649]
[INFO] [1786960807.388314993] [coord_transform]: [GROUND_TRUTH] Transform: cam[0.222 0.429 0.309] → base[-0.288  0.975  0.673]
[INFO] [1786960809.392845801] [coord_transform]: [GROUND_TRUTH] Transform: cam[ 0.203  0.374 -0.038] → base[-0.268  0.92   0.326]
[INFO] [1786960811.397576343] [coord_transform]: [GROUND_TRUTH] Transform: cam[ 0.28   0.358 -0.022] → base[-0.346  0.904  0.342]
[INFO] [1786960813.426111655] [coord_transform]: [GROUND_TRUTH] Transform: cam[0.4   0.36  0.067] → base[-0.466  0.906  0.431]
[INFO] [1786960815.431382435] [coord_transform]: [GROUND_TRUTH] Transform: cam[0.307 0.528 0.118] → base[-0.373  1.073  0.481]
[INFO] [1786960817.472952934] [coord_transform]: [GROUND_TRUTH] Transform: cam[0.243 0.568 0.067] → base[-0.309  1.114  0.43 ]
[INFO] [1786960819.500216971] [coord_transform]: [GROUND_TRUTH] Transform: cam[0.199 0.617 0.062] → base[-0.265  1.163  0.426]
[INFO] [1786960821.534432839] [coord_transform]: [GROUND_TRUTH] Transform: cam[0.191 0.328 0.093] → base[-0.257  0.874  0.457]
[WARN] [1786960823.139106775] [coord_transform]: Outlier rejected #1 (jumped 775.0mm). Ignoring.
[WARN] [1786960823.469655852] [coord_transform]: Outlier rejected #1 (jumped 852.2mm). Ignoring.
[WARN] [1786960823.498536901] [coord_transform]: Outlier rejected #2 (jumped 879.5mm). Ignoring.
[INFO] [1786960823.537362999] [coord_transform]: [GROUND_TRUTH] Transform: cam[0.162 0.27  0.11 ] → base[-0.227  0.816  0.474]
[WARN] [1786960823.668810514] [coord_transform]: Outlier rejected #1 (jumped 698.5mm). Ignoring.
[WARN] [1786960824.234502647] [coord_transform]: Outlier rejected #1 (jumped 184.3mm). Ignoring.
[WARN] [1786960824.437590977] [coord_transform]: Outlier rejected #2 (jumped 949.9mm). Ignoring.
[WARN] [1786960824.598401358] [coord_transform]: Outlier rejected #1 (jumped 163.0mm). Ignoring.
[INFO] [1786960825.569012684] [coord_transform]: [GROUND_TRUTH] Transform: cam[0.131 0.318 0.11 ] → base[-0.197  0.864  0.474]
[INFO] [1786960827.571969082] [coord_transform]: [GROUND_TRUTH] Transform: cam[-0.013  0.421  0.082] → base[-0.052  0.967  0.446]
[INFO] [1786960829.610386672] [coord_transform]: [GROUND_TRUTH] Transform: cam[-0.175  0.48   0.069] → base[0.109 1.026 0.433]
[INFO] [1786960831.639040423] [coord_transform]: [GROUND_TRUTH] Transform: cam[-0.318  0.477  0.079] → base[0.253 1.023 0.443]
[INFO] [1786960833.645233867] [coord_transform]: [GROUND_TRUTH] Transform: cam[0.235 0.385 0.104] → base[-0.301  0.931  0.468]
[INFO] [1786960835.678673610] [coord_transform]: [GROUND_TRUTH] Transform: cam[ 0.326  0.358 -0.07 ] → base[-0.392  0.904  0.294]
[INFO] [1786960837.712640286] [coord_transform]: [GROUND_TRUTH] Transform: cam[0.29  0.379 0.115] → base[-0.356  0.925  0.478]
[INFO] [1786960839.717159035] [coord_transform]: [GROUND_TRUTH] Transform: cam[0.252 0.519 0.325] → base[-0.317  1.065  0.689]
[INFO] [1786960841.746726485] [coord_transform]: [GROUND_TRUTH] Transform: cam[0.192 0.266 0.196] → base[-0.258  0.812  0.56 ]
[WARN] [1786960843.681873731] [coord_transform]: Outlier rejected #1 (jumped 162.7mm). Ignoring.
[WARN] [1786960843.749980611] [coord_transform]: Outlier rejected #1 (jumped 518.0mm). Ignoring.
[INFO] [1786960843.791796760] [coord_transform]: [GROUND_TRUTH] Transform: cam[0.174 0.159 0.185] → base[-0.24   0.705  0.549]
[INFO] [1786960845.820915094] [coord_transform]: [GROUND_TRUTH] Transform: cam[ 0.126  0.239 -0.025] → base[-0.192  0.785  0.339]
[INFO] [1786960847.850545351] [coord_transform]: [GROUND_TRUTH] Transform: cam[0.222 0.493 0.07 ] → base[-0.288  1.039  0.434]
[INFO] [1786960849.857814207] [coord_transform]: [GROUND_TRUTH] Transform: cam[0.195 0.647 0.074] → base[-0.261  1.193  0.438]
[INFO] [1786960851.383450473] [coord_transform]: Trạng thái tracking: STOPPED
[WARN] [1786960856.957210348] [coord_transform]: Outlier rejected #1 (jumped 214.5mm). Ignoring.
[WARN] [1786960857.426428758] [coord_transform]: Outlier rejected #1 (jumped 192.8mm). Ignoring.
[WARN] [1786960857.461424583] [coord_transform]: Outlier rejected #2 (jumped 185.9mm). Ignoring.
[WARN] [1786960857.492105261] [coord_transform]: Outlier rejected #3 (jumped 198.1mm). Ignoring.
[WARN] [1786960857.527273401] [coord_transform]: Outlier rejected #4 (jumped 199.3mm). Ignoring.
[INFO] [1786960857.562990834] [coord_transform]: Too many outliers (5). Resetting filter to new position.
[WARN] [1786960874.369853021] [coord_transform]: Outlier rejected #1 (jumped 160.6mm). Ignoring.
[WARN] [1786960880.808259309] [coord_transform]: Outlier rejected #1 (jumped 489.7mm). Ignoring.
[WARN] [1786960880.842575544] [coord_transform]: Outlier rejected #2 (jumped 487.2mm). Ignoring.
[WARN] [1786960880.879085099] [coord_transform]: Outlier rejected #3 (jumped 495.3mm). Ignoring.
[WARN] [1786960880.911064373] [coord_transform]: Outlier rejected #4 (jumped 490.3mm). Ignoring.
[INFO] [1786960880.945372733] [coord_transform]: Too many outliers (5). Resetting filter to new position.
[WARN] [1786960884.610616096] [coord_transform]: Outlier rejected #1 (jumped 364.4mm). Ignoring.
[WARN] [1786960884.645995864] [coord_transform]: Outlier rejected #2 (jumped 364.4mm). Ignoring.
[WARN] [1786960884.681928803] [coord_transform]: Outlier rejected #3 (jumped 364.3mm). Ignoring.
[WARN] [1786960884.712932921] [coord_transform]: Outlier rejected #4 (jumped 366.3mm). Ignoring.
[INFO] [1786960884.746419924] [coord_transform]: Too many outliers (5). Resetting filter to new position.
[INFO] [1786960898.523456959] [coord_transform]: Deadband: HOLD at (0.097, -0.237, 0.024)
[INFO] [1786960898.555270210] [coord_transform]: Deadband: RELEASE — motion detected
[INFO] [1786960900.447745657] [coord_transform]: Captured Init Pose! P_init=(-0.162, 0.310, 0.388), Cam_init=(0.119, -0.189, -0.009), Noise_Tol=60.0mm
Orientation=(0.988, -0.154, -0.004, -0.029)
[INFO] [1786960902.925474970] [coord_transform]: Deadband: RELEASE — motion detected
[INFO] [1786960902.959010435] [coord_transform]: Deadband: HOLD at (0.119, -0.189, -0.009)
[INFO] [1786960905.061950700] [coord_transform]: Deadband: RELEASE — motion detected
[INFO] [1786960905.097178622] [coord_transform]: Deadband: HOLD at (0.119, -0.189, -0.009)
[INFO] [1786960911.279732480] [coord_transform]: Re-sync camera init: [ 0.128 -0.12  -0.002]
[INFO] [1786960911.280072169] [coord_transform]: Trạng thái tracking: RUNNING
[INFO] [1786960911.299049848] [coord_transform]: Deadband: RELEASE — motion detected
[INFO] [1786960911.299809399] [coord_transform]: [GROUND_TRUTH] Transform: cam[ 0.128 -0.181 -0.005] → base[-0.162  0.249  0.385]
[INFO] [1786960911.698965004] [coord_transform]: Deadband: HOLD at (0.128, -0.120, -0.002)
[WARN] [1786960912.865067914] [coord_transform]: Outlier rejected #1 (jumped 160.0mm). Ignoring.
[INFO] [1786960913.332439353] [coord_transform]: [GROUND_TRUTH] Transform: cam[ 0.133 -0.069  0.156] → base[-0.168  0.361  0.546]
[INFO] [1786960915.334930460] [coord_transform]: [GROUND_TRUTH] Transform: cam[0.103 0.261 0.208] → base[-0.137  0.691  0.599]
[INFO] [1786960917.340132372] [coord_transform]: [GROUND_TRUTH] Transform: cam[0.124 0.498 0.197] → base[-0.158  0.928  0.587]
[INFO] [1786960919.371010687] [coord_transform]: [GROUND_TRUTH] Transform: cam[0.1   0.603 0.028] → base[-0.134  1.033  0.418]
[INFO] [1786960921.371616302] [coord_transform]: [GROUND_TRUTH] Transform: cam[0.112 0.562 0.291] → base[-0.146  0.992  0.681]
[INFO] [1786960923.379550368] [coord_transform]: [GROUND_TRUTH] Transform: cam[0.133 0.467 0.128] → base[-0.168  0.897  0.518]
[INFO] [1786960925.408879525] [coord_transform]: [GROUND_TRUTH] Transform: cam[0.188 0.486 0.113] → base[-0.223  0.916  0.503]
[INFO] [1786960927.410072475] [coord_transform]: [GROUND_TRUTH] Transform: cam[0.271 0.445 0.132] → base[-0.305  0.875  0.522]
[INFO] [1786960929.411688100] [coord_transform]: [GROUND_TRUTH] Transform: cam[0.064 0.42  0.143] → base[-0.098  0.85   0.533]
[INFO] [1786960931.413215840] [coord_transform]: [GROUND_TRUTH] Transform: cam[-0.101  0.409  0.163] → base[0.067 0.839 0.553]
[INFO] [1786960933.447540393] [coord_transform]: [GROUND_TRUTH] Transform: cam[0.167 0.423 0.117] → base[-0.201  0.853  0.507]
[INFO] [1786960935.451174860] [coord_transform]: [GROUND_TRUTH] Transform: cam[ 0.123  0.476 -0.023] → base[-0.157  0.906  0.367]
[INFO] [1786960937.454983454] [coord_transform]: [GROUND_TRUTH] Transform: cam[0.064 0.504 0.398] → base[-0.098  0.934  0.788]
[INFO] [1786960938.704103471] [coord_transform]: Trạng thái tracking: STOPPED
[WARN] [1786960940.050963412] [coord_transform]: Outlier rejected #1 (jumped 406.2mm). Ignoring.
[WARN] [1786960940.088954207] [coord_transform]: Outlier rejected #2 (jumped 624.2mm). Ignoring.
[WARN] [1786960940.122340560] [coord_transform]: Outlier rejected #3 (jumped 471.3mm). Ignoring.
[WARN] [1786960940.152930688] [coord_transform]: Outlier rejected #4 (jumped 571.2mm). Ignoring.
[WARN] [1786960940.217920487] [coord_transform]: Outlier rejected #1 (jumped 309.1mm). Ignoring.
[WARN] [1786960940.283534512] [coord_transform]: Outlier rejected #1 (jumped 695.2mm). Ignoring.
[WARN] [1786960940.322641229] [coord_transform]: Outlier rejected #2 (jumped 493.3mm). Ignoring.
[WARN] [1786960940.355453762] [coord_transform]: Outlier rejected #3 (jumped 373.4mm). Ignoring.
[WARN] [1786960940.388262677] [coord_transform]: Outlier rejected #4 (jumped 481.6mm). Ignoring.
[INFO] [1786960940.419448537] [coord_transform]: Too many outliers (5). Resetting filter to new position.
[WARN] [1786960940.486396685] [coord_transform]: Outlier rejected #1 (jumped 644.2mm). Ignoring.
[WARN] [1786960940.553647272] [coord_transform]: Outlier rejected #1 (jumped 537.2mm). Ignoring.
[WARN] [1786960940.618807973] [coord_transform]: Outlier rejected #1 (jumped 358.1mm). Ignoring.
[WARN] [1786960940.656426817] [coord_transform]: Outlier rejected #2 (jumped 429.6mm). Ignoring.
[WARN] [1786960940.688685988] [coord_transform]: Outlier rejected #3 (jumped 386.1mm). Ignoring.
[WARN] [1786960940.722918054] [coord_transform]: Outlier rejected #4 (jumped 386.1mm). Ignoring.
[INFO] [1786960940.756281946] [coord_transform]: Too many outliers (5). Resetting filter to new position.
[WARN] [1786960940.790862738] [coord_transform]: Outlier rejected #1 (jumped 425.7mm). Ignoring.
[WARN] [1786960940.822571513] [coord_transform]: Outlier rejected #2 (jumped 416.7mm). Ignoring.
[WARN] [1786960940.862271676] [coord_transform]: Outlier rejected #3 (jumped 438.7mm). Ignoring.
[WARN] [1786960940.895941514] [coord_transform]: Outlier rejected #4 (jumped 531.7mm). Ignoring.
[INFO] [1786960940.940057163] [coord_transform]: Too many outliers (5). Resetting filter to new position.
[WARN] [1786960941.072503888] [coord_transform]: Outlier rejected #1 (jumped 205.0mm). Ignoring.
[WARN] [1786960941.098835276] [coord_transform]: Outlier rejected #2 (jumped 183.0mm). Ignoring.
[WARN] [1786960941.156288071] [coord_transform]: Outlier rejected #1 (jumped 546.2mm). Ignoring.
[WARN] [1786960941.256726267] [coord_transform]: Outlier rejected #1 (jumped 256.1mm). Ignoring.
[WARN] [1786960941.319615331] [coord_transform]: Outlier rejected #1 (jumped 286.6mm). Ignoring.
[WARN] [1786960941.355892178] [coord_transform]: Outlier rejected #2 (jumped 345.1mm). Ignoring.
[WARN] [1786960941.389647937] [coord_transform]: Outlier rejected #3 (jumped 480.1mm). Ignoring.
[WARN] [1786960941.422986210] [coord_transform]: Outlier rejected #4 (jumped 314.1mm). Ignoring.
[INFO] [1786960941.455921254] [coord_transform]: Too many outliers (5). Resetting filter to new position.
[WARN] [1786960941.552014007] [coord_transform]: Outlier rejected #1 (jumped 159.0mm). Ignoring.
[INFO] [1786960963.631824671] [coord_transform]: Đã chuyển mode: ground_truth -> prediction
[INFO] [1786960967.257345163] [coord_transform]: Trạng thái tracking: STOPPED
[INFO] [1786960969.303670160] [coord_transform]: Deadband: HOLD at (0.128, -0.120, -0.002)
[INFO] [1786960969.341701591] [coord_transform]: Deadband: RELEASE — motion detected
[WARN] [1786960974.611361598] [coord_transform]: Outlier rejected #1 (jumped 247.0mm). Ignoring.
[WARN] [1786960976.344109734] [coord_transform]: Outlier rejected #1 (jumped 167.0mm). Ignoring.
[INFO] [1786960979.920568269] [coord_transform]: Re-sync camera init: [ 0.128 -0.179  0.03 ]
[INFO] [1786960979.920883793] [coord_transform]: Trạng thái tracking: RUNNING
[INFO] [1786960979.973488538] [coord_transform]: [SNAP ON] Tay thực tế đứng yên. Ép dừng robot (GRU đang lệch 0.0cm).
[INFO] [1786960979.974364709] [coord_transform]: [PREDICTION] Transform: cam[ 0.128 -0.179  0.03 ] → base[-0.162  0.31   0.388]
[WARN] [1786960980.614397333] [coord_transform]: Outlier rejected #1 (jumped 150.0mm). Ignoring.
[INFO] [1786960981.247604403] [coord_transform]: Deadband: RELEASE — motion detected
[INFO] [1786960981.263533341] [coord_transform]: [SNAP OFF] Tay di chuyển lại. Trả quyền cho GRU.
[INFO] [1786960981.283801821] [coord_transform]: Deadband: HOLD at (0.128, -0.179, 0.030)
[INFO] [1786960981.303607388] [coord_transform]: [SNAP ON] Tay thực tế đứng yên. Ép dừng robot (GRU đang lệch 0.0cm).
[INFO] [1786960981.336948767] [coord_transform]: [SNAP OFF] Tay di chuyển lại. Trả quyền cho GRU.
[INFO] [1786960981.409008240] [coord_transform]: [SNAP OFF] Tay di chuyển lại. Trả quyền cho GRU.
[WARN] [1786960981.753390463] [coord_transform]: Outlier rejected #1 (jumped 160.0mm). Ignoring.
[WARN] [1786960981.814686426] [coord_transform]: Outlier rejected #1 (jumped 185.0mm). Ignoring.
[WARN] [1786960981.852452307] [coord_transform]: Outlier rejected #2 (jumped 235.0mm). Ignoring.
[WARN] [1786960981.886143264] [coord_transform]: Outlier rejected #3 (jumped 165.0mm). Ignoring.
[WARN] [1786960981.982133875] [coord_transform]: Outlier rejected #1 (jumped 243.0mm). Ignoring.
[INFO] [1786960981.997198835] [coord_transform]: [PREDICTION] Transform: cam[ 0.147 -0.168  0.105] → base[-0.181  0.321  0.464]
[WARN] [1786960982.017883880] [coord_transform]: Outlier rejected #2 (jumped 202.1mm). Ignoring.
[WARN] [1786960982.052651965] [coord_transform]: Outlier rejected #3 (jumped 202.1mm). Ignoring.
[WARN] [1786960982.088542063] [coord_transform]: Outlier rejected #4 (jumped 164.8mm). Ignoring.
[INFO] [1786960982.121746825] [coord_transform]: Too many outliers (5). Resetting filter to new position.
[INFO] [1786960984.003528270] [coord_transform]: [PREDICTION] Transform: cam[0.109 0.137 0.19 ] → base[-0.143  0.626  0.549]
[INFO] [1786960986.003936894] [coord_transform]: [PREDICTION] Transform: cam[0.105 0.497 0.211] → base[-0.139  0.986  0.57 ]
[INFO] [1786960988.012446184] [coord_transform]: [PREDICTION] Transform: cam[ 0.102  0.624 -0.026] → base[-0.136  1.114  0.333]
[INFO] [1786960990.042702166] [coord_transform]: [PREDICTION] Transform: cam[0.125 0.47  0.184] → base[-0.159  0.96   0.542]
[INFO] [1786960992.046748069] [coord_transform]: [PREDICTION] Transform: cam[0.128 0.278 0.251] → base[-0.163  0.768  0.61 ]
[WARN] [1786960993.126627315] [coord_transform]: Outlier rejected #1 (jumped 162.1mm). Ignoring.
[INFO] [1786960994.047376446] [coord_transform]: [PREDICTION] Transform: cam[0.11  0.068 0.083] → base[-0.144  0.557  0.442]
[WARN] [1786960994.061744114] [coord_transform]: Outlier rejected #1 (jumped 169.1mm). Ignoring.
[INFO] [1786960996.084705448] [coord_transform]: [PREDICTION] Transform: cam[0.109 0.383 0.06 ] → base[-0.143  0.873  0.419]
[INFO] [1786960998.113758895] [coord_transform]: [PREDICTION] Transform: cam[0.254 0.533 0.078] → base[-0.288  1.023  0.437]
[INFO] [1786961000.148862905] [coord_transform]: [PREDICTION] Transform: cam[0.174 0.495 0.073] → base[-0.208  0.984  0.432]
[INFO] [1786961002.149341419] [coord_transform]: [PREDICTION] Transform: cam[0.056 0.537 0.14 ] → base[-0.09   1.026  0.498]
[INFO] [1786961004.158439966] [coord_transform]: [PREDICTION] Transform: cam[-0.107  0.539  0.185] → base[0.073 1.028 0.544]
[INFO] [1786961006.183890116] [coord_transform]: [PREDICTION] Transform: cam[-0.144  0.357  0.179] → base[0.11  0.847 0.538]
[INFO] [1786961008.187770135] [coord_transform]: [PREDICTION] Transform: cam[0.072 0.399 0.191] → base[-0.106  0.889  0.55 ]
[INFO] [1786961010.226998271] [coord_transform]: [PREDICTION] Transform: cam[0.265 0.452 0.14 ] → base[-0.299  0.941  0.499]
[INFO] [1786961012.257200238] [coord_transform]: [PREDICTION] Transform: cam[ 0.167  0.546 -0.019] → base[-0.201  1.035  0.34 ]
[WARN] [1786961013.576900365] [coord_transform]: Outlier rejected #1 (jumped 355.0mm). Ignoring.
[WARN] [1786961013.608637342] [coord_transform]: Outlier rejected #2 (jumped 192.0mm). Ignoring.
[WARN] [1786961013.709169425] [coord_transform]: Outlier rejected #1 (jumped 163.0mm). Ignoring.
[WARN] [1786961013.752652041] [coord_transform]: Outlier rejected #2 (jumped 163.0mm). Ignoring.
[WARN] [1786961013.844339167] [coord_transform]: Outlier rejected #1 (jumped 480.0mm). Ignoring.
[WARN] [1786961013.874778661] [coord_transform]: Outlier rejected #2 (jumped 562.0mm). Ignoring.
[INFO] [1786961014.268284473] [coord_transform]: [PREDICTION] Transform: cam[0.13  0.252 0.122] → base[-0.164  0.741  0.481]
[WARN] [1786961014.341463765] [coord_transform]: Outlier rejected #1 (jumped 232.1mm). Ignoring.
[WARN] [1786961016.040308368] [coord_transform]: Outlier rejected #1 (jumped 245.0mm). Ignoring.
[WARN] [1786961016.075929931] [coord_transform]: Outlier rejected #2 (jumped 275.1mm). Ignoring.
[WARN] [1786961016.109798322] [coord_transform]: Outlier rejected #3 (jumped 285.9mm). Ignoring.
[WARN] [1786961016.144631810] [coord_transform]: Outlier rejected #4 (jumped 164.9mm). Ignoring.
[INFO] [1786961016.174792199] [coord_transform]: Too many outliers (5). Resetting filter to new position.
[INFO] [1786961016.293972039] [coord_transform]: [PREDICTION] Transform: cam[0.156 0.174 0.164] → base[-0.19   0.663  0.523]
[INFO] [1786961018.294616562] [coord_transform]: [PREDICTION] Transform: cam[0.12  0.401 0.054] → base[-0.154  0.89   0.413]
[INFO] [1786961020.297997870] [coord_transform]: [PREDICTION] Transform: cam[0.117 0.625 0.136] → base[-0.151  1.114  0.495]
[INFO] [1786961022.335989235] [coord_transform]: [PREDICTION] Transform: cam[0.095 0.473 0.262] → base[-0.129  0.962  0.621]
[INFO] [1786961024.337033602] [coord_transform]: [PREDICTION] Transform: cam[0.079 0.312 0.283] → base[-0.113  0.801  0.642]
[WARN] [1786961025.951264018] [coord_transform]: Outlier rejected #1 (jumped 162.0mm). Ignoring.
[WARN] [1786961026.181151984] [coord_transform]: Outlier rejected #1 (jumped 199.1mm). Ignoring.
[INFO] [1786961026.340307186] [coord_transform]: [PREDICTION] Transform: cam[0.142 0.207 0.194] → base[-0.176  0.696  0.552]
[INFO] [1786961028.366944038] [coord_transform]: [PREDICTION] Transform: cam[0.101 0.42  0.037] → base[-0.135  0.909  0.396]
[INFO] [1786961030.369567938] [coord_transform]: [PREDICTION] Transform: cam[0.234 0.636 0.051] → base[-0.268  1.125  0.41 ]
[INFO] [1786961032.374120470] [coord_transform]: [PREDICTION] Transform: cam[0.243 0.551 0.122] → base[-0.277  1.04   0.481]
[INFO] [1786961034.376477276] [coord_transform]: [PREDICTION] Transform: cam[0.157 0.458 0.233] → base[-0.191  0.948  0.592]
[INFO] [1786961036.409800559] [coord_transform]: [PREDICTION] Transform: cam[0.035 0.512 0.253] → base[-0.07   1.002  0.611]
[INFO] [1786961038.419154552] [coord_transform]: [PREDICTION] Transform: cam[-0.111  0.538  0.245] → base[0.077 1.028 0.604]
[INFO] [1786961040.454352945] [coord_transform]: [PREDICTION] Transform: cam[0.068 0.564 0.217] → base[-0.102  1.054  0.575]
[INFO] [1786961042.483204506] [coord_transform]: [PREDICTION] Transform: cam[0.295 0.512 0.162] → base[-0.329  1.002  0.521]
[INFO] [1786961044.483782832] [coord_transform]: [PREDICTION] Transform: cam[0.126 0.336 0.083] → base[-0.16   0.825  0.441]
[INFO] [1786961046.485862736] [coord_transform]: [PREDICTION] Transform: cam[-0.105  0.383  0.04 ] → base[0.071 0.873 0.398]
[INFO] [1786961048.492927496] [coord_transform]: [PREDICTION] Transform: cam[-0.07   0.331  0.113] → base[0.036 0.821 0.472]
[INFO] [1786961050.536484249] [coord_transform]: [PREDICTION] Transform: cam[0.16  0.345 0.162] → base[-0.194  0.834  0.521]
[INFO] [1786961052.554023224] [coord_transform]: [PREDICTION] Transform: cam[0.139 0.545 0.168] → base[-0.173  1.035  0.526]
[INFO] [1786961054.590603438] [coord_transform]: [PREDICTION] Transform: cam[-0.049  0.503  0.147] → base[0.015 0.992 0.506]
[INFO] [1786961056.592908154] [coord_transform]: [PREDICTION] Transform: cam[-0.139  0.38   0.171] → base[0.105 0.869 0.529]
[INFO] [1786961058.595022190] [coord_transform]: [PREDICTION] Transform: cam[-0.063  0.328  0.19 ] → base[0.029 0.818 0.548]
[WARN] [1786961058.739309262] [coord_transform]: Outlier rejected #1 (jumped 191.5mm). Ignoring.
[WARN] [1786961058.773389472] [coord_transform]: Outlier rejected #2 (jumped 222.3mm). Ignoring.
[WARN] [1786961058.808290988] [coord_transform]: Outlier rejected #3 (jumped 177.0mm). Ignoring.
[WARN] [1786961058.839934049] [coord_transform]: Outlier rejected #4 (jumped 237.6mm). Ignoring.
[INFO] [1786961058.875815441] [coord_transform]: Too many outliers (5). Resetting filter to new position.
[INFO] [1786961060.595422970] [coord_transform]: [PREDICTION] Transform: cam[0.214 0.289 0.115] → base[-0.248  0.778  0.474]
[INFO] [1786961062.625165556] [coord_transform]: [PREDICTION] Transform: cam[0.201 0.533 0.131] → base[-0.235  1.023  0.49 ]
[INFO] [1786961064.634308979] [coord_transform]: [PREDICTION] Transform: cam[0.028 0.505 0.118] → base[-0.062  0.994  0.477]
[INFO] [1786961066.668677226] [coord_transform]: [PREDICTION] Transform: cam[-0.084  0.505  0.181] → base[0.05  0.995 0.54 ]
[INFO] [1786961066.739612942] [coord_transform]: Trạng thái tracking: STOPPED
[WARN] [1786961072.719090896] [coord_transform]: Outlier rejected #1 (jumped 154.0mm). Ignoring.
[WARN] [1786961100.303099045] [coord_transform]: Outlier rejected #1 (jumped 1204.9mm). Ignoring.
[WARN] [1786961100.341229993] [coord_transform]: Outlier rejected #2 (jumped 1217.6mm). Ignoring.
[WARN] [1786961100.372281700] [coord_transform]: Outlier rejected #3 (jumped 1256.9mm). Ignoring.
[WARN] [1786961100.406929599] [coord_transform]: Outlier rejected #4 (jumped 1311.9mm). Ignoring.
[INFO] [1786961100.438114436] [coord_transform]: Too many outliers (5). Resetting filter to new position.
[INFO] [1786961100.834037739] [coord_transform]: Deadband: HOLD at (0.128, -0.179, 0.030)
[INFO] [1786961100.871962248] [coord_transform]: Deadband: RELEASE — motion detected
[WARN] [1786961103.935845192] [coord_transform]: Outlier rejected #1 (jumped 165.1mm). Ignoring.
[INFO] [1786961113.351651084] [coord_transform]: Re-sync camera init: [ 0.119 -0.312  0.021]
[INFO] [1786961113.351950428] [coord_transform]: Trạng thái tracking: RUNNING
[INFO] [1786961113.401205745] [coord_transform]: Deadband: RELEASE — motion detected
[INFO] [1786961113.401512032] [coord_transform]: [SNAP ON] Tay thực tế đứng yên. Ép dừng robot (GRU đang lệch 5.6cm).
[INFO] [1786961113.402318311] [coord_transform]: [PREDICTION] Transform: cam[ 0.119 -0.312  0.021] → base[-0.162  0.31   0.388]
[INFO] [1786961113.532630074] [coord_transform]: Deadband: HOLD at (0.119, -0.312, 0.021)
[INFO] [1786961114.264511693] [coord_transform]: [SNAP OFF] Tay di chuyển lại. Trả quyền cho GRU.
[INFO] [1786961114.330393000] [coord_transform]: [SNAP OFF] Tay di chuyển lại. Trả quyền cho GRU.
[INFO] [1786961114.399919613] [coord_transform]: [SNAP OFF] Tay di chuyển lại. Trả quyền cho GRU.
[INFO] [1786961114.433890337] [coord_transform]: [SNAP ON] Tay thực tế đứng yên. Ép dừng robot (GRU đang lệch 7.4cm).
[INFO] [1786961114.471214776] [coord_transform]: [SNAP OFF] Tay di chuyển lại. Trả quyền cho GRU.
[INFO] [1786961115.094421288] [coord_transform]: [SNAP OFF] Tay di chuyển lại. Trả quyền cho GRU.
[INFO] [1786961115.164247765] [coord_transform]: [SNAP OFF] Tay di chuyển lại. Trả quyền cho GRU.
[WARN] [1786961115.345203601] [coord_transform]: Outlier rejected #1 (jumped 157.0mm). Ignoring.
[INFO] [1786961115.405429128] [coord_transform]: [PREDICTION] Transform: cam[ 0.155 -0.243  0.06 ] → base[-0.198  0.379  0.428]
[WARN] [1786961115.744401300] [coord_transform]: Outlier rejected #1 (jumped 162.0mm). Ignoring.
[WARN] [1786961115.845751372] [coord_transform]: Outlier rejected #1 (jumped 192.1mm). Ignoring.
[WARN] [1786961115.978879108] [coord_transform]: Outlier rejected #1 (jumped 204.1mm). Ignoring.
[WARN] [1786961116.013756620] [coord_transform]: Outlier rejected #2 (jumped 249.1mm). Ignoring.
[WARN] [1786961116.047769833] [coord_transform]: Outlier rejected #3 (jumped 254.1mm). Ignoring.
[INFO] [1786961117.412186001] [coord_transform]: [PREDICTION] Transform: cam[ 0.063 -0.013  0.12 ] → base[-0.106  0.609  0.488]
[INFO] [1786961119.439939985] [coord_transform]: [PREDICTION] Transform: cam[0.069 0.353 0.168] → base[-0.112  0.975  0.536]
[INFO] [1786961121.472362852] [coord_transform]: [PREDICTION] Transform: cam[0.063 0.567 0.029] → base[-0.106  1.189  0.397]
[INFO] [1786961123.484609953] [coord_transform]: [PREDICTION] Transform: cam[0.056 0.516 0.266] → base[-0.099  1.138  0.634]
[INFO] [1786961125.506170043] [coord_transform]: [PREDICTION] Transform: cam[0.035 0.53  0.313] → base[-0.077  1.152  0.681]
[INFO] [1786961127.520757932] [coord_transform]: [PREDICTION] Transform: cam[0.035 0.472 0.328] → base[-0.078  1.094  0.696]
[INFO] [1786961129.544141796] [coord_transform]: [PREDICTION] Transform: cam[0.052 0.219 0.254] → base[-0.095  0.841  0.622]
[INFO] [1786961131.545037960] [coord_transform]: [PREDICTION] Transform: cam[0.077 0.14  0.234] → base[-0.12   0.761  0.602]
[INFO] [1786961133.548870384] [coord_transform]: [PREDICTION] Transform: cam[0.109 0.437 0.086] → base[-0.151  1.059  0.454]
[INFO] [1786961135.552011656] [coord_transform]: [PREDICTION] Transform: cam[0.302 0.515 0.119] → base[-0.345  1.137  0.487]
[INFO] [1786961137.557211936] [coord_transform]: [PREDICTION] Transform: cam[0.252 0.497 0.117] → base[-0.294  1.119  0.485]
[INFO] [1786961139.557695152] [coord_transform]: [PREDICTION] Transform: cam[0.076 0.522 0.154] → base[-0.119  1.144  0.522]
[INFO] [1786961141.593151659] [coord_transform]: [PREDICTION] Transform: cam[0.139 0.505 0.15 ] → base[-0.181  1.127  0.518]
[INFO] [1786961141.636685262] [coord_transform]: Trạng thái tracking: STOPPED
[INFO] [1786961171.016965949] [coord_transform]: Trạng thái tracking: STOPPED
[WARN] [1786961171.022654281] [coord_transform]: Outlier rejected #1 (jumped 1063.4mm). Ignoring.
[WARN] [1786961171.055289209] [coord_transform]: Outlier rejected #2 (jumped 1083.3mm). Ignoring.
[WARN] [1786961171.089923462] [coord_transform]: Outlier rejected #3 (jumped 1068.7mm). Ignoring.
[WARN] [1786961171.120987161] [coord_transform]: Outlier rejected #4 (jumped 1113.0mm). Ignoring.
[INFO] [1786961171.155450673] [coord_transform]: Too many outliers (5). Resetting filter to new position.
[INFO] [1786961171.655128735] [coord_transform]: Deadband: HOLD at (0.119, -0.312, 0.021)
[INFO] [1786961171.688123300] [coord_transform]: Deadband: RELEASE — motion detected
[WARN] [1786961172.685638627] [coord_transform]: Outlier rejected #1 (jumped 229.2mm). Ignoring.
[INFO] [1786961182.727589309] [coord_transform]: Deadband: RELEASE — motion detected
[INFO] [1786961182.764651284] [coord_transform]: Deadband: HOLD at (0.119, -0.312, 0.021)
[INFO] [1786961183.660884246] [coord_transform]: Re-sync camera init: [ 0.129 -0.412  0.036]
[INFO] [1786961183.661260725] [coord_transform]: Trạng thái tracking: RUNNING
[INFO] [1786961183.683909016] [coord_transform]: [SNAP ON] Tay thực tế đứng yên. Ép dừng robot (GRU đang lệch 8.6cm).
[INFO] [1786961183.684661403] [coord_transform]: [PREDICTION] Transform: cam[ 0.129 -0.412  0.036] → base[-0.162  0.31   0.388]
[INFO] [1786961184.079435009] [coord_transform]: [SNAP OFF] Tay di chuyển lại. Trả quyền cho GRU.
[INFO] [1786961184.149847690] [coord_transform]: [SNAP OFF] Tay di chuyển lại. Trả quyền cho GRU.
[INFO] [1786961185.686734299] [coord_transform]: [PREDICTION] Transform: cam[ 0.16  -0.249  0.08 ] → base[-0.193  0.473  0.433]
[WARN] [1786961185.932772106] [coord_transform]: Outlier rejected #1 (jumped 159.0mm). Ignoring.
[WARN] [1786961186.264752310] [coord_transform]: Outlier rejected #1 (jumped 360.0mm). Ignoring.
[INFO] [1786961187.720601659] [coord_transform]: [PREDICTION] Transform: cam[0.105 0.055 0.168] → base[-0.138  0.777  0.521]
[INFO] [1786961189.724019927] [coord_transform]: [PREDICTION] Transform: cam[0.087 0.415 0.138] → base[-0.12   1.137  0.491]
[WARN] [1786961190.788972100] [coord_transform]: Tọa độ bị clamp: [-0.14246803  1.30068525  0.40916598] → [-0.14246803  1.3         0.40916598]
[INFO] [1786961191.729182019] [coord_transform]: [PREDICTION] Transform: cam[0.109 0.578 0.201] → base[-0.143  1.3    0.554]
[INFO] [1786961193.733865870] [coord_transform]: [PREDICTION] Transform: cam[0.087 0.571 0.358] → base[-0.121  1.293  0.71 ]
[INFO] [1786961195.760483067] [coord_transform]: [PREDICTION] Transform: cam[0.079 0.411 0.305] → base[-0.112  1.133  0.658]
[INFO] [1786961197.890879218] [coord_transform]: [PREDICTION] Transform: cam[0.099 0.296 0.162] → base[-0.133  1.018  0.515]
[WARN] [1786961198.440255892] [coord_transform]: Outlier rejected #1 (jumped 686.2mm). Ignoring.
[WARN] [1786961198.507089713] [coord_transform]: Outlier rejected #2 (jumped 463.6mm). Ignoring.
[WARN] [1786961198.544656138] [coord_transform]: Outlier rejected #3 (jumped 537.6mm). Ignoring.
[WARN] [1786961198.606899955] [coord_transform]: Outlier rejected #4 (jumped 538.1mm). Ignoring.
[INFO] [1786961198.645245768] [coord_transform]: Too many outliers (5). Resetting filter to new position.
[WARN] [1786961198.678060354] [coord_transform]: Outlier rejected #1 (jumped 376.0mm). Ignoring.
[WARN] [1786961198.709010088] [coord_transform]: Outlier rejected #2 (jumped 331.0mm). Ignoring.
[WARN] [1786961198.776108408] [coord_transform]: Outlier rejected #3 (jumped 260.1mm). Ignoring.
[WARN] [1786961198.813143452] [coord_transform]: Outlier rejected #4 (jumped 367.1mm). Ignoring.
[INFO] [1786961198.843546918] [coord_transform]: Too many outliers (5). Resetting filter to new position.
[WARN] [1786961198.877028450] [coord_transform]: Outlier rejected #1 (jumped 580.2mm). Ignoring.
[WARN] [1786961198.909501493] [coord_transform]: Outlier rejected #2 (jumped 535.1mm). Ignoring.
[WARN] [1786961198.944287291] [coord_transform]: Outlier rejected #3 (jumped 715.2mm). Ignoring.
[WARN] [1786961198.976567722] [coord_transform]: Outlier rejected #4 (jumped 699.2mm). Ignoring.
[INFO] [1786961199.012739169] [coord_transform]: Too many outliers (5). Resetting filter to new position.
[INFO] [1786961199.926353914] [coord_transform]: [PREDICTION] Transform: cam[0.116 0.227 0.1  ] → base[-0.149  0.949  0.453]
[INFO] [1786961201.931000164] [coord_transform]: [PREDICTION] Transform: cam[0.197 0.397 0.152] → base[-0.23   1.119  0.505]
[WARN] [1786961202.043031481] [coord_transform]: Outlier rejected #1 (jumped 669.2mm). Ignoring.
[WARN] [1786961202.249675381] [coord_transform]: Outlier rejected #1 (jumped 167.0mm). Ignoring.
[INFO] [1786961203.931183088] [coord_transform]: [PREDICTION] Transform: cam[0.156 0.182 0.156] → base[-0.189  0.904  0.508]
[INFO] [1786961205.934482922] [coord_transform]: [PREDICTION] Transform: cam[-0.018  0.244  0.173] → base[-0.015  0.966  0.526]
[INFO] [1786961207.968462602] [coord_transform]: [PREDICTION] Transform: cam[-0.117  0.315  0.185] → base[0.084 1.037 0.538]
[INFO] [1786961209.973054819] [coord_transform]: [PREDICTION] Transform: cam[0.176 0.394 0.17 ] → base[-0.209  1.116  0.523]
[INFO] [1786961211.999746283] [coord_transform]: [PREDICTION] Transform: cam[0.216 0.24  0.171] → base[-0.25   0.962  0.524]
[INFO] [1786961214.012968342] [coord_transform]: [PREDICTION] Transform: cam[0.202 0.174 0.178] → base[-0.235  0.896  0.53 ]
[INFO] [1786961216.037690437] [coord_transform]: [PREDICTION] Transform: cam[0.09  0.225 0.195] → base[-0.124  0.946  0.548]
[INFO] [1786961218.048176112] [coord_transform]: [PREDICTION] Transform: cam[-0.063  0.228  0.21 ] → base[0.029 0.95  0.563]
[WARN] [1786961219.923847756] [coord_transform]: Outlier rejected #1 (jumped 278.9mm). Ignoring.
[INFO] [1786961220.088161621] [coord_transform]: [PREDICTION] Transform: cam[-0.062  0.044  0.187] → base[0.028 0.766 0.539]
[WARN] [1786961220.997235323] [coord_transform]: Outlier rejected #1 (jumped 169.7mm). Ignoring.
[INFO] [1786961222.111392307] [coord_transform]: [PREDICTION] Transform: cam[0.196 0.213 0.185] → base[-0.23   0.935  0.537]
[INFO] [1786961224.111798720] [coord_transform]: [PREDICTION] Transform: cam[0.307 0.432 0.128] → base[-0.34   1.153  0.481]
[INFO] [1786961226.136155606] [coord_transform]: [PREDICTION] Transform: cam[0.336 0.33  0.119] → base[-0.37   1.052  0.472]
[INFO] [1786961228.149506586] [coord_transform]: [PREDICTION] Transform: cam[0.099 0.371 0.156] → base[-0.133  1.093  0.509]
[INFO] [1786961230.182364622] [coord_transform]: [PREDICTION] Transform: cam[-0.019  0.305  0.192] → base[-0.015  1.027  0.545]
[WARN] [1786961230.862181008] [coord_transform]: Outlier rejected #1 (jumped 151.4mm). Ignoring.
[INFO] [1786961232.189055279] [coord_transform]: [PREDICTION] Transform: cam[-0.041  0.209  0.183] → base[0.007 0.931 0.536]
[INFO] [1786961234.221602328] [coord_transform]: [PREDICTION] Transform: cam[-0.066  0.261  0.183] → base[0.032 0.983 0.535]
[WARN] [1786961235.593089384] [coord_transform]: Outlier rejected #1 (jumped 166.8mm). Ignoring.
[WARN] [1786961235.651011923] [coord_transform]: Outlier rejected #2 (jumped 157.6mm). Ignoring.
[WARN] [1786961235.675650242] [coord_transform]: Outlier rejected #3 (jumped 309.4mm). Ignoring.
[WARN] [1786961235.704865750] [coord_transform]: Outlier rejected #4 (jumped 205.2mm). Ignoring.
[INFO] [1786961235.734164375] [coord_transform]: Too many outliers (5). Resetting filter to new position.
[WARN] [1786961235.801442964] [coord_transform]: Outlier rejected #1 (jumped 214.6mm). Ignoring.
[WARN] [1786961235.904158577] [coord_transform]: Outlier rejected #1 (jumped 231.6mm). Ignoring.
[WARN] [1786961235.939486837] [coord_transform]: Outlier rejected #2 (jumped 295.3mm). Ignoring.
[WARN] [1786961236.066312835] [coord_transform]: Outlier rejected #3 (jumped 419.1mm). Ignoring.
[INFO] [1786961236.222558686] [coord_transform]: [PREDICTION] Transform: cam[0.027 0.028 0.161] → base[-0.06   0.75   0.514]
[INFO] [1786961238.253909012] [coord_transform]: [PREDICTION] Transform: cam[ 0.074 -0.054  0.241] → base[-0.108  0.668  0.594]
[WARN] [1786961238.334455767] [coord_transform]: Outlier rejected #1 (jumped 179.4mm). Ignoring.
[WARN] [1786961238.470595154] [coord_transform]: Outlier rejected #1 (jumped 196.7mm). Ignoring.
[WARN] [1786961238.536920827] [coord_transform]: Outlier rejected #1 (jumped 307.6mm). Ignoring.
[INFO] [1786961240.258183398] [coord_transform]: [PREDICTION] Transform: cam[0.054 0.168 0.232] → base[-0.088  0.89   0.585]
[INFO] [1786961242.259380648] [coord_transform]: [PREDICTION] Transform: cam[0.125 0.373 0.095] → base[-0.158  1.095  0.447]
[INFO] [1786961244.266749842] [coord_transform]: [PREDICTION] Transform: cam[0.094 0.427 0.36 ] → base[-0.127  1.148  0.712]
[INFO] [1786961246.269094714] [coord_transform]: [PREDICTION] Transform: cam[0.107 0.438 0.35 ] → base[-0.14   1.16   0.702]
[WARN] [1786961247.944365673] [coord_transform]: Outlier rejected #1 (jumped 461.9mm). Ignoring.
[WARN] [1786961247.979743907] [coord_transform]: Outlier rejected #2 (jumped 340.2mm). Ignoring.
[INFO] [1786961248.297587257] [coord_transform]: [PREDICTION] Transform: cam[0.13  0.128 0.287] → base[-0.163  0.85   0.64 ]
[WARN] [1786961249.145642018] [coord_transform]: Outlier rejected #1 (jumped 269.2mm). Ignoring.
[WARN] [1786961249.681733401] [coord_transform]: Outlier rejected #1 (jumped 211.9mm). Ignoring.
[WARN] [1786961249.715274004] [coord_transform]: Outlier rejected #2 (jumped 259.1mm). Ignoring.
[WARN] [1786961249.751018809] [coord_transform]: Outlier rejected #3 (jumped 245.7mm). Ignoring.
[WARN] [1786961249.785774421] [coord_transform]: Outlier rejected #4 (jumped 277.1mm). Ignoring.
[INFO] [1786961249.817129709] [coord_transform]: Too many outliers (5). Resetting filter to new position.
[INFO] [1786961250.329914130] [coord_transform]: [PREDICTION] Transform: cam[0.111 0.078 0.287] → base[-0.144  0.8    0.639]
[WARN] [1786961250.945629411] [coord_transform]: Outlier rejected #1 (jumped 151.5mm). Ignoring.
[WARN] [1786961252.180884725] [coord_transform]: Outlier rejected #1 (jumped 183.5mm). Ignoring.
[INFO] [1786961252.333290655] [coord_transform]: [PREDICTION] Transform: cam[-0.062  0.228  0.199] → base[0.028 0.95  0.551]
[INFO] [1786961254.369700367] [coord_transform]: [PREDICTION] Transform: cam[-0.025  0.3    0.22 ] → base[-0.009  1.022  0.573]
[INFO] [1786961256.369818755] [coord_transform]: [PREDICTION] Transform: cam[0.199 0.309 0.193] → base[-0.233  1.031  0.546]
[INFO] [1786961258.403318496] [coord_transform]: [PREDICTION] Transform: cam[0.192 0.091 0.2  ] → base[-0.225  0.813  0.553]
[INFO] [1786961260.435123586] [coord_transform]: [PREDICTION] Transform: cam[0.16  0.113 0.235] → base[-0.194  0.835  0.588]
[INFO] [1786961262.445370818] [coord_transform]: [PREDICTION] Transform: cam[0.166 0.206 0.237] → base[-0.199  0.928  0.59 ]
[WARN] [1786961262.753603369] [coord_transform]: Outlier rejected #1 (jumped 187.6mm). Ignoring.
[WARN] [1786961263.990996669] [coord_transform]: Outlier rejected #1 (jumped 305.2mm). Ignoring.
[INFO] [1786961264.477042006] [coord_transform]: [PREDICTION] Transform: cam[ 0.195 -0.061  0.155] → base[-0.228  0.661  0.507]
[WARN] [1786961265.621658008] [coord_transform]: Outlier rejected #1 (jumped 263.2mm). Ignoring.
[WARN] [1786961265.688864460] [coord_transform]: Outlier rejected #1 (jumped 180.1mm). Ignoring.
[INFO] [1786961266.477586435] [coord_transform]: [PREDICTION] Transform: cam[0.18  0.129 0.159] → base[-0.214  0.851  0.512]
[WARN] [1786961268.360642011] [coord_transform]: Outlier rejected #1 (jumped 182.5mm). Ignoring.
[INFO] [1786961268.400424298] [coord_transform]: Trạng thái tracking: STOPPED
[WARN] [1786961268.427517310] [coord_transform]: Outlier rejected #1 (jumped 209.2mm). Ignoring.
[WARN] [1786961268.559607541] [coord_transform]: Outlier rejected #1 (jumped 185.1mm). Ignoring.
[WARN] [1786961269.023298781] [coord_transform]: Outlier rejected #1 (jumped 169.2mm). Ignoring.
[WARN] [1786961269.061250401] [coord_transform]: Outlier rejected #2 (jumped 227.2mm). Ignoring.
[WARN] [1786961269.257442748] [coord_transform]: Outlier rejected #1 (jumped 156.6mm). Ignoring.
[WARN] [1786961290.542927283] [coord_transform]: Outlier rejected #1 (jumped 540.1mm). Ignoring.
[WARN] [1786961290.579032015] [coord_transform]: Outlier rejected #2 (jumped 542.2mm). Ignoring.
[WARN] [1786961290.609764340] [coord_transform]: Outlier rejected #3 (jumped 539.6mm). Ignoring.
[WARN] [1786961290.644014179] [coord_transform]: Outlier rejected #4 (jumped 532.2mm). Ignoring.
[INFO] [1786961290.676974810] [coord_transform]: Too many outliers (5). Resetting filter to new position.
[WARN] [1786961291.574847446] [coord_transform]: Outlier rejected #1 (jumped 221.4mm). Ignoring.
[WARN] [1786961291.611241783] [coord_transform]: Outlier rejected #2 (jumped 234.6mm). Ignoring.
[WARN] [1786961291.644969409] [coord_transform]: Outlier rejected #3 (jumped 266.6mm). Ignoring.
[WARN] [1786961291.678994935] [coord_transform]: Outlier rejected #4 (jumped 291.0mm). Ignoring.
[INFO] [1786961291.710687869] [coord_transform]: Too many outliers (5). Resetting filter to new position.
[WARN] [1786961296.811201330] [coord_transform]: Outlier rejected #1 (jumped 242.8mm). Ignoring.
[WARN] [1786961296.844871859] [coord_transform]: Outlier rejected #2 (jumped 269.5mm). Ignoring.
[WARN] [1786961296.880843670] [coord_transform]: Outlier rejected #3 (jumped 264.1mm). Ignoring.
[WARN] [1786961296.914198043] [coord_transform]: Outlier rejected #4 (jumped 269.5mm). Ignoring.
[INFO] [1786961296.949809186] [coord_transform]: Too many outliers (5). Resetting filter to new position.
[INFO] [1786961309.748719283] [coord_transform]: Trạng thái tracking: STOPPED
[INFO] [1786961324.149477910] [coord_transform]: Re-sync camera init: [ 0.119 -0.264  0.031]
[INFO] [1786961324.149729373] [coord_transform]: Trạng thái tracking: RUNNING
[INFO] [1786961324.187600742] [coord_transform]: Deadband: RELEASE — motion detected
[INFO] [1786961324.187982832] [coord_transform]: [SNAP ON] Tay thực tế đứng yên. Ép dừng robot (GRU đang lệch 5.3cm).
[INFO] [1786961324.189474992] [coord_transform]: [PREDICTION] Transform: cam[ 0.119 -0.264  0.031] → base[-0.162  0.31   0.388]
[INFO] [1786961324.321198663] [coord_transform]: Deadband: HOLD at (0.119, -0.264, 0.031)
[INFO] [1786961325.149046748] [coord_transform]: [SNAP OFF] Tay di chuyển lại. Trả quyền cho GRU.
[INFO] [1786961325.188843653] [coord_transform]: [SNAP ON] Tay thực tế đứng yên. Ép dừng robot (GRU đang lệch 0.0cm).
[INFO] [1786961325.222798216] [coord_transform]: [SNAP OFF] Tay di chuyển lại. Trả quyền cho GRU.
[WARN] [1786961325.638849580] [coord_transform]: Outlier rejected #1 (jumped 166.0mm). Ignoring.
[WARN] [1786961325.930606423] [coord_transform]: Outlier rejected #1 (jumped 167.1mm). Ignoring.
[INFO] [1786961326.220802878] [coord_transform]: [PREDICTION] Transform: cam[ 0.172 -0.299  0.082] → base[-0.215  0.275  0.439]
[WARN] [1786961326.474290584] [coord_transform]: Outlier rejected #1 (jumped 213.0mm). Ignoring.
[WARN] [1786961326.517615092] [coord_transform]: Outlier rejected #2 (jumped 213.0mm). Ignoring.
[WARN] [1786961326.552686388] [coord_transform]: Outlier rejected #3 (jumped 173.0mm). Ignoring.
[WARN] [1786961326.581803992] [coord_transform]: Outlier rejected #4 (jumped 163.1mm). Ignoring.
[INFO] [1786961326.610545788] [coord_transform]: Too many outliers (5). Resetting filter to new position.
[WARN] [1786961327.104784994] [coord_transform]: Outlier rejected #1 (jumped 205.0mm). Ignoring.
[WARN] [1786961327.137705620] [coord_transform]: Outlier rejected #2 (jumped 165.0mm). Ignoring.
[WARN] [1786961327.169866555] [coord_transform]: Outlier rejected #3 (jumped 195.0mm). Ignoring.
[WARN] [1786961327.202854618] [coord_transform]: Outlier rejected #4 (jumped 244.0mm). Ignoring.
[INFO] [1786961327.236545284] [coord_transform]: Too many outliers (5). Resetting filter to new position.
[INFO] [1786961328.252690077] [coord_transform]: [PREDICTION] Transform: cam[ 0.121 -0.042  0.173] → base[-0.163  0.532  0.53 ]
[INFO] [1786961330.253352785] [coord_transform]: [PREDICTION] Transform: cam[0.08  0.312 0.171] → base[-0.123  0.886  0.528]
[INFO] [1786961332.261611176] [coord_transform]: [PREDICTION] Transform: cam[-0.025  0.482  0.136] → base[-0.017  1.056  0.493]
[INFO] [1786961334.287986665] [coord_transform]: [PREDICTION] Transform: cam[-0.137  0.53  -0.016] → base[0.094 1.104 0.341]
[INFO] [1786961334.671496657] [coord_transform]: Trạng thái tracking: STOPPED
[WARN] [1786961341.646232937] [coord_transform]: Outlier rejected #1 (jumped 227.3mm). Ignoring.
[WARN] [1786961341.679664706] [coord_transform]: Outlier rejected #2 (jumped 250.0mm). Ignoring.
[WARN] [1786961341.714715563] [coord_transform]: Outlier rejected #3 (jumped 362.7mm). Ignoring.
[WARN] [1786961341.749363221] [coord_transform]: Outlier rejected #4 (jumped 394.0mm). Ignoring.
[INFO] [1786961341.811002279] [coord_transform]: Too many outliers (5). Resetting filter to new position.
[WARN] [1786961342.748423461] [coord_transform]: Outlier rejected #1 (jumped 165.7mm). Ignoring.
[WARN] [1786961343.045674882] [coord_transform]: Outlier rejected #1 (jumped 164.2mm). Ignoring.
[WARN] [1786961343.177765373] [coord_transform]: Outlier rejected #1 (jumped 158.2mm). Ignoring.
[WARN] [1786961343.343962183] [coord_transform]: Outlier rejected #1 (jumped 344.9mm). Ignoring.
[WARN] [1786961343.783423221] [coord_transform]: Outlier rejected #1 (jumped 192.2mm). Ignoring.
[WARN] [1786961343.911154073] [coord_transform]: Outlier rejected #1 (jumped 188.2mm). Ignoring.
[WARN] [1786961343.948101622] [coord_transform]: Outlier rejected #2 (jumped 273.2mm). Ignoring.
[WARN] [1786961343.982184837] [coord_transform]: Outlier rejected #3 (jumped 175.0mm). Ignoring.
[WARN] [1786961347.081869640] [coord_transform]: Outlier rejected #1 (jumped 233.6mm). Ignoring.
[INFO] [1786961347.149918849] [coord_transform]: Deadband: HOLD at (0.119, -0.264, 0.031)
[INFO] [1786961347.186817867] [coord_transform]: Deadband: RELEASE — motion detected
[INFO] [1786961369.598266824] [coord_transform]: Trạng thái tracking: STOPPED
[INFO] [1786961380.906377064] [coord_transform]: Re-sync camera init: [ 0.107 -0.039 -0.002]
[INFO] [1786961380.906639708] [coord_transform]: Trạng thái tracking: RUNNING
[INFO] [1786961380.965864229] [coord_transform]: [SNAP ON] Tay thực tế đứng yên. Ép dừng robot (GRU đang lệch 0.0cm).
[INFO] [1786961380.966892035] [coord_transform]: [PREDICTION] Transform: cam[ 0.107 -0.039 -0.002] → base[-0.162  0.31   0.388]
[INFO] [1786961382.140173163] [coord_transform]: Deadband: RELEASE — motion detected
[INFO] [1786961382.155798900] [coord_transform]: [SNAP OFF] Tay di chuyển lại. Trả quyền cho GRU.
[INFO] [1786961382.174527970] [coord_transform]: Deadband: HOLD at (0.107, -0.039, -0.002)
[INFO] [1786961382.194237306] [coord_transform]: [SNAP ON] Tay thực tế đứng yên. Ép dừng robot (GRU đang lệch 5.0cm).
[INFO] [1786961382.232356562] [coord_transform]: [SNAP OFF] Tay di chuyển lại. Trả quyền cho GRU.
[INFO] [1786961382.988862775] [coord_transform]: [PREDICTION] Transform: cam[ 0.112 -0.074  0.086] → base[-0.166  0.274  0.476]
[INFO] [1786961384.994969962] [coord_transform]: [PREDICTION] Transform: cam[-0.005  0.149  0.161] → base[-0.05   0.498  0.552]
[INFO] [1786961386.998096986] [coord_transform]: [PREDICTION] Transform: cam[-0.095  0.432  0.174] → base[0.041 0.781 0.564]
[INFO] [1786961389.032001951] [coord_transform]: [PREDICTION] Transform: cam[-0.134  0.673  0.088] → base[0.079 1.022 0.478]
[INFO] [1786961390.657517642] [coord_transform]: Trạng thái tracking: STOPPED
[WARN] [1786961423.237655775] [coord_transform]: Outlier rejected #1 (jumped 359.1mm). Ignoring.
[WARN] [1786961423.269983914] [coord_transform]: Outlier rejected #2 (jumped 331.6mm). Ignoring.
[WARN] [1786961423.307583932] [coord_transform]: Outlier rejected #3 (jumped 349.9mm). Ignoring.
[WARN] [1786961423.342180665] [coord_transform]: Outlier rejected #4 (jumped 338.4mm). Ignoring.
[INFO] [1786961423.374155960] [coord_transform]: Too many outliers (5). Resetting filter to new position.
[WARN] [1786961428.005325116] [coord_transform]: Outlier rejected #1 (jumped 272.1mm). Ignoring.
[WARN] [1786961428.043027165] [coord_transform]: Outlier rejected #2 (jumped 200.3mm). Ignoring.
[WARN] [1786961428.077497880] [coord_transform]: Outlier rejected #3 (jumped 208.5mm). Ignoring.
[WARN] [1786961428.110745943] [coord_transform]: Outlier rejected #4 (jumped 261.4mm). Ignoring.
[INFO] [1786961428.143715340] [coord_transform]: Too many outliers (5). Resetting filter to new position.
[INFO] [1786961444.226337563] [coord_transform]: Re-sync camera init: [ 0.111 -0.196  0.025]
[INFO] [1786961444.226649982] [coord_transform]: Trạng thái tracking: RUNNING
[INFO] [1786961444.275396029] [coord_transform]: Deadband: RELEASE — motion detected
[INFO] [1786961444.275768351] [coord_transform]: [SNAP ON] Tay thực tế đứng yên. Ép dừng robot (GRU đang lệch 75.5cm).
[INFO] [1786961444.276575661] [coord_transform]: [PREDICTION] Transform: cam[ 0.111 -0.196  0.025] → base[-0.162  0.31   0.388]
[INFO] [1786961445.037909945] [coord_transform]: [SNAP OFF] Tay di chuyển lại. Trả quyền cho GRU.
[INFO] [1786961445.051120403] [coord_transform]: Deadband: HOLD at (0.111, -0.196, 0.025)
[INFO] [1786961445.110984128] [coord_transform]: [SNAP OFF] Tay di chuyển lại. Trả quyền cho GRU.
[WARN] [1786961445.653336828] [coord_transform]: Outlier rejected #1 (jumped 207.0mm). Ignoring.
[WARN] [1786961445.786038701] [coord_transform]: Outlier rejected #1 (jumped 173.0mm). Ignoring.
[WARN] [1786961445.920530544] [coord_transform]: Outlier rejected #1 (jumped 183.1mm). Ignoring.
[WARN] [1786961445.957799829] [coord_transform]: Outlier rejected #2 (jumped 161.1mm). Ignoring.
[INFO] [1786961446.279400663] [coord_transform]: [PREDICTION] Transform: cam[0.147 0.391 0.088] → base[-0.198  0.897  0.452]
[INFO] [1786961448.306322193] [coord_transform]: [PREDICTION] Transform: cam[0.074 0.263 0.17 ] → base[-0.126  0.768  0.534]
[INFO] [1786961450.309483088] [coord_transform]: [PREDICTION] Transform: cam[-0.015  0.594  0.144] → base[-0.036  1.1    0.507]
[INFO] [1786961450.505139495] [coord_transform]: Trạng thái tracking: STOPPED
[WARN] [1786961457.393141922] [coord_transform]: Outlier rejected #1 (jumped 151.5mm). Ignoring.
[WARN] [1786961457.429683106] [coord_transform]: Outlier rejected #2 (jumped 171.6mm). Ignoring.
[WARN] [1786961457.465517719] [coord_transform]: Outlier rejected #3 (jumped 186.3mm). Ignoring.
[WARN] [1786961457.495419099] [coord_transform]: Outlier rejected #4 (jumped 207.7mm). Ignoring.
[INFO] [1786961457.529661143] [coord_transform]: Too many outliers (5). Resetting filter to new position.
[WARN] [1786961460.062244137] [coord_transform]: Outlier rejected #1 (jumped 530.3mm). Ignoring.
[WARN] [1786961460.098119607] [coord_transform]: Outlier rejected #2 (jumped 531.9mm). Ignoring.
[WARN] [1786961460.134114813] [coord_transform]: Outlier rejected #3 (jumped 522.5mm). Ignoring.
[WARN] [1786961460.166836925] [coord_transform]: Outlier rejected #4 (jumped 514.6mm). Ignoring.
[INFO] [1786961460.202359450] [coord_transform]: Too many outliers (5). Resetting filter to new position.
[INFO] [1786961465.868270993] [coord_transform]: Deadband: HOLD at (0.111, -0.196, 0.025)
[INFO] [1786961465.908194416] [coord_transform]: Deadband: RELEASE — motion detected
[INFO] [1786961471.010573370] [coord_transform]: Trạng thái tracking: STOPPED
[INFO] [1786961472.844151728] [coord_transform]: Deadband: HOLD at (0.111, -0.196, 0.025)
[WARN] [1786961472.875153781] [coord_transform]: Outlier rejected #1 (jumped 803.6mm). Ignoring.
[INFO] [1786961472.876766688] [coord_transform]: Deadband: RELEASE — motion detected
[WARN] [1786961472.906346873] [coord_transform]: Outlier rejected #2 (jumped 810.0mm). Ignoring.
[WARN] [1786961472.935339021] [coord_transform]: Outlier rejected #3 (jumped 811.7mm). Ignoring.
[WARN] [1786961472.966423669] [coord_transform]: Outlier rejected #4 (jumped 805.2mm). Ignoring.
[INFO] [1786961472.996696939] [coord_transform]: Too many outliers (5). Resetting filter to new position.
[INFO] [1786961472.997547641] [coord_transform]: [SNAP ON] Tay thực tế đứng yên. Ép dừng robot (GRU đang lệch 83.9cm).
[INFO] [1786961473.033172790] [coord_transform]: [SNAP OFF] Tay di chuyển lại. Trả quyền cho GRU.
[INFO] [1786961473.524251492] [coord_transform]: [SNAP OFF] Tay di chuyển lại. Trả quyền cho GRU.
[INFO] [1786961473.593597794] [coord_transform]: [SNAP OFF] Tay di chuyển lại. Trả quyền cho GRU.
[INFO] [1786961473.662492626] [coord_transform]: [SNAP OFF] Tay di chuyển lại. Trả quyền cho GRU.
[INFO] [1786961473.728375916] [coord_transform]: [SNAP OFF] Tay di chuyển lại. Trả quyền cho GRU.
[INFO] [1786961473.798096473] [coord_transform]: [SNAP OFF] Tay di chuyển lại. Trả quyền cho GRU.
[INFO] [1786961476.714857684] [coord_transform]: Trạng thái tracking: STOPPED
[INFO] [1786961486.281993250] [coord_transform]: Deadband: HOLD at (0.111, -0.196, 0.025)
[INFO] [1786961486.317936168] [coord_transform]: Deadband: RELEASE — motion detected
[INFO] [1786961487.802773390] [coord_transform]: Re-sync camera init: [ 0.111 -0.229  0.041]
[INFO] [1786961487.803060862] [coord_transform]: Trạng thái tracking: RUNNING
[INFO] [1786961487.844349586] [coord_transform]: [PREDICTION] Transform: cam[ 0.127 -0.117  0.025] → base[-0.179  0.422  0.372]
[INFO] [1786961488.385717292] [coord_transform]: Deadband: HOLD at (0.111, -0.229, 0.041)
[INFO] [1786961488.404943538] [coord_transform]: [SNAP ON] Tay thực tế đứng yên. Ép dừng robot (GRU đang lệch 10.0cm).
[INFO] [1786961488.418770196] [coord_transform]: Deadband: RELEASE — motion detected
[INFO] [1786961488.438375918] [coord_transform]: [SNAP OFF] Tay di chuyển lại. Trả quyền cho GRU.
[INFO] [1786961489.076071155] [coord_transform]: [SNAP OFF] Tay di chuyển lại. Trả quyền cho GRU.
[INFO] [1786961489.144576804] [coord_transform]: [SNAP OFF] Tay di chuyển lại. Trả quyền cho GRU.
[INFO] [1786961489.870567058] [coord_transform]: [PREDICTION] Transform: cam[ 0.134 -0.161  0.106] → base[-0.185  0.378  0.453]
[INFO] [1786961491.873309712] [coord_transform]: [PREDICTION] Transform: cam[0.088 0.143 0.188] → base[-0.139  0.682  0.536]
[INFO] [1786961493.899364087] [coord_transform]: [PREDICTION] Transform: cam[0.02  0.421 0.159] → base[-0.072  0.96   0.507]
[INFO] [1786961495.934071897] [coord_transform]: [PREDICTION] Transform: cam[-0.001  0.554  0.079] → base[-0.051  1.093  0.427]
[INFO] [1786961497.966694411] [coord_transform]: [PREDICTION] Transform: cam[-0.024  0.702 -0.01 ] → base[-0.027  1.241  0.337]
[INFO] [1786961499.998817794] [coord_transform]: [PREDICTION] Transform: cam[-0.024  0.703 -0.01 ] → base[-0.027  1.242  0.337]
[INFO] [1786961500.447866666] [coord_transform]: Trạng thái tracking: STOPPED
