[INFO] [1786090079.198095222] [cartesian_streamer]: CartesianStreamer khởi động (chờ Enable Robot từ UI).
  Stream rate:       15 Hz (period=66.7ms)
  Queue dt:          0.067 s
  Prebuffer points:  3
  Retry backoff:     66.0 ms
  Gửi PoseStamped lên: /cartesian_streamer/target_pose
  Gửi XYZ lên:        /cartesian_streamer/target_xyz
  Nhận EE pose tại:   /cartesian_streamer/current_pose
[INFO] [1786090079.222263786] [cartesian_streamer]: Nhận joint_states: ['1.571', '0.124', '-1.049', '0.000', '-0.398', '-1.444']
[INFO] [1786090079.679368287] [cartesian_streamer]: ⚡ Simulation mode: Bỏ qua FK cross-validation, ÉP DÙNG Local IK.
   (MoveIt không có planning library trong môi trường giả lập)
[INFO] [1786090079.679926405] [cartesian_streamer]: Đã nhận joint_states. EE hiện tại: (-0.1620, 0.2801, 0.3785). IK mode: Local DLS. Chờ Enable Robot từ UI...
[INFO] [1786090106.699063950] [cartesian_streamer]: Disable Robot: dừng stream, tắt traj mode...
[INFO] [1786090106.699646885] [cartesian_streamer]: ✗ Robot DISABLED.
[INFO] [1786090128.153076967] [cartesian_streamer]: Enable Robot: bắt đầu chuỗi khởi động...
[INFO] [1786090128.153537802] [cartesian_streamer]: Enable: reset_error...
[INFO] [1786090128.155607638] [cartesian_streamer]: reset_error: code=1, msg="Mock: Error Reset OK"
[INFO] [1786090128.155863138] [cartesian_streamer]: Enable: stop_traj_mode (giải phóng mode cũ)...
[INFO] [1786090128.157245323] [cartesian_streamer]: stop_traj_mode: success=True, code=N/A, msg="Mock: OK"
[INFO] [1786090128.157507986] [cartesian_streamer]: Enable: chờ 1.5s để hệ thống ổn định trước khi start queue...
[INFO] [1786090129.658602187] [cartesian_streamer]: Enable: StartPointQueueMode...
[INFO] [1786090129.662624108] [cartesian_streamer]: StartPointQueueMode response: code=1, msg="Mock: Queue Mode Started"
[INFO] [1786090129.662941173] [cartesian_streamer]: ✓ Robot ENABLED — Point Queue Mode active. Servo ON!
[INFO] [1786090129.713117188] [cartesian_streamer]: Runtime rate: state=seeding, tick_hz=0.0, queue_send_hz=0.0, ack_hz=0.0, busy_hz=0.0, retry_count=0, reject_count=0, inter_ack_ms=0.0, max_joint_delta=0.000, cumul_time=0.00s, hold_count=0, ik_mode=Local, ik_avg_ms=0.00, ik_fails=0
[INFO] [1786090129.714153614] [cartesian_streamer]: Bootstrap EE pose via FK: (-0.1620, 0.2801, 0.3785)
[INFO] [1786090129.714631482] [cartesian_streamer]: Đang stream qua service: /queue_traj_point
[INFO] [1786090129.715118135] [cartesian_streamer]: Đã gửi seed point (current joints, t=0), chờ ACK...
[INFO] [1786090129.717299751] [cartesian_streamer]: Seed ACK nhận được, bắt đầu prebuffer.
[INFO] [1786090129.717650520] [cartesian_streamer]: Queue accepted sample#1: svc=/queue_traj_point, t_cumul=0.0000s, code=1, msg="Mock: Point accepted (0)", hold=False
[INFO] [1786090129.780202511] [cartesian_streamer]: Queue accepted sample#2: svc=/queue_traj_point, t_cumul=0.0636s, code=1, msg="Mock: Point accepted (1)", hold=True
[INFO] [1786090129.847004952] [cartesian_streamer]: Queue accepted sample#3: svc=/queue_traj_point, t_cumul=0.1298s, code=1, msg="Mock: Point accepted (2)", hold=True
[INFO] [1786090129.913738473] [cartesian_streamer]: Pre-buffer hoàn tất (3 points), bắt đầu stream ổn định. Đang chờ target...
[INFO] [1786090129.914012788] [cartesian_streamer]: Queue accepted sample#4: svc=/queue_traj_point, t_cumul=0.1970s, code=1, msg="Mock: Point accepted (3)", hold=True
[INFO] [1786090129.980315261] [cartesian_streamer]: Queue accepted sample#5: svc=/queue_traj_point, t_cumul=0.2634s, code=1, msg="Mock: Point accepted (4)", hold=True
[INFO] [1786090130.779544889] [cartesian_streamer]: IK OK → Δmax=0.0000 rad, joints: [1.571, 0.124, -1.049, 0.000, -0.398, -1.444]
[WARN] [1786090130.845358223] [cartesian_streamer]: QueueTrajPoint đã được accept nhưng joint_states hầu như không đổi. Kiểm tra: 1) Robot ở mode AUTO? 2) Servo ON? 3) E-stop cleared?
[INFO] [1786090130.982730920] [cartesian_streamer]: QueueTrajPoint accepted #20: t=1.266s, hold=False
[INFO] [1786090132.314828687] [cartesian_streamer]: QueueTrajPoint accepted #40: t=2.598s, hold=False
[INFO] [1786090132.513374026] [cartesian_streamer]: IK delta clamped → joints: [1.589, 0.072, -0.965, -0.000, -0.514, -1.461]
[INFO] [1786090132.780700229] [cartesian_streamer]: IK OK → Δmax=0.0900 rad, joints: [1.569, 0.015, -0.899, -0.000, -0.536, -1.442]
[INFO] [1786090133.650346428] [cartesian_streamer]: QueueTrajPoint accepted #60: t=3.934s, hold=False
[INFO] [1786090134.579536873] [cartesian_streamer]: IK delta clamped → joints: [1.392, -0.171, -0.511, 0.000, -0.680, -1.265]
[INFO] [1786090134.778680625] [cartesian_streamer]: Runtime rate: state=streaming, tick_hz=15.0, queue_send_hz=15.0, ack_hz=15.0, busy_hz=0.0, retry_count=0, reject_count=0, inter_ack_ms=66.7, max_joint_delta=0.090, cumul_time=5.00s, hold_count=0, ik_mode=Local, ik_avg_ms=0.71, ik_fails=0
[INFO] [1786090134.846428272] [cartesian_streamer]: IK OK → Δmax=0.0900 rad, joints: [1.405, -0.139, -0.458, 0.000, -0.701, -1.278]
[INFO] [1786090134.984120759] [cartesian_streamer]: QueueTrajPoint accepted #80: t=5.267s, hold=False
[INFO] [1786090136.314883710] [cartesian_streamer]: QueueTrajPoint accepted #100: t=6.598s, hold=False
[INFO] [1786090136.645854568] [cartesian_streamer]: IK delta clamped → joints: [1.409, 0.001, -0.248, 0.000, -0.845, -1.281]
[INFO] [1786090136.847087734] [cartesian_streamer]: IK OK → Δmax=0.0900 rad, joints: [1.425, 0.024, -0.284, 0.000, -0.861, -1.298]
[INFO] [1786090137.649145421] [cartesian_streamer]: QueueTrajPoint accepted #120: t=7.932s, hold=False
[INFO] [1786090138.645875658] [cartesian_streamer]: IK delta clamped → joints: [1.505, 0.337, -0.498, 0.000, -0.750, -1.378]
[INFO] [1786090138.912908835] [cartesian_streamer]: IK OK → Δmax=0.0900 rad, joints: [1.504, 0.397, -0.512, 0.000, -0.729, -1.377]
[INFO] [1786090138.981273770] [cartesian_streamer]: QueueTrajPoint accepted #140: t=9.265s, hold=False
[INFO] [1786090139.844746147] [cartesian_streamer]: Runtime rate: state=streaming, tick_hz=15.0, queue_send_hz=15.0, ack_hz=15.0, busy_hz=0.0, retry_count=0, reject_count=0, inter_ack_ms=66.7, max_joint_delta=0.090, cumul_time=10.06s, hold_count=0, ik_mode=Local, ik_avg_ms=0.77, ik_fails=0
[INFO] [1786090140.315982567] [cartesian_streamer]: QueueTrajPoint accepted #160: t=10.598s, hold=False
[INFO] [1786090140.646106909] [cartesian_streamer]: IK delta clamped → joints: [1.462, 0.789, -0.469, 0.000, -0.590, -1.335]
[INFO] [1786090140.914170652] [cartesian_streamer]: IK OK → Δmax=0.0900 rad, joints: [1.452, 0.843, -0.442, 0.000, -0.569, -1.325]
[INFO] [1786090141.652676956] [cartesian_streamer]: QueueTrajPoint accepted #180: t=11.933s, hold=False
[INFO] [1786090142.712086360] [cartesian_streamer]: IK delta clamped → joints: [1.423, 0.978, -0.356, 0.000, -0.425, -1.297]
[INFO] [1786090142.978766405] [cartesian_streamer]: IK OK → Δmax=0.0900 rad, joints: [1.423, 0.978, -0.356, 0.000, -0.404, -1.297]
[INFO] [1786090142.981980590] [cartesian_streamer]: QueueTrajPoint accepted #200: t=13.264s, hold=False
[INFO] [1786090144.315931242] [cartesian_streamer]: QueueTrajPoint accepted #220: t=14.598s, hold=False
[INFO] [1786090144.778708674] [cartesian_streamer]: IK delta clamped → joints: [1.423, 0.978, -0.356, 0.000, -0.260, -1.297]
[INFO] [1786090144.845967022] [cartesian_streamer]: Runtime rate: state=streaming, tick_hz=15.0, queue_send_hz=15.0, ack_hz=15.0, busy_hz=0.0, retry_count=0, reject_count=0, inter_ack_ms=66.7, max_joint_delta=0.090, cumul_time=15.06s, hold_count=0, ik_mode=Local, ik_avg_ms=0.69, ik_fails=0
[INFO] [1786090144.979740414] [cartesian_streamer]: IK OK → Δmax=0.0900 rad, joints: [1.423, 0.978, -0.356, 0.000, -0.244, -1.297]
[INFO] [1786090145.649834788] [cartesian_streamer]: QueueTrajPoint accepted #240: t=15.932s, hold=False
[INFO] [1786090146.980222637] [cartesian_streamer]: QueueTrajPoint accepted #260: t=17.264s, hold=False
[INFO] [1786090147.045535342] [cartesian_streamer]: IK OK → Δmax=0.0000 rad, joints: [1.423, 0.978, -0.356, 0.000, -0.237, -1.297]
[INFO] [1786090148.314087526] [cartesian_streamer]: QueueTrajPoint accepted #280: t=18.598s, hold=False
[INFO] [1786090149.047073474] [cartesian_streamer]: IK OK → Δmax=0.0000 rad, joints: [1.423, 0.978, -0.356, 0.000, -0.237, -1.297]
[INFO] [1786090149.650448525] [cartesian_streamer]: QueueTrajPoint accepted #300: t=19.933s, hold=False
[INFO] [1786090149.664503403] [cartesian_streamer]: Disable Robot: dừng stream, tắt traj mode...
[INFO] [1786090149.665487471] [cartesian_streamer]: ✗ Robot DISABLED.
[INFO] [1786090150.947414992] [cartesian_streamer]: Disable Robot: dừng stream, tắt traj mode...
[INFO] [1786090150.947874114] [cartesian_streamer]: ✗ Robot DISABLED.
[INFO] [1786090226.349356332] [cartesian_streamer]: Enable Robot: bắt đầu chuỗi khởi động...
[INFO] [1786090226.349786730] [cartesian_streamer]: Enable: reset_error...
[INFO] [1786090226.353028156] [cartesian_streamer]: reset_error: code=1, msg="Mock: Error Reset OK"
[INFO] [1786090226.353277224] [cartesian_streamer]: Enable: stop_traj_mode (giải phóng mode cũ)...
[INFO] [1786090226.354747825] [cartesian_streamer]: stop_traj_mode: success=True, code=N/A, msg="Mock: OK"
[INFO] [1786090226.355057026] [cartesian_streamer]: Enable: chờ 1.5s để hệ thống ổn định trước khi start queue...
[INFO] [1786090227.856459565] [cartesian_streamer]: Enable: StartPointQueueMode...
[INFO] [1786090227.859119499] [cartesian_streamer]: StartPointQueueMode response: code=1, msg="Mock: Queue Mode Started"
[INFO] [1786090227.859439090] [cartesian_streamer]: ✓ Robot ENABLED — Point Queue Mode active. Servo ON!
[INFO] [1786090227.913308707] [cartesian_streamer]: Runtime rate: state=seeding, tick_hz=0.9, queue_send_hz=0.9, ack_hz=0.9, busy_hz=0.0, retry_count=0, reject_count=0, inter_ack_ms=66.7, max_joint_delta=0.090, cumul_time=0.00s, hold_count=0, ik_mode=Local, ik_avg_ms=0.59, ik_fails=0
[WARN] [1786090227.913641262] [cartesian_streamer]: Target stream stale: không có target mới trong 78.3s
[WARN] [1786090227.913952356] [cartesian_streamer]: QueueTrajPoint đã được accept nhưng joint_states hầu như không đổi. Kiểm tra: 1) Robot ở mode AUTO? 2) Servo ON? 3) E-stop cleared?
[INFO] [1786090227.914544247] [cartesian_streamer]: Bootstrap EE pose via FK: (-0.1620, 0.2801, 0.3785)
[INFO] [1786090227.915266704] [cartesian_streamer]: Đã gửi seed point (current joints, t=0), chờ ACK...
[INFO] [1786090227.916820441] [cartesian_streamer]: Seed ACK nhận được, bắt đầu prebuffer.
[INFO] [1786090228.114314604] [cartesian_streamer]: Pre-buffer hoàn tất (3 points), bắt đầu stream ổn định. Đang chờ target...
[INFO] [1786090229.183450836] [cartesian_streamer]: QueueTrajPoint accepted #320: t=1.263s, hold=True
[INFO] [1786090230.514212228] [cartesian_streamer]: QueueTrajPoint accepted #340: t=2.597s, hold=True
[INFO] [1786090231.846752663] [cartesian_streamer]: QueueTrajPoint accepted #360: t=3.930s, hold=True
[INFO] [1786090232.978937834] [cartesian_streamer]: Runtime rate: state=streaming, tick_hz=15.0, queue_send_hz=15.0, ack_hz=15.0, busy_hz=0.0, retry_count=0, reject_count=0, inter_ack_ms=1095.6, max_joint_delta=0.000, cumul_time=5.00s, hold_count=75, ik_mode=Local, ik_avg_ms=0.59, ik_fails=0
[WARN] [1786090232.979248578] [cartesian_streamer]: Target stream stale: không có target mới trong 83.3s
[INFO] [1786090233.181526884] [cartesian_streamer]: QueueTrajPoint accepted #380: t=5.263s, hold=True
[INFO] [1786090234.513851569] [cartesian_streamer]: QueueTrajPoint accepted #400: t=6.597s, hold=True
[INFO] [1786090235.846964506] [cartesian_streamer]: QueueTrajPoint accepted #420: t=7.930s, hold=True
[INFO] [1786090237.180414538] [cartesian_streamer]: QueueTrajPoint accepted #440: t=9.263s, hold=True
[INFO] [1786090238.044890593] [cartesian_streamer]: Runtime rate: state=streaming, tick_hz=15.0, queue_send_hz=15.0, ack_hz=15.0, busy_hz=0.0, retry_count=0, reject_count=0, inter_ack_ms=66.7, max_joint_delta=0.000, cumul_time=10.06s, hold_count=151, ik_mode=Local, ik_avg_ms=0.59, ik_fails=0
[WARN] [1786090238.045212167] [cartesian_streamer]: Target stream stale: không có target mới trong 88.4s
[INFO] [1786090238.513620795] [cartesian_streamer]: QueueTrajPoint accepted #460: t=10.597s, hold=True
[INFO] [1786090239.847769845] [cartesian_streamer]: QueueTrajPoint accepted #480: t=11.930s, hold=True
[INFO] [1786090240.447798452] [cartesian_streamer]: IK OK → Δmax=0.0145 rad, joints: [1.582, 0.128, -1.038, 0.003, -0.406, -1.458]
[INFO] [1786090241.181777131] [cartesian_streamer]: QueueTrajPoint accepted #500: t=13.265s, hold=False
[INFO] [1786090242.513280607] [cartesian_streamer]: IK delta clamped → joints: [1.587, 0.079, -0.963, -0.000, -0.516, -1.460]
[INFO] [1786090242.513631887] [cartesian_streamer]: IK OK → Δmax=0.0900 rad, joints: [1.587, 0.079, -0.963, -0.000, -0.516, -1.460]
[INFO] [1786090242.515950861] [cartesian_streamer]: QueueTrajPoint accepted #520: t=14.599s, hold=False
[INFO] [1786090243.045347557] [cartesian_streamer]: Runtime rate: state=streaming, tick_hz=15.0, queue_send_hz=15.0, ack_hz=15.0, busy_hz=0.0, retry_count=0, reject_count=0, inter_ack_ms=66.7, max_joint_delta=0.090, cumul_time=15.07s, hold_count=0, ik_mode=Local, ik_avg_ms=0.59, ik_fails=0
[INFO] [1786090243.849487628] [cartesian_streamer]: QueueTrajPoint accepted #540: t=15.932s, hold=False
[INFO] [1786090244.513490620] [cartesian_streamer]: IK delta clamped → joints: [1.425, -0.057, -0.525, 0.000, -0.676, -1.298]
[INFO] [1786090244.513790714] [cartesian_streamer]: IK OK → Δmax=0.0900 rad, joints: [1.425, -0.057, -0.525, 0.000, -0.676, -1.298]
[INFO] [1786090245.181908161] [cartesian_streamer]: QueueTrajPoint accepted #560: t=17.265s, hold=False
[INFO] [1786090246.514941538] [cartesian_streamer]: QueueTrajPoint accepted #580: t=18.598s, hold=False
[INFO] [1786090246.579334907] [cartesian_streamer]: IK delta clamped → joints: [1.445, 0.093, -0.382, 0.000, -0.841, -1.318]
[INFO] [1786090246.579632586] [cartesian_streamer]: IK OK → Δmax=0.0900 rad, joints: [1.445, 0.093, -0.382, 0.000, -0.841, -1.318]
[INFO] [1786090247.848483932] [cartesian_streamer]: QueueTrajPoint accepted #600: t=19.931s, hold=False
[INFO] [1786090248.112091900] [cartesian_streamer]: Runtime rate: state=streaming, tick_hz=15.0, queue_send_hz=15.0, ack_hz=15.0, busy_hz=0.0, retry_count=0, reject_count=0, inter_ack_ms=66.7, max_joint_delta=0.090, cumul_time=20.13s, hold_count=0, ik_mode=Local, ik_avg_ms=0.64, ik_fails=0
[INFO] [1786090248.645999580] [cartesian_streamer]: IK delta clamped → joints: [1.445, 0.494, -0.626, 0.000, -0.634, -1.318]
[INFO] [1786090248.646303140] [cartesian_streamer]: IK OK → Δmax=0.0900 rad, joints: [1.445, 0.494, -0.626, 0.000, -0.634, -1.318]
[INFO] [1786090249.182185898] [cartesian_streamer]: QueueTrajPoint accepted #620: t=21.265s, hold=False
[INFO] [1786090250.515331392] [cartesian_streamer]: QueueTrajPoint accepted #640: t=22.598s, hold=False
[INFO] [1786090250.648800753] [cartesian_streamer]: IK delta clamped → joints: [1.426, 0.902, -0.399, 0.000, -0.474, -1.299]
[INFO] [1786090250.649087822] [cartesian_streamer]: IK OK → Δmax=0.0900 rad, joints: [1.426, 0.902, -0.399, 0.000, -0.474, -1.299]
[INFO] [1786090251.851392253] [cartesian_streamer]: QueueTrajPoint accepted #660: t=23.933s, hold=False
[INFO] [1786090252.711859557] [cartesian_streamer]: IK delta clamped → joints: [1.423, 0.978, -0.357, 0.000, -0.309, -1.297]
[INFO] [1786090252.712129453] [cartesian_streamer]: IK OK → Δmax=0.0900 rad, joints: [1.423, 0.978, -0.357, 0.000, -0.309, -1.297]
[INFO] [1786090253.178553965] [cartesian_streamer]: Runtime rate: state=streaming, tick_hz=15.0, queue_send_hz=15.0, ack_hz=15.0, busy_hz=0.0, retry_count=0, reject_count=0, inter_ack_ms=66.7, max_joint_delta=0.090, cumul_time=25.20s, hold_count=0, ik_mode=Local, ik_avg_ms=0.64, ik_fails=0
[INFO] [1786090253.181898575] [cartesian_streamer]: QueueTrajPoint accepted #680: t=25.265s, hold=False
[INFO] [1786090253.702674352] [cartesian_streamer]: Disable Robot: dừng stream, tắt traj mode...
[INFO] [1786090253.703193186] [cartesian_streamer]: ✗ Robot DISABLED.
[INFO] [1786090260.154085705] [cartesian_streamer]: Disable Robot: dừng stream, tắt traj mode...
[INFO] [1786090260.154685511] [cartesian_streamer]: ✗ Robot DISABLED.
[INFO] [1786090282.832539117] [cartesian_streamer]: Enable Robot: bắt đầu chuỗi khởi động...
[INFO] [1786090282.832805266] [cartesian_streamer]: Enable: reset_error...
[INFO] [1786090282.834459803] [cartesian_streamer]: reset_error: code=1, msg="Mock: Error Reset OK"
[INFO] [1786090282.834694183] [cartesian_streamer]: Enable: stop_traj_mode (giải phóng mode cũ)...
[INFO] [1786090282.835507420] [cartesian_streamer]: stop_traj_mode: success=True, code=N/A, msg="Mock: OK"
[INFO] [1786090282.835733424] [cartesian_streamer]: Enable: chờ 1.5s để hệ thống ổn định trước khi start queue...
[INFO] [1786090284.336531738] [cartesian_streamer]: Enable: StartPointQueueMode...
[INFO] [1786090284.338516294] [cartesian_streamer]: StartPointQueueMode response: code=1, msg="Mock: Queue Mode Started"
[INFO] [1786090284.338922247] [cartesian_streamer]: ✓ Robot ENABLED — Point Queue Mode active. Servo ON!
[INFO] [1786090284.378538224] [cartesian_streamer]: Runtime rate: state=seeding, tick_hz=0.3, queue_send_hz=0.3, ack_hz=0.3, busy_hz=0.0, retry_count=0, reject_count=0, inter_ack_ms=66.7, max_joint_delta=0.090, cumul_time=0.00s, hold_count=0, ik_mode=Local, ik_avg_ms=0.64, ik_fails=0
[WARN] [1786090284.379384223] [cartesian_streamer]: Target stream stale: không có target mới trong 30.7s
[WARN] [1786090284.380126827] [cartesian_streamer]: QueueTrajPoint đã được accept nhưng joint_states hầu như không đổi. Kiểm tra: 1) Robot ở mode AUTO? 2) Servo ON? 3) E-stop cleared?
[INFO] [1786090284.381631552] [cartesian_streamer]: Bootstrap EE pose via FK: (-0.1620, 0.2801, 0.3785)
[INFO] [1786090284.382094492] [cartesian_streamer]: Đã gửi seed point (current joints, t=0), chờ ACK...
[INFO] [1786090284.383249059] [cartesian_streamer]: Seed ACK nhận được, bắt đầu prebuffer.
[INFO] [1786090284.581889429] [cartesian_streamer]: Pre-buffer hoàn tất (3 points), bắt đầu stream ổn định. Đang chờ target...
[INFO] [1786090285.180144278] [cartesian_streamer]: QueueTrajPoint accepted #700: t=0.796s, hold=True
[INFO] [1786090286.513721964] [cartesian_streamer]: QueueTrajPoint accepted #720: t=2.130s, hold=True
[INFO] [1786090287.846875284] [cartesian_streamer]: QueueTrajPoint accepted #740: t=3.463s, hold=True
[INFO] [1786090289.180272365] [cartesian_streamer]: QueueTrajPoint accepted #760: t=4.796s, hold=True
[INFO] [1786090289.378800073] [cartesian_streamer]: Runtime rate: state=streaming, tick_hz=15.0, queue_send_hz=15.0, ack_hz=15.0, busy_hz=0.0, retry_count=0, reject_count=0, inter_ack_ms=475.5, max_joint_delta=0.000, cumul_time=4.93s, hold_count=74, ik_mode=Local, ik_avg_ms=0.64, ik_fails=0
[WARN] [1786090289.379132778] [cartesian_streamer]: Target stream stale: không có target mới trong 35.7s
[INFO] [1786090290.515128687] [cartesian_streamer]: QueueTrajPoint accepted #780: t=6.131s, hold=True
[INFO] [1786090291.847007040] [cartesian_streamer]: QueueTrajPoint accepted #800: t=7.463s, hold=True
[INFO] [1786090293.180398536] [cartesian_streamer]: QueueTrajPoint accepted #820: t=8.796s, hold=True
[INFO] [1786090294.445367526] [cartesian_streamer]: Runtime rate: state=streaming, tick_hz=15.0, queue_send_hz=15.0, ack_hz=15.0, busy_hz=0.0, retry_count=0, reject_count=0, inter_ack_ms=66.7, max_joint_delta=0.000, cumul_time=10.00s, hold_count=150, ik_mode=Local, ik_avg_ms=0.64, ik_fails=0
[WARN] [1786090294.445821419] [cartesian_streamer]: Target stream stale: không có target mới trong 40.8s
[INFO] [1786090294.514468759] [cartesian_streamer]: QueueTrajPoint accepted #840: t=10.130s, hold=True
[INFO] [1786090295.846621714] [cartesian_streamer]: QueueTrajPoint accepted #860: t=11.463s, hold=True
[INFO] [1786090297.180437153] [cartesian_streamer]: QueueTrajPoint accepted #880: t=12.796s, hold=True
[INFO] [1786090298.514682591] [cartesian_streamer]: QueueTrajPoint accepted #900: t=14.131s, hold=True
[INFO] [1786090299.512073229] [cartesian_streamer]: Runtime rate: state=streaming, tick_hz=15.0, queue_send_hz=15.0, ack_hz=15.0, busy_hz=0.0, retry_count=0, reject_count=0, inter_ack_ms=66.7, max_joint_delta=0.000, cumul_time=15.06s, hold_count=226, ik_mode=Local, ik_avg_ms=0.64, ik_fails=0
[WARN] [1786090299.512387910] [cartesian_streamer]: Target stream stale: không có target mới trong 45.8s
[INFO] [1786090299.846281361] [cartesian_streamer]: QueueTrajPoint accepted #920: t=15.463s, hold=True
[INFO] [1786090301.180281082] [cartesian_streamer]: QueueTrajPoint accepted #940: t=16.797s, hold=True
[INFO] [1786090302.513784985] [cartesian_streamer]: QueueTrajPoint accepted #960: t=18.130s, hold=True
[INFO] [1786090303.846335699] [cartesian_streamer]: QueueTrajPoint accepted #980: t=19.463s, hold=True
[INFO] [1786090304.578201738] [cartesian_streamer]: Runtime rate: state=streaming, tick_hz=15.0, queue_send_hz=15.0, ack_hz=15.0, busy_hz=0.0, retry_count=0, reject_count=0, inter_ack_ms=66.7, max_joint_delta=0.000, cumul_time=20.13s, hold_count=302, ik_mode=Local, ik_avg_ms=0.64, ik_fails=0
[WARN] [1786090304.578800002] [cartesian_streamer]: Target stream stale: không có target mới trong 50.9s
[INFO] [1786090305.179774162] [cartesian_streamer]: QueueTrajPoint accepted #1000: t=20.796s, hold=True
[INFO] [1786090306.513866505] [cartesian_streamer]: QueueTrajPoint accepted #1020: t=22.130s, hold=True
[INFO] [1786090307.846701419] [cartesian_streamer]: QueueTrajPoint accepted #1040: t=23.463s, hold=True
[INFO] [1786090309.180408783] [cartesian_streamer]: QueueTrajPoint accepted #1060: t=24.797s, hold=True
[INFO] [1786090309.578377535] [cartesian_streamer]: Runtime rate: state=streaming, tick_hz=15.0, queue_send_hz=15.0, ack_hz=15.0, busy_hz=0.0, retry_count=0, reject_count=0, inter_ack_ms=66.7, max_joint_delta=0.000, cumul_time=25.13s, hold_count=377, ik_mode=Local, ik_avg_ms=0.64, ik_fails=0
[WARN] [1786090309.578834153] [cartesian_streamer]: Target stream stale: không có target mới trong 55.9s
[INFO] [1786090310.514518165] [cartesian_streamer]: QueueTrajPoint accepted #1080: t=26.131s, hold=True
[INFO] [1786090311.846586345] [cartesian_streamer]: QueueTrajPoint accepted #1100: t=27.463s, hold=True
[INFO] [1786090313.180848969] [cartesian_streamer]: QueueTrajPoint accepted #1120: t=28.796s, hold=True
[INFO] [1786090314.514164345] [cartesian_streamer]: QueueTrajPoint accepted #1140: t=30.130s, hold=True
[INFO] [1786090314.578728470] [cartesian_streamer]: Runtime rate: state=streaming, tick_hz=15.0, queue_send_hz=15.0, ack_hz=15.0, busy_hz=0.0, retry_count=0, reject_count=0, inter_ack_ms=66.7, max_joint_delta=0.000, cumul_time=30.13s, hold_count=452, ik_mode=Local, ik_avg_ms=0.64, ik_fails=0
[WARN] [1786090314.579376737] [cartesian_streamer]: Target stream stale: không có target mới trong 60.9s
[INFO] [1786090315.847391678] [cartesian_streamer]: QueueTrajPoint accepted #1160: t=31.463s, hold=True
[INFO] [1786090317.180406334] [cartesian_streamer]: QueueTrajPoint accepted #1180: t=32.796s, hold=True
[INFO] [1786090318.515026467] [cartesian_streamer]: QueueTrajPoint accepted #1200: t=34.130s, hold=True
[INFO] [1786090319.578894877] [cartesian_streamer]: Runtime rate: state=streaming, tick_hz=15.0, queue_send_hz=15.0, ack_hz=15.0, busy_hz=0.0, retry_count=0, reject_count=0, inter_ack_ms=66.7, max_joint_delta=0.000, cumul_time=35.13s, hold_count=527, ik_mode=Local, ik_avg_ms=0.64, ik_fails=0
[WARN] [1786090319.579234885] [cartesian_streamer]: Target stream stale: không có target mới trong 65.9s
[INFO] [1786090319.846805516] [cartesian_streamer]: QueueTrajPoint accepted #1220: t=35.463s, hold=True
[INFO] [1786090321.181240335] [cartesian_streamer]: QueueTrajPoint accepted #1240: t=36.796s, hold=True
[INFO] [1786090322.514088707] [cartesian_streamer]: QueueTrajPoint accepted #1260: t=38.130s, hold=True
[INFO] [1786090323.846583877] [cartesian_streamer]: QueueTrajPoint accepted #1280: t=39.463s, hold=True
[INFO] [1786090324.578745088] [cartesian_streamer]: Runtime rate: state=streaming, tick_hz=15.0, queue_send_hz=15.0, ack_hz=15.0, busy_hz=0.0, retry_count=0, reject_count=0, inter_ack_ms=66.7, max_joint_delta=0.000, cumul_time=40.13s, hold_count=602, ik_mode=Local, ik_avg_ms=0.64, ik_fails=0
[WARN] [1786090324.579236841] [cartesian_streamer]: Target stream stale: không có target mới trong 70.9s
[INFO] [1786090325.180245610] [cartesian_streamer]: QueueTrajPoint accepted #1300: t=40.796s, hold=True
[INFO] [1786090326.513551737] [cartesian_streamer]: QueueTrajPoint accepted #1320: t=42.130s, hold=True
[INFO] [1786090327.846857465] [cartesian_streamer]: QueueTrajPoint accepted #1340: t=43.463s, hold=True
[INFO] [1786090329.179959754] [cartesian_streamer]: QueueTrajPoint accepted #1360: t=44.796s, hold=True
[INFO] [1786090329.578996620] [cartesian_streamer]: Runtime rate: state=streaming, tick_hz=15.0, queue_send_hz=15.0, ack_hz=15.0, busy_hz=0.0, retry_count=0, reject_count=0, inter_ack_ms=66.7, max_joint_delta=0.000, cumul_time=45.13s, hold_count=677, ik_mode=Local, ik_avg_ms=0.64, ik_fails=0
[WARN] [1786090329.579737031] [cartesian_streamer]: Target stream stale: không có target mới trong 75.9s
[INFO] [1786090330.513720781] [cartesian_streamer]: QueueTrajPoint accepted #1380: t=46.130s, hold=True
[INFO] [1786090331.846795030] [cartesian_streamer]: QueueTrajPoint accepted #1400: t=47.463s, hold=True
[INFO] [1786090333.179987464] [cartesian_streamer]: QueueTrajPoint accepted #1420: t=48.796s, hold=True
[INFO] [1786090334.514114825] [cartesian_streamer]: QueueTrajPoint accepted #1440: t=50.131s, hold=True
[INFO] [1786090334.645247933] [cartesian_streamer]: Runtime rate: state=streaming, tick_hz=15.0, queue_send_hz=15.0, ack_hz=15.0, busy_hz=0.0, retry_count=0, reject_count=0, inter_ack_ms=66.7, max_joint_delta=0.000, cumul_time=50.20s, hold_count=753, ik_mode=Local, ik_avg_ms=0.64, ik_fails=0
[WARN] [1786090334.645752340] [cartesian_streamer]: Target stream stale: không có target mới trong 81.0s
[INFO] [1786090335.847015975] [cartesian_streamer]: QueueTrajPoint accepted #1460: t=51.463s, hold=True
[INFO] [1786090337.180462392] [cartesian_streamer]: QueueTrajPoint accepted #1480: t=52.796s, hold=True
[INFO] [1786090338.514250031] [cartesian_streamer]: QueueTrajPoint accepted #1500: t=54.130s, hold=True
[INFO] [1786090339.645106703] [cartesian_streamer]: Runtime rate: state=streaming, tick_hz=15.0, queue_send_hz=15.0, ack_hz=15.0, busy_hz=0.0, retry_count=0, reject_count=0, inter_ack_ms=66.7, max_joint_delta=0.000, cumul_time=55.20s, hold_count=828, ik_mode=Local, ik_avg_ms=0.64, ik_fails=0
[WARN] [1786090339.645501715] [cartesian_streamer]: Target stream stale: không có target mới trong 86.0s
[INFO] [1786090339.847062721] [cartesian_streamer]: QueueTrajPoint accepted #1520: t=55.463s, hold=True
[INFO] [1786090341.181713655] [cartesian_streamer]: QueueTrajPoint accepted #1540: t=56.796s, hold=True
[INFO] [1786090342.514178345] [cartesian_streamer]: QueueTrajPoint accepted #1560: t=58.130s, hold=True
[INFO] [1786090343.846642918] [cartesian_streamer]: QueueTrajPoint accepted #1580: t=59.463s, hold=True
[INFO] [1786090344.316708687] [cartesian_streamer]: Disable Robot: dừng stream, tắt traj mode...
[INFO] [1786090344.317210910] [cartesian_streamer]: ✗ Robot DISABLED.
