[INFO] [1785741124.692074033] [cartesian_streamer]: CartesianStreamer khởi động (chờ Enable Robot từ UI).
  Stream rate:       15 Hz (period=66.7ms)
  Queue dt:          0.067 s
  Prebuffer points:  3
  Retry backoff:     66.0 ms
  Gửi PoseStamped lên: /cartesian_streamer/target_pose
  Gửi XYZ lên:        /cartesian_streamer/target_xyz
  Nhận EE pose tại:   /cartesian_streamer/current_pose
[INFO] [1785741125.174174174] [cartesian_streamer]: Chờ /joint_states...
[INFO] [1785741127.674454861] [cartesian_streamer]: Chờ /joint_states...
[INFO] [1785741129.674664528] [cartesian_streamer]: Chờ /joint_states...
[INFO] [1785741132.174223735] [cartesian_streamer]: Chờ /joint_states...
[INFO] [1785741134.174766809] [cartesian_streamer]: Chờ /joint_states...
[INFO] [1785741136.674442181] [cartesian_streamer]: Chờ /joint_states...
[INFO] [1785741138.674857208] [cartesian_streamer]: Chờ /joint_states...
[INFO] [1785741141.174948475] [cartesian_streamer]: Chờ /joint_states...
[INFO] [1785741143.175077955] [cartesian_streamer]: Chờ /joint_states...
[INFO] [1785741145.674893080] [cartesian_streamer]: Chờ /joint_states...
[INFO] [1785741148.174554072] [cartesian_streamer]: Chờ /joint_states...
[INFO] [1785741150.174966054] [cartesian_streamer]: Chờ /joint_states...
[INFO] [1785741152.674723089] [cartesian_streamer]: Chờ /joint_states...
[INFO] [1785741154.674903284] [cartesian_streamer]: Chờ /joint_states...
[INFO] [1785741157.174176591] [cartesian_streamer]: Chờ /joint_states...
[INFO] [1785741159.175330128] [cartesian_streamer]: Chờ /joint_states...
[INFO] [1785741161.674561407] [cartesian_streamer]: Chờ /joint_states...
[INFO] [1785741164.174795046] [cartesian_streamer]: Chờ /joint_states...
[INFO] [1785741166.674665342] [cartesian_streamer]: Chờ /joint_states...
[INFO] [1785741168.674750598] [cartesian_streamer]: Chờ /joint_states...
[INFO] [1785741171.174673610] [cartesian_streamer]: Chờ /joint_states...
[INFO] [1785741173.674848633] [cartesian_streamer]: Chờ /joint_states...
[INFO] [1785741175.674900791] [cartesian_streamer]: Chờ /joint_states...
[INFO] [1785741178.174701033] [cartesian_streamer]: Chờ /joint_states...
[INFO] [1785741180.174833899] [cartesian_streamer]: Chờ /joint_states...
[INFO] [1785741182.674020420] [cartesian_streamer]: Chờ /joint_states...
[INFO] [1785741184.674742382] [cartesian_streamer]: Chờ /joint_states...
[INFO] [1785741186.674940550] [cartesian_streamer]: Chờ /joint_states...
[INFO] [1785741189.174506904] [cartesian_streamer]: Chờ /joint_states...
[INFO] [1785741191.174715154] [cartesian_streamer]: Chờ /joint_states...
[INFO] [1785741193.673522607] [cartesian_streamer]: Chờ /joint_states...
[INFO] [1785741195.673708252] [cartesian_streamer]: Chờ /joint_states...
[INFO] [1785741197.674810190] [cartesian_streamer]: Chờ /joint_states...
[INFO] [1785741199.675420122] [cartesian_streamer]: Chờ /joint_states...
[INFO] [1785741202.175120708] [cartesian_streamer]: Chờ /joint_states...
[INFO] [1785741204.674990025] [cartesian_streamer]: Chờ /joint_states...
[INFO] [1785741207.175109728] [cartesian_streamer]: Chờ /joint_states...
[INFO] [1785741209.674782395] [cartesian_streamer]: Chờ /joint_states...
[INFO] [1785741211.675354508] [cartesian_streamer]: Chờ /joint_states...
[INFO] [1785741213.675931815] [cartesian_streamer]: Chờ /joint_states...
[INFO] [1785741216.174287582] [cartesian_streamer]: Chờ /joint_states...
[INFO] [1785741218.174911859] [cartesian_streamer]: Chờ /joint_states...
[INFO] [1785741220.175240540] [cartesian_streamer]: Chờ /joint_states...
[INFO] [1785741222.674082358] [cartesian_streamer]: Chờ /joint_states...
[INFO] [1785741225.173946977] [cartesian_streamer]: Chờ /joint_states...
[INFO] [1785741227.175128846] [cartesian_streamer]: Chờ /joint_states...
[INFO] [1785741229.175204598] [cartesian_streamer]: Chờ /joint_states...
[INFO] [1785741231.674811000] [cartesian_streamer]: Chờ /joint_states...
[INFO] [1785741234.175359216] [cartesian_streamer]: Chờ /joint_states...
[INFO] [1785741236.175413821] [cartesian_streamer]: Chờ /joint_states...
[INFO] [1785741238.674641004] [cartesian_streamer]: Chờ /joint_states...
[INFO] [1785741240.674938556] [cartesian_streamer]: Chờ /joint_states...
[INFO] [1785741242.675103015] [cartesian_streamer]: Chờ /joint_states...
[INFO] [1785741244.675489307] [cartesian_streamer]: Chờ /joint_states...
[INFO] [1785741247.175000046] [cartesian_streamer]: Chờ /joint_states...
[INFO] [1785741249.674973396] [cartesian_streamer]: Chờ /joint_states...
[INFO] [1785741252.174912036] [cartesian_streamer]: Chờ /joint_states...
[INFO] [1785741254.174957814] [cartesian_streamer]: Chờ /joint_states...
[INFO] [1785741256.675000844] [cartesian_streamer]: Chờ /joint_states...
[INFO] [1785741258.675689890] [cartesian_streamer]: Chờ /joint_states...
[INFO] [1785741261.174323572] [cartesian_streamer]: Chờ /joint_states...
[INFO] [1785741263.174813435] [cartesian_streamer]: Chờ /joint_states...
[INFO] [1785741265.674138951] [cartesian_streamer]: Chờ /joint_states...
[INFO] [1785741267.675426513] [cartesian_streamer]: Chờ /joint_states...
[INFO] [1785741270.174074289] [cartesian_streamer]: Chờ /joint_states...
[INFO] [1785741272.174996670] [cartesian_streamer]: Chờ /joint_states...
[INFO] [1785741274.675641373] [cartesian_streamer]: Chờ /joint_states...
[INFO] [1785741277.175145719] [cartesian_streamer]: Chờ /joint_states...
[INFO] [1785741279.674769516] [cartesian_streamer]: Chờ /joint_states...
[INFO] [1785741282.174428192] [cartesian_streamer]: Chờ /joint_states...
[INFO] [1785741284.174910601] [cartesian_streamer]: Chờ /joint_states...
[INFO] [1785741286.674624485] [cartesian_streamer]: Chờ /joint_states...
[INFO] [1785741288.675035049] [cartesian_streamer]: Chờ /joint_states...
[INFO] [1785741291.174668412] [cartesian_streamer]: Chờ /joint_states...
[INFO] [1785741293.175226013] [cartesian_streamer]: Chờ /joint_states...
[INFO] [1785741295.674985165] [cartesian_streamer]: Chờ /joint_states...
[INFO] [1785741297.675008441] [cartesian_streamer]: Chờ /joint_states...
[INFO] [1785741300.174505892] [cartesian_streamer]: Chờ /joint_states...
[INFO] [1785741302.174553754] [cartesian_streamer]: Chờ /joint_states...
[INFO] [1785741304.674540700] [cartesian_streamer]: Chờ /joint_states...
[INFO] [1785741307.174386449] [cartesian_streamer]: Chờ /joint_states...
[INFO] [1785741309.673642570] [cartesian_streamer]: Chờ /joint_states...
[INFO] [1785741311.674332295] [cartesian_streamer]: Chờ /joint_states...
[INFO] [1785741313.674473699] [cartesian_streamer]: Chờ /joint_states...
[INFO] [1785741316.173589038] [cartesian_streamer]: Chờ /joint_states...
[INFO] [1785741318.173772623] [cartesian_streamer]: Chờ /joint_states...
[INFO] [1785741320.174543881] [cartesian_streamer]: Chờ /joint_states...
[INFO] [1785741322.673732359] [cartesian_streamer]: Chờ /joint_states...
[INFO] [1785741324.675482006] [cartesian_streamer]: Chờ /joint_states...
[INFO] [1785741327.175011015] [cartesian_streamer]: Chờ /joint_states...
[INFO] [1785741329.175028508] [cartesian_streamer]: Chờ /joint_states...
[INFO] [1785741331.675149737] [cartesian_streamer]: Chờ /joint_states...
[INFO] [1785741334.175064706] [cartesian_streamer]: Chờ /joint_states...
[INFO] [1785741336.674771708] [cartesian_streamer]: Chờ /joint_states...
[INFO] [1785741339.175035978] [cartesian_streamer]: Chờ /joint_states...
[INFO] [1785741341.674547881] [cartesian_streamer]: Chờ /joint_states...
[INFO] [1785741343.674652650] [cartesian_streamer]: Chờ /joint_states...
[INFO] [1785741345.675319498] [cartesian_streamer]: Chờ /joint_states...
[INFO] [1785741348.174657934] [cartesian_streamer]: Chờ /joint_states...
[INFO] [1785741350.174942057] [cartesian_streamer]: Chờ /joint_states...
[INFO] [1785741352.175049965] [cartesian_streamer]: Chờ /joint_states...
[INFO] [1785741354.674545187] [cartesian_streamer]: Chờ /joint_states...
[INFO] [1785741357.174389566] [cartesian_streamer]: Chờ /joint_states...
[INFO] [1785741359.674374261] [cartesian_streamer]: Chờ /joint_states...
[INFO] [1785741361.674541392] [cartesian_streamer]: Chờ /joint_states...
[INFO] [1785741363.675006570] [cartesian_streamer]: Chờ /joint_states...
[INFO] [1785741366.174720904] [cartesian_streamer]: Chờ /joint_states...
[INFO] [1785741368.175030823] [cartesian_streamer]: Chờ /joint_states...
[INFO] [1785741370.674859138] [cartesian_streamer]: Chờ /joint_states...
[INFO] [1785741373.174972026] [cartesian_streamer]: Chờ /joint_states...
[INFO] [1785741375.175324025] [cartesian_streamer]: Chờ /joint_states...
[INFO] [1785741377.675087992] [cartesian_streamer]: Chờ /joint_states...
[INFO] [1785741380.173877634] [cartesian_streamer]: Chờ /joint_states...
[INFO] [1785741382.175104814] [cartesian_streamer]: Chờ /joint_states...
[INFO] [1785741384.674290702] [cartesian_streamer]: Chờ /joint_states...
[INFO] [1785741387.174352390] [cartesian_streamer]: Chờ /joint_states...
[INFO] [1785741389.675125333] [cartesian_streamer]: Chờ /joint_states...
[INFO] [1785741392.174545342] [cartesian_streamer]: Chờ /joint_states...
[INFO] [1785741394.174546241] [cartesian_streamer]: Chờ /joint_states...
[INFO] [1785741396.674566219] [cartesian_streamer]: Chờ /joint_states...
[INFO] [1785741398.674669032] [cartesian_streamer]: Chờ /joint_states...
[INFO] [1785741400.674723006] [cartesian_streamer]: Chờ /joint_states...
[INFO] [1785741403.174775524] [cartesian_streamer]: Chờ /joint_states...
[INFO] [1785741405.674359983] [cartesian_streamer]: Chờ /joint_states...
[INFO] [1785741407.675222810] [cartesian_streamer]: Chờ /joint_states...
[INFO] [1785741410.173920299] [cartesian_streamer]: Chờ /joint_states...
[INFO] [1785741412.174685075] [cartesian_streamer]: Chờ /joint_states...
[INFO] [1785741414.674908998] [cartesian_streamer]: Chờ /joint_states...
[INFO] [1785741417.173744072] [cartesian_streamer]: Chờ /joint_states...
[INFO] [1785741419.174713177] [cartesian_streamer]: Chờ /joint_states...
[INFO] [1785741421.675938142] [cartesian_streamer]: Chờ /joint_states...
[INFO] [1785741424.174461354] [cartesian_streamer]: Chờ /joint_states...
[INFO] [1785741426.174472756] [cartesian_streamer]: Chờ /joint_states...
[INFO] [1785741428.675115641] [cartesian_streamer]: Chờ /joint_states...
[INFO] [1785741430.675244273] [cartesian_streamer]: Chờ /joint_states...
[INFO] [1785741433.174921558] [cartesian_streamer]: Chờ /joint_states...
[INFO] [1785741435.674496637] [cartesian_streamer]: Chờ /joint_states...
[INFO] [1785741437.675304153] [cartesian_streamer]: Chờ /joint_states...
[INFO] [1785741438.117009215] [cartesian_streamer]: Graceful shutdown: tắt Point Queue Mode trước khi thoát...
[INFO] [1785741438.117423158] [cartesian_streamer]: Robot chưa enable, không cần stop_traj_mode.
[INFO] [1785741438.117702767] [cartesian_streamer]: Shutdown hoàn tất. Tủ điện sẽ KHÔNG bị alarm.
