[INFO] [1786690306.102255546] [coord_transform]: CoordTransformNode khởi động.
  Object offset (cam frame): [0.05 0.   0.1 ]
  Translation cam→base:      [0.5 0.  1.2]
  EE orientation (xyzw):     [0.0, 1.0, 0.0, 0.0]
  Prediction step:           5
  Axis remap:                [0, 1, 2]
  Axis sign:                 [-1.0, 1.0, 1.0]
  Workspace X: (-1.0, 1.0), Y: (-0.5, 1.3), Z: (0.05, 1.5)
  Filter outlier_threshold:  0.15m
  Filter median_size_y:      3
  Filter deadband_tol:       15.0mm
  Filter stationary_thresh:  3 frames
  Filter max_rate:           5.0cm/frame
  Filter EMA moving(x,y,z):  (1.0,0.8,1.0)
  Filter EMA hold  (x,y,z):  (0.08,0.02,0.05)
[WARN] [1786690323.370474923] [coord_transform]: Outlier rejected #1 (jumped 712.5mm). Ignoring.
[WARN] [1786690323.401201775] [coord_transform]: Outlier rejected #2 (jumped 327.7mm). Ignoring.
[WARN] [1786690323.434006628] [coord_transform]: Outlier rejected #3 (jumped 351.7mm). Ignoring.
[WARN] [1786690323.464099462] [coord_transform]: Outlier rejected #4 (jumped 355.6mm). Ignoring.
[INFO] [1786690323.495213452] [coord_transform]: Too many outliers (5). Resetting filter to new position.
[WARN] [1786690323.526928457] [coord_transform]: Outlier rejected #1 (jumped 229.0mm). Ignoring.
[WARN] [1786690323.786122447] [coord_transform]: Outlier rejected #2 (jumped 301.7mm). Ignoring.
[WARN] [1786690323.821353484] [coord_transform]: Outlier rejected #3 (jumped 302.1mm). Ignoring.
[WARN] [1786690323.857753300] [coord_transform]: Outlier rejected #4 (jumped 287.0mm). Ignoring.
[INFO] [1786690323.892646114] [coord_transform]: Too many outliers (5). Resetting filter to new position.
[INFO] [1786690328.983850308] [coord_transform]: Đã chuyển mode: ground_truth -> prediction
[WARN] [1786690333.603188040] [coord_transform]: Outlier rejected #1 (jumped 1994.2mm). Ignoring.
[WARN] [1786690333.632044031] [coord_transform]: Outlier rejected #2 (jumped 2001.3mm). Ignoring.
[WARN] [1786690333.665438781] [coord_transform]: Outlier rejected #3 (jumped 2001.3mm). Ignoring.
[WARN] [1786690333.696340139] [coord_transform]: Outlier rejected #4 (jumped 2014.4mm). Ignoring.
[INFO] [1786690333.731734630] [coord_transform]: Too many outliers (5). Resetting filter to new position.
[WARN] [1786690333.990803887] [coord_transform]: Outlier rejected #1 (jumped 151.2mm). Ignoring.
[WARN] [1786690334.028941284] [coord_transform]: Outlier rejected #2 (jumped 170.0mm). Ignoring.
[WARN] [1786690334.064600226] [coord_transform]: Outlier rejected #3 (jumped 189.6mm). Ignoring.
[WARN] [1786690334.102616051] [coord_transform]: Outlier rejected #4 (jumped 210.4mm). Ignoring.
[INFO] [1786690334.125639275] [coord_transform]: Too many outliers (5). Resetting filter to new position.
[INFO] [1786690340.244044524] [coord_transform]: Captured Init Pose! P_init=(-0.162, 0.280, 0.379), Cam_init=(0.150, -0.038, -0.026), Noise_Tol=50.2mm
Orientation=(0.998, 0.064, -0.000, 0.000)
[INFO] [1786690348.170325714] [coord_transform]: Re-sync camera init: [ 0.142 -0.026 -0.029]
[INFO] [1786690348.170740885] [coord_transform]: Trạng thái tracking: RUNNING
[WARN] [1786690348.174635463] [coord_transform]: Tọa độ bị clamp: [-0.16565095 -1.22418816  0.39551639] → [-0.16565095 -0.5         0.39551639]
[INFO] [1786690348.175513045] [coord_transform]: [PREDICTION] Transform: cam[ 0.145 -1.53  -0.012] → base[-0.166 -0.5    0.396]
[INFO] [1786690348.667199403] [coord_transform]: Deadband: RELEASE — motion detected
[INFO] [1786690348.667710917] [coord_transform]: [SNAP ON] Tay thực tế đứng yên. Ép dừng robot (GRU đang lệch 113.9cm).
[WARN] [1786690349.177587627] [coord_transform]: Tọa độ bị clamp: [-0.16062345 -1.09618816  0.37941819] → [-0.16062345 -0.5         0.37941819]
[INFO] [1786690349.472158298] [coord_transform]: [SNAP OFF] Tay di chuyển lại. Trả quyền cho GRU.
[WARN] [1786690350.208991847] [coord_transform]: Tọa độ bị clamp: [-0.12739712 -0.79618818  0.52491935] → [-0.12739712 -0.5         0.52491935]
[INFO] [1786690350.210509568] [coord_transform]: [PREDICTION] Transform: cam[ 0.107 -1.102  0.117] → base[-0.127 -0.5    0.525]
[INFO] [1786690352.234309056] [coord_transform]: [PREDICTION] Transform: cam[-0.029 -0.27   0.237] → base[0.009 0.036 0.644]
[INFO] [1786690354.250350423] [coord_transform]: [PREDICTION] Transform: cam[-0.026  0.243  0.238] → base[0.006 0.549 0.646]
[INFO] [1786690355.067509134] [coord_transform]: Trạng thái tracking: STOPPED
[INFO] [1786690358.752017666] [coord_transform]: Deadband: HOLD at (0.142, -0.026, -0.029)
[INFO] [1786690367.294362542] [coord_transform]: Re-sync camera init: [ 0.136 -0.033 -0.027]
[INFO] [1786690367.294648487] [coord_transform]: Trạng thái tracking: RUNNING
[INFO] [1786690367.325661245] [coord_transform]: [PREDICTION] Transform: cam[-0.065  0.413  0.107] → base[0.039 0.726 0.513]
[INFO] [1786690368.424577683] [coord_transform]: Deadband: RELEASE — motion detected
[INFO] [1786690369.369128849] [coord_transform]: [PREDICTION] Transform: cam[0.108 0.178 0.093] → base[-0.134  0.491  0.498]
[INFO] [1786690371.389062457] [coord_transform]: [PREDICTION] Transform: cam[0.032 0.234 0.288] → base[-0.058  0.547  0.693]
[INFO] [1786690373.415880235] [coord_transform]: [PREDICTION] Transform: cam[-0.125  0.457  0.281] → base[0.099 0.771 0.686]
[INFO] [1786690375.433872316] [coord_transform]: [PREDICTION] Transform: cam[-0.166  0.503  0.179] → base[0.14  0.816 0.585]
[INFO] [1786690377.465748933] [coord_transform]: [PREDICTION] Transform: cam[-0.172  0.519  0.146] → base[0.146 0.832 0.551]
[INFO] [1786690379.501183606] [coord_transform]: [PREDICTION] Transform: cam[-0.172  0.519  0.146] → base[0.146 0.832 0.551]
[INFO] [1786690380.859108486] [coord_transform]: Trạng thái tracking: STOPPED
[INFO] [1786690384.268172330] [coord_transform]: Deadband: HOLD at (0.136, -0.033, -0.027)
[INFO] [1786690385.434374197] [coord_transform]: Deadband: RELEASE — motion detected
[INFO] [1786690400.235513461] [coord_transform]: Re-sync camera init: [ 0.144 -0.04  -0.034]
[INFO] [1786690400.235800236] [coord_transform]: Trạng thái tracking: RUNNING
[INFO] [1786690400.252485189] [coord_transform]: [PREDICTION] Transform: cam[-0.124  0.471  0.098] → base[0.106 0.791 0.511]
[INFO] [1786690401.448555730] [coord_transform]: Deadband: RELEASE — motion detected
[INFO] [1786690402.274064316] [coord_transform]: [PREDICTION] Transform: cam[0.053 0.295 0.095] → base[-0.072  0.615  0.508]
[INFO] [1786690404.310713456] [coord_transform]: [PREDICTION] Transform: cam[-0.031  0.25   0.217] → base[0.013 0.57  0.63 ]
[INFO] [1786690406.350066553] [coord_transform]: [PREDICTION] Transform: cam[-0.126  0.394  0.211] → base[0.107 0.714 0.624]
[INFO] [1786690408.354620423] [coord_transform]: [PREDICTION] Transform: cam[-0.195  0.537  0.096] → base[0.177 0.857 0.509]
[INFO] [1786690410.357609978] [coord_transform]: [PREDICTION] Transform: cam[-0.19   0.534  0.061] → base[0.172 0.854 0.473]
[INFO] [1786690410.714517225] [coord_transform]: Trạng thái tracking: STOPPED
[WARN] [1786690415.276094813] [coord_transform]: Outlier rejected #1 (jumped 163.2mm). Ignoring.
[WARN] [1786690415.319889030] [coord_transform]: Outlier rejected #2 (jumped 237.3mm). Ignoring.
[WARN] [1786690415.359478350] [coord_transform]: Outlier rejected #3 (jumped 236.0mm). Ignoring.
[WARN] [1786690415.398277297] [coord_transform]: Outlier rejected #4 (jumped 318.4mm). Ignoring.
[INFO] [1786690415.431566546] [coord_transform]: Too many outliers (5). Resetting filter to new position.
[WARN] [1786690416.724012919] [coord_transform]: Outlier rejected #1 (jumped 1068.1mm). Ignoring.
[WARN] [1786690416.764663255] [coord_transform]: Outlier rejected #2 (jumped 1076.7mm). Ignoring.
[WARN] [1786690416.795330195] [coord_transform]: Outlier rejected #3 (jumped 1083.3mm). Ignoring.
[WARN] [1786690416.831687607] [coord_transform]: Outlier rejected #4 (jumped 1050.8mm). Ignoring.
[INFO] [1786690416.864244391] [coord_transform]: Too many outliers (5). Resetting filter to new position.
[WARN] [1786690419.694264071] [coord_transform]: Outlier rejected #1 (jumped 1291.2mm). Ignoring.
[WARN] [1786690419.732565595] [coord_transform]: Outlier rejected #2 (jumped 1286.8mm). Ignoring.
[WARN] [1786690419.769203015] [coord_transform]: Outlier rejected #3 (jumped 1292.1mm). Ignoring.
[WARN] [1786690419.806765454] [coord_transform]: Outlier rejected #4 (jumped 1289.8mm). Ignoring.
[INFO] [1786690419.839433555] [coord_transform]: Too many outliers (5). Resetting filter to new position.
