[INFO] [1786963435.832083097] [cartesian_streamer]: CartesianStreamer khởi động (chờ Enable Robot từ UI).
  Stream rate:       15 Hz (period=66.7ms)
  Queue dt:          0.067 s
  Prebuffer points:  3
  Retry backoff:     66.0 ms
  Gửi PoseStamped lên: /cartesian_streamer/target_pose
  Gửi XYZ lên:        /cartesian_streamer/target_xyz
  Nhận EE pose tại:   /cartesian_streamer/current_pose
[INFO] [1786963436.312957709] [cartesian_streamer]: Chờ /joint_states...
[INFO] [1786963438.814105803] [cartesian_streamer]: Chờ /joint_states...
[INFO] [1786963441.313198099] [cartesian_streamer]: Chờ /joint_states...
[INFO] [1786963443.313502941] [cartesian_streamer]: Chờ /joint_states...
[INFO] [1786963445.813227509] [cartesian_streamer]: Chờ /joint_states...
[INFO] [1786963447.813478275] [cartesian_streamer]: Chờ /joint_states...
[INFO] [1786963450.313209504] [cartesian_streamer]: Chờ /joint_states...
[INFO] [1786963452.813064694] [cartesian_streamer]: Chờ /joint_states...
[INFO] [1786963455.312538692] [cartesian_streamer]: Chờ /joint_states...
[INFO] [1786963457.313162361] [cartesian_streamer]: Chờ /joint_states...
[INFO] [1786963459.313772313] [cartesian_streamer]: Chờ /joint_states...
[INFO] [1786963461.813581265] [cartesian_streamer]: Chờ /joint_states...
[INFO] [1786963464.313986497] [cartesian_streamer]: Chờ /joint_states...
[INFO] [1786963466.813424158] [cartesian_streamer]: Chờ /joint_states...
[INFO] [1786963469.313029595] [cartesian_streamer]: Chờ /joint_states...
[INFO] [1786963471.313469274] [cartesian_streamer]: Chờ /joint_states...
[INFO] [1786963473.812820848] [cartesian_streamer]: Chờ /joint_states...
[INFO] [1786963475.813390258] [cartesian_streamer]: Chờ /joint_states...
[INFO] [1786963478.313420587] [cartesian_streamer]: Chờ /joint_states...
[INFO] [1786963480.813375331] [cartesian_streamer]: Chờ /joint_states...
[INFO] [1786963482.813392272] [cartesian_streamer]: Chờ /joint_states...
[INFO] [1786963484.813672478] [cartesian_streamer]: Chờ /joint_states...
[INFO] [1786963487.313749394] [cartesian_streamer]: Chờ /joint_states...
[INFO] [1786963489.813175481] [cartesian_streamer]: Chờ /joint_states...
[INFO] [1786963491.813615581] [cartesian_streamer]: Chờ /joint_states...
[INFO] [1786963494.313158684] [cartesian_streamer]: Chờ /joint_states...
[INFO] [1786963496.313386190] [cartesian_streamer]: Chờ /joint_states...
[INFO] [1786963497.706057341] [cartesian_streamer]: Nhận joint_states: ['1.571', '0.124', '-1.003', '0.000', '-0.386', '-1.879']
[INFO] [1786963497.814548022] [cartesian_streamer]: ⚡ Simulation mode: Bỏ qua FK cross-validation, ÉP DÙNG Local IK.
   (MoveIt không có planning library trong môi trường giả lập)
[INFO] [1786963497.815414585] [cartesian_streamer]: Đã nhận joint_states. EE hiện tại: (-0.1620, 0.3090, 0.3882). IK mode: Local DLS. Chờ Enable Robot từ UI...
[INFO] [1786963517.804337880] [cartesian_streamer]: Enable Robot: bắt đầu chuỗi khởi động...
[INFO] [1786963517.804679053] [cartesian_streamer]: Enable: reset_error...
[INFO] [1786963517.809832095] [cartesian_streamer]: reset_error: code=1, msg="success"
[INFO] [1786963517.810134626] [cartesian_streamer]: Enable: stop_traj_mode (giải phóng mode cũ)...
[INFO] [1786963517.857268187] [cartesian_streamer]: stop_traj_mode: success=True, code=N/A, msg=""
[INFO] [1786963517.857662811] [cartesian_streamer]: Enable: chờ 1.5s để hệ thống ổn định trước khi start queue...
[INFO] [1786963519.358532928] [cartesian_streamer]: Enable: StartPointQueueMode...
[INFO] [1786963520.745958769] [cartesian_streamer]: StartPointQueueMode response: code=1, msg=""
[INFO] [1786963520.746234649] [cartesian_streamer]: ✓ Robot ENABLED — Point Queue Mode active. Servo ON!
[INFO] [1786963520.813022963] [cartesian_streamer]: Runtime rate: state=seeding, tick_hz=0.0, queue_send_hz=0.0, ack_hz=0.0, busy_hz=0.0, retry_count=0, reject_count=0, inter_ack_ms=0.0, max_joint_delta=0.000, cumul_time=0.00s, hold_count=0, ik_mode=Local, ik_avg_ms=0.00, ik_fails=0
[INFO] [1786963520.813692675] [cartesian_streamer]: Bootstrap EE pose via FK: (-0.1620, 0.3090, 0.3882)
[INFO] [1786963520.814158603] [cartesian_streamer]: Đang stream qua service: /queue_traj_point
[INFO] [1786963520.814858182] [cartesian_streamer]: Đã gửi seed point (current joints, t=0), chờ ACK...
[INFO] [1786963520.879675792] [cartesian_streamer]: Bootstrap EE pose via FK: (-0.1620, 0.3090, 0.3882)
[INFO] [1786963520.942721483] [cartesian_streamer]: Seed ACK nhận được, bắt đầu prebuffer.
[INFO] [1786963520.942998075] [cartesian_streamer]: Queue accepted sample#1: svc=/queue_traj_point, t_cumul=0.0000s, code=1, msg="", hold=False
[INFO] [1786963520.976356755] [cartesian_streamer]: Queue accepted sample#2: svc=/queue_traj_point, t_cumul=0.1309s, code=1, msg="", hold=True
[INFO] [1786963521.022976618] [cartesian_streamer]: Queue accepted sample#3: svc=/queue_traj_point, t_cumul=0.1980s, code=1, msg="", hold=True
[INFO] [1786963521.305024547] [cartesian_streamer]: Pre-buffer hoàn tất (3 points), bắt đầu stream ổn định. Đang chờ target...
[INFO] [1786963521.305326777] [cartesian_streamer]: Queue accepted sample#4: svc=/queue_traj_point, t_cumul=0.2643s, code=1, msg="", hold=True
[INFO] [1786963521.458245740] [cartesian_streamer]: Queue accepted sample#5: svc=/queue_traj_point, t_cumul=0.4643s, code=1, msg="", hold=True
[INFO] [1786963523.515856381] [cartesian_streamer]: QueueTrajPoint accepted #20: t=2.131s, hold=True
[WARN] [1786963523.960363022] [cartesian_streamer]: Queue BUSY, sẽ resend (backoff 66ms): msg="Busy processing the previous trajectory point. Please resend the next point shortly"
[INFO] [1786963525.014226373] [cartesian_streamer]: IK OK → Δmax=0.0071 rad, joints: [1.568, 0.130, -0.996, -0.000, -0.387, -1.876]
[WARN] [1786963525.079398641] [cartesian_streamer]: QueueTrajPoint đã được accept nhưng joint_states hầu như không đổi. Kiểm tra: 1) Robot ở mode AUTO? 2) Servo ON? 3) E-stop cleared?
[INFO] [1786963525.681400770] [cartesian_streamer]: IK delta clamped → joints: [1.558, 0.233, -0.851, -0.002, -0.432, -1.865]
[INFO] [1786963525.879832068] [cartesian_streamer]: Runtime rate: state=streaming, tick_hz=15.0, queue_send_hz=7.7, ack_hz=7.5, busy_hz=0.2, retry_count=1, reject_count=0, inter_ack_ms=132.0, max_joint_delta=0.070, cumul_time=4.27s, hold_count=0, ik_mode=Local, ik_avg_ms=1.05, ik_fails=0
[INFO] [1786963525.949385023] [cartesian_streamer]: QueueTrajPoint accepted #40: t=4.398s, hold=False
[INFO] [1786963527.014998318] [cartesian_streamer]: IK OK → Δmax=0.0900 rad, joints: [1.522, 0.354, -0.584, -0.004, -0.613, -1.827]
[INFO] [1786963527.747226610] [cartesian_streamer]: IK delta clamped → joints: [1.504, 0.435, -0.437, -0.005, -0.672, -1.809]
[INFO] [1786963527.900080390] [cartesian_streamer]: QueueTrajPoint accepted #60: t=6.332s, hold=False
[INFO] [1786963529.081124563] [cartesian_streamer]: IK OK → Δmax=0.0900 rad, joints: [1.479, 0.651, -0.158, -0.006, -0.783, -1.785]
[INFO] [1786963529.493364541] [cartesian_streamer]: QueueTrajPoint accepted #80: t=7.932s, hold=False
[INFO] [1786963529.747997972] [cartesian_streamer]: IK delta clamped → joints: [1.466, 0.794, -0.024, -0.007, -0.837, -1.772]
[WARN] [1786963530.498568713] [cartesian_streamer]: ⚠ Queue mode bị drop! Auto-recovery lần 1/3...
[INFO] [1786963530.999901682] [cartesian_streamer]: Auto-recovery: bắt đầu re-enable queue mode...
[INFO] [1786963531.000347321] [cartesian_streamer]: Enable: reset_error...
[INFO] [1786963531.120283442] [cartesian_streamer]: reset_error: code=1, msg="success"
[INFO] [1786963531.120912097] [cartesian_streamer]: Enable: stop_traj_mode (giải phóng mode cũ)...
[INFO] [1786963531.173280704] [cartesian_streamer]: stop_traj_mode: success=True, code=N/A, msg=""
[INFO] [1786963531.174632993] [cartesian_streamer]: Enable: chờ 1.5s để hệ thống ổn định trước khi start queue...
[INFO] [1786963532.675944183] [cartesian_streamer]: Enable: StartPointQueueMode...
[INFO] [1786963532.707942760] [cartesian_streamer]: StartPointQueueMode response: code=103, msg="The controller is in E-Stop"
[ERROR] [1786963532.708542531] [cartesian_streamer]: StartPointQueueMode FAILED: The controller is in E-Stop
[INFO] [1786963542.102804970] [cartesian_streamer]: Disable Robot: dừng stream, tắt traj mode...
[INFO] [1786963542.103393479] [cartesian_streamer]: ✗ Robot DISABLED.
[INFO] [1786963570.364208343] [cartesian_streamer]: Disable Robot: dừng stream, tắt traj mode...
[INFO] [1786963570.364654574] [cartesian_streamer]: ✗ Robot DISABLED.
[INFO] [1786963572.937600310] [cartesian_streamer]: Enable Robot: bắt đầu chuỗi khởi động...
[INFO] [1786963572.938109991] [cartesian_streamer]: Enable: reset_error...
[INFO] [1786963572.962438422] [cartesian_streamer]: reset_error: code=1, msg="success"
[INFO] [1786963572.962801196] [cartesian_streamer]: Enable: stop_traj_mode (giải phóng mode cũ)...
[INFO] [1786963573.005989971] [cartesian_streamer]: stop_traj_mode: success=True, code=N/A, msg=""
[INFO] [1786963573.006503239] [cartesian_streamer]: Enable: chờ 1.5s để hệ thống ổn định trước khi start queue...
[INFO] [1786963574.507859578] [cartesian_streamer]: Enable: StartPointQueueMode...
[INFO] [1786963575.983537363] [cartesian_streamer]: StartPointQueueMode response: code=1, msg=""
[INFO] [1786963575.984118659] [cartesian_streamer]: ✓ Robot ENABLED — Point Queue Mode active. Servo ON!
[INFO] [1786963576.013094428] [cartesian_streamer]: Runtime rate: state=seeding, tick_hz=1.4, queue_send_hz=1.1, ack_hz=1.1, busy_hz=0.0, retry_count=0, reject_count=1, inter_ack_ms=87.7, max_joint_delta=0.090, cumul_time=0.00s, hold_count=0, ik_mode=Local, ik_avg_ms=1.04, ik_fails=0
[WARN] [1786963576.013603137] [cartesian_streamer]: Target stream stale: không có target mới trong 45.5s
[WARN] [1786963576.013923050] [cartesian_streamer]: QueueTrajPoint đã được accept nhưng joint_states hầu như không đổi. Kiểm tra: 1) Robot ở mode AUTO? 2) Servo ON? 3) E-stop cleared?
[INFO] [1786963576.015050985] [cartesian_streamer]: Bootstrap EE pose via FK: (-0.1620, 0.3090, 0.3882)
[INFO] [1786963576.016418713] [cartesian_streamer]: Đã gửi seed point (current joints, t=0), chờ ACK...
[INFO] [1786963576.080105050] [cartesian_streamer]: Bootstrap EE pose via FK: (-0.1620, 0.3090, 0.3882)
[INFO] [1786963576.144044223] [cartesian_streamer]: Seed ACK nhận được, bắt đầu prebuffer.
[INFO] [1786963576.674634823] [cartesian_streamer]: Pre-buffer hoàn tất (3 points), bắt đầu stream ổn định. Đang chờ target...
[INFO] [1786963577.302655726] [cartesian_streamer]: QueueTrajPoint accepted #100: t=1.064s, hold=True
[INFO] [1786963579.627858538] [cartesian_streamer]: QueueTrajPoint accepted #120: t=3.264s, hold=True
[INFO] [1786963580.750295914] [cartesian_streamer]: IK OK → Δmax=0.0085 rad, joints: [1.572, 0.123, -1.003, 0.005, -0.377, -1.884]
[INFO] [1786963581.079601300] [cartesian_streamer]: Runtime rate: state=streaming, tick_hz=15.0, queue_send_hz=7.7, ack_hz=7.7, busy_hz=0.0, retry_count=0, reject_count=0, inter_ack_ms=1296.6, max_joint_delta=0.009, cumul_time=4.46s, hold_count=0, ik_mode=Local, ik_avg_ms=1.03, ik_fails=0
[WARN] [1786963581.079977139] [cartesian_streamer]: QueueTrajPoint đã được accept nhưng joint_states hầu như không đổi. Kiểm tra: 1) Robot ở mode AUTO? 2) Servo ON? 3) E-stop cleared?
[WARN] [1786963581.624936779] [cartesian_streamer]: Queue BUSY, sẽ resend (backoff 66ms): msg="Busy processing the previous trajectory point. Please resend the next point shortly"
[INFO] [1786963582.093645592] [cartesian_streamer]: QueueTrajPoint accepted #140: t=5.465s, hold=False
[INFO] [1786963582.146831850] [cartesian_streamer]: IK delta clamped → joints: [1.575, 0.193, -0.833, 0.001, -0.488, -1.884]
[INFO] [1786963582.815226952] [cartesian_streamer]: IK OK → Δmax=0.0900 rad, joints: [1.555, 0.224, -0.727, -0.002, -0.557, -1.862]
[INFO] [1786963583.956134456] [cartesian_streamer]: QueueTrajPoint accepted #160: t=7.332s, hold=False
[INFO] [1786963584.147046219] [cartesian_streamer]: IK delta clamped → joints: [1.457, 0.367, -0.447, -0.009, -0.669, -1.759]
[INFO] [1786963584.816708208] [cartesian_streamer]: IK OK → Δmax=0.0900 rad, joints: [1.429, 0.470, -0.300, -0.010, -0.728, -1.732]
[INFO] [1786963585.572049774] [cartesian_streamer]: QueueTrajPoint accepted #180: t=8.930s, hold=False
[INFO] [1786963586.145403025] [cartesian_streamer]: Runtime rate: state=streaming, tick_hz=15.0, queue_send_hz=11.3, ack_hz=10.9, busy_hz=0.2, retry_count=1, reject_count=0, inter_ack_ms=90.7, max_joint_delta=0.090, cumul_time=9.46s, hold_count=0, ik_mode=Local, ik_avg_ms=1.01, ik_fails=0
[INFO] [1786963586.213707184] [cartesian_streamer]: IK delta clamped → joints: [1.397, 0.747, -0.047, -0.011, -0.829, -1.701]
[INFO] [1786963586.880311601] [cartesian_streamer]: IK OK → Δmax=0.0900 rad, joints: [1.390, 0.909, 0.099, -0.011, -0.888, -1.695]
[INFO] [1786963587.258513279] [cartesian_streamer]: Disable Robot: dừng stream, tắt traj mode...
[INFO] [1786963587.259044551] [cartesian_streamer]: ✗ Robot DISABLED.
[INFO] [1786963622.896323336] [cartesian_streamer]: Disable Robot: dừng stream, tắt traj mode...
[INFO] [1786963622.897127691] [cartesian_streamer]: ✗ Robot DISABLED.
[INFO] [1786963628.319270887] [cartesian_streamer]: Enable Robot: bắt đầu chuỗi khởi động...
[INFO] [1786963628.319642272] [cartesian_streamer]: Enable: reset_error...
[INFO] [1786963628.332681197] [cartesian_streamer]: reset_error: code=1, msg="success"
[INFO] [1786963628.333000414] [cartesian_streamer]: Enable: stop_traj_mode (giải phóng mode cũ)...
[INFO] [1786963628.385415339] [cartesian_streamer]: stop_traj_mode: success=True, code=N/A, msg=""
[INFO] [1786963628.385770424] [cartesian_streamer]: Enable: chờ 1.5s để hệ thống ổn định trước khi start queue...
[INFO] [1786963629.886299974] [cartesian_streamer]: Enable: StartPointQueueMode...
[INFO] [1786963631.505730572] [cartesian_streamer]: StartPointQueueMode response: code=1, msg=""
[INFO] [1786963631.506017108] [cartesian_streamer]: ✓ Robot ENABLED — Point Queue Mode active. Servo ON!
[INFO] [1786963631.546006088] [cartesian_streamer]: Runtime rate: state=seeding, tick_hz=0.4, queue_send_hz=0.3, ack_hz=0.3, busy_hz=0.0, retry_count=0, reject_count=0, inter_ack_ms=92.5, max_joint_delta=0.090, cumul_time=0.00s, hold_count=0, ik_mode=Local, ik_avg_ms=1.00, ik_fails=0
[WARN] [1786963631.546318623] [cartesian_streamer]: Target stream stale: không có target mới trong 44.3s
[WARN] [1786963631.546599889] [cartesian_streamer]: QueueTrajPoint đã được accept nhưng joint_states hầu như không đổi. Kiểm tra: 1) Robot ở mode AUTO? 2) Servo ON? 3) E-stop cleared?
[INFO] [1786963631.547160388] [cartesian_streamer]: Bootstrap EE pose via FK: (-0.1620, 0.3090, 0.3882)
[INFO] [1786963631.547738199] [cartesian_streamer]: Đã gửi seed point (current joints, t=0), chờ ACK...
[INFO] [1786963631.570939328] [cartesian_streamer]: Seed ACK nhận được, bắt đầu prebuffer.
[INFO] [1786963631.746074138] [cartesian_streamer]: QueueTrajPoint accepted #200: t=0.065s, hold=True
[INFO] [1786963631.931868181] [cartesian_streamer]: Pre-buffer hoàn tất (3 points), bắt đầu stream ổn định. Đang chờ target...
[INFO] [1786963633.812643173] [cartesian_streamer]: QueueTrajPoint accepted #220: t=2.065s, hold=True
[WARN] [1786963634.613296914] [cartesian_streamer]: Service call timeout (500ms). Resetting inflight flag.
[WARN] [1786963634.692413307] [cartesian_streamer]: Queue BUSY, sẽ resend (backoff 66ms): msg="Busy processing the previous trajectory point. Please resend the next point shortly"
[INFO] [1786963636.612627506] [cartesian_streamer]: Runtime rate: state=streaming, tick_hz=15.0, queue_send_hz=8.3, ack_hz=8.1, busy_hz=0.2, retry_count=1, reject_count=0, inter_ack_ms=1204.1, max_joint_delta=0.000, cumul_time=4.06s, hold_count=40, ik_mode=Local, ik_avg_ms=1.00, ik_fails=0
[WARN] [1786963636.612939389] [cartesian_streamer]: Target stream stale: không có target mới trong 49.4s
[INFO] [1786963636.684379593] [cartesian_streamer]: IK OK → Δmax=0.0201 rad, joints: [1.565, 0.144, -0.997, 0.005, -0.366, -1.877]
[INFO] [1786963636.727288591] [cartesian_streamer]: QueueTrajPoint accepted #240: t=4.264s, hold=True
[WARN] [1786963636.813170807] [cartesian_streamer]: QueueTrajPoint đã được accept nhưng joint_states hầu như không đổi. Kiểm tra: 1) Robot ở mode AUTO? 2) Servo ON? 3) E-stop cleared?
[INFO] [1786963638.146795749] [cartesian_streamer]: IK delta clamped → joints: [1.525, 0.236, -0.731, -0.005, -0.549, -1.829]
[INFO] [1786963638.353309240] [cartesian_streamer]: QueueTrajPoint accepted #260: t=5.999s, hold=False
[INFO] [1786963638.746762616] [cartesian_streamer]: IK OK → Δmax=0.0900 rad, joints: [1.504, 0.251, -0.611, -0.006, -0.597, -1.808]
[INFO] [1786963640.102049588] [cartesian_streamer]: QueueTrajPoint accepted #280: t=7.665s, hold=False
[INFO] [1786963640.146861700] [cartesian_streamer]: IK delta clamped → joints: [1.435, 0.398, -0.345, -0.009, -0.704, -1.738]
[INFO] [1786963640.747238190] [cartesian_streamer]: IK OK → Δmax=0.0900 rad, joints: [1.414, 0.494, -0.224, -0.010, -0.752, -1.718]
[INFO] [1786963641.613102466] [cartesian_streamer]: Runtime rate: state=streaming, tick_hz=15.0, queue_send_hz=12.0, ack_hz=12.0, busy_hz=0.0, retry_count=0, reject_count=0, inter_ack_ms=82.5, max_joint_delta=0.090, cumul_time=9.13s, hold_count=0, ik_mode=Local, ik_avg_ms=0.98, ik_fails=0
[INFO] [1786963641.739853726] [cartesian_streamer]: QueueTrajPoint accepted #300: t=9.198s, hold=False
[INFO] [1786963642.148631306] [cartesian_streamer]: IK delta clamped → joints: [1.378, 0.785, 0.055, -0.011, -0.864, -1.684]
[INFO] [1786963642.683333218] [cartesian_streamer]: Disable Robot: dừng stream, tắt traj mode...
[INFO] [1786963642.683986681] [cartesian_streamer]: ✗ Robot DISABLED.
[INFO] [1786963679.915007454] [cartesian_streamer]: Disable Robot: dừng stream, tắt traj mode...
[INFO] [1786963679.915936773] [cartesian_streamer]: ✗ Robot DISABLED.
[INFO] [1786963687.401192614] [cartesian_streamer]: Enable Robot: bắt đầu chuỗi khởi động...
[INFO] [1786963687.401709903] [cartesian_streamer]: Enable: reset_error...
[INFO] [1786963687.426136664] [cartesian_streamer]: reset_error: code=1, msg="success"
[INFO] [1786963687.426784697] [cartesian_streamer]: Enable: stop_traj_mode (giải phóng mode cũ)...
[INFO] [1786963687.475590871] [cartesian_streamer]: stop_traj_mode: success=True, code=N/A, msg=""
[INFO] [1786963687.476079426] [cartesian_streamer]: Enable: chờ 1.5s để hệ thống ổn định trước khi start queue...
[INFO] [1786963688.977035747] [cartesian_streamer]: Enable: StartPointQueueMode...
[INFO] [1786963690.422378687] [cartesian_streamer]: StartPointQueueMode response: code=1, msg=""
[INFO] [1786963690.422709446] [cartesian_streamer]: ✓ Robot ENABLED — Point Queue Mode active. Servo ON!
[INFO] [1786963690.479927862] [cartesian_streamer]: Runtime rate: state=seeding, tick_hz=0.3, queue_send_hz=0.3, ack_hz=0.3, busy_hz=0.0, retry_count=0, reject_count=0, inter_ack_ms=82.1, max_joint_delta=0.090, cumul_time=0.00s, hold_count=0, ik_mode=Local, ik_avg_ms=0.98, ik_fails=0
[WARN] [1786963690.480272778] [cartesian_streamer]: Target stream stale: không có target mới trong 47.8s
[WARN] [1786963690.480613976] [cartesian_streamer]: QueueTrajPoint đã được accept nhưng joint_states hầu như không đổi. Kiểm tra: 1) Robot ở mode AUTO? 2) Servo ON? 3) E-stop cleared?
[INFO] [1786963690.481515194] [cartesian_streamer]: Bootstrap EE pose via FK: (-0.1620, 0.3090, 0.3882)
[INFO] [1786963690.482732854] [cartesian_streamer]: Đã gửi seed point (current joints, t=0), chờ ACK...
[INFO] [1786963690.546370508] [cartesian_streamer]: Bootstrap EE pose via FK: (-0.1620, 0.3090, 0.3882)
[INFO] [1786963690.602570287] [cartesian_streamer]: Seed ACK nhận được, bắt đầu prebuffer.
[INFO] [1786963690.929214572] [cartesian_streamer]: Pre-buffer hoàn tất (3 points), bắt đầu stream ổn định. Đang chờ target...
[INFO] [1786963691.272165611] [cartesian_streamer]: QueueTrajPoint accepted #320: t=0.664s, hold=True
[INFO] [1786963694.068817323] [cartesian_streamer]: QueueTrajPoint accepted #340: t=3.063s, hold=True
[INFO] [1786963694.228338336] [cartesian_streamer]: Local IK không hội tụ (fail #1)
[INFO] [1786963694.283947033] [cartesian_streamer]: IK OK → Δmax=0.0028 rad, joints: [1.571, 0.124, -1.003, 0.002, -0.383, -1.876]
[INFO] [1786963695.545704246] [cartesian_streamer]: Runtime rate: state=streaming, tick_hz=15.0, queue_send_hz=8.5, ack_hz=8.5, busy_hz=0.0, retry_count=0, reject_count=0, inter_ack_ms=1227.4, max_joint_delta=0.087, cumul_time=4.60s, hold_count=0, ik_mode=Local, ik_avg_ms=1.02, ik_fails=1
[INFO] [1786963695.547297028] [cartesian_streamer]: IK delta clamped → joints: [1.579, 0.115, -0.877, 0.001, -0.510, -1.888]
[INFO] [1786963695.767288264] [cartesian_streamer]: QueueTrajPoint accepted #360: t=4.871s, hold=False
[INFO] [1786963696.349342018] [cartesian_streamer]: IK OK → Δmax=0.0900 rad, joints: [1.531, 0.161, -0.692, -0.004, -0.574, -1.837]
[INFO] [1786963697.162789039] [cartesian_streamer]: QueueTrajPoint accepted #380: t=6.264s, hold=False
[INFO] [1786963697.613441166] [cartesian_streamer]: IK delta clamped → joints: [1.434, 0.302, -0.439, -0.010, -0.676, -1.736]
[INFO] [1786963698.414363095] [cartesian_streamer]: IK OK → Δmax=0.0900 rad, joints: [1.389, 0.436, -0.278, -0.013, -0.740, -1.690]
[INFO] [1786963698.756410832] [cartesian_streamer]: QueueTrajPoint accepted #400: t=7.865s, hold=False
[INFO] [1786963699.680120428] [cartesian_streamer]: IK delta clamped → joints: [1.345, 0.681, -0.025, -0.015, -0.841, -1.647]
[INFO] [1786963700.293924756] [cartesian_streamer]: QueueTrajPoint accepted #420: t=9.399s, hold=False
[INFO] [1786963700.480999169] [cartesian_streamer]: IK OK → Δmax=0.0900 rad, joints: [1.326, 0.861, 0.135, -0.015, -0.905, -1.629]
[INFO] [1786963700.546364701] [cartesian_streamer]: Runtime rate: state=streaming, tick_hz=15.0, queue_send_hz=13.4, ack_hz=13.4, busy_hz=0.0, retry_count=0, reject_count=0, inter_ack_ms=74.9, max_joint_delta=0.090, cumul_time=9.60s, hold_count=0, ik_mode=Local, ik_avg_ms=1.02, ik_fails=1
[INFO] [1786963700.996912989] [cartesian_streamer]: Disable Robot: dừng stream, tắt traj mode...
[INFO] [1786963700.998769445] [cartesian_streamer]: ✗ Robot DISABLED.
[INFO] [1786963768.814562329] [cartesian_streamer]: Disable Robot: dừng stream, tắt traj mode...
[INFO] [1786963768.815170509] [cartesian_streamer]: ✗ Robot DISABLED.
[INFO] [1786963780.971173493] [cartesian_streamer]: Enable Robot: bắt đầu chuỗi khởi động...
[INFO] [1786963780.971462314] [cartesian_streamer]: Enable: reset_error...
[INFO] [1786963780.986184842] [cartesian_streamer]: reset_error: code=1, msg="success"
[INFO] [1786963780.986693325] [cartesian_streamer]: Enable: stop_traj_mode (giải phóng mode cũ)...
[INFO] [1786963781.029140835] [cartesian_streamer]: stop_traj_mode: success=True, code=N/A, msg=""
[INFO] [1786963781.029396775] [cartesian_streamer]: Enable: chờ 1.5s để hệ thống ổn định trước khi start queue...
[INFO] [1786963782.530212393] [cartesian_streamer]: Enable: StartPointQueueMode...
[INFO] [1786963783.940996064] [cartesian_streamer]: StartPointQueueMode response: code=1, msg=""
[INFO] [1786963783.941266420] [cartesian_streamer]: ✓ Robot ENABLED — Point Queue Mode active. Servo ON!
[INFO] [1786963783.945796329] [cartesian_streamer]: Runtime rate: state=seeding, tick_hz=0.1, queue_send_hz=0.1, ack_hz=0.1, busy_hz=0.0, retry_count=0, reject_count=0, inter_ack_ms=91.4, max_joint_delta=0.090, cumul_time=0.00s, hold_count=0, ik_mode=Local, ik_avg_ms=1.01, ik_fails=1
[WARN] [1786963783.946289804] [cartesian_streamer]: Target stream stale: không có target mới trong 83.0s
[WARN] [1786963783.946611517] [cartesian_streamer]: QueueTrajPoint đã được accept nhưng joint_states hầu như không đổi. Kiểm tra: 1) Robot ở mode AUTO? 2) Servo ON? 3) E-stop cleared?
[INFO] [1786963783.947314474] [cartesian_streamer]: Bootstrap EE pose via FK: (-0.1620, 0.3090, 0.3883)
[INFO] [1786963783.947959523] [cartesian_streamer]: Đã gửi seed point (current joints, t=0), chờ ACK...
[INFO] [1786963783.977871444] [cartesian_streamer]: Seed ACK nhận được, bắt đầu prebuffer.
[INFO] [1786963784.601605616] [cartesian_streamer]: Pre-buffer hoàn tất (3 points), bắt đầu stream ổn định. Đang chờ target...
[INFO] [1786963785.672959567] [cartesian_streamer]: QueueTrajPoint accepted #440: t=1.265s, hold=True
[INFO] [1786963787.550949616] [cartesian_streamer]: IK OK → Δmax=0.0253 rad, joints: [1.562, 0.145, -1.001, 0.010, -0.360, -1.880]
[INFO] [1786963788.361092656] [cartesian_streamer]: QueueTrajPoint accepted #460: t=3.600s, hold=False
[INFO] [1786963788.754494892] [cartesian_streamer]: IK delta clamped → joints: [1.581, 0.118, -0.918, 0.001, -0.478, -1.890]
[INFO] [1786963788.945995960] [cartesian_streamer]: Runtime rate: state=streaming, tick_hz=15.0, queue_send_hz=7.2, ack_hz=7.2, busy_hz=0.0, retry_count=0, reject_count=0, inter_ack_ms=2443.9, max_joint_delta=0.090, cumul_time=4.00s, hold_count=0, ik_mode=Local, ik_avg_ms=1.02, ik_fails=1
[INFO] [1786963789.613442477] [cartesian_streamer]: IK OK → Δmax=0.0900 rad, joints: [1.568, 0.090, -0.732, -0.000, -0.559, -1.876]
[INFO] [1786963790.478008223] [cartesian_streamer]: QueueTrajPoint accepted #480: t=5.532s, hold=False
[INFO] [1786963790.813459401] [cartesian_streamer]: IK delta clamped → joints: [1.499, 0.189, -0.492, -0.005, -0.655, -1.805]
[INFO] [1786963791.613922253] [cartesian_streamer]: IK OK → Δmax=0.0900 rad, joints: [1.476, 0.314, -0.332, -0.006, -0.719, -1.782]
[INFO] [1786963792.150007652] [cartesian_streamer]: QueueTrajPoint accepted #500: t=7.265s, hold=False
[INFO] [1786963792.814174566] [cartesian_streamer]: IK delta clamped → joints: [1.443, 0.547, -0.118, -0.008, -0.805, -1.749]
[INFO] [1786963793.614057939] [cartesian_streamer]: IK OK → Δmax=0.0900 rad, joints: [1.432, 0.721, 0.069, -0.008, -0.879, -1.739]
[INFO] [1786963793.899538986] [cartesian_streamer]: QueueTrajPoint accepted #520: t=9.000s, hold=False
[INFO] [1786963794.012711938] [cartesian_streamer]: Runtime rate: state=streaming, tick_hz=15.0, queue_send_hz=11.2, ack_hz=11.1, busy_hz=0.0, retry_count=0, reject_count=0, inter_ack_ms=88.5, max_joint_delta=0.090, cumul_time=9.06s, hold_count=0, ik_mode=Local, ik_avg_ms=0.99, ik_fails=1
[INFO] [1786963794.673692051] [cartesian_streamer]: Disable Robot: dừng stream, tắt traj mode...
[INFO] [1786963794.674425666] [cartesian_streamer]: ✗ Robot DISABLED.
[INFO] [1786963840.430795774] [cartesian_streamer]: Disable Robot: dừng stream, tắt traj mode...
[INFO] [1786963840.431865309] [cartesian_streamer]: ✗ Robot DISABLED.
[INFO] [1786963842.499906513] [cartesian_streamer]: Enable Robot: bắt đầu chuỗi khởi động...
[INFO] [1786963842.500187530] [cartesian_streamer]: Enable: reset_error...
[INFO] [1786963842.513379752] [cartesian_streamer]: reset_error: code=1, msg="success"
[INFO] [1786963842.514024932] [cartesian_streamer]: Enable: stop_traj_mode (giải phóng mode cũ)...
[INFO] [1786963842.568629274] [cartesian_streamer]: stop_traj_mode: success=True, code=N/A, msg=""
[INFO] [1786963842.568904971] [cartesian_streamer]: Enable: chờ 1.5s để hệ thống ổn định trước khi start queue...
[INFO] [1786963844.069846513] [cartesian_streamer]: Enable: StartPointQueueMode...
[INFO] [1786963845.534766857] [cartesian_streamer]: StartPointQueueMode response: code=1, msg=""
[INFO] [1786963845.535191463] [cartesian_streamer]: ✓ Robot ENABLED — Point Queue Mode active. Servo ON!
[INFO] [1786963845.545509367] [cartesian_streamer]: Runtime rate: state=seeding, tick_hz=0.2, queue_send_hz=0.1, ack_hz=0.2, busy_hz=0.0, retry_count=0, reject_count=0, inter_ack_ms=92.8, max_joint_delta=0.090, cumul_time=0.00s, hold_count=0, ik_mode=Local, ik_avg_ms=0.99, ik_fails=1
[WARN] [1786963845.545809971] [cartesian_streamer]: Target stream stale: không có target mới trong 50.9s
[WARN] [1786963845.546119521] [cartesian_streamer]: QueueTrajPoint đã được accept nhưng joint_states hầu như không đổi. Kiểm tra: 1) Robot ở mode AUTO? 2) Servo ON? 3) E-stop cleared?
[INFO] [1786963845.546752789] [cartesian_streamer]: Bootstrap EE pose via FK: (-0.1620, 0.3089, 0.3882)
[INFO] [1786963845.547527681] [cartesian_streamer]: Đã gửi seed point (current joints, t=0), chờ ACK...
[INFO] [1786963845.615850576] [cartesian_streamer]: Bootstrap EE pose via FK: (-0.1620, 0.3089, 0.3882)
[INFO] [1786963845.680047976] [cartesian_streamer]: Bootstrap EE pose via FK: (-0.1620, 0.3089, 0.3882)
[INFO] [1786963845.745855235] [cartesian_streamer]: Bootstrap EE pose via FK: (-0.1620, 0.3089, 0.3882)
[INFO] [1786963845.785641247] [cartesian_streamer]: Seed ACK nhận được, bắt đầu prebuffer.
[INFO] [1786963846.105665995] [cartesian_streamer]: Pre-buffer hoàn tất (3 points), bắt đầu stream ổn định. Đang chờ target...
[INFO] [1786963847.335804646] [cartesian_streamer]: QueueTrajPoint accepted #540: t=1.467s, hold=True
[INFO] [1786963848.748261834] [cartesian_streamer]: IK OK → Δmax=0.0093 rad, joints: [1.569, 0.132, -1.000, 0.007, -0.376, -1.884]
[INFO] [1786963849.953468714] [cartesian_streamer]: QueueTrajPoint accepted #560: t=3.601s, hold=False
[INFO] [1786963850.080983172] [cartesian_streamer]: IK delta clamped → joints: [1.556, 0.104, -0.932, -0.002, -0.474, -1.863]
[INFO] [1786963850.546427311] [cartesian_streamer]: Runtime rate: state=streaming, tick_hz=15.0, queue_send_hz=6.8, ack_hz=6.8, busy_hz=0.0, retry_count=0, reject_count=0, inter_ack_ms=1643.3, max_joint_delta=0.090, cumul_time=4.00s, hold_count=0, ik_mode=Local, ik_avg_ms=0.97, ik_fails=1
[INFO] [1786963850.814446985] [cartesian_streamer]: IK OK → Δmax=0.0900 rad, joints: [1.500, 0.119, -0.785, -0.007, -0.533, -1.804]
[INFO] [1786963851.832435449] [cartesian_streamer]: QueueTrajPoint accepted #580: t=5.467s, hold=False
[INFO] [1786963852.147701172] [cartesian_streamer]: IK delta clamped → joints: [1.466, 0.264, -0.519, -0.008, -0.640, -1.770]
[INFO] [1786963852.881568833] [cartesian_streamer]: IK OK → Δmax=0.0900 rad, joints: [1.449, 0.369, -0.371, -0.008, -0.699, -1.754]
[INFO] [1786963853.428155268] [cartesian_streamer]: QueueTrajPoint accepted #600: t=7.067s, hold=False
[INFO] [1786963854.213594758] [cartesian_streamer]: IK delta clamped → joints: [1.410, 0.611, -0.092, -0.010, -0.810, -1.715]
[INFO] [1786963854.947430529] [cartesian_streamer]: IK OK → Δmax=0.0900 rad, joints: [1.388, 0.780, 0.042, -0.011, -0.864, -1.694]
[INFO] [1786963855.000041043] [cartesian_streamer]: QueueTrajPoint accepted #620: t=8.534s, hold=False
[INFO] [1786963855.614762146] [cartesian_streamer]: Runtime rate: state=streaming, tick_hz=15.0, queue_send_hz=12.8, ack_hz=12.8, busy_hz=0.0, retry_count=0, reject_count=0, inter_ack_ms=77.6, max_joint_delta=0.090, cumul_time=9.20s, hold_count=0, ik_mode=Local, ik_avg_ms=0.97, ik_fails=1
[INFO] [1786963856.214034607] [cartesian_streamer]: IK delta clamped → joints: [1.385, 0.970, 0.295, -0.011, -0.965, -1.692]
[INFO] [1786963856.559199972] [cartesian_streamer]: Local IK không hội tụ (fail #1)
[INFO] [1786963856.723770693] [cartesian_streamer]: QueueTrajPoint accepted #640: t=10.355s, hold=True
[WARN] [1786963857.161599013] [cartesian_streamer]: Local IK failed 10x liên tiếp! Fallback sang MoveIt! IK...
[INFO] [1786963857.165055645] [cartesian_streamer]: IK OK → Δmax=0.0900 rad, joints: [1.385, 1.045, 0.361, -0.011, -0.992, -1.693]
[INFO] [1786963858.240705187] [cartesian_streamer]: IK delta clamped → joints: [1.385, 1.045, 0.573, -0.011, -1.077, -1.693]
[INFO] [1786963859.034500016] [cartesian_streamer]: QueueTrajPoint accepted #660: t=12.472s, hold=False
[WARN] [1786963859.228074436] [cartesian_streamer]: Local IK failed 40x liên tiếp! Fallback sang MoveIt! IK...
[INFO] [1786963859.230432728] [cartesian_streamer]: IK OK → Δmax=0.0900 rad, joints: [1.385, 1.045, 0.772, -0.011, -1.156, -1.693]
[INFO] [1786963859.277557198] [cartesian_streamer]: Disable Robot: dừng stream, tắt traj mode...
[INFO] [1786963859.278006841] [cartesian_streamer]: ✗ Robot DISABLED.
[INFO] [1786963887.066541802] [cartesian_streamer]: Disable Robot: dừng stream, tắt traj mode...
[INFO] [1786963887.067104557] [cartesian_streamer]: ✗ Robot DISABLED.
[INFO] [1786963888.367705171] [cartesian_streamer]: Enable Robot: bắt đầu chuỗi khởi động...
[INFO] [1786963888.369782617] [cartesian_streamer]: Enable: reset_error...
[INFO] [1786963888.388753075] [cartesian_streamer]: reset_error: code=1, msg="success"
[INFO] [1786963888.389391012] [cartesian_streamer]: Enable: stop_traj_mode (giải phóng mode cũ)...
[INFO] [1786963888.436324983] [cartesian_streamer]: stop_traj_mode: success=True, code=N/A, msg=""
[INFO] [1786963888.436603586] [cartesian_streamer]: Enable: chờ 1.5s để hệ thống ổn định trước khi start queue...
[INFO] [1786963889.937389420] [cartesian_streamer]: Enable: StartPointQueueMode...
[INFO] [1786963891.561755167] [cartesian_streamer]: StartPointQueueMode response: code=1, msg=""
[INFO] [1786963891.562192778] [cartesian_streamer]: ✓ Robot ENABLED — Point Queue Mode active. Servo ON!
[INFO] [1786963891.612585468] [cartesian_streamer]: Runtime rate: state=seeding, tick_hz=1.5, queue_send_hz=1.0, ack_hz=1.0, busy_hz=0.0, retry_count=0, reject_count=0, inter_ack_ms=107.0, max_joint_delta=0.090, cumul_time=0.00s, hold_count=0, ik_mode=Local, ik_avg_ms=2.09, ik_fails=41
[WARN] [1786963891.612983084] [cartesian_streamer]: Target stream stale: không có target mới trong 32.3s
[WARN] [1786963891.613357817] [cartesian_streamer]: QueueTrajPoint đã được accept nhưng joint_states hầu như không đổi. Kiểm tra: 1) Robot ở mode AUTO? 2) Servo ON? 3) E-stop cleared?
[INFO] [1786963891.613977919] [cartesian_streamer]: Bootstrap EE pose via FK: (-0.1619, 0.3100, 0.3883)
[INFO] [1786963891.614526158] [cartesian_streamer]: Đã gửi seed point (current joints, t=0), chờ ACK...
[INFO] [1786963891.636927902] [cartesian_streamer]: Seed ACK nhận được, bắt đầu prebuffer.
[INFO] [1786963891.948074030] [cartesian_streamer]: Pre-buffer hoàn tất (3 points), bắt đầu stream ổn định. Đang chờ target...
[INFO] [1786963893.973345230] [cartesian_streamer]: QueueTrajPoint accepted #680: t=1.732s, hold=True
[WARN] [1786963894.152746049] [cartesian_streamer]: Queue BUSY, sẽ resend (backoff 66ms): msg="Busy processing the previous trajectory point. Please resend the next point shortly"
[INFO] [1786963895.950131049] [cartesian_streamer]: IK OK → Δmax=0.0093 rad, joints: [1.571, 0.122, -1.008, -0.001, -0.377, -1.879]
[INFO] [1786963896.493606320] [cartesian_streamer]: QueueTrajPoint accepted #700: t=3.931s, hold=False
[INFO] [1786963896.612515379] [cartesian_streamer]: Runtime rate: state=streaming, tick_hz=15.0, queue_send_hz=7.8, ack_hz=7.4, busy_hz=0.2, retry_count=1, reject_count=0, inter_ack_ms=1002.3, max_joint_delta=0.009, cumul_time=4.00s, hold_count=0, ik_mode=Local, ik_avg_ms=2.07, ik_fails=41
[INFO] [1786963897.547536479] [cartesian_streamer]: IK delta clamped → joints: [1.613, 0.139, -0.852, 0.005, -0.513, -1.925]
[INFO] [1786963898.014100356] [cartesian_streamer]: IK OK → Δmax=0.0900 rad, joints: [1.620, 0.171, -0.745, 0.005, -0.556, -1.932]
[INFO] [1786963898.164576895] [cartesian_streamer]: QueueTrajPoint accepted #720: t=5.599s, hold=False
[INFO] [1786963899.615120048] [cartesian_streamer]: IK delta clamped → joints: [1.584, 0.281, -0.438, 0.001, -0.678, -1.893]
[INFO] [1786963899.971000551] [cartesian_streamer]: QueueTrajPoint accepted #740: t=7.400s, hold=False
[INFO] [1786963900.014711836] [cartesian_streamer]: IK OK → Δmax=0.0900 rad, joints: [1.561, 0.334, -0.345, -0.001, -0.716, -1.869]
[INFO] [1786963901.485287517] [cartesian_streamer]: QueueTrajPoint accepted #760: t=8.933s, hold=False
[INFO] [1786963901.615336247] [cartesian_streamer]: IK delta clamped → joints: [1.510, 0.614, -0.025, -0.004, -0.843, -1.817]
[INFO] [1786963901.680139413] [cartesian_streamer]: Runtime rate: state=streaming, tick_hz=15.0, queue_send_hz=12.0, ack_hz=12.0, busy_hz=0.0, retry_count=0, reject_count=0, inter_ack_ms=83.3, max_joint_delta=0.090, cumul_time=9.07s, hold_count=0, ik_mode=Local, ik_avg_ms=1.95, ik_fails=41
[INFO] [1786963902.081364175] [cartesian_streamer]: IK OK → Δmax=0.0900 rad, joints: [1.499, 0.714, 0.055, -0.004, -0.875, -1.807]
[INFO] [1786963903.294111483] [cartesian_streamer]: Local IK không hội tụ (fail #1)
[INFO] [1786963903.383147683] [cartesian_streamer]: QueueTrajPoint accepted #780: t=10.827s, hold=True
[WARN] [1786963903.901117805] [cartesian_streamer]: Local IK failed 10x liên tiếp! Fallback sang MoveIt! IK...
[INFO] [1786963903.902724910] [cartesian_streamer]: IK delta clamped → joints: [1.472, 1.004, 0.309, -0.006, -0.977, -1.780]
[INFO] [1786963904.106545454] [cartesian_streamer]: IK OK → Δmax=0.0900 rad, joints: [1.472, 1.030, 0.350, -0.006, -0.993, -1.780]
[INFO] [1786963904.981744438] [cartesian_streamer]: QueueTrajPoint accepted #800: t=12.417s, hold=False
[WARN] [1786963905.960864585] [cartesian_streamer]: Local IK failed 40x liên tiếp! Fallback sang MoveIt! IK...
[INFO] [1786963905.962497337] [cartesian_streamer]: IK delta clamped → joints: [1.472, 1.030, 0.695, -0.006, -1.131, -1.780]
[INFO] [1786963906.164529002] [cartesian_streamer]: IK OK → Δmax=0.0900 rad, joints: [1.472, 1.030, 0.735, -0.006, -1.147, -1.780]
[INFO] [1786963906.746088046] [cartesian_streamer]: Runtime rate: state=streaming, tick_hz=15.0, queue_send_hz=10.3, ack_hz=10.3, busy_hz=0.0, retry_count=0, reject_count=0, inter_ack_ms=97.5, max_joint_delta=0.090, cumul_time=13.95s, hold_count=0, ik_mode=Local, ik_avg_ms=2.98, ik_fails=92
[INFO] [1786963907.175990044] [cartesian_streamer]: QueueTrajPoint accepted #820: t=14.409s, hold=False
[WARN] [1786963908.028706513] [cartesian_streamer]: Local IK failed 71x liên tiếp! Fallback sang MoveIt! IK...
[INFO] [1786963908.031012017] [cartesian_streamer]: IK delta clamped → joints: [1.472, 1.030, 1.041, -0.006, -1.280, -1.780]
[INFO] [1786963908.234094989] [cartesian_streamer]: IK OK → Δmax=0.0900 rad, joints: [1.472, 1.030, 1.041, -0.006, -1.301, -1.780]
[INFO] [1786963909.045022636] [cartesian_streamer]: QueueTrajPoint accepted #840: t=16.280s, hold=False
[INFO] [1786963909.859191181] [cartesian_streamer]: Disable Robot: dừng stream, tắt traj mode...
[INFO] [1786963909.859905130] [cartesian_streamer]: ✗ Robot DISABLED.
[INFO] [1786963939.734111112] [cartesian_streamer]: Enable Robot: bắt đầu chuỗi khởi động...
[INFO] [1786963939.734380427] [cartesian_streamer]: Enable: reset_error...
[INFO] [1786963939.759693998] [cartesian_streamer]: reset_error: code=1, msg="success"
[INFO] [1786963939.760133703] [cartesian_streamer]: Enable: stop_traj_mode (giải phóng mode cũ)...
[INFO] [1786963939.813749550] [cartesian_streamer]: stop_traj_mode: success=True, code=N/A, msg=""
[INFO] [1786963939.814330350] [cartesian_streamer]: Enable: chờ 1.5s để hệ thống ổn định trước khi start queue...
[INFO] [1786963941.315588042] [cartesian_streamer]: Enable: StartPointQueueMode...
[INFO] [1786963942.943130084] [cartesian_streamer]: StartPointQueueMode response: code=1, msg=""
[INFO] [1786963942.943493886] [cartesian_streamer]: ✓ Robot ENABLED — Point Queue Mode active. Servo ON!
[INFO] [1786963942.946553427] [cartesian_streamer]: Runtime rate: state=seeding, tick_hz=1.3, queue_send_hz=0.9, ack_hz=0.9, busy_hz=0.0, retry_count=0, reject_count=0, inter_ack_ms=98.4, max_joint_delta=0.090, cumul_time=0.00s, hold_count=0, ik_mode=Local, ik_avg_ms=3.80, ik_fails=138
[WARN] [1786963942.947021565] [cartesian_streamer]: Target stream stale: không có target mới trong 33.1s
[WARN] [1786963942.947439569] [cartesian_streamer]: QueueTrajPoint đã được accept nhưng joint_states hầu như không đổi. Kiểm tra: 1) Robot ở mode AUTO? 2) Servo ON? 3) E-stop cleared?
[INFO] [1786963942.948818236] [cartesian_streamer]: Bootstrap EE pose via FK: (-0.1620, 0.3090, 0.3882)
[INFO] [1786963942.949649575] [cartesian_streamer]: Đã gửi seed point (current joints, t=0), chờ ACK...
[INFO] [1786963943.014398192] [cartesian_streamer]: Bootstrap EE pose via FK: (-0.1620, 0.3090, 0.3882)
[INFO] [1786963943.080096991] [cartesian_streamer]: Bootstrap EE pose via FK: (-0.1620, 0.3090, 0.3882)
[INFO] [1786963943.146255303] [cartesian_streamer]: Bootstrap EE pose via FK: (-0.1620, 0.3090, 0.3882)
[INFO] [1786963943.173357009] [cartesian_streamer]: Seed ACK nhận được, bắt đầu prebuffer.
[WARN] [1786963943.350810194] [cartesian_streamer]: Queue BUSY, sẽ resend (backoff 66ms): msg="Busy processing the previous trajectory point. Please resend the next point shortly"
[INFO] [1786963944.013827881] [cartesian_streamer]: Pre-buffer hoàn tất (3 points), bắt đầu stream ổn định. Đang chờ target...
[WARN] [1786963945.079009494] [cartesian_streamer]: Service call timeout (500ms). Resetting inflight flag.
[WARN] [1786963945.612555739] [cartesian_streamer]: Service call timeout (500ms). Resetting inflight flag.
[INFO] [1786963946.008392038] [cartesian_streamer]: QueueTrajPoint accepted #860: t=1.732s, hold=True
[WARN] [1786963946.827010752] [cartesian_streamer]: Local IK failed 98x liên tiếp! Fallback sang MoveIt! IK...
[INFO] [1786963946.828239548] [cartesian_streamer]: IK delta clamped → joints: [1.501, 0.194, -0.933, -0.006, -0.476, -1.789]
[INFO] [1786963946.831029061] [cartesian_streamer]: IK OK → Δmax=0.0900 rad, joints: [1.501, 0.194, -0.933, -0.006, -0.476, -1.789]
[INFO] [1786963947.831972857] [cartesian_streamer]: QueueTrajPoint accepted #880: t=3.603s, hold=False
[INFO] [1786963948.012735099] [cartesian_streamer]: Runtime rate: state=streaming, tick_hz=15.0, queue_send_hz=7.1, ack_hz=6.7, busy_hz=0.2, retry_count=1, reject_count=0, inter_ack_ms=1114.7, max_joint_delta=0.090, cumul_time=3.74s, hold_count=0, ik_mode=Local, ik_avg_ms=3.93, ik_fails=147
[WARN] [1786963948.827355250] [cartesian_streamer]: Queue BUSY, sẽ resend (backoff 66ms): msg="Busy processing the previous trajectory point. Please resend the next point shortly"
[INFO] [1786963948.947978502] [cartesian_streamer]: IK delta clamped → joints: [1.500, 0.261, -0.668, -0.007, -0.579, -1.803]
[INFO] [1786963948.948526630] [cartesian_streamer]: IK OK → Δmax=0.0900 rad, joints: [1.500, 0.261, -0.668, -0.007, -0.579, -1.803]
[INFO] [1786963950.016976316] [cartesian_streamer]: QueueTrajPoint accepted #900: t=5.403s, hold=False
[INFO] [1786963951.014768216] [cartesian_streamer]: IK delta clamped → joints: [1.422, 0.514, -0.255, -0.010, -0.745, -1.725]
[INFO] [1786963951.015139423] [cartesian_streamer]: IK OK → Δmax=0.0900 rad, joints: [1.422, 0.514, -0.255, -0.010, -0.745, -1.725]
[INFO] [1786963951.709929004] [cartesian_streamer]: QueueTrajPoint accepted #920: t=7.137s, hold=False
[INFO] [1786963952.233496236] [cartesian_streamer]: Disable Robot: dừng stream, tắt traj mode...
[INFO] [1786963952.234084660] [cartesian_streamer]: ✗ Robot DISABLED.
[WARN] [1786963952.376029422] [cartesian_streamer]: ⚠ Queue mode bị drop! Auto-recovery lần 1/3...
[INFO] [1786963952.876982518] [cartesian_streamer]: Auto-recovery: bắt đầu re-enable queue mode...
[INFO] [1786963952.877393679] [cartesian_streamer]: Enable: reset_error...
[INFO] [1786963952.890402968] [cartesian_streamer]: reset_error: code=1, msg="success"
[INFO] [1786963952.890720374] [cartesian_streamer]: Enable: stop_traj_mode (giải phóng mode cũ)...
[INFO] [1786963952.944346198] [cartesian_streamer]: stop_traj_mode: success=True, code=N/A, msg=""
[INFO] [1786963952.944663233] [cartesian_streamer]: Enable: chờ 1.5s để hệ thống ổn định trước khi start queue...
[INFO] [1786963954.445795954] [cartesian_streamer]: Enable: StartPointQueueMode...
[INFO] [1786963954.892919514] [cartesian_streamer]: StartPointQueueMode response: code=1, msg=""
[INFO] [1786963954.893306480] [cartesian_streamer]: ✓ Robot ENABLED — Point Queue Mode active. Servo ON!
[INFO] [1786963954.946188270] [cartesian_streamer]: Runtime rate: state=seeding, tick_hz=9.2, queue_send_hz=6.5, ack_hz=6.3, busy_hz=0.1, retry_count=1, reject_count=1, inter_ack_ms=95.5, max_joint_delta=0.090, cumul_time=0.00s, hold_count=0, ik_mode=Local, ik_avg_ms=3.74, ik_fails=147
[WARN] [1786963954.946548536] [cartesian_streamer]: Target stream stale: không có target mới trong 2.7s
[INFO] [1786963954.947201952] [cartesian_streamer]: Bootstrap EE pose via FK: (-0.0257, 0.8215, 0.3059)
[INFO] [1786963954.947947060] [cartesian_streamer]: Đã gửi seed point (current joints, t=0), chờ ACK...
[INFO] [1786963954.964827011] [cartesian_streamer]: Seed ACK nhận được, bắt đầu prebuffer.
[INFO] [1786963955.423107889] [cartesian_streamer]: Pre-buffer hoàn tất (3 points), bắt đầu stream ổn định. Đang chờ target...
[INFO] [1786963956.752117520] [cartesian_streamer]: QueueTrajPoint accepted #940: t=1.531s, hold=True
[INFO] [1786963959.096550326] [cartesian_streamer]: QueueTrajPoint accepted #960: t=3.599s, hold=True
[INFO] [1786963960.012486513] [cartesian_streamer]: Runtime rate: state=streaming, tick_hz=15.0, queue_send_hz=7.9, ack_hz=7.7, busy_hz=0.0, retry_count=0, reject_count=0, inter_ack_ms=194.2, max_joint_delta=0.000, cumul_time=4.13s, hold_count=39, ik_mode=Local, ik_avg_ms=3.74, ik_fails=147
[WARN] [1786963960.012884730] [cartesian_streamer]: Target stream stale: không có target mới trong 7.8s
[INFO] [1786963961.558866186] [cartesian_streamer]: QueueTrajPoint accepted #980: t=5.667s, hold=True
[WARN] [1786963962.732330403] [cartesian_streamer]: ⚠ Queue mode bị drop! Auto-recovery lần 1/3...
[INFO] [1786963963.233229659] [cartesian_streamer]: Auto-recovery: bắt đầu re-enable queue mode...
[INFO] [1786963963.233766346] [cartesian_streamer]: Enable: reset_error...
[INFO] [1786963963.359589295] [cartesian_streamer]: reset_error: code=105, msg="Pendant is not in REMOTE mode"
[INFO] [1786963963.359898185] [cartesian_streamer]: Enable: stop_traj_mode (giải phóng mode cũ)...
[INFO] [1786963963.410474835] [cartesian_streamer]: stop_traj_mode: success=True, code=N/A, msg=""
[INFO] [1786963963.410890585] [cartesian_streamer]: Enable: chờ 1.5s để hệ thống ổn định trước khi start queue...
[INFO] [1786963964.912330201] [cartesian_streamer]: Enable: StartPointQueueMode...
[INFO] [1786963965.844627259] [cartesian_streamer]: StartPointQueueMode response: code=1, msg=""
[INFO] [1786963965.845086621] [cartesian_streamer]: ✓ Robot ENABLED — Point Queue Mode active. Servo ON!
[INFO] [1786963965.879830845] [cartesian_streamer]: Runtime rate: state=seeding, tick_hz=7.0, queue_send_hz=3.9, ack_hz=3.9, busy_hz=0.0, retry_count=0, reject_count=1, inter_ack_ms=126.3, max_joint_delta=0.000, cumul_time=0.00s, hold_count=0, ik_mode=Local, ik_avg_ms=3.74, ik_fails=147
[WARN] [1786963965.880178437] [cartesian_streamer]: Target stream stale: không có target mới trong 13.7s
[WARN] [1786963965.880474312] [cartesian_streamer]: QueueTrajPoint đã được accept nhưng joint_states hầu như không đổi. Kiểm tra: 1) Robot ở mode AUTO? 2) Servo ON? 3) E-stop cleared?
[INFO] [1786963965.881628669] [cartesian_streamer]: Bootstrap EE pose via FK: (-0.0257, 0.8215, 0.3059)
[INFO] [1786963965.883319431] [cartesian_streamer]: Đã gửi seed point (current joints, t=0), chờ ACK...
[INFO] [1786963965.947104036] [cartesian_streamer]: Bootstrap EE pose via FK: (-0.0257, 0.8215, 0.3059)
[INFO] [1786963966.008066525] [cartesian_streamer]: Seed ACK nhận được, bắt đầu prebuffer.
[INFO] [1786963966.262947753] [cartesian_streamer]: Pre-buffer hoàn tất (3 points), bắt đầu stream ổn định. Đang chờ target...
[INFO] [1786963967.230456367] [cartesian_streamer]: QueueTrajPoint accepted #1000: t=1.262s, hold=True
[WARN] [1786963969.351052541] [cartesian_streamer]: Queue BUSY, sẽ resend (backoff 66ms): msg="Busy processing the previous trajectory point. Please resend the next point shortly"
[WARN] [1786963969.846280562] [cartesian_streamer]: ⚠ Queue mode bị drop! Auto-recovery lần 1/3...
[INFO] [1786963970.347850578] [cartesian_streamer]: Auto-recovery: bắt đầu re-enable queue mode...
[INFO] [1786963970.348232745] [cartesian_streamer]: Enable: reset_error...
[INFO] [1786963970.363157220] [cartesian_streamer]: reset_error: code=105, msg="Pendant is not in REMOTE mode"
[INFO] [1786963970.363573922] [cartesian_streamer]: Enable: stop_traj_mode (giải phóng mode cũ)...
[INFO] [1786963970.612632386] [cartesian_streamer]: stop_traj_mode: success=True, code=N/A, msg=""
[INFO] [1786963970.612968957] [cartesian_streamer]: Enable: chờ 1.5s để hệ thống ổn định trước khi start queue...
[INFO] [1786963972.114188243] [cartesian_streamer]: Enable: StartPointQueueMode...
[INFO] [1786963973.699643563] [cartesian_streamer]: StartPointQueueMode response: code=1, msg=""
[INFO] [1786963973.700044566] [cartesian_streamer]: ✓ Robot ENABLED — Point Queue Mode active. Servo ON!
[INFO] [1786963973.745683927] [cartesian_streamer]: Runtime rate: state=seeding, tick_hz=7.6, queue_send_hz=4.3, ack_hz=4.1, busy_hz=0.1, retry_count=1, reject_count=1, inter_ack_ms=220.1, max_joint_delta=0.000, cumul_time=0.00s, hold_count=0, ik_mode=Local, ik_avg_ms=3.74, ik_fails=147
[WARN] [1786963973.746285576] [cartesian_streamer]: Target stream stale: không có target mới trong 21.5s
[WARN] [1786963973.746606408] [cartesian_streamer]: QueueTrajPoint đã được accept nhưng joint_states hầu như không đổi. Kiểm tra: 1) Robot ở mode AUTO? 2) Servo ON? 3) E-stop cleared?
[INFO] [1786963973.747672969] [cartesian_streamer]: Bootstrap EE pose via FK: (-0.0256, 0.8215, 0.3060)
[INFO] [1786963973.748354548] [cartesian_streamer]: Đã gửi seed point (current joints, t=0), chờ ACK...
[INFO] [1786963973.754289435] [cartesian_streamer]: Seed ACK nhận được, bắt đầu prebuffer.
[INFO] [1786963973.754837704] [cartesian_streamer]: QueueTrajPoint accepted #1020: t=0.000s, hold=False
[INFO] [1786963974.032168359] [cartesian_streamer]: Pre-buffer hoàn tất (3 points), bắt đầu stream ổn định. Đang chờ target...
[WARN] [1786963974.519392428] [cartesian_streamer]: ⚠ Queue mode bị drop! Auto-recovery lần 1/3...
[INFO] [1786963975.020030470] [cartesian_streamer]: Auto-recovery: bắt đầu re-enable queue mode...
[INFO] [1786963975.020322037] [cartesian_streamer]: Enable: reset_error...
[INFO] [1786963975.043454405] [cartesian_streamer]: reset_error: code=1, msg="success"
[INFO] [1786963975.044054972] [cartesian_streamer]: Enable: stop_traj_mode (giải phóng mode cũ)...
[INFO] [1786963975.280965324] [cartesian_streamer]: stop_traj_mode: success=True, code=N/A, msg=""
[INFO] [1786963975.281292407] [cartesian_streamer]: Enable: chờ 1.5s để hệ thống ổn định trước khi start queue...
[INFO] [1786963976.782606600] [cartesian_streamer]: Enable: StartPointQueueMode...
[INFO] [1786963976.913769058] [cartesian_streamer]: StartPointQueueMode response: code=1, msg=""
[INFO] [1786963976.914194927] [cartesian_streamer]: ✓ Robot ENABLED — Point Queue Mode active. Servo ON!
[INFO] [1786963976.948688535] [cartesian_streamer]: Bootstrap EE pose via FK: (-0.0256, 0.8215, 0.3060)
[INFO] [1786963976.949318798] [cartesian_streamer]: Đã gửi seed point (current joints, t=0), chờ ACK...
[INFO] [1786963976.955197569] [cartesian_streamer]: Seed ACK nhận được, bắt đầu prebuffer.
[INFO] [1786963977.340533189] [cartesian_streamer]: Pre-buffer hoàn tất (3 points), bắt đầu stream ổn định. Đang chờ target...
[WARN] [1786963978.354262808] [cartesian_streamer]: Queue BUSY, sẽ resend (backoff 66ms): msg="Busy processing the previous trajectory point. Please resend the next point shortly"
[INFO] [1786963978.745925065] [cartesian_streamer]: Runtime rate: state=streaming, tick_hz=7.8, queue_send_hz=4.6, ack_hz=4.0, busy_hz=0.4, retry_count=2, reject_count=1, inter_ack_ms=416.8, max_joint_delta=0.000, cumul_time=0.93s, hold_count=13, ik_mode=Local, ik_avg_ms=3.74, ik_fails=147
[WARN] [1786963978.746590804] [cartesian_streamer]: Target stream stale: không có target mới trong 26.5s
[INFO] [1786963978.995521491] [cartesian_streamer]: QueueTrajPoint accepted #1040: t=1.063s, hold=True
[WARN] [1786963979.427846277] [cartesian_streamer]: Queue BUSY, sẽ resend (backoff 66ms): msg="Busy processing the previous trajectory point. Please resend the next point shortly"
[WARN] [1786963980.506465098] [cartesian_streamer]: Queue BUSY, sẽ resend (backoff 66ms): msg="Busy processing the previous trajectory point. Please resend the next point shortly"
[WARN] [1786963981.683169696] [cartesian_streamer]: Queue BUSY, sẽ resend (backoff 66ms): msg="Busy processing the previous trajectory point. Please resend the next point shortly"
[WARN] [1786963982.386954408] [cartesian_streamer]: ⚠ Queue mode bị drop! Auto-recovery lần 1/3...
[INFO] [1786963982.888989706] [cartesian_streamer]: Auto-recovery: bắt đầu re-enable queue mode...
[INFO] [1786963982.889668890] [cartesian_streamer]: Enable: reset_error...
[INFO] [1786963982.898963302] [cartesian_streamer]: reset_error: code=1, msg="success"
[INFO] [1786963982.899514697] [cartesian_streamer]: Enable: stop_traj_mode (giải phóng mode cũ)...
[INFO] [1786963982.945324833] [cartesian_streamer]: stop_traj_mode: success=True, code=N/A, msg=""
[INFO] [1786963982.946940094] [cartesian_streamer]: Enable: chờ 1.5s để hệ thống ổn định trước khi start queue...
[INFO] [1786963984.448318376] [cartesian_streamer]: Enable: StartPointQueueMode...
[INFO] [1786963985.910880569] [cartesian_streamer]: StartPointQueueMode response: code=102, msg="The controller has an active Error: Can't start 'INIT_ROS' because: 'Wrong operation mode' (0x2080)"
[ERROR] [1786963985.911153541] [cartesian_streamer]: StartPointQueueMode FAILED: The controller has an active Error: Can't start 'INIT_ROS' because: 'Wrong operation mode' (0x2080)
