[INFO] [1786334408.761347269] [trajectory_predictor]: [Predictor] Worker launched (pid=17233)
[INFO] [1786334408.761824324] [trajectory_predictor]: [Predictor] Started | model=svgp | window=10 | auto_start=True
  Output Filter: enabled=True, ema_alpha=0.15, max_dev=0.08, max_rate=0.01
[WARN] [1786334409.870354926] [trajectory_predictor]: [Worker STDERR] /usr/lib/python3/dist-packages/scipy/__init__.py:146: UserWarning: A NumPy version >=1.17.3 and <1.25.0 is required for this version of SciPy (detected version 1.26.4
[WARN] [1786334409.870655684] [trajectory_predictor]: [Worker STDERR] warnings.warn(f"A NumPy version >={np_minversion} and <{np_maxversion}"
[WARN] [1786334410.712110818] [trajectory_predictor]: [Worker STDERR] /home/hungnb/.local/lib/python3.10/site-packages/sklearn/base.py:442: InconsistentVersionWarning: Trying to unpickle estimator StandardScaler from version 1.7.1 when using version 1.7.2. This might lead to breaking code or invalid results. Use at your own risk. For more info please refer to:
[WARN] [1786334410.712805577] [trajectory_predictor]: [Worker STDERR] https://scikit-learn.org/stable/model_persistence.html#security-maintainability-limitations
[WARN] [1786334410.713105714] [trajectory_predictor]: [Worker STDERR] warnings.warn(
[INFO] [1786334410.718409654] [trajectory_predictor]: [Worker] TF 2.15.0 and sklearn loaded
[INFO] [1786334411.879502829] [trajectory_predictor]: [Predictor] Worker READY | model=svgp
[INFO] [1786334424.039397684] [trajectory_predictor]: [Predictor] Switching model → svgp
[INFO] [1786334424.040419620] [trajectory_predictor]: [Hybrid] Mode DISABLED (GRU only)
[INFO] [1786334424.074381777] [trajectory_predictor]: [Predictor] Model switched to svgp
[INFO] [1786334431.928517161] [trajectory_predictor]: [Filter] raw=(0.1585,-1.7517,-0.0035) → filt=(0.1431,-2.2180,-0.0035) Δ=(0.0154,0.4663,0.0000)
[INFO] [1786334438.728932944] [trajectory_predictor]: [Filter] raw=(0.0359,-0.1083,0.0039) → filt=(0.0277,-2.0634,0.0060) Δ=(0.0083,1.9550,0.0021)
[INFO] [1786334443.032236017] [trajectory_predictor]: [Predictor] Predicting STOPPED
[INFO] [1786334468.114737183] [trajectory_predictor]: [Predictor] Predicting STARTED
[INFO] [1786334470.723403473] [trajectory_predictor]: [Filter] raw=(-0.0631,0.2937,0.3564) → filt=(-0.0322,-0.0705,0.0792) Δ=(0.0309,0.3641,0.2772)
[INFO] [1786334477.290360189] [trajectory_predictor]: [Filter] raw=(0.1121,0.6877,0.1001) → filt=(-0.0441,0.2295,0.1618) Δ=(0.1563,0.4582,0.0617)
[INFO] [1786334484.095251642] [trajectory_predictor]: [Filter] raw=(0.0467,0.3260,0.1241) → filt=(0.0481,0.4943,0.2175) Δ=(0.0015,0.1683,0.0933)
[INFO] [1786334486.622087338] [trajectory_predictor]: [Predictor] Predicting STOPPED
[INFO] [1786334487.907507296] [trajectory_predictor]: [Predictor] Predicting STOPPED
[INFO] [1786334496.741417062] [trajectory_predictor]: [Predictor] Buffer cleared (no data for 1.3s)
[INFO] [1786334608.219474791] [trajectory_predictor]: [Predictor] Predicting STOPPED
