[INFO] [1785738270.265423066] [cartesian_streamer]: CartesianStreamer khởi động (chờ Enable Robot từ UI).
  Stream rate:       15 Hz (period=66.7ms)
  Queue dt:          0.067 s
  Prebuffer points:  3
  Retry backoff:     66.0 ms
  Gửi PoseStamped lên: /cartesian_streamer/target_pose
  Gửi XYZ lên:        /cartesian_streamer/target_xyz
  Nhận EE pose tại:   /cartesian_streamer/current_pose
[INFO] [1785738270.747073086] [cartesian_streamer]: Chờ /joint_states...
[INFO] [1785738272.747419098] [cartesian_streamer]: Chờ /joint_states...
[INFO] [1785738274.748092780] [cartesian_streamer]: Chờ /joint_states...
[INFO] [1785738277.247949287] [cartesian_streamer]: Chờ /joint_states...
[INFO] [1785738279.747667221] [cartesian_streamer]: Chờ /joint_states...
[INFO] [1785738281.747743676] [cartesian_streamer]: Chờ /joint_states...
[INFO] [1785738283.747859340] [cartesian_streamer]: Chờ /joint_states...
[INFO] [1785738285.747981331] [cartesian_streamer]: Chờ /joint_states...
[INFO] [1785738288.247756438] [cartesian_streamer]: Chờ /joint_states...
[INFO] [1785738290.248123217] [cartesian_streamer]: Chờ /joint_states...
[INFO] [1785738292.249243356] [cartesian_streamer]: Chờ /joint_states...
[INFO] [1785738294.747392058] [cartesian_streamer]: Chờ /joint_states...
[INFO] [1785738296.747719496] [cartesian_streamer]: Chờ /joint_states...
[INFO] [1785738298.748297859] [cartesian_streamer]: Chờ /joint_states...
[INFO] [1785738301.247742524] [cartesian_streamer]: Chờ /joint_states...
[INFO] [1785738303.248705276] [cartesian_streamer]: Chờ /joint_states...
[INFO] [1785738305.747960862] [cartesian_streamer]: Chờ /joint_states...
[INFO] [1785738308.247572970] [cartesian_streamer]: Chờ /joint_states...
[INFO] [1785738310.247731989] [cartesian_streamer]: Chờ /joint_states...
[INFO] [1785738312.247934072] [cartesian_streamer]: Chờ /joint_states...
[INFO] [1785738314.748194143] [cartesian_streamer]: Chờ /joint_states...
[INFO] [1785738317.247921734] [cartesian_streamer]: Chờ /joint_states...
[INFO] [1785738319.747601757] [cartesian_streamer]: Chờ /joint_states...
[INFO] [1785738321.747844584] [cartesian_streamer]: Chờ /joint_states...
[INFO] [1785738324.247813562] [cartesian_streamer]: Chờ /joint_states...
[INFO] [1785738326.248237221] [cartesian_streamer]: Chờ /joint_states...
[INFO] [1785738328.746896961] [cartesian_streamer]: Chờ /joint_states...
[INFO] [1785738330.747804462] [cartesian_streamer]: Chờ /joint_states...
[INFO] [1785738332.747867278] [cartesian_streamer]: Chờ /joint_states...
[INFO] [1785738335.247330907] [cartesian_streamer]: Chờ /joint_states...
[INFO] [1785738337.247488052] [cartesian_streamer]: Chờ /joint_states...
[INFO] [1785738339.748044113] [cartesian_streamer]: Chờ /joint_states...
[INFO] [1785738342.247934633] [cartesian_streamer]: Chờ /joint_states...
[INFO] [1785738344.248356876] [cartesian_streamer]: Chờ /joint_states...
[INFO] [1785738346.747364234] [cartesian_streamer]: Chờ /joint_states...
[INFO] [1785738348.748128089] [cartesian_streamer]: Chờ /joint_states...
[INFO] [1785738351.247985081] [cartesian_streamer]: Chờ /joint_states...
[INFO] [1785738353.248090948] [cartesian_streamer]: Chờ /joint_states...
[INFO] [1785738355.747961522] [cartesian_streamer]: Chờ /joint_states...
[INFO] [1785738358.248234649] [cartesian_streamer]: Chờ /joint_states...
[INFO] [1785738360.248523798] [cartesian_streamer]: Chờ /joint_states...
[INFO] [1785738362.747873767] [cartesian_streamer]: Chờ /joint_states...
[INFO] [1785738365.247486846] [cartesian_streamer]: Chờ /joint_states...
[INFO] [1785738367.247823429] [cartesian_streamer]: Chờ /joint_states...
[INFO] [1785738369.748170331] [cartesian_streamer]: Chờ /joint_states...
[INFO] [1785738372.247708180] [cartesian_streamer]: Chờ /joint_states...
[INFO] [1785738374.247774168] [cartesian_streamer]: Chờ /joint_states...
[INFO] [1785738376.747708164] [cartesian_streamer]: Chờ /joint_states...
[INFO] [1785738378.748864848] [cartesian_streamer]: Chờ /joint_states...
[INFO] [1785738381.247719768] [cartesian_streamer]: Chờ /joint_states...
[INFO] [1785738383.747338167] [cartesian_streamer]: Chờ /joint_states...
[INFO] [1785738385.747397661] [cartesian_streamer]: Chờ /joint_states...
[INFO] [1785738387.747998942] [cartesian_streamer]: Chờ /joint_states...
[INFO] [1785738390.247395451] [cartesian_streamer]: Chờ /joint_states...
[INFO] [1785738392.247774839] [cartesian_streamer]: Chờ /joint_states...
[INFO] [1785738394.747403425] [cartesian_streamer]: Chờ /joint_states...
[INFO] [1785738396.747613719] [cartesian_streamer]: Chờ /joint_states...
[INFO] [1785738398.747807319] [cartesian_streamer]: Chờ /joint_states...
[INFO] [1785738401.247694425] [cartesian_streamer]: Chờ /joint_states...
[INFO] [1785738403.247987906] [cartesian_streamer]: Chờ /joint_states...
[INFO] [1785738405.747744655] [cartesian_streamer]: Chờ /joint_states...
[INFO] [1785738407.748071070] [cartesian_streamer]: Chờ /joint_states...
[INFO] [1785738410.247723491] [cartesian_streamer]: Chờ /joint_states...
[INFO] [1785738412.747881274] [cartesian_streamer]: Chờ /joint_states...
[INFO] [1785738415.247312384] [cartesian_streamer]: Chờ /joint_states...
[INFO] [1785738417.247623721] [cartesian_streamer]: Chờ /joint_states...
[INFO] [1785738419.247685005] [cartesian_streamer]: Chờ /joint_states...
[INFO] [1785738421.247697755] [cartesian_streamer]: Chờ /joint_states...
[INFO] [1785738423.747818244] [cartesian_streamer]: Chờ /joint_states...
[INFO] [1785738425.747876079] [cartesian_streamer]: Chờ /joint_states...
[INFO] [1785738428.247220304] [cartesian_streamer]: Chờ /joint_states...
[INFO] [1785738430.747658947] [cartesian_streamer]: Chờ /joint_states...
[INFO] [1785738433.247597491] [cartesian_streamer]: Chờ /joint_states...
[INFO] [1785738435.247868882] [cartesian_streamer]: Chờ /joint_states...
[INFO] [1785738437.747442244] [cartesian_streamer]: Chờ /joint_states...
[INFO] [1785738439.747928628] [cartesian_streamer]: Chờ /joint_states...
[INFO] [1785738442.247353192] [cartesian_streamer]: Chờ /joint_states...
[INFO] [1785738444.247943279] [cartesian_streamer]: Chờ /joint_states...
[INFO] [1785738446.248362260] [cartesian_streamer]: Chờ /joint_states...
[INFO] [1785738448.747401384] [cartesian_streamer]: Chờ /joint_states...
[INFO] [1785738450.747724442] [cartesian_streamer]: Chờ /joint_states...
[INFO] [1785738453.247552971] [cartesian_streamer]: Chờ /joint_states...
[INFO] [1785738455.247875094] [cartesian_streamer]: Chờ /joint_states...
[INFO] [1785738457.748173077] [cartesian_streamer]: Chờ /joint_states...
[INFO] [1785738460.247980526] [cartesian_streamer]: Chờ /joint_states...
[INFO] [1785738462.747658040] [cartesian_streamer]: Chờ /joint_states...
[INFO] [1785738464.747972547] [cartesian_streamer]: Chờ /joint_states...
[INFO] [1785738467.247791587] [cartesian_streamer]: Chờ /joint_states...
[INFO] [1785738469.747688611] [cartesian_streamer]: Chờ /joint_states...
[INFO] [1785738472.247664331] [cartesian_streamer]: Chờ /joint_states...
[INFO] [1785738474.747784862] [cartesian_streamer]: Chờ /joint_states...
[INFO] [1785738477.247782098] [cartesian_streamer]: Chờ /joint_states...
[INFO] [1785738479.247826063] [cartesian_streamer]: Chờ /joint_states...
[INFO] [1785738481.247940194] [cartesian_streamer]: Chờ /joint_states...
[INFO] [1785738483.248030443] [cartesian_streamer]: Chờ /joint_states...
[INFO] [1785738485.747880811] [cartesian_streamer]: Chờ /joint_states...
[INFO] [1785738487.748353693] [cartesian_streamer]: Chờ /joint_states...
[INFO] [1785738490.247569722] [cartesian_streamer]: Chờ /joint_states...
[INFO] [1785738492.247807795] [cartesian_streamer]: Chờ /joint_states...
[INFO] [1785738494.747744166] [cartesian_streamer]: Chờ /joint_states...
[INFO] [1785738496.747943336] [cartesian_streamer]: Chờ /joint_states...
[INFO] [1785738498.748398673] [cartesian_streamer]: Chờ /joint_states...
[INFO] [1785738501.248490240] [cartesian_streamer]: Chờ /joint_states...
[INFO] [1785738503.747792409] [cartesian_streamer]: Chờ /joint_states...
[INFO] [1785738505.748257506] [cartesian_streamer]: Chờ /joint_states...
[INFO] [1785738508.247736112] [cartesian_streamer]: Chờ /joint_states...
[INFO] [1785738510.748078554] [cartesian_streamer]: Chờ /joint_states...
[INFO] [1785738513.247998429] [cartesian_streamer]: Chờ /joint_states...
[INFO] [1785738515.747384339] [cartesian_streamer]: Chờ /joint_states...
[INFO] [1785738518.247995231] [cartesian_streamer]: Chờ /joint_states...
[INFO] [1785738520.248429017] [cartesian_streamer]: Chờ /joint_states...
[INFO] [1785738522.248773149] [cartesian_streamer]: Chờ /joint_states...
[INFO] [1785738524.748630267] [cartesian_streamer]: Chờ /joint_states...
[INFO] [1785738527.247384190] [cartesian_streamer]: Chờ /joint_states...
[INFO] [1785738529.247807240] [cartesian_streamer]: Chờ /joint_states...
[INFO] [1785738531.748333392] [cartesian_streamer]: Chờ /joint_states...
[INFO] [1785738534.248756478] [cartesian_streamer]: Chờ /joint_states...
[INFO] [1785738536.746797676] [cartesian_streamer]: Chờ /joint_states...
[INFO] [1785738537.412006798] [cartesian_streamer]: Graceful shutdown: tắt Point Queue Mode trước khi thoát...
[INFO] [1785738537.413538307] [cartesian_streamer]: Robot chưa enable, không cần stop_traj_mode.
[INFO] [1785738537.414057313] [cartesian_streamer]: Shutdown hoàn tất. Tủ điện sẽ KHÔNG bị alarm.
