[INFO] [1786701543.192284474] [trajectory_predictor]: [Predictor] Worker launched (pid=81728)
[INFO] [1786701543.192707120] [trajectory_predictor]: [Predictor] Started | model=svgp | window=10 | auto_start=True
  Output Filter: enabled=True, ema_alpha=1.0, max_dev=0.08, max_rate=0.02
[WARN] [1786701544.341951405] [trajectory_predictor]: [Worker STDERR] /usr/lib/python3/dist-packages/scipy/__init__.py:146: UserWarning: A NumPy version >=1.17.3 and <1.25.0 is required for this version of SciPy (detected version 1.26.4
[WARN] [1786701544.342536967] [trajectory_predictor]: [Worker STDERR] warnings.warn(f"A NumPy version >={np_minversion} and <{np_maxversion}"
[INFO] [1786701545.172512260] [trajectory_predictor]: [Worker] TF 2.15.0 and sklearn loaded
[INFO] [1786701546.199305186] [trajectory_predictor]: [Predictor] Worker READY | model=svgp
[INFO] [1786701552.169713376] [trajectory_predictor]: [Filter] raw=(0.0600,0.3398,0.0483) → filt=(0.2403,-2.7090,-0.1417) Δ=(0.1804,3.0488,0.1900)
[INFO] [1786701558.176109566] [trajectory_predictor]: [Hybrid] FOLLOWER -> LEADER | x_0=(0.2428,-2.7324,-0.1388) | GOAL=(-0.1528,0.5660,-0.0325) | t_f=6.56s | 197 steps @ 30Hz | GRU worker dừng gửi lệnh predict (tiết kiệm tài nguyên)
[INFO] [1786701564.739958244] [trajectory_predictor]: ✅ [MJM] ĐÃ CHẠM ĐÍCH (GOAL REACHED)!
[INFO] [1786701565.092438370] [trajectory_predictor]: [Predictor] Predicting STOPPED
[INFO] [1786701573.528031824] [trajectory_predictor]: [Predictor] Predicting STOPPED
[INFO] [1786701580.916232223] [trajectory_predictor]: [Predictor] Auto-enabled prediction mode via /trajectory_mode
[INFO] [1786701582.204302933] [trajectory_predictor]: [Filter] raw=(0.2086,-0.3361,-0.0044) → filt=(0.2086,-0.3361,-0.0044) Δ=(0.0000,0.0000,0.0000)
[INFO] [1786701583.455524118] [trajectory_predictor]: [Predictor] Switching model → svgp
[INFO] [1786701583.456299154] [trajectory_predictor]: [Hybrid] Mode ENABLED (GRU+MJM). Timer T_SWITCH sẽ bắt đầu khi Start Run.
[INFO] [1786701583.475172401] [trajectory_predictor]: [Predictor] Model switched to svgp
[INFO] [1786701585.739524121] [trajectory_predictor]: [Predictor] Predicting STOPPED
[INFO] [1786701606.981880405] [trajectory_predictor]: [Predictor] Predicting STARTED
[INFO] [1786701610.192206044] [trajectory_predictor]: [Filter] raw=(0.1650,0.1139,0.1326) → filt=(0.1650,0.1139,0.1326) Δ=(0.0000,0.0000,0.0000)
[INFO] [1786701613.009279326] [trajectory_predictor]: [Hybrid] FOLLOWER -> LEADER | x_0=(0.1041,0.4416,0.0858) | GOAL=(-0.1528,0.5660,-0.0325) | t_f=4.29s | 129 steps @ 30Hz | GRU worker dừng gửi lệnh predict (tiết kiệm tài nguyên)
[INFO] [1786701617.305670614] [trajectory_predictor]: ✅ [MJM] ĐÃ CHẠM ĐÍCH (GOAL REACHED)!
[INFO] [1786701646.173195952] [trajectory_predictor]: [Predictor] Buffer cleared (no data for 1.7s)
[INFO] [1786701649.172575806] [trajectory_predictor]: [Predictor] Buffer cleared (no data for 1.7s)
[INFO] [1786701657.172637330] [trajectory_predictor]: [Predictor] Buffer cleared (no data for 1.9s)
[INFO] [1786701772.173517732] [trajectory_predictor]: [Predictor] Buffer cleared (no data for 1.2s)
[INFO] [1786701775.173101360] [trajectory_predictor]: [Predictor] Buffer cleared (no data for 1.4s)
[INFO] [1786701783.172594556] [trajectory_predictor]: [Predictor] Buffer cleared (no data for 1.3s)
[INFO] [1786701787.172394550] [trajectory_predictor]: [Predictor] Buffer cleared (no data for 1.6s)
[INFO] [1786701792.174322221] [trajectory_predictor]: [Predictor] Buffer cleared (no data for 1.0s)
[INFO] [1786701798.174041689] [trajectory_predictor]: [Predictor] Buffer cleared (no data for 1.4s)
[INFO] [1786701801.173469105] [trajectory_predictor]: [Predictor] Buffer cleared (no data for 1.0s)
[INFO] [1786701808.173450889] [trajectory_predictor]: [Predictor] Buffer cleared (no data for 1.5s)
[INFO] [1786701818.173030868] [trajectory_predictor]: [Predictor] Buffer cleared (no data for 1.3s)
[INFO] [1786701820.173316177] [trajectory_predictor]: [Predictor] Buffer cleared (no data for 1.4s)
[INFO] [1786701828.173269144] [trajectory_predictor]: [Predictor] Buffer cleared (no data for 1.8s)
[INFO] [1786701830.174281957] [trajectory_predictor]: [Predictor] Buffer cleared (no data for 1.2s)
[INFO] [1786701832.174501360] [trajectory_predictor]: [Predictor] Buffer cleared (no data for 1.6s)
[INFO] [1786701840.173027514] [trajectory_predictor]: [Predictor] Buffer cleared (no data for 1.8s)
[INFO] [1786701861.172646104] [trajectory_predictor]: [Predictor] Buffer cleared (no data for 1.2s)
