[INFO] [1786421269.773576918] [experiment_logger]: ✓ STARTED in-memory logging. Target file: /home/hungnb/cocarry_ws/cocarry_logs/experiment_GROUND_TRUTH_20260811_110749.csv
[INFO] [1786421269.792907936] [experiment_logger]: Logger ready.
[INFO] [1786421288.557791795] [experiment_logger]: Trajectory mode: prediction
[INFO] [1786421300.760787980] [experiment_logger]: Service called: /logger/toggle with data=False
[INFO] [1786421300.761101619] [experiment_logger]: Writing 431 rows from memory to /home/hungnb/cocarry_ws/cocarry_logs/experiment_GROUND_TRUTH_20260811_110749.csv...
[INFO] [1786421300.763286255] [experiment_logger]: ✓ Successfully wrote logs to disk.
[INFO] [1786421300.763890229] [experiment_logger]: Stopped logging. Saved 431 rows to /home/hungnb/cocarry_ws/cocarry_logs/experiment_GROUND_TRUTH_20260811_110749.csv
[INFO] [1786421300.766863168] [experiment_logger]: 
============================================================
EXPERIMENT METRICS
  File: experiment_GROUND_TRUTH_20260811_110749.csv
  Total samples: 431
  Task completion time: 31.01 s
  --- Prediction Accuracy (over 366 samples) ---
  Avg Inference Time: 0.00 ms
  Mean Squared Error (MSE): 7.502806 m²
  Mean Absolute Error (MAE - 3D): 2.6214 m
      MAE X: 0.2584 m
      MAE Y: 2.5950 m
      MAE Z: 0.2593 m
  Jerk: insufficient EE data for calculation
============================================================
[INFO] [1786421388.757653080] [experiment_logger]: Service called: /logger/toggle with data=True
[INFO] [1786421388.757968727] [experiment_logger]: ✓ STARTED in-memory logging. Target file: /home/hungnb/cocarry_ws/cocarry_logs/experiment_SVGP+MJM_20260811_110948.csv
[INFO] [1786421400.917494318] [experiment_logger]: Service called: /logger/toggle with data=False
[INFO] [1786421400.917971230] [experiment_logger]: Writing 353 rows from memory to /home/hungnb/cocarry_ws/cocarry_logs/experiment_SVGP+MJM_20260811_110948.csv...
[INFO] [1786421400.924171544] [experiment_logger]: ✓ Successfully wrote logs to disk.
[INFO] [1786421400.927937769] [experiment_logger]: Stopped logging. Saved 353 rows to /home/hungnb/cocarry_ws/cocarry_logs/experiment_SVGP+MJM_20260811_110948.csv
[INFO] [1786421400.932767954] [experiment_logger]: 
============================================================
EXPERIMENT METRICS
  File: experiment_SVGP+MJM_20260811_110948.csv
  Total samples: 353
  Task completion time: 12.16 s
  --- Prediction Accuracy (over 353 samples) ---
  Avg Inference Time: 14.04 ms
  Mean Squared Error (MSE): 0.060039 m²
  Mean Absolute Error (MAE - 3D): 0.1678 m
      MAE X: 0.0448 m
      MAE Y: 0.0745 m
      MAE Z: 0.1393 m
  --- Trajectory Smoothness (Robot EE) ---
  Mean Jerk (3D): 10.8740 m/s³
      Jerk X: 3.3258 m/s³
      Jerk Y: 7.1724 m/s³
      Jerk Z: 7.0204 m/s³
  Max Jerk (3D): 104.6816 m/s³
  RMS Jerk (3D): 19.7289 m/s³
============================================================
[INFO] [1786421404.782785304] [experiment_logger]: Service called: /logger/toggle with data=False
[INFO] [1786421436.564161185] [experiment_logger]: Service called: /logger/toggle with data=True
[INFO] [1786421436.564713807] [experiment_logger]: ✓ STARTED in-memory logging. Target file: /home/hungnb/cocarry_ws/cocarry_logs/experiment_SVGP+MJM_20260811_111036.csv
[INFO] [1786421449.519596688] [experiment_logger]: Service called: /logger/toggle with data=False
[INFO] [1786421449.520458546] [experiment_logger]: Writing 367 rows from memory to /home/hungnb/cocarry_ws/cocarry_logs/experiment_SVGP+MJM_20260811_111036.csv...
[INFO] [1786421449.523006336] [experiment_logger]: ✓ Successfully wrote logs to disk.
[INFO] [1786421449.523723200] [experiment_logger]: Stopped logging. Saved 367 rows to /home/hungnb/cocarry_ws/cocarry_logs/experiment_SVGP+MJM_20260811_111036.csv
[INFO] [1786421449.527403829] [experiment_logger]: 
============================================================
EXPERIMENT METRICS
  File: experiment_SVGP+MJM_20260811_111036.csv
  Total samples: 367
  Task completion time: 12.96 s
  --- Prediction Accuracy (over 367 samples) ---
  Avg Inference Time: 13.66 ms
  Mean Squared Error (MSE): 0.060678 m²
  Mean Absolute Error (MAE - 3D): 0.1746 m
      MAE X: 0.0314 m
      MAE Y: 0.1061 m
      MAE Z: 0.1280 m
  --- Trajectory Smoothness (Robot EE) ---
  Mean Jerk (3D): 15.5142 m/s³
      Jerk X: 4.7719 m/s³
      Jerk Y: 10.6983 m/s³
      Jerk Z: 9.2592 m/s³
  Max Jerk (3D): 110.4396 m/s³
  RMS Jerk (3D): 25.1028 m/s³
============================================================
[INFO] [1786421452.879486577] [experiment_logger]: Service called: /logger/toggle with data=True
[INFO] [1786421452.880001696] [experiment_logger]: ✓ STARTED in-memory logging. Target file: /home/hungnb/cocarry_ws/cocarry_logs/experiment_SVGP+MJM_20260811_111052.csv
[INFO] [1786421453.662410314] [experiment_logger]: Service called: /logger/toggle with data=False
[INFO] [1786421453.662699801] [experiment_logger]: Writing 23 rows from memory to /home/hungnb/cocarry_ws/cocarry_logs/experiment_SVGP+MJM_20260811_111052.csv...
[INFO] [1786421453.663217786] [experiment_logger]: ✓ Successfully wrote logs to disk.
[INFO] [1786421453.663494558] [experiment_logger]: Stopped logging. Saved 23 rows to /home/hungnb/cocarry_ws/cocarry_logs/experiment_SVGP+MJM_20260811_111052.csv
[INFO] [1786421453.664127358] [experiment_logger]: 
============================================================
EXPERIMENT METRICS
  File: experiment_SVGP+MJM_20260811_111052.csv
  Total samples: 23
  Task completion time: 0.78 s
  --- Prediction Accuracy (over 23 samples) ---
  Avg Inference Time: 23.61 ms
  Mean Squared Error (MSE): 0.000026 m²
  Mean Absolute Error (MAE - 3D): 0.0051 m
      MAE X: 0.0039 m
      MAE Y: 0.0021 m
      MAE Z: 0.0024 m
  Jerk: insufficient EE data for calculation
============================================================
[INFO] [1786421456.761849845] [experiment_logger]: Service called: /logger/toggle with data=False
[INFO] [1786421487.765299965] [experiment_logger]: Service called: /logger/toggle with data=True
[INFO] [1786421487.765805352] [experiment_logger]: ✓ STARTED in-memory logging. Target file: /home/hungnb/cocarry_ws/cocarry_logs/experiment_SVGP+MJM_20260811_111127.csv
[INFO] [1786421504.451542135] [experiment_logger]: Service called: /logger/toggle with data=False
[INFO] [1786421504.451954875] [experiment_logger]: Writing 476 rows from memory to /home/hungnb/cocarry_ws/cocarry_logs/experiment_SVGP+MJM_20260811_111127.csv...
[INFO] [1786421504.468405573] [experiment_logger]: ✓ Successfully wrote logs to disk.
[INFO] [1786421504.470923368] [experiment_logger]: Stopped logging. Saved 476 rows to /home/hungnb/cocarry_ws/cocarry_logs/experiment_SVGP+MJM_20260811_111127.csv
[INFO] [1786421504.485073320] [experiment_logger]: 
============================================================
EXPERIMENT METRICS
  File: experiment_SVGP+MJM_20260811_111127.csv
  Total samples: 476
  Task completion time: 16.69 s
  --- Prediction Accuracy (over 476 samples) ---
  Avg Inference Time: 9.71 ms
  Mean Squared Error (MSE): 0.066491 m²
  Mean Absolute Error (MAE - 3D): 0.2051 m
      MAE X: 0.0766 m
      MAE Y: 0.1239 m
      MAE Z: 0.1355 m
  --- Trajectory Smoothness (Robot EE) ---
  Mean Jerk (3D): 21.0137 m/s³
      Jerk X: 7.9743 m/s³
      Jerk Y: 16.1146 m/s³
      Jerk Z: 10.0668 m/s³
  Max Jerk (3D): 177.0518 m/s³
  RMS Jerk (3D): 35.6655 m/s³
============================================================
