[INFO] [1786693395.985362090] [trajectory_predictor]: [Predictor] Worker launched (pid=33774)
[INFO] [1786693395.985875836] [trajectory_predictor]: [Predictor] Started | model=svgp | window=10 | auto_start=True
  Output Filter: enabled=True, ema_alpha=1.0, max_dev=0.08, max_rate=0.02
[WARN] [1786693397.164630316] [trajectory_predictor]: [Worker STDERR] /usr/lib/python3/dist-packages/scipy/__init__.py:146: UserWarning: A NumPy version >=1.17.3 and <1.25.0 is required for this version of SciPy (detected version 1.26.4
[WARN] [1786693397.165323760] [trajectory_predictor]: [Worker STDERR] warnings.warn(f"A NumPy version >={np_minversion} and <{np_maxversion}"
[INFO] [1786693398.131381994] [trajectory_predictor]: [Worker] TF 2.15.0 and sklearn loaded
[INFO] [1786693399.192890804] [trajectory_predictor]: [Predictor] Worker READY | model=svgp
[INFO] [1786693405.375644792] [trajectory_predictor]: [Filter] raw=(0.1289,0.0382,-0.0173) → filt=(0.2440,-1.3370,-0.2738) Δ=(0.1151,1.3752,0.2565)
[INFO] [1786693406.963652857] [trajectory_predictor]: [Predictor] Buffer cleared (no data for 1.0s)
[INFO] [1786693416.863561104] [trajectory_predictor]: [Hybrid] FOLLOWER -> LEADER | x_0=(0.2469,-1.3592,-0.3057) | GOAL=(-0.1575,0.8400,0.0396) | t_f=6.19s | 186 steps @ 30Hz | GRU worker dừng gửi lệnh predict (tiết kiệm tài nguyên)
[INFO] [1786693429.556577002] [trajectory_predictor]: [Predictor] Predicting STOPPED
[INFO] [1786693437.729980533] [trajectory_predictor]: [Predictor] Predicting STOPPED
[INFO] [1786693460.963062120] [trajectory_predictor]: [Predictor] Buffer cleared (no data for 1.9s)
[INFO] [1786693492.800558434] [trajectory_predictor]: [Predictor] Predicting STOPPED
[INFO] [1786693506.818184867] [trajectory_predictor]: [Predictor] Predicting STOPPED
[INFO] [1786693514.745511629] [trajectory_predictor]: [Predictor] Auto-enabled prediction mode via /trajectory_mode
[INFO] [1786693516.543549757] [trajectory_predictor]: [Predictor] Switching model → svgp
[INFO] [1786693516.544365671] [trajectory_predictor]: [Hybrid] Mode ENABLED (GRU+MJM). Timer T_SWITCH sẽ bắt đầu khi Start Run.
[INFO] [1786693516.607411786] [trajectory_predictor]: [Predictor] Model switched to svgp
[INFO] [1786693517.982137884] [trajectory_predictor]: [Filter] raw=(0.1551,-0.2084,0.0074) → filt=(0.1551,-0.2084,0.0074) Δ=(0.0000,0.0000,0.0000)
[INFO] [1786693519.872099210] [trajectory_predictor]: [Predictor] Predicting STOPPED
[INFO] [1786693536.247755785] [trajectory_predictor]: [Predictor] Predicting STARTED
[INFO] [1786693537.706443218] [trajectory_predictor]: [Filter] raw=(0.1543,-0.1659,0.0965) → filt=(0.1543,-0.1659,0.0965) Δ=(0.0000,0.0000,0.0000)
[INFO] [1786693542.285109901] [trajectory_predictor]: [Hybrid] FOLLOWER -> LEADER | x_0=(0.0063,0.5324,0.2219) | GOAL=(-0.1575,0.8400,0.0396) | t_f=4.52s | 136 steps @ 30Hz | GRU worker dừng gửi lệnh predict (tiết kiệm tài nguyên)
[INFO] [1786693545.993881206] [trajectory_predictor]: [Predictor] Predicting STOPPED
[INFO] [1786693566.963944539] [trajectory_predictor]: [Predictor] Buffer cleared (no data for 1.3s)
[INFO] [1786693573.963121466] [trajectory_predictor]: [Predictor] Buffer cleared (no data for 1.4s)
[INFO] [1786693584.962955964] [trajectory_predictor]: [Predictor] Buffer cleared (no data for 1.0s)
[INFO] [1786693593.963310740] [trajectory_predictor]: [Predictor] Buffer cleared (no data for 1.3s)
[INFO] [1786693609.682285822] [trajectory_predictor]: [Predictor] Predicting STARTED
[INFO] [1786693611.790391087] [trajectory_predictor]: [Filter] raw=(0.1520,-0.0425,0.1286) → filt=(0.1520,-0.0425,0.1286) Δ=(0.0000,0.0000,0.0000)
[INFO] [1786693615.887406658] [trajectory_predictor]: [Hybrid] FOLLOWER -> LEADER | x_0=(0.0211,0.5763,0.1785) | GOAL=(-0.1575,0.8400,0.0396) | t_f=4.40s | 133 steps @ 30Hz | GRU worker dừng gửi lệnh predict (tiết kiệm tài nguyên)
[INFO] [1786693623.280739997] [trajectory_predictor]: [Predictor] Predicting STOPPED
[INFO] [1786693633.963100544] [trajectory_predictor]: [Predictor] Buffer cleared (no data for 1.3s)
[INFO] [1786693635.962855923] [trajectory_predictor]: [Predictor] Buffer cleared (no data for 1.2s)
[INFO] [1786693647.048606238] [trajectory_predictor]: [Predictor] Auto-enabled prediction mode via /trajectory_mode
[INFO] [1786693648.311367886] [trajectory_predictor]: [Predictor] Switching model → svgp
[INFO] [1786693648.312236860] [trajectory_predictor]: [Hybrid] Mode DISABLED (GRU only)
[INFO] [1786693648.332225763] [trajectory_predictor]: [Predictor] Model switched to svgp
[INFO] [1786693656.963036316] [trajectory_predictor]: [Predictor] Buffer cleared (no data for 1.3s)
[INFO] [1786693661.384367743] [trajectory_predictor]: [Filter] raw=(0.1606,-0.2314,-0.0073) → filt=(0.1606,0.0840,-0.0073) Δ=(0.0000,0.3154,0.0000)
[INFO] [1786693668.063029637] [trajectory_predictor]: [Filter] raw=(0.1606,-0.2315,-0.0072) → filt=(0.1606,-0.2315,-0.0072) Δ=(0.0000,0.0000,0.0000)
[INFO] [1786693670.106927983] [trajectory_predictor]: [Predictor] Predicting STARTED
[INFO] [1786693674.733212749] [trajectory_predictor]: [Filter] raw=(0.0790,0.3971,0.2779) → filt=(0.0790,0.3971,0.2779) Δ=(0.0000,0.0000,0.0000)
[INFO] [1786693678.028321773] [trajectory_predictor]: [Predictor] Predicting STOPPED
[INFO] [1786693684.963072487] [trajectory_predictor]: [Predictor] Buffer cleared (no data for 1.3s)
[INFO] [1786693693.962691294] [trajectory_predictor]: [Predictor] Buffer cleared (no data for 1.0s)
[INFO] [1786693703.963168786] [trajectory_predictor]: [Predictor] Buffer cleared (no data for 2.0s)
[INFO] [1786693706.963413358] [trajectory_predictor]: [Predictor] Buffer cleared (no data for 1.6s)
[INFO] [1786693720.963597760] [trajectory_predictor]: [Predictor] Buffer cleared (no data for 1.1s)
[INFO] [1786693728.554597893] [trajectory_predictor]: [Predictor] Predicting STARTED
[INFO] [1786693728.609210475] [trajectory_predictor]: [Filter] raw=(0.1626,-0.2372,-0.0208) → filt=(0.0019,0.6563,0.0097) Δ=(0.1607,0.8935,0.0305)
[INFO] [1786693735.277864588] [trajectory_predictor]: [Filter] raw=(-0.0667,0.4981,0.1874) → filt=(-0.0667,0.4981,0.1874) Δ=(0.0000,0.0000,0.0000)
[INFO] [1786693740.903761312] [trajectory_predictor]: [Predictor] Predicting STOPPED
[INFO] [1786693749.963073203] [trajectory_predictor]: [Predictor] Buffer cleared (no data for 1.8s)
[INFO] [1786693757.963337379] [trajectory_predictor]: [Predictor] Buffer cleared (no data for 1.1s)
[INFO] [1786693772.677283683] [trajectory_predictor]: [Predictor] Predicting STARTED
[INFO] [1786693773.700316257] [trajectory_predictor]: [Filter] raw=(0.1530,-0.1723,0.0035) → filt=(0.1530,0.1141,0.0035) Δ=(0.0000,0.2864,0.0000)
[INFO] [1786693780.379860975] [trajectory_predictor]: [Filter] raw=(-0.1370,0.6158,0.1807) → filt=(-0.1370,0.6158,0.1807) Δ=(0.0000,0.0000,0.0000)
[INFO] [1786693781.897007180] [trajectory_predictor]: [Predictor] Predicting STOPPED
[INFO] [1786693791.964390444] [trajectory_predictor]: [Predictor] Buffer cleared (no data for 1.7s)
[INFO] [1786693794.964034949] [trajectory_predictor]: [Predictor] Buffer cleared (no data for 1.6s)
[INFO] [1786693838.292628540] [trajectory_predictor]: [Predictor] Predicting STARTED
[INFO] [1786693840.082911083] [trajectory_predictor]: [Filter] raw=(0.1684,-0.1153,0.0719) → filt=(0.1684,-0.1153,0.0719) Δ=(0.0000,0.0000,0.0000)
[INFO] [1786693846.758918633] [trajectory_predictor]: [Filter] raw=(-0.1648,0.7362,-0.0265) → filt=(-0.1648,0.7362,-0.0265) Δ=(0.0000,0.0000,0.0000)
[INFO] [1786693848.023330810] [trajectory_predictor]: [Predictor] Predicting STOPPED
[INFO] [1786693854.962960762] [trajectory_predictor]: [Predictor] Buffer cleared (no data for 1.4s)
[INFO] [1786693873.963163664] [trajectory_predictor]: [Predictor] Buffer cleared (no data for 1.7s)
[INFO] [1786693876.962716108] [trajectory_predictor]: [Predictor] Buffer cleared (no data for 1.2s)
[INFO] [1786693935.963534360] [trajectory_predictor]: [Predictor] Buffer cleared (no data for 1.8s)
[INFO] [1786693953.963224931] [trajectory_predictor]: [Predictor] Buffer cleared (no data for 1.5s)
[INFO] [1786694041.963100289] [trajectory_predictor]: [Predictor] Buffer cleared (no data for 1.8s)
[INFO] [1786694050.963745287] [trajectory_predictor]: [Predictor] Buffer cleared (no data for 1.7s)
[INFO] [1786694213.963096239] [trajectory_predictor]: [Predictor] Buffer cleared (no data for 1.5s)
[INFO] [1786694225.963297515] [trajectory_predictor]: [Predictor] Buffer cleared (no data for 1.6s)
[INFO] [1786694228.963676090] [trajectory_predictor]: [Predictor] Buffer cleared (no data for 1.8s)
[INFO] [1786694253.963447611] [trajectory_predictor]: [Predictor] Buffer cleared (no data for 2.0s)
[INFO] [1786694279.963625322] [trajectory_predictor]: [Predictor] Buffer cleared (no data for 1.5s)
[INFO] [1786694283.963384714] [trajectory_predictor]: [Predictor] Buffer cleared (no data for 1.5s)
[INFO] [1786694293.962957609] [trajectory_predictor]: [Predictor] Buffer cleared (no data for 1.8s)
[INFO] [1786694315.963647201] [trajectory_predictor]: [Predictor] Buffer cleared (no data for 2.0s)
[INFO] [1786694330.963454605] [trajectory_predictor]: [Predictor] Buffer cleared (no data for 1.9s)
[INFO] [1786694399.963187220] [trajectory_predictor]: [Predictor] Buffer cleared (no data for 1.6s)
[INFO] [1786694404.963124199] [trajectory_predictor]: [Predictor] Buffer cleared (no data for 1.4s)
[INFO] [1786694413.963209038] [trajectory_predictor]: [Predictor] Buffer cleared (no data for 1.9s)
[INFO] [1786694420.963340572] [trajectory_predictor]: [Predictor] Buffer cleared (no data for 1.8s)
[INFO] [1786694433.963191723] [trajectory_predictor]: [Predictor] Buffer cleared (no data for 1.3s)
[INFO] [1786694438.963550008] [trajectory_predictor]: [Predictor] Buffer cleared (no data for 1.8s)
[INFO] [1786694452.963043599] [trajectory_predictor]: [Predictor] Buffer cleared (no data for 1.6s)
[INFO] [1786694459.963072503] [trajectory_predictor]: [Predictor] Buffer cleared (no data for 1.1s)
[INFO] [1786694488.130006999] [trajectory_predictor]: [Predictor] Predicting STARTED
[INFO] [1786694490.196524507] [trajectory_predictor]: [Filter] raw=(0.1609,-0.0723,0.1284) → filt=(0.1609,-0.0723,0.1284) Δ=(0.0000,0.0000,0.0000)
[INFO] [1786694496.859628718] [trajectory_predictor]: [Filter] raw=(-0.1418,0.7280,-0.0236) → filt=(-0.1418,0.7280,-0.0236) Δ=(0.0000,0.0000,0.0000)
[INFO] [1786694497.858607970] [trajectory_predictor]: [Predictor] Predicting STOPPED
[INFO] [1786694509.963132539] [trajectory_predictor]: [Predictor] Buffer cleared (no data for 1.8s)
[INFO] [1786694514.963311723] [trajectory_predictor]: [Predictor] Buffer cleared (no data for 1.4s)
[INFO] [1786694519.962900674] [trajectory_predictor]: [Predictor] Buffer cleared (no data for 1.6s)
[INFO] [1786694538.963159501] [trajectory_predictor]: [Predictor] Buffer cleared (no data for 1.0s)
[INFO] [1786694547.511080411] [trajectory_predictor]: [Predictor] Predicting STARTED
[INFO] [1786694549.836756353] [trajectory_predictor]: [Filter] raw=(0.1322,-0.0139,0.1473) → filt=(0.1322,-0.0139,0.1473) Δ=(0.0000,0.0000,0.0000)
[INFO] [1786694556.487990026] [trajectory_predictor]: [Predictor] Predicting STOPPED
[INFO] [1786694556.507153153] [trajectory_predictor]: [Filter] raw=(-0.1471,0.5590,-0.0293) → filt=(-0.1471,0.5590,-0.0293) Δ=(0.0000,0.0000,0.0000)
[INFO] [1786694584.962910960] [trajectory_predictor]: [Predictor] Buffer cleared (no data for 1.1s)
