[INFO] [1786095736.667643144] [trajectory_predictor]: [Predictor] Worker launched (pid=95873)
[INFO] [1786095736.668189558] [trajectory_predictor]: [Predictor] Started | model=svgp | window=10 | auto_start=True
  Output Filter: enabled=True, ema_alpha=0.5, max_dev=0.08, max_rate=0.02
[WARN] [1786095737.815745095] [trajectory_predictor]: [Worker STDERR] /usr/lib/python3/dist-packages/scipy/__init__.py:146: UserWarning: A NumPy version >=1.17.3 and <1.25.0 is required for this version of SciPy (detected version 1.26.4
[WARN] [1786095737.816057551] [trajectory_predictor]: [Worker STDERR] warnings.warn(f"A NumPy version >={np_minversion} and <{np_maxversion}"
[ERROR] [1786095738.580201300] [trajectory_predictor]: [Predictor] Worker NOT READY: Scalers not found in /home/hungnb/Downloads/GRU-Model-main
[INFO] [1786095779.771458209] [trajectory_predictor]: [Predictor] Predicting STOPPED
[INFO] [1786095785.116909138] [trajectory_predictor]: [Predictor] Auto-enabled prediction mode via /trajectory_mode
[INFO] [1786095786.899271600] [trajectory_predictor]: [Predictor] Switching model → svgp
[INFO] [1786095786.900211703] [trajectory_predictor]: [Hybrid] Mode ENABLED (GRU+MJM). Timer T_SWITCH sẽ bắt đầu khi Start Run.
[INFO] [1786095789.451199685] [trajectory_predictor]: [Predictor] Predicting STOPPED
[INFO] [1786095797.346009094] [trajectory_predictor]: [Predictor] Predicting STARTED
[INFO] [1786095802.366532678] [trajectory_predictor]: [Hybrid] FOLLOWER -> LEADER | x_0=(-0.0322,0.2040,0.1436) | GOAL=(-0.0578,0.7138,0.0000) | t_f=7.04s | 212 steps @ 30Hz | GRU worker dừng gửi lệnh predict (tiết kiệm tài nguyên)
[INFO] [1786095814.645644742] [trajectory_predictor]: [Predictor] Buffer cleared (no data for 1.6s)
[INFO] [1786095817.645666481] [trajectory_predictor]: [Predictor] Buffer cleared (no data for 1.9s)
[INFO] [1786095821.645604284] [trajectory_predictor]: [Predictor] Buffer cleared (no data for 2.0s)
[INFO] [1786095832.645898598] [trajectory_predictor]: [Predictor] Buffer cleared (no data for 1.1s)
[INFO] [1786095835.645808202] [trajectory_predictor]: [Predictor] Buffer cleared (no data for 1.8s)
[INFO] [1786095840.645316161] [trajectory_predictor]: [Predictor] Buffer cleared (no data for 1.7s)
[INFO] [1786095852.645373307] [trajectory_predictor]: [Predictor] Buffer cleared (no data for 1.1s)
[INFO] [1786095855.645507902] [trajectory_predictor]: [Predictor] Buffer cleared (no data for 1.2s)
[INFO] [1786095863.645373132] [trajectory_predictor]: [Predictor] Buffer cleared (no data for 1.6s)
[INFO] [1786095883.645557517] [trajectory_predictor]: [Predictor] Buffer cleared (no data for 1.6s)
[INFO] [1786095900.645720988] [trajectory_predictor]: [Predictor] Buffer cleared (no data for 1.4s)
[INFO] [1786095907.645706423] [trajectory_predictor]: [Predictor] Buffer cleared (no data for 1.4s)
[INFO] [1786095914.645924485] [trajectory_predictor]: [Predictor] Buffer cleared (no data for 1.3s)
[INFO] [1786095944.645930426] [trajectory_predictor]: [Predictor] Buffer cleared (no data for 1.6s)
[INFO] [1786095955.645911516] [trajectory_predictor]: [Predictor] Buffer cleared (no data for 1.4s)
