[INFO] [1786339081.841454462] [cartesian_streamer]: CartesianStreamer khởi động (chờ Enable Robot từ UI).
  Stream rate:       15 Hz (period=66.7ms)
  Queue dt:          0.067 s
  Prebuffer points:  3
  Retry backoff:     66.0 ms
  Gửi PoseStamped lên: /cartesian_streamer/target_pose
  Gửi XYZ lên:        /cartesian_streamer/target_xyz
  Nhận EE pose tại:   /cartesian_streamer/current_pose
[INFO] [1786339081.865815169] [cartesian_streamer]: Nhận joint_states: ['1.571', '0.124', '-1.049', '0.000', '-0.398', '-1.444']
[INFO] [1786339082.323827219] [cartesian_streamer]: ⚡ Simulation mode: Bỏ qua FK cross-validation, ÉP DÙNG Local IK.
   (MoveIt không có planning library trong môi trường giả lập)
[INFO] [1786339082.325244480] [cartesian_streamer]: Đã nhận joint_states. EE hiện tại: (-0.1620, 0.2801, 0.3785). IK mode: Local DLS. Chờ Enable Robot từ UI...
[INFO] [1786339167.387628264] [cartesian_streamer]: Enable Robot: bắt đầu chuỗi khởi động...
[INFO] [1786339167.388143097] [cartesian_streamer]: Enable: reset_error...
[INFO] [1786339167.390568807] [cartesian_streamer]: reset_error: code=1, msg="Mock: Error Reset OK"
[INFO] [1786339167.391171024] [cartesian_streamer]: Enable: stop_traj_mode (giải phóng mode cũ)...
[INFO] [1786339167.393571616] [cartesian_streamer]: stop_traj_mode: success=True, code=N/A, msg="Mock: OK"
[INFO] [1786339167.393858192] [cartesian_streamer]: Enable: chờ 1.5s để hệ thống ổn định trước khi start queue...
[INFO] [1786339168.895225790] [cartesian_streamer]: Enable: StartPointQueueMode...
[INFO] [1786339168.897550817] [cartesian_streamer]: StartPointQueueMode response: code=1, msg="Mock: Queue Mode Started"
[INFO] [1786339168.897852732] [cartesian_streamer]: ✓ Robot ENABLED — Point Queue Mode active. Servo ON!
[INFO] [1786339168.956238791] [cartesian_streamer]: Runtime rate: state=seeding, tick_hz=0.0, queue_send_hz=0.0, ack_hz=0.0, busy_hz=0.0, retry_count=0, reject_count=0, inter_ack_ms=0.0, max_joint_delta=0.000, cumul_time=0.00s, hold_count=0, ik_mode=Local, ik_avg_ms=0.00, ik_fails=0
[INFO] [1786339168.957110541] [cartesian_streamer]: Bootstrap EE pose via FK: (-0.1620, 0.2801, 0.3785)
[INFO] [1786339168.957500801] [cartesian_streamer]: Đang stream qua service: /queue_traj_point
[INFO] [1786339168.958031623] [cartesian_streamer]: Đã gửi seed point (current joints, t=0), chờ ACK...
[INFO] [1786339168.959878707] [cartesian_streamer]: Seed ACK nhận được, bắt đầu prebuffer.
[INFO] [1786339168.960173317] [cartesian_streamer]: Queue accepted sample#1: svc=/queue_traj_point, t_cumul=0.0000s, code=1, msg="Mock: Point accepted (0)", hold=False
[INFO] [1786339169.025801767] [cartesian_streamer]: Queue accepted sample#2: svc=/queue_traj_point, t_cumul=0.0653s, code=1, msg="Mock: Point accepted (1)", hold=True
[INFO] [1786339169.092035179] [cartesian_streamer]: Queue accepted sample#3: svc=/queue_traj_point, t_cumul=0.1318s, code=1, msg="Mock: Point accepted (2)", hold=True
[INFO] [1786339169.159824817] [cartesian_streamer]: Pre-buffer hoàn tất (3 points), bắt đầu stream ổn định. Đang chờ target...
[INFO] [1786339169.160216319] [cartesian_streamer]: Queue accepted sample#4: svc=/queue_traj_point, t_cumul=0.1991s, code=1, msg="Mock: Point accepted (3)", hold=True
[INFO] [1786339169.225326993] [cartesian_streamer]: Queue accepted sample#5: svc=/queue_traj_point, t_cumul=0.2653s, code=1, msg="Mock: Point accepted (4)", hold=True
[INFO] [1786339170.225077614] [cartesian_streamer]: QueueTrajPoint accepted #20: t=1.265s, hold=True
[INFO] [1786339171.556626393] [cartesian_streamer]: IK OK → Δmax=0.0000 rad, joints: [1.571, 0.124, -1.049, 0.000, -0.398, -1.444]
[INFO] [1786339171.558770671] [cartesian_streamer]: QueueTrajPoint accepted #40: t=2.599s, hold=False
[WARN] [1786339171.623988605] [cartesian_streamer]: QueueTrajPoint đã được accept nhưng joint_states hầu như không đổi. Kiểm tra: 1) Robot ở mode AUTO? 2) Servo ON? 3) E-stop cleared?
[INFO] [1786339172.896057649] [cartesian_streamer]: QueueTrajPoint accepted #60: t=3.936s, hold=False
[INFO] [1786339173.557278024] [cartesian_streamer]: IK OK → Δmax=0.0765 rad, joints: [1.571, 0.104, -0.967, -0.000, -0.501, -1.444]
[INFO] [1786339173.627175724] [cartesian_streamer]: IK delta clamped → joints: [1.566, 0.101, -0.948, -0.000, -0.520, -1.439]
[INFO] [1786339174.023285214] [cartesian_streamer]: Runtime rate: state=streaming, tick_hz=15.0, queue_send_hz=15.0, ack_hz=15.0, busy_hz=0.0, retry_count=0, reject_count=0, inter_ack_ms=66.7, max_joint_delta=0.090, cumul_time=5.00s, hold_count=0, ik_mode=Local, ik_avg_ms=0.54, ik_fails=0
[INFO] [1786339174.228027506] [cartesian_streamer]: QueueTrajPoint accepted #80: t=5.268s, hold=False
[INFO] [1786339175.557626637] [cartesian_streamer]: IK OK → Δmax=0.0900 rad, joints: [1.448, 0.023, -0.525, 0.000, -0.675, -1.321]
[INFO] [1786339175.560209207] [cartesian_streamer]: QueueTrajPoint accepted #100: t=6.600s, hold=False
[INFO] [1786339175.691301468] [cartesian_streamer]: IK delta clamped → joints: [1.448, 0.027, -0.498, 0.000, -0.685, -1.321]
[INFO] [1786339176.895566917] [cartesian_streamer]: QueueTrajPoint accepted #120: t=7.935s, hold=False
[INFO] [1786339177.626736333] [cartesian_streamer]: IK OK → Δmax=0.0900 rad, joints: [1.531, 0.228, -0.111, 0.000, -0.840, -1.403]
[INFO] [1786339177.692576676] [cartesian_streamer]: IK delta clamped → joints: [1.533, 0.242, -0.097, 0.000, -0.845, -1.406]
[INFO] [1786339178.228353149] [cartesian_streamer]: QueueTrajPoint accepted #140: t=9.269s, hold=False
[INFO] [1786339179.089915503] [cartesian_streamer]: Runtime rate: state=streaming, tick_hz=15.0, queue_send_hz=15.0, ack_hz=15.0, busy_hz=0.0, retry_count=0, reject_count=0, inter_ack_ms=66.7, max_joint_delta=0.090, cumul_time=10.07s, hold_count=0, ik_mode=Local, ik_avg_ms=0.77, ik_fails=0
[INFO] [1786339179.558887681] [cartesian_streamer]: QueueTrajPoint accepted #160: t=10.600s, hold=False
[INFO] [1786339179.691062137] [cartesian_streamer]: IK OK → Δmax=0.0900 rad, joints: [1.548, 0.657, 0.302, 0.000, -1.005, -1.420]
[INFO] [1786339179.757619992] [cartesian_streamer]: IK delta clamped → joints: [1.547, 0.663, 0.315, 0.000, -1.011, -1.420]
[INFO] [1786339180.895865029] [cartesian_streamer]: QueueTrajPoint accepted #180: t=11.936s, hold=False
[INFO] [1786339181.692350168] [cartesian_streamer]: IK OK → Δmax=0.0900 rad, joints: [1.591, 0.644, 0.402, -0.000, -1.166, -1.464]
[INFO] [1786339181.757751229] [cartesian_streamer]: IK delta clamped → joints: [1.594, 0.633, 0.389, -0.000, -1.171, -1.467]
[INFO] [1786339182.227204977] [cartesian_streamer]: QueueTrajPoint accepted #200: t=13.268s, hold=False
[INFO] [1786339183.559970770] [cartesian_streamer]: QueueTrajPoint accepted #220: t=14.600s, hold=False
[INFO] [1786339183.757495709] [cartesian_streamer]: IK OK → Δmax=0.0900 rad, joints: [1.578, 0.347, -0.011, -0.000, -0.937, -1.451]
[INFO] [1786339183.823812566] [cartesian_streamer]: IK delta clamped → joints: [1.577, 0.342, -0.024, -0.000, -0.932, -1.449]
[INFO] [1786339184.090621999] [cartesian_streamer]: Runtime rate: state=streaming, tick_hz=15.0, queue_send_hz=15.0, ack_hz=15.0, busy_hz=0.0, retry_count=0, reject_count=0, inter_ack_ms=66.7, max_joint_delta=0.090, cumul_time=15.07s, hold_count=0, ik_mode=Local, ik_avg_ms=0.82, ik_fails=0
[INFO] [1786339184.893895769] [cartesian_streamer]: QueueTrajPoint accepted #240: t=15.934s, hold=False
[INFO] [1786339185.757792233] [cartesian_streamer]: IK OK → Δmax=0.0900 rad, joints: [1.633, 0.196, -0.411, -0.000, -0.777, -1.506]
[INFO] [1786339185.825512167] [cartesian_streamer]: IK delta clamped → joints: [1.642, 0.203, -0.424, -0.000, -0.772, -1.515]
[INFO] [1786339186.227327081] [cartesian_streamer]: QueueTrajPoint accepted #260: t=17.268s, hold=False
[INFO] [1786339187.559202866] [cartesian_streamer]: QueueTrajPoint accepted #280: t=18.600s, hold=False
[INFO] [1786339187.825200515] [cartesian_streamer]: IK OK → Δmax=0.0900 rad, joints: [1.785, 0.436, -0.184, -0.000, -0.935, -1.658]
[INFO] [1786339187.890657319] [cartesian_streamer]: IK delta clamped → joints: [1.783, 0.433, -0.170, -0.000, -0.941, -1.656]
[INFO] [1786339188.896682119] [cartesian_streamer]: QueueTrajPoint accepted #300: t=19.937s, hold=False
[INFO] [1786339189.156008932] [cartesian_streamer]: Runtime rate: state=streaming, tick_hz=15.0, queue_send_hz=15.0, ack_hz=15.0, busy_hz=0.0, retry_count=0, reject_count=0, inter_ack_ms=66.6, max_joint_delta=0.090, cumul_time=20.13s, hold_count=0, ik_mode=Local, ik_avg_ms=0.84, ik_fails=0
[INFO] [1786339189.825551896] [cartesian_streamer]: IK OK → Δmax=0.0900 rad, joints: [1.676, 0.430, 0.217, -0.000, -1.095, -1.549]
[INFO] [1786339189.891031152] [cartesian_streamer]: IK delta clamped → joints: [1.669, 0.426, 0.230, -0.000, -1.101, -1.541]
[INFO] [1786339190.227363771] [cartesian_streamer]: QueueTrajPoint accepted #320: t=21.268s, hold=False
[INFO] [1786339191.559373240] [cartesian_streamer]: QueueTrajPoint accepted #340: t=22.600s, hold=False
[INFO] [1786339191.891099851] [cartesian_streamer]: IK OK → Δmax=0.0900 rad, joints: [1.350, 0.239, 0.147, 0.000, -1.261, -1.302]
[INFO] [1786339191.956869035] [cartesian_streamer]: IK delta clamped → joints: [1.345, 0.231, 0.134, 0.000, -1.266, -1.297]
[INFO] [1786339192.895661381] [cartesian_streamer]: QueueTrajPoint accepted #360: t=23.935s, hold=False
[INFO] [1786339193.891588679] [cartesian_streamer]: IK OK → Δmax=0.0900 rad, joints: [1.341, 0.088, -0.253, 0.000, -1.060, -1.214]
[INFO] [1786339193.957357050] [cartesian_streamer]: IK delta clamped → joints: [1.361, 0.093, -0.266, 0.000, -1.055, -1.234]
[INFO] [1786339194.156070967] [cartesian_streamer]: Runtime rate: state=streaming, tick_hz=15.0, queue_send_hz=15.0, ack_hz=15.0, busy_hz=0.0, retry_count=0, reject_count=0, inter_ack_ms=66.7, max_joint_delta=0.090, cumul_time=25.13s, hold_count=0, ik_mode=Local, ik_avg_ms=0.85, ik_fails=0
[INFO] [1786339194.229803501] [cartesian_streamer]: QueueTrajPoint accepted #380: t=25.269s, hold=False
[INFO] [1786339195.560577233] [cartesian_streamer]: QueueTrajPoint accepted #400: t=26.601s, hold=False
[INFO] [1786339195.957395384] [cartesian_streamer]: IK OK → Δmax=0.0900 rad, joints: [1.557, 0.116, -0.666, 0.000, -0.895, -1.429]
[INFO] [1786339196.026371101] [cartesian_streamer]: IK delta clamped → joints: [1.560, 0.117, -0.679, 0.000, -0.890, -1.432]
[INFO] [1786339196.895885668] [cartesian_streamer]: QueueTrajPoint accepted #420: t=27.936s, hold=False
[INFO] [1786339197.959569492] [cartesian_streamer]: IK OK → Δmax=0.0900 rad, joints: [1.571, 0.124, -1.049, 0.000, -0.735, -1.444]
[INFO] [1786339198.091310670] [cartesian_streamer]: IK delta clamped → joints: [1.571, 0.124, -1.049, 0.000, -0.724, -1.444]
[INFO] [1786339198.228649917] [cartesian_streamer]: QueueTrajPoint accepted #440: t=29.269s, hold=False
[INFO] [1786339199.223156150] [cartesian_streamer]: Runtime rate: state=streaming, tick_hz=15.0, queue_send_hz=15.0, ack_hz=15.0, busy_hz=0.0, retry_count=0, reject_count=0, inter_ack_ms=66.7, max_joint_delta=0.090, cumul_time=30.20s, hold_count=0, ik_mode=Local, ik_avg_ms=0.84, ik_fails=0
[INFO] [1786339199.560413396] [cartesian_streamer]: QueueTrajPoint accepted #460: t=30.601s, hold=False
[INFO] [1786339200.024112497] [cartesian_streamer]: IK OK → Δmax=0.0900 rad, joints: [1.571, 0.124, -1.049, 0.000, -0.570, -1.444]
[INFO] [1786339200.091625667] [cartesian_streamer]: IK delta clamped → joints: [1.571, 0.124, -1.049, 0.000, -0.564, -1.444]
[INFO] [1786339200.895497109] [cartesian_streamer]: QueueTrajPoint accepted #480: t=31.934s, hold=False
[INFO] [1786339202.025476149] [cartesian_streamer]: IK OK → Δmax=0.0900 rad, joints: [1.571, 0.124, -1.049, 0.000, -0.410, -1.444]
[INFO] [1786339202.157495289] [cartesian_streamer]: IK delta clamped → joints: [1.571, 0.124, -1.049, 0.000, -0.399, -1.444]
[INFO] [1786339202.226956741] [cartesian_streamer]: QueueTrajPoint accepted #500: t=33.267s, hold=False
[INFO] [1786339203.560038106] [cartesian_streamer]: QueueTrajPoint accepted #520: t=34.600s, hold=False
[INFO] [1786339204.091612872] [cartesian_streamer]: IK OK → Δmax=0.0000 rad, joints: [1.571, 0.124, -1.049, 0.000, -0.398, -1.444]
[INFO] [1786339204.223436232] [cartesian_streamer]: Runtime rate: state=streaming, tick_hz=15.0, queue_send_hz=15.0, ack_hz=15.0, busy_hz=0.0, retry_count=0, reject_count=0, inter_ack_ms=66.7, max_joint_delta=0.090, cumul_time=35.20s, hold_count=0, ik_mode=Local, ik_avg_ms=0.77, ik_fails=0
[INFO] [1786339204.896596569] [cartesian_streamer]: QueueTrajPoint accepted #540: t=35.935s, hold=False
[INFO] [1786339206.156557048] [cartesian_streamer]: IK OK → Δmax=0.0000 rad, joints: [1.571, 0.124, -1.049, 0.000, -0.398, -1.444]
[INFO] [1786339206.227373115] [cartesian_streamer]: QueueTrajPoint accepted #560: t=37.268s, hold=False
[INFO] [1786339206.397653631] [cartesian_streamer]: Disable Robot: dừng stream, tắt traj mode...
[INFO] [1786339206.398168239] [cartesian_streamer]: ✗ Robot DISABLED.
[INFO] [1786339221.688403385] [cartesian_streamer]: Graceful shutdown: tắt Point Queue Mode trước khi thoát...
[INFO] [1786339221.688876001] [cartesian_streamer]: Robot chưa enable, không cần stop_traj_mode.
[INFO] [1786339221.689256820] [cartesian_streamer]: Shutdown hoàn tất. Tủ điện sẽ KHÔNG bị alarm.
