[INFO] [1786351461.151059294] [coord_transform]: CoordTransformNode khởi động.
  Object offset (cam frame): [0.05 0.   0.1 ]
  Translation cam→base:      [0.5 0.  1.2]
  EE orientation (xyzw):     [0.0, 1.0, 0.0, 0.0]
  Prediction step:           5
  Axis remap:                [0, 1, 2]
  Axis sign:                 [-1.0, 1.0, 1.0]
  Workspace X: (-1.0, 1.0), Y: (-0.5, 1.3), Z: (0.05, 1.5)
  Filter outlier_threshold:  0.15m
  Filter median_size_y:      3
  Filter deadband_tol:       15.0mm
  Filter stationary_thresh:  3 frames
  Filter max_rate:           5.0cm/frame
  Filter EMA moving(x,y,z):  (1.0,0.8,1.0)
  Filter EMA hold  (x,y,z):  (0.08,0.02,0.05)
[WARN] [1786351569.433967067] [coord_transform]: Outlier rejected #1 (jumped 196.3mm). Ignoring.
[WARN] [1786351569.500676714] [coord_transform]: Outlier rejected #2 (jumped 215.1mm). Ignoring.
[WARN] [1786351569.533597027] [coord_transform]: Outlier rejected #3 (jumped 215.1mm). Ignoring.
[WARN] [1786351569.634764079] [coord_transform]: Outlier rejected #4 (jumped 199.6mm). Ignoring.
[INFO] [1786351569.668556809] [coord_transform]: Too many outliers (5). Resetting filter to new position.
[WARN] [1786351612.298624951] [coord_transform]: Outlier rejected #1 (jumped 2781.9mm). Ignoring.
[WARN] [1786351613.045471639] [coord_transform]: Outlier rejected #2 (jumped 390.3mm). Ignoring.
[WARN] [1786351613.079149809] [coord_transform]: Outlier rejected #3 (jumped 317.8mm). Ignoring.
[WARN] [1786351613.105225141] [coord_transform]: Outlier rejected #4 (jumped 2825.2mm). Ignoring.
[INFO] [1786351614.243926573] [coord_transform]: Too many outliers (5). Resetting filter to new position.
[WARN] [1786351614.308932886] [coord_transform]: Outlier rejected #1 (jumped 476.8mm). Ignoring.
[WARN] [1786351614.333823666] [coord_transform]: Outlier rejected #2 (jumped 477.9mm). Ignoring.
[WARN] [1786351614.504245284] [coord_transform]: Outlier rejected #3 (jumped 524.4mm). Ignoring.
[WARN] [1786351614.535224202] [coord_transform]: Outlier rejected #4 (jumped 533.5mm). Ignoring.
[INFO] [1786351614.568115556] [coord_transform]: Too many outliers (5). Resetting filter to new position.
[WARN] [1786351616.738279360] [coord_transform]: Outlier rejected #1 (jumped 911.7mm). Ignoring.
[WARN] [1786351616.774958949] [coord_transform]: Outlier rejected #2 (jumped 937.9mm). Ignoring.
[WARN] [1786351616.807006812] [coord_transform]: Outlier rejected #3 (jumped 890.7mm). Ignoring.
[WARN] [1786351616.840059749] [coord_transform]: Outlier rejected #4 (jumped 751.4mm). Ignoring.
[INFO] [1786351616.870371576] [coord_transform]: Too many outliers (5). Resetting filter to new position.
[WARN] [1786351617.938798289] [coord_transform]: Outlier rejected #1 (jumped 333.9mm). Ignoring.
[WARN] [1786351617.977670961] [coord_transform]: Outlier rejected #2 (jumped 365.0mm). Ignoring.
[WARN] [1786351618.005219887] [coord_transform]: Outlier rejected #3 (jumped 393.1mm). Ignoring.
[WARN] [1786351618.035503722] [coord_transform]: Outlier rejected #4 (jumped 429.1mm). Ignoring.
[INFO] [1786351618.072381773] [coord_transform]: Too many outliers (5). Resetting filter to new position.
[WARN] [1786351618.882484757] [coord_transform]: Outlier rejected #1 (jumped 378.1mm). Ignoring.
[WARN] [1786351618.908294431] [coord_transform]: Outlier rejected #2 (jumped 387.3mm). Ignoring.
[WARN] [1786351618.938667783] [coord_transform]: Outlier rejected #3 (jumped 383.7mm). Ignoring.
[WARN] [1786351618.975564319] [coord_transform]: Outlier rejected #4 (jumped 356.9mm). Ignoring.
[INFO] [1786351619.008238747] [coord_transform]: Too many outliers (5). Resetting filter to new position.
[WARN] [1786351620.322786447] [coord_transform]: Outlier rejected #1 (jumped 188.8mm). Ignoring.
[WARN] [1786351620.349194544] [coord_transform]: Outlier rejected #2 (jumped 199.5mm). Ignoring.
[WARN] [1786351620.379004590] [coord_transform]: Outlier rejected #3 (jumped 207.3mm). Ignoring.
[WARN] [1786351620.407275750] [coord_transform]: Outlier rejected #4 (jumped 211.2mm). Ignoring.
[INFO] [1786351620.446226098] [coord_transform]: Too many outliers (5). Resetting filter to new position.
[WARN] [1786351621.651088498] [coord_transform]: Outlier rejected #1 (jumped 254.0mm). Ignoring.
[WARN] [1786351621.680530183] [coord_transform]: Outlier rejected #2 (jumped 229.5mm). Ignoring.
[WARN] [1786351621.708539603] [coord_transform]: Outlier rejected #3 (jumped 259.3mm). Ignoring.
[WARN] [1786351621.742348208] [coord_transform]: Outlier rejected #4 (jumped 299.5mm). Ignoring.
[INFO] [1786351664.374859573] [coord_transform]: Too many outliers (5). Resetting filter to new position.
[WARN] [1786351682.330071804] [coord_transform]: Outlier rejected #1 (jumped 202.3mm). Ignoring.
[WARN] [1786351682.428695523] [coord_transform]: Outlier rejected #2 (jumped 505.4mm). Ignoring.
[WARN] [1786351703.336868628] [coord_transform]: Outlier rejected #1 (jumped 155.3mm). Ignoring.
[WARN] [1786351706.434574490] [coord_transform]: Outlier rejected #2 (jumped 206.1mm). Ignoring.
[WARN] [1786351717.312269815] [coord_transform]: Outlier rejected #3 (jumped 416.7mm). Ignoring.
[WARN] [1786351717.345642042] [coord_transform]: Outlier rejected #4 (jumped 250.4mm). Ignoring.
[INFO] [1786351718.145847694] [coord_transform]: Too many outliers (5). Resetting filter to new position.
[WARN] [1786351746.029251867] [coord_transform]: Outlier rejected #1 (jumped 194.8mm). Ignoring.
[WARN] [1786351746.681955408] [coord_transform]: Outlier rejected #2 (jumped 2912.7mm). Ignoring.
[WARN] [1786351746.707760192] [coord_transform]: Outlier rejected #3 (jumped 2909.2mm). Ignoring.
[WARN] [1786351754.335592352] [coord_transform]: Outlier rejected #1 (jumped 235.3mm). Ignoring.
[WARN] [1786351754.368940867] [coord_transform]: Outlier rejected #2 (jumped 551.1mm). Ignoring.
[WARN] [1786351754.405803835] [coord_transform]: Outlier rejected #3 (jumped 530.3mm). Ignoring.
[WARN] [1786351754.438775523] [coord_transform]: Outlier rejected #4 (jumped 606.4mm). Ignoring.
[INFO] [1786351754.476214501] [coord_transform]: Too many outliers (5). Resetting filter to new position.
[WARN] [1786351754.502817514] [coord_transform]: Outlier rejected #1 (jumped 251.1mm). Ignoring.
[WARN] [1786351755.067407484] [coord_transform]: Outlier rejected #1 (jumped 2637.2mm). Ignoring.
[WARN] [1786351755.102248419] [coord_transform]: Outlier rejected #2 (jumped 2636.9mm). Ignoring.
[WARN] [1786351755.136619904] [coord_transform]: Outlier rejected #3 (jumped 2635.6mm). Ignoring.
[WARN] [1786351755.174435849] [coord_transform]: Outlier rejected #4 (jumped 2634.2mm). Ignoring.
[INFO] [1786351755.203245180] [coord_transform]: Too many outliers (5). Resetting filter to new position.
[WARN] [1786351757.374197874] [coord_transform]: Outlier rejected #1 (jumped 2284.1mm). Ignoring.
[WARN] [1786351771.849035996] [coord_transform]: Outlier rejected #1 (jumped 2307.3mm). Ignoring.
[WARN] [1786351771.885526707] [coord_transform]: Outlier rejected #2 (jumped 2338.0mm). Ignoring.
[WARN] [1786351771.916323297] [coord_transform]: Outlier rejected #3 (jumped 2289.7mm). Ignoring.
[WARN] [1786351771.951732209] [coord_transform]: Outlier rejected #4 (jumped 2341.5mm). Ignoring.
[INFO] [1786351771.984805650] [coord_transform]: Too many outliers (5). Resetting filter to new position.
[WARN] [1786351772.019716998] [coord_transform]: Outlier rejected #1 (jumped 246.6mm). Ignoring.
[WARN] [1786351772.149814872] [coord_transform]: Outlier rejected #1 (jumped 251.3mm). Ignoring.
[WARN] [1786351772.251531838] [coord_transform]: Outlier rejected #1 (jumped 507.3mm). Ignoring.
[WARN] [1786351772.284622651] [coord_transform]: Outlier rejected #2 (jumped 292.4mm). Ignoring.
[WARN] [1786351772.381528322] [coord_transform]: Outlier rejected #1 (jumped 318.7mm). Ignoring.
[WARN] [1786351772.418201716] [coord_transform]: Outlier rejected #2 (jumped 157.8mm). Ignoring.
[WARN] [1786351772.451801373] [coord_transform]: Outlier rejected #3 (jumped 377.8mm). Ignoring.
[WARN] [1786351772.484739741] [coord_transform]: Outlier rejected #4 (jumped 343.0mm). Ignoring.
[INFO] [1786351773.692739560] [coord_transform]: Too many outliers (5). Resetting filter to new position.
[WARN] [1786351792.066810694] [coord_transform]: Outlier rejected #1 (jumped 378.5mm). Ignoring.
[WARN] [1786351792.096293550] [coord_transform]: Outlier rejected #2 (jumped 280.8mm). Ignoring.
[WARN] [1786351792.132568719] [coord_transform]: Outlier rejected #3 (jumped 388.7mm). Ignoring.
[WARN] [1786351811.911297832] [coord_transform]: Outlier rejected #4 (jumped 807.2mm). Ignoring.
[INFO] [1786351811.947114172] [coord_transform]: Too many outliers (5). Resetting filter to new position.
[WARN] [1786351812.111405743] [coord_transform]: Outlier rejected #1 (jumped 224.7mm). Ignoring.
[WARN] [1786351812.147865029] [coord_transform]: Outlier rejected #2 (jumped 443.9mm). Ignoring.
[WARN] [1786351812.285639757] [coord_transform]: Outlier rejected #1 (jumped 158.0mm). Ignoring.
[WARN] [1786351812.308886827] [coord_transform]: Outlier rejected #2 (jumped 216.2mm). Ignoring.
[WARN] [1786351812.511625393] [coord_transform]: Outlier rejected #1 (jumped 219.5mm). Ignoring.
[WARN] [1786351812.546537346] [coord_transform]: Outlier rejected #2 (jumped 150.8mm). Ignoring.
[WARN] [1786351812.578795200] [coord_transform]: Outlier rejected #3 (jumped 207.2mm). Ignoring.
[WARN] [1786351812.612532900] [coord_transform]: Outlier rejected #4 (jumped 275.5mm). Ignoring.
[INFO] [1786351812.648304917] [coord_transform]: Too many outliers (5). Resetting filter to new position.
[WARN] [1786351812.680224055] [coord_transform]: Outlier rejected #1 (jumped 254.5mm). Ignoring.
[WARN] [1786351812.746543326] [coord_transform]: Outlier rejected #1 (jumped 256.0mm). Ignoring.
[WARN] [1786351812.877798924] [coord_transform]: Outlier rejected #1 (jumped 171.6mm). Ignoring.
[WARN] [1786351813.013123346] [coord_transform]: Outlier rejected #1 (jumped 154.1mm). Ignoring.
[WARN] [1786351813.113486362] [coord_transform]: Outlier rejected #1 (jumped 225.5mm). Ignoring.
[WARN] [1786351813.924326445] [coord_transform]: Outlier rejected #1 (jumped 363.6mm). Ignoring.
[WARN] [1786351813.950613327] [coord_transform]: Outlier rejected #2 (jumped 409.1mm). Ignoring.
[WARN] [1786351813.982027849] [coord_transform]: Outlier rejected #3 (jumped 154.5mm). Ignoring.
[WARN] [1786351814.013029276] [coord_transform]: Outlier rejected #4 (jumped 277.5mm). Ignoring.
[INFO] [1786351814.046228917] [coord_transform]: Too many outliers (5). Resetting filter to new position.
[WARN] [1786351814.182874718] [coord_transform]: Outlier rejected #1 (jumped 210.2mm). Ignoring.
[WARN] [1786351814.214409836] [coord_transform]: Outlier rejected #2 (jumped 171.3mm). Ignoring.
[WARN] [1786351814.247179921] [coord_transform]: Outlier rejected #3 (jumped 394.0mm). Ignoring.
[WARN] [1786351814.384163265] [coord_transform]: Outlier rejected #1 (jumped 411.4mm). Ignoring.
[WARN] [1786351814.748625608] [coord_transform]: Outlier rejected #1 (jumped 157.3mm). Ignoring.
[WARN] [1786351814.812118787] [coord_transform]: Outlier rejected #1 (jumped 158.7mm). Ignoring.
[WARN] [1786351814.845664367] [coord_transform]: Outlier rejected #2 (jumped 248.3mm). Ignoring.
[WARN] [1786351814.879486997] [coord_transform]: Outlier rejected #3 (jumped 309.4mm). Ignoring.
[WARN] [1786351814.910983513] [coord_transform]: Outlier rejected #4 (jumped 236.4mm). Ignoring.
[WARN] [1786351814.980960867] [coord_transform]: Outlier rejected #1 (jumped 152.8mm). Ignoring.
[WARN] [1786351815.013703120] [coord_transform]: Outlier rejected #2 (jumped 209.1mm). Ignoring.
[WARN] [1786351815.045984187] [coord_transform]: Outlier rejected #3 (jumped 217.7mm). Ignoring.
[WARN] [1786351815.081793574] [coord_transform]: Outlier rejected #4 (jumped 194.9mm). Ignoring.
[INFO] [1786351815.114210015] [coord_transform]: Too many outliers (5). Resetting filter to new position.
[WARN] [1786351815.179488675] [coord_transform]: Outlier rejected #1 (jumped 210.0mm). Ignoring.
[WARN] [1786351815.445451548] [coord_transform]: Outlier rejected #1 (jumped 303.6mm). Ignoring.
[WARN] [1786351815.479473272] [coord_transform]: Outlier rejected #2 (jumped 186.8mm). Ignoring.
[WARN] [1786351815.746227319] [coord_transform]: Outlier rejected #1 (jumped 199.8mm). Ignoring.
[WARN] [1786351815.787560268] [coord_transform]: Outlier rejected #2 (jumped 197.7mm). Ignoring.
[WARN] [1786351815.818564530] [coord_transform]: Outlier rejected #3 (jumped 262.8mm). Ignoring.
[WARN] [1786351815.848327835] [coord_transform]: Outlier rejected #4 (jumped 315.7mm). Ignoring.
[INFO] [1786351815.879857162] [coord_transform]: Too many outliers (5). Resetting filter to new position.
[WARN] [1786351815.979772308] [coord_transform]: Outlier rejected #1 (jumped 214.2mm). Ignoring.
[WARN] [1786351816.181039356] [coord_transform]: Outlier rejected #1 (jumped 377.4mm). Ignoring.
[WARN] [1786351816.218774024] [coord_transform]: Outlier rejected #2 (jumped 368.5mm). Ignoring.
[WARN] [1786351816.249101377] [coord_transform]: Outlier rejected #3 (jumped 264.7mm). Ignoring.
[WARN] [1786351816.281809085] [coord_transform]: Outlier rejected #4 (jumped 230.6mm). Ignoring.
[INFO] [1786351816.315328066] [coord_transform]: Too many outliers (5). Resetting filter to new position.
[WARN] [1786351816.514072892] [coord_transform]: Outlier rejected #1 (jumped 164.8mm). Ignoring.
[WARN] [1786351816.681391994] [coord_transform]: Outlier rejected #1 (jumped 219.9mm). Ignoring.
[WARN] [1786351816.782114014] [coord_transform]: Outlier rejected #1 (jumped 294.7mm). Ignoring.
[WARN] [1786351816.814791085] [coord_transform]: Outlier rejected #2 (jumped 289.2mm). Ignoring.
[WARN] [1786351816.847777506] [coord_transform]: Outlier rejected #3 (jumped 276.4mm). Ignoring.
[WARN] [1786351816.880995572] [coord_transform]: Outlier rejected #4 (jumped 247.8mm). Ignoring.
[INFO] [1786351816.914103821] [coord_transform]: Too many outliers (5). Resetting filter to new position.
[WARN] [1786351816.948728676] [coord_transform]: Outlier rejected #1 (jumped 428.9mm). Ignoring.
[WARN] [1786351817.014948050] [coord_transform]: Outlier rejected #2 (jumped 338.6mm). Ignoring.
[WARN] [1786351817.049780144] [coord_transform]: Outlier rejected #3 (jumped 332.4mm). Ignoring.
[WARN] [1786351817.084021268] [coord_transform]: Outlier rejected #4 (jumped 376.2mm). Ignoring.
[INFO] [1786351817.117381902] [coord_transform]: Too many outliers (5). Resetting filter to new position.
[WARN] [1786351817.149475678] [coord_transform]: Outlier rejected #1 (jumped 271.1mm). Ignoring.
[WARN] [1786351817.183786223] [coord_transform]: Outlier rejected #2 (jumped 297.4mm). Ignoring.
[WARN] [1786351817.217948700] [coord_transform]: Outlier rejected #3 (jumped 200.7mm). Ignoring.
[WARN] [1786351817.247852028] [coord_transform]: Outlier rejected #4 (jumped 396.7mm). Ignoring.
[INFO] [1786351817.282744114] [coord_transform]: Too many outliers (5). Resetting filter to new position.
[WARN] [1786351817.348051016] [coord_transform]: Outlier rejected #1 (jumped 394.7mm). Ignoring.
[WARN] [1786351817.384200351] [coord_transform]: Outlier rejected #2 (jumped 177.9mm). Ignoring.
[WARN] [1786351817.417130396] [coord_transform]: Outlier rejected #3 (jumped 187.6mm). Ignoring.
[WARN] [1786351817.449832664] [coord_transform]: Outlier rejected #4 (jumped 186.0mm). Ignoring.
[INFO] [1786351817.481434979] [coord_transform]: Too many outliers (5). Resetting filter to new position.
[WARN] [1786351817.516313079] [coord_transform]: Outlier rejected #1 (jumped 335.8mm). Ignoring.
[WARN] [1786351817.547830023] [coord_transform]: Outlier rejected #2 (jumped 412.1mm). Ignoring.
[WARN] [1786351817.584420666] [coord_transform]: Outlier rejected #3 (jumped 290.9mm). Ignoring.
[WARN] [1786351817.615071174] [coord_transform]: Outlier rejected #4 (jumped 303.8mm). Ignoring.
[INFO] [1786351817.649622161] [coord_transform]: Too many outliers (5). Resetting filter to new position.
[WARN] [1786351817.681544486] [coord_transform]: Outlier rejected #1 (jumped 164.5mm). Ignoring.
[WARN] [1786351817.747523669] [coord_transform]: Outlier rejected #1 (jumped 230.8mm). Ignoring.
[WARN] [1786351817.815118805] [coord_transform]: Outlier rejected #1 (jumped 336.8mm). Ignoring.
[WARN] [1786351817.849300969] [coord_transform]: Outlier rejected #2 (jumped 273.7mm). Ignoring.
[WARN] [1786351817.882708520] [coord_transform]: Outlier rejected #3 (jumped 328.6mm). Ignoring.
[WARN] [1786351817.915252561] [coord_transform]: Outlier rejected #4 (jumped 391.3mm). Ignoring.
[INFO] [1786351817.947646651] [coord_transform]: Too many outliers (5). Resetting filter to new position.
[WARN] [1786351818.014040463] [coord_transform]: Outlier rejected #1 (jumped 255.3mm). Ignoring.
[WARN] [1786351818.051039332] [coord_transform]: Outlier rejected #2 (jumped 271.8mm). Ignoring.
[WARN] [1786351818.082285919] [coord_transform]: Outlier rejected #3 (jumped 269.5mm). Ignoring.
[WARN] [1786351818.147778550] [coord_transform]: Outlier rejected #1 (jumped 300.2mm). Ignoring.
[WARN] [1786351818.183419261] [coord_transform]: Outlier rejected #2 (jumped 157.6mm). Ignoring.
[WARN] [1786351818.250738940] [coord_transform]: Outlier rejected #1 (jumped 294.3mm). Ignoring.
[WARN] [1786351818.420365592] [coord_transform]: Outlier rejected #1 (jumped 330.5mm). Ignoring.
[WARN] [1786351818.449728065] [coord_transform]: Outlier rejected #2 (jumped 226.8mm). Ignoring.
[WARN] [1786351818.550491062] [coord_transform]: Outlier rejected #1 (jumped 236.3mm). Ignoring.
[WARN] [1786351818.616127523] [coord_transform]: Outlier rejected #1 (jumped 162.0mm). Ignoring.
[WARN] [1786351818.681374544] [coord_transform]: Outlier rejected #1 (jumped 405.9mm). Ignoring.
[WARN] [1786351818.718835850] [coord_transform]: Outlier rejected #2 (jumped 322.8mm). Ignoring.
[WARN] [1786351818.751448510] [coord_transform]: Outlier rejected #3 (jumped 233.8mm). Ignoring.
[WARN] [1786351818.881300767] [coord_transform]: Outlier rejected #1 (jumped 215.7mm). Ignoring.
[WARN] [1786351818.954443209] [coord_transform]: Outlier rejected #1 (jumped 281.9mm). Ignoring.
[WARN] [1786351860.689546706] [coord_transform]: Outlier rejected #1 (jumped 2394.4mm). Ignoring.
[WARN] [1786351860.714524385] [coord_transform]: Outlier rejected #2 (jumped 2418.9mm). Ignoring.
[WARN] [1786351948.176473455] [coord_transform]: Outlier rejected #3 (jumped 205.7mm). Ignoring.
[WARN] [1786351948.210973164] [coord_transform]: Outlier rejected #4 (jumped 613.4mm). Ignoring.
[INFO] [1786351948.247795130] [coord_transform]: Too many outliers (5). Resetting filter to new position.
[WARN] [1786351948.282254323] [coord_transform]: Outlier rejected #1 (jumped 184.7mm). Ignoring.
[WARN] [1786351948.318196117] [coord_transform]: Outlier rejected #2 (jumped 387.8mm). Ignoring.
[WARN] [1786351948.378476095] [coord_transform]: Outlier rejected #3 (jumped 187.1mm). Ignoring.
[WARN] [1786351948.446672918] [coord_transform]: Outlier rejected #1 (jumped 183.7mm). Ignoring.
[WARN] [1786351953.145332665] [coord_transform]: Outlier rejected #1 (jumped 214.4mm). Ignoring.
[WARN] [1786351953.179734400] [coord_transform]: Outlier rejected #2 (jumped 291.9mm). Ignoring.
[WARN] [1786351953.257198410] [coord_transform]: Outlier rejected #3 (jumped 261.6mm). Ignoring.
[WARN] [1786351953.282138433] [coord_transform]: Outlier rejected #4 (jumped 265.9mm). Ignoring.
[INFO] [1786351953.312843723] [coord_transform]: Too many outliers (5). Resetting filter to new position.
[WARN] [1786351953.345828951] [coord_transform]: Outlier rejected #1 (jumped 249.8mm). Ignoring.
[INFO] [1786352122.642094325] [coord_transform]: Trạng thái tracking: STOPPED
[WARN] [1786352126.202762204] [coord_transform]: Outlier rejected #2 (jumped 210.7mm). Ignoring.
[WARN] [1786352126.236508107] [coord_transform]: Outlier rejected #3 (jumped 239.8mm). Ignoring.
[WARN] [1786352126.303636604] [coord_transform]: Outlier rejected #1 (jumped 306.8mm). Ignoring.
[WARN] [1786352126.438129996] [coord_transform]: Outlier rejected #1 (jumped 405.6mm). Ignoring.
[WARN] [1786352126.469468546] [coord_transform]: Outlier rejected #2 (jumped 253.5mm). Ignoring.
[WARN] [1786352126.501767139] [coord_transform]: Outlier rejected #3 (jumped 299.6mm). Ignoring.
[WARN] [1786352126.535546073] [coord_transform]: Outlier rejected #4 (jumped 252.0mm). Ignoring.
[INFO] [1786352126.568942592] [coord_transform]: Too many outliers (5). Resetting filter to new position.
[WARN] [1786352126.636427786] [coord_transform]: Outlier rejected #1 (jumped 493.5mm). Ignoring.
[WARN] [1786352126.702783319] [coord_transform]: Outlier rejected #1 (jumped 443.6mm). Ignoring.
[WARN] [1786352126.736570687] [coord_transform]: Outlier rejected #2 (jumped 523.5mm). Ignoring.
[WARN] [1786352126.768283386] [coord_transform]: Outlier rejected #3 (jumped 283.6mm). Ignoring.
[WARN] [1786352126.800775201] [coord_transform]: Outlier rejected #4 (jumped 488.3mm). Ignoring.
[WARN] [1786352126.871011955] [coord_transform]: Outlier rejected #1 (jumped 388.2mm). Ignoring.
[WARN] [1786352126.902759788] [coord_transform]: Outlier rejected #2 (jumped 331.5mm). Ignoring.
[WARN] [1786352126.935243638] [coord_transform]: Outlier rejected #3 (jumped 194.8mm). Ignoring.
[WARN] [1786352126.968238688] [coord_transform]: Outlier rejected #4 (jumped 226.7mm). Ignoring.
[INFO] [1786352127.001075900] [coord_transform]: Too many outliers (5). Resetting filter to new position.
[WARN] [1786352127.103802646] [coord_transform]: Outlier rejected #1 (jumped 156.5mm). Ignoring.
[WARN] [1786352127.136586124] [coord_transform]: Outlier rejected #2 (jumped 360.1mm). Ignoring.
[WARN] [1786352127.168772277] [coord_transform]: Outlier rejected #3 (jumped 452.3mm). Ignoring.
[WARN] [1786352127.203397802] [coord_transform]: Outlier rejected #4 (jumped 603.8mm). Ignoring.
[INFO] [1786352127.279857120] [coord_transform]: Too many outliers (5). Resetting filter to new position.
[WARN] [1786352141.078111550] [coord_transform]: Outlier rejected #1 (jumped 2750.6mm). Ignoring.
[WARN] [1786352141.112106047] [coord_transform]: Outlier rejected #2 (jumped 2790.0mm). Ignoring.
[WARN] [1786352141.145189106] [coord_transform]: Outlier rejected #3 (jumped 2764.2mm). Ignoring.
[WARN] [1786352141.179097918] [coord_transform]: Outlier rejected #4 (jumped 2838.7mm). Ignoring.
[INFO] [1786352141.280286533] [coord_transform]: Too many outliers (5). Resetting filter to new position.
[WARN] [1786352145.413589537] [coord_transform]: Outlier rejected #1 (jumped 3020.3mm). Ignoring.
