[INFO] [1785830804.465710156] [coord_transform]: CoordTransformNode khởi động.
  Object offset (cam frame): [0.05 0.   0.1 ]
  Translation cam→base:      [0.5 0.  1.2]
  EE orientation (xyzw):     [0.0, 1.0, 0.0, 0.0]
  Prediction step:           5
  Axis remap:                [0, 1, 2]
  Axis sign:                 [-1.0, 1.0, 1.0]
  Workspace X: (-1.0, 1.0), Y: (-0.5, 1.3), Z: (0.05, 1.5)
  Filter outlier_threshold:  0.15m
  Filter median_size_y:      3
  Filter deadband_tol:       15.0mm
  Filter stationary_thresh:  3 frames
  Filter max_rate:           5.0cm/frame
  Filter EMA moving(x,y,z):  (1.0,0.8,1.0)
  Filter EMA hold  (x,y,z):  (0.08,0.02,0.05)
[WARN] [1785830816.264868822] [coord_transform]: Outlier rejected #1 (jumped 1578.6mm). Ignoring.
[WARN] [1785830816.298885893] [coord_transform]: Outlier rejected #2 (jumped 1485.1mm). Ignoring.
[WARN] [1785830816.329951014] [coord_transform]: Outlier rejected #3 (jumped 1511.7mm). Ignoring.
[WARN] [1785830816.764838321] [coord_transform]: Outlier rejected #4 (jumped 1765.0mm). Ignoring.
[INFO] [1785830816.792544285] [coord_transform]: Too many outliers (5). Resetting filter to new position.
[WARN] [1785830820.396235757] [coord_transform]: Outlier rejected #1 (jumped 2146.8mm). Ignoring.
[WARN] [1785830820.431163925] [coord_transform]: Outlier rejected #2 (jumped 2146.8mm). Ignoring.
[WARN] [1785830820.465302780] [coord_transform]: Outlier rejected #3 (jumped 2138.7mm). Ignoring.
[WARN] [1785830820.498116763] [coord_transform]: Outlier rejected #4 (jumped 2138.7mm). Ignoring.
[INFO] [1785830820.530666355] [coord_transform]: Too many outliers (5). Resetting filter to new position.
[INFO] [1785830825.961400605] [coord_transform]: Captured Init Pose! P_init=(-0.162, 0.280, 0.379), Cam_init=(-0.004, -0.022, -0.009), Noise_Tol=41.6mm
Orientation=(0.998, 0.064, -0.000, 0.000)
[INFO] [1785830836.661367004] [coord_transform]: Re-sync camera init: [ 0.006 -0.014 -0.006]
[INFO] [1785830836.661810880] [coord_transform]: Trạng thái tracking: RUNNING
[INFO] [1785830836.676005396] [coord_transform]: [GROUND_TRUTH] Transform: cam[ 0.006 -0.014 -0.006] → base[-0.162  0.28   0.379]
[INFO] [1785830838.678487633] [coord_transform]: [GROUND_TRUTH] Transform: cam[ 0.006 -0.014 -0.006] → base[-0.162  0.28   0.379]
[INFO] [1785830838.744144623] [coord_transform]: Deadband: RELEASE — motion detected
[INFO] [1785830840.680171651] [coord_transform]: [GROUND_TRUTH] Transform: cam[-0.096  0.331  0.191] → base[-0.06   0.625  0.575]
[INFO] [1785830842.683197966] [coord_transform]: [GROUND_TRUTH] Transform: cam[-0.106  0.38   0.346] → base[-0.05   0.674  0.73 ]
[INFO] [1785830844.683519378] [coord_transform]: [GROUND_TRUTH] Transform: cam[-0.106  0.368  0.312] → base[-0.05   0.662  0.696]
[INFO] [1785830846.684615522] [coord_transform]: [GROUND_TRUTH] Transform: cam[-0.181 -0.179  0.372] → base[0.025 0.115 0.756]
[INFO] [1785830848.690437318] [coord_transform]: [GROUND_TRUTH] Transform: cam[-0.062  0.1    0.146] → base[-0.094  0.394  0.53 ]
[INFO] [1785830850.720497973] [coord_transform]: [GROUND_TRUTH] Transform: cam[0.154 0.305 0.116] → base[-0.31   0.599  0.5  ]
[INFO] [1785830852.724087254] [coord_transform]: [GROUND_TRUTH] Transform: cam[0.321 0.253 0.146] → base[-0.477  0.547  0.531]
[INFO] [1785830854.724417162] [coord_transform]: [GROUND_TRUTH] Transform: cam[0.014 0.347 0.155] → base[-0.17   0.641  0.539]
[INFO] [1785830856.725784419] [coord_transform]: [GROUND_TRUTH] Transform: cam[-0.088  0.241  0.219] → base[-0.068  0.535  0.604]
[INFO] [1785830858.734112977] [coord_transform]: [GROUND_TRUTH] Transform: cam[-0.105  0.228  0.542] → base[-0.051  0.522  0.926]
[WARN] [1785830859.994731599] [coord_transform]: Outlier rejected #1 (jumped 174.7mm). Ignoring.
[INFO] [1785830860.761894459] [coord_transform]: [GROUND_TRUTH] Transform: cam[0.002 0.239 0.037] → base[-0.158  0.533  0.421]
[INFO] [1785830862.799228396] [coord_transform]: [GROUND_TRUTH] Transform: cam[-0.009  0.312 -0.002] → base[-0.147  0.606  0.382]
[INFO] [1785830863.905591038] [coord_transform]: Trạng thái tracking: STOPPED
[WARN] [1785830864.108136084] [coord_transform]: Outlier rejected #1 (jumped 422.0mm). Ignoring.
[WARN] [1785830864.134775161] [coord_transform]: Outlier rejected #2 (jumped 253.3mm). Ignoring.
[WARN] [1785830864.162896456] [coord_transform]: Outlier rejected #3 (jumped 239.2mm). Ignoring.
[WARN] [1785830864.196258164] [coord_transform]: Outlier rejected #4 (jumped 242.2mm). Ignoring.
[INFO] [1785830864.230217725] [coord_transform]: Too many outliers (5). Resetting filter to new position.
[WARN] [1785830865.341395520] [coord_transform]: Outlier rejected #1 (jumped 381.8mm). Ignoring.
[WARN] [1785830865.477610187] [coord_transform]: Outlier rejected #1 (jumped 254.0mm). Ignoring.
[INFO] [1785830866.468100018] [coord_transform]: Trạng thái tracking: STOPPED
[WARN] [1785830867.611587865] [coord_transform]: Outlier rejected #1 (jumped 1110.8mm). Ignoring.
[WARN] [1785830867.637816210] [coord_transform]: Outlier rejected #2 (jumped 1158.9mm). Ignoring.
[WARN] [1785830867.710622253] [coord_transform]: Outlier rejected #3 (jumped 1373.9mm). Ignoring.
[WARN] [1785830868.080166165] [coord_transform]: Outlier rejected #4 (jumped 1245.3mm). Ignoring.
[INFO] [1785830868.311417403] [coord_transform]: Too many outliers (5). Resetting filter to new position.
[INFO] [1785830869.017422858] [coord_transform]: Trạng thái tracking: STOPPED
[WARN] [1785830874.777645096] [coord_transform]: Outlier rejected #1 (jumped 1154.3mm). Ignoring.
[WARN] [1785830874.806139490] [coord_transform]: Outlier rejected #2 (jumped 1057.3mm). Ignoring.
[WARN] [1785830874.872796468] [coord_transform]: Outlier rejected #3 (jumped 1381.0mm). Ignoring.
[WARN] [1785830874.907342660] [coord_transform]: Outlier rejected #4 (jumped 1345.1mm). Ignoring.
[INFO] [1785830874.937862709] [coord_transform]: Too many outliers (5). Resetting filter to new position.
[WARN] [1785830875.120736100] [coord_transform]: Outlier rejected #1 (jumped 289.3mm). Ignoring.
[WARN] [1785830878.379066952] [coord_transform]: Outlier rejected #1 (jumped 235.5mm). Ignoring.
[WARN] [1785830878.453506774] [coord_transform]: Outlier rejected #2 (jumped 216.6mm). Ignoring.
[WARN] [1785830878.520225431] [coord_transform]: Outlier rejected #3 (jumped 313.2mm). Ignoring.
[WARN] [1785830878.583878046] [coord_transform]: Outlier rejected #4 (jumped 330.2mm). Ignoring.
[INFO] [1785830878.652428294] [coord_transform]: Too many outliers (5). Resetting filter to new position.
[WARN] [1785830878.809502437] [coord_transform]: Outlier rejected #1 (jumped 266.5mm). Ignoring.
[WARN] [1785830878.977136217] [coord_transform]: Outlier rejected #1 (jumped 358.8mm). Ignoring.
[WARN] [1785830879.055122607] [coord_transform]: Outlier rejected #2 (jumped 723.4mm). Ignoring.
[WARN] [1785830879.189206867] [coord_transform]: Outlier rejected #1 (jumped 210.5mm). Ignoring.
[WARN] [1785830879.214290736] [coord_transform]: Outlier rejected #2 (jumped 331.6mm). Ignoring.
[WARN] [1785830879.443316404] [coord_transform]: Outlier rejected #1 (jumped 334.8mm). Ignoring.
[WARN] [1785830879.479563384] [coord_transform]: Outlier rejected #2 (jumped 398.4mm). Ignoring.
[WARN] [1785830879.512415309] [coord_transform]: Outlier rejected #3 (jumped 354.0mm). Ignoring.
[WARN] [1785830879.576331483] [coord_transform]: Outlier rejected #1 (jumped 413.7mm). Ignoring.
[WARN] [1785830879.609817370] [coord_transform]: Outlier rejected #2 (jumped 441.0mm). Ignoring.
[WARN] [1785830883.257655452] [coord_transform]: Outlier rejected #1 (jumped 441.1mm). Ignoring.
[WARN] [1785830883.283848089] [coord_transform]: Outlier rejected #2 (jumped 545.1mm). Ignoring.
[WARN] [1785830883.881458289] [coord_transform]: Outlier rejected #3 (jumped 766.0mm). Ignoring.
[WARN] [1785830883.913412964] [coord_transform]: Outlier rejected #4 (jumped 788.0mm). Ignoring.
[INFO] [1785830883.945615878] [coord_transform]: Too many outliers (5). Resetting filter to new position.
[WARN] [1785830890.319191667] [coord_transform]: Outlier rejected #1 (jumped 205.6mm). Ignoring.
[WARN] [1785830890.352492137] [coord_transform]: Outlier rejected #2 (jumped 159.1mm). Ignoring.
[WARN] [1785830890.386961610] [coord_transform]: Outlier rejected #3 (jumped 351.7mm). Ignoring.
[WARN] [1785830890.418979287] [coord_transform]: Outlier rejected #4 (jumped 395.0mm). Ignoring.
[INFO] [1785830890.452555529] [coord_transform]: Too many outliers (5). Resetting filter to new position.
[WARN] [1785830890.518328853] [coord_transform]: Outlier rejected #1 (jumped 328.1mm). Ignoring.
[WARN] [1785830891.633970814] [coord_transform]: Outlier rejected #2 (jumped 938.9mm). Ignoring.
[WARN] [1785830891.665489358] [coord_transform]: Outlier rejected #3 (jumped 951.6mm). Ignoring.
[WARN] [1785830892.518055427] [coord_transform]: Outlier rejected #4 (jumped 1153.9mm). Ignoring.
[INFO] [1785830892.551024668] [coord_transform]: Too many outliers (5). Resetting filter to new position.
[WARN] [1785830895.289186759] [coord_transform]: Outlier rejected #1 (jumped 316.0mm). Ignoring.
[WARN] [1785830895.322010890] [coord_transform]: Outlier rejected #2 (jumped 313.6mm). Ignoring.
[WARN] [1785830895.355202030] [coord_transform]: Outlier rejected #3 (jumped 308.8mm). Ignoring.
[WARN] [1785830895.388718265] [coord_transform]: Outlier rejected #4 (jumped 314.6mm). Ignoring.
[INFO] [1785830895.422371375] [coord_transform]: Too many outliers (5). Resetting filter to new position.
[WARN] [1785830899.791861797] [coord_transform]: Outlier rejected #1 (jumped 462.0mm). Ignoring.
[WARN] [1785830899.824873159] [coord_transform]: Outlier rejected #2 (jumped 462.8mm). Ignoring.
[WARN] [1785830899.859424511] [coord_transform]: Outlier rejected #3 (jumped 446.4mm). Ignoring.
[WARN] [1785830899.892154501] [coord_transform]: Outlier rejected #4 (jumped 454.4mm). Ignoring.
[INFO] [1785830899.924443611] [coord_transform]: Too many outliers (5). Resetting filter to new position.
[WARN] [1785830901.926853118] [coord_transform]: Outlier rejected #1 (jumped 565.4mm). Ignoring.
[WARN] [1785830901.961683698] [coord_transform]: Outlier rejected #2 (jumped 774.0mm). Ignoring.
[WARN] [1785830901.996870825] [coord_transform]: Outlier rejected #3 (jumped 789.6mm). Ignoring.
[WARN] [1785830902.027585008] [coord_transform]: Outlier rejected #4 (jumped 722.4mm). Ignoring.
[INFO] [1785830902.068947611] [coord_transform]: Too many outliers (5). Resetting filter to new position.
[WARN] [1785830902.362265568] [coord_transform]: Outlier rejected #1 (jumped 240.9mm). Ignoring.
[WARN] [1785830906.329042861] [coord_transform]: Outlier rejected #2 (jumped 199.2mm). Ignoring.
[WARN] [1785830918.838621365] [coord_transform]: Outlier rejected #3 (jumped 881.5mm). Ignoring.
[WARN] [1785830918.872536119] [coord_transform]: Outlier rejected #4 (jumped 728.2mm). Ignoring.
[INFO] [1785830918.904721699] [coord_transform]: Too many outliers (5). Resetting filter to new position.
[WARN] [1785830919.172379526] [coord_transform]: Outlier rejected #1 (jumped 178.7mm). Ignoring.
[WARN] [1785830919.373261365] [coord_transform]: Outlier rejected #2 (jumped 939.0mm). Ignoring.
[WARN] [1785830919.403790793] [coord_transform]: Outlier rejected #3 (jumped 993.3mm). Ignoring.
[WARN] [1785830919.438286717] [coord_transform]: Outlier rejected #4 (jumped 1003.7mm). Ignoring.
[INFO] [1785830919.748656247] [coord_transform]: Too many outliers (5). Resetting filter to new position.
[WARN] [1785830924.008164886] [coord_transform]: Outlier rejected #1 (jumped 527.4mm). Ignoring.
[WARN] [1785830924.043331754] [coord_transform]: Outlier rejected #2 (jumped 547.0mm). Ignoring.
[WARN] [1785830924.079277173] [coord_transform]: Outlier rejected #3 (jumped 581.5mm). Ignoring.
[WARN] [1785830924.111096487] [coord_transform]: Outlier rejected #4 (jumped 646.6mm). Ignoring.
[INFO] [1785830924.145874516] [coord_transform]: Too many outliers (5). Resetting filter to new position.
[WARN] [1785830926.521203452] [coord_transform]: Outlier rejected #1 (jumped 610.4mm). Ignoring.
[WARN] [1785830926.550455156] [coord_transform]: Outlier rejected #2 (jumped 604.7mm). Ignoring.
[WARN] [1785830926.582624385] [coord_transform]: Outlier rejected #3 (jumped 607.1mm). Ignoring.
[WARN] [1785830926.617204051] [coord_transform]: Outlier rejected #4 (jumped 603.2mm). Ignoring.
[INFO] [1785830926.652801760] [coord_transform]: Too many outliers (5). Resetting filter to new position.
[WARN] [1785830929.348643742] [coord_transform]: Outlier rejected #1 (jumped 232.4mm). Ignoring.
[WARN] [1785830929.913493473] [coord_transform]: Outlier rejected #1 (jumped 278.8mm). Ignoring.
[WARN] [1785830932.917112298] [coord_transform]: Outlier rejected #1 (jumped 188.0mm). Ignoring.
[WARN] [1785830932.951908200] [coord_transform]: Outlier rejected #2 (jumped 250.8mm). Ignoring.
[WARN] [1785830932.984399500] [coord_transform]: Outlier rejected #3 (jumped 416.8mm). Ignoring.
[WARN] [1785830933.016890229] [coord_transform]: Outlier rejected #4 (jumped 332.3mm). Ignoring.
[INFO] [1785830933.050563678] [coord_transform]: Too many outliers (5). Resetting filter to new position.
[WARN] [1785830941.188671872] [coord_transform]: Outlier rejected #1 (jumped 415.7mm). Ignoring.
[WARN] [1785830941.222645289] [coord_transform]: Outlier rejected #2 (jumped 403.0mm). Ignoring.
[WARN] [1785830941.254989215] [coord_transform]: Outlier rejected #3 (jumped 394.8mm). Ignoring.
[WARN] [1785830941.289488375] [coord_transform]: Outlier rejected #4 (jumped 386.5mm). Ignoring.
[INFO] [1785830941.323012737] [coord_transform]: Too many outliers (5). Resetting filter to new position.
[WARN] [1785830942.558254414] [coord_transform]: Outlier rejected #1 (jumped 179.1mm). Ignoring.
[WARN] [1785830942.591671869] [coord_transform]: Outlier rejected #2 (jumped 216.6mm). Ignoring.
[WARN] [1785830942.625109123] [coord_transform]: Outlier rejected #3 (jumped 211.0mm). Ignoring.
[WARN] [1785830942.657487325] [coord_transform]: Outlier rejected #4 (jumped 213.2mm). Ignoring.
[INFO] [1785830944.391874913] [coord_transform]: Too many outliers (5). Resetting filter to new position.
[WARN] [1785830947.130642231] [coord_transform]: Outlier rejected #1 (jumped 839.4mm). Ignoring.
[WARN] [1785830947.163517692] [coord_transform]: Outlier rejected #2 (jumped 915.4mm). Ignoring.
[WARN] [1785830947.198748022] [coord_transform]: Outlier rejected #3 (jumped 922.9mm). Ignoring.
[WARN] [1785830947.238811460] [coord_transform]: Outlier rejected #4 (jumped 927.4mm). Ignoring.
[INFO] [1785830947.270207709] [coord_transform]: Too many outliers (5). Resetting filter to new position.
[WARN] [1785830952.064835221] [coord_transform]: Outlier rejected #1 (jumped 528.5mm). Ignoring.
[WARN] [1785830952.100010185] [coord_transform]: Outlier rejected #2 (jumped 536.4mm). Ignoring.
[WARN] [1785830952.134534905] [coord_transform]: Outlier rejected #3 (jumped 537.4mm). Ignoring.
[WARN] [1785830952.166070893] [coord_transform]: Outlier rejected #4 (jumped 540.0mm). Ignoring.
[INFO] [1785830952.200256419] [coord_transform]: Too many outliers (5). Resetting filter to new position.
[WARN] [1785830968.943692320] [coord_transform]: Outlier rejected #1 (jumped 851.1mm). Ignoring.
[WARN] [1785830968.978409571] [coord_transform]: Outlier rejected #2 (jumped 903.9mm). Ignoring.
[WARN] [1785830969.010939626] [coord_transform]: Outlier rejected #3 (jumped 838.3mm). Ignoring.
[WARN] [1785830969.077684813] [coord_transform]: Outlier rejected #4 (jumped 972.9mm). Ignoring.
[INFO] [1785830969.111330639] [coord_transform]: Too many outliers (5). Resetting filter to new position.
[WARN] [1785830969.378701312] [coord_transform]: Outlier rejected #1 (jumped 248.7mm). Ignoring.
[WARN] [1785830970.179919697] [coord_transform]: Outlier rejected #1 (jumped 831.1mm). Ignoring.
[WARN] [1785830970.216823324] [coord_transform]: Outlier rejected #2 (jumped 950.6mm). Ignoring.
[WARN] [1785830970.249592429] [coord_transform]: Outlier rejected #3 (jumped 889.7mm). Ignoring.
[WARN] [1785830970.283753127] [coord_transform]: Outlier rejected #4 (jumped 877.1mm). Ignoring.
[INFO] [1785830970.313185219] [coord_transform]: Too many outliers (5). Resetting filter to new position.
[WARN] [1785830970.347719859] [coord_transform]: Outlier rejected #1 (jumped 250.1mm). Ignoring.
[WARN] [1785830970.412570394] [coord_transform]: Outlier rejected #1 (jumped 437.8mm). Ignoring.
[WARN] [1785830970.447847244] [coord_transform]: Outlier rejected #2 (jumped 475.8mm). Ignoring.
[WARN] [1785830970.481589626] [coord_transform]: Outlier rejected #3 (jumped 612.4mm). Ignoring.
[WARN] [1785830970.514660222] [coord_transform]: Outlier rejected #4 (jumped 648.5mm). Ignoring.
[INFO] [1785830970.545074127] [coord_transform]: Too many outliers (5). Resetting filter to new position.
[WARN] [1785830970.648830689] [coord_transform]: Outlier rejected #1 (jumped 175.2mm). Ignoring.
[WARN] [1785830970.680733224] [coord_transform]: Outlier rejected #2 (jumped 192.7mm). Ignoring.
[WARN] [1785830970.714024817] [coord_transform]: Outlier rejected #3 (jumped 322.7mm). Ignoring.
[WARN] [1785830970.747641576] [coord_transform]: Outlier rejected #4 (jumped 268.3mm). Ignoring.
[INFO] [1785830970.782694845] [coord_transform]: Too many outliers (5). Resetting filter to new position.
[WARN] [1785830971.045885509] [coord_transform]: Outlier rejected #1 (jumped 196.3mm). Ignoring.
[WARN] [1785830971.113797627] [coord_transform]: Outlier rejected #1 (jumped 153.2mm). Ignoring.
[WARN] [1785830971.149763796] [coord_transform]: Outlier rejected #2 (jumped 209.6mm). Ignoring.
[WARN] [1785830971.288126194] [coord_transform]: Outlier rejected #1 (jumped 176.6mm). Ignoring.
[WARN] [1785830971.315821808] [coord_transform]: Outlier rejected #2 (jumped 229.0mm). Ignoring.
[WARN] [1785830971.349601863] [coord_transform]: Outlier rejected #3 (jumped 253.3mm). Ignoring.
[WARN] [1785830971.382165522] [coord_transform]: Outlier rejected #4 (jumped 304.1mm). Ignoring.
[INFO] [1785830971.447862980] [coord_transform]: Too many outliers (5). Resetting filter to new position.
[WARN] [1785830986.557893521] [coord_transform]: Outlier rejected #1 (jumped 720.2mm). Ignoring.
[WARN] [1785830986.593025652] [coord_transform]: Outlier rejected #2 (jumped 846.0mm). Ignoring.
[WARN] [1785830986.623833567] [coord_transform]: Outlier rejected #3 (jumped 758.6mm). Ignoring.
[WARN] [1785830986.660485929] [coord_transform]: Outlier rejected #4 (jumped 853.0mm). Ignoring.
[INFO] [1785830986.693247520] [coord_transform]: Too many outliers (5). Resetting filter to new position.
[WARN] [1785830986.725160805] [coord_transform]: Outlier rejected #1 (jumped 599.5mm). Ignoring.
[WARN] [1785830986.759737215] [coord_transform]: Outlier rejected #2 (jumped 692.0mm). Ignoring.
[WARN] [1785830987.125369085] [coord_transform]: Outlier rejected #3 (jumped 809.0mm). Ignoring.
[WARN] [1785830987.159857816] [coord_transform]: Outlier rejected #4 (jumped 824.3mm). Ignoring.
[INFO] [1785830987.192682368] [coord_transform]: Too many outliers (5). Resetting filter to new position.
[WARN] [1785830994.497406995] [coord_transform]: Outlier rejected #1 (jumped 226.2mm). Ignoring.
[WARN] [1785830994.531102747] [coord_transform]: Outlier rejected #2 (jumped 245.3mm). Ignoring.
[WARN] [1785830994.565186798] [coord_transform]: Outlier rejected #3 (jumped 273.4mm). Ignoring.
[WARN] [1785830994.596164500] [coord_transform]: Outlier rejected #4 (jumped 302.9mm). Ignoring.
[INFO] [1785830994.629352062] [coord_transform]: Too many outliers (5). Resetting filter to new position.
[WARN] [1785830998.834016486] [coord_transform]: Outlier rejected #1 (jumped 150.4mm). Ignoring.
[WARN] [1785830998.870344373] [coord_transform]: Outlier rejected #2 (jumped 191.4mm). Ignoring.
[WARN] [1785830999.067707127] [coord_transform]: Outlier rejected #1 (jumped 169.9mm). Ignoring.
[WARN] [1785831022.018579439] [coord_transform]: Outlier rejected #1 (jumped 1098.4mm). Ignoring.
[WARN] [1785831022.051991493] [coord_transform]: Outlier rejected #2 (jumped 1099.5mm). Ignoring.
[WARN] [1785831022.085328704] [coord_transform]: Outlier rejected #3 (jumped 1099.7mm). Ignoring.
[WARN] [1785831022.118681735] [coord_transform]: Outlier rejected #4 (jumped 1108.2mm). Ignoring.
[INFO] [1785831022.150975524] [coord_transform]: Too many outliers (5). Resetting filter to new position.
[WARN] [1785831022.218335317] [coord_transform]: Outlier rejected #1 (jumped 619.1mm). Ignoring.
[WARN] [1785831022.252455407] [coord_transform]: Outlier rejected #2 (jumped 347.7mm). Ignoring.
[WARN] [1785831042.834038968] [coord_transform]: Outlier rejected #3 (jumped 727.2mm). Ignoring.
[WARN] [1785831042.868712986] [coord_transform]: Outlier rejected #4 (jumped 734.8mm). Ignoring.
[INFO] [1785831042.901987956] [coord_transform]: Too many outliers (5). Resetting filter to new position.
[WARN] [1785831047.771625350] [coord_transform]: Outlier rejected #1 (jumped 174.8mm). Ignoring.
[WARN] [1785831047.804440374] [coord_transform]: Outlier rejected #2 (jumped 166.9mm). Ignoring.
[WARN] [1785831047.840118297] [coord_transform]: Outlier rejected #3 (jumped 160.8mm). Ignoring.
[WARN] [1785831047.870568843] [coord_transform]: Outlier rejected #4 (jumped 156.2mm). Ignoring.
[WARN] [1785831062.749667052] [coord_transform]: Outlier rejected #1 (jumped 575.3mm). Ignoring.
[WARN] [1785831062.783538593] [coord_transform]: Outlier rejected #2 (jumped 585.1mm). Ignoring.
[WARN] [1785831062.816889680] [coord_transform]: Outlier rejected #3 (jumped 598.2mm). Ignoring.
[WARN] [1785831062.849837280] [coord_transform]: Outlier rejected #4 (jumped 605.6mm). Ignoring.
[INFO] [1785831062.883835114] [coord_transform]: Too many outliers (5). Resetting filter to new position.
[WARN] [1785831064.627910309] [coord_transform]: Outlier rejected #1 (jumped 1323.6mm). Ignoring.
[WARN] [1785831064.651641554] [coord_transform]: Outlier rejected #2 (jumped 1321.2mm). Ignoring.
[WARN] [1785831064.862850591] [coord_transform]: Outlier rejected #3 (jumped 747.7mm). Ignoring.
[WARN] [1785831064.917970957] [coord_transform]: Outlier rejected #4 (jumped 732.5mm). Ignoring.
[INFO] [1785831064.951797528] [coord_transform]: Too many outliers (5). Resetting filter to new position.
[WARN] [1785831065.563058677] [coord_transform]: Outlier rejected #1 (jumped 1999.6mm). Ignoring.
[WARN] [1785831065.590164984] [coord_transform]: Outlier rejected #2 (jumped 1998.9mm). Ignoring.
[WARN] [1785831065.620002742] [coord_transform]: Outlier rejected #3 (jumped 1894.2mm). Ignoring.
[WARN] [1785831065.652494816] [coord_transform]: Outlier rejected #4 (jumped 1677.4mm). Ignoring.
[INFO] [1785831065.684699480] [coord_transform]: Too many outliers (5). Resetting filter to new position.
[WARN] [1785831065.721417252] [coord_transform]: Outlier rejected #1 (jumped 462.5mm). Ignoring.
[WARN] [1785831065.752595004] [coord_transform]: Outlier rejected #2 (jumped 490.6mm). Ignoring.
[WARN] [1785831065.786592292] [coord_transform]: Outlier rejected #3 (jumped 469.8mm). Ignoring.
[WARN] [1785831065.818546656] [coord_transform]: Outlier rejected #4 (jumped 469.0mm). Ignoring.
[INFO] [1785831065.852578621] [coord_transform]: Too many outliers (5). Resetting filter to new position.
[WARN] [1785831065.918423518] [coord_transform]: Outlier rejected #1 (jumped 549.2mm). Ignoring.
[WARN] [1785831065.951735264] [coord_transform]: Outlier rejected #2 (jumped 916.8mm). Ignoring.
[WARN] [1785831065.985623744] [coord_transform]: Outlier rejected #3 (jumped 907.2mm). Ignoring.
[WARN] [1785831066.018487855] [coord_transform]: Outlier rejected #4 (jumped 838.4mm). Ignoring.
[INFO] [1785831066.053434703] [coord_transform]: Too many outliers (5). Resetting filter to new position.
[WARN] [1785831066.085002796] [coord_transform]: Outlier rejected #1 (jumped 564.7mm). Ignoring.
[WARN] [1785831066.119279286] [coord_transform]: Outlier rejected #2 (jumped 525.3mm). Ignoring.
[WARN] [1785831066.154185467] [coord_transform]: Outlier rejected #3 (jumped 379.1mm). Ignoring.
[WARN] [1785831066.192896952] [coord_transform]: Outlier rejected #4 (jumped 368.3mm). Ignoring.
[INFO] [1785831066.230410766] [coord_transform]: Too many outliers (5). Resetting filter to new position.
[WARN] [1785831075.755599776] [coord_transform]: Outlier rejected #1 (jumped 2206.7mm). Ignoring.
[WARN] [1785831106.722777708] [coord_transform]: Outlier rejected #2 (jumped 2259.0mm). Ignoring.
[WARN] [1785831106.757906114] [coord_transform]: Outlier rejected #3 (jumped 2262.0mm). Ignoring.
[WARN] [1785831106.827482647] [coord_transform]: Outlier rejected #4 (jumped 2234.0mm). Ignoring.
[INFO] [1785831106.863630572] [coord_transform]: Too many outliers (5). Resetting filter to new position.
[WARN] [1785831109.924877433] [coord_transform]: Outlier rejected #1 (jumped 192.4mm). Ignoring.
[WARN] [1785831109.960211124] [coord_transform]: Outlier rejected #2 (jumped 190.2mm). Ignoring.
[WARN] [1785831110.958333892] [coord_transform]: Outlier rejected #1 (jumped 207.2mm). Ignoring.
[WARN] [1785831138.522306052] [coord_transform]: Outlier rejected #2 (jumped 337.2mm). Ignoring.
[WARN] [1785831138.624172866] [coord_transform]: Outlier rejected #3 (jumped 385.3mm). Ignoring.
[WARN] [1785831138.656750924] [coord_transform]: Outlier rejected #4 (jumped 402.9mm). Ignoring.
[INFO] [1785831138.690602208] [coord_transform]: Too many outliers (5). Resetting filter to new position.
[WARN] [1785831142.522683301] [coord_transform]: Outlier rejected #1 (jumped 1907.6mm). Ignoring.
[WARN] [1785831142.558921215] [coord_transform]: Outlier rejected #2 (jumped 1898.3mm). Ignoring.
[WARN] [1785831142.592058143] [coord_transform]: Outlier rejected #3 (jumped 1852.6mm). Ignoring.
[WARN] [1785831142.625379687] [coord_transform]: Outlier rejected #4 (jumped 2277.2mm). Ignoring.
[INFO] [1785831142.659688322] [coord_transform]: Too many outliers (5). Resetting filter to new position.
[WARN] [1785831142.692827665] [coord_transform]: Outlier rejected #1 (jumped 592.4mm). Ignoring.
[WARN] [1785831142.725536314] [coord_transform]: Outlier rejected #2 (jumped 792.0mm). Ignoring.
[WARN] [1785831162.033329779] [coord_transform]: Outlier rejected #3 (jumped 1564.6mm). Ignoring.
[WARN] [1785831162.068205914] [coord_transform]: Outlier rejected #4 (jumped 1553.6mm). Ignoring.
[INFO] [1785831162.103482016] [coord_transform]: Too many outliers (5). Resetting filter to new position.
[WARN] [1785831162.534648405] [coord_transform]: Outlier rejected #1 (jumped 659.7mm). Ignoring.
[WARN] [1785831162.566628522] [coord_transform]: Outlier rejected #2 (jumped 685.5mm). Ignoring.
[WARN] [1785831162.602234742] [coord_transform]: Outlier rejected #3 (jumped 627.3mm). Ignoring.
[WARN] [1785831162.634628550] [coord_transform]: Outlier rejected #4 (jumped 684.5mm). Ignoring.
[INFO] [1785831163.768605829] [coord_transform]: Too many outliers (5). Resetting filter to new position.
[WARN] [1785831163.834535645] [coord_transform]: Outlier rejected #1 (jumped 423.8mm). Ignoring.
[WARN] [1785831163.868689642] [coord_transform]: Outlier rejected #2 (jumped 242.7mm). Ignoring.
[WARN] [1785831186.982407414] [coord_transform]: Outlier rejected #1 (jumped 205.3mm). Ignoring.
[WARN] [1785831187.015659153] [coord_transform]: Outlier rejected #2 (jumped 235.9mm). Ignoring.
[WARN] [1785831187.050396412] [coord_transform]: Outlier rejected #3 (jumped 248.0mm). Ignoring.
[WARN] [1785831187.083449899] [coord_transform]: Outlier rejected #4 (jumped 262.3mm). Ignoring.
[INFO] [1785831187.117511906] [coord_transform]: Too many outliers (5). Resetting filter to new position.
[WARN] [1785831190.593434585] [coord_transform]: Outlier rejected #1 (jumped 269.5mm). Ignoring.
[WARN] [1785831190.772142408] [coord_transform]: Outlier rejected #2 (jumped 194.4mm). Ignoring.
[WARN] [1785831190.800581331] [coord_transform]: Outlier rejected #3 (jumped 206.1mm). Ignoring.
[WARN] [1785831190.832772832] [coord_transform]: Outlier rejected #4 (jumped 293.0mm). Ignoring.
[INFO] [1785831198.887382890] [coord_transform]: Too many outliers (5). Resetting filter to new position.
[WARN] [1785831238.321961331] [coord_transform]: Outlier rejected #1 (jumped 1769.7mm). Ignoring.
[WARN] [1785831238.558254352] [coord_transform]: Outlier rejected #2 (jumped 2178.2mm). Ignoring.
[WARN] [1785831238.614437125] [coord_transform]: Outlier rejected #3 (jumped 2075.2mm). Ignoring.
[WARN] [1785831238.646188043] [coord_transform]: Outlier rejected #4 (jumped 2091.2mm). Ignoring.
[INFO] [1785831238.680842303] [coord_transform]: Too many outliers (5). Resetting filter to new position.
[WARN] [1785831241.298801136] [coord_transform]: Outlier rejected #1 (jumped 316.7mm). Ignoring.
[WARN] [1785831242.149345866] [coord_transform]: Outlier rejected #1 (jumped 211.8mm). Ignoring.
[WARN] [1785831242.250565394] [coord_transform]: Outlier rejected #1 (jumped 192.7mm). Ignoring.
[WARN] [1785831242.383205831] [coord_transform]: Outlier rejected #1 (jumped 234.8mm). Ignoring.
[WARN] [1785831242.415161516] [coord_transform]: Outlier rejected #2 (jumped 187.1mm). Ignoring.
[WARN] [1785831242.484243207] [coord_transform]: Outlier rejected #1 (jumped 233.7mm). Ignoring.
[WARN] [1785831540.756094128] [coord_transform]: Outlier rejected #1 (jumped 363.8mm). Ignoring.
[WARN] [1785831542.521334060] [coord_transform]: Outlier rejected #2 (jumped 378.3mm). Ignoring.
[WARN] [1785831544.021744549] [coord_transform]: Outlier rejected #3 (jumped 362.8mm). Ignoring.
[WARN] [1785831544.045493606] [coord_transform]: Outlier rejected #4 (jumped 350.4mm). Ignoring.
[INFO] [1785831544.623516564] [coord_transform]: Too many outliers (5). Resetting filter to new position.
[WARN] [1785831963.847063161] [coord_transform]: Outlier rejected #1 (jumped 1386.6mm). Ignoring.
[WARN] [1785831963.879950589] [coord_transform]: Outlier rejected #2 (jumped 1402.1mm). Ignoring.
[WARN] [1785831963.912364894] [coord_transform]: Outlier rejected #3 (jumped 1426.7mm). Ignoring.
[WARN] [1785831964.227447999] [coord_transform]: Outlier rejected #4 (jumped 1433.8mm). Ignoring.
[INFO] [1785831964.252992796] [coord_transform]: Too many outliers (5). Resetting filter to new position.
[WARN] [1785831968.561781009] [coord_transform]: Outlier rejected #1 (jumped 1430.6mm). Ignoring.
[WARN] [1785831968.628288029] [coord_transform]: Outlier rejected #2 (jumped 229.0mm). Ignoring.
[WARN] [1785831968.651729227] [coord_transform]: Outlier rejected #3 (jumped 337.3mm). Ignoring.
[WARN] [1785831968.716436057] [coord_transform]: Outlier rejected #4 (jumped 415.4mm). Ignoring.
[INFO] [1785831968.861491690] [coord_transform]: Too many outliers (5). Resetting filter to new position.
[WARN] [1785831969.216024385] [coord_transform]: Outlier rejected #1 (jumped 390.6mm). Ignoring.
[WARN] [1785831969.396145759] [coord_transform]: Outlier rejected #1 (jumped 1602.1mm). Ignoring.
[WARN] [1785831969.462999686] [coord_transform]: Outlier rejected #2 (jumped 1551.1mm). Ignoring.
[WARN] [1785831969.486855277] [coord_transform]: Outlier rejected #3 (jumped 1549.8mm). Ignoring.
[WARN] [1785831969.517700786] [coord_transform]: Outlier rejected #4 (jumped 1578.0mm). Ignoring.
[INFO] [1785831969.594937906] [coord_transform]: Too many outliers (5). Resetting filter to new position.
[WARN] [1785831969.694750281] [coord_transform]: Outlier rejected #1 (jumped 963.8mm). Ignoring.
[WARN] [1785831969.717568724] [coord_transform]: Outlier rejected #2 (jumped 858.5mm). Ignoring.
[WARN] [1785831969.751317675] [coord_transform]: Outlier rejected #3 (jumped 872.6mm). Ignoring.
[WARN] [1785831969.785291390] [coord_transform]: Outlier rejected #4 (jumped 1053.4mm). Ignoring.
[INFO] [1785831970.654624877] [coord_transform]: Too many outliers (5). Resetting filter to new position.
[WARN] [1785831971.398935333] [coord_transform]: Outlier rejected #1 (jumped 727.5mm). Ignoring.
[WARN] [1785831973.020736520] [coord_transform]: Outlier rejected #2 (jumped 440.0mm). Ignoring.
[WARN] [1785831973.053311628] [coord_transform]: Outlier rejected #3 (jumped 396.0mm). Ignoring.
[WARN] [1785831973.086954954] [coord_transform]: Outlier rejected #4 (jumped 388.8mm). Ignoring.
[INFO] [1785831973.121018071] [coord_transform]: Too many outliers (5). Resetting filter to new position.
[WARN] [1785831983.972950421] [coord_transform]: Outlier rejected #1 (jumped 2262.9mm). Ignoring.
[WARN] [1785831984.029916422] [coord_transform]: Outlier rejected #2 (jumped 2397.4mm). Ignoring.
[WARN] [1785831984.062091255] [coord_transform]: Outlier rejected #3 (jumped 2110.9mm). Ignoring.
[WARN] [1785831984.096681649] [coord_transform]: Outlier rejected #4 (jumped 1384.6mm). Ignoring.
[INFO] [1785831984.175401813] [coord_transform]: Too many outliers (5). Resetting filter to new position.
[WARN] [1785831985.263786601] [coord_transform]: Outlier rejected #1 (jumped 302.8mm). Ignoring.
[WARN] [1785831985.295928833] [coord_transform]: Outlier rejected #2 (jumped 613.4mm). Ignoring.
[WARN] [1785831985.331267683] [coord_transform]: Outlier rejected #3 (jumped 618.1mm). Ignoring.
[WARN] [1785831985.363603911] [coord_transform]: Outlier rejected #4 (jumped 674.4mm). Ignoring.
[INFO] [1785831985.399667879] [coord_transform]: Too many outliers (5). Resetting filter to new position.
[WARN] [1785831985.497169786] [coord_transform]: Outlier rejected #1 (jumped 742.2mm). Ignoring.
[WARN] [1785831985.530020877] [coord_transform]: Outlier rejected #2 (jumped 697.6mm). Ignoring.
[WARN] [1785831985.562725751] [coord_transform]: Outlier rejected #3 (jumped 656.3mm). Ignoring.
[WARN] [1785831985.597227138] [coord_transform]: Outlier rejected #4 (jumped 617.5mm). Ignoring.
[INFO] [1785831985.632063668] [coord_transform]: Too many outliers (5). Resetting filter to new position.
[WARN] [1785831985.798161562] [coord_transform]: Outlier rejected #1 (jumped 1185.3mm). Ignoring.
[WARN] [1785831985.831425181] [coord_transform]: Outlier rejected #2 (jumped 1369.9mm). Ignoring.
[WARN] [1785831985.862817597] [coord_transform]: Outlier rejected #3 (jumped 1011.8mm). Ignoring.
[WARN] [1785831985.944389229] [coord_transform]: Outlier rejected #4 (jumped 770.0mm). Ignoring.
[INFO] [1785831985.970348374] [coord_transform]: Too many outliers (5). Resetting filter to new position.
[WARN] [1785831985.996803445] [coord_transform]: Outlier rejected #1 (jumped 291.0mm). Ignoring.
[WARN] [1785831986.028095713] [coord_transform]: Outlier rejected #2 (jumped 345.7mm). Ignoring.
[WARN] [1785831986.408975701] [coord_transform]: Outlier rejected #3 (jumped 508.0mm). Ignoring.
[WARN] [1785831986.435009849] [coord_transform]: Outlier rejected #4 (jumped 845.1mm). Ignoring.
[INFO] [1785831986.466200434] [coord_transform]: Too many outliers (5). Resetting filter to new position.
[WARN] [1785831986.633383922] [coord_transform]: Outlier rejected #1 (jumped 194.2mm). Ignoring.
[WARN] [1785831986.697313958] [coord_transform]: Outlier rejected #1 (jumped 174.9mm). Ignoring.
[WARN] [1785831988.011184744] [coord_transform]: Outlier rejected #2 (jumped 320.4mm). Ignoring.
[WARN] [1785832001.393981944] [coord_transform]: Outlier rejected #3 (jumped 2124.5mm). Ignoring.
[WARN] [1785832001.417287507] [coord_transform]: Outlier rejected #4 (jumped 2368.5mm). Ignoring.
[INFO] [1785832001.440285660] [coord_transform]: Too many outliers (5). Resetting filter to new position.
[WARN] [1785832001.615999919] [coord_transform]: Outlier rejected #1 (jumped 337.8mm). Ignoring.
