[INFO] [1786336352.789627671] [experiment_logger]: ✓ STARTED in-memory logging. Target file: /home/hungnb/cocarry_ws/cocarry_logs/experiment_GROUND_TRUTH_20260810_113232.csv
[INFO] [1786336352.817003726] [experiment_logger]: Logger ready.
[INFO] [1786336370.071074582] [experiment_logger]: Trajectory mode: prediction
[INFO] [1786336396.741464718] [experiment_logger]: Service called: /logger/toggle with data=True
[INFO] [1786336423.227267637] [experiment_logger]: Service called: /logger/toggle with data=False
[INFO] [1786336423.227684854] [experiment_logger]: Writing 1165 rows from memory to /home/hungnb/cocarry_ws/cocarry_logs/experiment_GROUND_TRUTH_20260810_113232.csv...
[INFO] [1786336423.238134379] [experiment_logger]: ✓ Successfully wrote logs to disk.
[INFO] [1786336423.240493115] [experiment_logger]: Stopped logging. Saved 1165 rows to /home/hungnb/cocarry_ws/cocarry_logs/experiment_GROUND_TRUTH_20260810_113232.csv
[INFO] [1786336423.248493244] [experiment_logger]: 
============================================================
EXPERIMENT METRICS
  File: experiment_GROUND_TRUTH_20260810_113232.csv
  Total samples: 1165
  Task completion time: 70.46 s
  --- Prediction Accuracy (over 1165 samples) ---
  Avg Inference Time: 31.64 ms
  Mean Squared Error (MSE): 0.353011 m²
  Mean Absolute Error (MAE - 3D): 0.2784 m
      MAE X: 0.0275 m
      MAE Y: 0.2589 m
      MAE Z: 0.0237 m
  --- Trajectory Smoothness (Robot EE) ---
  Mean Jerk (3D): 10.2209 m/s³
      Jerk X: 3.1955 m/s³
      Jerk Y: 5.3270 m/s³
      Jerk Z: 6.2420 m/s³
  Max Jerk (3D): 131.4485 m/s³
  RMS Jerk (3D): 21.8960 m/s³
============================================================
[INFO] [1786336434.533806052] [experiment_logger]: Service called: /logger/toggle with data=False
[INFO] [1786336440.143185057] [experiment_logger]: Trajectory mode: prediction
[INFO] [1786336445.511670053] [experiment_logger]: Service called: /logger/toggle with data=False
[INFO] [1786336465.451903050] [experiment_logger]: Service called: /logger/toggle with data=True
[INFO] [1786336465.452412760] [experiment_logger]: ✓ STARTED in-memory logging. Target file: /home/hungnb/cocarry_ws/cocarry_logs/experiment_SVGP+MJM_20260810_113425.csv
[INFO] [1786336477.755961074] [experiment_logger]: Service called: /logger/toggle with data=False
[INFO] [1786336477.756339289] [experiment_logger]: Writing 366 rows from memory to /home/hungnb/cocarry_ws/cocarry_logs/experiment_SVGP+MJM_20260810_113425.csv...
[INFO] [1786336477.795012047] [experiment_logger]: ✓ Successfully wrote logs to disk.
[INFO] [1786336477.800383447] [experiment_logger]: Stopped logging. Saved 366 rows to /home/hungnb/cocarry_ws/cocarry_logs/experiment_SVGP+MJM_20260810_113425.csv
[INFO] [1786336477.804464612] [experiment_logger]: 
============================================================
EXPERIMENT METRICS
  File: experiment_SVGP+MJM_20260810_113425.csv
  Total samples: 366
  Task completion time: 12.30 s
  --- Prediction Accuracy (over 366 samples) ---
  Avg Inference Time: 13.01 ms
  Mean Squared Error (MSE): 0.110072 m²
  Mean Absolute Error (MAE - 3D): 0.2431 m
      MAE X: 0.0352 m
      MAE Y: 0.2179 m
      MAE Z: 0.0597 m
  --- Trajectory Smoothness (Robot EE) ---
  Mean Jerk (3D): 6.3428 m/s³
      Jerk X: 0.5426 m/s³
      Jerk Y: 3.2173 m/s³
      Jerk Z: 4.8021 m/s³
  Max Jerk (3D): 110.4173 m/s³
  RMS Jerk (3D): 16.9944 m/s³
============================================================
[INFO] [1786336479.303990261] [experiment_logger]: Service called: /logger/toggle with data=True
[INFO] [1786336479.304399012] [experiment_logger]: ✓ STARTED in-memory logging. Target file: /home/hungnb/cocarry_ws/cocarry_logs/experiment_SVGP+MJM_20260810_113439.csv
[INFO] [1786336481.361348811] [experiment_logger]: Service called: /logger/toggle with data=False
[INFO] [1786336481.361753896] [experiment_logger]: Writing 61 rows from memory to /home/hungnb/cocarry_ws/cocarry_logs/experiment_SVGP+MJM_20260810_113439.csv...
[INFO] [1786336481.363388292] [experiment_logger]: ✓ Successfully wrote logs to disk.
[INFO] [1786336481.363738785] [experiment_logger]: Stopped logging. Saved 61 rows to /home/hungnb/cocarry_ws/cocarry_logs/experiment_SVGP+MJM_20260810_113439.csv
[INFO] [1786336481.364414694] [experiment_logger]: 
============================================================
EXPERIMENT METRICS
  File: experiment_SVGP+MJM_20260810_113439.csv
  Total samples: 61
  Task completion time: 2.06 s
  --- Prediction Accuracy (over 61 samples) ---
  Avg Inference Time: 30.17 ms
  Mean Squared Error (MSE): 0.001485 m²
  Mean Absolute Error (MAE - 3D): 0.0354 m
      MAE X: 0.0232 m
      MAE Y: 0.0229 m
      MAE Z: 0.0050 m
  Jerk: insufficient EE data for calculation
============================================================
[INFO] [1786338458.104136360] [experiment_logger]: Service called: /logger/toggle with data=True
[INFO] [1786338458.104784718] [experiment_logger]: ✓ STARTED in-memory logging. Target file: /home/hungnb/cocarry_ws/cocarry_logs/experiment_SVGP+MJM_20260810_120738.csv
[INFO] [1786338471.248522581] [experiment_logger]: Service called: /logger/toggle with data=False
[INFO] [1786338471.248877763] [experiment_logger]: Writing 388 rows from memory to /home/hungnb/cocarry_ws/cocarry_logs/experiment_SVGP+MJM_20260810_120738.csv...
[INFO] [1786338471.251730766] [experiment_logger]: ✓ Successfully wrote logs to disk.
[INFO] [1786338471.252226108] [experiment_logger]: Stopped logging. Saved 388 rows to /home/hungnb/cocarry_ws/cocarry_logs/experiment_SVGP+MJM_20260810_120738.csv
[INFO] [1786338471.255124907] [experiment_logger]: 
============================================================
EXPERIMENT METRICS
  File: experiment_SVGP+MJM_20260810_120738.csv
  Total samples: 388
  Task completion time: 13.14 s
  --- Prediction Accuracy (over 388 samples) ---
  Avg Inference Time: 11.67 ms
  Mean Squared Error (MSE): 0.213819 m²
  Mean Absolute Error (MAE - 3D): 0.3543 m
      MAE X: 0.0892 m
      MAE Y: 0.2969 m
      MAE Z: 0.0898 m
  --- Trajectory Smoothness (Robot EE) ---
  Mean Jerk (3D): 7.7931 m/s³
      Jerk X: 1.2192 m/s³
      Jerk Y: 3.9084 m/s³
      Jerk Z: 5.5776 m/s³
  Max Jerk (3D): 106.0921 m/s³
  RMS Jerk (3D): 17.3499 m/s³
============================================================
[INFO] [1786338476.373492391] [experiment_logger]: Service called: /logger/toggle with data=False
[INFO] [1786338504.784832752] [experiment_logger]: Service called: /logger/toggle with data=True
[INFO] [1786338504.785191170] [experiment_logger]: ✓ STARTED in-memory logging. Target file: /home/hungnb/cocarry_ws/cocarry_logs/experiment_SVGP+MJM_20260810_120824.csv
[INFO] [1786338518.394276053] [experiment_logger]: Service called: /logger/toggle with data=False
[INFO] [1786338518.394627848] [experiment_logger]: Writing 407 rows from memory to /home/hungnb/cocarry_ws/cocarry_logs/experiment_SVGP+MJM_20260810_120824.csv...
[INFO] [1786338518.397729425] [experiment_logger]: ✓ Successfully wrote logs to disk.
[INFO] [1786338518.398643888] [experiment_logger]: Stopped logging. Saved 407 rows to /home/hungnb/cocarry_ws/cocarry_logs/experiment_SVGP+MJM_20260810_120824.csv
[INFO] [1786338518.403045124] [experiment_logger]: 
============================================================
EXPERIMENT METRICS
  File: experiment_SVGP+MJM_20260810_120824.csv
  Total samples: 407
  Task completion time: 13.61 s
  --- Prediction Accuracy (over 407 samples) ---
  Avg Inference Time: 11.63 ms
  Mean Squared Error (MSE): 0.222689 m²
  Mean Absolute Error (MAE - 3D): 0.3403 m
      MAE X: 0.0524 m
      MAE Y: 0.3220 m
      MAE Z: 0.0418 m
  --- Trajectory Smoothness (Robot EE) ---
  Mean Jerk (3D): 5.9712 m/s³
      Jerk X: 1.0359 m/s³
      Jerk Y: 3.0888 m/s³
      Jerk Z: 4.2525 m/s³
  Max Jerk (3D): 103.3972 m/s³
  RMS Jerk (3D): 12.4781 m/s³
============================================================
[INFO] [1786338556.372075205] [experiment_logger]: Service called: /logger/toggle with data=True
[INFO] [1786338556.372487388] [experiment_logger]: ✓ STARTED in-memory logging. Target file: /home/hungnb/cocarry_ws/cocarry_logs/experiment_SVGP+MJM_20260810_120916.csv
[INFO] [1786338569.465705659] [experiment_logger]: Service called: /logger/toggle with data=False
[INFO] [1786338569.466044587] [experiment_logger]: Writing 390 rows from memory to /home/hungnb/cocarry_ws/cocarry_logs/experiment_SVGP+MJM_20260810_120916.csv...
[INFO] [1786338569.468421726] [experiment_logger]: ✓ Successfully wrote logs to disk.
[INFO] [1786338569.468885037] [experiment_logger]: Stopped logging. Saved 390 rows to /home/hungnb/cocarry_ws/cocarry_logs/experiment_SVGP+MJM_20260810_120916.csv
[INFO] [1786338569.471414631] [experiment_logger]: 
============================================================
EXPERIMENT METRICS
  File: experiment_SVGP+MJM_20260810_120916.csv
  Total samples: 390
  Task completion time: 13.09 s
  --- Prediction Accuracy (over 390 samples) ---
  Avg Inference Time: 12.16 ms
  Mean Squared Error (MSE): 0.122656 m²
  Mean Absolute Error (MAE - 3D): 0.2306 m
      MAE X: 0.0541 m
      MAE Y: 0.1963 m
      MAE Z: 0.0516 m
  --- Trajectory Smoothness (Robot EE) ---
  Mean Jerk (3D): 4.2406 m/s³
      Jerk X: 0.3055 m/s³
      Jerk Y: 1.7733 m/s³
      Jerk Z: 3.6635 m/s³
  Max Jerk (3D): 60.2216 m/s³
  RMS Jerk (3D): 8.2226 m/s³
============================================================
[INFO] [1786338585.097335576] [experiment_logger]: Service called: /logger/toggle with data=False
[INFO] [1786338619.219922364] [experiment_logger]: Service called: /logger/toggle with data=True
[INFO] [1786338619.220265522] [experiment_logger]: ✓ STARTED in-memory logging. Target file: /home/hungnb/cocarry_ws/cocarry_logs/experiment_SVGP+MJM_20260810_121019.csv
[INFO] [1786338636.503172935] [experiment_logger]: Service called: /logger/toggle with data=False
[INFO] [1786338636.504028721] [experiment_logger]: Writing 450 rows from memory to /home/hungnb/cocarry_ws/cocarry_logs/experiment_SVGP+MJM_20260810_121019.csv...
[INFO] [1786338636.508729408] [experiment_logger]: ✓ Successfully wrote logs to disk.
[INFO] [1786338636.509843470] [experiment_logger]: Stopped logging. Saved 450 rows to /home/hungnb/cocarry_ws/cocarry_logs/experiment_SVGP+MJM_20260810_121019.csv
[INFO] [1786338636.515179563] [experiment_logger]: 
============================================================
EXPERIMENT METRICS
  File: experiment_SVGP+MJM_20260810_121019.csv
  Total samples: 450
  Task completion time: 17.28 s
  --- Prediction Accuracy (over 450 samples) ---
  Avg Inference Time: 10.93 ms
  Mean Squared Error (MSE): 0.489944 m²
  Mean Absolute Error (MAE - 3D): 0.6295 m
      MAE X: 0.0649 m
      MAE Y: 0.5988 m
      MAE Z: 0.0901 m
  --- Trajectory Smoothness (Robot EE) ---
  Mean Jerk (3D): 10.9663 m/s³
      Jerk X: 1.1081 m/s³
      Jerk Y: 6.5070 m/s³
      Jerk Z: 8.1502 m/s³
  Max Jerk (3D): 106.0439 m/s³
  RMS Jerk (3D): 20.1456 m/s³
============================================================
[INFO] [1786338670.552922292] [experiment_logger]: Service called: /logger/toggle with data=True
[INFO] [1786338670.553570696] [experiment_logger]: ✓ STARTED in-memory logging. Target file: /home/hungnb/cocarry_ws/cocarry_logs/experiment_SVGP+MJM_20260810_121110.csv
[INFO] [1786338686.356993919] [experiment_logger]: Service called: /logger/toggle with data=False
[INFO] [1786338686.357380368] [experiment_logger]: Writing 405 rows from memory to /home/hungnb/cocarry_ws/cocarry_logs/experiment_SVGP+MJM_20260810_121110.csv...
[INFO] [1786338686.360204294] [experiment_logger]: ✓ Successfully wrote logs to disk.
[INFO] [1786338686.360771386] [experiment_logger]: Stopped logging. Saved 405 rows to /home/hungnb/cocarry_ws/cocarry_logs/experiment_SVGP+MJM_20260810_121110.csv
[INFO] [1786338686.364292766] [experiment_logger]: 
============================================================
EXPERIMENT METRICS
  File: experiment_SVGP+MJM_20260810_121110.csv
  Total samples: 405
  Task completion time: 15.80 s
  --- Prediction Accuracy (over 405 samples) ---
  Avg Inference Time: 12.04 ms
  Mean Squared Error (MSE): 0.244220 m²
  Mean Absolute Error (MAE - 3D): 0.4277 m
      MAE X: 0.0346 m
      MAE Y: 0.4105 m
      MAE Z: 0.0355 m
  --- Trajectory Smoothness (Robot EE) ---
  Mean Jerk (3D): 7.5929 m/s³
      Jerk X: 1.4456 m/s³
      Jerk Y: 4.2885 m/s³
      Jerk Z: 5.3103 m/s³
  Max Jerk (3D): 55.3368 m/s³
  RMS Jerk (3D): 12.5291 m/s³
============================================================
[INFO] [1786338688.964064468] [experiment_logger]: Service called: /logger/toggle with data=False
[INFO] [1786338720.383754533] [experiment_logger]: Service called: /logger/toggle with data=True
[INFO] [1786338720.384227445] [experiment_logger]: ✓ STARTED in-memory logging. Target file: /home/hungnb/cocarry_ws/cocarry_logs/experiment_SVGP+MJM_20260810_121200.csv
