[INFO] [1786089696.034240528] [cartesian_streamer]: CartesianStreamer khởi động (chờ Enable Robot từ UI).
  Stream rate:       15 Hz (period=66.7ms)
  Queue dt:          0.067 s
  Prebuffer points:  3
  Retry backoff:     66.0 ms
  Gửi PoseStamped lên: /cartesian_streamer/target_pose
  Gửi XYZ lên:        /cartesian_streamer/target_xyz
  Nhận EE pose tại:   /cartesian_streamer/current_pose
[INFO] [1786089696.039017311] [cartesian_streamer]: Nhận joint_states: ['1.571', '0.124', '-1.049', '0.000', '-0.398', '-1.444']
[INFO] [1786089696.507567308] [cartesian_streamer]: ⚡ Simulation mode: Bỏ qua FK cross-validation, ÉP DÙNG Local IK.
   (MoveIt không có planning library trong môi trường giả lập)
[INFO] [1786089696.508610555] [cartesian_streamer]: Đã nhận joint_states. EE hiện tại: (-0.1620, 0.2801, 0.3785). IK mode: Local DLS. Chờ Enable Robot từ UI...
[INFO] [1786089724.745874062] [cartesian_streamer]: Disable Robot: dừng stream, tắt traj mode...
[INFO] [1786089724.747278407] [cartesian_streamer]: ✗ Robot DISABLED.
[INFO] [1786089737.577665099] [cartesian_streamer]: Enable Robot: bắt đầu chuỗi khởi động...
[INFO] [1786089737.577974400] [cartesian_streamer]: Enable: reset_error...
[INFO] [1786089737.580100169] [cartesian_streamer]: reset_error: code=1, msg="Mock: Error Reset OK"
[INFO] [1786089737.580622880] [cartesian_streamer]: Enable: stop_traj_mode (giải phóng mode cũ)...
[INFO] [1786089737.584194532] [cartesian_streamer]: stop_traj_mode: success=True, code=N/A, msg="Mock: OK"
[INFO] [1786089737.584842207] [cartesian_streamer]: Enable: chờ 1.5s để hệ thống ổn định trước khi start queue...
[INFO] [1786089739.085742403] [cartesian_streamer]: Enable: StartPointQueueMode...
[INFO] [1786089739.088010048] [cartesian_streamer]: StartPointQueueMode response: code=1, msg="Mock: Queue Mode Started"
[INFO] [1786089739.088606117] [cartesian_streamer]: ✓ Robot ENABLED — Point Queue Mode active. Servo ON!
[INFO] [1786089739.139779896] [cartesian_streamer]: Runtime rate: state=seeding, tick_hz=0.0, queue_send_hz=0.0, ack_hz=0.0, busy_hz=0.0, retry_count=0, reject_count=0, inter_ack_ms=0.0, max_joint_delta=0.000, cumul_time=0.00s, hold_count=0, ik_mode=Local, ik_avg_ms=0.00, ik_fails=0
[INFO] [1786089739.140327494] [cartesian_streamer]: Bootstrap EE pose via FK: (-0.1620, 0.2801, 0.3785)
[INFO] [1786089739.140812123] [cartesian_streamer]: Đang stream qua service: /queue_traj_point
[INFO] [1786089739.141519861] [cartesian_streamer]: Đã gửi seed point (current joints, t=0), chờ ACK...
[INFO] [1786089739.145219153] [cartesian_streamer]: Seed ACK nhận được, bắt đầu prebuffer.
[INFO] [1786089739.145483189] [cartesian_streamer]: Queue accepted sample#1: svc=/queue_traj_point, t_cumul=0.0000s, code=1, msg="Mock: Point accepted (0)", hold=False
[INFO] [1786089739.209415630] [cartesian_streamer]: Queue accepted sample#2: svc=/queue_traj_point, t_cumul=0.0656s, code=1, msg="Mock: Point accepted (1)", hold=True
[INFO] [1786089739.275533753] [cartesian_streamer]: Queue accepted sample#3: svc=/queue_traj_point, t_cumul=0.1322s, code=1, msg="Mock: Point accepted (2)", hold=True
[INFO] [1786089739.341860798] [cartesian_streamer]: Pre-buffer hoàn tất (3 points), bắt đầu stream ổn định. Đang chờ target...
[INFO] [1786089739.343360923] [cartesian_streamer]: Queue accepted sample#4: svc=/queue_traj_point, t_cumul=0.1986s, code=1, msg="Mock: Point accepted (3)", hold=True
[INFO] [1786089739.408365597] [cartesian_streamer]: Queue accepted sample#5: svc=/queue_traj_point, t_cumul=0.2652s, code=1, msg="Mock: Point accepted (4)", hold=True
[INFO] [1786089740.009169707] [cartesian_streamer]: IK OK → Δmax=0.0000 rad, joints: [1.571, 0.124, -1.049, 0.000, -0.398, -1.444]
[WARN] [1786089740.075988975] [cartesian_streamer]: QueueTrajPoint đã được accept nhưng joint_states hầu như không đổi. Kiểm tra: 1) Robot ở mode AUTO? 2) Servo ON? 3) E-stop cleared?
[INFO] [1786089740.410336311] [cartesian_streamer]: QueueTrajPoint accepted #20: t=1.267s, hold=False
[INFO] [1786089741.743600466] [cartesian_streamer]: QueueTrajPoint accepted #40: t=2.600s, hold=False
[INFO] [1786089741.808075836] [cartesian_streamer]: IK delta clamped → joints: [1.558, 0.083, -0.967, 0.000, -0.515, -1.431]
[INFO] [1786089742.075814469] [cartesian_streamer]: IK OK → Δmax=0.0900 rad, joints: [1.542, 0.047, -0.892, 0.000, -0.536, -1.415]
[INFO] [1786089743.080272130] [cartesian_streamer]: QueueTrajPoint accepted #60: t=3.936s, hold=False
[INFO] [1786089743.874963738] [cartesian_streamer]: IK delta clamped → joints: [1.425, -0.146, -0.513, 0.000, -0.680, -1.298]
[INFO] [1786089744.141089757] [cartesian_streamer]: Runtime rate: state=streaming, tick_hz=15.0, queue_send_hz=15.0, ack_hz=15.0, busy_hz=0.0, retry_count=0, reject_count=0, inter_ack_ms=66.6, max_joint_delta=0.090, cumul_time=4.93s, hold_count=0, ik_mode=Local, ik_avg_ms=0.73, ik_fails=0
[INFO] [1786089744.143903176] [cartesian_streamer]: IK OK → Δmax=0.0900 rad, joints: [1.438, -0.130, -0.460, 0.000, -0.701, -1.311]
[INFO] [1786089744.410417525] [cartesian_streamer]: QueueTrajPoint accepted #80: t=5.267s, hold=False
[INFO] [1786089745.743327252] [cartesian_streamer]: QueueTrajPoint accepted #100: t=6.601s, hold=False
[INFO] [1786089745.941049459] [cartesian_streamer]: IK delta clamped → joints: [1.478, 0.089, -0.221, 0.000, -0.845, -1.351]
[INFO] [1786089746.207965673] [cartesian_streamer]: IK OK → Δmax=0.0900 rad, joints: [1.479, 0.123, -0.263, 0.000, -0.867, -1.352]
[INFO] [1786089747.078923147] [cartesian_streamer]: QueueTrajPoint accepted #120: t=7.934s, hold=False
[INFO] [1786089748.009541410] [cartesian_streamer]: IK delta clamped → joints: [1.464, 0.421, -0.496, 0.000, -0.724, -1.337]
[INFO] [1786089748.209227865] [cartesian_streamer]: IK OK → Δmax=0.0900 rad, joints: [1.461, 0.465, -0.508, 0.000, -0.708, -1.333]
[INFO] [1786089748.411098198] [cartesian_streamer]: QueueTrajPoint accepted #140: t=9.268s, hold=False
[INFO] [1786089749.206532555] [cartesian_streamer]: Runtime rate: state=streaming, tick_hz=15.0, queue_send_hz=15.0, ack_hz=15.0, busy_hz=0.0, retry_count=0, reject_count=0, inter_ack_ms=66.7, max_joint_delta=0.090, cumul_time=10.00s, hold_count=0, ik_mode=Local, ik_avg_ms=0.82, ik_fails=0
[INFO] [1786089749.480192116] [cartesian_streamer]: Disable Robot: dừng stream, tắt traj mode...
[INFO] [1786089749.487596551] [cartesian_streamer]: ✗ Robot DISABLED.
[INFO] [1786089755.871321876] [cartesian_streamer]: Disable Robot: dừng stream, tắt traj mode...
[INFO] [1786089755.871848645] [cartesian_streamer]: ✗ Robot DISABLED.
