[INFO] [1785751172.023039078] [experiment_logger]: ✓ STARTED in-memory logging. Target file: /home/hungnb/cocarry_ws/cocarry_logs/experiment_GROUND_TRUTH_20260803_165932.csv
[INFO] [1785751172.045766800] [experiment_logger]: Logger ready.
[INFO] [1785751396.345731144] [experiment_logger]: Trajectory mode: ground_truth
[INFO] [1785751403.703272501] [experiment_logger]: Service called: /logger/toggle with data=True
[INFO] [1785751435.425480836] [experiment_logger]: Service called: /logger/toggle with data=False
[INFO] [1785751435.425893856] [experiment_logger]: Writing 2899 rows from memory to /home/hungnb/cocarry_ws/cocarry_logs/experiment_GROUND_TRUTH_20260803_165932.csv...
[INFO] [1785751435.440437154] [experiment_logger]: ✓ Successfully wrote logs to disk.
[INFO] [1785751435.443679213] [experiment_logger]: Stopped logging. Saved 2899 rows to /home/hungnb/cocarry_ws/cocarry_logs/experiment_GROUND_TRUTH_20260803_165932.csv
[INFO] [1785751435.463307198] [experiment_logger]: 
============================================================
EXPERIMENT METRICS
  File: experiment_GROUND_TRUTH_20260803_165932.csv
  Total samples: 2899
  Task completion time: 263.43 s
  Mode: GROUND TRUTH (no prediction metrics)
  --- Trajectory Smoothness (Robot EE) ---
  Mean Jerk (3D): 82.3419 m/s³
      Jerk X: 28.7505 m/s³
      Jerk Y: 54.5131 m/s³
      Jerk Z: 39.9596 m/s³
  Max Jerk (3D): 599.3888 m/s³
  RMS Jerk (3D): 155.1090 m/s³
============================================================
[INFO] [1785751440.525973937] [experiment_logger]: Service called: /logger/toggle with data=False
