[INFO] [1781597480.413729932] [coord_transform]: CoordTransformNode khởi động.
  Object offset (cam frame): [0.05 0.   0.1 ]
  Translation cam→base:      [0.5 0.  1.2]
  EE orientation (xyzw):     [0.0, 1.0, 0.0, 0.0]
  Prediction step:           5
  Axis remap:                [0, 1, 2]
  Axis sign:                 [-1.0, 1.0, 1.0]
  Workspace X: (-1.0, 1.0), Y: (-0.5, 1.3), Z: (0.05, 1.5)
  Filter outlier_threshold:  0.15m
  Filter median_size_y:      3
  Filter deadband_tol:       15.0mm
  Filter stationary_thresh:  3 frames
  Filter max_rate:           5.0cm/frame
  Filter EMA moving(x,y,z):  (1.0,0.8,1.0)
  Filter EMA hold  (x,y,z):  (0.08,0.02,0.05)
[WARN] [1781597508.980643211] [coord_transform]: Outlier rejected #1 (jumped 2244.0mm). Ignoring.
[WARN] [1781597509.017636392] [coord_transform]: Outlier rejected #2 (jumped 2277.1mm). Ignoring.
[WARN] [1781597509.053880229] [coord_transform]: Outlier rejected #3 (jumped 2252.0mm). Ignoring.
[WARN] [1781597509.088878222] [coord_transform]: Outlier rejected #4 (jumped 2261.1mm). Ignoring.
[INFO] [1781597509.123441576] [coord_transform]: Too many outliers (5). Resetting filter to new position.
[WARN] [1781597527.765744097] [coord_transform]: Outlier rejected #1 (jumped 462.1mm). Ignoring.
[WARN] [1781597527.910509814] [coord_transform]: Outlier rejected #1 (jumped 270.0mm). Ignoring.
[WARN] [1781597527.939029215] [coord_transform]: Outlier rejected #2 (jumped 237.0mm). Ignoring.
[WARN] [1781597527.976198869] [coord_transform]: Outlier rejected #3 (jumped 297.0mm). Ignoring.
[WARN] [1781597528.011571613] [coord_transform]: Outlier rejected #4 (jumped 290.6mm). Ignoring.
[INFO] [1781597528.045393224] [coord_transform]: Too many outliers (5). Resetting filter to new position.
[WARN] [1781597532.987457279] [coord_transform]: Outlier rejected #1 (jumped 169.4mm). Ignoring.
[WARN] [1781597533.179486050] [coord_transform]: Outlier rejected #1 (jumped 190.4mm). Ignoring.
[WARN] [1781597533.278497936] [coord_transform]: Outlier rejected #1 (jumped 364.8mm). Ignoring.
[WARN] [1781597533.812334997] [coord_transform]: Outlier rejected #1 (jumped 156.4mm). Ignoring.
[WARN] [1781597533.906292233] [coord_transform]: Outlier rejected #1 (jumped 172.4mm). Ignoring.
[WARN] [1781597533.976694718] [coord_transform]: Outlier rejected #1 (jumped 158.3mm). Ignoring.
[WARN] [1781597534.010882298] [coord_transform]: Outlier rejected #2 (jumped 192.4mm). Ignoring.
[WARN] [1781597534.419809080] [coord_transform]: Outlier rejected #1 (jumped 189.3mm). Ignoring.
[WARN] [1781597535.000033573] [coord_transform]: Outlier rejected #1 (jumped 333.5mm). Ignoring.
[WARN] [1781597535.858342070] [coord_transform]: Outlier rejected #1 (jumped 365.5mm). Ignoring.
[WARN] [1781597536.055634523] [coord_transform]: Outlier rejected #2 (jumped 379.4mm). Ignoring.
[WARN] [1781597536.190633697] [coord_transform]: Outlier rejected #1 (jumped 190.4mm). Ignoring.
[WARN] [1781597537.035207929] [coord_transform]: Outlier rejected #1 (jumped 248.4mm). Ignoring.
[WARN] [1781597537.298404701] [coord_transform]: Outlier rejected #1 (jumped 209.9mm). Ignoring.
[WARN] [1781597537.328147682] [coord_transform]: Outlier rejected #2 (jumped 223.9mm). Ignoring.
[WARN] [1781597537.420547668] [coord_transform]: Outlier rejected #1 (jumped 191.4mm). Ignoring.
[WARN] [1781597537.485369330] [coord_transform]: Outlier rejected #1 (jumped 518.9mm). Ignoring.
[WARN] [1781597537.519024349] [coord_transform]: Outlier rejected #2 (jumped 375.8mm). Ignoring.
[WARN] [1781597537.556426623] [coord_transform]: Outlier rejected #3 (jumped 388.7mm). Ignoring.
[WARN] [1781597537.590779369] [coord_transform]: Outlier rejected #4 (jumped 461.2mm). Ignoring.
[INFO] [1781597537.629419607] [coord_transform]: Too many outliers (5). Resetting filter to new position.
[WARN] [1781597537.706087638] [coord_transform]: Outlier rejected #1 (jumped 182.3mm). Ignoring.
[WARN] [1781597537.772309915] [coord_transform]: Outlier rejected #1 (jumped 164.3mm). Ignoring.
[WARN] [1781597538.298256003] [coord_transform]: Outlier rejected #1 (jumped 173.3mm). Ignoring.
[WARN] [1781597538.407580792] [coord_transform]: Outlier rejected #1 (jumped 185.3mm). Ignoring.
[WARN] [1781597538.444354689] [coord_transform]: Outlier rejected #2 (jumped 196.5mm). Ignoring.
[WARN] [1781597539.210805601] [coord_transform]: Outlier rejected #1 (jumped 274.5mm). Ignoring.
[WARN] [1781597539.544361294] [coord_transform]: Outlier rejected #1 (jumped 365.2mm). Ignoring.
[WARN] [1781597539.644882401] [coord_transform]: Outlier rejected #1 (jumped 159.5mm). Ignoring.
[WARN] [1781597540.254862878] [coord_transform]: Outlier rejected #1 (jumped 170.8mm). Ignoring.
[WARN] [1781597540.390582308] [coord_transform]: Outlier rejected #1 (jumped 223.9mm). Ignoring.
[WARN] [1781597540.648403920] [coord_transform]: Outlier rejected #1 (jumped 152.3mm). Ignoring.
[WARN] [1781597541.350302969] [coord_transform]: Outlier rejected #1 (jumped 159.3mm). Ignoring.
[WARN] [1781597541.445508520] [coord_transform]: Outlier rejected #1 (jumped 171.8mm). Ignoring.
[WARN] [1781597541.856148012] [coord_transform]: Outlier rejected #1 (jumped 290.5mm). Ignoring.
[WARN] [1781597541.893624330] [coord_transform]: Outlier rejected #2 (jumped 186.4mm). Ignoring.
[WARN] [1781597542.380929332] [coord_transform]: Outlier rejected #1 (jumped 206.4mm). Ignoring.
[WARN] [1781597542.461038640] [coord_transform]: Outlier rejected #1 (jumped 196.4mm). Ignoring.
[WARN] [1781597542.497097146] [coord_transform]: Outlier rejected #2 (jumped 172.0mm). Ignoring.
[WARN] [1781597542.576124242] [coord_transform]: Outlier rejected #1 (jumped 154.8mm). Ignoring.
[WARN] [1781597542.716889176] [coord_transform]: Outlier rejected #1 (jumped 188.5mm). Ignoring.
[WARN] [1781597542.822671293] [coord_transform]: Outlier rejected #1 (jumped 163.8mm). Ignoring.
[WARN] [1781597542.949948882] [coord_transform]: Outlier rejected #1 (jumped 194.4mm). Ignoring.
[WARN] [1781597543.051819512] [coord_transform]: Outlier rejected #1 (jumped 171.6mm). Ignoring.
[WARN] [1781597543.085276141] [coord_transform]: Outlier rejected #2 (jumped 208.2mm). Ignoring.
[WARN] [1781597543.117599399] [coord_transform]: Outlier rejected #3 (jumped 259.1mm). Ignoring.
[WARN] [1781597543.212277647] [coord_transform]: Outlier rejected #1 (jumped 152.1mm). Ignoring.
[WARN] [1781597543.247471323] [coord_transform]: Outlier rejected #2 (jumped 252.8mm). Ignoring.
[WARN] [1781597556.073890438] [coord_transform]: Outlier rejected #1 (jumped 446.0mm). Ignoring.
[WARN] [1781597571.411605579] [coord_transform]: Outlier rejected #1 (jumped 289.8mm). Ignoring.
[WARN] [1781597571.451161985] [coord_transform]: Outlier rejected #2 (jumped 289.8mm). Ignoring.
[WARN] [1781597571.480290401] [coord_transform]: Outlier rejected #3 (jumped 307.7mm). Ignoring.
[WARN] [1781597571.509514298] [coord_transform]: Outlier rejected #4 (jumped 298.8mm). Ignoring.
[INFO] [1781597571.543794828] [coord_transform]: Too many outliers (5). Resetting filter to new position.
[WARN] [1781597578.410375795] [coord_transform]: Outlier rejected #1 (jumped 230.3mm). Ignoring.
[WARN] [1781597578.448513720] [coord_transform]: Outlier rejected #2 (jumped 241.7mm). Ignoring.
[WARN] [1781597578.493347131] [coord_transform]: Outlier rejected #3 (jumped 283.3mm). Ignoring.
[WARN] [1781597578.535335138] [coord_transform]: Outlier rejected #4 (jumped 259.4mm). Ignoring.
[INFO] [1781597578.573866219] [coord_transform]: Too many outliers (5). Resetting filter to new position.
[WARN] [1781597578.609323550] [coord_transform]: Outlier rejected #1 (jumped 192.3mm). Ignoring.
[WARN] [1781597578.648740676] [coord_transform]: Outlier rejected #2 (jumped 431.3mm). Ignoring.
[WARN] [1781597578.686063140] [coord_transform]: Outlier rejected #3 (jumped 419.4mm). Ignoring.
[WARN] [1781597588.271434719] [coord_transform]: Outlier rejected #1 (jumped 156.4mm). Ignoring.
[INFO] [1781597604.622300192] [coord_transform]: Đã chuyển mode: ground_truth -> prediction
[INFO] [1781597608.895627197] [coord_transform]: Captured Init Pose! P_init=(-0.162, 0.280, 0.379), Cam_init=(0.147, 0.030, 0.031), Noise_Tol=60.0mm
Orientation=(0.998, 0.064, -0.000, 0.000)
[INFO] [1781597615.585323759] [coord_transform]: Deadband: RELEASE — motion detected
[INFO] [1781597615.631341540] [coord_transform]: Deadband: HOLD at (0.147, 0.030, 0.031)
[INFO] [1781597616.962785770] [coord_transform]: Re-sync camera init: [0.139 0.037 0.025]
[INFO] [1781597616.963595286] [coord_transform]: Trạng thái tracking: RUNNING
[INFO] [1781597616.995186456] [coord_transform]: [SNAP ON] Tay thực tế đứng yên. Ép dừng robot (GRU đang lệch 0.0cm).
[INFO] [1781597616.996896015] [coord_transform]: [PREDICTION] Transform: cam[0.139 0.037 0.025] → base[-0.162  0.28   0.379]
[INFO] [1781597617.695251788] [coord_transform]: Deadband: RELEASE — motion detected
[INFO] [1781597617.738910819] [coord_transform]: Deadband: HOLD at (0.139, 0.037, 0.025)
[INFO] [1781597618.534863514] [coord_transform]: [SNAP OFF] Tay di chuyển lại. Trả quyền cho GRU.
[INFO] [1781597618.607836937] [coord_transform]: [SNAP ON] Tay thực tế đứng yên. Ép dừng robot (GRU đang lệch 12.3cm).
[INFO] [1781597618.659822403] [coord_transform]: [SNAP OFF] Tay di chuyển lại. Trả quyền cho GRU.
[INFO] [1781597618.774776856] [coord_transform]: [SNAP OFF] Tay di chuyển lại. Trả quyền cho GRU.
[INFO] [1781597618.885232180] [coord_transform]: [SNAP OFF] Tay di chuyển lại. Trả quyền cho GRU.
[INFO] [1781597618.975263667] [coord_transform]: [SNAP OFF] Tay di chuyển lại. Trả quyền cho GRU.
[INFO] [1781597619.025714025] [coord_transform]: [PREDICTION] Transform: cam[0.103 0.156 0.069] → base[-0.125  0.38   0.422]
[INFO] [1781597619.502283942] [coord_transform]: [SNAP OFF] Tay di chuyển lại. Trả quyền cho GRU.
[INFO] [1781597619.582545538] [coord_transform]: [SNAP OFF] Tay di chuyển lại. Trả quyền cho GRU.
[INFO] [1781597619.639130489] [coord_transform]: [SNAP ON] Tay thực tế đứng yên. Ép dừng robot (GRU đang lệch 14.7cm).
[INFO] [1781597619.678252067] [coord_transform]: [SNAP OFF] Tay di chuyển lại. Trả quyền cho GRU.
[INFO] [1781597619.782285512] [coord_transform]: Deadband: RELEASE — motion detected
[INFO] [1781597619.791918219] [coord_transform]: [SNAP OFF] Tay di chuyển lại. Trả quyền cho GRU.
[INFO] [1781597619.832920176] [coord_transform]: Deadband: HOLD at (0.139, 0.037, 0.025)
[INFO] [1781597619.880082853] [coord_transform]: [SNAP OFF] Tay di chuyển lại. Trả quyền cho GRU.
[INFO] [1781597621.061082027] [coord_transform]: [PREDICTION] Transform: cam[0.076 0.236 0.104] → base[-0.098  0.479  0.457]
[INFO] [1781597623.136182313] [coord_transform]: [PREDICTION] Transform: cam[0.039 0.388 0.122] → base[-0.062  0.631  0.475]
[INFO] [1781597625.185253788] [coord_transform]: [PREDICTION] Transform: cam[-0.012  0.509  0.117] → base[-0.011  0.752  0.47 ]
[INFO] [1781597627.207257829] [coord_transform]: [PREDICTION] Transform: cam[-0.035  0.601  0.109] → base[0.012 0.844 0.462]
[INFO] [1781597629.247266099] [coord_transform]: [PREDICTION] Transform: cam[-0.05   0.713  0.08 ] → base[0.028 0.956 0.433]
[INFO] [1781597631.267457069] [coord_transform]: [PREDICTION] Transform: cam[-0.048  0.753  0.045] → base[0.025 0.996 0.398]
[INFO] [1781597633.312409826] [coord_transform]: [PREDICTION] Transform: cam[-0.048  0.753  0.045] → base[0.025 0.996 0.398]
[INFO] [1781597634.748979715] [coord_transform]: Trạng thái tracking: STOPPED
[WARN] [1781597659.313733806] [coord_transform]: Outlier rejected #1 (jumped 299.2mm). Ignoring.
[WARN] [1781597659.388710251] [coord_transform]: Outlier rejected #2 (jumped 338.7mm). Ignoring.
[WARN] [1781597659.455398667] [coord_transform]: Outlier rejected #3 (jumped 369.8mm). Ignoring.
[WARN] [1781597661.207169239] [coord_transform]: Outlier rejected #4 (jumped 634.6mm). Ignoring.
[INFO] [1781597661.278588479] [coord_transform]: Too many outliers (5). Resetting filter to new position.
[WARN] [1781597666.043323373] [coord_transform]: Outlier rejected #1 (jumped 1084.3mm). Ignoring.
[WARN] [1781597666.073020153] [coord_transform]: Outlier rejected #2 (jumped 1076.2mm). Ignoring.
[WARN] [1781597666.105884564] [coord_transform]: Outlier rejected #3 (jumped 1040.4mm). Ignoring.
[WARN] [1781597666.138214537] [coord_transform]: Outlier rejected #4 (jumped 1007.2mm). Ignoring.
[INFO] [1781597666.285468569] [coord_transform]: Too many outliers (5). Resetting filter to new position.
[WARN] [1781597667.613586914] [coord_transform]: Outlier rejected #1 (jumped 758.6mm). Ignoring.
[WARN] [1781597667.640351906] [coord_transform]: Outlier rejected #2 (jumped 766.9mm). Ignoring.
[WARN] [1781597667.672305659] [coord_transform]: Outlier rejected #3 (jumped 766.0mm). Ignoring.
[WARN] [1781597667.702025589] [coord_transform]: Outlier rejected #4 (jumped 782.0mm). Ignoring.
[INFO] [1781597667.735706096] [coord_transform]: Too many outliers (5). Resetting filter to new position.
[WARN] [1781597671.970432026] [coord_transform]: Outlier rejected #1 (jumped 195.8mm). Ignoring.
[WARN] [1781597672.006824058] [coord_transform]: Outlier rejected #2 (jumped 204.9mm). Ignoring.
[WARN] [1781597672.040200781] [coord_transform]: Outlier rejected #3 (jumped 227.5mm). Ignoring.
[WARN] [1781597672.075765966] [coord_transform]: Outlier rejected #4 (jumped 227.2mm). Ignoring.
[INFO] [1781597672.117126874] [coord_transform]: Too many outliers (5). Resetting filter to new position.
[WARN] [1781597712.166651000] [coord_transform]: Outlier rejected #1 (jumped 726.2mm). Ignoring.
[WARN] [1781597712.200718344] [coord_transform]: Outlier rejected #2 (jumped 755.2mm). Ignoring.
[WARN] [1781597712.231293789] [coord_transform]: Outlier rejected #3 (jumped 778.2mm). Ignoring.
[WARN] [1781597712.712332365] [coord_transform]: Outlier rejected #4 (jumped 688.8mm). Ignoring.
[INFO] [1781597712.916924107] [coord_transform]: Too many outliers (5). Resetting filter to new position.
[WARN] [1781597717.172530964] [coord_transform]: Outlier rejected #1 (jumped 635.2mm). Ignoring.
[WARN] [1781597717.208969500] [coord_transform]: Outlier rejected #2 (jumped 640.9mm). Ignoring.
[WARN] [1781597717.240968067] [coord_transform]: Outlier rejected #3 (jumped 652.7mm). Ignoring.
[WARN] [1781597717.279252021] [coord_transform]: Outlier rejected #4 (jumped 656.6mm). Ignoring.
[INFO] [1781597717.311344917] [coord_transform]: Too many outliers (5). Resetting filter to new position.
[WARN] [1781597718.883642816] [coord_transform]: Outlier rejected #1 (jumped 357.5mm). Ignoring.
[WARN] [1781597718.908474125] [coord_transform]: Outlier rejected #2 (jumped 320.4mm). Ignoring.
[WARN] [1781597718.941927597] [coord_transform]: Outlier rejected #3 (jumped 309.7mm). Ignoring.
[WARN] [1781597718.978736750] [coord_transform]: Outlier rejected #4 (jumped 260.7mm). Ignoring.
[INFO] [1781597719.249145565] [coord_transform]: Too many outliers (5). Resetting filter to new position.
[INFO] [1781597726.295972150] [coord_transform]: Trạng thái tracking: STOPPED
