[INFO] [1785739305.786505508] [trajectory_predictor]: [Predictor] Worker launched (pid=19135)
[INFO] [1785739305.786839898] [trajectory_predictor]: [Predictor] Started | model=gru | window=20 | auto_start=True
  Output Filter: enabled=True, ema_alpha=0.2, max_dev=0.08, max_rate=0.04
[WARN] [1785739306.106913549] [trajectory_predictor]: [Worker STDERR] WARNING: All log messages before absl::InitializeLog() is called are written to STDERR
[WARN] [1785739306.107379857] [trajectory_predictor]: [Worker STDERR] I0000 00:00:1785739306.106287   19135 cudart_stub.cc:31] Could not find cuda drivers on your machine, GPU will not be used.
[WARN] [1785739307.037912183] [trajectory_predictor]: [Worker STDERR] /usr/lib/python3/dist-packages/scipy/__init__.py:146: UserWarning: A NumPy version >=1.17.3 and <1.25.0 is required for this version of SciPy (detected version 1.26.4
[WARN] [1785739307.038253746] [trajectory_predictor]: [Worker STDERR] warnings.warn(f"A NumPy version >={np_minversion} and <{np_maxversion}"
[WARN] [1785739307.358521283] [trajectory_predictor]: [Worker STDERR] WARNING: All log messages before absl::InitializeLog() is called are written to STDERR
[WARN] [1785739307.358862134] [trajectory_predictor]: [Worker STDERR] I0000 00:00:1785739307.357584   19135 cudart_stub.cc:31] Could not find cuda drivers on your machine, GPU will not be used.
[WARN] [1785739308.411071028] [trajectory_predictor]: [Worker STDERR] /home/hungnb/.local/lib/python3.10/site-packages/sklearn/base.py:442: InconsistentVersionWarning: Trying to unpickle estimator MinMaxScaler from version 1.6.1 when using version 1.7.2. This might lead to breaking code or invalid results. Use at your own risk. For more info please refer to:
[INFO] [1785739308.411389727] [trajectory_predictor]: [Worker] TF 2.21.0 and sklearn loaded
[WARN] [1785739308.411555920] [trajectory_predictor]: [Worker STDERR] https://scikit-learn.org/stable/model_persistence.html#security-maintainability-limitations
[WARN] [1785739308.411807944] [trajectory_predictor]: [Worker STDERR] warnings.warn(
[INFO] [1785739308.928817403] [trajectory_predictor]: [Predictor] Worker READY | model=gru
[WARN] [1785740190.684202055] [trajectory_predictor]: [Worker STDERR] Traceback (most recent call last):
[WARN] [1785740190.684864114] [trajectory_predictor]: [Worker STDERR] File "/home/hungnb/cocarry_ws/build/trajectory_predictor/trajectory_predictor/inference_worker.py", line 255, in <module>
[WARN] [1785740190.685218192] [trajectory_predictor]: [Worker STDERR] main()
[WARN] [1785740190.685557218] [trajectory_predictor]: [Worker STDERR] File "/home/hungnb/cocarry_ws/build/trajectory_predictor/trajectory_predictor/inference_worker.py", line 190, in main
[WARN] [1785740190.685890622] [trajectory_predictor]: [Worker STDERR] for line in sys.stdin:
[WARN] [1785740190.686207622] [trajectory_predictor]: [Worker STDERR] KeyboardInterrupt
