[INFO] [1786953752.832593818] [coord_transform]: CoordTransformNode khởi động.
  Object offset (cam frame): [0.05 0.   0.1 ]
  Translation cam→base:      [0.5 0.  1.2]
  EE orientation (xyzw):     [0.0, 1.0, 0.0, 0.0]
  Prediction step:           5
  Axis remap:                [0, 1, 2]
  Axis sign:                 [-1.0, 1.0, 1.0]
  Workspace X: (-1.0, 1.0), Y: (-0.5, 1.3), Z: (0.05, 1.5)
  Filter outlier_threshold:  0.15m
  Filter median_size_y:      3
  Filter deadband_tol:       15.0mm
  Filter stationary_thresh:  3 frames
  Filter max_rate:           5.0cm/frame
  Filter EMA moving(x,y,z):  (1.0,0.8,1.0)
  Filter EMA hold  (x,y,z):  (0.08,0.02,0.05)
[WARN] [1786953764.486708258] [coord_transform]: Outlier rejected #1 (jumped 152.0mm). Ignoring.
[WARN] [1786953764.591782022] [coord_transform]: Outlier rejected #1 (jumped 165.1mm). Ignoring.
[WARN] [1786953764.623277040] [coord_transform]: Outlier rejected #2 (jumped 156.9mm). Ignoring.
[WARN] [1786953764.660012513] [coord_transform]: Outlier rejected #3 (jumped 244.3mm). Ignoring.
[WARN] [1786953764.690972954] [coord_transform]: Outlier rejected #4 (jumped 325.3mm). Ignoring.
[INFO] [1786953764.726064843] [coord_transform]: Too many outliers (5). Resetting filter to new position.
[INFO] [1786953771.816330005] [coord_transform]: Trạng thái tracking: STOPPED
[WARN] [1786953773.893261800] [coord_transform]: Outlier rejected #1 (jumped 2356.2mm). Ignoring.
[WARN] [1786953773.928228746] [coord_transform]: Outlier rejected #2 (jumped 2384.4mm). Ignoring.
[WARN] [1786953773.962646838] [coord_transform]: Outlier rejected #3 (jumped 2347.2mm). Ignoring.
[WARN] [1786953773.996139180] [coord_transform]: Outlier rejected #4 (jumped 2375.4mm). Ignoring.
[INFO] [1786953774.029047697] [coord_transform]: Too many outliers (5). Resetting filter to new position.
[WARN] [1786953776.926595879] [coord_transform]: Outlier rejected #1 (jumped 155.5mm). Ignoring.
[WARN] [1786953776.965043685] [coord_transform]: Outlier rejected #2 (jumped 160.6mm). Ignoring.
[WARN] [1786953777.061002908] [coord_transform]: Outlier rejected #1 (jumped 217.2mm). Ignoring.
[WARN] [1786953777.098851570] [coord_transform]: Outlier rejected #2 (jumped 152.0mm). Ignoring.
[WARN] [1786953777.163604635] [coord_transform]: Outlier rejected #3 (jumped 232.3mm). Ignoring.
[WARN] [1786953777.198102396] [coord_transform]: Outlier rejected #4 (jumped 168.7mm). Ignoring.
[INFO] [1786953779.776146043] [coord_transform]: Captured Init Pose! P_init=(-0.162, 0.309, 0.388), Cam_init=(0.139, -0.296, 0.018), Noise_Tol=60.0mm
Orientation=(0.988, -0.153, -0.004, -0.029)
[INFO] [1786953779.831128427] [coord_transform]: Deadband: RELEASE — motion detected
[INFO] [1786953779.929432031] [coord_transform]: Deadband: HOLD at (0.139, -0.296, 0.018)
[INFO] [1786953783.615597105] [coord_transform]: Đã chuyển mode: ground_truth -> prediction
[INFO] [1786953783.765874396] [coord_transform]: Deadband: HOLD at (0.139, -0.296, 0.018)
[INFO] [1786953783.782505048] [coord_transform]: [SNAP ON] Tay thực tế đứng yên. Ép dừng robot (GRU đang lệch 0.0cm).
[INFO] [1786953789.852520285] [coord_transform]: Deadband: RELEASE — motion detected
[INFO] [1786953789.893377958] [coord_transform]: Deadband: HOLD at (0.139, -0.296, 0.018)
[INFO] [1786953793.122497596] [coord_transform]: Deadband: RELEASE — motion detected
[INFO] [1786953793.161870729] [coord_transform]: Deadband: HOLD at (0.139, -0.296, 0.018)
[INFO] [1786953795.108776298] [coord_transform]: Trạng thái tracking: STOPPED
[INFO] [1786953803.981234868] [coord_transform]: Deadband: RELEASE — motion detected
[INFO] [1786953804.019068226] [coord_transform]: Deadband: HOLD at (0.139, -0.296, 0.018)
[INFO] [1786953804.314070298] [coord_transform]: Re-sync camera init: [ 0.146 -0.264  0.027]
[INFO] [1786953804.314403053] [coord_transform]: Trạng thái tracking: RUNNING
[INFO] [1786953804.370691970] [coord_transform]: [PREDICTION] Transform: cam[ 0.146 -0.264  0.027] → base[-0.162  0.309  0.388]
[INFO] [1786953805.896595761] [coord_transform]: [SNAP OFF] Tay di chuyển lại. Trả quyền cho GRU.
[INFO] [1786953805.935304123] [coord_transform]: [SNAP ON] Tay thực tế đứng yên. Ép dừng robot (GRU đang lệch 5.6cm).
[INFO] [1786953805.976211742] [coord_transform]: [SNAP OFF] Tay di chuyển lại. Trả quyền cho GRU.
[INFO] [1786953806.006970499] [coord_transform]: Deadband: RELEASE — motion detected
[INFO] [1786953806.042312958] [coord_transform]: [SNAP OFF] Tay di chuyển lại. Trả quyền cho GRU.
[INFO] [1786953806.052514178] [coord_transform]: Deadband: HOLD at (0.146, -0.264, 0.027)
[INFO] [1786953806.106627570] [coord_transform]: [SNAP OFF] Tay di chuyển lại. Trả quyền cho GRU.
[INFO] [1786953806.404605966] [coord_transform]: [PREDICTION] Transform: cam[ 0.17  -0.237  0.092] → base[-0.186  0.336  0.454]
[INFO] [1786953808.405373791] [coord_transform]: [PREDICTION] Transform: cam[0.168 0.084 0.188] → base[-0.184  0.657  0.549]
[INFO] [1786953810.408022883] [coord_transform]: [PREDICTION] Transform: cam[0.177 0.323 0.164] → base[-0.193  0.896  0.525]
[INFO] [1786953811.549215278] [coord_transform]: Trạng thái tracking: STOPPED
[WARN] [1786953837.938156775] [coord_transform]: Outlier rejected #1 (jumped 246.6mm). Ignoring.
[WARN] [1786953837.975206233] [coord_transform]: Outlier rejected #2 (jumped 168.0mm). Ignoring.
[WARN] [1786953838.007875668] [coord_transform]: Outlier rejected #3 (jumped 178.9mm). Ignoring.
[WARN] [1786953838.042056263] [coord_transform]: Outlier rejected #4 (jumped 178.9mm). Ignoring.
[INFO] [1786953838.073233827] [coord_transform]: Too many outliers (5). Resetting filter to new position.
[WARN] [1786953842.872338004] [coord_transform]: Outlier rejected #1 (jumped 221.5mm). Ignoring.
[WARN] [1786953842.909753244] [coord_transform]: Outlier rejected #2 (jumped 275.4mm). Ignoring.
[WARN] [1786953842.944521950] [coord_transform]: Outlier rejected #3 (jumped 181.7mm). Ignoring.
[WARN] [1786953842.976931345] [coord_transform]: Outlier rejected #4 (jumped 317.4mm). Ignoring.
[INFO] [1786953843.009315725] [coord_transform]: Too many outliers (5). Resetting filter to new position.
[INFO] [1786953843.009774665] [coord_transform]: Deadband: HOLD at (0.146, -0.264, 0.027)
[INFO] [1786953843.140153468] [coord_transform]: Deadband: RELEASE — motion detected
[INFO] [1786953857.484654443] [coord_transform]: Deadband: HOLD at (0.146, -0.264, 0.027)
[INFO] [1786953857.516931859] [coord_transform]: Deadband: RELEASE — motion detected
[WARN] [1786953859.589191692] [coord_transform]: Outlier rejected #1 (jumped 168.8mm). Ignoring.
[WARN] [1786953859.620135691] [coord_transform]: Outlier rejected #2 (jumped 225.9mm). Ignoring.
[WARN] [1786953859.658089818] [coord_transform]: Outlier rejected #3 (jumped 190.8mm). Ignoring.
[WARN] [1786953859.694270345] [coord_transform]: Outlier rejected #4 (jumped 195.3mm). Ignoring.
[INFO] [1786953859.743814339] [coord_transform]: Too many outliers (5). Resetting filter to new position.
[WARN] [1786953866.493553268] [coord_transform]: Outlier rejected #1 (jumped 1585.7mm). Ignoring.
[WARN] [1786953866.558520971] [coord_transform]: Outlier rejected #2 (jumped 1585.5mm). Ignoring.
[WARN] [1786953866.591734775] [coord_transform]: Outlier rejected #3 (jumped 1586.7mm). Ignoring.
[WARN] [1786953866.626787260] [coord_transform]: Outlier rejected #4 (jumped 1581.9mm). Ignoring.
[INFO] [1786953866.659574964] [coord_transform]: Too many outliers (5). Resetting filter to new position.
[WARN] [1786953866.724672027] [coord_transform]: Outlier rejected #1 (jumped 724.6mm). Ignoring.
[WARN] [1786953866.761288071] [coord_transform]: Outlier rejected #2 (jumped 475.6mm). Ignoring.
[WARN] [1786953866.793654955] [coord_transform]: Outlier rejected #3 (jumped 573.5mm). Ignoring.
[WARN] [1786953866.829491193] [coord_transform]: Outlier rejected #4 (jumped 487.4mm). Ignoring.
[INFO] [1786953866.859366987] [coord_transform]: Too many outliers (5). Resetting filter to new position.
[WARN] [1786953866.894351115] [coord_transform]: Outlier rejected #1 (jumped 254.8mm). Ignoring.
[WARN] [1786953866.956800467] [coord_transform]: Outlier rejected #2 (jumped 802.1mm). Ignoring.
[WARN] [1786953867.157740661] [coord_transform]: Outlier rejected #3 (jumped 305.8mm). Ignoring.
[WARN] [1786953867.457881593] [coord_transform]: Outlier rejected #4 (jumped 416.7mm). Ignoring.
[INFO] [1786953867.494932727] [coord_transform]: Too many outliers (5). Resetting filter to new position.
[WARN] [1786953867.526977065] [coord_transform]: Outlier rejected #1 (jumped 208.9mm). Ignoring.
[WARN] [1786953867.562795863] [coord_transform]: Outlier rejected #2 (jumped 160.5mm). Ignoring.
[WARN] [1786953868.776277632] [coord_transform]: Outlier rejected #1 (jumped 304.7mm). Ignoring.
[WARN] [1786953878.243134500] [coord_transform]: Outlier rejected #2 (jumped 625.6mm). Ignoring.
[WARN] [1786953885.449595978] [coord_transform]: Outlier rejected #3 (jumped 934.3mm). Ignoring.
