[INFO] [1786962454.125492456] [trajectory_predictor]: [Predictor] Worker launched (pid=122158)
[INFO] [1786962454.125985166] [trajectory_predictor]: [Predictor] Started | model=svgp | window=10 | auto_start=True
  Output Filter: enabled=True, ema_alpha=0.3, max_dev=0.08, max_rate=0.02
[WARN] [1786962455.291842342] [trajectory_predictor]: [Worker STDERR] /usr/lib/python3/dist-packages/scipy/__init__.py:146: UserWarning: A NumPy version >=1.17.3 and <1.25.0 is required for this version of SciPy (detected version 1.26.4
[WARN] [1786962455.292220005] [trajectory_predictor]: [Worker STDERR] warnings.warn(f"A NumPy version >={np_minversion} and <{np_maxversion}"
[INFO] [1786962456.184820527] [trajectory_predictor]: [Worker] TF 2.15.0 and sklearn loaded
[INFO] [1786962457.178703607] [trajectory_predictor]: [Predictor] Worker READY | model=svgp
[INFO] [1786962463.103503567] [trajectory_predictor]: [Filter] raw=(0.0741,0.3123,0.0472) → filt=(0.0741,-2.5870,-0.0175) Δ=(0.0000,2.8993,0.0646)
[INFO] [1786962469.095201743] [trajectory_predictor]: [Hybrid] FOLLOWER -> LEADER | x_0=(0.0749,-2.5734,-0.0169) | GOAL=(-0.1528,0.5660,-0.0325) | t_f=6.51s | 196 steps @ 30Hz | GRU worker dừng gửi lệnh predict (tiết kiệm tài nguyên)
[INFO] [1786962473.639888972] [trajectory_predictor]: [Predictor] Predicting STOPPED
[INFO] [1786962498.622147539] [trajectory_predictor]: [Predictor] Predicting STOPPED
[INFO] [1786962539.985139535] [trajectory_predictor]: [Predictor] Predicting STOPPED
[INFO] [1786962545.103342626] [trajectory_predictor]: [Predictor] Auto-enabled prediction mode via /trajectory_mode
[INFO] [1786962545.104101767] [trajectory_predictor]: [Predictor] Switching model → svgp
[INFO] [1786962545.104475192] [trajectory_predictor]: [Hybrid] Mode DISABLED (GRU only)
[INFO] [1786962545.128257634] [trajectory_predictor]: [Predictor] Model switched to svgp
[INFO] [1786962545.903442197] [trajectory_predictor]: [Filter] raw=(0.1804,-0.2652,0.0192) → filt=(0.1777,-0.2378,0.0207) Δ=(0.0027,0.0274,0.0015)
[INFO] [1786962552.573595480] [trajectory_predictor]: [Filter] raw=(0.1771,-0.2357,0.0254) → filt=(0.1755,-0.2238,0.0262) Δ=(0.0016,0.0119,0.0008)
[INFO] [1786962559.246683793] [trajectory_predictor]: [Filter] raw=(0.1851,-0.2823,0.0223) → filt=(0.1835,-0.2612,0.0232) Δ=(0.0016,0.0211,0.0009)
[INFO] [1786962565.918375258] [trajectory_predictor]: [Filter] raw=(0.1761,-0.2282,0.0174) → filt=(0.1749,-0.2108,0.0182) Δ=(0.0012,0.0173,0.0008)
[INFO] [1786962569.917743720] [trajectory_predictor]: [Predictor] Predicting STARTED
[INFO] [1786962572.635215061] [trajectory_predictor]: [Filter] raw=(0.1645,-0.1051,0.1174) → filt=(0.1669,-0.1372,0.1167) Δ=(0.0024,0.0322,0.0007)
[INFO] [1786962577.931396563] [trajectory_predictor]: [Predictor] Predicting STOPPED
[INFO] [1786962601.105378961] [trajectory_predictor]: [Predictor] Buffer cleared (no data for 1.9s)
[INFO] [1786962605.104819636] [trajectory_predictor]: [Predictor] Buffer cleared (no data for 1.2s)
[INFO] [1786962625.941668616] [trajectory_predictor]: [Predictor] Predicting STARTED
[INFO] [1786962627.300175460] [trajectory_predictor]: [Filter] raw=(0.1801,-0.1868,0.0828) → filt=(0.1809,-0.2177,0.0778) Δ=(0.0008,0.0309,0.0050)
[INFO] [1786962633.963608600] [trajectory_predictor]: [Filter] raw=(0.0796,0.5306,-0.0517) → filt=(0.0797,0.5349,-0.0498) Δ=(0.0001,0.0044,0.0019)
[INFO] [1786962640.633534986] [trajectory_predictor]: [Filter] raw=(0.1044,0.5012,-0.0613) → filt=(0.1012,0.5026,-0.0614) Δ=(0.0031,0.0014,0.0000)
[INFO] [1786962643.105015649] [trajectory_predictor]: [Predictor] Buffer cleared (no data for 1.4s)
[INFO] [1786962662.352103837] [trajectory_predictor]: [Filter] raw=(0.2572,-0.1012,-0.0703) → filt=(0.2518,0.0170,-0.0767) Δ=(0.0053,0.1182,0.0064)
[INFO] [1786962667.611449219] [trajectory_predictor]: [Predictor] Predicting STOPPED
[INFO] [1786962682.105378789] [trajectory_predictor]: [Predictor] Buffer cleared (no data for 1.3s)
[INFO] [1786962684.105210927] [trajectory_predictor]: [Predictor] Buffer cleared (no data for 1.5s)
[INFO] [1786962690.721575183] [trajectory_predictor]: [Predictor] Predicting STOPPED
[INFO] [1786962704.577339100] [trajectory_predictor]: [Predictor] Predicting STARTED
[INFO] [1786962705.992232471] [trajectory_predictor]: [Filter] raw=(0.1707,-0.0861,0.1219) → filt=(0.1726,-0.1251,0.1211) Δ=(0.0019,0.0390,0.0008)
[INFO] [1786962712.659840800] [trajectory_predictor]: [Filter] raw=(0.0887,0.5771,0.0891) → filt=(0.0848,0.5688,0.0947) Δ=(0.0039,0.0083,0.0056)
[INFO] [1786962714.734378967] [trajectory_predictor]: [Predictor] Predicting STOPPED
[INFO] [1786962714.998561627] [trajectory_predictor]: [Predictor] Predicting STARTED
[INFO] [1786962719.594776404] [trajectory_predictor]: [Filter] raw=(0.0821,0.5943,-0.0093) → filt=(0.0830,0.5852,-0.0100) Δ=(0.0008,0.0091,0.0006)
[INFO] [1786962726.263770440] [trajectory_predictor]: [Filter] raw=(0.0850,0.5699,-0.0046) → filt=(0.0858,0.5776,-0.0059) Δ=(0.0007,0.0077,0.0012)
[INFO] [1786962728.012001712] [trajectory_predictor]: [Predictor] Predicting STOPPED
[INFO] [1786962738.105236973] [trajectory_predictor]: [Predictor] Buffer cleared (no data for 1.1s)
[INFO] [1786962751.811644818] [trajectory_predictor]: [Predictor] Predicting STOPPED
[INFO] [1786962761.845300839] [trajectory_predictor]: [Predictor] Predicting STOPPED
[INFO] [1786962772.711766501] [trajectory_predictor]: [Predictor] Predicting STARTED
[INFO] [1786962774.302380646] [trajectory_predictor]: [Filter] raw=(0.1779,-0.2201,0.1544) → filt=(0.1748,-0.1872,0.1499) Δ=(0.0030,0.0329,0.0045)
[INFO] [1786962778.844960141] [trajectory_predictor]: [Predictor] Predicting STOPPED
[INFO] [1786962819.917744253] [trajectory_predictor]: [Predictor] Predicting STOPPED
[INFO] [1786962831.291172190] [trajectory_predictor]: [Predictor] Predicting STARTED
[INFO] [1786962833.434874969] [trajectory_predictor]: [Filter] raw=(0.1615,-0.1422,0.1596) → filt=(0.1602,-0.1285,0.1554) Δ=(0.0013,0.0137,0.0042)
[INFO] [1786962837.883983580] [trajectory_predictor]: [Predictor] Predicting STOPPED
[INFO] [1786962846.105006930] [trajectory_predictor]: [Predictor] Buffer cleared (no data for 1.4s)
[INFO] [1786962851.105801447] [trajectory_predictor]: [Predictor] Buffer cleared (no data for 1.4s)
[INFO] [1786962865.105130989] [trajectory_predictor]: [Predictor] Buffer cleared (no data for 1.0s)
[INFO] [1786962870.105464388] [trajectory_predictor]: [Predictor] Buffer cleared (no data for 2.0s)
[INFO] [1786962890.399418397] [trajectory_predictor]: [Predictor] Predicting STOPPED
[INFO] [1786962900.997030569] [trajectory_predictor]: [Predictor] Predicting STARTED
[INFO] [1786962903.203514823] [trajectory_predictor]: [Filter] raw=(0.1518,-0.0589,0.1423) → filt=(0.1545,-0.0976,0.1399) Δ=(0.0026,0.0387,0.0024)
[INFO] [1786962908.178113467] [trajectory_predictor]: [Predictor] Predicting STOPPED
[INFO] [1786962914.105243453] [trajectory_predictor]: [Predictor] Buffer cleared (no data for 1.1s)
[INFO] [1786962935.027353681] [trajectory_predictor]: [Predictor] Predicting STOPPED
[INFO] [1786962944.109304672] [trajectory_predictor]: [Predictor] Predicting STARTED
[INFO] [1786962945.838342217] [trajectory_predictor]: [Filter] raw=(0.1649,-0.1985,0.1410) → filt=(0.1543,-0.0950,0.1425) Δ=(0.0106,0.1034,0.0015)
[INFO] [1786962950.765366628] [trajectory_predictor]: [Predictor] Predicting STOPPED
[INFO] [1786962957.104989742] [trajectory_predictor]: [Predictor] Buffer cleared (no data for 1.1s)
[INFO] [1786962971.105372068] [trajectory_predictor]: [Predictor] Buffer cleared (no data for 1.5s)
[INFO] [1786962978.177932380] [trajectory_predictor]: [Predictor] Predicting STOPPED
[INFO] [1786962986.486820158] [trajectory_predictor]: [Predictor] Predicting STARTED
[INFO] [1786962988.227794722] [trajectory_predictor]: [Filter] raw=(0.1670,-0.1308,0.1489) → filt=(0.1648,-0.0977,0.1474) Δ=(0.0022,0.0331,0.0015)
[INFO] [1786962993.364461402] [trajectory_predictor]: [Predictor] Predicting STOPPED
[INFO] [1786963020.104865063] [trajectory_predictor]: [Predictor] Buffer cleared (no data for 2.0s)
[INFO] [1786963027.593647277] [trajectory_predictor]: [Predictor] Predicting STOPPED
[INFO] [1786963054.996912604] [trajectory_predictor]: [Predictor] Predicting STARTED
[INFO] [1786963056.543970049] [trajectory_predictor]: [Filter] raw=(0.1633,-0.1338,0.1436) → filt=(0.1699,-0.2040,0.1407) Δ=(0.0065,0.0702,0.0029)
[INFO] [1786963061.388112046] [trajectory_predictor]: [Predictor] Predicting STOPPED
[INFO] [1786963148.105540179] [trajectory_predictor]: [Predictor] Buffer cleared (no data for 1.1s)
[INFO] [1786963156.104996014] [trajectory_predictor]: [Predictor] Buffer cleared (no data for 1.8s)
[INFO] [1786963172.779349169] [trajectory_predictor]: [Predictor] Predicting STOPPED
[INFO] [1786963181.098072320] [trajectory_predictor]: [Predictor] Predicting STARTED
[INFO] [1786963182.939015351] [trajectory_predictor]: [Filter] raw=(0.1688,-0.1577,0.1242) → filt=(0.1683,-0.1575,0.1216) Δ=(0.0005,0.0002,0.0026)
[INFO] [1786963189.609284903] [trajectory_predictor]: [Filter] raw=(0.2687,0.3547,0.2572) → filt=(0.2236,-0.0680,0.1143) Δ=(0.0451,0.4227,0.1429)
[INFO] [1786963194.958599477] [trajectory_predictor]: [Predictor] Predicting STOPPED
