[INFO] [1786952704.644635340] [cartesian_streamer]: CartesianStreamer khởi động (chờ Enable Robot từ UI).
  Stream rate:       15 Hz (period=66.7ms)
  Queue dt:          0.067 s
  Prebuffer points:  3
  Retry backoff:     66.0 ms
  Gửi PoseStamped lên: /cartesian_streamer/target_pose
  Gửi XYZ lên:        /cartesian_streamer/target_xyz
  Nhận EE pose tại:   /cartesian_streamer/current_pose
[INFO] [1786952704.646921039] [cartesian_streamer]: Nhận joint_states: ['1.571', '0.124', '-1.003', '0.000', '-0.386', '-1.879']
[INFO] [1786952705.127724500] [cartesian_streamer]: ⚡ Simulation mode: Bỏ qua FK cross-validation, ÉP DÙNG Local IK.
   (MoveIt không có planning library trong môi trường giả lập)
[INFO] [1786952705.128872504] [cartesian_streamer]: Đã nhận joint_states. EE hiện tại: (-0.1620, 0.3090, 0.3882). IK mode: Local DLS. Chờ Enable Robot từ UI...
[INFO] [1786952717.249628765] [cartesian_streamer]: Disable Robot: dừng stream, tắt traj mode...
[INFO] [1786952717.250221874] [cartesian_streamer]: ✗ Robot DISABLED.
[INFO] [1786952741.616429265] [cartesian_streamer]: Enable Robot: bắt đầu chuỗi khởi động...
[INFO] [1786952741.617102316] [cartesian_streamer]: Enable: reset_error...
[INFO] [1786952741.634923000] [cartesian_streamer]: reset_error: code=1, msg="success"
[INFO] [1786952741.635534514] [cartesian_streamer]: Enable: stop_traj_mode (giải phóng mode cũ)...
[INFO] [1786952741.676164716] [cartesian_streamer]: stop_traj_mode: success=True, code=N/A, msg=""
[INFO] [1786952741.676672883] [cartesian_streamer]: Enable: chờ 1.5s để hệ thống ổn định trước khi start queue...
[INFO] [1786952743.177845132] [cartesian_streamer]: Enable: StartPointQueueMode...
[INFO] [1786952744.749767819] [cartesian_streamer]: StartPointQueueMode response: code=1, msg=""
[INFO] [1786952744.750320491] [cartesian_streamer]: ✓ Robot ENABLED — Point Queue Mode active. Servo ON!
[INFO] [1786952744.758184957] [cartesian_streamer]: Runtime rate: state=seeding, tick_hz=0.0, queue_send_hz=0.0, ack_hz=0.0, busy_hz=0.0, retry_count=0, reject_count=0, inter_ack_ms=0.0, max_joint_delta=0.000, cumul_time=0.00s, hold_count=0, ik_mode=Local, ik_avg_ms=0.00, ik_fails=0
[INFO] [1786952744.758949663] [cartesian_streamer]: Bootstrap EE pose via FK: (-0.1620, 0.3090, 0.3882)
[INFO] [1786952744.759350716] [cartesian_streamer]: Đang stream qua service: /queue_traj_point
[INFO] [1786952744.759968351] [cartesian_streamer]: Đã gửi seed point (current joints, t=0), chờ ACK...
[INFO] [1786952744.785783930] [cartesian_streamer]: Seed ACK nhận được, bắt đầu prebuffer.
[INFO] [1786952744.786275205] [cartesian_streamer]: Queue accepted sample#1: svc=/queue_traj_point, t_cumul=0.0000s, code=1, msg="", hold=False
[INFO] [1786952744.945017403] [cartesian_streamer]: Queue accepted sample#2: svc=/queue_traj_point, t_cumul=0.0655s, code=1, msg="", hold=True
[INFO] [1786952744.972969738] [cartesian_streamer]: Queue accepted sample#3: svc=/queue_traj_point, t_cumul=0.1995s, code=1, msg="", hold=True
[INFO] [1786952745.148314832] [cartesian_streamer]: Pre-buffer hoàn tất (3 points), bắt đầu stream ổn định. Đang chờ target...
[INFO] [1786952745.148759418] [cartesian_streamer]: Queue accepted sample#4: svc=/queue_traj_point, t_cumul=0.2654s, code=1, msg="", hold=True
[INFO] [1786952745.280753954] [cartesian_streamer]: Queue accepted sample#5: svc=/queue_traj_point, t_cumul=0.3985s, code=1, msg="", hold=True
[WARN] [1786952746.496780803] [cartesian_streamer]: Queue BUSY, sẽ resend (backoff 66ms): msg="Busy processing the previous trajectory point. Please resend the next point shortly"
[INFO] [1786952747.248237382] [cartesian_streamer]: QueueTrajPoint accepted #20: t=2.000s, hold=True
[WARN] [1786952748.900267327] [cartesian_streamer]: Queue BUSY, sẽ resend (backoff 66ms): msg="Busy processing the previous trajectory point. Please resend the next point shortly"
[INFO] [1786952749.759352738] [cartesian_streamer]: Runtime rate: state=streaming, tick_hz=15.0, queue_send_hz=8.0, ack_hz=7.4, busy_hz=0.4, retry_count=2, reject_count=0, inter_ack_ms=132.6, max_joint_delta=0.000, cumul_time=4.20s, hold_count=37, ik_mode=Local, ik_avg_ms=0.00, ik_fails=0
[INFO] [1786952749.897168192] [cartesian_streamer]: QueueTrajPoint accepted #40: t=4.465s, hold=True
[WARN] [1786952750.900286643] [cartesian_streamer]: Queue BUSY, sẽ resend (backoff 66ms): msg="Busy processing the previous trajectory point. Please resend the next point shortly"
[INFO] [1786952751.159864703] [cartesian_streamer]: IK OK → Δmax=0.0094 rad, joints: [1.574, 0.130, -0.993, 0.001, -0.390, -1.883]
[WARN] [1786952751.292300269] [cartesian_streamer]: QueueTrajPoint đã được accept nhưng joint_states hầu như không đổi. Kiểm tra: 1) Robot ở mode AUTO? 2) Servo ON? 3) E-stop cleared?
[INFO] [1786952752.042978266] [cartesian_streamer]: QueueTrajPoint accepted #60: t=6.332s, hold=False
[INFO] [1786952752.427118741] [cartesian_streamer]: IK delta clamped → joints: [1.629, 0.213, -0.720, 0.006, -0.564, -1.943]
[INFO] [1786952753.160753214] [cartesian_streamer]: IK OK → Δmax=0.0900 rad, joints: [1.660, 0.248, -0.557, 0.007, -0.628, -1.973]
[INFO] [1786952753.582699418] [cartesian_streamer]: QueueTrajPoint accepted #80: t=7.867s, hold=False
[INFO] [1786952754.495799785] [cartesian_streamer]: IK delta clamped → joints: [1.695, 0.454, -0.278, 0.009, -0.740, -2.008]
[INFO] [1786952754.825497701] [cartesian_streamer]: Runtime rate: state=streaming, tick_hz=15.0, queue_send_hz=11.8, ack_hz=11.6, busy_hz=0.2, retry_count=1, reject_count=0, inter_ack_ms=87.4, max_joint_delta=0.090, cumul_time=9.07s, hold_count=0, ik_mode=Local, ik_avg_ms=1.02, ik_fails=0
[INFO] [1786952755.121524640] [cartesian_streamer]: QueueTrajPoint accepted #100: t=9.400s, hold=False
[INFO] [1786952755.161057765] [cartesian_streamer]: IK OK → Δmax=0.0900 rad, joints: [1.705, 0.539, -0.144, 0.009, -0.793, -2.018]
[INFO] [1786952755.724542402] [cartesian_streamer]: Disable Robot: dừng stream, tắt traj mode...
[INFO] [1786952755.725110914] [cartesian_streamer]: ✗ Robot DISABLED.
[INFO] [1786952780.778841010] [cartesian_streamer]: Disable Robot: dừng stream, tắt traj mode...
[INFO] [1786952780.779646092] [cartesian_streamer]: ✗ Robot DISABLED.
[INFO] [1786952792.868779042] [cartesian_streamer]: Enable Robot: bắt đầu chuỗi khởi động...
[INFO] [1786952792.869045389] [cartesian_streamer]: Enable: reset_error...
[INFO] [1786952792.876574698] [cartesian_streamer]: reset_error: code=1, msg="success"
[INFO] [1786952792.876875631] [cartesian_streamer]: Enable: stop_traj_mode (giải phóng mode cũ)...
[INFO] [1786952792.926261502] [cartesian_streamer]: stop_traj_mode: success=True, code=N/A, msg=""
[INFO] [1786952792.926571692] [cartesian_streamer]: Enable: chờ 1.5s để hệ thống ổn định trước khi start queue...
[INFO] [1786952794.427118303] [cartesian_streamer]: Enable: StartPointQueueMode...
[INFO] [1786952795.966964393] [cartesian_streamer]: StartPointQueueMode response: code=1, msg=""
[INFO] [1786952795.967383320] [cartesian_streamer]: ✓ Robot ENABLED — Point Queue Mode active. Servo ON!
[INFO] [1786952796.025495460] [cartesian_streamer]: Runtime rate: state=seeding, tick_hz=0.3, queue_send_hz=0.2, ack_hz=0.3, busy_hz=0.0, retry_count=0, reject_count=0, inter_ack_ms=90.1, max_joint_delta=0.090, cumul_time=0.00s, hold_count=0, ik_mode=Local, ik_avg_ms=1.00, ik_fails=0
[WARN] [1786952796.026138984] [cartesian_streamer]: Target stream stale: không có target mới trong 40.3s
[WARN] [1786952796.026454364] [cartesian_streamer]: QueueTrajPoint đã được accept nhưng joint_states hầu như không đổi. Kiểm tra: 1) Robot ở mode AUTO? 2) Servo ON? 3) E-stop cleared?
[INFO] [1786952796.027065608] [cartesian_streamer]: Bootstrap EE pose via FK: (-0.1620, 0.3090, 0.3882)
[INFO] [1786952796.027682512] [cartesian_streamer]: Đã gửi seed point (current joints, t=0), chờ ACK...
[INFO] [1786952796.040168345] [cartesian_streamer]: Seed ACK nhận được, bắt đầu prebuffer.
[INFO] [1786952796.373590484] [cartesian_streamer]: Pre-buffer hoàn tất (3 points), bắt đầu stream ổn định. Đang chờ target...
[INFO] [1786952797.323874065] [cartesian_streamer]: QueueTrajPoint accepted #120: t=1.064s, hold=True
[WARN] [1786952797.504217996] [cartesian_streamer]: Queue BUSY, sẽ resend (backoff 66ms): msg="Busy processing the previous trajectory point. Please resend the next point shortly"
[INFO] [1786952799.560818648] [cartesian_streamer]: QueueTrajPoint accepted #140: t=3.064s, hold=True
[INFO] [1786952801.025524750] [cartesian_streamer]: Runtime rate: state=streaming, tick_hz=15.0, queue_send_hz=9.4, ack_hz=9.2, busy_hz=0.2, retry_count=1, reject_count=0, inter_ack_ms=985.0, max_joint_delta=0.000, cumul_time=4.53s, hold_count=45, ik_mode=Local, ik_avg_ms=1.00, ik_fails=0
[WARN] [1786952801.025891758] [cartesian_streamer]: Target stream stale: không có target mới trong 45.3s
[INFO] [1786952801.774532090] [cartesian_streamer]: QueueTrajPoint accepted #160: t=5.330s, hold=True
[WARN] [1786952802.545093543] [cartesian_streamer]: ⚠ Queue mode bị drop! Auto-recovery lần 1/3...
[INFO] [1786952803.046159589] [cartesian_streamer]: Auto-recovery: bắt đầu re-enable queue mode...
[INFO] [1786952803.046713974] [cartesian_streamer]: Enable: reset_error...
[INFO] [1786952803.063020429] [cartesian_streamer]: reset_error: code=105, msg="Pendant is not in REMOTE mode"
[INFO] [1786952803.063576668] [cartesian_streamer]: Enable: stop_traj_mode (giải phóng mode cũ)...
[INFO] [1786952803.400593093] [cartesian_streamer]: stop_traj_mode: success=True, code=N/A, msg=""
[INFO] [1786952803.400868497] [cartesian_streamer]: Enable: chờ 1.5s để hệ thống ổn định trước khi start queue...
[INFO] [1786952804.902641558] [cartesian_streamer]: Enable: StartPointQueueMode...
[INFO] [1786952804.920082292] [cartesian_streamer]: StartPointQueueMode response: code=111, msg="A PFL event has occurred. Please return the robot to a safe state"
[ERROR] [1786952804.920564740] [cartesian_streamer]: StartPointQueueMode FAILED: A PFL event has occurred. Please return the robot to a safe state
[INFO] [1786952810.544285675] [cartesian_streamer]: Enable Robot: bắt đầu chuỗi khởi động...
[INFO] [1786952810.544731674] [cartesian_streamer]: Enable: reset_error...
[INFO] [1786952810.549596322] [cartesian_streamer]: reset_error: code=1, msg="success"
[INFO] [1786952810.549829777] [cartesian_streamer]: Enable: stop_traj_mode (giải phóng mode cũ)...
[INFO] [1786952810.595671915] [cartesian_streamer]: stop_traj_mode: success=True, code=N/A, msg=""
[INFO] [1786952810.596048271] [cartesian_streamer]: Enable: chờ 1.5s để hệ thống ổn định trước khi start queue...
[INFO] [1786952812.097171411] [cartesian_streamer]: Enable: StartPointQueueMode...
[INFO] [1786952813.511268134] [cartesian_streamer]: StartPointQueueMode response: code=1, msg=""
[INFO] [1786952813.511560130] [cartesian_streamer]: ✓ Robot ENABLED — Point Queue Mode active. Servo ON!
[INFO] [1786952813.559384261] [cartesian_streamer]: Runtime rate: state=seeding, tick_hz=1.8, queue_send_hz=1.0, ack_hz=0.9, busy_hz=0.0, retry_count=0, reject_count=1, inter_ack_ms=126.0, max_joint_delta=0.000, cumul_time=0.00s, hold_count=0, ik_mode=Local, ik_avg_ms=1.00, ik_fails=0
[WARN] [1786952813.559733375] [cartesian_streamer]: Target stream stale: không có target mới trong 57.9s
[WARN] [1786952813.560024960] [cartesian_streamer]: QueueTrajPoint đã được accept nhưng joint_states hầu như không đổi. Kiểm tra: 1) Robot ở mode AUTO? 2) Servo ON? 3) E-stop cleared?
[INFO] [1786952813.560623740] [cartesian_streamer]: Bootstrap EE pose via FK: (-0.1620, 0.3090, 0.3882)
[INFO] [1786952813.561203543] [cartesian_streamer]: Đã gửi seed point (current joints, t=0), chờ ACK...
[INFO] [1786952813.626087904] [cartesian_streamer]: Bootstrap EE pose via FK: (-0.1620, 0.3090, 0.3882)
[INFO] [1786952813.680345870] [cartesian_streamer]: Seed ACK nhận được, bắt đầu prebuffer.
[INFO] [1786952814.021586622] [cartesian_streamer]: Pre-buffer hoàn tất (3 points), bắt đầu stream ổn định. Đang chờ target...
[WARN] [1786952814.561067976] [cartesian_streamer]: Queue BUSY, sẽ resend (backoff 66ms): msg="Busy processing the previous trajectory point. Please resend the next point shortly"
[INFO] [1786952815.306165818] [cartesian_streamer]: QueueTrajPoint accepted #180: t=1.464s, hold=True
[INFO] [1786952817.229658228] [cartesian_streamer]: QueueTrajPoint accepted #200: t=3.397s, hold=True
[INFO] [1786952817.494814877] [cartesian_streamer]: IK OK → Δmax=0.0043 rad, joints: [1.570, 0.124, -1.005, -0.004, -0.383, -1.875]
[INFO] [1786952818.625723118] [cartesian_streamer]: Runtime rate: state=streaming, tick_hz=15.0, queue_send_hz=9.7, ack_hz=9.5, busy_hz=0.2, retry_count=1, reject_count=0, inter_ack_ms=337.7, max_joint_delta=0.004, cumul_time=4.60s, hold_count=0, ik_mode=Local, ik_avg_ms=0.90, ik_fails=0
[INFO] [1786952819.159720520] [cartesian_streamer]: IK delta clamped → joints: [1.580, 0.063, -0.952, 0.001, -0.478, -1.890]
[INFO] [1786952819.372679985] [cartesian_streamer]: QueueTrajPoint accepted #220: t=5.401s, hold=False
[INFO] [1786952819.498936434] [cartesian_streamer]: IK OK → Δmax=0.0900 rad, joints: [1.585, -0.029, -0.880, 0.001, -0.516, -1.894]
[INFO] [1786952821.117232474] [cartesian_streamer]: QueueTrajPoint accepted #240: t=7.133s, hold=False
[INFO] [1786952821.226176963] [cartesian_streamer]: IK delta clamped → joints: [1.598, -0.024, -0.683, 0.002, -0.649, -1.908]
[INFO] [1786952821.560163947] [cartesian_streamer]: IK OK → Δmax=0.0900 rad, joints: [1.596, 0.034, -0.599, 0.002, -0.681, -1.905]
[INFO] [1786952822.920997917] [cartesian_streamer]: QueueTrajPoint accepted #260: t=8.867s, hold=False
[INFO] [1786952823.226516800] [cartesian_streamer]: IK delta clamped → joints: [1.596, 0.329, -0.255, 0.002, -0.809, -1.906]
[INFO] [1786952823.626043313] [cartesian_streamer]: IK OK → Δmax=0.0900 rad, joints: [1.596, 0.404, -0.175, 0.002, -0.841, -1.906]
[INFO] [1786952823.692245914] [cartesian_streamer]: Runtime rate: state=streaming, tick_hz=15.0, queue_send_hz=11.6, ack_hz=11.6, busy_hz=0.0, retry_count=0, reject_count=0, inter_ack_ms=85.3, max_joint_delta=0.090, cumul_time=9.60s, hold_count=0, ik_mode=Local, ik_avg_ms=0.92, ik_fails=0
[INFO] [1786952824.312485564] [cartesian_streamer]: QueueTrajPoint accepted #280: t=10.266s, hold=False
[INFO] [1786952825.293754840] [cartesian_streamer]: IK delta clamped → joints: [1.588, 0.769, 0.158, 0.001, -0.974, -1.897]
[INFO] [1786952825.626887059] [cartesian_streamer]: IK OK → Δmax=0.0900 rad, joints: [1.590, 0.833, 0.198, 0.001, -0.990, -1.899]
[INFO] [1786952826.013126275] [cartesian_streamer]: QueueTrajPoint accepted #300: t=11.867s, hold=False
[INFO] [1786952826.243430767] [cartesian_streamer]: Local IK không hội tụ (fail #1)
[INFO] [1786952826.516945048] [cartesian_streamer]: Disable Robot: dừng stream, tắt traj mode...
[INFO] [1786952826.517600977] [cartesian_streamer]: ✗ Robot DISABLED.
[INFO] [1786952857.360808759] [cartesian_streamer]: Disable Robot: dừng stream, tắt traj mode...
[INFO] [1786952857.361335181] [cartesian_streamer]: ✗ Robot DISABLED.
