[INFO] [1786338830.184008930] [coord_transform]: CoordTransformNode khởi động.
  Object offset (cam frame): [0.05 0.   0.1 ]
  Translation cam→base:      [0.5 0.  1.2]
  EE orientation (xyzw):     [0.0, 1.0, 0.0, 0.0]
  Prediction step:           5
  Axis remap:                [0, 1, 2]
  Axis sign:                 [-1.0, 1.0, 1.0]
  Workspace X: (-1.0, 1.0), Y: (-0.5, 1.3), Z: (0.05, 1.5)
  Filter outlier_threshold:  0.15m
  Filter median_size_y:      3
  Filter deadband_tol:       15.0mm
  Filter stationary_thresh:  3 frames
  Filter max_rate:           5.0cm/frame
  Filter EMA moving(x,y,z):  (1.0,0.8,1.0)
  Filter EMA hold  (x,y,z):  (0.08,0.02,0.05)
[INFO] [1786338853.739845348] [coord_transform]: Đã chuyển mode: ground_truth -> prediction
[WARN] [1786338860.378783180] [coord_transform]: Outlier rejected #1 (jumped 2208.2mm). Ignoring.
[WARN] [1786338860.411054987] [coord_transform]: Outlier rejected #2 (jumped 2216.2mm). Ignoring.
[WARN] [1786338860.445174860] [coord_transform]: Outlier rejected #3 (jumped 2225.2mm). Ignoring.
[WARN] [1786338860.474604791] [coord_transform]: Outlier rejected #4 (jumped 2208.2mm). Ignoring.
[INFO] [1786338860.507427836] [coord_transform]: Too many outliers (5). Resetting filter to new position.
[INFO] [1786338868.808790644] [coord_transform]: Captured Init Pose! P_init=(-0.162, 0.280, 0.379), Cam_init=(0.005, -0.085, 0.001), Noise_Tol=60.0mm
Orientation=(0.998, 0.064, -0.000, 0.000)
[INFO] [1786338868.812696246] [coord_transform]: [SNAP ON] Tay thực tế đứng yên. Ép dừng robot (GRU đang lệch 0.0cm).
[INFO] [1786338873.159715538] [coord_transform]: Re-sync camera init: [ 0.001 -0.025  0.003]
[INFO] [1786338873.159971453] [coord_transform]: Trạng thái tracking: RUNNING
[INFO] [1786338873.213772124] [coord_transform]: Deadband: RELEASE — motion detected
[INFO] [1786338873.214808257] [coord_transform]: [PREDICTION] Transform: cam[ 0.001 -0.025  0.003] → base[-0.162  0.28   0.379]
[INFO] [1786338873.248427972] [coord_transform]: [SNAP OFF] Tay di chuyển lại. Trả quyền cho GRU.
[INFO] [1786338873.519467065] [coord_transform]: Deadband: HOLD at (0.001, -0.025, 0.003)
[INFO] [1786338873.524330317] [coord_transform]: [SNAP ON] Tay thực tế đứng yên. Ép dừng robot (GRU đang lệch 7.5cm).
[INFO] [1786338873.554998962] [coord_transform]: [SNAP OFF] Tay di chuyển lại. Trả quyền cho GRU.
[INFO] [1786338874.722222529] [coord_transform]: [SNAP OFF] Tay di chuyển lại. Trả quyền cho GRU.
[INFO] [1786338874.756234870] [coord_transform]: [SNAP ON] Tay thực tế đứng yên. Ép dừng robot (GRU đang lệch 5.6cm).
[INFO] [1786338874.821841353] [coord_transform]: [SNAP OFF] Tay di chuyển lại. Trả quyền cho GRU.
[INFO] [1786338875.224453156] [coord_transform]: [PREDICTION] Transform: cam[-0.024  0.069  0.136] → base[-0.137  0.374  0.511]
[INFO] [1786338877.248879484] [coord_transform]: [PREDICTION] Transform: cam[-0.006  0.219  0.555] → base[-0.155  0.524  0.931]
[INFO] [1786338879.252467253] [coord_transform]: [PREDICTION] Transform: cam[-0.031  0.499  0.549] → base[-0.13   0.804  0.925]
[INFO] [1786338881.258006174] [coord_transform]: [PREDICTION] Transform: cam[-0.025  0.659  0.28 ] → base[-0.136  0.964  0.655]
[INFO] [1786338883.266661074] [coord_transform]: [PREDICTION] Transform: cam[0.092 0.617 0.183] → base[-0.253  0.922  0.559]
[INFO] [1786338885.291770657] [coord_transform]: [PREDICTION] Transform: cam[0.17  0.472 0.138] → base[-0.331  0.777  0.514]
[INFO] [1786338887.342135484] [coord_transform]: [PREDICTION] Transform: cam[0.196 0.356 0.074] → base[-0.357  0.661  0.449]
[INFO] [1786338889.372822222] [coord_transform]: [PREDICTION] Transform: cam[0.057 0.421 0.156] → base[-0.217  0.726  0.531]
[INFO] [1786338891.400029082] [coord_transform]: [PREDICTION] Transform: cam[-0.011  0.445  0.539] → base[-0.15   0.75   0.914]
[INFO] [1786338893.432776590] [coord_transform]: [PREDICTION] Transform: cam[-0.078  0.335  0.583] → base[-0.083  0.64   0.958]
[INFO] [1786338895.454456464] [coord_transform]: [PREDICTION] Transform: cam[-0.158  0.317  0.369] → base[-0.002  0.622  0.744]
[INFO] [1786338897.466103646] [coord_transform]: [PREDICTION] Transform: cam[-0.112  0.179  0.165] → base[-0.049  0.484  0.541]
[INFO] [1786338899.481885494] [coord_transform]: [PREDICTION] Transform: cam[0.111 0.275 0.053] → base[-0.272  0.58   0.429]
[INFO] [1786338901.502098645] [coord_transform]: [PREDICTION] Transform: cam[0.102 0.452 0.354] → base[-0.263  0.757  0.729]
[INFO] [1786338903.512994040] [coord_transform]: [PREDICTION] Transform: cam[0.057 0.425 0.661] → base[-0.217  0.73   1.037]
[INFO] [1786338905.539834495] [coord_transform]: [PREDICTION] Transform: cam[-0.057  0.294  0.569] → base[-0.104  0.599  0.944]
[INFO] [1786338907.574788504] [coord_transform]: [PREDICTION] Transform: cam[-0.091  0.176  0.389] → base[-0.07   0.482  0.765]
[WARN] [1786338908.306470711] [coord_transform]: Outlier rejected #1 (jumped 243.1mm). Ignoring.
[WARN] [1786338908.338531540] [coord_transform]: Outlier rejected #2 (jumped 260.7mm). Ignoring.
[WARN] [1786338908.370896605] [coord_transform]: Outlier rejected #3 (jumped 171.6mm). Ignoring.
[WARN] [1786338908.404862873] [coord_transform]: Outlier rejected #4 (jumped 189.0mm). Ignoring.
[WARN] [1786338908.538509401] [coord_transform]: Outlier rejected #1 (jumped 170.1mm). Ignoring.
[WARN] [1786338908.572422889] [coord_transform]: Outlier rejected #2 (jumped 170.1mm). Ignoring.
[WARN] [1786338908.605453407] [coord_transform]: Outlier rejected #3 (jumped 161.6mm). Ignoring.
[WARN] [1786338909.242735954] [coord_transform]: Outlier rejected #1 (jumped 208.6mm). Ignoring.
[INFO] [1786338909.597948158] [coord_transform]: [PREDICTION] Transform: cam[ 0.029 -0.114  0.06 ] → base[-0.19   0.191  0.435]
[WARN] [1786338909.672359272] [coord_transform]: Outlier rejected #1 (jumped 151.2mm). Ignoring.
[WARN] [1786338909.774295265] [coord_transform]: Outlier rejected #1 (jumped 254.8mm). Ignoring.
[WARN] [1786338909.972824105] [coord_transform]: Outlier rejected #1 (jumped 159.3mm). Ignoring.
[WARN] [1786338910.171018071] [coord_transform]: Outlier rejected #1 (jumped 150.3mm). Ignoring.
[WARN] [1786338910.975738021] [coord_transform]: Outlier rejected #1 (jumped 153.3mm). Ignoring.
[WARN] [1786338911.345611890] [coord_transform]: Outlier rejected #1 (jumped 174.5mm). Ignoring.
[INFO] [1786338911.611422680] [coord_transform]: [PREDICTION] Transform: cam[ 0.065 -0.153  0.008] → base[-0.226  0.152  0.383]
[WARN] [1786338911.874965045] [coord_transform]: Outlier rejected #1 (jumped 157.3mm). Ignoring.
[WARN] [1786338912.981084979] [coord_transform]: Outlier rejected #1 (jumped 195.6mm). Ignoring.
[INFO] [1786338913.619068521] [coord_transform]: [PREDICTION] Transform: cam[ 0.061 -0.159  0.007] → base[-0.221  0.146  0.383]
[WARN] [1786338914.384443438] [coord_transform]: Outlier rejected #1 (jumped 373.6mm). Ignoring.
[WARN] [1786338914.414752667] [coord_transform]: Outlier rejected #2 (jumped 170.4mm). Ignoring.
[WARN] [1786338914.446252205] [coord_transform]: Outlier rejected #3 (jumped 240.2mm). Ignoring.
[WARN] [1786338914.577509181] [coord_transform]: Outlier rejected #1 (jumped 203.1mm). Ignoring.
[INFO] [1786338914.820180890] [coord_transform]: Deadband: HOLD at (0.001, -0.025, 0.003)
[INFO] [1786338914.824617893] [coord_transform]: [SNAP ON] Tay thực tế đứng yên. Ép dừng robot (GRU đang lệch 7.7cm).
[INFO] [1786338914.867292171] [coord_transform]: Deadband: RELEASE — motion detected
[INFO] [1786338914.881905673] [coord_transform]: [SNAP OFF] Tay di chuyển lại. Trả quyền cho GRU.
[INFO] [1786338915.108006445] [coord_transform]: [SNAP OFF] Tay di chuyển lại. Trả quyền cho GRU.
[INFO] [1786338918.220970447] [coord_transform]: Trạng thái tracking: STOPPED
[WARN] [1786338921.848197809] [coord_transform]: Outlier rejected #1 (jumped 173.6mm). Ignoring.
[WARN] [1786338921.878783891] [coord_transform]: Outlier rejected #2 (jumped 203.3mm). Ignoring.
[WARN] [1786338921.913816109] [coord_transform]: Outlier rejected #3 (jumped 214.8mm). Ignoring.
[WARN] [1786338921.947763997] [coord_transform]: Outlier rejected #4 (jumped 249.8mm). Ignoring.
[INFO] [1786338921.980810948] [coord_transform]: Too many outliers (5). Resetting filter to new position.
[WARN] [1786338924.095230987] [coord_transform]: Outlier rejected #1 (jumped 304.1mm). Ignoring.
[WARN] [1786338924.123436434] [coord_transform]: Outlier rejected #2 (jumped 335.0mm). Ignoring.
[WARN] [1786338924.151673544] [coord_transform]: Outlier rejected #3 (jumped 369.8mm). Ignoring.
[WARN] [1786338924.214960609] [coord_transform]: Outlier rejected #4 (jumped 357.6mm). Ignoring.
[INFO] [1786338924.247001718] [coord_transform]: Too many outliers (5). Resetting filter to new position.
