[INFO] [1786092487.983429371] [trajectory_predictor]: [Predictor] Worker launched (pid=90136)
[INFO] [1786092487.983978899] [trajectory_predictor]: [Predictor] Started | model=svgp | window=10 | auto_start=True
  Output Filter: enabled=True, ema_alpha=0.5, max_dev=0.08, max_rate=0.02
[WARN] [1786092489.113599361] [trajectory_predictor]: [Worker STDERR] /usr/lib/python3/dist-packages/scipy/__init__.py:146: UserWarning: A NumPy version >=1.17.3 and <1.25.0 is required for this version of SciPy (detected version 1.26.4
[WARN] [1786092489.114212028] [trajectory_predictor]: [Worker STDERR] warnings.warn(f"A NumPy version >={np_minversion} and <{np_maxversion}"
[ERROR] [1786092489.888392814] [trajectory_predictor]: [Predictor] Worker NOT READY: Scalers not found in /home/hungnb/cocarry_ws/src/GRU-Model
[INFO] [1786092501.767867288] [trajectory_predictor]: [Predictor] Switching model → svgp
[INFO] [1786092501.768582288] [trajectory_predictor]: [Hybrid] Mode DISABLED (GRU only)
[INFO] [1786092505.544705496] [trajectory_predictor]: [Predictor] Switching model → svgp
[INFO] [1786092505.545394587] [trajectory_predictor]: [Hybrid] Mode DISABLED (GRU only)
[INFO] [1786092510.848109332] [trajectory_predictor]: [Predictor] Switching model → svgp
[INFO] [1786092510.848565724] [trajectory_predictor]: [Hybrid] Mode DISABLED (GRU only)
[INFO] [1786092513.116503467] [trajectory_predictor]: [Predictor] Switching model → svgp
[INFO] [1786092513.117664128] [trajectory_predictor]: [Hybrid] Mode DISABLED (GRU only)
[INFO] [1786092527.272318360] [trajectory_predictor]: [Predictor] Predicting STOPPED
[INFO] [1786092534.684194436] [trajectory_predictor]: [Predictor] Predicting STARTED
[INFO] [1786092545.894374915] [trajectory_predictor]: [Predictor] Predicting STOPPED
[INFO] [1786092548.195151798] [trajectory_predictor]: [Predictor] Predicting STOPPED
[INFO] [1786092552.965516412] [trajectory_predictor]: [Predictor] Buffer cleared (no data for 1.1s)
[INFO] [1786092794.965652666] [trajectory_predictor]: [Predictor] Buffer cleared (no data for 1.2s)
[INFO] [1786092803.966038199] [trajectory_predictor]: [Predictor] Buffer cleared (no data for 1.2s)
[INFO] [1786092806.965268479] [trajectory_predictor]: [Predictor] Buffer cleared (no data for 1.9s)
[INFO] [1786092818.965346707] [trajectory_predictor]: [Predictor] Buffer cleared (no data for 1.0s)
[INFO] [1786092854.965301577] [trajectory_predictor]: [Predictor] Buffer cleared (no data for 1.6s)
[INFO] [1786092857.965533187] [trajectory_predictor]: [Predictor] Buffer cleared (no data for 1.4s)
