[INFO] [1786683602.841094557] [trajectory_predictor]: [Predictor] Worker launched (pid=48984)
[INFO] [1786683602.841691232] [trajectory_predictor]: [Predictor] Started | model=svgp | window=10 | auto_start=True
  Output Filter: enabled=True, ema_alpha=1.0, max_dev=0.12, max_rate=0.05
[WARN] [1786683604.041713313] [trajectory_predictor]: [Worker STDERR] /usr/lib/python3/dist-packages/scipy/__init__.py:146: UserWarning: A NumPy version >=1.17.3 and <1.25.0 is required for this version of SciPy (detected version 1.26.4
[WARN] [1786683604.042339743] [trajectory_predictor]: [Worker STDERR] warnings.warn(f"A NumPy version >={np_minversion} and <{np_maxversion}"
[INFO] [1786683604.966442533] [trajectory_predictor]: [Worker] TF 2.15.0 and sklearn loaded
[INFO] [1786683606.060847541] [trajectory_predictor]: [Predictor] Worker READY | model=svgp
[INFO] [1786683624.222415701] [trajectory_predictor]: [Filter] raw=(0.3002,-0.0146,-0.0276) → filt=(-0.2078,-0.9030,-0.0729) Δ=(0.5080,0.8884,0.0453)
[INFO] [1786683625.806181507] [trajectory_predictor]: [Predictor] Buffer cleared (no data for 1.5s)
[INFO] [1786683628.137573178] [trajectory_predictor]: [Pred HOLD ON] Tay đứng yên (std=2.3mm). Target robot Z: -0.1553 | Tay thật Z: -0.2757
[INFO] [1786683629.641950181] [trajectory_predictor]: [Filter] raw=(0.0438,-2.4044,-0.1553) → filt=(0.0438,-2.4044,-0.1553) Δ=(0.0000,0.0000,0.0000)
[INFO] [1786683630.207049784] [trajectory_predictor]: [Hybrid] FOLLOWER -> LEADER | x_0=(0.0438,-2.4044,-0.1553) | GOAL=(-0.0578,0.7138,0.0000) | t_f=6.50s | 196 steps @ 30Hz | GRU worker dừng gửi lệnh predict (tiết kiệm tài nguyên)
[INFO] [1786683632.344046292] [trajectory_predictor]: [Predictor] Switching model → svgp
[INFO] [1786683632.345034098] [trajectory_predictor]: [Hybrid] Mode DISABLED (GRU only)
[INFO] [1786683632.374780514] [trajectory_predictor]: [Predictor] Model switched to svgp
[INFO] [1786683632.727536415] [trajectory_predictor]: [Pred HOLD ON] Tay đứng yên (std=4.9mm). Target robot Z: -0.1543 | Tay thật Z: -0.2744
[INFO] [1786683634.390935356] [trajectory_predictor]: [Predictor] Predicting STOPPED
[INFO] [1786683634.424761941] [trajectory_predictor]: [Pred HOLD OFF] Tay di chuyển (dev=26.2mm). Thả hold, reset SVGP buffer để tránh predict ngược chiều.
[INFO] [1786683634.845289967] [trajectory_predictor]: [Pred HOLD ON] Tay đứng yên (std=4.8mm). Target robot Z: -0.2764 | Tay thật Z: -0.2764
[INFO] [1786683635.544234700] [trajectory_predictor]: [Filter] raw=(-0.0770,-2.5662,-0.2764) → filt=(-0.0770,-2.5662,-0.2764) Δ=(0.0000,0.0000,0.0000)
[INFO] [1786683637.178247939] [trajectory_predictor]: [Pred HOLD OFF] Tay di chuyển (dev=38.7mm). Thả hold, reset SVGP buffer để tránh predict ngược chiều.
[INFO] [1786683638.213661114] [trajectory_predictor]: [Pred HOLD ON] Tay đứng yên (std=2.1mm). Target robot Z: -0.2764 | Tay thật Z: 0.0064
[INFO] [1786683639.547607902] [trajectory_predictor]: [Pred HOLD OFF] Tay di chuyển (dev=25.0mm). Thả hold, reset SVGP buffer để tránh predict ngược chiều.
[INFO] [1786683639.781693459] [trajectory_predictor]: [Predictor] Predicting STOPPED
[INFO] [1786683639.847001802] [trajectory_predictor]: [Pred HOLD ON] Tay đứng yên (std=2.7mm). Target robot Z: 0.0045 | Tay thật Z: 0.0045
[INFO] [1786683643.750281492] [trajectory_predictor]: [Filter] raw=(0.0013,0.0365,0.0045) → filt=(0.0013,0.0365,0.0045) Δ=(0.0000,0.0000,0.0000)
[INFO] [1786683647.981992105] [trajectory_predictor]: [Predictor] Predicting STARTED
[INFO] [1786683648.224336925] [trajectory_predictor]: [Pred HOLD OFF] Tay di chuyển (dev=29.7mm). Thả hold, reset SVGP buffer để tránh predict ngược chiều.
[INFO] [1786683650.850101937] [trajectory_predictor]: [Filter] raw=(-0.0145,0.5299,0.4447) → filt=(-0.0145,0.5299,0.4447) Δ=(0.0000,0.0000,0.0000)
[INFO] [1786683654.005991454] [trajectory_predictor]: [Pred HOLD ON] Tay đứng yên (std=4.4mm). Target robot Z: 0.1643 | Tay thật Z: 0.1740
[INFO] [1786683655.694734936] [trajectory_predictor]: [Pred HOLD OFF] Tay di chuyển (dev=25.4mm). Thả hold, reset SVGP buffer để tránh predict ngược chiều.
[INFO] [1786683655.978721161] [trajectory_predictor]: [Pred HOLD ON] Tay đứng yên (std=0.9mm). Target robot Z: 0.1672 | Tay thật Z: 0.1697
[INFO] [1786683657.633054546] [trajectory_predictor]: [Filter] raw=(-0.0242,0.8701,0.1672) → filt=(-0.0242,0.8701,0.1672) Δ=(0.0000,0.0000,0.0000)
[INFO] [1786683658.739744317] [trajectory_predictor]: [Pred HOLD OFF] Tay di chuyển (dev=25.3mm). Thả hold, reset SVGP buffer để tránh predict ngược chiều.
[INFO] [1786683659.002203875] [trajectory_predictor]: [Pred HOLD ON] Tay đứng yên (std=3.1mm). Target robot Z: 0.1793 | Tay thật Z: 0.1804
[INFO] [1786683660.897179529] [trajectory_predictor]: [Pred HOLD OFF] Tay di chuyển (dev=26.1mm). Thả hold, reset SVGP buffer để tránh predict ngược chiều.
[INFO] [1786683661.917724326] [trajectory_predictor]: [Pred HOLD ON] Tay đứng yên (std=3.3mm). Target robot Z: 0.2028 | Tay thật Z: 0.2098
[INFO] [1786683664.539135964] [trajectory_predictor]: [Filter] raw=(-0.1516,0.6816,0.2028) → filt=(-0.1516,0.6816,0.2028) Δ=(0.0000,0.0000,0.0000)
[INFO] [1786683664.702685184] [trajectory_predictor]: [Pred HOLD OFF] Tay di chuyển (dev=25.2mm). Thả hold, reset SVGP buffer để tránh predict ngược chiều.
[INFO] [1786683664.966427141] [trajectory_predictor]: [Pred HOLD ON] Tay đứng yên (std=2.9mm). Target robot Z: 0.2072 | Tay thật Z: 0.2138
[INFO] [1786683667.644671608] [trajectory_predictor]: [Pred HOLD OFF] Tay di chuyển (dev=28.5mm). Thả hold, reset SVGP buffer để tránh predict ngược chiều.
[INFO] [1786683668.672930188] [trajectory_predictor]: [Pred HOLD ON] Tay đứng yên (std=2.8mm). Target robot Z: 0.1094 | Tay thật Z: 0.1104
[INFO] [1786683671.269063834] [trajectory_predictor]: [Filter] raw=(0.0993,0.7547,0.1094) → filt=(0.0993,0.7547,0.1094) Δ=(0.0000,0.0000,0.0000)
[INFO] [1786683671.575451205] [trajectory_predictor]: [Pred HOLD OFF] Tay di chuyển (dev=27.7mm). Thả hold, reset SVGP buffer để tránh predict ngược chiều.
[INFO] [1786683672.775212790] [trajectory_predictor]: [Pred HOLD ON] Tay đứng yên (std=3.8mm). Target robot Z: 0.4795 | Tay thật Z: 0.6007
[INFO] [1786683674.608457003] [trajectory_predictor]: [Pred HOLD OFF] Tay di chuyển (dev=30.0mm). Thả hold, reset SVGP buffer để tránh predict ngược chiều.
[INFO] [1786683676.106373424] [trajectory_predictor]: [Pred HOLD ON] Tay đứng yên (std=5.6mm). Target robot Z: 0.0776 | Tay thật Z: 0.0781
[INFO] [1786683677.810279731] [trajectory_predictor]: [Pred HOLD OFF] Tay di chuyển (dev=25.8mm). Thả hold, reset SVGP buffer để tránh predict ngược chiều.
[INFO] [1786683678.078703198] [trajectory_predictor]: [Filter] raw=(-0.0325,0.5876,0.0709) → filt=(-0.0325,0.5876,0.0709) Δ=(0.0000,0.0000,0.0000)
[INFO] [1786683678.083473760] [trajectory_predictor]: [Pred HOLD ON] Tay đứng yên (std=6.1mm). Target robot Z: 0.0709 | Tay thật Z: 0.0726
[INFO] [1786683679.479536790] [trajectory_predictor]: [Pred HOLD OFF] Tay di chuyển (dev=25.8mm). Thả hold, reset SVGP buffer để tránh predict ngược chiều.
[INFO] [1786683681.481842818] [trajectory_predictor]: [Pred HOLD ON] Tay đứng yên (std=6.4mm). Target robot Z: 0.1571 | Tay thật Z: 0.1727
[INFO] [1786683681.780217280] [trajectory_predictor]: [Pred HOLD OFF] Tay di chuyển (dev=26.2mm). Thả hold, reset SVGP buffer để tránh predict ngược chiều.
[INFO] [1786683682.101797304] [trajectory_predictor]: [Pred HOLD ON] Tay đứng yên (std=2.2mm). Target robot Z: 0.1517 | Tay thật Z: 0.1678
[INFO] [1786683682.415082768] [trajectory_predictor]: [Pred HOLD OFF] Tay di chuyển (dev=28.8mm). Thả hold, reset SVGP buffer để tránh predict ngược chiều.
[INFO] [1786683683.582205927] [trajectory_predictor]: [Pred HOLD ON] Tay đứng yên (std=1.0mm). Target robot Z: 0.2007 | Tay thật Z: 0.2027
[INFO] [1786683684.958253517] [trajectory_predictor]: [Filter] raw=(0.0808,0.8228,0.2007) → filt=(0.0808,0.8228,0.2007) Δ=(0.0000,0.0000,0.0000)
[INFO] [1786683688.517659922] [trajectory_predictor]: [Pred HOLD OFF] Tay di chuyển (dev=27.0mm). Thả hold, reset SVGP buffer để tránh predict ngược chiều.
[INFO] [1786683688.922575827] [trajectory_predictor]: [Pred HOLD ON] Tay đứng yên (std=4.4mm). Target robot Z: 0.2306 | Tay thật Z: 0.2319
[INFO] [1786683689.285572169] [trajectory_predictor]: [Pred HOLD OFF] Tay di chuyển (dev=25.5mm). Thả hold, reset SVGP buffer để tránh predict ngược chiều.
[INFO] [1786683691.654458562] [trajectory_predictor]: [Pred HOLD ON] Tay đứng yên (std=5.8mm). Target robot Z: -0.0129 | Tay thật Z: -0.0061
[INFO] [1786683691.941905408] [trajectory_predictor]: [Predictor] Predicting STOPPED
[INFO] [1786683692.157806813] [trajectory_predictor]: [Filter] raw=(0.0987,0.0327,-0.0129) → filt=(0.0987,0.0327,-0.0129) Δ=(0.0000,0.0000,0.0000)
[INFO] [1786683692.362546483] [trajectory_predictor]: [Pred HOLD OFF] Tay di chuyển (dev=25.6mm). Thả hold, reset SVGP buffer để tránh predict ngược chiều.
[INFO] [1786683693.254655028] [trajectory_predictor]: [Pred HOLD ON] Tay đứng yên (std=6.5mm). Target robot Z: -0.0129 | Tay thật Z: -0.0058
[INFO] [1786683693.761087594] [trajectory_predictor]: [Pred HOLD OFF] Tay di chuyển (dev=27.0mm). Thả hold, reset SVGP buffer để tránh predict ngược chiều.
[INFO] [1786683694.117593396] [trajectory_predictor]: [Pred HOLD ON] Tay đứng yên (std=1.9mm). Target robot Z: -0.0129 | Tay thật Z: -0.0015
[INFO] [1786683694.395646264] [trajectory_predictor]: [Pred HOLD OFF] Tay di chuyển (dev=25.2mm). Thả hold, reset SVGP buffer để tránh predict ngược chiều.
[INFO] [1786683697.806769762] [trajectory_predictor]: [Predictor] Buffer cleared (no data for 1.0s)
[INFO] [1786683755.805210757] [trajectory_predictor]: [Predictor] Buffer cleared (no data for 1.3s)
[INFO] [1786683762.805292768] [trajectory_predictor]: [Predictor] Buffer cleared (no data for 1.2s)
[INFO] [1786683767.805291496] [trajectory_predictor]: [Predictor] Buffer cleared (no data for 1.2s)
[INFO] [1786683895.805858182] [trajectory_predictor]: [Predictor] Buffer cleared (no data for 1.4s)
