[INFO] [1786685981.623690942] [coord_transform]: CoordTransformNode khởi động.
  Object offset (cam frame): [0.05 0.   0.1 ]
  Translation cam→base:      [0.5 0.  1.2]
  EE orientation (xyzw):     [0.0, 1.0, 0.0, 0.0]
  Prediction step:           5
  Axis remap:                [0, 1, 2]
  Axis sign:                 [-1.0, 1.0, 1.0]
  Workspace X: (-1.0, 1.0), Y: (-0.5, 1.3), Z: (0.05, 1.5)
  Filter outlier_threshold:  0.15m
  Filter median_size_y:      3
  Filter deadband_tol:       15.0mm
  Filter stationary_thresh:  3 frames
  Filter max_rate:           5.0cm/frame
  Filter EMA moving(x,y,z):  (1.0,0.8,1.0)
  Filter EMA hold  (x,y,z):  (0.08,0.02,0.05)
[INFO] [1786686004.883680978] [coord_transform]: Đã chuyển mode: ground_truth -> prediction
[INFO] [1786686009.163687871] [coord_transform]: Trạng thái tracking: STOPPED
[WARN] [1786686013.359190199] [coord_transform]: Outlier rejected #1 (jumped 194.8mm). Ignoring.
[WARN] [1786686013.427135778] [coord_transform]: Outlier rejected #2 (jumped 236.3mm). Ignoring.
[WARN] [1786686013.463092726] [coord_transform]: Outlier rejected #3 (jumped 221.0mm). Ignoring.
[WARN] [1786686016.462410717] [coord_transform]: Outlier rejected #4 (jumped 1414.0mm). Ignoring.
[INFO] [1786686016.495199091] [coord_transform]: Too many outliers (5). Resetting filter to new position.
[WARN] [1786686019.065323603] [coord_transform]: Outlier rejected #1 (jumped 2695.5mm). Ignoring.
[WARN] [1786686019.099178330] [coord_transform]: Outlier rejected #2 (jumped 2718.6mm). Ignoring.
[WARN] [1786686019.133706694] [coord_transform]: Outlier rejected #3 (jumped 2729.7mm). Ignoring.
[WARN] [1786686019.165498224] [coord_transform]: Outlier rejected #4 (jumped 2801.1mm). Ignoring.
[INFO] [1786686019.200226113] [coord_transform]: Too many outliers (5). Resetting filter to new position.
[INFO] [1786686022.093750476] [coord_transform]: Captured Init Pose! P_init=(-0.162, 0.280, 0.379), Cam_init=(0.002, 0.056, 0.010), Noise_Tol=60.0mm
Orientation=(0.998, 0.064, -0.000, 0.000)
[INFO] [1786686022.135725325] [coord_transform]: Deadband: RELEASE — motion detected
[INFO] [1786686022.233501819] [coord_transform]: Deadband: HOLD at (0.002, 0.056, 0.010)
[WARN] [1786686022.367760400] [coord_transform]: Outlier rejected #1 (jumped 222.4mm). Ignoring.
[WARN] [1786686023.401670157] [coord_transform]: Outlier rejected #1 (jumped 177.1mm). Ignoring.
[WARN] [1786686023.534162528] [coord_transform]: Outlier rejected #1 (jumped 167.0mm). Ignoring.
[WARN] [1786686024.103437434] [coord_transform]: Outlier rejected #1 (jumped 172.6mm). Ignoring.
[WARN] [1786686025.669594707] [coord_transform]: Outlier rejected #1 (jumped 424.6mm). Ignoring.
[WARN] [1786686026.702485961] [coord_transform]: Outlier rejected #1 (jumped 152.9mm). Ignoring.
[WARN] [1786686026.835802711] [coord_transform]: Outlier rejected #1 (jumped 187.1mm). Ignoring.
[WARN] [1786686026.870962953] [coord_transform]: Outlier rejected #2 (jumped 209.3mm). Ignoring.
[WARN] [1786686027.338509717] [coord_transform]: Outlier rejected #1 (jumped 190.2mm). Ignoring.
[INFO] [1786686027.441482068] [coord_transform]: Re-sync camera init: [0.003 0.089 0.014]
[INFO] [1786686027.441877160] [coord_transform]: Trạng thái tracking: RUNNING
[INFO] [1786686027.471686325] [coord_transform]: Deadband: RELEASE — motion detected
[WARN] [1786686027.475328079] [coord_transform]: Tọa độ bị clamp: [-0.08491653 -2.34165428  0.13200187] → [-0.08491653 -0.5         0.13200187]
[INFO] [1786686027.476306137] [coord_transform]: [PREDICTION] Transform: cam[-0.075 -2.533 -0.233] → base[-0.085 -0.5    0.132]
[INFO] [1786686027.675984240] [coord_transform]: Deadband: HOLD at (0.003, 0.089, 0.014)
[INFO] [1786686027.827996878] [coord_transform]: [SNAP ON] Tay thực tế đứng yên. Ép dừng robot (GRU đang lệch 185.9cm).
[INFO] [1786686028.058913762] [coord_transform]: [SNAP OFF] Tay di chuyển lại. Trả quyền cho GRU.
[WARN] [1786686028.343176716] [coord_transform]: Outlier rejected #1 (jumped 177.0mm). Ignoring.
[WARN] [1786686028.373386233] [coord_transform]: Outlier rejected #2 (jumped 198.5mm). Ignoring.
[WARN] [1786686028.411278219] [coord_transform]: Outlier rejected #3 (jumped 312.7mm). Ignoring.
[WARN] [1786686028.446319186] [coord_transform]: Outlier rejected #4 (jumped 181.5mm). Ignoring.
[INFO] [1786686028.475871267] [coord_transform]: Too many outliers (5). Resetting filter to new position.
[WARN] [1786686028.509110679] [coord_transform]: Tọa độ bị clamp: [-0.20277956 -1.65309932  0.42784015] → [-0.20277956 -0.5         0.42784015]
[WARN] [1786686028.542085853] [coord_transform]: Outlier rejected #1 (jumped 160.0mm). Ignoring.
[INFO] [1786686029.498637142] [coord_transform]: [PREDICTION] Transform: cam[-0.081 -0.395  0.406] → base[-0.078 -0.204  0.771]
[INFO] [1786686031.508790910] [coord_transform]: [PREDICTION] Transform: cam[-0.024  0.683  0.455] → base[-0.135  0.874  0.82 ]
[INFO] [1786686033.537264892] [coord_transform]: [PREDICTION] Transform: cam[0.048 0.897 0.327] → base[-0.208  1.088  0.691]
[INFO] [1786686035.568559255] [coord_transform]: [PREDICTION] Transform: cam[-0.216  0.73   0.207] → base[0.057 0.921 0.572]
[WARN] [1786686036.210948577] [coord_transform]: Outlier rejected #1 (jumped 158.9mm). Ignoring.
[INFO] [1786686037.601692465] [coord_transform]: [PREDICTION] Transform: cam[-0.229  0.64   0.201] → base[0.069 0.831 0.566]
[WARN] [1786686038.313409624] [coord_transform]: Outlier rejected #1 (jumped 153.3mm). Ignoring.
[WARN] [1786686039.517780106] [coord_transform]: Outlier rejected #1 (jumped 161.7mm). Ignoring.
[WARN] [1786686039.555314490] [coord_transform]: Outlier rejected #2 (jumped 406.0mm). Ignoring.
[WARN] [1786686039.582383043] [coord_transform]: Outlier rejected #3 (jumped 326.1mm). Ignoring.
[WARN] [1786686039.616015774] [coord_transform]: Outlier rejected #4 (jumped 240.3mm). Ignoring.
[INFO] [1786686039.650211623] [coord_transform]: Too many outliers (5). Resetting filter to new position.
[INFO] [1786686039.674306929] [coord_transform]: [PREDICTION] Transform: cam[-0.209  0.481  0.176] → base[0.05  0.672 0.54 ]
[INFO] [1786686041.675613184] [coord_transform]: [PREDICTION] Transform: cam[-0.137  0.456  0.088] → base[-0.023  0.647  0.452]
[INFO] [1786686043.706251768] [coord_transform]: [PREDICTION] Transform: cam[-0.03   0.646  0.523] → base[-0.13   0.837  0.888]
[INFO] [1786686045.707850414] [coord_transform]: [PREDICTION] Transform: cam[0.045 0.821 0.283] → base[-0.205  1.012  0.647]
[WARN] [1786686046.983961600] [coord_transform]: Outlier rejected #1 (jumped 172.7mm). Ignoring.
[WARN] [1786686047.352678693] [coord_transform]: Outlier rejected #1 (jumped 162.5mm). Ignoring.
[INFO] [1786686047.715955350] [coord_transform]: [PREDICTION] Transform: cam[-0.028  0.221  0.098] → base[-0.132  0.412  0.462]
[WARN] [1786686047.751975097] [coord_transform]: Outlier rejected #1 (jumped 248.1mm). Ignoring.
[WARN] [1786686047.817666941] [coord_transform]: Outlier rejected #1 (jumped 174.3mm). Ignoring.
[INFO] [1786686047.880257526] [coord_transform]: Deadband: HOLD at (0.003, 0.089, 0.014)
[INFO] [1786686047.945650619] [coord_transform]: Deadband: RELEASE — motion detected
[INFO] [1786686048.364762255] [coord_transform]: [SNAP ON] Tay thực tế đứng yên. Ép dừng robot (GRU đang lệch 20.0cm).
[INFO] [1786686049.727063801] [coord_transform]: [PREDICTION] Transform: cam[0.083 0.061 0.007] → base[-0.242  0.252  0.372]
[INFO] [1786686051.756021620] [coord_transform]: [PREDICTION] Transform: cam[0.083 0.061 0.007] → base[-0.242  0.252  0.372]
[INFO] [1786686053.155996612] [coord_transform]: Deadband: RELEASE — motion detected
[INFO] [1786686053.192991071] [coord_transform]: Deadband: HOLD at (0.003, 0.089, 0.014)
[INFO] [1786686053.763602643] [coord_transform]: [PREDICTION] Transform: cam[0.083 0.061 0.007] → base[-0.242  0.252  0.372]
[WARN] [1786686054.391767403] [coord_transform]: Outlier rejected #1 (jumped 364.4mm). Ignoring.
[WARN] [1786686054.427638511] [coord_transform]: Outlier rejected #2 (jumped 475.8mm). Ignoring.
[INFO] [1786686054.514931202] [coord_transform]: [SNAP OFF] Tay di chuyển lại. Trả quyền cho GRU.
[INFO] [1786686055.783013561] [coord_transform]: [PREDICTION] Transform: cam[-0.016  0.507  0.497] → base[-0.144  0.698  0.862]
[INFO] [1786686057.800676564] [coord_transform]: [PREDICTION] Transform: cam[0.018 0.471 0.72 ] → base[-0.177  0.662  1.084]
[WARN] [1786686058.715939059] [coord_transform]: Outlier rejected #1 (jumped 308.5mm). Ignoring.
[WARN] [1786686058.753139926] [coord_transform]: Outlier rejected #2 (jumped 341.6mm). Ignoring.
[WARN] [1786686058.785612486] [coord_transform]: Outlier rejected #3 (jumped 360.7mm). Ignoring.
[WARN] [1786686058.815095197] [coord_transform]: Outlier rejected #4 (jumped 386.9mm). Ignoring.
[INFO] [1786686058.852459652] [coord_transform]: Too many outliers (5). Resetting filter to new position.
[INFO] [1786686059.828845685] [coord_transform]: [PREDICTION] Transform: cam[0.067 0.52  0.113] → base[-0.226  0.711  0.478]
[INFO] [1786686061.833315995] [coord_transform]: [PREDICTION] Transform: cam[0.067 0.52  0.113] → base[-0.226  0.711  0.478]
[INFO] [1786686063.865432055] [coord_transform]: [PREDICTION] Transform: cam[0.068 0.474 0.104] → base[-0.228  0.665  0.468]
[WARN] [1786686064.250406523] [coord_transform]: Outlier rejected #1 (jumped 313.8mm). Ignoring.
[WARN] [1786686064.285211237] [coord_transform]: Outlier rejected #2 (jumped 345.2mm). Ignoring.
[WARN] [1786686064.319675971] [coord_transform]: Outlier rejected #3 (jumped 369.2mm). Ignoring.
[WARN] [1786686064.352343819] [coord_transform]: Outlier rejected #4 (jumped 384.3mm). Ignoring.
[INFO] [1786686064.386275381] [coord_transform]: Too many outliers (5). Resetting filter to new position.
[INFO] [1786686065.868200808] [coord_transform]: [PREDICTION] Transform: cam[0.028 0.489 0.69 ] → base[-0.187  0.68   1.054]
[INFO] [1786686067.884179361] [coord_transform]: [PREDICTION] Transform: cam[0.027 0.501 0.614] → base[-0.186  0.692  0.978]
[WARN] [1786686067.900545250] [coord_transform]: Outlier rejected #1 (jumped 238.4mm). Ignoring.
[WARN] [1786686067.937829203] [coord_transform]: Outlier rejected #2 (jumped 202.7mm). Ignoring.
[WARN] [1786686067.965654729] [coord_transform]: Outlier rejected #3 (jumped 177.2mm). Ignoring.
[WARN] [1786686068.002629701] [coord_transform]: Outlier rejected #4 (jumped 293.8mm). Ignoring.
[INFO] [1786686068.036644080] [coord_transform]: Too many outliers (5). Resetting filter to new position.
[WARN] [1786686068.102016133] [coord_transform]: Outlier rejected #1 (jumped 169.4mm). Ignoring.
[WARN] [1786686068.134247400] [coord_transform]: Outlier rejected #2 (jumped 158.6mm). Ignoring.
[INFO] [1786686068.502015821] [coord_transform]: Deadband: HOLD at (0.003, 0.089, 0.014)
[INFO] [1786686068.900378582] [coord_transform]: [SNAP ON] Tay thực tế đứng yên. Ép dừng robot (GRU đang lệch 53.6cm).
[INFO] [1786686070.318796342] [coord_transform]: [PREDICTION] Transform: cam[0.003 0.089 0.014] → base[-0.162  0.476  0.591]
[INFO] [1786686071.452132257] [coord_transform]: Deadband: RELEASE — motion detected
[INFO] [1786686071.453404878] [coord_transform]: [SNAP OFF] Tay di chuyển lại. Trả quyền cho GRU.
[INFO] [1786686071.456668853] [coord_transform]: Deadband: HOLD at (0.003, 0.089, 0.014)
[INFO] [1786686071.459486098] [coord_transform]: [SNAP ON] Tay thực tế đứng yên. Ép dừng robot (GRU đang lệch 22.4cm).
[INFO] [1786686071.461683909] [coord_transform]: [SNAP OFF] Tay di chuyển lại. Trả quyền cho GRU.
[INFO] [1786686072.365021734] [coord_transform]: [PREDICTION] Transform: cam[ 0.111 -0.05  -0.008] → base[-0.271  0.141  0.356]
[INFO] [1786686072.403821025] [coord_transform]: Trạng thái tracking: STOPPED
[WARN] [1786686072.807097812] [coord_transform]: Outlier rejected #1 (jumped 222.4mm). Ignoring.
[WARN] [1786686073.005072996] [coord_transform]: Outlier rejected #1 (jumped 165.0mm). Ignoring.
[WARN] [1786686073.239847572] [coord_transform]: Outlier rejected #1 (jumped 197.2mm). Ignoring.
[WARN] [1786686073.901805808] [coord_transform]: Outlier rejected #1 (jumped 150.9mm). Ignoring.
[WARN] [1786686074.070164108] [coord_transform]: Outlier rejected #1 (jumped 177.1mm). Ignoring.
[WARN] [1786686074.303783544] [coord_transform]: Outlier rejected #1 (jumped 156.0mm). Ignoring.
[INFO] [1786686074.506478077] [coord_transform]: Deadband: HOLD at (0.003, 0.089, 0.014)
[INFO] [1786686074.540123562] [coord_transform]: Deadband: RELEASE — motion detected
[WARN] [1786686074.937974021] [coord_transform]: Outlier rejected #1 (jumped 233.5mm). Ignoring.
[WARN] [1786686075.210873551] [coord_transform]: Outlier rejected #1 (jumped 196.2mm). Ignoring.
[WARN] [1786686076.173750097] [coord_transform]: Outlier rejected #1 (jumped 248.6mm). Ignoring.
[WARN] [1786686076.840593114] [coord_transform]: Outlier rejected #1 (jumped 174.1mm). Ignoring.
[WARN] [1786686076.875594557] [coord_transform]: Outlier rejected #2 (jumped 151.9mm). Ignoring.
[WARN] [1786686078.041769492] [coord_transform]: Outlier rejected #1 (jumped 181.1mm). Ignoring.
[WARN] [1786686079.444400504] [coord_transform]: Outlier rejected #1 (jumped 169.1mm). Ignoring.
[WARN] [1786686079.511358698] [coord_transform]: Outlier rejected #1 (jumped 235.5mm). Ignoring.
[WARN] [1786686080.143875000] [coord_transform]: Outlier rejected #1 (jumped 162.0mm). Ignoring.
[WARN] [1786686080.408273213] [coord_transform]: Outlier rejected #1 (jumped 163.0mm). Ignoring.
[WARN] [1786686080.607338436] [coord_transform]: Outlier rejected #1 (jumped 168.0mm). Ignoring.
[WARN] [1786686080.761523809] [coord_transform]: Outlier rejected #1 (jumped 172.1mm). Ignoring.
[WARN] [1786686081.045953009] [coord_transform]: Outlier rejected #1 (jumped 165.0mm). Ignoring.
[WARN] [1786686084.046609890] [coord_transform]: Outlier rejected #1 (jumped 166.0mm). Ignoring.
[WARN] [1786686084.445388113] [coord_transform]: Outlier rejected #1 (jumped 150.9mm). Ignoring.
[WARN] [1786686084.478292065] [coord_transform]: Outlier rejected #2 (jumped 150.9mm). Ignoring.
[WARN] [1786686085.416208711] [coord_transform]: Outlier rejected #1 (jumped 150.9mm). Ignoring.
[WARN] [1786686085.447283725] [coord_transform]: Outlier rejected #2 (jumped 163.0mm). Ignoring.
[WARN] [1786686086.074024052] [coord_transform]: Outlier rejected #1 (jumped 151.9mm). Ignoring.
[WARN] [1786686087.851104546] [coord_transform]: Outlier rejected #1 (jumped 157.6mm). Ignoring.
[WARN] [1786686087.884123192] [coord_transform]: Outlier rejected #2 (jumped 181.7mm). Ignoring.
[WARN] [1786686089.147500066] [coord_transform]: Outlier rejected #1 (jumped 177.1mm). Ignoring.
[WARN] [1786686089.318729423] [coord_transform]: Outlier rejected #1 (jumped 162.0mm). Ignoring.
[INFO] [1786686090.452797388] [coord_transform]: Deadband: HOLD at (0.003, 0.089, 0.014)
[INFO] [1786686090.483780989] [coord_transform]: Deadband: RELEASE — motion detected
[WARN] [1786686090.953422728] [coord_transform]: Outlier rejected #1 (jumped 182.1mm). Ignoring.
[WARN] [1786686092.554908521] [coord_transform]: Outlier rejected #1 (jumped 177.1mm). Ignoring.
[WARN] [1786686092.786796363] [coord_transform]: Outlier rejected #1 (jumped 170.1mm). Ignoring.
[INFO] [1786686094.422674877] [coord_transform]: Deadband: HOLD at (0.003, 0.089, 0.014)
[INFO] [1786686094.455722518] [coord_transform]: Deadband: RELEASE — motion detected
[INFO] [1786686094.480104493] [coord_transform]: Re-sync camera init: [-0.008  0.023  0.007]
[INFO] [1786686094.480502390] [coord_transform]: Trạng thái tracking: RUNNING
[INFO] [1786686094.606777438] [coord_transform]: [PREDICTION] Transform: cam[0.101 0.031 0.006] → base[-0.271  0.288  0.378]
[INFO] [1786686094.642379801] [coord_transform]: [SNAP ON] Tay thực tế đứng yên. Ép dừng robot (GRU đang lệch 12.4cm).
[INFO] [1786686094.809691896] [coord_transform]: [SNAP OFF] Tay di chuyển lại. Trả quyền cho GRU.
[WARN] [1786686094.989887545] [coord_transform]: Outlier rejected #1 (jumped 256.2mm). Ignoring.
[WARN] [1786686095.120700211] [coord_transform]: Outlier rejected #1 (jumped 170.1mm). Ignoring.
[WARN] [1786686095.154631083] [coord_transform]: Outlier rejected #2 (jumped 175.9mm). Ignoring.
[INFO] [1786686096.612316552] [coord_transform]: [PREDICTION] Transform: cam[-0.065  0.613  0.425] → base[-0.105  0.87   0.796]
[INFO] [1786686098.613711156] [coord_transform]: [PREDICTION] Transform: cam[-0.053  0.826  0.374] → base[-0.117  1.083  0.746]
[INFO] [1786686100.616676664] [coord_transform]: [PREDICTION] Transform: cam[-0.026  1.031  0.179] → base[-0.144  1.288  0.551]
[INFO] [1786686102.618704711] [coord_transform]: [PREDICTION] Transform: cam[-0.005  0.663  0.733] → base[-0.165  0.92   1.105]
[INFO] [1786686104.631821008] [coord_transform]: [PREDICTION] Transform: cam[0.    0.646 0.755] → base[-0.17   0.903  1.127]
[INFO] [1786686106.635615857] [coord_transform]: [PREDICTION] Transform: cam[0.    0.644 0.75 ] → base[-0.17   0.901  1.121]
[WARN] [1786686107.798809376] [coord_transform]: Outlier rejected #1 (jumped 181.1mm). Ignoring.
[WARN] [1786686107.831510015] [coord_transform]: Outlier rejected #2 (jumped 259.3mm). Ignoring.
[WARN] [1786686107.866017871] [coord_transform]: Outlier rejected #3 (jumped 321.1mm). Ignoring.
[WARN] [1786686107.899006451] [coord_transform]: Outlier rejected #4 (jumped 457.2mm). Ignoring.
[INFO] [1786686107.931155003] [coord_transform]: Too many outliers (5). Resetting filter to new position.
[WARN] [1786686108.127880780] [coord_transform]: Outlier rejected #1 (jumped 241.1mm). Ignoring.
[WARN] [1786686108.166721479] [coord_transform]: Outlier rejected #2 (jumped 240.7mm). Ignoring.
[WARN] [1786686108.196523321] [coord_transform]: Outlier rejected #3 (jumped 347.0mm). Ignoring.
[WARN] [1786686108.233858641] [coord_transform]: Outlier rejected #4 (jumped 253.0mm). Ignoring.
[INFO] [1786686108.265014847] [coord_transform]: Too many outliers (5). Resetting filter to new position.
[WARN] [1786686108.333630106] [coord_transform]: Outlier rejected #1 (jumped 159.6mm). Ignoring.
[WARN] [1786686108.367425924] [coord_transform]: Outlier rejected #2 (jumped 274.5mm). Ignoring.
[WARN] [1786686108.399583132] [coord_transform]: Outlier rejected #3 (jumped 312.0mm). Ignoring.
[WARN] [1786686108.432490370] [coord_transform]: Outlier rejected #4 (jumped 340.9mm). Ignoring.
[INFO] [1786686108.465738678] [coord_transform]: Too many outliers (5). Resetting filter to new position.
[WARN] [1786686109.496620052] [coord_transform]: Outlier rejected #1 (jumped 274.0mm). Ignoring.
[WARN] [1786686109.532920337] [coord_transform]: Outlier rejected #2 (jumped 324.0mm). Ignoring.
[WARN] [1786686109.563355970] [coord_transform]: Outlier rejected #3 (jumped 341.0mm). Ignoring.
[WARN] [1786686109.598585762] [coord_transform]: Outlier rejected #4 (jumped 337.7mm). Ignoring.
[INFO] [1786686109.629340685] [coord_transform]: Too many outliers (5). Resetting filter to new position.
[INFO] [1786686109.653823830] [coord_transform]: [PREDICTION] Transform: cam[-0.026  0.358  0.299] → base[-0.144  0.615  0.67 ]
[WARN] [1786686110.620553834] [coord_transform]: Tọa độ bị clamp: [-0.14405584  1.31134863  0.43394009] → [-0.14405584  1.3         0.43394009]
[WARN] [1786686110.700584408] [coord_transform]: Outlier rejected #1 (jumped 254.7mm). Ignoring.
[WARN] [1786686110.735510751] [coord_transform]: Outlier rejected #2 (jumped 269.5mm). Ignoring.
[WARN] [1786686110.766767647] [coord_transform]: Outlier rejected #3 (jumped 314.6mm). Ignoring.
[WARN] [1786686110.804527695] [coord_transform]: Outlier rejected #4 (jumped 341.6mm). Ignoring.
[INFO] [1786686110.829274936] [coord_transform]: Too many outliers (5). Resetting filter to new position.
[WARN] [1786686111.036728646] [coord_transform]: Outlier rejected #1 (jumped 237.6mm). Ignoring.
