[INFO] [1786080511.956025659] [coord_transform]: CoordTransformNode khởi động.
  Object offset (cam frame): [0.05 0.   0.1 ]
  Translation cam→base:      [0.5 0.  1.2]
  EE orientation (xyzw):     [0.0, 1.0, 0.0, 0.0]
  Prediction step:           5
  Axis remap:                [0, 1, 2]
  Axis sign:                 [-1.0, 1.0, 1.0]
  Workspace X: (-1.0, 1.0), Y: (-0.5, 1.3), Z: (0.05, 1.5)
  Filter outlier_threshold:  0.15m
  Filter median_size_y:      3
  Filter deadband_tol:       15.0mm
  Filter stationary_thresh:  3 frames
  Filter max_rate:           5.0cm/frame
  Filter EMA moving(x,y,z):  (1.0,0.8,1.0)
  Filter EMA hold  (x,y,z):  (0.08,0.02,0.05)
[WARN] [1786080537.432906674] [coord_transform]: Outlier rejected #1 (jumped 162.1mm). Ignoring.
[WARN] [1786080537.499110282] [coord_transform]: Outlier rejected #1 (jumped 226.0mm). Ignoring.
[WARN] [1786080537.766217464] [coord_transform]: Outlier rejected #1 (jumped 166.8mm). Ignoring.
[WARN] [1786080540.899923867] [coord_transform]: Outlier rejected #1 (jumped 162.1mm). Ignoring.
[WARN] [1786080541.702275953] [coord_transform]: Outlier rejected #1 (jumped 2337.2mm). Ignoring.
[WARN] [1786080541.737348460] [coord_transform]: Outlier rejected #2 (jumped 2307.0mm). Ignoring.
[WARN] [1786080541.769401320] [coord_transform]: Outlier rejected #3 (jumped 2313.5mm). Ignoring.
[WARN] [1786080541.800982108] [coord_transform]: Outlier rejected #4 (jumped 2282.8mm). Ignoring.
[INFO] [1786080541.833963014] [coord_transform]: Too many outliers (5). Resetting filter to new position.
[INFO] [1786080544.751295256] [coord_transform]: Captured Init Pose! P_init=(-0.162, 0.280, 0.379), Cam_init=(0.005, 0.051, 0.004), Noise_Tol=60.0mm
Orientation=(0.998, 0.064, -0.000, 0.000)
[WARN] [1786080545.702983162] [coord_transform]: Outlier rejected #1 (jumped 357.5mm). Ignoring.
[INFO] [1786080548.315501563] [coord_transform]: Đã chuyển mode: ground_truth -> prediction
[WARN] [1786080548.471493218] [coord_transform]: Outlier rejected #1 (jumped 169.2mm). Ignoring.
[INFO] [1786080548.505146816] [coord_transform]: Deadband: HOLD at (0.005, 0.051, 0.004)
[WARN] [1786080549.572634114] [coord_transform]: Outlier rejected #1 (jumped 169.2mm). Ignoring.
[INFO] [1786080552.892822826] [coord_transform]: Trạng thái tracking: STOPPED
[WARN] [1786080556.011070422] [coord_transform]: Outlier rejected #1 (jumped 157.1mm). Ignoring.
[WARN] [1786080556.612874889] [coord_transform]: Outlier rejected #1 (jumped 175.2mm). Ignoring.
[INFO] [1786080560.037046321] [coord_transform]: Re-sync camera init: [0.004 0.008 0.001]
[INFO] [1786080560.037403849] [coord_transform]: Trạng thái tracking: RUNNING
[INFO] [1786080560.047976304] [coord_transform]: Deadband: RELEASE — motion detected
[INFO] [1786080560.247813867] [coord_transform]: Deadband: HOLD at (0.004, 0.008, 0.001)
[WARN] [1786080561.917619304] [coord_transform]: Outlier rejected #1 (jumped 295.0mm). Ignoring.
[INFO] [1786080565.068767601] [coord_transform]: [PREDICTION/EE] base[0.091 1.189 0.447]
[INFO] [1786080567.068802080] [coord_transform]: [PREDICTION/EE] base[0.073 1.131 0.393]
[INFO] [1786080569.069588143] [coord_transform]: [PREDICTION/EE] base[0.007 0.922 0.196]
[WARN] [1786080569.799428499] [coord_transform]: Outlier rejected #1 (jumped 331.8mm). Ignoring.
[WARN] [1786080569.837223149] [coord_transform]: Outlier rejected #2 (jumped 469.7mm). Ignoring.
[WARN] [1786080569.870335539] [coord_transform]: Outlier rejected #3 (jumped 444.5mm). Ignoring.
[WARN] [1786080570.668733202] [coord_transform]: [EE] Tọa độ bị clamp: [-0.042  0.765  0.048] → [-0.042  0.765  0.05 ]
[INFO] [1786080571.102985028] [coord_transform]: [PREDICTION/EE] base[-0.05  0.74  0.05]
[WARN] [1786080571.563299234] [coord_transform]: Outlier rejected #4 (jumped 519.8mm). Ignoring.
[INFO] [1786080571.596288505] [coord_transform]: Too many outliers (5). Resetting filter to new position.
[WARN] [1786080571.702024881] [coord_transform]: [EE] Tọa độ bị clamp: [-0.056  0.72   0.006] → [-0.056  0.72   0.05 ]
[WARN] [1786080572.702235006] [coord_transform]: [EE] Tọa độ bị clamp: [-0.058  0.714  0.   ] → [-0.058  0.714  0.05 ]
[WARN] [1786080572.901510925] [coord_transform]: Outlier rejected #1 (jumped 372.7mm). Ignoring.
[WARN] [1786080573.069765013] [coord_transform]: Outlier rejected #2 (jumped 425.2mm). Ignoring.
[WARN] [1786080573.095765192] [coord_transform]: Outlier rejected #3 (jumped 353.9mm). Ignoring.
[WARN] [1786080573.125470672] [coord_transform]: Outlier rejected #4 (jumped 366.3mm). Ignoring.
[INFO] [1786080573.136149188] [coord_transform]: [PREDICTION/EE] base[-0.058  0.714  0.05 ]
[INFO] [1786080573.155547766] [coord_transform]: Too many outliers (5). Resetting filter to new position.
[WARN] [1786080573.735617916] [coord_transform]: [EE] Tọa độ bị clamp: [-0.058  0.714  0.   ] → [-0.058  0.714  0.05 ]
[WARN] [1786080574.768573207] [coord_transform]: [EE] Tọa độ bị clamp: [-0.058  0.714  0.   ] → [-0.058  0.714  0.05 ]
[INFO] [1786080575.168779228] [coord_transform]: [PREDICTION/EE] base[-0.058  0.714  0.05 ]
[WARN] [1786080575.768567948] [coord_transform]: [EE] Tọa độ bị clamp: [-0.058  0.714  0.   ] → [-0.058  0.714  0.05 ]
[WARN] [1786080576.768632079] [coord_transform]: [EE] Tọa độ bị clamp: [-0.058  0.714  0.   ] → [-0.058  0.714  0.05 ]
[INFO] [1786080577.169308445] [coord_transform]: [PREDICTION/EE] base[-0.058  0.714  0.05 ]
[WARN] [1786080577.802176391] [coord_transform]: [EE] Tọa độ bị clamp: [-0.058  0.714  0.   ] → [-0.058  0.714  0.05 ]
[WARN] [1786080578.835403001] [coord_transform]: [EE] Tọa độ bị clamp: [-0.058  0.714  0.   ] → [-0.058  0.714  0.05 ]
[INFO] [1786080579.202027981] [coord_transform]: [PREDICTION/EE] base[-0.058  0.714  0.05 ]
[WARN] [1786080579.835556598] [coord_transform]: [EE] Tọa độ bị clamp: [-0.058  0.714  0.   ] → [-0.058  0.714  0.05 ]
[WARN] [1786080580.868834142] [coord_transform]: [EE] Tọa độ bị clamp: [-0.058  0.714  0.   ] → [-0.058  0.714  0.05 ]
[INFO] [1786080581.202183724] [coord_transform]: [PREDICTION/EE] base[-0.058  0.714  0.05 ]
[WARN] [1786080581.901612543] [coord_transform]: [EE] Tọa độ bị clamp: [-0.058  0.714  0.   ] → [-0.058  0.714  0.05 ]
[WARN] [1786080582.935136920] [coord_transform]: [EE] Tọa độ bị clamp: [-0.058  0.714  0.   ] → [-0.058  0.714  0.05 ]
[INFO] [1786080583.202421927] [coord_transform]: [PREDICTION/EE] base[-0.058  0.714  0.05 ]
[WARN] [1786080583.935667280] [coord_transform]: [EE] Tọa độ bị clamp: [-0.058  0.714  0.   ] → [-0.058  0.714  0.05 ]
[WARN] [1786080584.936087011] [coord_transform]: [EE] Tọa độ bị clamp: [-0.058  0.714  0.   ] → [-0.058  0.714  0.05 ]
[INFO] [1786080585.205453853] [coord_transform]: [PREDICTION/EE] base[-0.058  0.714  0.05 ]
[WARN] [1786080585.969024058] [coord_transform]: [EE] Tọa độ bị clamp: [-0.058  0.714  0.   ] → [-0.058  0.714  0.05 ]
[WARN] [1786080586.970717912] [coord_transform]: [EE] Tọa độ bị clamp: [-0.058  0.714  0.   ] → [-0.058  0.714  0.05 ]
[INFO] [1786080587.236054534] [coord_transform]: [PREDICTION/EE] base[-0.058  0.714  0.05 ]
[WARN] [1786080588.002830136] [coord_transform]: [EE] Tọa độ bị clamp: [-0.058  0.714  0.   ] → [-0.058  0.714  0.05 ]
[WARN] [1786080589.004428770] [coord_transform]: [EE] Tọa độ bị clamp: [-0.058  0.714  0.   ] → [-0.058  0.714  0.05 ]
[INFO] [1786080589.236736776] [coord_transform]: [PREDICTION/EE] base[-0.058  0.714  0.05 ]
[WARN] [1786080590.036134563] [coord_transform]: [EE] Tọa độ bị clamp: [-0.058  0.714  0.   ] → [-0.058  0.714  0.05 ]
[WARN] [1786080591.070363857] [coord_transform]: [EE] Tọa độ bị clamp: [-0.058  0.714  0.   ] → [-0.058  0.714  0.05 ]
[INFO] [1786080591.237298367] [coord_transform]: [PREDICTION/EE] base[-0.058  0.714  0.05 ]
[WARN] [1786080592.102516406] [coord_transform]: [EE] Tọa độ bị clamp: [-0.058  0.714  0.   ] → [-0.058  0.714  0.05 ]
[WARN] [1786080593.103246040] [coord_transform]: [EE] Tọa độ bị clamp: [-0.058  0.714  0.   ] → [-0.058  0.714  0.05 ]
[INFO] [1786080593.271138128] [coord_transform]: [PREDICTION/EE] base[-0.058  0.714  0.05 ]
[WARN] [1786080594.103292715] [coord_transform]: [EE] Tọa độ bị clamp: [-0.058  0.714  0.   ] → [-0.058  0.714  0.05 ]
[WARN] [1786080595.136097222] [coord_transform]: [EE] Tọa độ bị clamp: [-0.058  0.714  0.   ] → [-0.058  0.714  0.05 ]
[INFO] [1786080595.271320489] [coord_transform]: [PREDICTION/EE] base[-0.058  0.714  0.05 ]
[WARN] [1786080596.169637646] [coord_transform]: [EE] Tọa độ bị clamp: [-0.058  0.714  0.   ] → [-0.058  0.714  0.05 ]
[WARN] [1786080597.201995978] [coord_transform]: [EE] Tọa độ bị clamp: [-0.058  0.714  0.   ] → [-0.058  0.714  0.05 ]
[INFO] [1786080597.302608698] [coord_transform]: [PREDICTION/EE] base[-0.058  0.714  0.05 ]
[WARN] [1786080598.202239587] [coord_transform]: [EE] Tọa độ bị clamp: [-0.058  0.714  0.   ] → [-0.058  0.714  0.05 ]
[WARN] [1786080599.203237798] [coord_transform]: [EE] Tọa độ bị clamp: [-0.058  0.714  0.   ] → [-0.058  0.714  0.05 ]
[INFO] [1786080599.302641911] [coord_transform]: [PREDICTION/EE] base[-0.058  0.714  0.05 ]
[WARN] [1786080600.205794252] [coord_transform]: [EE] Tọa độ bị clamp: [-0.058  0.714  0.   ] → [-0.058  0.714  0.05 ]
[WARN] [1786080601.237550053] [coord_transform]: [EE] Tọa độ bị clamp: [-0.058  0.714  0.   ] → [-0.058  0.714  0.05 ]
[INFO] [1786080601.303789631] [coord_transform]: [PREDICTION/EE] base[-0.058  0.714  0.05 ]
[WARN] [1786080602.269892661] [coord_transform]: [EE] Tọa độ bị clamp: [-0.058  0.714  0.   ] → [-0.058  0.714  0.05 ]
[WARN] [1786080603.269953543] [coord_transform]: [EE] Tọa độ bị clamp: [-0.058  0.714  0.   ] → [-0.058  0.714  0.05 ]
[INFO] [1786080603.336666820] [coord_transform]: [PREDICTION/EE] base[-0.058  0.714  0.05 ]
[WARN] [1786080604.302638009] [coord_transform]: [EE] Tọa độ bị clamp: [-0.058  0.714  0.   ] → [-0.058  0.714  0.05 ]
[WARN] [1786080605.335925603] [coord_transform]: [EE] Tọa độ bị clamp: [-0.058  0.714  0.   ] → [-0.058  0.714  0.05 ]
[INFO] [1786080605.370705586] [coord_transform]: [PREDICTION/EE] base[-0.058  0.714  0.05 ]
[WARN] [1786080606.336097728] [coord_transform]: [EE] Tọa độ bị clamp: [-0.058  0.714  0.   ] → [-0.058  0.714  0.05 ]
[WARN] [1786080607.336107547] [coord_transform]: [EE] Tọa độ bị clamp: [-0.058  0.714  0.   ] → [-0.058  0.714  0.05 ]
[INFO] [1786080607.402993613] [coord_transform]: [PREDICTION/EE] base[-0.058  0.714  0.05 ]
[WARN] [1786080608.336177366] [coord_transform]: [EE] Tọa độ bị clamp: [-0.058  0.714  0.   ] → [-0.058  0.714  0.05 ]
[WARN] [1786080609.336195658] [coord_transform]: [EE] Tọa độ bị clamp: [-0.058  0.714  0.   ] → [-0.058  0.714  0.05 ]
[INFO] [1786080609.435702871] [coord_transform]: [PREDICTION/EE] base[-0.058  0.714  0.05 ]
[WARN] [1786080610.336534917] [coord_transform]: [EE] Tọa độ bị clamp: [-0.058  0.714  0.   ] → [-0.058  0.714  0.05 ]
[WARN] [1786080611.368632728] [coord_transform]: [EE] Tọa độ bị clamp: [-0.058  0.714  0.   ] → [-0.058  0.714  0.05 ]
[INFO] [1786080611.469296519] [coord_transform]: [PREDICTION/EE] base[-0.058  0.714  0.05 ]
[WARN] [1786080612.369512666] [coord_transform]: [EE] Tọa độ bị clamp: [-0.058  0.714  0.   ] → [-0.058  0.714  0.05 ]
[WARN] [1786080613.402355017] [coord_transform]: [EE] Tọa độ bị clamp: [-0.058  0.714  0.   ] → [-0.058  0.714  0.05 ]
[INFO] [1786080613.502482128] [coord_transform]: [PREDICTION/EE] base[-0.058  0.714  0.05 ]
[WARN] [1786080614.402644136] [coord_transform]: [EE] Tọa độ bị clamp: [-0.058  0.714  0.   ] → [-0.058  0.714  0.05 ]
[WARN] [1786080615.435517894] [coord_transform]: [EE] Tọa độ bị clamp: [-0.058  0.714  0.   ] → [-0.058  0.714  0.05 ]
[INFO] [1786080615.503018629] [coord_transform]: [PREDICTION/EE] base[-0.058  0.714  0.05 ]
[WARN] [1786080616.470092082] [coord_transform]: [EE] Tọa độ bị clamp: [-0.058  0.714  0.   ] → [-0.058  0.714  0.05 ]
[WARN] [1786080617.502256431] [coord_transform]: [EE] Tọa độ bị clamp: [-0.058  0.714  0.   ] → [-0.058  0.714  0.05 ]
[INFO] [1786080617.535742740] [coord_transform]: [PREDICTION/EE] base[-0.058  0.714  0.05 ]
[WARN] [1786080618.535521107] [coord_transform]: [EE] Tọa độ bị clamp: [-0.058  0.714  0.   ] → [-0.058  0.714  0.05 ]
[INFO] [1786080619.536055746] [coord_transform]: [PREDICTION/EE] base[-0.058  0.714  0.05 ]
[WARN] [1786080619.568758420] [coord_transform]: [EE] Tọa độ bị clamp: [-0.058  0.714  0.   ] → [-0.058  0.714  0.05 ]
[WARN] [1786080620.602010210] [coord_transform]: [EE] Tọa độ bị clamp: [-0.058  0.714  0.   ] → [-0.058  0.714  0.05 ]
[INFO] [1786080621.569162939] [coord_transform]: [PREDICTION/EE] base[-0.058  0.714  0.05 ]
[WARN] [1786080621.635398714] [coord_transform]: [EE] Tọa độ bị clamp: [-0.058  0.714  0.   ] → [-0.058  0.714  0.05 ]
