[INFO] [1786088669.527306208] [experiment_logger]: ✓ STARTED in-memory logging. Target file: /home/hungnb/cocarry_ws/cocarry_logs/experiment_GROUND_TRUTH_20260807_144429.csv
[INFO] [1786088669.544190717] [experiment_logger]: Logger ready.
[INFO] [1786088685.044125188] [experiment_logger]: Trajectory mode: prediction
[INFO] [1786088688.320068556] [experiment_logger]: Service called: /logger/toggle with data=False
[INFO] [1786088688.320434388] [experiment_logger]: Writing 98 rows from memory to /home/hungnb/cocarry_ws/cocarry_logs/experiment_GROUND_TRUTH_20260807_144429.csv...
[INFO] [1786088688.321631600] [experiment_logger]: ✓ Successfully wrote logs to disk.
[INFO] [1786088688.322019142] [experiment_logger]: Stopped logging. Saved 98 rows to /home/hungnb/cocarry_ws/cocarry_logs/experiment_GROUND_TRUTH_20260807_144429.csv
[INFO] [1786088688.322806300] [experiment_logger]: 
============================================================
EXPERIMENT METRICS
  File: experiment_GROUND_TRUTH_20260807_144429.csv
  Total samples: 98
  Task completion time: 18.82 s
  Mode: GROUND TRUTH (no prediction metrics)
  Jerk: insufficient EE data for calculation
============================================================
[INFO] [1786088722.393912168] [experiment_logger]: Service called: /logger/toggle with data=True
[INFO] [1786088722.394281537] [experiment_logger]: ✓ STARTED in-memory logging. Target file: /home/hungnb/cocarry_ws/cocarry_logs/experiment_SVGP_20260807_144522.csv
[INFO] [1786088722.651700953] [experiment_logger]: Service called: /logger/toggle with data=False
[INFO] [1786088722.652249105] [experiment_logger]: Writing 6 rows from memory to /home/hungnb/cocarry_ws/cocarry_logs/experiment_SVGP_20260807_144522.csv...
[INFO] [1786088722.653070357] [experiment_logger]: ✓ Successfully wrote logs to disk.
[INFO] [1786088722.653535415] [experiment_logger]: Stopped logging. Saved 6 rows to /home/hungnb/cocarry_ws/cocarry_logs/experiment_SVGP_20260807_144522.csv
[INFO] [1786088722.654103875] [experiment_logger]: 
============================================================
EXPERIMENT METRICS
  File: experiment_SVGP_20260807_144522.csv
  Total samples: 6
  Task completion time: 0.26 s
  --- Prediction Accuracy (over 6 samples) ---
  Avg Inference Time: 30.55 ms
  Mean Squared Error (MSE): 0.001304 m²
  Mean Absolute Error (MAE - 3D): 0.0353 m
      MAE X: 0.0286 m
      MAE Y: 0.0165 m
      MAE Z: 0.0065 m
  Jerk: insufficient EE data for calculation
============================================================
[INFO] [1786088737.973645768] [experiment_logger]: Service called: /logger/toggle with data=True
[INFO] [1786088737.974099835] [experiment_logger]: ✓ STARTED in-memory logging. Target file: /home/hungnb/cocarry_ws/cocarry_logs/experiment_SVGP_20260807_144537.csv
[INFO] [1786088739.001477675] [experiment_logger]: Service called: /logger/toggle with data=False
[INFO] [1786088739.001787573] [experiment_logger]: Writing 30 rows from memory to /home/hungnb/cocarry_ws/cocarry_logs/experiment_SVGP_20260807_144537.csv...
[INFO] [1786088739.002656244] [experiment_logger]: ✓ Successfully wrote logs to disk.
[INFO] [1786088739.003105642] [experiment_logger]: Stopped logging. Saved 30 rows to /home/hungnb/cocarry_ws/cocarry_logs/experiment_SVGP_20260807_144537.csv
[INFO] [1786088739.003801079] [experiment_logger]: 
============================================================
EXPERIMENT METRICS
  File: experiment_SVGP_20260807_144537.csv
  Total samples: 30
  Task completion time: 1.03 s
  --- Prediction Accuracy (over 30 samples) ---
  Avg Inference Time: 31.39 ms
  Mean Squared Error (MSE): 0.001946 m²
  Mean Absolute Error (MAE - 3D): 0.0409 m
      MAE X: 0.0254 m
      MAE Y: 0.0273 m
      MAE Z: 0.0053 m
  Jerk: insufficient EE data for calculation
============================================================
[INFO] [1786088751.542111825] [experiment_logger]: Service called: /logger/toggle with data=False
[INFO] [1786088774.550301336] [experiment_logger]: Service called: /logger/toggle with data=True
[INFO] [1786088774.550711893] [experiment_logger]: ✓ STARTED in-memory logging. Target file: /home/hungnb/cocarry_ws/cocarry_logs/experiment_SVGP_20260807_144614.csv
[INFO] [1786088788.703789681] [experiment_logger]: Service called: /logger/toggle with data=False
[INFO] [1786088788.704232107] [experiment_logger]: Writing 697 rows from memory to /home/hungnb/cocarry_ws/cocarry_logs/experiment_SVGP_20260807_144614.csv...
[INFO] [1786088788.709706236] [experiment_logger]: ✓ Successfully wrote logs to disk.
[INFO] [1786088788.711539629] [experiment_logger]: Stopped logging. Saved 697 rows to /home/hungnb/cocarry_ws/cocarry_logs/experiment_SVGP_20260807_144614.csv
[INFO] [1786088788.717454531] [experiment_logger]: 
============================================================
EXPERIMENT METRICS
  File: experiment_SVGP_20260807_144614.csv
  Total samples: 697
  Task completion time: 14.15 s
  --- Prediction Accuracy (over 697 samples) ---
  Avg Inference Time: 6.87 ms
  Mean Squared Error (MSE): 0.198473 m²
  Mean Absolute Error (MAE - 3D): 0.3899 m
      MAE X: 0.1125 m
      MAE Y: 0.3483 m
      MAE Z: 0.0603 m
  --- Trajectory Smoothness (Robot EE) ---
  Mean Jerk (3D): 5.4265 m/s³
      Jerk X: 0.5969 m/s³
      Jerk Y: 3.3943 m/s³
      Jerk Z: 3.7417 m/s³
  Max Jerk (3D): 43.4912 m/s³
  RMS Jerk (3D): 8.5982 m/s³
============================================================
[INFO] [1786088810.592755352] [experiment_logger]: Service called: /logger/toggle with data=False
[INFO] [1786088848.431568157] [experiment_logger]: Service called: /logger/toggle with data=True
[INFO] [1786088848.432123755] [experiment_logger]: ✓ STARTED in-memory logging. Target file: /home/hungnb/cocarry_ws/cocarry_logs/experiment_SVGP_20260807_144728.csv
[INFO] [1786088859.495480202] [experiment_logger]: Service called: /logger/toggle with data=False
[INFO] [1786088859.495859451] [experiment_logger]: Writing 511 rows from memory to /home/hungnb/cocarry_ws/cocarry_logs/experiment_SVGP_20260807_144728.csv...
[INFO] [1786088859.498412010] [experiment_logger]: ✓ Successfully wrote logs to disk.
[INFO] [1786088859.499244345] [experiment_logger]: Stopped logging. Saved 511 rows to /home/hungnb/cocarry_ws/cocarry_logs/experiment_SVGP_20260807_144728.csv
[INFO] [1786088859.502651510] [experiment_logger]: 
============================================================
EXPERIMENT METRICS
  File: experiment_SVGP_20260807_144728.csv
  Total samples: 511
  Task completion time: 11.06 s
  --- Prediction Accuracy (over 511 samples) ---
  Avg Inference Time: 9.09 ms
  Mean Squared Error (MSE): 0.173516 m²
  Mean Absolute Error (MAE - 3D): 0.3266 m
      MAE X: 0.0807 m
      MAE Y: 0.3027 m
      MAE Z: 0.0573 m
  --- Trajectory Smoothness (Robot EE) ---
  Mean Jerk (3D): 13.8146 m/s³
      Jerk X: 2.1440 m/s³
      Jerk Y: 7.7258 m/s³
      Jerk Z: 10.5200 m/s³
  Max Jerk (3D): 133.4267 m/s³
  RMS Jerk (3D): 29.2609 m/s³
============================================================
[INFO] [1786088863.113255987] [experiment_logger]: Service called: /logger/toggle with data=False
