[INFO] [1786420859.875440491] [experiment_logger]: ✓ STARTED in-memory logging. Target file: /home/hungnb/cocarry_ws/cocarry_logs/experiment_GROUND_TRUTH_20260811_110059.csv
[INFO] [1786420859.884001659] [experiment_logger]: Logger ready.
[INFO] [1786420906.239078908] [experiment_logger]: Trajectory mode: prediction
[INFO] [1786420913.800135924] [experiment_logger]: Service called: /logger/toggle with data=False
[INFO] [1786420913.800679331] [experiment_logger]: Writing 1031 rows from memory to /home/hungnb/cocarry_ws/cocarry_logs/experiment_GROUND_TRUTH_20260811_110059.csv...
[INFO] [1786420913.804640611] [experiment_logger]: ✓ Successfully wrote logs to disk.
[INFO] [1786420913.805528204] [experiment_logger]: Stopped logging. Saved 1031 rows to /home/hungnb/cocarry_ws/cocarry_logs/experiment_GROUND_TRUTH_20260811_110059.csv
[INFO] [1786420913.810609934] [experiment_logger]: 
============================================================
EXPERIMENT METRICS
  File: experiment_GROUND_TRUTH_20260811_110059.csv
  Total samples: 0
  Task completion time: 53.94 s
  --- Prediction Accuracy (over 227 samples) ---
  Avg Inference Time: 0.00 ms
  Mean Squared Error (MSE): 5.842425 m²
  Mean Absolute Error (MAE - 3D): 2.4171 m
      MAE X: 0.6245 m
      MAE Y: 2.3343 m
      MAE Z: 0.0592 m
  Jerk: insufficient EE data for calculation
============================================================
