[INFO] [1786091332.389186421] [coord_transform]: CoordTransformNode khởi động.
  Object offset (cam frame): [0.05 0.   0.1 ]
  Translation cam→base:      [0.5 0.  1.2]
  EE orientation (xyzw):     [0.0, 1.0, 0.0, 0.0]
  Prediction step:           5
  Axis remap:                [0, 1, 2]
  Axis sign:                 [-1.0, 1.0, 1.0]
  Workspace X: (-1.0, 1.0), Y: (-0.5, 1.3), Z: (0.05, 1.5)
  Filter outlier_threshold:  0.15m
  Filter median_size_y:      3
  Filter deadband_tol:       15.0mm
  Filter stationary_thresh:  3 frames
  Filter max_rate:           5.0cm/frame
  Filter EMA moving(x,y,z):  (1.0,0.8,1.0)
  Filter EMA hold  (x,y,z):  (0.08,0.02,0.05)
[WARN] [1786091341.784444192] [coord_transform]: Outlier rejected #1 (jumped 153.5mm). Ignoring.
[WARN] [1786091341.901505429] [coord_transform]: Outlier rejected #1 (jumped 173.9mm). Ignoring.
[WARN] [1786091342.101255964] [coord_transform]: Outlier rejected #1 (jumped 205.8mm). Ignoring.
[WARN] [1786091342.266150111] [coord_transform]: Outlier rejected #1 (jumped 184.7mm). Ignoring.
[WARN] [1786091342.502812168] [coord_transform]: Outlier rejected #1 (jumped 189.7mm). Ignoring.
[WARN] [1786091342.903538397] [coord_transform]: Outlier rejected #1 (jumped 187.5mm). Ignoring.
[WARN] [1786091349.440513253] [coord_transform]: Outlier rejected #1 (jumped 156.6mm). Ignoring.
[WARN] [1786091354.978148947] [coord_transform]: Outlier rejected #1 (jumped 168.6mm). Ignoring.
[WARN] [1786091356.381429680] [coord_transform]: Outlier rejected #1 (jumped 150.5mm). Ignoring.
[WARN] [1786091357.179280791] [coord_transform]: Outlier rejected #1 (jumped 155.6mm). Ignoring.
[WARN] [1786091360.685032811] [coord_transform]: Outlier rejected #1 (jumped 171.6mm). Ignoring.
[WARN] [1786091365.420401354] [coord_transform]: Outlier rejected #1 (jumped 154.6mm). Ignoring.
[WARN] [1786091368.522558068] [coord_transform]: Outlier rejected #1 (jumped 179.2mm). Ignoring.
[WARN] [1786091368.555024170] [coord_transform]: Outlier rejected #2 (jumped 159.1mm). Ignoring.
[WARN] [1786091368.591278001] [coord_transform]: Outlier rejected #3 (jumped 179.2mm). Ignoring.
[INFO] [1786091374.150607122] [coord_transform]: Đã chuyển mode: ground_truth -> prediction
[INFO] [1786091381.824605253] [coord_transform]: Trạng thái tracking: STOPPED
[WARN] [1786091387.737605836] [coord_transform]: Outlier rejected #1 (jumped 2170.6mm). Ignoring.
[WARN] [1786091387.770141319] [coord_transform]: Outlier rejected #2 (jumped 2128.5mm). Ignoring.
[WARN] [1786091387.803779682] [coord_transform]: Outlier rejected #3 (jumped 2128.5mm). Ignoring.
[WARN] [1786091387.836333550] [coord_transform]: Outlier rejected #4 (jumped 2085.3mm). Ignoring.
[INFO] [1786091387.869257349] [coord_transform]: Too many outliers (5). Resetting filter to new position.
[WARN] [1786091390.574991743] [coord_transform]: Outlier rejected #1 (jumped 160.6mm). Ignoring.
[WARN] [1786091392.506830693] [coord_transform]: Outlier rejected #1 (jumped 164.1mm). Ignoring.
[WARN] [1786091393.307243019] [coord_transform]: Outlier rejected #1 (jumped 153.3mm). Ignoring.
[WARN] [1786091394.041039199] [coord_transform]: Outlier rejected #1 (jumped 151.1mm). Ignoring.
[WARN] [1786091394.706720791] [coord_transform]: Outlier rejected #1 (jumped 151.8mm). Ignoring.
[WARN] [1786091395.106483368] [coord_transform]: Outlier rejected #1 (jumped 156.6mm). Ignoring.
[INFO] [1786091398.183884543] [coord_transform]: Captured Init Pose! P_init=(-0.162, 0.280, 0.379), Cam_init=(0.006, -0.024, 0.005), Noise_Tol=60.0mm
Orientation=(0.998, 0.064, -0.000, 0.000)
[INFO] [1786091398.208712715] [coord_transform]: Deadband: RELEASE — motion detected
[INFO] [1786091398.344382641] [coord_transform]: Deadband: HOLD at (0.006, -0.024, 0.005)
[INFO] [1786091406.598013499] [coord_transform]: Re-sync camera init: [ 0.001 -0.064  0.002]
[INFO] [1786091406.598371497] [coord_transform]: Trạng thái tracking: RUNNING
[INFO] [1786091406.649644157] [coord_transform]: [SNAP ON] Tay thực tế đứng yên. Ép dừng robot (GRU đang lệch 0.0cm).
[INFO] [1786091406.650606160] [coord_transform]: [PREDICTION] Transform: cam[ 0.001 -0.064  0.002] → base[-0.162  0.28   0.379]
[INFO] [1786091407.678754672] [coord_transform]: Deadband: RELEASE — motion detected
[INFO] [1786091407.715172512] [coord_transform]: Deadband: HOLD at (0.001, -0.064, 0.002)
[INFO] [1786091407.778183715] [coord_transform]: [SNAP OFF] Tay di chuyển lại. Trả quyền cho GRU.
[INFO] [1786091407.812541141] [coord_transform]: [SNAP ON] Tay thực tế đứng yên. Ép dừng robot (GRU đang lệch 5.0cm).
[INFO] [1786091407.847962613] [coord_transform]: [SNAP OFF] Tay di chuyển lại. Trả quyền cho GRU.
[INFO] [1786091408.654121161] [coord_transform]: [PREDICTION] Transform: cam[-0.029  0.059  0.136] → base[-0.132  0.403  0.513]
[INFO] [1786091410.686623901] [coord_transform]: [PREDICTION] Transform: cam[-0.052  0.247  0.459] → base[-0.109  0.591  0.835]
[INFO] [1786091411.625028477] [coord_transform]: [PREDICTION/EE] base[-0.077  0.765  0.809]
[INFO] [1786091413.642481621] [coord_transform]: [PREDICTION/EE] base[-0.064  0.653  0.396]
[INFO] [1786091415.657514698] [coord_transform]: [PREDICTION/EE] base[-0.064  0.695  0.161]
[WARN] [1786091416.744560153] [coord_transform]: [EE] Tọa độ bị clamp: [-0.059  0.706  0.049] → [-0.059  0.706  0.05 ]
[WARN] [1786091417.325695143] [coord_transform]: Outlier rejected #1 (jumped 268.1mm). Ignoring.
[WARN] [1786091417.358522885] [coord_transform]: Outlier rejected #2 (jumped 343.1mm). Ignoring.
[INFO] [1786091417.658403648] [coord_transform]: [PREDICTION/EE] base[-0.058  0.713  0.05 ]
[WARN] [1786091417.757313823] [coord_transform]: [EE] Tọa độ bị clamp: [-0.058  0.713  0.004] → [-0.058  0.713  0.05 ]
[WARN] [1786091417.971859023] [coord_transform]: Outlier rejected #3 (jumped 2078.6mm). Ignoring.
[WARN] [1786091418.001424985] [coord_transform]: Outlier rejected #4 (jumped 2043.4mm). Ignoring.
[INFO] [1786091418.027137274] [coord_transform]: Too many outliers (5). Resetting filter to new position.
[WARN] [1786091418.759108171] [coord_transform]: [EE] Tọa độ bị clamp: [-0.058  0.714  0.   ] → [-0.058  0.714  0.05 ]
[INFO] [1786091419.658525615] [coord_transform]: [PREDICTION/EE] base[-0.058  0.714  0.05 ]
[WARN] [1786091419.775815732] [coord_transform]: [EE] Tọa độ bị clamp: [-0.058  0.714  0.   ] → [-0.058  0.714  0.05 ]
[WARN] [1786091420.776502152] [coord_transform]: [EE] Tọa độ bị clamp: [-0.058  0.714  0.   ] → [-0.058  0.714  0.05 ]
[INFO] [1786091421.658762641] [coord_transform]: [PREDICTION/EE] base[-0.058  0.714  0.05 ]
[WARN] [1786091421.791495906] [coord_transform]: [EE] Tọa độ bị clamp: [-0.058  0.714  0.   ] → [-0.058  0.714  0.05 ]
[WARN] [1786091422.792677154] [coord_transform]: [EE] Tọa độ bị clamp: [-0.058  0.714  0.   ] → [-0.058  0.714  0.05 ]
[INFO] [1786091423.658867728] [coord_transform]: [PREDICTION/EE] base[-0.058  0.714  0.05 ]
[WARN] [1786091423.809038148] [coord_transform]: [EE] Tọa độ bị clamp: [-0.058  0.714  0.   ] → [-0.058  0.714  0.05 ]
[WARN] [1786091424.809162454] [coord_transform]: [EE] Tọa độ bị clamp: [-0.058  0.714  0.   ] → [-0.058  0.714  0.05 ]
[INFO] [1786091425.659005500] [coord_transform]: [PREDICTION/EE] base[-0.058  0.714  0.05 ]
[WARN] [1786091425.824686303] [coord_transform]: [EE] Tọa độ bị clamp: [-0.058  0.714  0.   ] → [-0.058  0.714  0.05 ]
[WARN] [1786091426.824693548] [coord_transform]: [EE] Tọa độ bị clamp: [-0.058  0.714  0.   ] → [-0.058  0.714  0.05 ]
[INFO] [1786091427.676109150] [coord_transform]: [PREDICTION/EE] base[-0.058  0.714  0.05 ]
[WARN] [1786091427.842404161] [coord_transform]: [EE] Tọa độ bị clamp: [-0.058  0.714  0.   ] → [-0.058  0.714  0.05 ]
[WARN] [1786091428.845962245] [coord_transform]: [EE] Tọa độ bị clamp: [-0.058  0.714  0.   ] → [-0.058  0.714  0.05 ]
[INFO] [1786091429.676988772] [coord_transform]: [PREDICTION/EE] base[-0.058  0.714  0.05 ]
[WARN] [1786091429.858221730] [coord_transform]: [EE] Tọa độ bị clamp: [-0.058  0.714  0.   ] → [-0.058  0.714  0.05 ]
[WARN] [1786091430.858557180] [coord_transform]: [EE] Tọa độ bị clamp: [-0.058  0.714  0.   ] → [-0.058  0.714  0.05 ]
[INFO] [1786091431.691697447] [coord_transform]: [PREDICTION/EE] base[-0.058  0.714  0.05 ]
[WARN] [1786091431.875298046] [coord_transform]: [EE] Tọa độ bị clamp: [-0.058  0.714  0.   ] → [-0.058  0.714  0.05 ]
[WARN] [1786091432.875606466] [coord_transform]: [EE] Tọa độ bị clamp: [-0.058  0.714  0.   ] → [-0.058  0.714  0.05 ]
[INFO] [1786091433.692209268] [coord_transform]: [PREDICTION/EE] base[-0.058  0.714  0.05 ]
[WARN] [1786091433.876049336] [coord_transform]: [EE] Tọa độ bị clamp: [-0.058  0.714  0.   ] → [-0.058  0.714  0.05 ]
[WARN] [1786091434.891884012] [coord_transform]: [EE] Tọa độ bị clamp: [-0.058  0.714  0.   ] → [-0.058  0.714  0.05 ]
[INFO] [1786091435.692802306] [coord_transform]: [PREDICTION/EE] base[-0.058  0.714  0.05 ]
[WARN] [1786091435.892148045] [coord_transform]: [EE] Tọa độ bị clamp: [-0.058  0.714  0.   ] → [-0.058  0.714  0.05 ]
[WARN] [1786091436.909422199] [coord_transform]: [EE] Tọa độ bị clamp: [-0.058  0.714  0.   ] → [-0.058  0.714  0.05 ]
[INFO] [1786091437.710244618] [coord_transform]: [PREDICTION/EE] base[-0.058  0.714  0.05 ]
[WARN] [1786091437.925338436] [coord_transform]: [EE] Tọa độ bị clamp: [-0.058  0.714  0.   ] → [-0.058  0.714  0.05 ]
[WARN] [1786091438.942681853] [coord_transform]: [EE] Tọa độ bị clamp: [-0.058  0.714  0.   ] → [-0.058  0.714  0.05 ]
[INFO] [1786091439.725590081] [coord_transform]: [PREDICTION/EE] base[-0.058  0.714  0.05 ]
[WARN] [1786091439.943976641] [coord_transform]: [EE] Tọa độ bị clamp: [-0.058  0.714  0.   ] → [-0.058  0.714  0.05 ]
[WARN] [1786091440.957740408] [coord_transform]: [EE] Tọa độ bị clamp: [-0.058  0.714  0.   ] → [-0.058  0.714  0.05 ]
[INFO] [1786091441.743295068] [coord_transform]: [PREDICTION/EE] base[-0.058  0.714  0.05 ]
[WARN] [1786091441.959284841] [coord_transform]: [EE] Tọa độ bị clamp: [-0.058  0.714  0.   ] → [-0.058  0.714  0.05 ]
[WARN] [1786091442.976072668] [coord_transform]: [EE] Tọa độ bị clamp: [-0.058  0.714  0.   ] → [-0.058  0.714  0.05 ]
[INFO] [1786091443.747644976] [coord_transform]: [PREDICTION/EE] base[-0.058  0.714  0.05 ]
[WARN] [1786091443.977070056] [coord_transform]: [EE] Tọa độ bị clamp: [-0.058  0.714  0.   ] → [-0.058  0.714  0.05 ]
[WARN] [1786091444.991820535] [coord_transform]: [EE] Tọa độ bị clamp: [-0.058  0.714  0.   ] → [-0.058  0.714  0.05 ]
[INFO] [1786091445.758097651] [coord_transform]: [PREDICTION/EE] base[-0.058  0.714  0.05 ]
[WARN] [1786091445.992554426] [coord_transform]: [EE] Tọa độ bị clamp: [-0.058  0.714  0.   ] → [-0.058  0.714  0.05 ]
[WARN] [1786091447.009199335] [coord_transform]: [EE] Tọa độ bị clamp: [-0.058  0.714  0.   ] → [-0.058  0.714  0.05 ]
[INFO] [1786091447.776134687] [coord_transform]: [PREDICTION/EE] base[-0.058  0.714  0.05 ]
[WARN] [1786091448.009307383] [coord_transform]: [EE] Tọa độ bị clamp: [-0.058  0.714  0.   ] → [-0.058  0.714  0.05 ]
[WARN] [1786091449.024586997] [coord_transform]: [EE] Tọa độ bị clamp: [-0.058  0.714  0.   ] → [-0.058  0.714  0.05 ]
[INFO] [1786091449.791933497] [coord_transform]: [PREDICTION/EE] base[-0.058  0.714  0.05 ]
[WARN] [1786091450.041996271] [coord_transform]: [EE] Tọa độ bị clamp: [-0.058  0.714  0.   ] → [-0.058  0.714  0.05 ]
[WARN] [1786091451.042456214] [coord_transform]: [EE] Tọa độ bị clamp: [-0.058  0.714  0.   ] → [-0.058  0.714  0.05 ]
[INFO] [1786091451.792183566] [coord_transform]: [PREDICTION/EE] base[-0.058  0.714  0.05 ]
[WARN] [1786091452.042596998] [coord_transform]: [EE] Tọa độ bị clamp: [-0.058  0.714  0.   ] → [-0.058  0.714  0.05 ]
[WARN] [1786091453.057909909] [coord_transform]: [EE] Tọa độ bị clamp: [-0.058  0.714  0.   ] → [-0.058  0.714  0.05 ]
[INFO] [1786091453.792280190] [coord_transform]: [PREDICTION/EE] base[-0.058  0.714  0.05 ]
[WARN] [1786091454.075687466] [coord_transform]: [EE] Tọa độ bị clamp: [-0.058  0.714  0.   ] → [-0.058  0.714  0.05 ]
[WARN] [1786091455.076038226] [coord_transform]: [EE] Tọa độ bị clamp: [-0.058  0.714  0.   ] → [-0.058  0.714  0.05 ]
[INFO] [1786091455.810005433] [coord_transform]: [PREDICTION/EE] base[-0.058  0.714  0.05 ]
[WARN] [1786091456.091725724] [coord_transform]: [EE] Tọa độ bị clamp: [-0.058  0.714  0.   ] → [-0.058  0.714  0.05 ]
[WARN] [1786091457.109318609] [coord_transform]: [EE] Tọa độ bị clamp: [-0.058  0.714  0.   ] → [-0.058  0.714  0.05 ]
[INFO] [1786091457.825230154] [coord_transform]: [PREDICTION/EE] base[-0.058  0.714  0.05 ]
[WARN] [1786091458.124845735] [coord_transform]: [EE] Tọa độ bị clamp: [-0.058  0.714  0.   ] → [-0.058  0.714  0.05 ]
[WARN] [1786091459.143553263] [coord_transform]: [EE] Tọa độ bị clamp: [-0.058  0.714  0.   ] → [-0.058  0.714  0.05 ]
[INFO] [1786091459.842411978] [coord_transform]: [PREDICTION/EE] base[-0.058  0.714  0.05 ]
[WARN] [1786091460.157254814] [coord_transform]: [EE] Tọa độ bị clamp: [-0.058  0.714  0.   ] → [-0.058  0.714  0.05 ]
[WARN] [1786091461.158765289] [coord_transform]: [EE] Tọa độ bị clamp: [-0.058  0.714  0.   ] → [-0.058  0.714  0.05 ]
[INFO] [1786091461.842847656] [coord_transform]: [PREDICTION/EE] base[-0.058  0.714  0.05 ]
[WARN] [1786091462.175755682] [coord_transform]: [EE] Tọa độ bị clamp: [-0.058  0.714  0.   ] → [-0.058  0.714  0.05 ]
[WARN] [1786091463.176562778] [coord_transform]: [EE] Tọa độ bị clamp: [-0.058  0.714  0.   ] → [-0.058  0.714  0.05 ]
[INFO] [1786091463.859010881] [coord_transform]: [PREDICTION/EE] base[-0.058  0.714  0.05 ]
[WARN] [1786091464.191732666] [coord_transform]: [EE] Tọa độ bị clamp: [-0.058  0.714  0.   ] → [-0.058  0.714  0.05 ]
[WARN] [1786091465.192089221] [coord_transform]: [EE] Tọa độ bị clamp: [-0.058  0.714  0.   ] → [-0.058  0.714  0.05 ]
[INFO] [1786091465.876287030] [coord_transform]: [PREDICTION/EE] base[-0.058  0.714  0.05 ]
[WARN] [1786091466.208969872] [coord_transform]: [EE] Tọa độ bị clamp: [-0.058  0.714  0.   ] → [-0.058  0.714  0.05 ]
[WARN] [1786091467.210143287] [coord_transform]: [EE] Tọa độ bị clamp: [-0.058  0.714  0.   ] → [-0.058  0.714  0.05 ]
[INFO] [1786091467.892037264] [coord_transform]: [PREDICTION/EE] base[-0.058  0.714  0.05 ]
[WARN] [1786091468.224559102] [coord_transform]: [EE] Tọa độ bị clamp: [-0.058  0.714  0.   ] → [-0.058  0.714  0.05 ]
[WARN] [1786091469.225273882] [coord_transform]: [EE] Tọa độ bị clamp: [-0.058  0.714  0.   ] → [-0.058  0.714  0.05 ]
[INFO] [1786091469.892227161] [coord_transform]: [PREDICTION/EE] base[-0.058  0.714  0.05 ]
[WARN] [1786091470.242884200] [coord_transform]: [EE] Tọa độ bị clamp: [-0.058  0.714  0.   ] → [-0.058  0.714  0.05 ]
[WARN] [1786091471.258086413] [coord_transform]: [EE] Tọa độ bị clamp: [-0.058  0.714  0.   ] → [-0.058  0.714  0.05 ]
[INFO] [1786091471.910816937] [coord_transform]: [PREDICTION/EE] base[-0.058  0.714  0.05 ]
[WARN] [1786091472.275823123] [coord_transform]: [EE] Tọa độ bị clamp: [-0.058  0.714  0.   ] → [-0.058  0.714  0.05 ]
[WARN] [1786091473.290967370] [coord_transform]: [EE] Tọa độ bị clamp: [-0.058  0.714  0.   ] → [-0.058  0.714  0.05 ]
[INFO] [1786091473.926158036] [coord_transform]: [PREDICTION/EE] base[-0.058  0.714  0.05 ]
[WARN] [1786091474.291496211] [coord_transform]: [EE] Tọa độ bị clamp: [-0.058  0.714  0.   ] → [-0.058  0.714  0.05 ]
[WARN] [1786091475.291939017] [coord_transform]: [EE] Tọa độ bị clamp: [-0.058  0.714  0.   ] → [-0.058  0.714  0.05 ]
[INFO] [1786091475.943835857] [coord_transform]: [PREDICTION/EE] base[-0.058  0.714  0.05 ]
[WARN] [1786091476.309103810] [coord_transform]: [EE] Tọa độ bị clamp: [-0.058  0.714  0.   ] → [-0.058  0.714  0.05 ]
[WARN] [1786091477.324837439] [coord_transform]: [EE] Tọa độ bị clamp: [-0.058  0.714  0.   ] → [-0.058  0.714  0.05 ]
[INFO] [1786091477.961246941] [coord_transform]: [PREDICTION/EE] base[-0.058  0.714  0.05 ]
[WARN] [1786091478.325164275] [coord_transform]: [EE] Tọa độ bị clamp: [-0.058  0.714  0.   ] → [-0.058  0.714  0.05 ]
[WARN] [1786091479.344275405] [coord_transform]: [EE] Tọa độ bị clamp: [-0.058  0.714  0.   ] → [-0.058  0.714  0.05 ]
[INFO] [1786091479.976313450] [coord_transform]: [PREDICTION/EE] base[-0.058  0.714  0.05 ]
[WARN] [1786091480.358717218] [coord_transform]: [EE] Tọa độ bị clamp: [-0.058  0.714  0.   ] → [-0.058  0.714  0.05 ]
[WARN] [1786091481.375887605] [coord_transform]: [EE] Tọa độ bị clamp: [-0.058  0.714  0.   ] → [-0.058  0.714  0.05 ]
[INFO] [1786091481.993323128] [coord_transform]: [PREDICTION/EE] base[-0.058  0.714  0.05 ]
[WARN] [1786091482.376088650] [coord_transform]: [EE] Tọa độ bị clamp: [-0.058  0.714  0.   ] → [-0.058  0.714  0.05 ]
[INFO] [1786091482.622086226] [coord_transform]: Trạng thái tracking: STOPPED
[INFO] [1786091484.683774902] [coord_transform]: Trạng thái tracking: STOPPED
