[INFO] [1786685009.652231210] [coord_transform]: CoordTransformNode khởi động.
  Object offset (cam frame): [0.05 0.   0.1 ]
  Translation cam→base:      [0.5 0.  1.2]
  EE orientation (xyzw):     [0.0, 1.0, 0.0, 0.0]
  Prediction step:           5
  Axis remap:                [0, 1, 2]
  Axis sign:                 [-1.0, 1.0, 1.0]
  Workspace X: (-1.0, 1.0), Y: (-0.5, 1.3), Z: (0.05, 1.5)
  Filter outlier_threshold:  0.15m
  Filter median_size_y:      3
  Filter deadband_tol:       15.0mm
  Filter stationary_thresh:  3 frames
  Filter max_rate:           5.0cm/frame
  Filter EMA moving(x,y,z):  (1.0,0.8,1.0)
  Filter EMA hold  (x,y,z):  (0.08,0.02,0.05)
[INFO] [1786685031.668709386] [coord_transform]: Đã chuyển mode: ground_truth -> prediction
[WARN] [1786685035.739954612] [coord_transform]: Outlier rejected #1 (jumped 2616.3mm). Ignoring.
[WARN] [1786685035.770503566] [coord_transform]: Outlier rejected #2 (jumped 2538.8mm). Ignoring.
[WARN] [1786685035.803443061] [coord_transform]: Outlier rejected #3 (jumped 2605.2mm). Ignoring.
[WARN] [1786685035.838432257] [coord_transform]: Outlier rejected #4 (jumped 2616.3mm). Ignoring.
[INFO] [1786685035.871338400] [coord_transform]: Too many outliers (5). Resetting filter to new position.
[INFO] [1786685039.036618461] [coord_transform]: Captured Init Pose! P_init=(-0.162, 0.280, 0.379), Cam_init=(-0.000, 0.014, 0.001), Noise_Tol=60.0mm
Orientation=(0.998, 0.064, -0.000, 0.000)
[INFO] [1786685044.930951461] [coord_transform]: Re-sync camera init: [-0.    -0.011 -0.001]
[INFO] [1786685044.931197744] [coord_transform]: Trạng thái tracking: RUNNING
[WARN] [1786685044.948239241] [coord_transform]: Tọa độ bị clamp: [-0.28200103 -0.64461693  0.37116468] → [-0.28200103 -0.5         0.37116468]
[INFO] [1786685044.948824130] [coord_transform]: [PREDICTION] Transform: cam[ 0.12  -0.936 -0.009] → base[-0.282 -0.5    0.371]
[INFO] [1786685045.280186203] [coord_transform]: Deadband: RELEASE — motion detected
[INFO] [1786685045.311011997] [coord_transform]: Deadband: HOLD at (-0.000, -0.011, -0.001)
[WARN] [1786685046.378665703] [coord_transform]: Outlier rejected #1 (jumped 151.1mm). Ignoring.
[WARN] [1786685046.746988297] [coord_transform]: Outlier rejected #1 (jumped 199.4mm). Ignoring.
[WARN] [1786685046.778016962] [coord_transform]: Outlier rejected #2 (jumped 199.5mm). Ignoring.
[WARN] [1786685046.813972935] [coord_transform]: Outlier rejected #3 (jumped 216.4mm). Ignoring.
[WARN] [1786685046.845689594] [coord_transform]: Outlier rejected #4 (jumped 225.0mm). Ignoring.
[INFO] [1786685046.878492483] [coord_transform]: Too many outliers (5). Resetting filter to new position.
[INFO] [1786685046.967582052] [coord_transform]: [PREDICTION] Transform: cam[-0.004  0.097  0.237] → base[-0.158  0.388  0.616]
[INFO] [1786685048.973549419] [coord_transform]: [PREDICTION] Transform: cam[-0.035  0.606  0.497] → base[-0.128  0.897  0.877]
[INFO] [1786685050.975377466] [coord_transform]: [PREDICTION] Transform: cam[-0.117  0.87   0.283] → base[-0.045  1.161  0.663]
[INFO] [1786685052.985817769] [coord_transform]: [PREDICTION] Transform: cam[-0.219  0.577  0.168] → base[0.056 0.868 0.548]
[WARN] [1786685053.847804634] [coord_transform]: Outlier rejected #1 (jumped 200.9mm). Ignoring.
[WARN] [1786685053.888630056] [coord_transform]: Outlier rejected #2 (jumped 187.3mm). Ignoring.
[WARN] [1786685053.915356850] [coord_transform]: Outlier rejected #3 (jumped 231.1mm). Ignoring.
[INFO] [1786685055.012980557] [coord_transform]: [PREDICTION] Transform: cam[-0.065  0.478  0.131] → base[-0.097  0.769  0.511]
[WARN] [1786685055.887995441] [coord_transform]: Outlier rejected #1 (jumped 363.2mm). Ignoring.
[INFO] [1786685057.062060978] [coord_transform]: [PREDICTION] Transform: cam[0.074 0.057 0.049] → base[-0.237  0.348  0.429]
[INFO] [1786685057.241703679] [coord_transform]: Deadband: HOLD at (-0.000, -0.011, -0.001)
[INFO] [1786685057.259116935] [coord_transform]: [SNAP ON] Tay thực tế đứng yên. Ép dừng robot (GRU đang lệch 11.1cm).
[WARN] [1786685058.089924826] [coord_transform]: Outlier rejected #1 (jumped 198.3mm). Ignoring.
[WARN] [1786685058.122567946] [coord_transform]: Outlier rejected #2 (jumped 174.1mm). Ignoring.
[INFO] [1786685058.312729950] [coord_transform]: Trạng thái tracking: STOPPED
[INFO] [1786685059.385605047] [coord_transform]: Deadband: RELEASE — motion detected
[INFO] [1786685059.418178015] [coord_transform]: Deadband: HOLD at (-0.000, -0.011, -0.001)
[INFO] [1786685063.156494287] [coord_transform]: Deadband: RELEASE — motion detected
[INFO] [1786685063.190082462] [coord_transform]: Deadband: HOLD at (-0.000, -0.011, -0.001)
[INFO] [1786685065.690011103] [coord_transform]: Deadband: RELEASE — motion detected
[INFO] [1786685065.726692901] [coord_transform]: Deadband: HOLD at (-0.000, -0.011, -0.001)
[INFO] [1786685067.728371887] [coord_transform]: Deadband: HOLD at (-0.000, -0.011, -0.001)
[INFO] [1786685067.761148999] [coord_transform]: Deadband: RELEASE — motion detected
[WARN] [1786685069.593759876] [coord_transform]: Outlier rejected #1 (jumped 160.0mm). Ignoring.
[INFO] [1786685070.816912833] [coord_transform]: Re-sync camera init: [ 0.004 -0.    -0.009]
[INFO] [1786685070.817157202] [coord_transform]: Trạng thái tracking: RUNNING
[INFO] [1786685070.831834969] [coord_transform]: [PREDICTION] Transform: cam[ 0.12  -0.061 -0.014] → base[-0.277  0.219  0.373]
[INFO] [1786685071.062208686] [coord_transform]: Deadband: RELEASE — motion detected
[INFO] [1786685071.093872797] [coord_transform]: Deadband: HOLD at (0.004, -0.000, -0.009)
[INFO] [1786685071.490257518] [coord_transform]: [SNAP OFF] Tay di chuyển lại. Trả quyền cho GRU.
[WARN] [1786685072.442335130] [coord_transform]: Outlier rejected #1 (jumped 151.5mm). Ignoring.
[INFO] [1786685072.857077432] [coord_transform]: [PREDICTION] Transform: cam[-0.072  0.26   0.314] → base[-0.085  0.54   0.701]
[INFO] [1786685074.861381531] [coord_transform]: [PREDICTION] Transform: cam[-0.108  0.622  0.385] → base[-0.05   0.902  0.773]
[WARN] [1786685075.499802095] [coord_transform]: Outlier rejected #1 (jumped 156.4mm). Ignoring.
[WARN] [1786685075.529231637] [coord_transform]: Outlier rejected #2 (jumped 165.0mm). Ignoring.
[WARN] [1786685075.555716107] [coord_transform]: Outlier rejected #3 (jumped 171.2mm). Ignoring.
[WARN] [1786685075.586250355] [coord_transform]: Outlier rejected #4 (jumped 196.4mm). Ignoring.
[INFO] [1786685075.617781326] [coord_transform]: Too many outliers (5). Resetting filter to new position.
[INFO] [1786685076.861682736] [coord_transform]: [PREDICTION] Transform: cam[-0.127  0.847  0.25 ] → base[-0.031  1.127  0.637]
[INFO] [1786685078.870954621] [coord_transform]: [PREDICTION] Transform: cam[-0.114  0.837  0.231] → base[-0.043  1.117  0.618]
[WARN] [1786685080.438378378] [coord_transform]: Outlier rejected #1 (jumped 339.1mm). Ignoring.
[WARN] [1786685080.469603084] [coord_transform]: Outlier rejected #2 (jumped 290.1mm). Ignoring.
[WARN] [1786685080.502894482] [coord_transform]: Outlier rejected #3 (jumped 282.5mm). Ignoring.
[WARN] [1786685080.535072318] [coord_transform]: Outlier rejected #4 (jumped 269.3mm). Ignoring.
[INFO] [1786685080.568748851] [coord_transform]: Too many outliers (5). Resetting filter to new position.
[INFO] [1786685080.899363076] [coord_transform]: [PREDICTION] Transform: cam[-0.101  0.664  0.192] → base[-0.057  0.944  0.579]
[INFO] [1786685081.095963723] [coord_transform]: Trạng thái tracking: STOPPED
[INFO] [1786685081.269957186] [coord_transform]: Deadband: HOLD at (0.004, -0.000, -0.009)
[INFO] [1786685081.302557777] [coord_transform]: Deadband: RELEASE — motion detected
[INFO] [1786685089.140060434] [coord_transform]: Deadband: RELEASE — motion detected
[INFO] [1786685089.176020357] [coord_transform]: Deadband: HOLD at (0.004, -0.000, -0.009)
[WARN] [1786685094.711604809] [coord_transform]: Outlier rejected #1 (jumped 169.1mm). Ignoring.
[WARN] [1786685100.783268710] [coord_transform]: Outlier rejected #1 (jumped 160.0mm). Ignoring.
[INFO] [1786685102.339742391] [coord_transform]: Re-sync camera init: [ 0.011  0.074 -0.   ]
[INFO] [1786685102.339995938] [coord_transform]: Trạng thái tracking: RUNNING
[INFO] [1786685102.355003976] [coord_transform]: Deadband: RELEASE — motion detected
[INFO] [1786685102.356533219] [coord_transform]: [PREDICTION] Transform: cam[ 0.004  0.    -0.009] → base[-0.156  0.206  0.37 ]
[INFO] [1786685102.485537268] [coord_transform]: Deadband: HOLD at (0.011, 0.074, -0.000)
[INFO] [1786685102.711477246] [coord_transform]: [SNAP ON] Tay thực tế đứng yên. Ép dừng robot (GRU đang lệch 8.6cm).
[INFO] [1786685102.945279606] [coord_transform]: [SNAP OFF] Tay di chuyển lại. Trả quyền cho GRU.
[WARN] [1786685103.021518578] [coord_transform]: Outlier rejected #1 (jumped 172.8mm). Ignoring.
[WARN] [1786685103.054579545] [coord_transform]: Outlier rejected #2 (jumped 156.0mm). Ignoring.
[WARN] [1786685103.091922286] [coord_transform]: Outlier rejected #3 (jumped 167.4mm). Ignoring.
[WARN] [1786685103.187275731] [coord_transform]: Outlier rejected #1 (jumped 157.1mm). Ignoring.
[INFO] [1786685104.383746745] [coord_transform]: [PREDICTION] Transform: cam[-0.074  0.389  0.368] → base[-0.077  0.595  0.746]
[INFO] [1786685106.383967872] [coord_transform]: [PREDICTION] Transform: cam[-0.134  0.814  0.278] → base[-0.017  1.02   0.657]
[INFO] [1786685108.394470251] [coord_transform]: [PREDICTION] Transform: cam[-0.131  0.878  0.199] → base[-0.02   1.085  0.577]
[WARN] [1786685109.357366650] [coord_transform]: Outlier rejected #1 (jumped 219.5mm). Ignoring.
[WARN] [1786685109.393409559] [coord_transform]: Outlier rejected #2 (jumped 478.8mm). Ignoring.
[WARN] [1786685109.426486967] [coord_transform]: Outlier rejected #3 (jumped 767.7mm). Ignoring.
[WARN] [1786685109.459274801] [coord_transform]: Outlier rejected #4 (jumped 579.8mm). Ignoring.
[INFO] [1786685109.493935093] [coord_transform]: Too many outliers (5). Resetting filter to new position.
[WARN] [1786685109.526321773] [coord_transform]: Outlier rejected #1 (jumped 294.1mm). Ignoring.
[WARN] [1786685109.559228931] [coord_transform]: Outlier rejected #2 (jumped 309.8mm). Ignoring.
[WARN] [1786685109.592623364] [coord_transform]: Outlier rejected #3 (jumped 368.2mm). Ignoring.
[INFO] [1786685109.995716010] [coord_transform]: Deadband: HOLD at (0.011, 0.074, -0.000)
[INFO] [1786685110.026492925] [coord_transform]: [SNAP ON] Tay thực tế đứng yên. Ép dừng robot (GRU đang lệch 51.2cm).
[INFO] [1786685110.028003313] [coord_transform]: Deadband: RELEASE — motion detected
[INFO] [1786685110.059707681] [coord_transform]: [SNAP OFF] Tay di chuyển lại. Trả quyền cho GRU.
[INFO] [1786685110.411691380] [coord_transform]: [PREDICTION] Transform: cam[ 0.101  0.026 -0.02 ] → base[-0.252  0.232  0.359]
[INFO] [1786685111.018033023] [coord_transform]: [SNAP OFF] Tay di chuyển lại. Trả quyền cho GRU.
[INFO] [1786685111.054809401] [coord_transform]: [SNAP ON] Tay thực tế đứng yên. Ép dừng robot (GRU đang lệch 17.1cm).
[INFO] [1786685111.091573465] [coord_transform]: [SNAP OFF] Tay di chuyển lại. Trả quyền cho GRU.
[INFO] [1786685111.146167420] [coord_transform]: [SNAP OFF] Tay di chuyển lại. Trả quyền cho GRU.
[INFO] [1786685111.214877787] [coord_transform]: [SNAP OFF] Tay di chuyển lại. Trả quyền cho GRU.
[INFO] [1786685111.283123221] [coord_transform]: [SNAP OFF] Tay di chuyển lại. Trả quyền cho GRU.
[INFO] [1786685112.027613327] [coord_transform]: Deadband: HOLD at (0.011, 0.074, -0.000)
[INFO] [1786685112.058474972] [coord_transform]: Deadband: RELEASE — motion detected
[INFO] [1786685112.387033549] [coord_transform]: [SNAP OFF] Tay di chuyển lại. Trả quyền cho GRU.
[INFO] [1786685112.421655519] [coord_transform]: [PREDICTION] Transform: cam[ 0.097  0.041 -0.008] → base[-0.249  0.247  0.371]
[INFO] [1786685112.846586497] [coord_transform]: Trạng thái tracking: STOPPED
[INFO] [1786685114.029600272] [coord_transform]: Deadband: HOLD at (0.011, 0.074, -0.000)
[INFO] [1786685114.061513092] [coord_transform]: Deadband: RELEASE — motion detected
[INFO] [1786685116.963394428] [coord_transform]: Deadband: HOLD at (0.011, 0.074, -0.000)
[INFO] [1786685116.998388528] [coord_transform]: Deadband: RELEASE — motion detected
[INFO] [1786685119.896289787] [coord_transform]: Deadband: HOLD at (0.011, 0.074, -0.000)
[INFO] [1786685119.930810707] [coord_transform]: Deadband: RELEASE — motion detected
[INFO] [1786685121.900210888] [coord_transform]: Deadband: HOLD at (0.011, 0.074, -0.000)
[INFO] [1786685121.935105700] [coord_transform]: Deadband: RELEASE — motion detected
[INFO] [1786685122.116063418] [coord_transform]: Re-sync camera init: [ 0.004 -0.    -0.009]
[INFO] [1786685122.116401754] [coord_transform]: Trạng thái tracking: RUNNING
[INFO] [1786685122.154792816] [coord_transform]: [SNAP ON] Tay thực tế đứng yên. Ép dừng robot (GRU đang lệch 12.7cm).
[INFO] [1786685122.155477963] [coord_transform]: [PREDICTION] Transform: cam[ 0.004 -0.    -0.009] → base[-0.162  0.28   0.379]
[INFO] [1786685122.189882425] [coord_transform]: [SNAP OFF] Tay di chuyển lại. Trả quyền cho GRU.
[WARN] [1786685122.733257571] [coord_transform]: Outlier rejected #1 (jumped 210.9mm). Ignoring.
[INFO] [1786685122.823745467] [coord_transform]: [SNAP OFF] Tay di chuyển lại. Trả quyền cho GRU.
[WARN] [1786685123.400570031] [coord_transform]: Outlier rejected #1 (jumped 168.4mm). Ignoring.
[WARN] [1786685123.602163370] [coord_transform]: Outlier rejected #1 (jumped 235.9mm). Ignoring.
[WARN] [1786685123.701848607] [coord_transform]: Outlier rejected #1 (jumped 198.4mm). Ignoring.
[WARN] [1786685123.736095412] [coord_transform]: Outlier rejected #2 (jumped 236.0mm). Ignoring.
[WARN] [1786685123.769915196] [coord_transform]: Outlier rejected #3 (jumped 167.1mm). Ignoring.
[WARN] [1786685123.801430960] [coord_transform]: Outlier rejected #4 (jumped 250.6mm). Ignoring.
[INFO] [1786685124.165556539] [coord_transform]: [PREDICTION] Transform: cam[-0.064  0.26   0.275] → base[-0.094  0.541  0.662]
[INFO] [1786685126.192378639] [coord_transform]: [PREDICTION] Transform: cam[-0.137  0.733  0.305] → base[-0.021  1.013  0.693]
[INFO] [1786685128.193789740] [coord_transform]: [PREDICTION] Transform: cam[-0.05   0.79   0.219] → base[-0.107  1.07   0.606]
[INFO] [1786685130.208121051] [coord_transform]: [PREDICTION] Transform: cam[0.062 0.732 0.195] → base[-0.22   1.012  0.582]
[INFO] [1786685132.233039250] [coord_transform]: [PREDICTION] Transform: cam[0.053 0.647 0.049] → base[-0.211  0.927  0.436]
[INFO] [1786685134.247391221] [coord_transform]: [PREDICTION] Transform: cam[0.033 0.598 0.034] → base[-0.19   0.878  0.421]
[WARN] [1786685136.136411021] [coord_transform]: Outlier rejected #1 (jumped 250.2mm). Ignoring.
[WARN] [1786685136.168844851] [coord_transform]: Outlier rejected #2 (jumped 292.9mm). Ignoring.
[WARN] [1786685136.204073743] [coord_transform]: Outlier rejected #3 (jumped 334.3mm). Ignoring.
[WARN] [1786685136.237229529] [coord_transform]: Outlier rejected #4 (jumped 369.6mm). Ignoring.
[INFO] [1786685136.267466291] [coord_transform]: Too many outliers (5). Resetting filter to new position.
[INFO] [1786685136.268779839] [coord_transform]: [PREDICTION] Transform: cam[0.036 0.612 0.065] → base[-0.194  0.888  0.452]
[INFO] [1786685138.304197470] [coord_transform]: [PREDICTION] Transform: cam[0.049 0.521 0.712] → base[-0.206  0.801  1.099]
[WARN] [1786685140.140413447] [coord_transform]: Outlier rejected #1 (jumped 188.8mm). Ignoring.
[WARN] [1786685140.176250361] [coord_transform]: Outlier rejected #2 (jumped 228.4mm). Ignoring.
[WARN] [1786685140.201953705] [coord_transform]: Outlier rejected #3 (jumped 271.4mm). Ignoring.
[WARN] [1786685140.239794364] [coord_transform]: Outlier rejected #4 (jumped 316.7mm). Ignoring.
[INFO] [1786685140.269356118] [coord_transform]: Too many outliers (5). Resetting filter to new position.
[INFO] [1786685140.307348983] [coord_transform]: [PREDICTION] Transform: cam[0.052 0.512 0.685] → base[-0.209  0.792  1.072]
[INFO] [1786685142.414088843] [coord_transform]: [PREDICTION] Transform: cam[0.072 0.536 0.101] → base[-0.23   0.816  0.488]
[INFO] [1786685144.416394276] [coord_transform]: [PREDICTION] Transform: cam[0.068 0.508 0.089] → base[-0.225  0.788  0.476]
[INFO] [1786685146.420477073] [coord_transform]: [PREDICTION] Transform: cam[0.068 0.508 0.089] → base[-0.225  0.788  0.476]
[INFO] [1786685148.497657249] [coord_transform]: [PREDICTION] Transform: cam[0.115 0.471 0.022] → base[-0.273  0.751  0.409]
[INFO] [1786685150.522170264] [coord_transform]: [PREDICTION] Transform: cam[0.115 0.471 0.022] → base[-0.273  0.751  0.409]
[INFO] [1786685152.527663116] [coord_transform]: [PREDICTION] Transform: cam[-0.005  0.613  0.332] → base[-0.153  0.893  0.719]
[INFO] [1786685154.549093248] [coord_transform]: [PREDICTION] Transform: cam[-0.172  0.803  0.136] → base[0.014 1.083 0.523]
[WARN] [1786685155.991430324] [coord_transform]: Outlier rejected #1 (jumped 151.7mm). Ignoring.
[WARN] [1786685156.027807435] [coord_transform]: Outlier rejected #2 (jumped 327.5mm). Ignoring.
[WARN] [1786685156.058895797] [coord_transform]: Outlier rejected #3 (jumped 445.8mm). Ignoring.
[WARN] [1786685156.092435566] [coord_transform]: Outlier rejected #4 (jumped 596.5mm). Ignoring.
[INFO] [1786685156.124198175] [coord_transform]: Too many outliers (5). Resetting filter to new position.
[WARN] [1786685156.159633786] [coord_transform]: Outlier rejected #1 (jumped 332.1mm). Ignoring.
[WARN] [1786685156.192000130] [coord_transform]: Outlier rejected #2 (jumped 218.9mm). Ignoring.
[WARN] [1786685156.227181203] [coord_transform]: Outlier rejected #3 (jumped 213.0mm). Ignoring.
[WARN] [1786685156.258888107] [coord_transform]: Outlier rejected #4 (jumped 259.5mm). Ignoring.
[WARN] [1786685156.425358031] [coord_transform]: Outlier rejected #1 (jumped 196.3mm). Ignoring.
[INFO] [1786685156.549590985] [coord_transform]: [PREDICTION] Transform: cam[-0.128  0.797  0.107] → base[-0.03   1.077  0.494]
[INFO] [1786685156.728740784] [coord_transform]: Deadband: HOLD at (0.004, -0.000, -0.009)
[INFO] [1786685156.758149861] [coord_transform]: [SNAP ON] Tay thực tế đứng yên. Ép dừng robot (GRU đang lệch 62.1cm).
[INFO] [1786685156.760480210] [coord_transform]: Deadband: RELEASE — motion detected
[INFO] [1786685156.785143450] [coord_transform]: [SNAP OFF] Tay di chuyển lại. Trả quyền cho GRU.
[WARN] [1786685156.959078030] [coord_transform]: Outlier rejected #1 (jumped 162.1mm). Ignoring.
[WARN] [1786685157.025084711] [coord_transform]: Outlier rejected #1 (jumped 200.9mm). Ignoring.
[WARN] [1786685157.227509131] [coord_transform]: Outlier rejected #1 (jumped 268.4mm). Ignoring.
[WARN] [1786685157.395603968] [coord_transform]: Outlier rejected #1 (jumped 184.3mm). Ignoring.
[WARN] [1786685157.660435175] [coord_transform]: Outlier rejected #1 (jumped 274.9mm). Ignoring.
[INFO] [1786685157.801479096] [coord_transform]: Trạng thái tracking: STOPPED
[WARN] [1786685157.895245135] [coord_transform]: Outlier rejected #1 (jumped 279.9mm). Ignoring.
[WARN] [1786685157.995857558] [coord_transform]: Outlier rejected #1 (jumped 180.3mm). Ignoring.
[WARN] [1786685158.092036491] [coord_transform]: Outlier rejected #1 (jumped 201.4mm). Ignoring.
[WARN] [1786685158.127822030] [coord_transform]: Outlier rejected #2 (jumped 214.5mm). Ignoring.
[WARN] [1786685158.160436530] [coord_transform]: Outlier rejected #3 (jumped 161.1mm). Ignoring.
[WARN] [1786685158.358308326] [coord_transform]: Outlier rejected #1 (jumped 319.2mm). Ignoring.
[WARN] [1786685158.390626179] [coord_transform]: Outlier rejected #2 (jumped 182.3mm). Ignoring.
[WARN] [1786685158.425608208] [coord_transform]: Outlier rejected #3 (jumped 238.4mm). Ignoring.
[WARN] [1786685158.461855053] [coord_transform]: Outlier rejected #4 (jumped 198.1mm). Ignoring.
[WARN] [1786685158.525616335] [coord_transform]: Outlier rejected #1 (jumped 173.2mm). Ignoring.
[INFO] [1786685158.929163750] [coord_transform]: Deadband: HOLD at (0.004, -0.000, -0.009)
[WARN] [1786685159.060715646] [coord_transform]: Outlier rejected #1 (jumped 182.6mm). Ignoring.
[WARN] [1786685159.092785744] [coord_transform]: Outlier rejected #2 (jumped 257.3mm). Ignoring.
[WARN] [1786685159.125120098] [coord_transform]: Outlier rejected #3 (jumped 482.0mm). Ignoring.
[WARN] [1786685159.157919175] [coord_transform]: Outlier rejected #4 (jumped 577.4mm). Ignoring.
[INFO] [1786685159.190019569] [coord_transform]: Too many outliers (5). Resetting filter to new position.
[WARN] [1786685159.893664075] [coord_transform]: Outlier rejected #1 (jumped 194.7mm). Ignoring.
[WARN] [1786685159.925574512] [coord_transform]: Outlier rejected #2 (jumped 214.6mm). Ignoring.
[WARN] [1786685159.958555421] [coord_transform]: Outlier rejected #3 (jumped 230.0mm). Ignoring.
[WARN] [1786685159.990636899] [coord_transform]: Outlier rejected #4 (jumped 257.4mm). Ignoring.
[INFO] [1786685160.028097845] [coord_transform]: Too many outliers (5). Resetting filter to new position.
[INFO] [1786685160.028655994] [coord_transform]: Deadband: RELEASE — motion detected
[WARN] [1786685162.163470246] [coord_transform]: Outlier rejected #1 (jumped 209.9mm). Ignoring.
[WARN] [1786685162.194326893] [coord_transform]: Outlier rejected #2 (jumped 400.4mm). Ignoring.
