[INFO] [1786688143.173690778] [cartesian_streamer]: CartesianStreamer khởi động (chờ Enable Robot từ UI).
  Stream rate:       15 Hz (period=66.7ms)
  Queue dt:          0.067 s
  Prebuffer points:  3
  Retry backoff:     66.0 ms
  Gửi PoseStamped lên: /cartesian_streamer/target_pose
  Gửi XYZ lên:        /cartesian_streamer/target_xyz
  Nhận EE pose tại:   /cartesian_streamer/current_pose
[INFO] [1786688143.653916174] [cartesian_streamer]: Chờ /joint_states...
[INFO] [1786688145.128729048] [cartesian_streamer]: Nhận joint_states: ['1.571', '0.124', '-1.049', '0.000', '-0.398', '-1.444']
[INFO] [1786688145.153893826] [cartesian_streamer]: ⚡ Simulation mode: Bỏ qua FK cross-validation, ÉP DÙNG Local IK.
   (MoveIt không có planning library trong môi trường giả lập)
[INFO] [1786688145.154344145] [cartesian_streamer]: Đã nhận joint_states. EE hiện tại: (-0.1620, 0.2801, 0.3785). IK mode: Local DLS. Chờ Enable Robot từ UI...
[INFO] [1786688227.726371463] [cartesian_streamer]: Enable Robot: bắt đầu chuỗi khởi động...
[INFO] [1786688227.726653863] [cartesian_streamer]: Enable: reset_error...
[INFO] [1786688227.729313923] [cartesian_streamer]: reset_error: code=1, msg="Mock: Error Reset OK"
[INFO] [1786688227.729703394] [cartesian_streamer]: Enable: stop_traj_mode (giải phóng mode cũ)...
[INFO] [1786688227.731561140] [cartesian_streamer]: stop_traj_mode: success=True, code=N/A, msg="Mock: OK"
[INFO] [1786688227.731899936] [cartesian_streamer]: Enable: chờ 1.5s để hệ thống ổn định trước khi start queue...
[INFO] [1786688229.233457845] [cartesian_streamer]: Enable: StartPointQueueMode...
[INFO] [1786688229.236611846] [cartesian_streamer]: StartPointQueueMode response: code=1, msg="Mock: Queue Mode Started"
[INFO] [1786688229.236963856] [cartesian_streamer]: ✓ Robot ENABLED — Point Queue Mode active. Servo ON!
[INFO] [1786688229.286606979] [cartesian_streamer]: Runtime rate: state=seeding, tick_hz=0.0, queue_send_hz=0.0, ack_hz=0.0, busy_hz=0.0, retry_count=0, reject_count=0, inter_ack_ms=0.0, max_joint_delta=0.000, cumul_time=0.00s, hold_count=0, ik_mode=Local, ik_avg_ms=0.00, ik_fails=0
[INFO] [1786688229.287411900] [cartesian_streamer]: Bootstrap EE pose via FK: (-0.1620, 0.2801, 0.3785)
[INFO] [1786688229.287869569] [cartesian_streamer]: Đang stream qua service: /queue_traj_point
[INFO] [1786688229.290146073] [cartesian_streamer]: Đã gửi seed point (current joints, t=0), chờ ACK...
[INFO] [1786688229.290459922] [cartesian_streamer]: Seed ACK nhận được, bắt đầu prebuffer.
[INFO] [1786688229.290860133] [cartesian_streamer]: Queue accepted sample#1: svc=/queue_traj_point, t_cumul=0.0000s, code=1, msg="Mock: Point accepted (0)", hold=False
[INFO] [1786688229.355754336] [cartesian_streamer]: Queue accepted sample#2: svc=/queue_traj_point, t_cumul=0.0649s, code=1, msg="Mock: Point accepted (1)", hold=True
[INFO] [1786688229.421206056] [cartesian_streamer]: Queue accepted sample#3: svc=/queue_traj_point, t_cumul=0.1313s, code=1, msg="Mock: Point accepted (2)", hold=True
[INFO] [1786688229.489903899] [cartesian_streamer]: Pre-buffer hoàn tất (3 points), bắt đầu stream ổn định. Đang chờ target...
[INFO] [1786688229.490382327] [cartesian_streamer]: Queue accepted sample#4: svc=/queue_traj_point, t_cumul=0.1983s, code=1, msg="Mock: Point accepted (3)", hold=True
[INFO] [1786688229.557132213] [cartesian_streamer]: Queue accepted sample#5: svc=/queue_traj_point, t_cumul=0.2648s, code=1, msg="Mock: Point accepted (4)", hold=True
[INFO] [1786688230.555224009] [cartesian_streamer]: QueueTrajPoint accepted #20: t=1.265s, hold=True
[INFO] [1786688231.890480112] [cartesian_streamer]: QueueTrajPoint accepted #40: t=2.598s, hold=True
[INFO] [1786688232.155310954] [cartesian_streamer]: IK OK → Δmax=0.0000 rad, joints: [1.571, 0.124, -1.049, 0.000, -0.398, -1.444]
[WARN] [1786688232.220064703] [cartesian_streamer]: QueueTrajPoint đã được accept nhưng joint_states hầu như không đổi. Kiểm tra: 1) Robot ở mode AUTO? 2) Servo ON? 3) E-stop cleared?
[INFO] [1786688233.221046667] [cartesian_streamer]: IK delta clamped → joints: [1.558, 0.071, -0.977, 0.000, -0.513, -1.431]
[INFO] [1786688233.291756622] [cartesian_streamer]: QueueTrajPoint accepted #60: t=4.002s, hold=False
[INFO] [1786688234.221359834] [cartesian_streamer]: IK OK → Δmax=0.0900 rad, joints: [1.531, -0.018, -0.733, 0.000, -0.593, -1.404]
[INFO] [1786688234.286502520] [cartesian_streamer]: Runtime rate: state=streaming, tick_hz=15.0, queue_send_hz=14.8, ack_hz=14.8, busy_hz=0.0, retry_count=0, reject_count=0, inter_ack_ms=67.6, max_joint_delta=0.090, cumul_time=4.93s, hold_count=0, ik_mode=Local, ik_avg_ms=1.69, ik_fails=0
[INFO] [1786688234.622380974] [cartesian_streamer]: QueueTrajPoint accepted #80: t=5.333s, hold=False
[INFO] [1786688235.223766274] [cartesian_streamer]: IK delta clamped → joints: [1.466, -0.043, -0.533, 0.000, -0.673, -1.339]
[INFO] [1786688235.958723473] [cartesian_streamer]: QueueTrajPoint accepted #100: t=6.668s, hold=False
[INFO] [1786688236.287781143] [cartesian_streamer]: IK OK → Δmax=0.0900 rad, joints: [1.344, -0.003, -0.320, 0.000, -0.759, -1.217]
[INFO] [1786688237.289099703] [cartesian_streamer]: IK delta clamped → joints: [1.247, 0.143, -0.119, 0.000, -0.839, -1.120]
[INFO] [1786688237.291273335] [cartesian_streamer]: QueueTrajPoint accepted #120: t=8.002s, hold=False
[INFO] [1786688238.289641767] [cartesian_streamer]: IK OK → Δmax=0.0900 rad, joints: [1.240, 0.250, -0.011, 0.000, -0.919, -1.113]
[INFO] [1786688238.623552694] [cartesian_streamer]: QueueTrajPoint accepted #140: t=9.333s, hold=False
[INFO] [1786688239.286969902] [cartesian_streamer]: Runtime rate: state=streaming, tick_hz=15.0, queue_send_hz=15.0, ack_hz=15.0, busy_hz=0.0, retry_count=0, reject_count=0, inter_ack_ms=66.7, max_joint_delta=0.090, cumul_time=9.94s, hold_count=0, ik_mode=Local, ik_avg_ms=1.14, ik_fails=0
[INFO] [1786688239.289168666] [cartesian_streamer]: IK delta clamped → joints: [1.261, 0.300, -0.170, 0.000, -0.999, -1.134]
[INFO] [1786688239.958819187] [cartesian_streamer]: QueueTrajPoint accepted #160: t=10.668s, hold=False
[INFO] [1786688240.354679831] [cartesian_streamer]: IK OK → Δmax=0.0900 rad, joints: [1.226, 0.256, -0.206, 0.000, -1.084, -1.099]
[INFO] [1786688241.290111928] [cartesian_streamer]: IK delta clamped → joints: [1.010, 0.135, -0.265, 0.000, -1.159, -0.947]
[INFO] [1786688241.292654018] [cartesian_streamer]: QueueTrajPoint accepted #180: t=12.003s, hold=False
[INFO] [1786688242.355630783] [cartesian_streamer]: IK OK → Δmax=0.0900 rad, joints: [0.947, 0.092, -0.312, 0.000, -1.167, -0.862]
[INFO] [1786688242.622249289] [cartesian_streamer]: QueueTrajPoint accepted #200: t=13.332s, hold=False
[INFO] [1786688243.354662036] [cartesian_streamer]: IK delta clamped → joints: [1.164, 0.177, -0.257, 0.000, -1.137, -1.037]
[INFO] [1786688243.959355337] [cartesian_streamer]: QueueTrajPoint accepted #220: t=14.669s, hold=False
[INFO] [1786688244.287162302] [cartesian_streamer]: Runtime rate: state=streaming, tick_hz=15.0, queue_send_hz=15.0, ack_hz=15.0, busy_hz=0.0, retry_count=0, reject_count=0, inter_ack_ms=66.6, max_joint_delta=0.090, cumul_time=14.93s, hold_count=0, ik_mode=Local, ik_avg_ms=1.01, ik_fails=0
[INFO] [1786688244.422627627] [cartesian_streamer]: IK OK → Δmax=0.0900 rad, joints: [1.391, 0.293, -0.185, 0.000, -1.093, -1.122]
[INFO] [1786688245.289934256] [cartesian_streamer]: QueueTrajPoint accepted #240: t=16.000s, hold=False
[INFO] [1786688245.354777214] [cartesian_streamer]: IK delta clamped → joints: [1.458, 0.381, -0.324, 0.000, -0.936, -1.197]
[INFO] [1786688246.422992882] [cartesian_streamer]: IK OK → Δmax=0.0900 rad, joints: [1.452, 0.370, -0.291, 0.000, -0.911, -1.282]
[INFO] [1786688246.623682296] [cartesian_streamer]: QueueTrajPoint accepted #260: t=17.334s, hold=False
[INFO] [1786688247.421151321] [cartesian_streamer]: IK delta clamped → joints: [1.436, 0.291, -0.071, 0.000, -1.090, -1.309]
[INFO] [1786688247.958753743] [cartesian_streamer]: QueueTrajPoint accepted #280: t=18.668s, hold=False
[INFO] [1786688248.487509118] [cartesian_streamer]: IK OK → Δmax=0.0900 rad, joints: [1.424, 0.297, 0.177, 0.000, -1.175, -1.297]
[INFO] [1786688249.289880519] [cartesian_streamer]: QueueTrajPoint accepted #300: t=20.000s, hold=False
[INFO] [1786688249.353213143] [cartesian_streamer]: Runtime rate: state=streaming, tick_hz=15.0, queue_send_hz=15.0, ack_hz=15.0, busy_hz=0.0, retry_count=0, reject_count=0, inter_ack_ms=66.7, max_joint_delta=0.090, cumul_time=20.00s, hold_count=0, ik_mode=Local, ik_avg_ms=0.99, ik_fails=0
[INFO] [1786688249.487294898] [cartesian_streamer]: IK delta clamped → joints: [1.413, 0.507, 0.377, 0.000, -1.255, -1.286]
[INFO] [1786688250.488752455] [cartesian_streamer]: IK OK → Δmax=0.0900 rad, joints: [1.379, 0.633, 0.578, 0.000, -1.335, -1.251]
[INFO] [1786688250.623186131] [cartesian_streamer]: QueueTrajPoint accepted #320: t=21.333s, hold=False
[INFO] [1786688251.487623043] [cartesian_streamer]: IK delta clamped → joints: [1.372, 0.539, 0.360, 0.000, -1.289, -1.245]
[INFO] [1786688251.958904755] [cartesian_streamer]: QueueTrajPoint accepted #340: t=22.668s, hold=False
[INFO] [1786688252.554828534] [cartesian_streamer]: IK OK → Δmax=0.0745 rad, joints: [1.390, 0.331, 0.147, 0.000, -1.150, -1.263]
[INFO] [1786688253.290885089] [cartesian_streamer]: QueueTrajPoint accepted #360: t=24.001s, hold=False
[INFO] [1786688253.487683740] [cartesian_streamer]: IK delta clamped → joints: [1.407, 0.147, -0.040, 0.000, -1.095, -1.279]
[INFO] [1786688254.353345645] [cartesian_streamer]: Runtime rate: state=streaming, tick_hz=15.0, queue_send_hz=15.0, ack_hz=15.0, busy_hz=0.0, retry_count=0, reject_count=0, inter_ack_ms=66.7, max_joint_delta=0.090, cumul_time=25.00s, hold_count=0, ik_mode=Local, ik_avg_ms=0.98, ik_fails=0
[INFO] [1786688254.554832264] [cartesian_streamer]: IK OK → Δmax=0.0900 rad, joints: [1.387, -0.064, -0.253, 0.000, -1.219, -1.260]
[INFO] [1786688254.622526486] [cartesian_streamer]: QueueTrajPoint accepted #380: t=25.333s, hold=False
[INFO] [1786688255.554310822] [cartesian_streamer]: IK delta clamped → joints: [1.323, -0.132, -0.166, 0.000, -1.299, -1.195]
[INFO] [1786688255.958917103] [cartesian_streamer]: QueueTrajPoint accepted #400: t=26.668s, hold=False
[INFO] [1786688256.620785883] [cartesian_streamer]: IK OK → Δmax=0.0900 rad, joints: [1.284, -0.125, 0.026, 0.000, -1.384, -1.157]
[INFO] [1786688257.290651982] [cartesian_streamer]: QueueTrajPoint accepted #420: t=28.001s, hold=False
[INFO] [1786688257.621012812] [cartesian_streamer]: IK delta clamped → joints: [1.254, -0.084, 0.279, 0.000, -1.464, -1.127]
[INFO] [1786688258.620935099] [cartesian_streamer]: IK OK → Δmax=0.0900 rad, joints: [1.257, -0.068, 0.367, 0.000, -1.544, -1.130]
[INFO] [1786688258.623727477] [cartesian_streamer]: QueueTrajPoint accepted #440: t=29.333s, hold=False
[INFO] [1786688259.420082430] [cartesian_streamer]: Runtime rate: state=streaming, tick_hz=15.0, queue_send_hz=15.0, ack_hz=15.0, busy_hz=0.0, retry_count=0, reject_count=0, inter_ack_ms=66.6, max_joint_delta=0.090, cumul_time=30.07s, hold_count=0, ik_mode=Local, ik_avg_ms=0.96, ik_fails=0
[INFO] [1786688259.687340756] [cartesian_streamer]: IK delta clamped → joints: [1.234, -0.084, 0.104, 0.000, -1.629, -1.107]
[INFO] [1786688259.957713930] [cartesian_streamer]: QueueTrajPoint accepted #460: t=30.668s, hold=False
[INFO] [1786688260.687900406] [cartesian_streamer]: IK OK → Δmax=0.0900 rad, joints: [1.217, -0.056, -0.096, 0.000, -1.435, -1.090]
[INFO] [1786688261.291144937] [cartesian_streamer]: QueueTrajPoint accepted #480: t=32.001s, hold=False
[INFO] [1786688261.689057578] [cartesian_streamer]: IK delta clamped → joints: [1.188, 0.020, -0.296, 0.000, -1.355, -1.061]
[INFO] [1786688262.520836126] [cartesian_streamer]: Disable Robot: dừng stream, tắt traj mode...
[INFO] [1786688262.521283326] [cartesian_streamer]: ✗ Robot DISABLED.
[INFO] [1786688276.053025281] [cartesian_streamer]: Enable Robot: bắt đầu chuỗi khởi động...
[INFO] [1786688276.053479347] [cartesian_streamer]: Enable: reset_error...
[INFO] [1786688276.055936038] [cartesian_streamer]: reset_error: code=1, msg="Mock: Error Reset OK"
[INFO] [1786688276.056318111] [cartesian_streamer]: Enable: stop_traj_mode (giải phóng mode cũ)...
[INFO] [1786688276.059241291] [cartesian_streamer]: stop_traj_mode: success=True, code=N/A, msg="Mock: OK"
[INFO] [1786688276.059723060] [cartesian_streamer]: Enable: chờ 1.5s để hệ thống ổn định trước khi start queue...
[INFO] [1786688277.560531751] [cartesian_streamer]: Enable: StartPointQueueMode...
[INFO] [1786688277.562499992] [cartesian_streamer]: StartPointQueueMode response: code=1, msg="Mock: Queue Mode Started"
[INFO] [1786688277.562768413] [cartesian_streamer]: ✓ Robot ENABLED — Point Queue Mode active. Servo ON!
[INFO] [1786688277.621051374] [cartesian_streamer]: Runtime rate: state=seeding, tick_hz=2.6, queue_send_hz=2.6, ack_hz=2.6, busy_hz=0.0, retry_count=0, reject_count=0, inter_ack_ms=66.7, max_joint_delta=0.090, cumul_time=0.00s, hold_count=0, ik_mode=Local, ik_avg_ms=0.94, ik_fails=0
[WARN] [1786688277.621391939] [cartesian_streamer]: Target stream stale: không có target mới trong 15.1s
[WARN] [1786688277.621683874] [cartesian_streamer]: QueueTrajPoint đã được accept nhưng joint_states hầu như không đổi. Kiểm tra: 1) Robot ở mode AUTO? 2) Servo ON? 3) E-stop cleared?
[INFO] [1786688277.622213482] [cartesian_streamer]: Bootstrap EE pose via FK: (-0.1620, 0.2801, 0.3785)
[INFO] [1786688277.623008003] [cartesian_streamer]: Đã gửi seed point (current joints, t=0), chờ ACK...
[INFO] [1786688277.624570517] [cartesian_streamer]: Seed ACK nhận được, bắt đầu prebuffer.
[INFO] [1786688277.689322013] [cartesian_streamer]: QueueTrajPoint accepted #500: t=0.064s, hold=True
[INFO] [1786688277.821497588] [cartesian_streamer]: Pre-buffer hoàn tất (3 points), bắt đầu stream ổn định. Đang chờ target...
[INFO] [1786688279.022000246] [cartesian_streamer]: QueueTrajPoint accepted #520: t=1.397s, hold=True
[INFO] [1786688280.355259647] [cartesian_streamer]: QueueTrajPoint accepted #540: t=2.730s, hold=True
[INFO] [1786688280.421042483] [cartesian_streamer]: IK OK → Δmax=0.0316 rad, joints: [1.566, 0.137, -1.068, 0.000, -0.366, -1.439]
[INFO] [1786688281.687581725] [cartesian_streamer]: IK delta clamped → joints: [1.495, -0.142, -1.329, 0.000, -0.393, -1.368]
[INFO] [1786688281.689747999] [cartesian_streamer]: QueueTrajPoint accepted #560: t=4.066s, hold=False
[INFO] [1786688282.039889123] [cartesian_streamer]: Local IK không hội tụ (fail #1)
[WARN] [1786688282.647219753] [cartesian_streamer]: Local IK failed 10x liên tiếp! Fallback sang MoveIt! IK...
[INFO] [1786688282.682105514] [cartesian_streamer]: IK OK → Δmax=0.0900 rad, joints: [1.386, -0.208, -1.359, 0.000, -0.488, -1.257]
[INFO] [1786688282.686470593] [cartesian_streamer]: Runtime rate: state=streaming, tick_hz=15.0, queue_send_hz=15.0, ack_hz=15.0, busy_hz=0.0, retry_count=0, reject_count=0, inter_ack_ms=265.7, max_joint_delta=0.090, cumul_time=5.06s, hold_count=0, ik_mode=Local, ik_avg_ms=1.37, ik_fails=10
[INFO] [1786688283.109330071] [cartesian_streamer]: Local IK không hội tụ (fail #1)
[INFO] [1786688283.111464417] [cartesian_streamer]: QueueTrajPoint accepted #580: t=5.487s, hold=True
[INFO] [1786688283.689342590] [cartesian_streamer]: IK delta clamped → joints: [1.274, -0.310, -1.244, 0.002, -0.533, -1.212]
[INFO] [1786688284.424637721] [cartesian_streamer]: QueueTrajPoint accepted #600: t=6.799s, hold=False
[INFO] [1786688284.690891165] [cartesian_streamer]: IK OK → Δmax=0.0900 rad, joints: [1.255, -0.176, -1.044, 0.000, -0.613, -1.132]
[INFO] [1786688285.754088176] [cartesian_streamer]: IK delta clamped → joints: [1.281, -0.031, -0.831, 0.000, -0.698, -1.154]
[INFO] [1786688285.756513566] [cartesian_streamer]: QueueTrajPoint accepted #620: t=8.132s, hold=False
[INFO] [1786688286.754751332] [cartesian_streamer]: IK OK → Δmax=0.0900 rad, joints: [1.302, 0.140, -0.631, 0.000, -0.778, -1.175]
[INFO] [1786688287.092077438] [cartesian_streamer]: QueueTrajPoint accepted #640: t=9.466s, hold=False
[INFO] [1786688287.686588238] [cartesian_streamer]: Runtime rate: state=streaming, tick_hz=15.0, queue_send_hz=14.8, ack_hz=14.8, busy_hz=0.0, retry_count=0, reject_count=0, inter_ack_ms=66.7, max_joint_delta=0.090, cumul_time=10.00s, hold_count=0, ik_mode=Local, ik_avg_ms=1.71, ik_fails=20
[INFO] [1786688287.754830654] [cartesian_streamer]: IK delta clamped → joints: [1.277, 0.343, -0.431, 0.000, -0.858, -1.150]
[INFO] [1786688288.423192455] [cartesian_streamer]: QueueTrajPoint accepted #660: t=10.799s, hold=False
[INFO] [1786688288.755492381] [cartesian_streamer]: IK OK → Δmax=0.0900 rad, joints: [1.237, 0.516, -0.231, 0.000, -0.938, -1.110]
[INFO] [1786688289.756232774] [cartesian_streamer]: QueueTrajPoint accepted #680: t=12.132s, hold=False
[INFO] [1786688290.820540339] [cartesian_streamer]: IK OK → Δmax=0.0486 rad, joints: [1.121, 0.427, -0.211, 0.000, -0.933, -0.994]
[INFO] [1786688291.087766865] [cartesian_streamer]: IK delta clamped → joints: [1.107, 0.375, -0.286, 0.000, -0.908, -0.980]
[INFO] [1786688291.094676925] [cartesian_streamer]: QueueTrajPoint accepted #700: t=13.468s, hold=False
[INFO] [1786688292.423070736] [cartesian_streamer]: QueueTrajPoint accepted #720: t=14.799s, hold=False
[INFO] [1786688292.686654848] [cartesian_streamer]: Runtime rate: state=streaming, tick_hz=15.0, queue_send_hz=15.0, ack_hz=15.0, busy_hz=0.0, retry_count=0, reject_count=0, inter_ack_ms=66.7, max_joint_delta=0.090, cumul_time=15.00s, hold_count=0, ik_mode=Local, ik_avg_ms=1.61, ik_fails=20
[INFO] [1786688292.822651957] [cartesian_streamer]: IK OK → Δmax=0.0552 rad, joints: [1.117, 0.214, -0.526, 0.000, -0.831, -0.990]
[INFO] [1786688293.154784812] [cartesian_streamer]: IK delta clamped → joints: [1.204, 0.260, -0.490, 0.000, -0.822, -1.051]
[INFO] [1786688293.756362389] [cartesian_streamer]: QueueTrajPoint accepted #740: t=16.132s, hold=False
[INFO] [1786688294.889184073] [cartesian_streamer]: IK OK → Δmax=0.0900 rad, joints: [1.527, 0.521, -0.157, 0.000, -0.894, -1.190]
[INFO] [1786688295.093542399] [cartesian_streamer]: QueueTrajPoint accepted #760: t=17.467s, hold=False
[INFO] [1786688295.157229087] [cartesian_streamer]: IK delta clamped → joints: [1.538, 0.538, -0.124, 0.000, -0.909, -1.212]
[INFO] [1786688296.422961369] [cartesian_streamer]: QueueTrajPoint accepted #780: t=18.798s, hold=False
[INFO] [1786688296.889501027] [cartesian_streamer]: IK OK → Δmax=0.0900 rad, joints: [1.521, 0.468, -0.218, 0.000, -0.886, -1.350]
[INFO] [1786688297.220520326] [cartesian_streamer]: IK delta clamped → joints: [1.507, 0.405, -0.315, 0.000, -0.852, -1.377]
[INFO] [1786688297.753128812] [cartesian_streamer]: Runtime rate: state=streaming, tick_hz=15.0, queue_send_hz=15.0, ack_hz=15.0, busy_hz=0.0, retry_count=0, reject_count=0, inter_ack_ms=66.7, max_joint_delta=0.090, cumul_time=20.07s, hold_count=0, ik_mode=Local, ik_avg_ms=1.53, ik_fails=20
[INFO] [1786688297.756979858] [cartesian_streamer]: QueueTrajPoint accepted #800: t=20.132s, hold=False
[INFO] [1786688298.955242191] [cartesian_streamer]: IK OK → Δmax=0.0700 rad, joints: [1.419, 0.066, -0.669, 0.000, -0.736, -1.292]
[INFO] [1786688299.093326425] [cartesian_streamer]: QueueTrajPoint accepted #820: t=21.467s, hold=False
[INFO] [1786688299.222025593] [cartesian_streamer]: IK delta clamped → joints: [1.390, 0.003, -0.723, 0.000, -0.739, -1.263]
[INFO] [1786688300.422828197] [cartesian_streamer]: QueueTrajPoint accepted #840: t=22.798s, hold=False
[INFO] [1786688301.020700387] [cartesian_streamer]: IK OK → Δmax=0.0900 rad, joints: [1.302, -0.106, -0.640, 0.000, -0.913, -1.175]
[INFO] [1786688301.287512699] [cartesian_streamer]: IK delta clamped → joints: [1.283, -0.123, -0.582, 0.000, -0.934, -1.156]
[INFO] [1786688301.757093415] [cartesian_streamer]: QueueTrajPoint accepted #860: t=24.132s, hold=False
[INFO] [1786688302.752960880] [cartesian_streamer]: Runtime rate: state=streaming, tick_hz=15.0, queue_send_hz=15.0, ack_hz=15.0, busy_hz=0.0, retry_count=0, reject_count=0, inter_ack_ms=66.7, max_joint_delta=0.090, cumul_time=25.07s, hold_count=0, ik_mode=Local, ik_avg_ms=1.46, ik_fails=20
[INFO] [1786688303.020812352] [cartesian_streamer]: IK OK → Δmax=0.0900 rad, joints: [1.227, 0.089, -0.236, 0.000, -1.073, -1.100]
[INFO] [1786688303.092109784] [cartesian_streamer]: QueueTrajPoint accepted #880: t=25.466s, hold=False
[INFO] [1786688303.172426013] [cartesian_streamer]: Disable Robot: dừng stream, tắt traj mode...
[INFO] [1786688303.172970793] [cartesian_streamer]: ✗ Robot DISABLED.
[INFO] [1786688321.083655844] [cartesian_streamer]: Enable Robot: bắt đầu chuỗi khởi động...
[INFO] [1786688321.083981785] [cartesian_streamer]: Enable: reset_error...
[INFO] [1786688321.086197149] [cartesian_streamer]: reset_error: code=1, msg="Mock: Error Reset OK"
[INFO] [1786688321.086523170] [cartesian_streamer]: Enable: stop_traj_mode (giải phóng mode cũ)...
[INFO] [1786688321.088639708] [cartesian_streamer]: stop_traj_mode: success=True, code=N/A, msg="Mock: OK"
[INFO] [1786688321.088928750] [cartesian_streamer]: Enable: chờ 1.5s để hệ thống ổn định trước khi start queue...
[INFO] [1786688322.589648196] [cartesian_streamer]: Enable: StartPointQueueMode...
[INFO] [1786688322.591596960] [cartesian_streamer]: StartPointQueueMode response: code=1, msg="Mock: Queue Mode Started"
[INFO] [1786688322.592380649] [cartesian_streamer]: ✓ Robot ENABLED — Point Queue Mode active. Servo ON!
[INFO] [1786688322.620300717] [cartesian_streamer]: Runtime rate: state=seeding, tick_hz=0.4, queue_send_hz=0.4, ack_hz=0.4, busy_hz=0.0, retry_count=0, reject_count=0, inter_ack_ms=66.6, max_joint_delta=0.090, cumul_time=0.00s, hold_count=0, ik_mode=Local, ik_avg_ms=1.46, ik_fails=20
[WARN] [1786688322.620676311] [cartesian_streamer]: Target stream stale: không có target mới trong 19.5s
[WARN] [1786688322.621034352] [cartesian_streamer]: QueueTrajPoint đã được accept nhưng joint_states hầu như không đổi. Kiểm tra: 1) Robot ở mode AUTO? 2) Servo ON? 3) E-stop cleared?
[INFO] [1786688322.621592499] [cartesian_streamer]: Bootstrap EE pose via FK: (-0.1620, 0.2801, 0.3785)
[INFO] [1786688322.622291349] [cartesian_streamer]: Đã gửi seed point (current joints, t=0), chờ ACK...
[INFO] [1786688322.624148210] [cartesian_streamer]: Seed ACK nhận được, bắt đầu prebuffer.
[INFO] [1786688322.821161380] [cartesian_streamer]: Pre-buffer hoàn tất (3 points), bắt đầu stream ổn định. Đang chờ target...
[INFO] [1786688323.821656968] [cartesian_streamer]: QueueTrajPoint accepted #900: t=1.198s, hold=True
[INFO] [1786688325.154823842] [cartesian_streamer]: QueueTrajPoint accepted #920: t=2.531s, hold=True
[INFO] [1786688326.489190484] [cartesian_streamer]: QueueTrajPoint accepted #940: t=3.865s, hold=True
[INFO] [1786688327.687072323] [cartesian_streamer]: Runtime rate: state=streaming, tick_hz=15.0, queue_send_hz=15.0, ack_hz=15.0, busy_hz=0.0, retry_count=0, reject_count=0, inter_ack_ms=321.9, max_joint_delta=0.000, cumul_time=5.00s, hold_count=75, ik_mode=Local, ik_avg_ms=1.46, ik_fails=20
[WARN] [1786688327.687521796] [cartesian_streamer]: Target stream stale: không có target mới trong 24.5s
[INFO] [1786688327.821406407] [cartesian_streamer]: QueueTrajPoint accepted #960: t=5.198s, hold=True
[INFO] [1786688328.822497726] [cartesian_streamer]: IK OK → Δmax=0.0278 rad, joints: [1.553, 0.121, -1.025, 0.006, -0.426, -1.431]
[INFO] [1786688329.154575699] [cartesian_streamer]: IK delta clamped → joints: [1.500, 0.101, -0.944, 0.000, -0.515, -1.373]
[INFO] [1786688329.157347558] [cartesian_streamer]: QueueTrajPoint accepted #980: t=6.533s, hold=False
[INFO] [1786688330.489791487] [cartesian_streamer]: QueueTrajPoint accepted #1000: t=7.866s, hold=False
[INFO] [1786688330.889004128] [cartesian_streamer]: IK OK → Δmax=0.0099 rad, joints: [1.554, 0.098, -1.042, 0.000, -0.431, -1.427]
[INFO] [1786688331.155626415] [cartesian_streamer]: IK delta clamped → joints: [1.532, 0.054, -0.972, 0.000, -0.540, -1.405]
[INFO] [1786688331.824573329] [cartesian_streamer]: QueueTrajPoint accepted #1020: t=9.201s, hold=False
[INFO] [1786688332.753513989] [cartesian_streamer]: Runtime rate: state=streaming, tick_hz=15.0, queue_send_hz=15.0, ack_hz=15.0, busy_hz=0.0, retry_count=0, reject_count=0, inter_ack_ms=66.7, max_joint_delta=0.090, cumul_time=10.07s, hold_count=0, ik_mode=Local, ik_avg_ms=1.42, ik_fails=20
[INFO] [1786688332.889489534] [cartesian_streamer]: IK OK → Δmax=0.0900 rad, joints: [1.394, 0.088, -0.586, 0.000, -0.679, -1.267]
[INFO] [1786688333.156859563] [cartesian_streamer]: QueueTrajPoint accepted #1040: t=10.533s, hold=False
[INFO] [1786688333.220666142] [cartesian_streamer]: IK delta clamped → joints: [1.347, 0.122, -0.519, 0.000, -0.705, -1.220]
[INFO] [1786688334.489976304] [cartesian_streamer]: QueueTrajPoint accepted #1060: t=11.866s, hold=False
[INFO] [1786688334.954090968] [cartesian_streamer]: IK OK → Δmax=0.0900 rad, joints: [1.279, 0.371, -0.172, 0.000, -0.844, -1.152]
[INFO] [1786688335.222244578] [cartesian_streamer]: IK delta clamped → joints: [1.279, 0.427, -0.119, 0.000, -0.865, -1.152]
[INFO] [1786688335.823719163] [cartesian_streamer]: QueueTrajPoint accepted #1080: t=13.200s, hold=False
[INFO] [1786688337.020592982] [cartesian_streamer]: IK OK → Δmax=0.0900 rad, joints: [1.321, 0.769, 0.241, 0.000, -1.009, -1.194]
[INFO] [1786688337.157020400] [cartesian_streamer]: QueueTrajPoint accepted #1100: t=14.533s, hold=False
[INFO] [1786688337.287534554] [cartesian_streamer]: IK delta clamped → joints: [1.319, 0.767, 0.294, 0.000, -1.031, -1.192]
[INFO] [1786688337.496075753] [cartesian_streamer]: Disable Robot: dừng stream, tắt traj mode...
[INFO] [1786688337.496527981] [cartesian_streamer]: ✗ Robot DISABLED.
[INFO] [1786688352.050104393] [cartesian_streamer]: Disable Robot: dừng stream, tắt traj mode...
[INFO] [1786688352.050947085] [cartesian_streamer]: ✗ Robot DISABLED.
[INFO] [1786688373.334519083] [cartesian_streamer]: Enable Robot: bắt đầu chuỗi khởi động...
[INFO] [1786688373.334880231] [cartesian_streamer]: Enable: reset_error...
[INFO] [1786688373.336690810] [cartesian_streamer]: reset_error: code=1, msg="Mock: Error Reset OK"
[INFO] [1786688373.337039715] [cartesian_streamer]: Enable: stop_traj_mode (giải phóng mode cũ)...
[INFO] [1786688373.338629991] [cartesian_streamer]: stop_traj_mode: success=True, code=N/A, msg="Mock: OK"
[INFO] [1786688373.338885440] [cartesian_streamer]: Enable: chờ 1.5s để hệ thống ổn định trước khi start queue...
[INFO] [1786688374.839651293] [cartesian_streamer]: Enable: StartPointQueueMode...
[INFO] [1786688374.841622945] [cartesian_streamer]: StartPointQueueMode response: code=1, msg="Mock: Queue Mode Started"
[INFO] [1786688374.842145486] [cartesian_streamer]: ✓ Robot ENABLED — Point Queue Mode active. Servo ON!
[INFO] [1786688374.886850155] [cartesian_streamer]: Runtime rate: state=seeding, tick_hz=1.7, queue_send_hz=1.7, ack_hz=1.7, busy_hz=0.0, retry_count=0, reject_count=0, inter_ack_ms=66.6, max_joint_delta=0.090, cumul_time=0.00s, hold_count=0, ik_mode=Local, ik_avg_ms=1.38, ik_fails=20
[WARN] [1786688374.887595564] [cartesian_streamer]: Target stream stale: không có target mới trong 37.4s
[WARN] [1786688374.888935039] [cartesian_streamer]: QueueTrajPoint đã được accept nhưng joint_states hầu như không đổi. Kiểm tra: 1) Robot ở mode AUTO? 2) Servo ON? 3) E-stop cleared?
[INFO] [1786688374.889587524] [cartesian_streamer]: Bootstrap EE pose via FK: (-0.1620, 0.2801, 0.3785)
[INFO] [1786688374.890084497] [cartesian_streamer]: Đã gửi seed point (current joints, t=0), chờ ACK...
[INFO] [1786688374.891832629] [cartesian_streamer]: Seed ACK nhận được, bắt đầu prebuffer.
[INFO] [1786688375.090020119] [cartesian_streamer]: Pre-buffer hoàn tất (3 points), bắt đầu stream ổn định. Đang chờ target...
[INFO] [1786688375.821217897] [cartesian_streamer]: QueueTrajPoint accepted #1120: t=0.929s, hold=True
[INFO] [1786688377.154582150] [cartesian_streamer]: QueueTrajPoint accepted #1140: t=2.263s, hold=True
[INFO] [1786688377.221462245] [cartesian_streamer]: IK OK → Δmax=0.0256 rad, joints: [1.593, 0.150, -1.043, -0.001, -0.378, -1.464]
[INFO] [1786688377.554408358] [cartesian_streamer]: IK delta clamped → joints: [1.690, 0.248, -0.987, -0.000, -0.336, -1.560]
[INFO] [1786688378.490434166] [cartesian_streamer]: QueueTrajPoint accepted #1160: t=3.599s, hold=False
[INFO] [1786688379.223049477] [cartesian_streamer]: IK OK → Δmax=0.0900 rad, joints: [1.708, 0.251, -0.774, -0.000, -0.495, -1.581]
[INFO] [1786688379.620478197] [cartesian_streamer]: IK delta clamped → joints: [1.621, 0.164, -0.742, -0.000, -0.527, -1.494]
[INFO] [1786688379.823436800] [cartesian_streamer]: QueueTrajPoint accepted #1180: t=4.932s, hold=False
[INFO] [1786688379.886714153] [cartesian_streamer]: Runtime rate: state=streaming, tick_hz=15.0, queue_send_hz=15.0, ack_hz=15.0, busy_hz=0.0, retry_count=0, reject_count=0, inter_ack_ms=564.4, max_joint_delta=0.090, cumul_time=4.93s, hold_count=0, ik_mode=Local, ik_avg_ms=1.36, ik_fails=20
[INFO] [1786688381.157434021] [cartesian_streamer]: QueueTrajPoint accepted #1200: t=6.265s, hold=False
[INFO] [1786688381.287553964] [cartesian_streamer]: IK OK → Δmax=0.0900 rad, joints: [1.379, 0.083, -0.390, 0.000, -0.660, -1.340]
[INFO] [1786688381.622531322] [cartesian_streamer]: IK delta clamped → joints: [1.351, 0.126, -0.317, 0.000, -0.687, -1.314]
[INFO] [1786688382.491786566] [cartesian_streamer]: QueueTrajPoint accepted #1220: t=7.600s, hold=False
[INFO] [1786688383.289260969] [cartesian_streamer]: IK OK → Δmax=0.0900 rad, joints: [1.284, 0.331, 0.017, 0.000, -0.820, -1.180]
[INFO] [1786688383.687817801] [cartesian_streamer]: IK delta clamped → joints: [1.285, 0.337, 0.065, 0.000, -0.852, -1.157]
[INFO] [1786688383.822585324] [cartesian_streamer]: QueueTrajPoint accepted #1240: t=8.931s, hold=False
[INFO] [1786688384.886775871] [cartesian_streamer]: Runtime rate: state=streaming, tick_hz=15.0, queue_send_hz=15.0, ack_hz=15.0, busy_hz=0.0, retry_count=0, reject_count=0, inter_ack_ms=66.7, max_joint_delta=0.090, cumul_time=9.93s, hold_count=0, ik_mode=Local, ik_avg_ms=1.33, ik_fails=20
[INFO] [1786688385.156681559] [cartesian_streamer]: QueueTrajPoint accepted #1260: t=10.265s, hold=False
[INFO] [1786688385.355421741] [cartesian_streamer]: IK OK → Δmax=0.0900 rad, joints: [1.310, 0.558, 0.187, 0.000, -0.985, -1.183]
[INFO] [1786688385.688528816] [cartesian_streamer]: IK delta clamped → joints: [1.316, 0.626, 0.240, 0.000, -1.012, -1.189]
[INFO] [1786688386.491088043] [cartesian_streamer]: QueueTrajPoint accepted #1280: t=11.600s, hold=False
[INFO] [1786688387.421034589] [cartesian_streamer]: IK OK → Δmax=0.0900 rad, joints: [1.338, 0.939, 0.569, 0.000, -1.151, -1.211]
[INFO] [1786688387.754650068] [cartesian_streamer]: IK delta clamped → joints: [1.338, 0.943, 0.574, 0.000, -1.177, -1.211]
[INFO] [1786688387.823752006] [cartesian_streamer]: QueueTrajPoint accepted #1300: t=12.931s, hold=False
[INFO] [1786688389.157950061] [cartesian_streamer]: QueueTrajPoint accepted #1320: t=14.265s, hold=False
[INFO] [1786688389.421584840] [cartesian_streamer]: IK OK → Δmax=0.0023 rad, joints: [1.338, 0.941, 0.571, 0.000, -1.202, -1.211]
[INFO] [1786688389.886838223] [cartesian_streamer]: Runtime rate: state=streaming, tick_hz=15.0, queue_send_hz=15.0, ack_hz=15.0, busy_hz=0.0, retry_count=0, reject_count=0, inter_ack_ms=66.6, max_joint_delta=0.090, cumul_time=14.93s, hold_count=0, ik_mode=Local, ik_avg_ms=1.31, ik_fails=20
[INFO] [1786688389.975869762] [cartesian_streamer]: Disable Robot: dừng stream, tắt traj mode...
[INFO] [1786688389.976514993] [cartesian_streamer]: ✗ Robot DISABLED.
[INFO] [1786688398.957081986] [cartesian_streamer]: Enable Robot: bắt đầu chuỗi khởi động...
[INFO] [1786688398.957465376] [cartesian_streamer]: Enable: reset_error...
[INFO] [1786688398.960055610] [cartesian_streamer]: reset_error: code=1, msg="Mock: Error Reset OK"
[INFO] [1786688398.960322691] [cartesian_streamer]: Enable: stop_traj_mode (giải phóng mode cũ)...
[INFO] [1786688398.962571664] [cartesian_streamer]: stop_traj_mode: success=True, code=N/A, msg="Mock: OK"
[INFO] [1786688398.962980292] [cartesian_streamer]: Enable: chờ 1.5s để hệ thống ổn định trước khi start queue...
[INFO] [1786688400.463852941] [cartesian_streamer]: Enable: StartPointQueueMode...
[INFO] [1786688400.466223462] [cartesian_streamer]: StartPointQueueMode response: code=1, msg="Mock: Queue Mode Started"
[INFO] [1786688400.466602644] [cartesian_streamer]: ✓ Robot ENABLED — Point Queue Mode active. Servo ON!
[INFO] [1786688400.486629890] [cartesian_streamer]: Runtime rate: state=seeding, tick_hz=0.2, queue_send_hz=0.2, ack_hz=0.2, busy_hz=0.0, retry_count=0, reject_count=0, inter_ack_ms=66.6, max_joint_delta=0.003, cumul_time=0.00s, hold_count=0, ik_mode=Local, ik_avg_ms=1.31, ik_fails=20
[WARN] [1786688400.486941495] [cartesian_streamer]: Target stream stale: không có target mới trong 10.5s
[WARN] [1786688400.487224757] [cartesian_streamer]: QueueTrajPoint đã được accept nhưng joint_states hầu như không đổi. Kiểm tra: 1) Robot ở mode AUTO? 2) Servo ON? 3) E-stop cleared?
[INFO] [1786688400.487847516] [cartesian_streamer]: Bootstrap EE pose via FK: (-0.1620, 0.2801, 0.3785)
[INFO] [1786688400.489463140] [cartesian_streamer]: Đã gửi seed point (current joints, t=0), chờ ACK...
[INFO] [1786688400.490152825] [cartesian_streamer]: Seed ACK nhận được, bắt đầu prebuffer.
[INFO] [1786688400.688791326] [cartesian_streamer]: Pre-buffer hoàn tất (3 points), bắt đầu stream ổn định. Đang chờ target...
[INFO] [1786688400.954597862] [cartesian_streamer]: QueueTrajPoint accepted #1340: t=0.465s, hold=True
[INFO] [1786688402.287870724] [cartesian_streamer]: QueueTrajPoint accepted #1360: t=1.798s, hold=True
[INFO] [1786688403.622188341] [cartesian_streamer]: QueueTrajPoint accepted #1380: t=3.132s, hold=True
[INFO] [1786688404.954608949] [cartesian_streamer]: QueueTrajPoint accepted #1400: t=4.465s, hold=True
[INFO] [1786688405.486834219] [cartesian_streamer]: Runtime rate: state=streaming, tick_hz=15.0, queue_send_hz=15.0, ack_hz=15.0, busy_hz=0.0, retry_count=0, reject_count=0, inter_ack_ms=206.2, max_joint_delta=0.000, cumul_time=4.93s, hold_count=74, ik_mode=Local, ik_avg_ms=1.31, ik_fails=20
[WARN] [1786688405.487198243] [cartesian_streamer]: Target stream stale: không có target mới trong 15.5s
[INFO] [1786688406.287688397] [cartesian_streamer]: QueueTrajPoint accepted #1420: t=5.798s, hold=True
[INFO] [1786688407.621250735] [cartesian_streamer]: QueueTrajPoint accepted #1440: t=7.131s, hold=True
[INFO] [1786688408.955185001] [cartesian_streamer]: QueueTrajPoint accepted #1460: t=8.465s, hold=True
[INFO] [1786688410.289131022] [cartesian_streamer]: QueueTrajPoint accepted #1480: t=9.798s, hold=True
[INFO] [1786688410.491843608] [cartesian_streamer]: IK OK → Δmax=0.0155 rad, joints: [1.568, 0.131, -1.044, 0.015, -0.392, -1.456]
[INFO] [1786688410.553470712] [cartesian_streamer]: Runtime rate: state=streaming, tick_hz=15.0, queue_send_hz=15.0, ack_hz=15.0, busy_hz=0.0, retry_count=0, reject_count=0, inter_ack_ms=66.7, max_joint_delta=0.015, cumul_time=10.00s, hold_count=0, ik_mode=Local, ik_avg_ms=1.31, ik_fails=20
[INFO] [1786688411.623471685] [cartesian_streamer]: QueueTrajPoint accepted #1500: t=11.133s, hold=False
[INFO] [1786688412.220626133] [cartesian_streamer]: IK delta clamped → joints: [1.548, 0.055, -0.983, 0.000, -0.516, -1.421]
[INFO] [1786688412.555457657] [cartesian_streamer]: IK OK → Δmax=0.0900 rad, joints: [1.520, 0.019, -0.890, 0.000, -0.543, -1.393]
[INFO] [1786688412.957224774] [cartesian_streamer]: QueueTrajPoint accepted #1520: t=12.467s, hold=False
[INFO] [1786688414.220786496] [cartesian_streamer]: IK delta clamped → joints: [1.420, 0.038, -0.582, 0.000, -0.676, -1.293]
[INFO] [1786688414.293898599] [cartesian_streamer]: QueueTrajPoint accepted #1540: t=13.802s, hold=False
[INFO] [1786688414.620350210] [cartesian_streamer]: IK OK → Δmax=0.0900 rad, joints: [1.409, 0.070, -0.502, 0.000, -0.708, -1.282]
[INFO] [1786688415.553707653] [cartesian_streamer]: Runtime rate: state=streaming, tick_hz=15.0, queue_send_hz=15.0, ack_hz=15.0, busy_hz=0.0, retry_count=0, reject_count=0, inter_ack_ms=66.6, max_joint_delta=0.090, cumul_time=15.00s, hold_count=0, ik_mode=Local, ik_avg_ms=1.29, ik_fails=20
[INFO] [1786688415.624262283] [cartesian_streamer]: QueueTrajPoint accepted #1560: t=15.134s, hold=False
[INFO] [1786688416.289193769] [cartesian_streamer]: IK delta clamped → joints: [1.331, 0.181, -0.255, 0.000, -0.841, -1.204]
[INFO] [1786688416.621364654] [cartesian_streamer]: IK OK → Δmax=0.0900 rad, joints: [1.304, 0.209, -0.202, 0.000, -0.868, -1.177]
[INFO] [1786688416.956733093] [cartesian_streamer]: QueueTrajPoint accepted #1580: t=16.467s, hold=False
[INFO] [1786688418.290699370] [cartesian_streamer]: IK delta clamped → joints: [1.323, 0.423, -0.037, 0.000, -1.001, -1.195]
[INFO] [1786688418.294597761] [cartesian_streamer]: QueueTrajPoint accepted #1600: t=17.804s, hold=False
[INFO] [1786688418.689286188] [cartesian_streamer]: IK OK → Δmax=0.0900 rad, joints: [1.334, 0.509, 0.034, 0.000, -1.033, -1.206]
[INFO] [1786688419.622784063] [cartesian_streamer]: QueueTrajPoint accepted #1620: t=19.133s, hold=False
[INFO] [1786688420.354419281] [cartesian_streamer]: IK delta clamped → joints: [1.367, 0.873, 0.425, 0.000, -1.147, -1.240]
[INFO] [1786688420.619901520] [cartesian_streamer]: Runtime rate: state=streaming, tick_hz=15.0, queue_send_hz=15.0, ack_hz=15.0, busy_hz=0.0, retry_count=0, reject_count=0, inter_ack_ms=66.6, max_joint_delta=0.090, cumul_time=20.07s, hold_count=0, ik_mode=Local, ik_avg_ms=1.27, ik_fails=20
[INFO] [1786688420.755898404] [cartesian_streamer]: IK OK → Δmax=0.0580 rad, joints: [1.369, 0.903, 0.492, 0.000, -1.160, -1.242]
[INFO] [1786688420.956586107] [cartesian_streamer]: QueueTrajPoint accepted #1640: t=20.466s, hold=False
[INFO] [1786688422.290488058] [cartesian_streamer]: QueueTrajPoint accepted #1660: t=21.800s, hold=False
[INFO] [1786688422.820300086] [cartesian_streamer]: IK OK → Δmax=0.0000 rad, joints: [1.369, 0.905, 0.494, 0.000, -1.161, -1.242]
[INFO] [1786688422.970034649] [cartesian_streamer]: Disable Robot: dừng stream, tắt traj mode...
[INFO] [1786688422.970452283] [cartesian_streamer]: ✗ Robot DISABLED.
[INFO] [1786688459.758825627] [cartesian_streamer]: Enable Robot: bắt đầu chuỗi khởi động...
[INFO] [1786688459.759125931] [cartesian_streamer]: Enable: reset_error...
[INFO] [1786688459.761566214] [cartesian_streamer]: reset_error: code=1, msg="Mock: Error Reset OK"
[INFO] [1786688459.761853112] [cartesian_streamer]: Enable: stop_traj_mode (giải phóng mode cũ)...
[INFO] [1786688459.763100154] [cartesian_streamer]: stop_traj_mode: success=True, code=N/A, msg="Mock: OK"
[INFO] [1786688459.763352247] [cartesian_streamer]: Enable: chờ 1.5s để hệ thống ổn định trước khi start queue...
[INFO] [1786688461.264482803] [cartesian_streamer]: Enable: StartPointQueueMode...
[INFO] [1786688461.267475614] [cartesian_streamer]: StartPointQueueMode response: code=1, msg="Mock: Queue Mode Started"
[INFO] [1786688461.267807477] [cartesian_streamer]: ✓ Robot ENABLED — Point Queue Mode active. Servo ON!
[INFO] [1786688461.286826023] [cartesian_streamer]: Runtime rate: state=seeding, tick_hz=0.9, queue_send_hz=0.9, ack_hz=0.9, busy_hz=0.0, retry_count=0, reject_count=0, inter_ack_ms=66.7, max_joint_delta=0.070, cumul_time=0.00s, hold_count=0, ik_mode=Local, ik_avg_ms=1.25, ik_fails=20
[WARN] [1786688461.287511310] [cartesian_streamer]: Target stream stale: không có target mới trong 38.3s
[WARN] [1786688461.287935206] [cartesian_streamer]: QueueTrajPoint đã được accept nhưng joint_states hầu như không đổi. Kiểm tra: 1) Robot ở mode AUTO? 2) Servo ON? 3) E-stop cleared?
[INFO] [1786688461.289680544] [cartesian_streamer]: Bootstrap EE pose via FK: (0.0431, 1.0209, 0.3778)
[INFO] [1786688461.290316077] [cartesian_streamer]: Đã gửi seed point (current joints, t=0), chờ ACK...
[INFO] [1786688461.292170730] [cartesian_streamer]: Seed ACK nhận được, bắt đầu prebuffer.
[INFO] [1786688461.489697007] [cartesian_streamer]: Pre-buffer hoàn tất (3 points), bắt đầu stream ổn định. Đang chờ target...
[INFO] [1786688461.889223302] [cartesian_streamer]: QueueTrajPoint accepted #1680: t=0.596s, hold=True
[INFO] [1786688463.223653144] [cartesian_streamer]: QueueTrajPoint accepted #1700: t=1.931s, hold=True
[INFO] [1786688464.554921950] [cartesian_streamer]: QueueTrajPoint accepted #1720: t=3.263s, hold=True
[INFO] [1786688465.889580465] [cartesian_streamer]: QueueTrajPoint accepted #1740: t=4.596s, hold=True
[INFO] [1786688466.353596322] [cartesian_streamer]: Runtime rate: state=streaming, tick_hz=15.0, queue_send_hz=15.0, ack_hz=15.0, busy_hz=0.0, retry_count=0, reject_count=0, inter_ack_ms=570.2, max_joint_delta=0.000, cumul_time=5.00s, hold_count=75, ik_mode=Local, ik_avg_ms=1.25, ik_fails=20
[WARN] [1786688466.354520127] [cartesian_streamer]: Target stream stale: không có target mới trong 43.4s
[INFO] [1786688467.222096868] [cartesian_streamer]: QueueTrajPoint accepted #1760: t=5.930s, hold=True
[INFO] [1786688468.554554233] [cartesian_streamer]: QueueTrajPoint accepted #1780: t=7.263s, hold=True
[INFO] [1786688469.891143739] [cartesian_streamer]: QueueTrajPoint accepted #1800: t=8.597s, hold=True
[INFO] [1786688471.222899679] [cartesian_streamer]: QueueTrajPoint accepted #1820: t=9.930s, hold=True
[INFO] [1786688471.419844967] [cartesian_streamer]: Runtime rate: state=streaming, tick_hz=15.0, queue_send_hz=15.0, ack_hz=15.0, busy_hz=0.0, retry_count=0, reject_count=0, inter_ack_ms=66.7, max_joint_delta=0.000, cumul_time=10.06s, hold_count=151, ik_mode=Local, ik_avg_ms=1.25, ik_fails=20
[WARN] [1786688471.420443852] [cartesian_streamer]: Target stream stale: không có target mới trong 48.5s
[INFO] [1786688472.555021759] [cartesian_streamer]: QueueTrajPoint accepted #1840: t=11.263s, hold=True
[INFO] [1786688473.021116814] [cartesian_streamer]: IK OK → Δmax=0.0142 rad, joints: [1.370, 0.897, 0.480, 0.000, -1.155, -1.243]
[INFO] [1786688473.420597057] [cartesian_streamer]: IK delta clamped → joints: [1.370, 0.816, 0.344, 0.000, -1.086, -1.243]
[INFO] [1786688473.889563675] [cartesian_streamer]: QueueTrajPoint accepted #1860: t=12.598s, hold=False
[INFO] [1786688475.021691763] [cartesian_streamer]: IK OK → Δmax=0.0900 rad, joints: [1.387, 0.503, 0.024, 0.000, -0.911, -1.260]
[INFO] [1786688475.030746488] [cartesian_streamer]: Disable Robot: dừng stream, tắt traj mode...
[INFO] [1786688475.031409142] [cartesian_streamer]: ✗ Robot DISABLED.
[INFO] [1786688482.920835506] [cartesian_streamer]: Enable Robot: bắt đầu chuỗi khởi động...
[INFO] [1786688482.921117115] [cartesian_streamer]: Enable: reset_error...
[INFO] [1786688482.922618134] [cartesian_streamer]: reset_error: code=1, msg="Mock: Error Reset OK"
[INFO] [1786688482.922909141] [cartesian_streamer]: Enable: stop_traj_mode (giải phóng mode cũ)...
[INFO] [1786688482.924230703] [cartesian_streamer]: stop_traj_mode: success=True, code=N/A, msg="Mock: OK"
[INFO] [1786688482.924624703] [cartesian_streamer]: Enable: chờ 1.5s để hệ thống ổn định trước khi start queue...
[INFO] [1786688484.425758945] [cartesian_streamer]: Enable: StartPointQueueMode...
[INFO] [1786688484.428348929] [cartesian_streamer]: StartPointQueueMode response: code=1, msg="Mock: Queue Mode Started"
[INFO] [1786688484.428664772] [cartesian_streamer]: ✓ Robot ENABLED — Point Queue Mode active. Servo ON!
[INFO] [1786688484.487087539] [cartesian_streamer]: Runtime rate: state=seeding, tick_hz=4.2, queue_send_hz=4.2, ack_hz=4.2, busy_hz=0.0, retry_count=0, reject_count=0, inter_ack_ms=66.7, max_joint_delta=0.090, cumul_time=0.00s, hold_count=0, ik_mode=Local, ik_avg_ms=1.24, ik_fails=20
[WARN] [1786688484.489390524] [cartesian_streamer]: Target stream stale: không có target mới trong 9.5s
[INFO] [1786688484.490147646] [cartesian_streamer]: Bootstrap EE pose via FK: (-0.1620, 0.2801, 0.3785)
[INFO] [1786688484.491046874] [cartesian_streamer]: Đã gửi seed point (current joints, t=0), chờ ACK...
[INFO] [1786688484.492237210] [cartesian_streamer]: Seed ACK nhận được, bắt đầu prebuffer.
[INFO] [1786688484.621750764] [cartesian_streamer]: QueueTrajPoint accepted #1880: t=0.129s, hold=True
[INFO] [1786688484.689598280] [cartesian_streamer]: Pre-buffer hoàn tất (3 points), bắt đầu stream ổn định. Đang chờ target...
[INFO] [1786688485.954927477] [cartesian_streamer]: QueueTrajPoint accepted #1900: t=1.462s, hold=True
[INFO] [1786688487.289429990] [cartesian_streamer]: QueueTrajPoint accepted #1920: t=2.796s, hold=True
[INFO] [1786688487.555162812] [cartesian_streamer]: IK OK → Δmax=0.0254 rad, joints: [1.577, 0.099, -1.056, -0.000, -0.416, -1.450]
[INFO] [1786688487.954759979] [cartesian_streamer]: IK delta clamped → joints: [1.547, 0.020, -1.020, 0.000, -0.520, -1.420]
[INFO] [1786688488.622754392] [cartesian_streamer]: QueueTrajPoint accepted #1940: t=4.131s, hold=False
[INFO] [1786688489.486729354] [cartesian_streamer]: Runtime rate: state=streaming, tick_hz=15.0, queue_send_hz=15.0, ack_hz=15.0, busy_hz=0.0, retry_count=0, reject_count=0, inter_ack_ms=192.0, max_joint_delta=0.090, cumul_time=4.93s, hold_count=0, ik_mode=Local, ik_avg_ms=1.23, ik_fails=20
[INFO] [1786688489.622285757] [cartesian_streamer]: IK OK → Δmax=0.0900 rad, joints: [1.506, 0.066, -0.877, 0.000, -0.555, -1.379]
[INFO] [1786688489.957099322] [cartesian_streamer]: QueueTrajPoint accepted #1960: t=5.465s, hold=False
[INFO] [1786688490.021153745] [cartesian_streamer]: IK delta clamped → joints: [1.477, 0.058, -0.788, 0.000, -0.587, -1.350]
[INFO] [1786688491.292311631] [cartesian_streamer]: QueueTrajPoint accepted #1980: t=6.799s, hold=False
[INFO] [1786688491.688647634] [cartesian_streamer]: IK OK → Δmax=0.0900 rad, joints: [1.307, 0.169, -0.454, 0.000, -0.721, -1.180]
[INFO] [1786688492.021795261] [cartesian_streamer]: IK delta clamped → joints: [1.283, 0.217, -0.388, 0.000, -0.747, -1.156]
[INFO] [1786688492.622849562] [cartesian_streamer]: QueueTrajPoint accepted #2000: t=8.131s, hold=False
[INFO] [1786688493.689079007] [cartesian_streamer]: IK OK → Δmax=0.0900 rad, joints: [1.328, 0.436, -0.054, 0.000, -0.881, -1.201]
[INFO] [1786688493.956550284] [cartesian_streamer]: QueueTrajPoint accepted #2020: t=9.464s, hold=False
[INFO] [1786688494.088876051] [cartesian_streamer]: IK delta clamped → joints: [1.340, 0.501, 0.026, 0.000, -0.913, -1.213]
[INFO] [1786688494.552901484] [cartesian_streamer]: Runtime rate: state=streaming, tick_hz=15.0, queue_send_hz=15.0, ack_hz=15.0, busy_hz=0.0, retry_count=0, reject_count=0, inter_ack_ms=66.7, max_joint_delta=0.090, cumul_time=10.00s, hold_count=0, ik_mode=Local, ik_avg_ms=1.21, ik_fails=20
[INFO] [1786688495.291536571] [cartesian_streamer]: QueueTrajPoint accepted #2040: t=10.799s, hold=False
[INFO] [1786688495.689198475] [cartesian_streamer]: IK OK → Δmax=0.0900 rad, joints: [1.352, 0.704, 0.325, 0.000, -1.041, -1.224]
[INFO] [1786688496.154610925] [cartesian_streamer]: IK delta clamped → joints: [1.356, 0.800, 0.427, 0.000, -1.078, -1.229]
[INFO] [1786688496.623355952] [cartesian_streamer]: QueueTrajPoint accepted #2060: t=12.131s, hold=False
[INFO] [1786688497.754147255] [cartesian_streamer]: IK OK → Δmax=0.0900 rad, joints: [1.363, 0.989, 0.668, 0.000, -1.206, -1.236]
[INFO] [1786688497.956478691] [cartesian_streamer]: QueueTrajPoint accepted #2080: t=13.464s, hold=False
[INFO] [1786688498.219934598] [cartesian_streamer]: IK delta clamped → joints: [1.363, 0.989, 0.668, 0.000, -1.243, -1.236]
[INFO] [1786688499.289173937] [cartesian_streamer]: QueueTrajPoint accepted #2100: t=14.797s, hold=False
[INFO] [1786688499.553190468] [cartesian_streamer]: Runtime rate: state=streaming, tick_hz=15.0, queue_send_hz=15.0, ack_hz=15.0, busy_hz=0.0, retry_count=0, reject_count=0, inter_ack_ms=66.7, max_joint_delta=0.090, cumul_time=15.00s, hold_count=0, ik_mode=Local, ik_avg_ms=1.18, ik_fails=20
[INFO] [1786688499.820203906] [cartesian_streamer]: IK OK → Δmax=0.0000 rad, joints: [1.363, 0.989, 0.668, 0.000, -1.251, -1.236]
[INFO] [1786688500.023009663] [cartesian_streamer]: Disable Robot: dừng stream, tắt traj mode...
[INFO] [1786688500.024669180] [cartesian_streamer]: ✗ Robot DISABLED.
[INFO] [1786688629.161668197] [cartesian_streamer]: Graceful shutdown: tắt Point Queue Mode trước khi thoát...
[INFO] [1786688629.162035707] [cartesian_streamer]: Robot chưa enable, không cần stop_traj_mode.
[INFO] [1786688629.162354296] [cartesian_streamer]: Shutdown hoàn tất. Tủ điện sẽ KHÔNG bị alarm.
