[INFO] [1787025088.024860545] [go_home_node]: Đang chờ /joint_states...
[INFO] [1787025088.120487622] [go_home_node]: Joints hiện tại: ['1.4828', '0.9334', '0.5253', '-0.0056', '-1.0555', '-1.7887']
[INFO] [1787025088.120746747] [go_home_node]: Gọi stop_traj_mode...
[INFO] [1787025089.718150177] [go_home_node]: Gọi reset_error...
[INFO] [1787025090.236699231] [go_home_node]: Gọi start_point_queue_mode...
[INFO] [1787025090.816084401] [go_home_node]: ✓ Point Queue Mode ACTIVE — Servo ON!
[INFO] [1787025092.318230260] [go_home_node]: Gửi seed point...
[INFO] [1787025092.455009006] [go_home_node]: ✓ Seed point accepted.
[INFO] [1787025092.756020431] [go_home_node]: Di chuyển về Home trong 2.5s (50 points @ 20Hz)...
[WARN] [1787025094.989063092] [go_home_node]: Point 13 rejected: code=2
[WARN] [1787025095.032838378] [go_home_node]: Point 14 rejected: code=2
[WARN] [1787025095.211459793] [go_home_node]: Point 15 rejected: code=2
[WARN] [1787025095.257123929] [go_home_node]: Point 16 rejected: code=2
[WARN] [1787025095.428821166] [go_home_node]: Point 17 rejected: code=2
[WARN] [1787025095.477593099] [go_home_node]: Point 18 rejected: code=2
[WARN] [1787025095.524862535] [go_home_node]: Point 19 rejected: code=2
[WARN] [1787025095.577554262] [go_home_node]: Point 20 rejected: code=2
[WARN] [1787025095.621650979] [go_home_node]: Point 21 rejected: code=2
[WARN] [1787025095.672501647] [go_home_node]: Point 22 rejected: code=2
[WARN] [1787025095.721666905] [go_home_node]: Point 23 rejected: code=2
[WARN] [1787025095.773799397] [go_home_node]: Point 24 rejected: code=2
[WARN] [1787025095.815697967] [go_home_node]: Point 25 rejected: code=2
[WARN] [1787025095.861604356] [go_home_node]: Point 26 rejected: code=2
[WARN] [1787025095.923252900] [go_home_node]: Point 27 rejected: code=2
[WARN] [1787025095.976275947] [go_home_node]: Point 28 rejected: code=2
[WARN] [1787025096.016986827] [go_home_node]: Point 29 rejected: code=2
[WARN] [1787025096.069699302] [go_home_node]: Point 30 rejected: code=2
[WARN] [1787025096.122152062] [go_home_node]: Point 31 rejected: code=2
[WARN] [1787025096.165305907] [go_home_node]: Point 32 rejected: code=2
[WARN] [1787025096.212188299] [go_home_node]: Point 33 rejected: code=2
[WARN] [1787025096.254193096] [go_home_node]: Point 34 rejected: code=2
[WARN] [1787025096.299381683] [go_home_node]: Point 35 rejected: code=2
[WARN] [1787025096.346071194] [go_home_node]: Point 36 rejected: code=2
[WARN] [1787025096.385896439] [go_home_node]: Point 37 rejected: code=2
[WARN] [1787025096.431863130] [go_home_node]: Point 38 rejected: code=2
[WARN] [1787025096.476602467] [go_home_node]: Point 39 rejected: code=2
[WARN] [1787025096.526499381] [go_home_node]: Point 40 rejected: code=2
[WARN] [1787025096.568728548] [go_home_node]: Point 41 rejected: code=2
[WARN] [1787025096.612809155] [go_home_node]: Point 42 rejected: code=2
[WARN] [1787025096.651483278] [go_home_node]: Point 43 rejected: code=2
[WARN] [1787025096.689663800] [go_home_node]: Point 44 rejected: code=2
[WARN] [1787025096.728384592] [go_home_node]: Point 45 rejected: code=2
[WARN] [1787025096.769891649] [go_home_node]: Point 46 rejected: code=2
[WARN] [1787025096.813603196] [go_home_node]: Point 47 rejected: code=2
[WARN] [1787025096.851556674] [go_home_node]: Point 48 rejected: code=2
[WARN] [1787025096.897084464] [go_home_node]: Point 49 rejected: code=2
[WARN] [1787025096.938051382] [go_home_node]: Point 50 rejected: code=2
[INFO] [1787025096.976540581] [go_home_node]: ✓ Đã gửi 2/50 points. Robot đang di chuyển về Home...
[INFO] [1787025100.480492567] [go_home_node]: Thoát Point Queue Mode (stop_traj_mode)...
[INFO] [1787025100.531713001] [go_home_node]: ✓ stop_traj_mode thành công. Tủ điện sạch sẽ.
[INFO] [1787025100.532171447] [go_home_node]: ✓ Đã về Home an toàn! Controller đã thoát queue mode.
