[INFO] [1786343190.517846441] [trajectory_predictor]: [Predictor] Worker launched (pid=83423)
[INFO] [1786343190.518827409] [trajectory_predictor]: [Predictor] Started | model=svgp | window=10 | auto_start=True
  Output Filter: enabled=True, ema_alpha=0.5, max_dev=0.08, max_rate=0.02
[WARN] [1786343191.608082536] [trajectory_predictor]: [Worker STDERR] /usr/lib/python3/dist-packages/scipy/__init__.py:146: UserWarning: A NumPy version >=1.17.3 and <1.25.0 is required for this version of SciPy (detected version 1.26.4
[WARN] [1786343191.608765319] [trajectory_predictor]: [Worker STDERR] warnings.warn(f"A NumPy version >={np_minversion} and <{np_maxversion}"
[INFO] [1786343192.465095292] [trajectory_predictor]: [Worker] TF 2.15.0 and sklearn loaded
[INFO] [1786343193.507030936] [trajectory_predictor]: [Predictor] Worker READY | model=svgp
[INFO] [1786343199.396846447] [trajectory_predictor]: [Filter] raw=(0.0855,0.2249,0.0367) → filt=(0.2956,-2.0360,-0.0917) Δ=(0.2101,2.2609,0.1284)
[INFO] [1786343206.185191053] [trajectory_predictor]: [Filter] raw=(0.1029,0.1966,0.0437) → filt=(0.1029,-2.0768,0.0438) Δ=(0.0000,2.2734,0.0001)
[INFO] [1786343212.989524402] [trajectory_predictor]: [Filter] raw=(0.1411,-0.0377,-0.0179) → filt=(0.0853,-0.4423,-0.0182) Δ=(0.0558,0.4046,0.0003)
[INFO] [1786343214.277887533] [trajectory_predictor]: [Predictor] Predicting STOPPED
[INFO] [1786343217.347964417] [trajectory_predictor]: [Predictor] Auto-enabled prediction mode via /trajectory_mode
[INFO] [1786343219.399131304] [trajectory_predictor]: [Filter] raw=(0.1476,-0.0474,-0.0209) → filt=(0.0841,-0.0474,-0.0209) Δ=(0.0635,0.0000,0.0000)
[INFO] [1786343222.956237771] [trajectory_predictor]: [Predictor] Switching model → svgp
[INFO] [1786343222.956849441] [trajectory_predictor]: [Hybrid] Mode DISABLED (GRU only)
[INFO] [1786343222.984535580] [trajectory_predictor]: [Predictor] Model switched to svgp
[INFO] [1786343226.062495774] [trajectory_predictor]: [Filter] raw=(0.1476,-0.0474,-0.0209) → filt=(0.0841,-0.0474,-0.0209) Δ=(0.0635,0.0000,0.0000)
[INFO] [1786343231.103199119] [trajectory_predictor]: [Predictor] Predicting STARTED
[INFO] [1786343232.731893752] [trajectory_predictor]: [Filter] raw=(0.1589,-0.0705,-0.0257) → filt=(0.0885,-0.0705,-0.0257) Δ=(0.0704,0.0000,0.0000)
[INFO] [1786343239.407438556] [trajectory_predictor]: [Filter] raw=(-0.0072,0.6549,0.1594) → filt=(-0.0080,0.6584,0.1577) Δ=(0.0008,0.0035,0.0017)
[INFO] [1786343246.080329094] [trajectory_predictor]: [Filter] raw=(-0.1094,0.2607,0.1662) → filt=(-0.1120,0.2656,0.1668) Δ=(0.0026,0.0049,0.0006)
[INFO] [1786343252.887290669] [trajectory_predictor]: [Filter] raw=(0.0488,0.2727,0.1254) → filt=(0.0486,0.2782,0.1253) Δ=(0.0003,0.0055,0.0001)
[INFO] [1786343259.562202038] [trajectory_predictor]: [Filter] raw=(0.0143,0.7279,0.1390) → filt=(0.0093,0.7263,0.1401) Δ=(0.0050,0.0015,0.0011)
[INFO] [1786343266.260754099] [trajectory_predictor]: [Filter] raw=(-0.0323,0.6526,0.2547) → filt=(-0.0330,0.6535,0.2585) Δ=(0.0007,0.0010,0.0038)
[INFO] [1786343269.579561385] [trajectory_predictor]: [Predictor] Predicting STOPPED
[INFO] [1786343271.124064114] [trajectory_predictor]: [Predictor] Predicting STOPPED
[INFO] [1786343284.495250332] [trajectory_predictor]: [Predictor] Buffer cleared (no data for 1.2s)
[INFO] [1786343290.495973896] [trajectory_predictor]: [Predictor] Buffer cleared (no data for 2.0s)
[INFO] [1786343323.495309978] [trajectory_predictor]: [Predictor] Buffer cleared (no data for 1.2s)
[INFO] [1786343327.495325782] [trajectory_predictor]: [Predictor] Buffer cleared (no data for 1.9s)
[INFO] [1786343436.495054007] [trajectory_predictor]: [Predictor] Buffer cleared (no data for 1.6s)
[INFO] [1786343488.495519435] [trajectory_predictor]: [Predictor] Buffer cleared (no data for 1.9s)
[INFO] [1786343493.495160401] [trajectory_predictor]: [Predictor] Buffer cleared (no data for 1.0s)
[INFO] [1786343502.495292175] [trajectory_predictor]: [Predictor] Buffer cleared (no data for 1.6s)
[INFO] [1786343842.495518830] [trajectory_predictor]: [Predictor] Buffer cleared (no data for 1.2s)
[INFO] [1786343849.495263489] [trajectory_predictor]: [Predictor] Buffer cleared (no data for 1.6s)
[INFO] [1786343900.495073571] [trajectory_predictor]: [Predictor] Buffer cleared (no data for 1.2s)
[INFO] [1786343906.495541452] [trajectory_predictor]: [Predictor] Buffer cleared (no data for 1.5s)
[INFO] [1786343910.495267014] [trajectory_predictor]: [Predictor] Buffer cleared (no data for 1.4s)
[INFO] [1786343928.495456958] [trajectory_predictor]: [Predictor] Buffer cleared (no data for 1.1s)
[INFO] [1786343930.495350644] [trajectory_predictor]: [Predictor] Buffer cleared (no data for 1.2s)
[INFO] [1786343932.495202879] [trajectory_predictor]: [Predictor] Buffer cleared (no data for 1.5s)
[INFO] [1786343936.495029884] [trajectory_predictor]: [Predictor] Buffer cleared (no data for 1.4s)
[INFO] [1786343946.495690988] [trajectory_predictor]: [Predictor] Buffer cleared (no data for 1.7s)
[INFO] [1786343949.495577764] [trajectory_predictor]: [Predictor] Buffer cleared (no data for 1.1s)
[INFO] [1786343957.495176356] [trajectory_predictor]: [Predictor] Buffer cleared (no data for 1.3s)
[INFO] [1786343962.495550318] [trajectory_predictor]: [Predictor] Buffer cleared (no data for 1.3s)
[INFO] [1786343968.495353888] [trajectory_predictor]: [Predictor] Buffer cleared (no data for 1.4s)
[INFO] [1786343971.495536647] [trajectory_predictor]: [Predictor] Buffer cleared (no data for 1.0s)
[INFO] [1786343974.495473643] [trajectory_predictor]: [Predictor] Buffer cleared (no data for 1.0s)
[INFO] [1786343977.495411270] [trajectory_predictor]: [Predictor] Buffer cleared (no data for 1.2s)
[INFO] [1786343981.495145688] [trajectory_predictor]: [Predictor] Buffer cleared (no data for 1.1s)
[INFO] [1786343991.495799958] [trajectory_predictor]: [Predictor] Buffer cleared (no data for 1.0s)
[INFO] [1786343994.495134723] [trajectory_predictor]: [Predictor] Buffer cleared (no data for 1.6s)
[INFO] [1786343997.495435138] [trajectory_predictor]: [Predictor] Buffer cleared (no data for 1.3s)
[INFO] [1786344004.495525330] [trajectory_predictor]: [Predictor] Buffer cleared (no data for 1.8s)
[INFO] [1786344014.495681006] [trajectory_predictor]: [Predictor] Buffer cleared (no data for 1.0s)
[INFO] [1786344029.495255801] [trajectory_predictor]: [Predictor] Buffer cleared (no data for 1.4s)
[INFO] [1786344035.495315796] [trajectory_predictor]: [Predictor] Buffer cleared (no data for 1.1s)
[INFO] [1786344072.495421484] [trajectory_predictor]: [Predictor] Buffer cleared (no data for 1.6s)
[INFO] [1786344076.495418610] [trajectory_predictor]: [Predictor] Buffer cleared (no data for 1.9s)
[INFO] [1786344080.495196996] [trajectory_predictor]: [Predictor] Buffer cleared (no data for 1.3s)
[INFO] [1786344083.495883448] [trajectory_predictor]: [Predictor] Buffer cleared (no data for 1.5s)
[INFO] [1786344085.495324328] [trajectory_predictor]: [Predictor] Buffer cleared (no data for 1.1s)
[INFO] [1786344124.495385631] [trajectory_predictor]: [Predictor] Buffer cleared (no data for 1.4s)
[INFO] [1786344136.495460168] [trajectory_predictor]: [Predictor] Buffer cleared (no data for 1.7s)
[INFO] [1786344145.495412299] [trajectory_predictor]: [Predictor] Buffer cleared (no data for 1.2s)
[INFO] [1786344167.495218261] [trajectory_predictor]: [Predictor] Buffer cleared (no data for 1.3s)
[INFO] [1786344188.495311712] [trajectory_predictor]: [Predictor] Buffer cleared (no data for 1.5s)
[INFO] [1786344207.495381875] [trajectory_predictor]: [Predictor] Buffer cleared (no data for 1.5s)
[INFO] [1786344219.495228080] [trajectory_predictor]: [Predictor] Buffer cleared (no data for 1.4s)
[INFO] [1786344234.495200425] [trajectory_predictor]: [Predictor] Buffer cleared (no data for 1.1s)
[INFO] [1786344246.495633929] [trajectory_predictor]: [Predictor] Buffer cleared (no data for 1.7s)
[INFO] [1786344266.495749752] [trajectory_predictor]: [Predictor] Buffer cleared (no data for 1.7s)
[INFO] [1786344268.495839632] [trajectory_predictor]: [Predictor] Buffer cleared (no data for 1.5s)
[INFO] [1786344288.495784741] [trajectory_predictor]: [Predictor] Buffer cleared (no data for 1.3s)
[INFO] [1786344294.495717607] [trajectory_predictor]: [Predictor] Buffer cleared (no data for 1.7s)
[INFO] [1786344313.495211233] [trajectory_predictor]: [Predictor] Buffer cleared (no data for 1.4s)
[INFO] [1786344319.495424947] [trajectory_predictor]: [Predictor] Buffer cleared (no data for 1.2s)
[INFO] [1786344329.495271865] [trajectory_predictor]: [Predictor] Buffer cleared (no data for 1.2s)
[INFO] [1786344354.496209496] [trajectory_predictor]: [Predictor] Buffer cleared (no data for 1.2s)
[INFO] [1786344361.495456035] [trajectory_predictor]: [Predictor] Buffer cleared (no data for 1.6s)
[INFO] [1786344369.495264359] [trajectory_predictor]: [Predictor] Buffer cleared (no data for 1.8s)
[INFO] [1786344372.495816703] [trajectory_predictor]: [Predictor] Buffer cleared (no data for 1.3s)
[INFO] [1786344377.495387274] [trajectory_predictor]: [Predictor] Buffer cleared (no data for 1.8s)
[INFO] [1786344389.495171572] [trajectory_predictor]: [Predictor] Buffer cleared (no data for 1.2s)
[INFO] [1786344395.495636737] [trajectory_predictor]: [Predictor] Buffer cleared (no data for 1.0s)
[INFO] [1786344405.495410466] [trajectory_predictor]: [Predictor] Buffer cleared (no data for 1.5s)
[INFO] [1786344416.495558013] [trajectory_predictor]: [Predictor] Buffer cleared (no data for 1.2s)
[INFO] [1786344420.495386393] [trajectory_predictor]: [Predictor] Buffer cleared (no data for 1.3s)
[INFO] [1786344424.495246397] [trajectory_predictor]: [Predictor] Buffer cleared (no data for 1.9s)
[INFO] [1786344438.495614982] [trajectory_predictor]: [Predictor] Buffer cleared (no data for 1.4s)
[INFO] [1786344465.495402942] [trajectory_predictor]: [Predictor] Buffer cleared (no data for 1.8s)
[INFO] [1786344512.495398993] [trajectory_predictor]: [Predictor] Buffer cleared (no data for 1.7s)
[INFO] [1786344521.495446088] [trajectory_predictor]: [Predictor] Buffer cleared (no data for 1.4s)
[INFO] [1786344526.495155764] [trajectory_predictor]: [Predictor] Buffer cleared (no data for 1.7s)
[INFO] [1786344551.495697552] [trajectory_predictor]: [Predictor] Buffer cleared (no data for 1.0s)
[INFO] [1786344579.495428005] [trajectory_predictor]: [Predictor] Buffer cleared (no data for 1.3s)
[INFO] [1786344605.497009378] [trajectory_predictor]: [Predictor] Buffer cleared (no data for 1.5s)
[INFO] [1786344617.496371891] [trajectory_predictor]: [Predictor] Buffer cleared (no data for 1.4s)
[INFO] [1786344620.495553542] [trajectory_predictor]: [Predictor] Buffer cleared (no data for 1.4s)
[INFO] [1786344628.495210545] [trajectory_predictor]: [Predictor] Buffer cleared (no data for 1.4s)
[INFO] [1786344630.495343764] [trajectory_predictor]: [Predictor] Buffer cleared (no data for 1.1s)
[INFO] [1786344638.495514496] [trajectory_predictor]: [Predictor] Buffer cleared (no data for 1.6s)
[INFO] [1786344649.495281056] [trajectory_predictor]: [Predictor] Buffer cleared (no data for 1.3s)
