[INFO] [1786348994.284059089] [coord_transform]: CoordTransformNode khởi động.
  Object offset (cam frame): [0.05 0.   0.1 ]
  Translation cam→base:      [0.5 0.  1.2]
  EE orientation (xyzw):     [0.0, 1.0, 0.0, 0.0]
  Prediction step:           5
  Axis remap:                [0, 1, 2]
  Axis sign:                 [-1.0, 1.0, 1.0]
  Workspace X: (-1.0, 1.0), Y: (-0.5, 1.3), Z: (0.05, 1.5)
  Filter outlier_threshold:  0.15m
  Filter median_size_y:      3
  Filter deadband_tol:       15.0mm
  Filter stationary_thresh:  3 frames
  Filter max_rate:           5.0cm/frame
  Filter EMA moving(x,y,z):  (1.0,0.8,1.0)
  Filter EMA hold  (x,y,z):  (0.08,0.02,0.05)
[INFO] [1786349014.379810597] [coord_transform]: Đã chuyển mode: ground_truth -> prediction
[WARN] [1786349023.051224085] [coord_transform]: Outlier rejected #1 (jumped 2175.5mm). Ignoring.
[WARN] [1786349023.078775240] [coord_transform]: Outlier rejected #2 (jumped 2183.5mm). Ignoring.
[WARN] [1786349023.109909502] [coord_transform]: Outlier rejected #3 (jumped 2175.5mm). Ignoring.
[WARN] [1786349023.144502965] [coord_transform]: Outlier rejected #4 (jumped 2183.5mm). Ignoring.
[INFO] [1786349023.177556611] [coord_transform]: Too many outliers (5). Resetting filter to new position.
[INFO] [1786349026.609405028] [coord_transform]: Captured Init Pose! P_init=(-0.162, 0.280, 0.379), Cam_init=(0.002, -0.006, -0.000), Noise_Tol=32.4mm
Orientation=(0.998, 0.064, -0.000, 0.000)
[INFO] [1786349029.154955876] [coord_transform]: Trạng thái tracking: STOPPED
[INFO] [1786349035.819033121] [coord_transform]: Deadband: RELEASE — motion detected
[INFO] [1786349048.460560698] [coord_transform]: Deadband: HOLD at (0.002, -0.006, -0.000)
[INFO] [1786349052.068497246] [coord_transform]: Deadband: RELEASE — motion detected
[INFO] [1786349063.043818424] [coord_transform]: Re-sync camera init: [0.054 0.03  0.022]
[INFO] [1786349063.044160289] [coord_transform]: Trạng thái tracking: RUNNING
[INFO] [1786349063.096853243] [coord_transform]: [SNAP ON] Tay thực tế đứng yên. Ép dừng robot (GRU đang lệch 0.0cm).
[INFO] [1786349063.097662130] [coord_transform]: [PREDICTION] Transform: cam[0.054 0.03  0.022] → base[-0.162  0.28   0.379]
[INFO] [1786349064.807669590] [coord_transform]: Deadband: RELEASE — motion detected
[INFO] [1786349064.827098511] [coord_transform]: [SNAP OFF] Tay di chuyển lại. Trả quyền cho GRU.
[INFO] [1786349065.129776062] [coord_transform]: [PREDICTION] Transform: cam[0.054 0.03  0.022] → base[-0.162  0.28   0.379]
[INFO] [1786349067.144305182] [coord_transform]: [PREDICTION] Transform: cam[0.005 0.202 0.112] → base[-0.114  0.452  0.469]
[INFO] [1786349069.158905948] [coord_transform]: [PREDICTION] Transform: cam[0.004 0.447 0.123] → base[-0.112  0.697  0.48 ]
[INFO] [1786349071.159953484] [coord_transform]: [PREDICTION] Transform: cam[-0.027  0.578  0.063] → base[-0.082  0.828  0.419]
[INFO] [1786349073.192947522] [coord_transform]: [PREDICTION] Transform: cam[-0.058  0.714  0.   ] → base[-0.051  0.964  0.357]
[INFO] [1786349075.193720901] [coord_transform]: [PREDICTION] Transform: cam[-0.058  0.714  0.   ] → base[-0.051  0.964  0.357]
[INFO] [1786349077.225827573] [coord_transform]: [PREDICTION] Transform: cam[-0.058  0.714  0.   ] → base[-0.051  0.964  0.357]
[INFO] [1786349078.156727237] [coord_transform]: Trạng thái tracking: STOPPED
[INFO] [1786349080.966275561] [coord_transform]: Trạng thái tracking: STOPPED
[INFO] [1786349092.159658699] [coord_transform]: Deadband: HOLD at (0.054, 0.030, 0.022)
[INFO] [1786349092.459413130] [coord_transform]: Deadband: RELEASE — motion detected
[INFO] [1786349117.196269126] [coord_transform]: Re-sync camera init: [0.032 0.015 0.015]
[INFO] [1786349117.196515822] [coord_transform]: Trạng thái tracking: RUNNING
[INFO] [1786349117.266755436] [coord_transform]: Deadband: RELEASE — motion detected
[INFO] [1786349117.267059069] [coord_transform]: [SNAP ON] Tay thực tế đứng yên. Ép dừng robot (GRU đang lệch 7.8cm).
[INFO] [1786349117.267882033] [coord_transform]: [PREDICTION] Transform: cam[0.032 0.015 0.015] → base[-0.162  0.28   0.379]
[INFO] [1786349118.900152610] [coord_transform]: [SNAP OFF] Tay di chuyển lại. Trả quyền cho GRU.
[INFO] [1786349119.292841445] [coord_transform]: [PREDICTION] Transform: cam[0.092 0.015 0.035] → base[-0.222  0.28   0.398]
[INFO] [1786349121.294863719] [coord_transform]: [PREDICTION] Transform: cam[0.024 0.188 0.093] → base[-0.154  0.453  0.457]
[INFO] [1786349123.328222866] [coord_transform]: [PREDICTION] Transform: cam[-0.034  0.321  0.103] → base[-0.096  0.586  0.467]
[INFO] [1786349125.328411052] [coord_transform]: [PREDICTION] Transform: cam[-0.044  0.49   0.059] → base[-0.086  0.755  0.423]
[INFO] [1786349127.359445876] [coord_transform]: [PREDICTION] Transform: cam[-0.058  0.711  0.001] → base[-0.072  0.976  0.365]
[INFO] [1786349129.360291148] [coord_transform]: [PREDICTION] Transform: cam[-0.058  0.714  0.   ] → base[-0.072  0.979  0.364]
[INFO] [1786349130.933487972] [coord_transform]: Trạng thái tracking: STOPPED
[INFO] [1786349132.778654333] [coord_transform]: Trạng thái tracking: STOPPED
[WARN] [1786349151.869388071] [coord_transform]: Outlier rejected #1 (jumped 206.4mm). Ignoring.
[WARN] [1786349151.904840193] [coord_transform]: Outlier rejected #2 (jumped 318.7mm). Ignoring.
[WARN] [1786349239.808408254] [coord_transform]: Outlier rejected #3 (jumped 1448.7mm). Ignoring.
[WARN] [1786349239.833635804] [coord_transform]: Outlier rejected #4 (jumped 1458.6mm). Ignoring.
[INFO] [1786349239.910773802] [coord_transform]: Too many outliers (5). Resetting filter to new position.
[WARN] [1786349376.034268589] [coord_transform]: Outlier rejected #1 (jumped 1835.7mm). Ignoring.
[WARN] [1786349376.068016714] [coord_transform]: Outlier rejected #2 (jumped 1834.8mm). Ignoring.
[WARN] [1786349376.105902765] [coord_transform]: Outlier rejected #3 (jumped 1818.4mm). Ignoring.
[WARN] [1786349376.137839835] [coord_transform]: Outlier rejected #4 (jumped 1815.9mm). Ignoring.
[INFO] [1786349376.169987392] [coord_transform]: Too many outliers (5). Resetting filter to new position.
[WARN] [1786349376.802365364] [coord_transform]: Outlier rejected #1 (jumped 593.1mm). Ignoring.
[WARN] [1786349376.867815606] [coord_transform]: Outlier rejected #2 (jumped 1113.1mm). Ignoring.
[WARN] [1786349376.936892870] [coord_transform]: Outlier rejected #3 (jumped 343.4mm). Ignoring.
[WARN] [1786349377.169525691] [coord_transform]: Outlier rejected #1 (jumped 340.9mm). Ignoring.
[WARN] [1786349377.200292003] [coord_transform]: Outlier rejected #2 (jumped 346.3mm). Ignoring.
[WARN] [1786349377.234569937] [coord_transform]: Outlier rejected #3 (jumped 333.3mm). Ignoring.
[WARN] [1786349377.270513644] [coord_transform]: Outlier rejected #4 (jumped 371.4mm). Ignoring.
[INFO] [1786349377.298897642] [coord_transform]: Too many outliers (5). Resetting filter to new position.
[WARN] [1786349377.703624226] [coord_transform]: Outlier rejected #1 (jumped 495.0mm). Ignoring.
[WARN] [1786349377.735782703] [coord_transform]: Outlier rejected #2 (jumped 494.4mm). Ignoring.
[WARN] [1786349377.901595509] [coord_transform]: Outlier rejected #3 (jumped 495.9mm). Ignoring.
[WARN] [1786349377.935399560] [coord_transform]: Outlier rejected #4 (jumped 491.4mm). Ignoring.
[INFO] [1786349442.656183173] [coord_transform]: Too many outliers (5). Resetting filter to new position.
[WARN] [1786349446.909641782] [coord_transform]: Outlier rejected #1 (jumped 260.3mm). Ignoring.
[WARN] [1786349447.095111163] [coord_transform]: Outlier rejected #1 (jumped 232.1mm). Ignoring.
[WARN] [1786349456.414900127] [coord_transform]: Outlier rejected #1 (jumped 410.8mm). Ignoring.
[WARN] [1786349458.076653332] [coord_transform]: Outlier rejected #2 (jumped 302.4mm). Ignoring.
[WARN] [1786349458.170825770] [coord_transform]: Outlier rejected #3 (jumped 449.8mm). Ignoring.
[WARN] [1786349458.307056817] [coord_transform]: Outlier rejected #4 (jumped 508.0mm). Ignoring.
[INFO] [1786349458.371637478] [coord_transform]: Too many outliers (5). Resetting filter to new position.
[WARN] [1786349460.829301854] [coord_transform]: Outlier rejected #1 (jumped 152.4mm). Ignoring.
[WARN] [1786349465.169640920] [coord_transform]: Outlier rejected #1 (jumped 158.1mm). Ignoring.
[WARN] [1786349465.415735501] [coord_transform]: Outlier rejected #1 (jumped 248.3mm). Ignoring.
[WARN] [1786349465.479234471] [coord_transform]: Outlier rejected #2 (jumped 237.6mm). Ignoring.
[WARN] [1786349465.544697084] [coord_transform]: Outlier rejected #3 (jumped 183.1mm). Ignoring.
[WARN] [1786349465.644627118] [coord_transform]: Outlier rejected #4 (jumped 195.2mm). Ignoring.
[INFO] [1786349465.715074583] [coord_transform]: Too many outliers (5). Resetting filter to new position.
[WARN] [1786349481.636500255] [coord_transform]: Outlier rejected #1 (jumped 505.6mm). Ignoring.
[WARN] [1786349481.661571294] [coord_transform]: Outlier rejected #2 (jumped 543.7mm). Ignoring.
[WARN] [1786349539.488456845] [coord_transform]: Outlier rejected #3 (jumped 1565.4mm). Ignoring.
[WARN] [1786349539.521284846] [coord_transform]: Outlier rejected #4 (jumped 1560.0mm). Ignoring.
[INFO] [1786349539.555844052] [coord_transform]: Too many outliers (5). Resetting filter to new position.
[WARN] [1786349542.553366087] [coord_transform]: Outlier rejected #1 (jumped 669.4mm). Ignoring.
[WARN] [1786349542.586447917] [coord_transform]: Outlier rejected #2 (jumped 657.4mm). Ignoring.
[WARN] [1786349542.622942612] [coord_transform]: Outlier rejected #3 (jumped 604.9mm). Ignoring.
[WARN] [1786349542.655226136] [coord_transform]: Outlier rejected #4 (jumped 517.7mm). Ignoring.
[INFO] [1786349542.691575827] [coord_transform]: Too many outliers (5). Resetting filter to new position.
[WARN] [1786349543.419896306] [coord_transform]: Outlier rejected #1 (jumped 640.4mm). Ignoring.
[WARN] [1786349543.457625688] [coord_transform]: Outlier rejected #2 (jumped 697.3mm). Ignoring.
[WARN] [1786349543.489789707] [coord_transform]: Outlier rejected #3 (jumped 741.2mm). Ignoring.
[WARN] [1786349543.524647916] [coord_transform]: Outlier rejected #4 (jumped 787.5mm). Ignoring.
[INFO] [1786349543.556660379] [coord_transform]: Too many outliers (5). Resetting filter to new position.
[WARN] [1786349543.798587519] [coord_transform]: Outlier rejected #1 (jumped 1395.0mm). Ignoring.
[WARN] [1786349543.824899664] [coord_transform]: Outlier rejected #2 (jumped 1326.3mm). Ignoring.
[WARN] [1786349543.858960579] [coord_transform]: Outlier rejected #3 (jumped 1314.3mm). Ignoring.
[WARN] [1786349543.890682624] [coord_transform]: Outlier rejected #4 (jumped 1303.3mm). Ignoring.
[INFO] [1786349543.923379829] [coord_transform]: Too many outliers (5). Resetting filter to new position.
[WARN] [1786349551.896459222] [coord_transform]: Outlier rejected #1 (jumped 456.5mm). Ignoring.
[WARN] [1786349551.928111816] [coord_transform]: Outlier rejected #2 (jumped 521.2mm). Ignoring.
[INFO] [1786349553.594642004] [coord_transform]: Deadband: HOLD at (0.032, 0.015, 0.015)
[WARN] [1786349554.731608051] [coord_transform]: Outlier rejected #1 (jumped 430.1mm). Ignoring.
[WARN] [1786349554.766541621] [coord_transform]: Outlier rejected #2 (jumped 363.7mm). Ignoring.
[WARN] [1786349554.799081477] [coord_transform]: Outlier rejected #3 (jumped 334.3mm). Ignoring.
[WARN] [1786349554.832412515] [coord_transform]: Outlier rejected #4 (jumped 322.0mm). Ignoring.
[INFO] [1786349554.866949437] [coord_transform]: Too many outliers (5). Resetting filter to new position.
[INFO] [1786349554.963920344] [coord_transform]: Deadband: RELEASE — motion detected
[WARN] [1786349555.097955256] [coord_transform]: Outlier rejected #1 (jumped 279.1mm). Ignoring.
[WARN] [1786349555.130171312] [coord_transform]: Outlier rejected #2 (jumped 285.1mm). Ignoring.
[WARN] [1786349558.102833044] [coord_transform]: Outlier rejected #3 (jumped 302.5mm). Ignoring.
[WARN] [1786349558.132266372] [coord_transform]: Outlier rejected #4 (jumped 323.9mm). Ignoring.
[INFO] [1786349558.166236064] [coord_transform]: Too many outliers (5). Resetting filter to new position.
[WARN] [1786349558.769840519] [coord_transform]: Outlier rejected #1 (jumped 165.7mm). Ignoring.
[INFO] [1786349559.601901262] [coord_transform]: Deadband: HOLD at (0.032, 0.015, 0.015)
[INFO] [1786349565.507498196] [coord_transform]: Deadband: RELEASE — motion detected
[INFO] [1786349570.675877305] [coord_transform]: Deadband: HOLD at (0.032, 0.015, 0.015)
[INFO] [1786349593.590670827] [coord_transform]: Deadband: RELEASE — motion detected
[INFO] [1786349601.095565282] [coord_transform]: Deadband: HOLD at (0.032, 0.015, 0.015)
[INFO] [1786349611.591634000] [coord_transform]: Captured Init Pose! P_init=(-0.072, 0.979, 0.364), Cam_init=(0.057, 0.031, -0.019), Noise_Tol=30.1mm
Orientation=(0.998, 0.064, -0.000, 0.000)
[INFO] [1786349613.626246118] [coord_transform]: Trạng thái tracking: STOPPED
[INFO] [1786349641.380785130] [coord_transform]: Re-sync camera init: [ 0.054  0.038 -0.021]
[INFO] [1786349641.381043156] [coord_transform]: Trạng thái tracking: RUNNING
[INFO] [1786349641.480840809] [coord_transform]: [SNAP ON] Tay thực tế đứng yên. Ép dừng robot (GRU đang lệch 0.0cm).
[INFO] [1786349641.481426262] [coord_transform]: [TARGET ZONE] T1 ở gần: 21.6cm (Cần đẩy thêm vào < 8.0cm để snap)
[INFO] [1786349641.482460002] [coord_transform]: [PREDICTION] Transform: cam[ 0.054  0.038 -0.021] → base[-0.072  0.979  0.364]
[INFO] [1786349642.525902726] [coord_transform]: [TARGET ZONE] T1 ở gần: 21.6cm (Cần đẩy thêm vào < 8.0cm để snap)
[INFO] [1786349643.212440873] [coord_transform]: Deadband: RELEASE — motion detected
[INFO] [1786349643.246199449] [coord_transform]: [SNAP OFF] Tay di chuyển lại. Trả quyền cho GRU.
[INFO] [1786349643.517231455] [coord_transform]: [PREDICTION] Transform: cam[ 0.054  0.038 -0.021] → base[-0.072  0.979  0.364]
[INFO] [1786349643.578160627] [coord_transform]: [TARGET ZONE] T1 ở gần: 21.6cm (Cần đẩy thêm vào < 8.0cm để snap)
[INFO] [1786349645.552402722] [coord_transform]: [PREDICTION] Transform: cam[-0.036  0.227  0.157] → base[0.018 1.168 0.542]
[WARN] [1786349645.836656796] [coord_transform]: Outlier rejected #1 (jumped 246.6mm). Ignoring.
[WARN] [1786349646.420679240] [coord_transform]: Tọa độ bị clamp: [0.0722095  1.30434392 0.55472071] → [0.0722095  1.3        0.55472071]
[WARN] [1786349647.426267314] [coord_transform]: Tọa độ bị clamp: [0.10167569 1.5158321  0.54977579] → [0.10167569 1.3        0.54977579]
[INFO] [1786349647.563392861] [coord_transform]: [PREDICTION] Transform: cam[-0.12   0.575  0.165] → base[0.102 1.3   0.55 ]
[WARN] [1786349648.426699895] [coord_transform]: Tọa độ bị clamp: [0.09511339 1.53050649 0.53234554] → [0.09511339 1.3        0.53234554]
[WARN] [1786349649.428459395] [coord_transform]: Tọa độ bị clamp: [0.07015753 1.58631188 0.46605983] → [0.07015753 1.3        0.46605983]
[INFO] [1786349649.597691222] [coord_transform]: [PREDICTION] Transform: cam[-0.083  0.656  0.068] → base[0.065 1.3   0.453]
[WARN] [1786349650.459376535] [coord_transform]: Tọa độ bị clamp: [0.04511661 1.64230751 0.39954817] → [0.04511661 1.3        0.39954817]
[WARN] [1786349651.496922118] [coord_transform]: Tọa độ bị clamp: [0.03961714 1.65460522 0.38494094] → [0.03961714 1.3        0.38494094]
[INFO] [1786349651.630571720] [coord_transform]: [PREDICTION] Transform: cam[-0.058  0.714  0.   ] → base[0.04  1.3   0.385]
[WARN] [1786349652.528226863] [coord_transform]: Tọa độ bị clamp: [0.03961714 1.65460522 0.38494094] → [0.03961714 1.3        0.38494094]
[WARN] [1786349653.562015719] [coord_transform]: Tọa độ bị clamp: [0.03961714 1.65460522 0.38494094] → [0.03961714 1.3        0.38494094]
[INFO] [1786349653.662135436] [coord_transform]: [PREDICTION] Transform: cam[-0.058  0.714  0.   ] → base[0.04  1.3   0.385]
[WARN] [1786349654.562556509] [coord_transform]: Tọa độ bị clamp: [0.03961714 1.65460522 0.38494094] → [0.03961714 1.3        0.38494094]
[WARN] [1786349655.592817238] [coord_transform]: Tọa độ bị clamp: [0.03961714 1.65460522 0.38494094] → [0.03961714 1.3        0.38494094]
[INFO] [1786349655.692964757] [coord_transform]: [PREDICTION] Transform: cam[-0.058  0.714  0.   ] → base[0.04  1.3   0.385]
[WARN] [1786349656.593654292] [coord_transform]: Tọa độ bị clamp: [0.03961714 1.65460522 0.38494094] → [0.03961714 1.3        0.38494094]
[WARN] [1786349657.626003994] [coord_transform]: Tọa độ bị clamp: [0.03961714 1.65460522 0.38494094] → [0.03961714 1.3        0.38494094]
[INFO] [1786349657.693817613] [coord_transform]: [PREDICTION] Transform: cam[-0.058  0.714  0.   ] → base[0.04  1.3   0.385]
[INFO] [1786349657.796889345] [coord_transform]: Trạng thái tracking: STOPPED
[INFO] [1786349658.568014678] [coord_transform]: Trạng thái tracking: STOPPED
[WARN] [1786349691.493846160] [coord_transform]: Outlier rejected #1 (jumped 1741.9mm). Ignoring.
[WARN] [1786349691.520497474] [coord_transform]: Outlier rejected #2 (jumped 1734.4mm). Ignoring.
[WARN] [1786349691.583744108] [coord_transform]: Outlier rejected #3 (jumped 1729.6mm). Ignoring.
[WARN] [1786349706.854994966] [coord_transform]: Outlier rejected #4 (jumped 1423.3mm). Ignoring.
[INFO] [1786349707.314695107] [coord_transform]: Too many outliers (5). Resetting filter to new position.
[WARN] [1786349720.086650224] [coord_transform]: Outlier rejected #1 (jumped 311.2mm). Ignoring.
[WARN] [1786349722.088755350] [coord_transform]: Outlier rejected #2 (jumped 358.5mm). Ignoring.
[WARN] [1786349723.395261487] [coord_transform]: Outlier rejected #3 (jumped 480.8mm). Ignoring.
[WARN] [1786349723.544943260] [coord_transform]: Outlier rejected #4 (jumped 456.4mm). Ignoring.
[INFO] [1786349723.647494936] [coord_transform]: Too many outliers (5). Resetting filter to new position.
[WARN] [1786349748.926227314] [coord_transform]: Outlier rejected #1 (jumped 379.3mm). Ignoring.
[WARN] [1786349749.674555888] [coord_transform]: Outlier rejected #2 (jumped 345.9mm). Ignoring.
[WARN] [1786349749.908920249] [coord_transform]: Outlier rejected #3 (jumped 231.2mm). Ignoring.
[WARN] [1786349750.073901144] [coord_transform]: Outlier rejected #4 (jumped 277.0mm). Ignoring.
[INFO] [1786349750.109828140] [coord_transform]: Too many outliers (5). Resetting filter to new position.
[WARN] [1786349750.175006958] [coord_transform]: Outlier rejected #1 (jumped 219.9mm). Ignoring.
[WARN] [1786349750.511948296] [coord_transform]: Outlier rejected #1 (jumped 391.6mm). Ignoring.
[WARN] [1786349750.543722173] [coord_transform]: Outlier rejected #2 (jumped 169.8mm). Ignoring.
[WARN] [1786349750.977454671] [coord_transform]: Outlier rejected #3 (jumped 295.4mm). Ignoring.
[WARN] [1786349751.508110228] [coord_transform]: Outlier rejected #1 (jumped 240.9mm). Ignoring.
[WARN] [1786349751.606980137] [coord_transform]: Outlier rejected #1 (jumped 178.1mm). Ignoring.
[WARN] [1786349751.779102324] [coord_transform]: Outlier rejected #1 (jumped 156.4mm). Ignoring.
[WARN] [1786349752.076575480] [coord_transform]: Outlier rejected #2 (jumped 191.6mm). Ignoring.
[WARN] [1786349752.644101570] [coord_transform]: Outlier rejected #1 (jumped 300.1mm). Ignoring.
[WARN] [1786349752.777333004] [coord_transform]: Outlier rejected #1 (jumped 221.8mm). Ignoring.
[WARN] [1786349752.909099386] [coord_transform]: Outlier rejected #1 (jumped 211.3mm). Ignoring.
[WARN] [1786349752.945703228] [coord_transform]: Outlier rejected #2 (jumped 273.8mm). Ignoring.
[WARN] [1786349752.975187308] [coord_transform]: Outlier rejected #3 (jumped 263.5mm). Ignoring.
[WARN] [1786349753.576500589] [coord_transform]: Outlier rejected #1 (jumped 156.1mm). Ignoring.
[WARN] [1786349753.678299720] [coord_transform]: Outlier rejected #1 (jumped 277.7mm). Ignoring.
[WARN] [1786349756.448245755] [coord_transform]: Outlier rejected #1 (jumped 150.1mm). Ignoring.
[WARN] [1786349756.478826713] [coord_transform]: Outlier rejected #2 (jumped 209.8mm). Ignoring.
[WARN] [1786349756.913633702] [coord_transform]: Outlier rejected #3 (jumped 205.2mm). Ignoring.
[WARN] [1786349757.746537466] [coord_transform]: Outlier rejected #1 (jumped 222.5mm). Ignoring.
[WARN] [1786349757.812235202] [coord_transform]: Outlier rejected #1 (jumped 164.6mm). Ignoring.
[WARN] [1786349757.845389169] [coord_transform]: Outlier rejected #2 (jumped 161.1mm). Ignoring.
[WARN] [1786349757.881094838] [coord_transform]: Outlier rejected #3 (jumped 191.9mm). Ignoring.
[WARN] [1786349758.112513311] [coord_transform]: Outlier rejected #1 (jumped 309.8mm). Ignoring.
[WARN] [1786349758.148021196] [coord_transform]: Outlier rejected #2 (jumped 342.9mm). Ignoring.
[WARN] [1786349758.547828666] [coord_transform]: Outlier rejected #1 (jumped 197.9mm). Ignoring.
[WARN] [1786349759.382070730] [coord_transform]: Outlier rejected #1 (jumped 266.8mm). Ignoring.
[WARN] [1786349759.881441515] [coord_transform]: Outlier rejected #1 (jumped 349.3mm). Ignoring.
[WARN] [1786349760.015436516] [coord_transform]: Outlier rejected #1 (jumped 211.6mm). Ignoring.
[WARN] [1786349760.084879241] [coord_transform]: Outlier rejected #2 (jumped 152.9mm). Ignoring.
[WARN] [1786349760.179671862] [coord_transform]: Outlier rejected #3 (jumped 208.2mm). Ignoring.
[WARN] [1786349760.313532120] [coord_transform]: Outlier rejected #1 (jumped 174.6mm). Ignoring.
[WARN] [1786349760.481147668] [coord_transform]: Outlier rejected #1 (jumped 154.5mm). Ignoring.
[WARN] [1786349760.555139068] [coord_transform]: Outlier rejected #2 (jumped 202.3mm). Ignoring.
[WARN] [1786349760.715292209] [coord_transform]: Outlier rejected #1 (jumped 160.8mm). Ignoring.
[WARN] [1786349760.816113104] [coord_transform]: Outlier rejected #1 (jumped 228.9mm). Ignoring.
[WARN] [1786349761.162901196] [coord_transform]: Outlier rejected #1 (jumped 189.6mm). Ignoring.
[WARN] [1786349761.458701413] [coord_transform]: Outlier rejected #1 (jumped 309.5mm). Ignoring.
[WARN] [1786349761.484599943] [coord_transform]: Outlier rejected #2 (jumped 273.7mm). Ignoring.
[WARN] [1786349761.514572764] [coord_transform]: Outlier rejected #3 (jumped 386.3mm). Ignoring.
[WARN] [1786349762.382926637] [coord_transform]: Outlier rejected #1 (jumped 201.2mm). Ignoring.
[WARN] [1786349762.450392615] [coord_transform]: Outlier rejected #1 (jumped 186.6mm). Ignoring.
[WARN] [1786349762.516731700] [coord_transform]: Outlier rejected #2 (jumped 242.7mm). Ignoring.
[WARN] [1786349762.548640941] [coord_transform]: Outlier rejected #3 (jumped 273.6mm). Ignoring.
[WARN] [1786349762.657169365] [coord_transform]: Outlier rejected #4 (jumped 228.6mm). Ignoring.
[WARN] [1786349763.516213787] [coord_transform]: Outlier rejected #1 (jumped 351.7mm). Ignoring.
[WARN] [1786349763.552282609] [coord_transform]: Outlier rejected #2 (jumped 195.3mm). Ignoring.
[WARN] [1786349763.653753379] [coord_transform]: Outlier rejected #1 (jumped 155.7mm). Ignoring.
[WARN] [1786349769.321011790] [coord_transform]: Outlier rejected #2 (jumped 378.9mm). Ignoring.
[WARN] [1786349770.722284583] [coord_transform]: Outlier rejected #3 (jumped 352.1mm). Ignoring.
[WARN] [1786349773.156576731] [coord_transform]: Outlier rejected #1 (jumped 198.7mm). Ignoring.
[WARN] [1786349773.893792492] [coord_transform]: Outlier rejected #2 (jumped 167.6mm). Ignoring.
[WARN] [1786349774.459437302] [coord_transform]: Outlier rejected #3 (jumped 223.7mm). Ignoring.
[WARN] [1786349774.858009501] [coord_transform]: Outlier rejected #1 (jumped 174.5mm). Ignoring.
[WARN] [1786349775.392281761] [coord_transform]: Outlier rejected #2 (jumped 153.8mm). Ignoring.
[WARN] [1786349775.458759104] [coord_transform]: Outlier rejected #1 (jumped 373.8mm). Ignoring.
[WARN] [1786349775.495069000] [coord_transform]: Outlier rejected #2 (jumped 318.6mm). Ignoring.
[WARN] [1786349775.758849940] [coord_transform]: Outlier rejected #1 (jumped 398.5mm). Ignoring.
[WARN] [1786349775.793487504] [coord_transform]: Outlier rejected #2 (jumped 249.2mm). Ignoring.
[WARN] [1786349775.826412208] [coord_transform]: Outlier rejected #3 (jumped 502.4mm). Ignoring.
[WARN] [1786349775.860602900] [coord_transform]: Outlier rejected #4 (jumped 434.6mm). Ignoring.
[INFO] [1786349776.080104892] [coord_transform]: Too many outliers (5). Resetting filter to new position.
[WARN] [1786349776.246741129] [coord_transform]: Outlier rejected #1 (jumped 558.4mm). Ignoring.
[WARN] [1786349927.950048467] [coord_transform]: Outlier rejected #1 (jumped 581.1mm). Ignoring.
[WARN] [1786349928.082482678] [coord_transform]: Outlier rejected #2 (jumped 345.2mm). Ignoring.
[WARN] [1786349933.325848295] [coord_transform]: Outlier rejected #3 (jumped 290.7mm). Ignoring.
[WARN] [1786349933.352484819] [coord_transform]: Outlier rejected #4 (jumped 392.2mm). Ignoring.
[INFO] [1786349933.382904484] [coord_transform]: Too many outliers (5). Resetting filter to new position.
[WARN] [1786349953.937568151] [coord_transform]: Outlier rejected #1 (jumped 325.4mm). Ignoring.
[WARN] [1786349953.965523350] [coord_transform]: Outlier rejected #2 (jumped 425.7mm). Ignoring.
[WARN] [1786349953.994223122] [coord_transform]: Outlier rejected #3 (jumped 336.8mm). Ignoring.
[WARN] [1786349954.068627417] [coord_transform]: Outlier rejected #4 (jumped 414.7mm). Ignoring.
[INFO] [1786349954.096161341] [coord_transform]: Too many outliers (5). Resetting filter to new position.
[WARN] [1786350016.144476821] [coord_transform]: Outlier rejected #1 (jumped 456.0mm). Ignoring.
[WARN] [1786350016.247097919] [coord_transform]: Outlier rejected #2 (jumped 454.7mm). Ignoring.
[WARN] [1786350016.315909848] [coord_transform]: Outlier rejected #3 (jumped 435.4mm). Ignoring.
[WARN] [1786350016.340802734] [coord_transform]: Outlier rejected #4 (jumped 439.7mm). Ignoring.
[INFO] [1786350016.413218114] [coord_transform]: Too many outliers (5). Resetting filter to new position.
[WARN] [1786350016.439736482] [coord_transform]: Outlier rejected #1 (jumped 191.2mm). Ignoring.
[WARN] [1786350016.974905156] [coord_transform]: Outlier rejected #1 (jumped 394.8mm). Ignoring.
[WARN] [1786350017.002119396] [coord_transform]: Outlier rejected #2 (jumped 415.8mm). Ignoring.
[WARN] [1786350017.026707537] [coord_transform]: Outlier rejected #3 (jumped 407.4mm). Ignoring.
[WARN] [1786350017.091342373] [coord_transform]: Outlier rejected #4 (jumped 410.0mm). Ignoring.
[INFO] [1786350017.290448044] [coord_transform]: Too many outliers (5). Resetting filter to new position.
[WARN] [1786350018.672782334] [coord_transform]: Outlier rejected #1 (jumped 1951.6mm). Ignoring.
[WARN] [1786350018.707231259] [coord_transform]: Outlier rejected #2 (jumped 1964.4mm). Ignoring.
[WARN] [1786350018.738860179] [coord_transform]: Outlier rejected #3 (jumped 1965.4mm). Ignoring.
[WARN] [1786350018.770078546] [coord_transform]: Outlier rejected #4 (jumped 1961.2mm). Ignoring.
[INFO] [1786350018.803308724] [coord_transform]: Too many outliers (5). Resetting filter to new position.
[WARN] [1786350023.444171336] [coord_transform]: Outlier rejected #1 (jumped 448.9mm). Ignoring.
[WARN] [1786350023.474702998] [coord_transform]: Outlier rejected #2 (jumped 461.6mm). Ignoring.
[WARN] [1786350023.507277039] [coord_transform]: Outlier rejected #3 (jumped 482.1mm). Ignoring.
[WARN] [1786350023.540855143] [coord_transform]: Outlier rejected #4 (jumped 506.8mm). Ignoring.
[INFO] [1786350023.574224603] [coord_transform]: Too many outliers (5). Resetting filter to new position.
[WARN] [1786350023.990885023] [coord_transform]: Outlier rejected #1 (jumped 466.1mm). Ignoring.
[WARN] [1786350024.016905904] [coord_transform]: Outlier rejected #2 (jumped 442.6mm). Ignoring.
[WARN] [1786350024.042534616] [coord_transform]: Outlier rejected #3 (jumped 469.0mm). Ignoring.
[WARN] [1786350024.074433084] [coord_transform]: Outlier rejected #4 (jumped 477.1mm). Ignoring.
[INFO] [1786350024.108884774] [coord_transform]: Too many outliers (5). Resetting filter to new position.
[WARN] [1786350024.339744159] [coord_transform]: Outlier rejected #1 (jumped 155.0mm). Ignoring.
[WARN] [1786350024.375737895] [coord_transform]: Outlier rejected #2 (jumped 174.2mm). Ignoring.
[WARN] [1786350024.655052552] [coord_transform]: Outlier rejected #3 (jumped 265.3mm). Ignoring.
[WARN] [1786350024.682852656] [coord_transform]: Outlier rejected #4 (jumped 297.1mm). Ignoring.
[WARN] [1786350027.057980564] [coord_transform]: Outlier rejected #1 (jumped 421.1mm). Ignoring.
[WARN] [1786350027.891725609] [coord_transform]: Outlier rejected #1 (jumped 2644.0mm). Ignoring.
[WARN] [1786350028.021940171] [coord_transform]: Outlier rejected #2 (jumped 300.3mm). Ignoring.
[WARN] [1786350028.049390536] [coord_transform]: Outlier rejected #3 (jumped 235.4mm). Ignoring.
[WARN] [1786350028.078767181] [coord_transform]: Outlier rejected #4 (jumped 299.1mm). Ignoring.
[INFO] [1786350028.155521046] [coord_transform]: Too many outliers (5). Resetting filter to new position.
[WARN] [1786350029.714465440] [coord_transform]: Outlier rejected #1 (jumped 374.4mm). Ignoring.
[WARN] [1786350029.748709208] [coord_transform]: Outlier rejected #2 (jumped 402.0mm). Ignoring.
[WARN] [1786350029.779291716] [coord_transform]: Outlier rejected #3 (jumped 404.2mm). Ignoring.
[WARN] [1786350030.192816203] [coord_transform]: Outlier rejected #4 (jumped 395.6mm). Ignoring.
[INFO] [1786350030.220689434] [coord_transform]: Too many outliers (5). Resetting filter to new position.
[WARN] [1786350063.014410720] [coord_transform]: Outlier rejected #1 (jumped 1799.1mm). Ignoring.
[WARN] [1786350063.366714534] [coord_transform]: Outlier rejected #2 (jumped 1815.1mm). Ignoring.
[WARN] [1786350064.502590454] [coord_transform]: Outlier rejected #3 (jumped 1937.5mm). Ignoring.
[WARN] [1786350065.450018735] [coord_transform]: Outlier rejected #4 (jumped 1951.1mm). Ignoring.
[INFO] [1786350065.632045537] [coord_transform]: Too many outliers (5). Resetting filter to new position.
[WARN] [1786350065.882019011] [coord_transform]: Outlier rejected #1 (jumped 191.8mm). Ignoring.
[WARN] [1786350066.434604015] [coord_transform]: Outlier rejected #2 (jumped 181.1mm). Ignoring.
[WARN] [1786350067.082826202] [coord_transform]: Outlier rejected #3 (jumped 480.5mm). Ignoring.
[WARN] [1786350067.112664591] [coord_transform]: Outlier rejected #4 (jumped 553.3mm). Ignoring.
[INFO] [1786350073.233068759] [coord_transform]: Too many outliers (5). Resetting filter to new position.
[WARN] [1786350073.392355255] [coord_transform]: Outlier rejected #1 (jumped 306.9mm). Ignoring.
[WARN] [1786350074.462524420] [coord_transform]: Outlier rejected #2 (jumped 302.5mm). Ignoring.
[WARN] [1786350074.888506444] [coord_transform]: Outlier rejected #3 (jumped 412.7mm). Ignoring.
[WARN] [1786350075.602483696] [coord_transform]: Outlier rejected #4 (jumped 357.4mm). Ignoring.
[INFO] [1786350075.627695839] [coord_transform]: Too many outliers (5). Resetting filter to new position.
[WARN] [1786350076.617276097] [coord_transform]: Outlier rejected #1 (jumped 433.2mm). Ignoring.
[WARN] [1786350076.899203304] [coord_transform]: Outlier rejected #2 (jumped 280.2mm). Ignoring.
[WARN] [1786350077.165971902] [coord_transform]: Outlier rejected #3 (jumped 326.0mm). Ignoring.
[WARN] [1786350077.432345750] [coord_transform]: Outlier rejected #4 (jumped 219.1mm). Ignoring.
[INFO] [1786350080.497242519] [coord_transform]: Too many outliers (5). Resetting filter to new position.
[WARN] [1786350080.867131257] [coord_transform]: Outlier rejected #1 (jumped 165.1mm). Ignoring.
[WARN] [1786350081.875328544] [coord_transform]: Outlier rejected #1 (jumped 449.7mm). Ignoring.
[WARN] [1786350082.003852255] [coord_transform]: Outlier rejected #2 (jumped 552.6mm). Ignoring.
[WARN] [1786350110.279033258] [coord_transform]: Outlier rejected #3 (jumped 213.0mm). Ignoring.
[WARN] [1786350110.306917888] [coord_transform]: Outlier rejected #4 (jumped 208.4mm). Ignoring.
[INFO] [1786350111.050113959] [coord_transform]: Too many outliers (5). Resetting filter to new position.
[WARN] [1786350111.914837680] [coord_transform]: Outlier rejected #1 (jumped 161.4mm). Ignoring.
[WARN] [1786350120.757900457] [coord_transform]: Outlier rejected #1 (jumped 186.5mm). Ignoring.
[WARN] [1786350120.907710202] [coord_transform]: Outlier rejected #2 (jumped 395.4mm). Ignoring.
[WARN] [1786350121.618724186] [coord_transform]: Outlier rejected #1 (jumped 168.9mm). Ignoring.
[WARN] [1786350123.658709900] [coord_transform]: Outlier rejected #1 (jumped 192.3mm). Ignoring.
[WARN] [1786350125.896125854] [coord_transform]: Outlier rejected #2 (jumped 166.7mm). Ignoring.
[WARN] [1786350128.492817574] [coord_transform]: Outlier rejected #3 (jumped 171.2mm). Ignoring.
[WARN] [1786350130.798381052] [coord_transform]: Outlier rejected #1 (jumped 405.7mm). Ignoring.
[WARN] [1786350141.208635320] [coord_transform]: Outlier rejected #1 (jumped 197.2mm). Ignoring.
[WARN] [1786350152.384677753] [coord_transform]: Outlier rejected #1 (jumped 160.4mm). Ignoring.
[WARN] [1786350152.555732382] [coord_transform]: Outlier rejected #2 (jumped 400.6mm). Ignoring.
[WARN] [1786350153.179377170] [coord_transform]: Outlier rejected #3 (jumped 150.6mm). Ignoring.
[WARN] [1786350153.337890370] [coord_transform]: Outlier rejected #4 (jumped 215.4mm). Ignoring.
[WARN] [1786350154.176103679] [coord_transform]: Outlier rejected #1 (jumped 235.6mm). Ignoring.
[WARN] [1786350154.321732716] [coord_transform]: Outlier rejected #2 (jumped 198.5mm). Ignoring.
[WARN] [1786350154.677410329] [coord_transform]: Outlier rejected #3 (jumped 205.4mm). Ignoring.
[WARN] [1786350156.441903537] [coord_transform]: Outlier rejected #1 (jumped 288.9mm). Ignoring.
[WARN] [1786350157.546108029] [coord_transform]: Outlier rejected #2 (jumped 442.0mm). Ignoring.
[WARN] [1786350157.713975519] [coord_transform]: Outlier rejected #1 (jumped 161.2mm). Ignoring.
[WARN] [1786350158.218312248] [coord_transform]: Outlier rejected #1 (jumped 179.9mm). Ignoring.
[WARN] [1786350160.401639805] [coord_transform]: Outlier rejected #1 (jumped 226.0mm). Ignoring.
[WARN] [1786350160.807026593] [coord_transform]: Outlier rejected #2 (jumped 257.9mm). Ignoring.
[WARN] [1786350163.895054543] [coord_transform]: Outlier rejected #1 (jumped 322.7mm). Ignoring.
[WARN] [1786350164.819638217] [coord_transform]: Outlier rejected #2 (jumped 181.3mm). Ignoring.
[WARN] [1786350165.939273694] [coord_transform]: Outlier rejected #3 (jumped 166.3mm). Ignoring.
[WARN] [1786350166.639281847] [coord_transform]: Outlier rejected #4 (jumped 218.3mm). Ignoring.
[INFO] [1786350167.844862941] [coord_transform]: Too many outliers (5). Resetting filter to new position.
[WARN] [1786350168.132914554] [coord_transform]: Outlier rejected #1 (jumped 177.3mm). Ignoring.
[WARN] [1786350168.205218437] [coord_transform]: Outlier rejected #2 (jumped 193.4mm). Ignoring.
[WARN] [1786350169.367378781] [coord_transform]: Outlier rejected #1 (jumped 197.6mm). Ignoring.
[WARN] [1786350170.758441145] [coord_transform]: Outlier rejected #1 (jumped 152.2mm). Ignoring.
[WARN] [1786350172.622652014] [coord_transform]: Outlier rejected #1 (jumped 355.1mm). Ignoring.
[WARN] [1786350172.864734379] [coord_transform]: Outlier rejected #1 (jumped 386.3mm). Ignoring.
[WARN] [1786350172.997100109] [coord_transform]: Outlier rejected #2 (jumped 226.2mm). Ignoring.
[WARN] [1786350173.866738612] [coord_transform]: Outlier rejected #1 (jumped 350.0mm). Ignoring.
[WARN] [1786350174.214612818] [coord_transform]: Outlier rejected #1 (jumped 194.0mm). Ignoring.
[WARN] [1786350174.438799639] [coord_transform]: Outlier rejected #1 (jumped 220.4mm). Ignoring.
[WARN] [1786350175.593552213] [coord_transform]: Outlier rejected #1 (jumped 446.9mm). Ignoring.
[WARN] [1786350180.442037209] [coord_transform]: Outlier rejected #1 (jumped 221.5mm). Ignoring.
[WARN] [1786350180.522648550] [coord_transform]: Outlier rejected #2 (jumped 161.3mm). Ignoring.
[WARN] [1786350182.810531598] [coord_transform]: Outlier rejected #1 (jumped 260.6mm). Ignoring.
[WARN] [1786350184.332180921] [coord_transform]: Outlier rejected #1 (jumped 188.3mm). Ignoring.
[WARN] [1786350184.651385715] [coord_transform]: Outlier rejected #2 (jumped 152.1mm). Ignoring.
[WARN] [1786350184.756348802] [coord_transform]: Outlier rejected #3 (jumped 217.7mm). Ignoring.
[WARN] [1786350185.222100349] [coord_transform]: Outlier rejected #4 (jumped 291.8mm). Ignoring.
[WARN] [1786350186.910790967] [coord_transform]: Outlier rejected #1 (jumped 462.0mm). Ignoring.
[WARN] [1786350186.958707194] [coord_transform]: Outlier rejected #2 (jumped 463.4mm). Ignoring.
[WARN] [1786350187.949913849] [coord_transform]: Outlier rejected #3 (jumped 461.8mm). Ignoring.
[WARN] [1786350188.101692384] [coord_transform]: Outlier rejected #4 (jumped 500.5mm). Ignoring.
[INFO] [1786350188.502018316] [coord_transform]: Too many outliers (5). Resetting filter to new position.
[WARN] [1786350244.560681948] [coord_transform]: Outlier rejected #1 (jumped 1446.4mm). Ignoring.
[WARN] [1786350244.593143202] [coord_transform]: Outlier rejected #2 (jumped 1403.8mm). Ignoring.
[WARN] [1786350244.626510175] [coord_transform]: Outlier rejected #3 (jumped 1364.4mm). Ignoring.
[WARN] [1786350244.661893232] [coord_transform]: Outlier rejected #4 (jumped 1261.2mm). Ignoring.
[INFO] [1786350244.694392717] [coord_transform]: Too many outliers (5). Resetting filter to new position.
[WARN] [1786350245.162334980] [coord_transform]: Outlier rejected #1 (jumped 924.4mm). Ignoring.
[WARN] [1786350245.194136153] [coord_transform]: Outlier rejected #2 (jumped 671.3mm). Ignoring.
[WARN] [1786350245.227404324] [coord_transform]: Outlier rejected #3 (jumped 724.4mm). Ignoring.
[WARN] [1786350245.264923029] [coord_transform]: Outlier rejected #4 (jumped 908.7mm). Ignoring.
[INFO] [1786350245.295572048] [coord_transform]: Too many outliers (5). Resetting filter to new position.
[WARN] [1786350245.328699479] [coord_transform]: Outlier rejected #1 (jumped 760.7mm). Ignoring.
[WARN] [1786350245.361615548] [coord_transform]: Outlier rejected #2 (jumped 907.0mm). Ignoring.
[WARN] [1786350245.395095291] [coord_transform]: Outlier rejected #3 (jumped 919.5mm). Ignoring.
[WARN] [1786350245.427986764] [coord_transform]: Outlier rejected #4 (jumped 897.3mm). Ignoring.
[INFO] [1786350245.461289208] [coord_transform]: Too many outliers (5). Resetting filter to new position.
[WARN] [1786350247.331594087] [coord_transform]: Outlier rejected #1 (jumped 168.2mm). Ignoring.
[WARN] [1786350247.364040149] [coord_transform]: Outlier rejected #2 (jumped 208.4mm). Ignoring.
[WARN] [1786350247.397688478] [coord_transform]: Outlier rejected #3 (jumped 238.9mm). Ignoring.
[WARN] [1786350247.429506646] [coord_transform]: Outlier rejected #4 (jumped 302.5mm). Ignoring.
[INFO] [1786350247.463717667] [coord_transform]: Too many outliers (5). Resetting filter to new position.
[WARN] [1786350249.866731782] [coord_transform]: Outlier rejected #1 (jumped 370.9mm). Ignoring.
[WARN] [1786350249.901360780] [coord_transform]: Outlier rejected #2 (jumped 389.7mm). Ignoring.
[WARN] [1786350249.929169815] [coord_transform]: Outlier rejected #3 (jumped 401.8mm). Ignoring.
[WARN] [1786350249.969899825] [coord_transform]: Outlier rejected #4 (jumped 423.9mm). Ignoring.
[INFO] [1786350250.000945936] [coord_transform]: Too many outliers (5). Resetting filter to new position.
[WARN] [1786350250.253209303] [coord_transform]: Outlier rejected #1 (jumped 1474.0mm). Ignoring.
[WARN] [1786350267.178827989] [coord_transform]: Outlier rejected #1 (jumped 465.5mm). Ignoring.
[WARN] [1786350267.209354563] [coord_transform]: Outlier rejected #2 (jumped 460.1mm). Ignoring.
[WARN] [1786350267.243767471] [coord_transform]: Outlier rejected #3 (jumped 488.7mm). Ignoring.
[WARN] [1786350267.279051222] [coord_transform]: Outlier rejected #4 (jumped 492.6mm). Ignoring.
[INFO] [1786350267.313445285] [coord_transform]: Too many outliers (5). Resetting filter to new position.
[WARN] [1786350267.680127858] [coord_transform]: Outlier rejected #1 (jumped 178.6mm). Ignoring.
[WARN] [1786350267.714280452] [coord_transform]: Outlier rejected #2 (jumped 152.3mm). Ignoring.
[WARN] [1786350268.489143298] [coord_transform]: Outlier rejected #1 (jumped 419.5mm). Ignoring.
[WARN] [1786350268.727622843] [coord_transform]: Outlier rejected #2 (jumped 1883.4mm). Ignoring.
[WARN] [1786350268.754929151] [coord_transform]: Outlier rejected #3 (jumped 1835.2mm). Ignoring.
[WARN] [1786350298.108943811] [coord_transform]: Outlier rejected #4 (jumped 1388.0mm). Ignoring.
[INFO] [1786350298.133556910] [coord_transform]: Too many outliers (5). Resetting filter to new position.
[WARN] [1786350298.199626810] [coord_transform]: Outlier rejected #1 (jumped 474.3mm). Ignoring.
[WARN] [1786350298.279369920] [coord_transform]: Outlier rejected #2 (jumped 190.9mm). Ignoring.
[WARN] [1786350298.378649353] [coord_transform]: Outlier rejected #3 (jumped 277.8mm). Ignoring.
[WARN] [1786350298.497802026] [coord_transform]: Outlier rejected #1 (jumped 495.3mm). Ignoring.
[WARN] [1786350298.916055069] [coord_transform]: Outlier rejected #1 (jumped 556.4mm). Ignoring.
[WARN] [1786350298.978238781] [coord_transform]: Outlier rejected #2 (jumped 167.9mm). Ignoring.
[WARN] [1786350299.148826677] [coord_transform]: Outlier rejected #3 (jumped 504.9mm). Ignoring.
[WARN] [1786350299.454428079] [coord_transform]: Outlier rejected #4 (jumped 480.3mm). Ignoring.
[INFO] [1786350299.516252798] [coord_transform]: Too many outliers (5). Resetting filter to new position.
[WARN] [1786350299.684945830] [coord_transform]: Outlier rejected #1 (jumped 311.4mm). Ignoring.
[WARN] [1786350299.743994480] [coord_transform]: Outlier rejected #2 (jumped 491.7mm). Ignoring.
[WARN] [1786350299.846123623] [coord_transform]: Outlier rejected #3 (jumped 302.9mm). Ignoring.
[WARN] [1786350299.948342223] [coord_transform]: Outlier rejected #4 (jumped 432.6mm). Ignoring.
[INFO] [1786350300.015564363] [coord_transform]: Too many outliers (5). Resetting filter to new position.
[WARN] [1786350300.447508808] [coord_transform]: Outlier rejected #1 (jumped 260.7mm). Ignoring.
[WARN] [1786350300.554015335] [coord_transform]: Outlier rejected #2 (jumped 379.4mm). Ignoring.
[WARN] [1786350300.619297900] [coord_transform]: Outlier rejected #3 (jumped 458.8mm). Ignoring.
[WARN] [1786350300.722562434] [coord_transform]: Outlier rejected #4 (jumped 236.4mm). Ignoring.
[INFO] [1786350300.812881126] [coord_transform]: Too many outliers (5). Resetting filter to new position.
[WARN] [1786350300.857258636] [coord_transform]: Outlier rejected #1 (jumped 239.4mm). Ignoring.
[WARN] [1786350300.941730223] [coord_transform]: Outlier rejected #2 (jumped 186.2mm). Ignoring.
[WARN] [1786350301.039625109] [coord_transform]: Outlier rejected #3 (jumped 197.7mm). Ignoring.
[WARN] [1786350301.112699980] [coord_transform]: Outlier rejected #4 (jumped 180.8mm). Ignoring.
[WARN] [1786350301.412244715] [coord_transform]: Outlier rejected #1 (jumped 385.7mm). Ignoring.
[WARN] [1786350301.579294544] [coord_transform]: Outlier rejected #2 (jumped 471.9mm). Ignoring.
[WARN] [1786350301.604528499] [coord_transform]: Outlier rejected #3 (jumped 400.3mm). Ignoring.
[WARN] [1786350301.678839633] [coord_transform]: Outlier rejected #4 (jumped 408.6mm). Ignoring.
[INFO] [1786350301.706378614] [coord_transform]: Too many outliers (5). Resetting filter to new position.
[WARN] [1786350308.708049099] [coord_transform]: Outlier rejected #1 (jumped 1820.4mm). Ignoring.
[WARN] [1786350308.738234547] [coord_transform]: Outlier rejected #2 (jumped 1786.9mm). Ignoring.
[WARN] [1786350308.775351494] [coord_transform]: Outlier rejected #3 (jumped 1798.8mm). Ignoring.
[WARN] [1786350308.807911297] [coord_transform]: Outlier rejected #4 (jumped 1795.1mm). Ignoring.
[INFO] [1786350308.839708475] [coord_transform]: Too many outliers (5). Resetting filter to new position.
[WARN] [1786350314.248666267] [coord_transform]: Outlier rejected #1 (jumped 1717.7mm). Ignoring.
[WARN] [1786350314.611830729] [coord_transform]: Outlier rejected #2 (jumped 1810.3mm). Ignoring.
[WARN] [1786350314.644673946] [coord_transform]: Outlier rejected #3 (jumped 1736.2mm). Ignoring.
[WARN] [1786350314.677996121] [coord_transform]: Outlier rejected #4 (jumped 1605.1mm). Ignoring.
[INFO] [1786350314.707697108] [coord_transform]: Too many outliers (5). Resetting filter to new position.
[WARN] [1786350314.810426060] [coord_transform]: Outlier rejected #1 (jumped 329.8mm). Ignoring.
[WARN] [1786350314.986020366] [coord_transform]: Outlier rejected #2 (jumped 351.5mm). Ignoring.
[WARN] [1786350315.013125577] [coord_transform]: Outlier rejected #3 (jumped 363.5mm). Ignoring.
[WARN] [1786350315.048076526] [coord_transform]: Outlier rejected #4 (jumped 514.4mm). Ignoring.
[INFO] [1786350315.123680765] [coord_transform]: Too many outliers (5). Resetting filter to new position.
[WARN] [1786350315.190116542] [coord_transform]: Outlier rejected #1 (jumped 265.1mm). Ignoring.
[WARN] [1786350315.218767141] [coord_transform]: Outlier rejected #2 (jumped 316.9mm). Ignoring.
[WARN] [1786350315.247799138] [coord_transform]: Outlier rejected #3 (jumped 285.5mm). Ignoring.
[WARN] [1786350322.454724225] [coord_transform]: Outlier rejected #4 (jumped 456.9mm). Ignoring.
[INFO] [1786350322.516885219] [coord_transform]: Too many outliers (5). Resetting filter to new position.
[WARN] [1786350323.051248063] [coord_transform]: Outlier rejected #1 (jumped 204.4mm). Ignoring.
[WARN] [1786350323.083708051] [coord_transform]: Outlier rejected #2 (jumped 254.0mm). Ignoring.
[WARN] [1786350374.154931953] [coord_transform]: Outlier rejected #1 (jumped 532.9mm). Ignoring.
[WARN] [1786350375.386405620] [coord_transform]: Outlier rejected #2 (jumped 515.3mm). Ignoring.
[WARN] [1786350375.416885567] [coord_transform]: Outlier rejected #3 (jumped 513.2mm). Ignoring.
[WARN] [1786350375.451135668] [coord_transform]: Outlier rejected #4 (jumped 513.2mm). Ignoring.
[INFO] [1786350375.492319090] [coord_transform]: Too many outliers (5). Resetting filter to new position.
[WARN] [1786350376.355840490] [coord_transform]: Outlier rejected #1 (jumped 162.2mm). Ignoring.
[WARN] [1786350376.388463148] [coord_transform]: Outlier rejected #2 (jumped 376.3mm). Ignoring.
[WARN] [1786350376.421074165] [coord_transform]: Outlier rejected #3 (jumped 432.8mm). Ignoring.
[WARN] [1786350376.455252053] [coord_transform]: Outlier rejected #4 (jumped 514.7mm). Ignoring.
[INFO] [1786350376.488100511] [coord_transform]: Too many outliers (5). Resetting filter to new position.
[WARN] [1786350376.954030107] [coord_transform]: Outlier rejected #1 (jumped 162.8mm). Ignoring.
[WARN] [1786350376.985658859] [coord_transform]: Outlier rejected #2 (jumped 407.9mm). Ignoring.
[WARN] [1786350377.019563450] [coord_transform]: Outlier rejected #3 (jumped 620.7mm). Ignoring.
[WARN] [1786350377.089097588] [coord_transform]: Outlier rejected #4 (jumped 663.1mm). Ignoring.
[INFO] [1786350377.824015346] [coord_transform]: Too many outliers (5). Resetting filter to new position.
[WARN] [1786350379.389170885] [coord_transform]: Outlier rejected #1 (jumped 512.0mm). Ignoring.
[WARN] [1786350379.424398838] [coord_transform]: Outlier rejected #2 (jumped 526.1mm). Ignoring.
[WARN] [1786350379.457189763] [coord_transform]: Outlier rejected #3 (jumped 510.5mm). Ignoring.
[WARN] [1786350379.494406360] [coord_transform]: Outlier rejected #4 (jumped 512.0mm). Ignoring.
[INFO] [1786350379.523140237] [coord_transform]: Too many outliers (5). Resetting filter to new position.
[WARN] [1786350381.045781276] [coord_transform]: Outlier rejected #1 (jumped 159.7mm). Ignoring.
[WARN] [1786350381.626142930] [coord_transform]: Outlier rejected #1 (jumped 167.5mm). Ignoring.
[WARN] [1786350381.793099224] [coord_transform]: Outlier rejected #1 (jumped 179.7mm). Ignoring.
[WARN] [1786350381.895323953] [coord_transform]: Outlier rejected #1 (jumped 314.4mm). Ignoring.
[WARN] [1786350384.193026746] [coord_transform]: Outlier rejected #2 (jumped 175.5mm). Ignoring.
[WARN] [1786350384.225868973] [coord_transform]: Outlier rejected #3 (jumped 161.8mm). Ignoring.
[WARN] [1786350385.896551192] [coord_transform]: Outlier rejected #1 (jumped 223.7mm). Ignoring.
[WARN] [1786350386.662435055] [coord_transform]: Outlier rejected #1 (jumped 453.4mm). Ignoring.
[WARN] [1786350386.696418594] [coord_transform]: Outlier rejected #2 (jumped 424.9mm). Ignoring.
[WARN] [1786350386.729642873] [coord_transform]: Outlier rejected #3 (jumped 364.4mm). Ignoring.
[WARN] [1786350386.761465367] [coord_transform]: Outlier rejected #4 (jumped 311.9mm). Ignoring.
[INFO] [1786350386.794726484] [coord_transform]: Too many outliers (5). Resetting filter to new position.
[WARN] [1786350390.184150698] [coord_transform]: Outlier rejected #1 (jumped 375.3mm). Ignoring.
[WARN] [1786350390.247633073] [coord_transform]: Outlier rejected #2 (jumped 385.8mm). Ignoring.
[WARN] [1786350390.312663345] [coord_transform]: Outlier rejected #3 (jumped 381.5mm). Ignoring.
[WARN] [1786350390.338670697] [coord_transform]: Outlier rejected #4 (jumped 390.7mm). Ignoring.
[INFO] [1786350390.409382837] [coord_transform]: Too many outliers (5). Resetting filter to new position.
[WARN] [1786350391.641399766] [coord_transform]: Outlier rejected #1 (jumped 363.0mm). Ignoring.
[WARN] [1786350391.671718451] [coord_transform]: Outlier rejected #2 (jumped 356.6mm). Ignoring.
[WARN] [1786350391.699198981] [coord_transform]: Outlier rejected #3 (jumped 196.2mm). Ignoring.
[WARN] [1786350391.766719763] [coord_transform]: Outlier rejected #1 (jumped 170.1mm). Ignoring.
[WARN] [1786350391.878511159] [coord_transform]: Outlier rejected #2 (jumped 202.5mm). Ignoring.
[WARN] [1786350391.906473124] [coord_transform]: Outlier rejected #3 (jumped 210.9mm). Ignoring.
[WARN] [1786350392.042466710] [coord_transform]: Outlier rejected #4 (jumped 2199.0mm). Ignoring.
[INFO] [1786350392.071186915] [coord_transform]: Too many outliers (5). Resetting filter to new position.
[WARN] [1786350392.102473680] [coord_transform]: Outlier rejected #1 (jumped 316.7mm). Ignoring.
[WARN] [1786350392.235749899] [coord_transform]: Outlier rejected #1 (jumped 2204.4mm). Ignoring.
[WARN] [1786350392.266002853] [coord_transform]: Outlier rejected #2 (jumped 2229.6mm). Ignoring.
[WARN] [1786350392.299258186] [coord_transform]: Outlier rejected #3 (jumped 2231.8mm). Ignoring.
[WARN] [1786350392.331395973] [coord_transform]: Outlier rejected #4 (jumped 2257.3mm). Ignoring.
[INFO] [1786350392.368317971] [coord_transform]: Too many outliers (5). Resetting filter to new position.
[WARN] [1786350392.643944312] [coord_transform]: Outlier rejected #1 (jumped 385.0mm). Ignoring.
[WARN] [1786350392.709390942] [coord_transform]: Outlier rejected #2 (jumped 566.2mm). Ignoring.
[WARN] [1786350392.777852225] [coord_transform]: Outlier rejected #3 (jumped 538.9mm). Ignoring.
[WARN] [1786350427.185699345] [coord_transform]: Outlier rejected #4 (jumped 2705.2mm). Ignoring.
[INFO] [1786350431.713279458] [coord_transform]: Too many outliers (5). Resetting filter to new position.
[WARN] [1786350441.412887907] [coord_transform]: Outlier rejected #1 (jumped 584.8mm). Ignoring.
