[INFO] [1786684563.605303387] [coord_transform]: CoordTransformNode khởi động.
  Object offset (cam frame): [0.05 0.   0.1 ]
  Translation cam→base:      [0.5 0.  1.2]
  EE orientation (xyzw):     [0.0, 1.0, 0.0, 0.0]
  Prediction step:           5
  Axis remap:                [0, 1, 2]
  Axis sign:                 [-1.0, 1.0, 1.0]
  Workspace X: (-1.0, 1.0), Y: (-0.5, 1.3), Z: (0.05, 1.5)
  Filter outlier_threshold:  0.15m
  Filter median_size_y:      3
  Filter deadband_tol:       15.0mm
  Filter stationary_thresh:  3 frames
  Filter max_rate:           5.0cm/frame
  Filter EMA moving(x,y,z):  (1.0,0.8,1.0)
  Filter EMA hold  (x,y,z):  (0.08,0.02,0.05)
[INFO] [1786684577.537914975] [coord_transform]: Đã chuyển mode: ground_truth -> prediction
[WARN] [1786684602.009009300] [coord_transform]: Outlier rejected #1 (jumped 2430.7mm). Ignoring.
[WARN] [1786684602.040458241] [coord_transform]: Outlier rejected #2 (jumped 2491.8mm). Ignoring.
[WARN] [1786684602.071460334] [coord_transform]: Outlier rejected #3 (jumped 2461.5mm). Ignoring.
[WARN] [1786684602.103584123] [coord_transform]: Outlier rejected #4 (jumped 2441.2mm). Ignoring.
[INFO] [1786684602.137378169] [coord_transform]: Too many outliers (5). Resetting filter to new position.
[WARN] [1786684602.391013621] [coord_transform]: Outlier rejected #1 (jumped 295.9mm). Ignoring.
[WARN] [1786684602.423856671] [coord_transform]: Outlier rejected #2 (jumped 338.1mm). Ignoring.
[WARN] [1786684602.457647581] [coord_transform]: Outlier rejected #3 (jumped 380.8mm). Ignoring.
[WARN] [1786684602.492687166] [coord_transform]: Outlier rejected #4 (jumped 426.0mm). Ignoring.
[INFO] [1786684602.523366763] [coord_transform]: Too many outliers (5). Resetting filter to new position.
[WARN] [1786684605.459378902] [coord_transform]: Outlier rejected #1 (jumped 300.1mm). Ignoring.
[WARN] [1786684605.496007301] [coord_transform]: Outlier rejected #2 (jumped 350.1mm). Ignoring.
[WARN] [1786684605.529203524] [coord_transform]: Outlier rejected #3 (jumped 400.1mm). Ignoring.
[WARN] [1786684605.560026621] [coord_transform]: Outlier rejected #4 (jumped 450.1mm). Ignoring.
[INFO] [1786684605.564721197] [coord_transform]: Captured Init Pose! P_init=(-0.162, 0.280, 0.379), Cam_init=(-0.007, -0.049, -0.005), Noise_Tol=60.0mm
Orientation=(0.998, 0.064, -0.000, 0.000)
[INFO] [1786684605.606028333] [coord_transform]: Deadband: RELEASE — motion detected
[INFO] [1786684605.705242901] [coord_transform]: Deadband: HOLD at (-0.007, -0.049, -0.005)
[WARN] [1786684611.610943766] [coord_transform]: Outlier rejected #1 (jumped 157.1mm). Ignoring.
[INFO] [1786684612.945240739] [coord_transform]: Re-sync camera init: [-0.009 -0.103 -0.012]
[INFO] [1786684612.945553727] [coord_transform]: Trạng thái tracking: RUNNING
[INFO] [1786684612.947718302] [coord_transform]: [PREDICTION] Transform: cam[-0.007 -0.049 -0.005] → base[-0.164  0.334  0.385]
[INFO] [1786684612.980444313] [coord_transform]: Deadband: RELEASE — motion detected
[WARN] [1786684614.483611149] [coord_transform]: Outlier rejected #1 (jumped 151.1mm). Ignoring.
[WARN] [1786684614.753647282] [coord_transform]: Outlier rejected #1 (jumped 186.7mm). Ignoring.
[WARN] [1786684614.783469740] [coord_transform]: Outlier rejected #2 (jumped 154.6mm). Ignoring.
[WARN] [1786684614.818790013] [coord_transform]: Outlier rejected #3 (jumped 156.2mm). Ignoring.
[INFO] [1786684614.977473660] [coord_transform]: [PREDICTION] Transform: cam[0.028 0.04  0.193] → base[-0.198  0.423  0.584]
[WARN] [1786684614.993716094] [coord_transform]: Outlier rejected #1 (jumped 162.6mm). Ignoring.
[WARN] [1786684615.023641135] [coord_transform]: Outlier rejected #2 (jumped 155.7mm). Ignoring.
[INFO] [1786684616.977699792] [coord_transform]: [PREDICTION] Transform: cam[-0.083  0.651  0.385] → base[-0.088  1.034  0.775]
[INFO] [1786684618.985188074] [coord_transform]: [PREDICTION] Transform: cam[-0.062  0.83   0.202] → base[-0.109  1.213  0.592]
[INFO] [1786684620.989506685] [coord_transform]: [PREDICTION] Transform: cam[-0.062  0.83   0.202] → base[-0.109  1.213  0.592]
[INFO] [1786684622.992704042] [coord_transform]: [PREDICTION] Transform: cam[-0.062  0.83   0.202] → base[-0.109  1.213  0.592]
[INFO] [1786684625.017636581] [coord_transform]: [PREDICTION] Transform: cam[-0.056  0.808  0.245] → base[-0.115  1.191  0.635]
[WARN] [1786684625.990043535] [coord_transform]: Outlier rejected #1 (jumped 319.6mm). Ignoring.
[WARN] [1786684626.022603606] [coord_transform]: Outlier rejected #2 (jumped 219.9mm). Ignoring.
[WARN] [1786684626.087539662] [coord_transform]: Outlier rejected #1 (jumped 212.9mm). Ignoring.
[WARN] [1786684626.221218653] [coord_transform]: Outlier rejected #1 (jumped 158.3mm). Ignoring.
[WARN] [1786684626.292650859] [coord_transform]: Outlier rejected #1 (jumped 186.6mm). Ignoring.
[WARN] [1786684626.561967139] [coord_transform]: Outlier rejected #1 (jumped 184.3mm). Ignoring.
[WARN] [1786684626.591032346] [coord_transform]: Outlier rejected #2 (jumped 200.3mm). Ignoring.
[WARN] [1786684626.659580786] [coord_transform]: Outlier rejected #1 (jumped 243.4mm). Ignoring.
[WARN] [1786684626.786788994] [coord_transform]: Outlier rejected #1 (jumped 237.4mm). Ignoring.
[WARN] [1786684626.926527966] [coord_transform]: Outlier rejected #1 (jumped 150.2mm). Ignoring.
[INFO] [1786684627.047086156] [coord_transform]: [PREDICTION] Transform: cam[0.    0.176 0.254] → base[-0.171  0.559  0.644]
[WARN] [1786684627.090752295] [coord_transform]: Outlier rejected #1 (jumped 198.3mm). Ignoring.
[WARN] [1786684627.756165411] [coord_transform]: Outlier rejected #1 (jumped 181.8mm). Ignoring.
[WARN] [1786684628.022312240] [coord_transform]: Outlier rejected #1 (jumped 153.3mm). Ignoring.
[INFO] [1786684629.062010422] [coord_transform]: [PREDICTION] Transform: cam[-0.006  0.185  0.235] → base[-0.165  0.568  0.625]
[WARN] [1786684629.361252838] [coord_transform]: Outlier rejected #1 (jumped 204.3mm). Ignoring.
[WARN] [1786684629.693518886] [coord_transform]: Outlier rejected #1 (jumped 176.3mm). Ignoring.
[WARN] [1786684629.892034628] [coord_transform]: Outlier rejected #1 (jumped 180.3mm). Ignoring.
[WARN] [1786684630.327692346] [coord_transform]: Outlier rejected #1 (jumped 180.3mm). Ignoring.
[WARN] [1786684630.393066356] [coord_transform]: Outlier rejected #1 (jumped 213.3mm). Ignoring.
[WARN] [1786684630.426032089] [coord_transform]: Outlier rejected #2 (jumped 166.2mm). Ignoring.
[INFO] [1786684631.096684241] [coord_transform]: [PREDICTION] Transform: cam[0.009 0.169 0.215] → base[-0.18   0.552  0.605]
[WARN] [1786684631.626453262] [coord_transform]: Outlier rejected #1 (jumped 203.3mm). Ignoring.
[WARN] [1786684631.960525344] [coord_transform]: Outlier rejected #1 (jumped 195.3mm). Ignoring.
[WARN] [1786684632.133281869] [coord_transform]: Outlier rejected #1 (jumped 200.3mm). Ignoring.
[WARN] [1786684632.226889634] [coord_transform]: Outlier rejected #1 (jumped 269.4mm). Ignoring.
[WARN] [1786684632.361510506] [coord_transform]: Outlier rejected #1 (jumped 207.3mm). Ignoring.
[WARN] [1786684633.025208070] [coord_transform]: Outlier rejected #1 (jumped 321.7mm). Ignoring.
[WARN] [1786684633.058611005] [coord_transform]: Outlier rejected #2 (jumped 475.5mm). Ignoring.
[WARN] [1786684633.092117945] [coord_transform]: Outlier rejected #3 (jumped 476.7mm). Ignoring.
[WARN] [1786684633.126465934] [coord_transform]: Outlier rejected #4 (jumped 548.1mm). Ignoring.
[INFO] [1786684633.159392694] [coord_transform]: Too many outliers (5). Resetting filter to new position.
[INFO] [1786684633.161314043] [coord_transform]: [PREDICTION] Transform: cam[0.042 0.051 0.205] → base[-0.212  0.434  0.595]
[WARN] [1786684633.225477839] [coord_transform]: Outlier rejected #1 (jumped 179.9mm). Ignoring.
[WARN] [1786684633.258312566] [coord_transform]: Outlier rejected #2 (jumped 381.8mm). Ignoring.
[WARN] [1786684633.291954519] [coord_transform]: Outlier rejected #3 (jumped 429.1mm). Ignoring.
[WARN] [1786684633.325813280] [coord_transform]: Outlier rejected #4 (jumped 536.1mm). Ignoring.
[INFO] [1786684633.359792918] [coord_transform]: Too many outliers (5). Resetting filter to new position.
[WARN] [1786684634.495718841] [coord_transform]: Outlier rejected #1 (jumped 157.4mm). Ignoring.
[WARN] [1786684635.030280949] [coord_transform]: Outlier rejected #1 (jumped 218.9mm). Ignoring.
[INFO] [1786684635.189907426] [coord_transform]: [PREDICTION] Transform: cam[ 0.105 -0.049  0.119] → base[-0.276  0.334  0.509]
[WARN] [1786684635.596274039] [coord_transform]: Outlier rejected #1 (jumped 170.3mm). Ignoring.
[INFO] [1786684636.602303990] [coord_transform]: Deadband: HOLD at (-0.009, -0.103, -0.012)
[INFO] [1786684636.630225079] [coord_transform]: [SNAP ON] Tay thực tế đứng yên. Ép dừng robot (GRU đang lệch 18.1cm).
[INFO] [1786684637.209760976] [coord_transform]: [PREDICTION] Transform: cam[ 0.111 -0.165 -0.029] → base[-0.282  0.218  0.361]
[WARN] [1786684638.498788807] [coord_transform]: Outlier rejected #1 (jumped 150.0mm). Ignoring.
[INFO] [1786684639.032254160] [coord_transform]: Deadband: RELEASE — motion detected
[INFO] [1786684639.063776413] [coord_transform]: Deadband: HOLD at (-0.009, -0.103, -0.012)
[WARN] [1786684639.271248391] [coord_transform]: Outlier rejected #1 (jumped 178.9mm). Ignoring.
[INFO] [1786684639.388409976] [coord_transform]: [SNAP OFF] Tay di chuyển lại. Trả quyền cho GRU.
[INFO] [1786684639.389150326] [coord_transform]: [PREDICTION] Transform: cam[ 0.113 -0.163 -0.025] → base[-0.283  0.22   0.365]
[WARN] [1786684639.600197008] [coord_transform]: Outlier rejected #1 (jumped 157.6mm). Ignoring.
[INFO] [1786684641.400695586] [coord_transform]: [PREDICTION] Transform: cam[-0.032  0.736  0.326] → base[-0.139  1.119  0.716]
[INFO] [1786684643.401396289] [coord_transform]: [PREDICTION] Transform: cam[-0.025  0.761  0.245] → base[-0.145  1.144  0.635]
[INFO] [1786684645.405328704] [coord_transform]: [PREDICTION] Transform: cam[-0.03   0.75   0.262] → base[-0.141  1.133  0.652]
[INFO] [1786684647.407941861] [coord_transform]: [PREDICTION] Transform: cam[-0.03   0.75   0.262] → base[-0.141  1.133  0.652]
[WARN] [1786684647.976141995] [coord_transform]: Outlier rejected #1 (jumped 184.5mm). Ignoring.
[WARN] [1786684648.006704285] [coord_transform]: Outlier rejected #2 (jumped 202.0mm). Ignoring.
[WARN] [1786684648.029977055] [coord_transform]: Outlier rejected #3 (jumped 217.1mm). Ignoring.
[WARN] [1786684648.060946030] [coord_transform]: Outlier rejected #4 (jumped 235.2mm). Ignoring.
[INFO] [1786684648.096612316] [coord_transform]: Too many outliers (5). Resetting filter to new position.
[INFO] [1786684649.412057482] [coord_transform]: [PREDICTION] Transform: cam[0.    0.491 0.658] → base[-0.171  0.874  1.048]
[INFO] [1786684651.442648628] [coord_transform]: [PREDICTION] Transform: cam[0.    0.491 0.656] → base[-0.171  0.874  1.046]
[WARN] [1786684653.537208620] [coord_transform]: Outlier rejected #1 (jumped 193.4mm). Ignoring.
[WARN] [1786684653.570328154] [coord_transform]: Outlier rejected #2 (jumped 225.6mm). Ignoring.
[WARN] [1786684653.602762060] [coord_transform]: Outlier rejected #3 (jumped 244.4mm). Ignoring.
[WARN] [1786684653.640175599] [coord_transform]: Outlier rejected #4 (jumped 255.4mm). Ignoring.
[INFO] [1786684653.672517853] [coord_transform]: Too many outliers (5). Resetting filter to new position.
[INFO] [1786684653.673766889] [coord_transform]: [PREDICTION] Transform: cam[-0.     0.493  0.638] → base[-0.17   0.876  1.029]
[WARN] [1786684655.313030890] [coord_transform]: Outlier rejected #1 (jumped 173.0mm). Ignoring.
[WARN] [1786684655.349393926] [coord_transform]: Outlier rejected #2 (jumped 220.7mm). Ignoring.
[WARN] [1786684655.378652599] [coord_transform]: Outlier rejected #3 (jumped 747.9mm). Ignoring.
[WARN] [1786684655.416495955] [coord_transform]: Outlier rejected #4 (jumped 364.8mm). Ignoring.
[INFO] [1786684655.445398499] [coord_transform]: Too many outliers (5). Resetting filter to new position.
[WARN] [1786684655.707666503] [coord_transform]: Outlier rejected #1 (jumped 264.6mm). Ignoring.
[WARN] [1786684655.735408116] [coord_transform]: Outlier rejected #2 (jumped 313.0mm). Ignoring.
[WARN] [1786684655.770970178] [coord_transform]: Outlier rejected #3 (jumped 363.5mm). Ignoring.
[WARN] [1786684655.806738377] [coord_transform]: Outlier rejected #4 (jumped 415.8mm). Ignoring.
[INFO] [1786684655.836077511] [coord_transform]: Too many outliers (5). Resetting filter to new position.
[INFO] [1786684655.836957744] [coord_transform]: [PREDICTION] Transform: cam[0.065 0.421 0.184] → base[-0.236  0.804  0.574]
[WARN] [1786684655.942358925] [coord_transform]: Outlier rejected #1 (jumped 151.1mm). Ignoring.
[INFO] [1786684656.147111516] [coord_transform]: Deadband: HOLD at (-0.009, -0.103, -0.012)
[INFO] [1786684656.181590663] [coord_transform]: [SNAP ON] Tay thực tế đứng yên. Ép dừng robot (GRU đang lệch 21.7cm).
[INFO] [1786684656.456073479] [coord_transform]: Deadband: RELEASE — motion detected
[INFO] [1786684656.488193346] [coord_transform]: [SNAP OFF] Tay di chuyển lại. Trả quyền cho GRU.
[INFO] [1786684657.860070941] [coord_transform]: [PREDICTION] Transform: cam[ 0.125 -0.036 -0.01 ] → base[-0.295  0.347  0.38 ]
[INFO] [1786684659.884806506] [coord_transform]: [PREDICTION] Transform: cam[ 0.12  -0.005 -0.01 ] → base[-0.291  0.378  0.38 ]
[INFO] [1786684661.888842905] [coord_transform]: [PREDICTION] Transform: cam[ 0.12  -0.005 -0.01 ] → base[-0.291  0.378  0.38 ]
[INFO] [1786684663.918600605] [coord_transform]: [PREDICTION] Transform: cam[ 0.12  -0.005 -0.01 ] → base[-0.291  0.378  0.38 ]
[INFO] [1786684664.353212790] [coord_transform]: Trạng thái tracking: STOPPED
[INFO] [1786684674.805013337] [coord_transform]: Re-sync camera init: [0.005 0.029 0.003]
[INFO] [1786684674.805268626] [coord_transform]: Trạng thái tracking: RUNNING
[INFO] [1786684674.823170780] [coord_transform]: [PREDICTION] Transform: cam[ 0.12  -0.005 -0.01 ] → base[-0.277  0.246  0.366]
[INFO] [1786684675.591555978] [coord_transform]: Deadband: RELEASE — motion detected
[INFO] [1786684675.625473253] [coord_transform]: Deadband: HOLD at (0.005, 0.029, 0.003)
[WARN] [1786684675.862351372] [coord_transform]: Outlier rejected #1 (jumped 152.5mm). Ignoring.
[WARN] [1786684676.422824938] [coord_transform]: Outlier rejected #1 (jumped 154.2mm). Ignoring.
[WARN] [1786684676.457447707] [coord_transform]: Outlier rejected #2 (jumped 154.7mm). Ignoring.
[INFO] [1786684676.852464948] [coord_transform]: [PREDICTION] Transform: cam[0.033 0.01  0.197] → base[-0.189  0.262  0.572]
[INFO] [1786684678.853198133] [coord_transform]: [PREDICTION] Transform: cam[-0.086  0.592  0.35 ] → base[-0.071  0.843  0.725]
[INFO] [1786684680.856295218] [coord_transform]: [PREDICTION] Transform: cam[-0.104  0.75   0.253] → base[-0.053  1.001  0.628]
[INFO] [1786684682.874052017] [coord_transform]: [PREDICTION] Transform: cam[-0.222  0.547  0.206] → base[0.065 0.798 0.581]
[INFO] [1786684684.890534875] [coord_transform]: [PREDICTION] Transform: cam[-0.012  0.479  0.664] → base[-0.144  0.73   1.039]
[WARN] [1786684686.991974683] [coord_transform]: Outlier rejected #1 (jumped 257.0mm). Ignoring.
[WARN] [1786684687.027420208] [coord_transform]: Outlier rejected #2 (jumped 289.1mm). Ignoring.
[WARN] [1786684687.061016139] [coord_transform]: Outlier rejected #3 (jumped 311.0mm). Ignoring.
[WARN] [1786684687.095795084] [coord_transform]: Outlier rejected #4 (jumped 339.0mm). Ignoring.
[INFO] [1786684687.136960042] [coord_transform]: Too many outliers (5). Resetting filter to new position.
[INFO] [1786684687.137820778] [coord_transform]: [PREDICTION] Transform: cam[-0.     0.472  0.658] → base[-0.156  0.723  1.033]
[INFO] [1786684689.138764177] [coord_transform]: [PREDICTION] Transform: cam[0.069 0.426 0.082] → base[-0.226  0.677  0.457]
[INFO] [1786684691.140436096] [coord_transform]: [PREDICTION] Transform: cam[0.069 0.446 0.07 ] → base[-0.226  0.697  0.445]
[INFO] [1786684693.144468421] [coord_transform]: [PREDICTION] Transform: cam[0.069 0.446 0.07 ] → base[-0.226  0.697  0.445]
[INFO] [1786684695.170519903] [coord_transform]: [PREDICTION] Transform: cam[0.013 0.588 0.529] → base[-0.17   0.839  0.904]
[INFO] [1786684697.177197105] [coord_transform]: [PREDICTION] Transform: cam[0.018 0.513 0.612] → base[-0.175  0.764  0.988]
[WARN] [1786684697.727917251] [coord_transform]: Outlier rejected #1 (jumped 182.6mm). Ignoring.
[WARN] [1786684697.764082099] [coord_transform]: Outlier rejected #2 (jumped 213.5mm). Ignoring.
[WARN] [1786684697.803462165] [coord_transform]: Outlier rejected #3 (jumped 228.0mm). Ignoring.
[WARN] [1786684697.847131449] [coord_transform]: Outlier rejected #4 (jumped 244.6mm). Ignoring.
[INFO] [1786684697.877196248] [coord_transform]: Too many outliers (5). Resetting filter to new position.
[INFO] [1786684699.194355243] [coord_transform]: [PREDICTION] Transform: cam[-0.013  0.332  0.089] → base[-0.143  0.583  0.465]
[INFO] [1786684701.212364801] [coord_transform]: [PREDICTION] Transform: cam[0.01  0.353 0.061] → base[-0.167  0.604  0.437]
[INFO] [1786684703.244916163] [coord_transform]: [PREDICTION] Transform: cam[0.01  0.353 0.061] → base[-0.167  0.604  0.437]
[WARN] [1786684703.930828838] [coord_transform]: Outlier rejected #1 (jumped 218.9mm). Ignoring.
[WARN] [1786684703.963574564] [coord_transform]: Outlier rejected #2 (jumped 247.6mm). Ignoring.
[WARN] [1786684704.001983668] [coord_transform]: Outlier rejected #3 (jumped 275.1mm). Ignoring.
[WARN] [1786684704.030167836] [coord_transform]: Outlier rejected #4 (jumped 300.3mm). Ignoring.
[INFO] [1786684704.065605639] [coord_transform]: Too many outliers (5). Resetting filter to new position.
[INFO] [1786684705.252038772] [coord_transform]: [PREDICTION] Transform: cam[0.309 0.558 0.143] → base[-0.466  0.809  0.518]
[INFO] [1786684707.284949208] [coord_transform]: [PREDICTION] Transform: cam[-0.137  0.349  0.211] → base[-0.019  0.6    0.586]
[INFO] [1786684709.340998826] [coord_transform]: [PREDICTION] Transform: cam[-0.139  0.356  0.213] → base[-0.018  0.607  0.588]
[WARN] [1786684709.554272600] [coord_transform]: Outlier rejected #1 (jumped 561.5mm). Ignoring.
[INFO] [1786684711.344249162] [coord_transform]: [PREDICTION] Transform: cam[-0.008  0.354 -0.096] → base[-0.149  0.605  0.279]
[INFO] [1786684713.346358013] [coord_transform]: [PREDICTION] Transform: cam[-0.012  0.395 -0.152] → base[-0.145  0.646  0.223]
[INFO] [1786684715.356883944] [coord_transform]: [PREDICTION] Transform: cam[-0.016  0.447 -0.185] → base[-0.141  0.698  0.191]
[WARN] [1786684715.754098922] [coord_transform]: Outlier rejected #1 (jumped 457.2mm). Ignoring.
[WARN] [1786684715.787288883] [coord_transform]: Outlier rejected #2 (jumped 314.7mm). Ignoring.
[WARN] [1786684715.828144944] [coord_transform]: Outlier rejected #3 (jumped 387.4mm). Ignoring.
[WARN] [1786684715.858817707] [coord_transform]: Outlier rejected #4 (jumped 449.9mm). Ignoring.
[INFO] [1786684715.891287066] [coord_transform]: Too many outliers (5). Resetting filter to new position.
[INFO] [1786684717.394846469] [coord_transform]: [PREDICTION] Transform: cam[0.01  0.509 0.617] → base[-0.167  0.76   0.993]
[WARN] [1786684718.783452197] [coord_transform]: Outlier rejected #1 (jumped 164.0mm). Ignoring.
[WARN] [1786684718.820655528] [coord_transform]: Outlier rejected #2 (jumped 194.0mm). Ignoring.
[WARN] [1786684718.864006074] [coord_transform]: Outlier rejected #3 (jumped 207.7mm). Ignoring.
[WARN] [1786684718.891097601] [coord_transform]: Outlier rejected #4 (jumped 222.2mm). Ignoring.
[INFO] [1786684718.928427699] [coord_transform]: Too many outliers (5). Resetting filter to new position.
[INFO] [1786684719.417175379] [coord_transform]: [PREDICTION] Transform: cam[0.175 0.621 0.244] → base[-0.332  0.872  0.619]
[INFO] [1786684721.452458842] [coord_transform]: [PREDICTION] Transform: cam[0.083 0.539 0.175] → base[-0.24  0.79  0.55]
[INFO] [1786684723.461466490] [coord_transform]: [PREDICTION] Transform: cam[-0.124  0.167  0.201] → base[-0.033  0.418  0.577]
[INFO] [1786684725.552139965] [coord_transform]: [PREDICTION] Transform: cam[-0.121  0.26   0.227] → base[-0.036  0.511  0.602]
[INFO] [1786684727.554896931] [coord_transform]: [PREDICTION] Transform: cam[-0.187  0.09   0.186] → base[0.03  0.341 0.562]
[WARN] [1786684728.631005482] [coord_transform]: Outlier rejected #1 (jumped 176.4mm). Ignoring.
[WARN] [1786684728.662914068] [coord_transform]: Outlier rejected #2 (jumped 324.0mm). Ignoring.
[WARN] [1786684728.696251016] [coord_transform]: Outlier rejected #3 (jumped 288.7mm). Ignoring.
[WARN] [1786684728.729915941] [coord_transform]: Outlier rejected #4 (jumped 364.3mm). Ignoring.
[INFO] [1786684728.771147949] [coord_transform]: Too many outliers (5). Resetting filter to new position.
[INFO] [1786684729.559199490] [coord_transform]: [PREDICTION] Transform: cam[-0.112  0.498  0.162] → base[-0.045  0.749  0.538]
[INFO] [1786684731.569123437] [coord_transform]: [PREDICTION] Transform: cam[-0.071  0.59   0.192] → base[-0.085  0.841  0.567]
[WARN] [1786684733.439111323] [coord_transform]: Outlier rejected #1 (jumped 267.8mm). Ignoring.
[WARN] [1786684733.473181649] [coord_transform]: Outlier rejected #2 (jumped 401.6mm). Ignoring.
[WARN] [1786684733.505782445] [coord_transform]: Outlier rejected #3 (jumped 411.1mm). Ignoring.
[WARN] [1786684733.538270179] [coord_transform]: Outlier rejected #4 (jumped 972.8mm). Ignoring.
[INFO] [1786684733.569502996] [coord_transform]: Too many outliers (5). Resetting filter to new position.
[INFO] [1786684733.571359102] [coord_transform]: [PREDICTION] Transform: cam[-0.071  0.59   0.192] → base[-0.085  0.841  0.567]
[WARN] [1786684733.600626808] [coord_transform]: Outlier rejected #1 (jumped 259.9mm). Ignoring.
[WARN] [1786684733.633728695] [coord_transform]: Outlier rejected #2 (jumped 156.6mm). Ignoring.
[WARN] [1786684733.698473119] [coord_transform]: Outlier rejected #1 (jumped 165.6mm). Ignoring.
[WARN] [1786684733.767468868] [coord_transform]: Outlier rejected #1 (jumped 283.3mm). Ignoring.
[WARN] [1786684733.799472553] [coord_transform]: Outlier rejected #2 (jumped 256.2mm). Ignoring.
[WARN] [1786684733.833617550] [coord_transform]: Outlier rejected #3 (jumped 332.4mm). Ignoring.
[WARN] [1786684733.872231400] [coord_transform]: Outlier rejected #4 (jumped 323.7mm). Ignoring.
[INFO] [1786684733.897335004] [coord_transform]: Too many outliers (5). Resetting filter to new position.
[INFO] [1786684734.737165444] [coord_transform]: Deadband: HOLD at (0.005, 0.029, 0.003)
[INFO] [1786684734.761214697] [coord_transform]: [SNAP ON] Tay thực tế đứng yên. Ép dừng robot (GRU đang lệch 13.9cm).
[INFO] [1786684734.772212085] [coord_transform]: Deadband: RELEASE — motion detected
[INFO] [1786684734.801342272] [coord_transform]: [SNAP OFF] Tay di chuyển lại. Trả quyền cho GRU.
[INFO] [1786684734.869527859] [coord_transform]: [SNAP OFF] Tay di chuyển lại. Trả quyền cho GRU.
[INFO] [1786684734.930345607] [coord_transform]: [SNAP OFF] Tay di chuyển lại. Trả quyền cho GRU.
[INFO] [1786684734.997999136] [coord_transform]: [SNAP OFF] Tay di chuyển lại. Trả quyền cho GRU.
[INFO] [1786684735.200169176] [coord_transform]: [SNAP OFF] Tay di chuyển lại. Trả quyền cho GRU.
[INFO] [1786684735.599924875] [coord_transform]: [PREDICTION] Transform: cam[ 0.114 -0.088  0.002] → base[-0.271  0.163  0.377]
[INFO] [1786684735.990785746] [coord_transform]: Trạng thái tracking: STOPPED
[WARN] [1786684737.537611812] [coord_transform]: Outlier rejected #1 (jumped 157.3mm). Ignoring.
[WARN] [1786684737.571133488] [coord_transform]: Outlier rejected #2 (jumped 185.2mm). Ignoring.
[WARN] [1786684737.604198246] [coord_transform]: Outlier rejected #3 (jumped 366.6mm). Ignoring.
[WARN] [1786684737.634655256] [coord_transform]: Outlier rejected #4 (jumped 351.5mm). Ignoring.
[INFO] [1786684737.670214209] [coord_transform]: Too many outliers (5). Resetting filter to new position.
[INFO] [1786684737.700587090] [coord_transform]: Deadband: RELEASE — motion detected
[WARN] [1786684739.656176545] [coord_transform]: Outlier rejected #1 (jumped 336.3mm). Ignoring.
[WARN] [1786684739.690447649] [coord_transform]: Outlier rejected #2 (jumped 355.6mm). Ignoring.
[WARN] [1786684739.726407115] [coord_transform]: Outlier rejected #3 (jumped 385.8mm). Ignoring.
[WARN] [1786684739.755283706] [coord_transform]: Outlier rejected #4 (jumped 409.2mm). Ignoring.
