[INFO] [1786334924.396131841] [cartesian_streamer]: CartesianStreamer khởi động (chờ Enable Robot từ UI).
  Stream rate:       15 Hz (period=66.7ms)
  Queue dt:          0.067 s
  Prebuffer points:  3
  Retry backoff:     66.0 ms
  Gửi PoseStamped lên: /cartesian_streamer/target_pose
  Gửi XYZ lên:        /cartesian_streamer/target_xyz
  Nhận EE pose tại:   /cartesian_streamer/current_pose
[INFO] [1786334924.505994821] [cartesian_streamer]: Nhận joint_states: ['1.571', '0.124', '-1.049', '0.000', '-0.398', '-1.444']
[INFO] [1786334924.876875420] [cartesian_streamer]: ⚡ Simulation mode: Bỏ qua FK cross-validation, ÉP DÙNG Local IK.
   (MoveIt không có planning library trong môi trường giả lập)
[INFO] [1786334924.877728020] [cartesian_streamer]: Đã nhận joint_states. EE hiện tại: (-0.1620, 0.2801, 0.3785). IK mode: Local DLS. Chờ Enable Robot từ UI...
[INFO] [1786334985.446535115] [cartesian_streamer]: Enable Robot: bắt đầu chuỗi khởi động...
[INFO] [1786334985.446873954] [cartesian_streamer]: Enable: reset_error...
[INFO] [1786334985.448734402] [cartesian_streamer]: reset_error: code=1, msg="Mock: Error Reset OK"
[INFO] [1786334985.449011184] [cartesian_streamer]: Enable: stop_traj_mode (giải phóng mode cũ)...
[INFO] [1786334985.451757753] [cartesian_streamer]: stop_traj_mode: success=True, code=N/A, msg="Mock: OK"
[INFO] [1786334985.452048110] [cartesian_streamer]: Enable: chờ 1.5s để hệ thống ổn định trước khi start queue...
[INFO] [1786334986.952804193] [cartesian_streamer]: Enable: StartPointQueueMode...
[INFO] [1786334986.955438119] [cartesian_streamer]: StartPointQueueMode response: code=1, msg="Mock: Queue Mode Started"
[INFO] [1786334986.955750387] [cartesian_streamer]: ✓ Robot ENABLED — Point Queue Mode active. Servo ON!
[INFO] [1786334986.976329449] [cartesian_streamer]: Runtime rate: state=seeding, tick_hz=0.0, queue_send_hz=0.0, ack_hz=0.0, busy_hz=0.0, retry_count=0, reject_count=0, inter_ack_ms=0.0, max_joint_delta=0.000, cumul_time=0.00s, hold_count=0, ik_mode=Local, ik_avg_ms=0.00, ik_fails=0
[INFO] [1786334986.976953635] [cartesian_streamer]: Bootstrap EE pose via FK: (-0.1620, 0.2801, 0.3785)
[INFO] [1786334986.977361294] [cartesian_streamer]: Đang stream qua service: /queue_traj_point
[INFO] [1786334986.977825579] [cartesian_streamer]: Đã gửi seed point (current joints, t=0), chờ ACK...
[INFO] [1786334986.981341589] [cartesian_streamer]: Seed ACK nhận được, bắt đầu prebuffer.
[INFO] [1786334986.981667012] [cartesian_streamer]: Queue accepted sample#1: svc=/queue_traj_point, t_cumul=0.0000s, code=1, msg="Mock: Point accepted (0)", hold=False
[INFO] [1786334987.044345017] [cartesian_streamer]: Queue accepted sample#2: svc=/queue_traj_point, t_cumul=0.0636s, code=1, msg="Mock: Point accepted (1)", hold=True
[INFO] [1786334987.110199290] [cartesian_streamer]: Queue accepted sample#3: svc=/queue_traj_point, t_cumul=0.1303s, code=1, msg="Mock: Point accepted (2)", hold=True
[INFO] [1786334987.176456803] [cartesian_streamer]: Pre-buffer hoàn tất (3 points), bắt đầu stream ổn định. Đang chờ target...
[INFO] [1786334987.176848261] [cartesian_streamer]: Queue accepted sample#4: svc=/queue_traj_point, t_cumul=0.1969s, code=1, msg="Mock: Point accepted (3)", hold=True
[INFO] [1786334987.243275444] [cartesian_streamer]: Queue accepted sample#5: svc=/queue_traj_point, t_cumul=0.2634s, code=1, msg="Mock: Point accepted (4)", hold=True
[INFO] [1786334988.243004288] [cartesian_streamer]: QueueTrajPoint accepted #20: t=1.264s, hold=True
[INFO] [1786334989.576620633] [cartesian_streamer]: QueueTrajPoint accepted #40: t=2.597s, hold=True
[INFO] [1786334990.376981717] [cartesian_streamer]: IK OK → Δmax=0.0000 rad, joints: [1.571, 0.124, -1.049, 0.000, -0.398, -1.444]
[WARN] [1786334990.441625429] [cartesian_streamer]: QueueTrajPoint đã được accept nhưng joint_states hầu như không đổi. Kiểm tra: 1) Robot ở mode AUTO? 2) Servo ON? 3) E-stop cleared?
[INFO] [1786334990.910150841] [cartesian_streamer]: QueueTrajPoint accepted #60: t=3.931s, hold=False
[INFO] [1786334991.976388264] [cartesian_streamer]: Runtime rate: state=streaming, tick_hz=15.0, queue_send_hz=15.0, ack_hz=15.0, busy_hz=0.0, retry_count=0, reject_count=0, inter_ack_ms=66.6, max_joint_delta=0.000, cumul_time=4.93s, hold_count=0, ik_mode=Local, ik_avg_ms=0.37, ik_fails=0
[INFO] [1786334992.245033352] [cartesian_streamer]: QueueTrajPoint accepted #80: t=5.265s, hold=False
[INFO] [1786334992.385388078] [cartesian_streamer]: IK OK → Δmax=0.0000 rad, joints: [1.571, 0.124, -1.049, 0.000, -0.398, -1.444]
[INFO] [1786334992.776990302] [cartesian_streamer]: IK delta clamped → joints: [1.568, 0.087, -0.965, -0.000, -0.514, -1.441]
[INFO] [1786334993.579012892] [cartesian_streamer]: QueueTrajPoint accepted #100: t=6.600s, hold=False
[INFO] [1786334994.443174634] [cartesian_streamer]: IK OK → Δmax=0.0900 rad, joints: [1.443, 0.049, -0.591, 0.000, -0.647, -1.316]
[INFO] [1786334994.841908978] [cartesian_streamer]: IK delta clamped → joints: [1.454, 0.066, -0.511, 0.000, -0.679, -1.327]
[INFO] [1786334994.911433920] [cartesian_streamer]: QueueTrajPoint accepted #120: t=7.931s, hold=False
[INFO] [1786334996.245692346] [cartesian_streamer]: QueueTrajPoint accepted #140: t=9.267s, hold=False
[INFO] [1786334996.443282807] [cartesian_streamer]: IK OK → Δmax=0.0900 rad, joints: [1.518, 0.166, -0.191, 0.000, -0.807, -1.390]
[INFO] [1786334996.844081768] [cartesian_streamer]: IK delta clamped → joints: [1.545, 0.201, -0.111, 0.000, -0.839, -1.417]
[INFO] [1786334996.975932057] [cartesian_streamer]: Runtime rate: state=streaming, tick_hz=15.0, queue_send_hz=15.0, ack_hz=15.0, busy_hz=0.0, retry_count=0, reject_count=0, inter_ack_ms=66.7, max_joint_delta=0.090, cumul_time=9.93s, hold_count=0, ik_mode=Local, ik_avg_ms=0.72, ik_fails=0
[INFO] [1786334997.579493552] [cartesian_streamer]: QueueTrajPoint accepted #160: t=10.600s, hold=False
[INFO] [1786334998.443449643] [cartesian_streamer]: IK OK → Δmax=0.0900 rad, joints: [1.535, 0.354, 0.209, 0.000, -0.967, -1.408]
[INFO] [1786334998.909091542] [cartesian_streamer]: IK delta clamped → joints: [1.516, 0.403, 0.302, 0.000, -1.004, -1.388]
[INFO] [1786334998.911252024] [cartesian_streamer]: QueueTrajPoint accepted #180: t=11.932s, hold=False
[INFO] [1786335000.246638079] [cartesian_streamer]: QueueTrajPoint accepted #200: t=13.267s, hold=False
[INFO] [1786335000.509603366] [cartesian_streamer]: IK OK → Δmax=0.0900 rad, joints: [1.534, 0.596, 0.446, 0.000, -1.132, -1.407]
[INFO] [1786335000.909818766] [cartesian_streamer]: IK delta clamped → joints: [1.540, 0.647, 0.485, 0.000, -1.164, -1.413]
[INFO] [1786335001.579760350] [cartesian_streamer]: QueueTrajPoint accepted #220: t=14.600s, hold=False
[INFO] [1786335002.041863355] [cartesian_streamer]: Runtime rate: state=streaming, tick_hz=15.0, queue_send_hz=15.0, ack_hz=15.0, busy_hz=0.0, retry_count=0, reject_count=0, inter_ack_ms=66.7, max_joint_delta=0.090, cumul_time=15.00s, hold_count=0, ik_mode=Local, ik_avg_ms=0.82, ik_fails=0
[INFO] [1786335002.510458970] [cartesian_streamer]: IK OK → Δmax=0.0628 rad, joints: [1.632, 0.734, 0.428, -0.000, -1.265, -1.505]
[INFO] [1786335002.912049417] [cartesian_streamer]: QueueTrajPoint accepted #240: t=15.932s, hold=False
[INFO] [1786335004.246760604] [cartesian_streamer]: QueueTrajPoint accepted #260: t=17.267s, hold=False
[INFO] [1786335004.577410868] [cartesian_streamer]: IK OK → Δmax=0.0383 rad, joints: [1.536, 0.600, 0.277, 0.000, -1.249, -1.408]
[INFO] [1786335005.579231554] [cartesian_streamer]: QueueTrajPoint accepted #280: t=18.600s, hold=False
[INFO] [1786335006.578157751] [cartesian_streamer]: IK OK → Δmax=0.0150 rad, joints: [1.368, 0.419, 0.217, 0.000, -1.370, -1.240]
[INFO] [1786335006.911414637] [cartesian_streamer]: QueueTrajPoint accepted #300: t=19.932s, hold=False
[INFO] [1786335007.109633320] [cartesian_streamer]: Runtime rate: state=streaming, tick_hz=15.0, queue_send_hz=15.0, ack_hz=15.0, busy_hz=0.0, retry_count=0, reject_count=0, inter_ack_ms=66.7, max_joint_delta=0.090, cumul_time=20.07s, hold_count=0, ik_mode=Local, ik_avg_ms=0.91, ik_fails=0
[INFO] [1786335008.246364743] [cartesian_streamer]: QueueTrajPoint accepted #320: t=21.266s, hold=False
[INFO] [1786335008.643278862] [cartesian_streamer]: IK OK → Δmax=0.0415 rad, joints: [1.351, 0.305, 0.152, 0.000, -1.419, -1.224]
[INFO] [1786335009.444193625] [cartesian_streamer]: IK delta clamped → joints: [1.430, 0.298, 0.258, 0.000, -1.531, -1.303]
[INFO] [1786335009.578517059] [cartesian_streamer]: QueueTrajPoint accepted #340: t=22.599s, hold=False
[INFO] [1786335010.643924850] [cartesian_streamer]: IK OK → Δmax=0.0900 rad, joints: [1.506, 0.430, 0.538, 0.000, -1.627, -1.379]
[INFO] [1786335010.913041744] [cartesian_streamer]: QueueTrajPoint accepted #360: t=23.933s, hold=False
[INFO] [1786335012.109928984] [cartesian_streamer]: IK delta clamped → joints: [1.554, 0.362, 0.256, 0.000, -1.465, -1.427]
[INFO] [1786335012.176520743] [cartesian_streamer]: Runtime rate: state=streaming, tick_hz=15.0, queue_send_hz=15.0, ack_hz=15.0, busy_hz=0.0, retry_count=0, reject_count=0, inter_ack_ms=66.6, max_joint_delta=0.090, cumul_time=25.13s, hold_count=0, ik_mode=Local, ik_avg_ms=0.92, ik_fails=0
[INFO] [1786335012.246151570] [cartesian_streamer]: QueueTrajPoint accepted #380: t=25.266s, hold=False
[INFO] [1786335012.646064431] [cartesian_streamer]: IK OK → Δmax=0.0900 rad, joints: [1.575, 0.320, 0.149, -0.000, -1.413, -1.448]
[INFO] [1786335012.916619260] [cartesian_streamer]: Disable Robot: dừng stream, tắt traj mode...
[INFO] [1786335012.917286768] [cartesian_streamer]: ✗ Robot DISABLED.
[INFO] [1786335015.227248991] [cartesian_streamer]: Disable Robot: dừng stream, tắt traj mode...
[INFO] [1786335015.227640549] [cartesian_streamer]: ✗ Robot DISABLED.
[INFO] [1786335111.524068644] [cartesian_streamer]: Disable Robot: dừng stream, tắt traj mode...
[INFO] [1786335111.526430455] [cartesian_streamer]: ✗ Robot DISABLED.
[INFO] [1786335146.403668232] [cartesian_streamer]: Enable Robot: bắt đầu chuỗi khởi động...
[INFO] [1786335146.404090395] [cartesian_streamer]: Enable: reset_error...
[INFO] [1786335146.406594030] [cartesian_streamer]: reset_error: code=1, msg="Mock: Error Reset OK"
[INFO] [1786335146.406952453] [cartesian_streamer]: Enable: stop_traj_mode (giải phóng mode cũ)...
[INFO] [1786335146.407922036] [cartesian_streamer]: stop_traj_mode: success=True, code=N/A, msg="Mock: OK"
[INFO] [1786335146.408153350] [cartesian_streamer]: Enable: chờ 1.5s để hệ thống ổn định trước khi start queue...
[INFO] [1786335147.909098028] [cartesian_streamer]: Enable: StartPointQueueMode...
[INFO] [1786335147.912749871] [cartesian_streamer]: StartPointQueueMode response: code=1, msg="Mock: Queue Mode Started"
[INFO] [1786335147.913308811] [cartesian_streamer]: ✓ Robot ENABLED — Point Queue Mode active. Servo ON!
[INFO] [1786335147.976990331] [cartesian_streamer]: Runtime rate: state=seeding, tick_hz=0.1, queue_send_hz=0.1, ack_hz=0.1, busy_hz=0.0, retry_count=0, reject_count=0, inter_ack_ms=66.6, max_joint_delta=0.090, cumul_time=0.00s, hold_count=0, ik_mode=Local, ik_avg_ms=0.93, ik_fails=0
[WARN] [1786335147.977319159] [cartesian_streamer]: Target stream stale: không có target mới trong 135.1s
[WARN] [1786335147.977632348] [cartesian_streamer]: QueueTrajPoint đã được accept nhưng joint_states hầu như không đổi. Kiểm tra: 1) Robot ở mode AUTO? 2) Servo ON? 3) E-stop cleared?
[INFO] [1786335147.978229700] [cartesian_streamer]: Bootstrap EE pose via FK: (-0.1620, 0.2801, 0.3785)
[INFO] [1786335147.978883779] [cartesian_streamer]: Đã gửi seed point (current joints, t=0), chờ ACK...
[INFO] [1786335147.980725450] [cartesian_streamer]: Seed ACK nhận được, bắt đầu prebuffer.
[INFO] [1786335148.176628656] [cartesian_streamer]: Pre-buffer hoàn tất (3 points), bắt đầu stream ổn định. Đang chờ target...
[INFO] [1786335148.577074441] [cartesian_streamer]: QueueTrajPoint accepted #400: t=0.596s, hold=True
[INFO] [1786335149.909890187] [cartesian_streamer]: QueueTrajPoint accepted #420: t=1.929s, hold=True
[INFO] [1786335150.577954973] [cartesian_streamer]: IK OK → Δmax=0.0165 rad, joints: [1.585, 0.133, -1.057, -0.000, -0.381, -1.457]
[INFO] [1786335151.246200176] [cartesian_streamer]: QueueTrajPoint accepted #440: t=3.265s, hold=False
[INFO] [1786335152.576940862] [cartesian_streamer]: IK delta clamped → joints: [1.571, 0.084, -0.966, -0.000, -0.514, -1.444]
[INFO] [1786335152.581777240] [cartesian_streamer]: QueueTrajPoint accepted #460: t=4.599s, hold=False
[INFO] [1786335152.643764236] [cartesian_streamer]: IK OK → Δmax=0.0900 rad, joints: [1.564, 0.076, -0.948, 0.000, -0.520, -1.437]
[INFO] [1786335153.043023578] [cartesian_streamer]: Runtime rate: state=streaming, tick_hz=15.0, queue_send_hz=15.0, ack_hz=15.0, busy_hz=0.0, retry_count=0, reject_count=0, inter_ack_ms=1843.0, max_joint_delta=0.090, cumul_time=5.00s, hold_count=0, ik_mode=Local, ik_avg_ms=0.91, ik_fails=0
[INFO] [1786335153.912342923] [cartesian_streamer]: QueueTrajPoint accepted #480: t=5.932s, hold=False
[INFO] [1786335154.578264333] [cartesian_streamer]: IK delta clamped → joints: [1.383, 0.044, -0.525, 0.000, -0.675, -1.256]
[INFO] [1786335154.644123761] [cartesian_streamer]: IK OK → Δmax=0.0900 rad, joints: [1.390, 0.048, -0.511, 0.000, -0.680, -1.262]
[INFO] [1786335155.245797140] [cartesian_streamer]: QueueTrajPoint accepted #500: t=7.265s, hold=False
[INFO] [1786335156.583401478] [cartesian_streamer]: IK delta clamped → joints: [1.563, 0.187, -0.125, 0.000, -0.834, -1.436]
[INFO] [1786335156.586837735] [cartesian_streamer]: QueueTrajPoint accepted #520: t=8.606s, hold=False
[INFO] [1786335156.644811051] [cartesian_streamer]: IK OK → Δmax=0.0900 rad, joints: [1.566, 0.191, -0.110, 0.000, -0.840, -1.439]
[INFO] [1786335157.912939186] [cartesian_streamer]: QueueTrajPoint accepted #540: t=9.932s, hold=False
[INFO] [1786335158.041940131] [cartesian_streamer]: Runtime rate: state=streaming, tick_hz=15.0, queue_send_hz=15.0, ack_hz=15.0, busy_hz=0.0, retry_count=0, reject_count=0, inter_ack_ms=66.6, max_joint_delta=0.090, cumul_time=10.00s, hold_count=0, ik_mode=Local, ik_avg_ms=0.94, ik_fails=0
[INFO] [1786335158.642981082] [cartesian_streamer]: IK delta clamped → joints: [1.684, 0.420, 0.289, -0.000, -1.000, -1.557]
[INFO] [1786335158.710169970] [cartesian_streamer]: IK OK → Δmax=0.0900 rad, joints: [1.688, 0.431, 0.302, -0.000, -1.005, -1.561]
[INFO] [1786335159.246418017] [cartesian_streamer]: QueueTrajPoint accepted #560: t=11.266s, hold=False
[INFO] [1786335159.668803419] [cartesian_streamer]: Local IK không hội tụ (fail #1)
[WARN] [1786335160.266074970] [cartesian_streamer]: Local IK failed 10x liên tiếp! Fallback sang MoveIt! IK...
[INFO] [1786335160.663929780] [cartesian_streamer]: IK delta clamped → joints: [1.718, 0.606, 0.569, -0.000, -1.112, -1.591]
[INFO] [1786335160.733466995] [cartesian_streamer]: IK OK → Δmax=0.0900 rad, joints: [1.718, 0.606, 0.582, -0.000, -1.117, -1.591]
[INFO] [1786335160.735489425] [cartesian_streamer]: QueueTrajPoint accepted #580: t=12.755s, hold=False
[INFO] [1786335162.269472267] [cartesian_streamer]: QueueTrajPoint accepted #600: t=14.289s, hold=False
[WARN] [1786335162.329305537] [cartesian_streamer]: Local IK failed 36x liên tiếp! Fallback sang MoveIt! IK...
[INFO] [1786335162.666418786] [cartesian_streamer]: IK delta clamped → joints: [1.718, 0.606, 0.970, -0.000, -1.272, -1.591]
[INFO] [1786335162.805297519] [cartesian_streamer]: IK OK → Δmax=0.0900 rad, joints: [1.718, 0.606, 0.995, -0.000, -1.282, -1.591]
[INFO] [1786335163.108817953] [cartesian_streamer]: Runtime rate: state=streaming, tick_hz=15.0, queue_send_hz=14.0, ack_hz=14.0, busy_hz=0.0, retry_count=0, reject_count=0, inter_ack_ms=71.4, max_joint_delta=0.090, cumul_time=15.07s, hold_count=0, ik_mode=Local, ik_avg_ms=2.89, ik_fails=46
[INFO] [1786335163.580383134] [cartesian_streamer]: QueueTrajPoint accepted #620: t=15.600s, hold=False
[INFO] [1786335164.710362933] [cartesian_streamer]: IK delta clamped → joints: [1.693, 0.659, 0.655, -0.000, -1.409, -1.566]
[INFO] [1786335164.842865919] [cartesian_streamer]: IK OK → Δmax=0.0700 rad, joints: [1.690, 0.652, 0.629, -0.000, -1.384, -1.563]
[INFO] [1786335164.912460593] [cartesian_streamer]: QueueTrajPoint accepted #640: t=16.932s, hold=False
[INFO] [1786335166.247105765] [cartesian_streamer]: QueueTrajPoint accepted #660: t=18.266s, hold=False
[INFO] [1786335166.777671838] [cartesian_streamer]: IK delta clamped → joints: [1.561, 0.546, 0.242, 0.000, -1.133, -1.433]
[INFO] [1786335166.845313890] [cartesian_streamer]: IK OK → Δmax=0.0900 rad, joints: [1.555, 0.540, 0.229, 0.000, -1.127, -1.428]
[INFO] [1786335167.580587345] [cartesian_streamer]: QueueTrajPoint accepted #680: t=19.600s, hold=False
[INFO] [1786335168.108449518] [cartesian_streamer]: Runtime rate: state=streaming, tick_hz=15.0, queue_send_hz=15.0, ack_hz=15.0, busy_hz=0.0, retry_count=0, reject_count=0, inter_ack_ms=66.6, max_joint_delta=0.090, cumul_time=20.07s, hold_count=0, ik_mode=Local, ik_avg_ms=2.68, ik_fails=46
[INFO] [1786335168.777872624] [cartesian_streamer]: IK delta clamped → joints: [1.513, 0.323, -0.158, 0.000, -0.973, -1.386]
[INFO] [1786335168.910936758] [cartesian_streamer]: IK OK → Δmax=0.0900 rad, joints: [1.505, 0.325, -0.184, 0.000, -0.962, -1.378]
[INFO] [1786335168.913416626] [cartesian_streamer]: QueueTrajPoint accepted #700: t=20.933s, hold=False
[INFO] [1786335169.496050901] [cartesian_streamer]: Disable Robot: dừng stream, tắt traj mode...
[INFO] [1786335169.496549628] [cartesian_streamer]: ✗ Robot DISABLED.
[INFO] [1786335171.310088931] [cartesian_streamer]: Disable Robot: dừng stream, tắt traj mode...
[INFO] [1786335171.310644084] [cartesian_streamer]: ✗ Robot DISABLED.
