[INFO] [1786080512.327242744] [cartesian_streamer]: CartesianStreamer khởi động (chờ Enable Robot từ UI).
  Stream rate:       15 Hz (period=66.7ms)
  Queue dt:          0.067 s
  Prebuffer points:  3
  Retry backoff:     66.0 ms
  Gửi PoseStamped lên: /cartesian_streamer/target_pose
  Gửi XYZ lên:        /cartesian_streamer/target_xyz
  Nhận EE pose tại:   /cartesian_streamer/current_pose
[INFO] [1786080512.794511022] [cartesian_streamer]: Chờ /joint_states...
[INFO] [1786080513.051359645] [cartesian_streamer]: Nhận joint_states: ['1.571', '0.124', '-1.049', '0.000', '-0.398', '-1.444']
[INFO] [1786080513.294910864] [cartesian_streamer]: ⚡ Simulation mode: Bỏ qua FK cross-validation, ÉP DÙNG Local IK.
   (MoveIt không có planning library trong môi trường giả lập)
[INFO] [1786080513.295652540] [cartesian_streamer]: Đã nhận joint_states. EE hiện tại: (-0.1620, 0.2801, 0.3785). IK mode: Local DLS. Chờ Enable Robot từ UI...
[INFO] [1786080552.893834358] [cartesian_streamer]: Disable Robot: dừng stream, tắt traj mode...
[INFO] [1786080552.897603628] [cartesian_streamer]: ✗ Robot DISABLED.
[INFO] [1786080557.754118512] [cartesian_streamer]: Enable Robot: bắt đầu chuỗi khởi động...
[INFO] [1786080557.754510956] [cartesian_streamer]: Enable: reset_error...
[INFO] [1786080557.756808213] [cartesian_streamer]: reset_error: code=1, msg="Mock: Error Reset OK"
[INFO] [1786080557.757056878] [cartesian_streamer]: Enable: stop_traj_mode (giải phóng mode cũ)...
[INFO] [1786080557.758911777] [cartesian_streamer]: stop_traj_mode: success=True, code=N/A, msg="Mock: OK"
[INFO] [1786080557.759222178] [cartesian_streamer]: Enable: chờ 1.5s để hệ thống ổn định trước khi start queue...
[INFO] [1786080559.263483738] [cartesian_streamer]: Enable: StartPointQueueMode...
[INFO] [1786080559.264996939] [cartesian_streamer]: StartPointQueueMode response: code=1, msg="Mock: Queue Mode Started"
[INFO] [1786080559.265377351] [cartesian_streamer]: ✓ Robot ENABLED — Point Queue Mode active. Servo ON!
[INFO] [1786080559.294367855] [cartesian_streamer]: Runtime rate: state=seeding, tick_hz=0.0, queue_send_hz=0.0, ack_hz=0.0, busy_hz=0.0, retry_count=0, reject_count=0, inter_ack_ms=0.0, max_joint_delta=0.000, cumul_time=0.00s, hold_count=0, ik_mode=Local, ik_avg_ms=0.00, ik_fails=0
[INFO] [1786080559.295058046] [cartesian_streamer]: Bootstrap EE pose via FK: (-0.1620, 0.2801, 0.3785)
[INFO] [1786080559.295463674] [cartesian_streamer]: Đang stream qua service: /queue_traj_point
[INFO] [1786080559.295913205] [cartesian_streamer]: Đã gửi seed point (current joints, t=0), chờ ACK...
[INFO] [1786080559.298717550] [cartesian_streamer]: Seed ACK nhận được, bắt đầu prebuffer.
[INFO] [1786080559.299019054] [cartesian_streamer]: Queue accepted sample#1: svc=/queue_traj_point, t_cumul=0.0000s, code=1, msg="Mock: Point accepted (1)", hold=False
[INFO] [1786080559.363150937] [cartesian_streamer]: Queue accepted sample#2: svc=/queue_traj_point, t_cumul=0.0650s, code=1, msg="Mock: Point accepted (3)", hold=True
[INFO] [1786080559.430738504] [cartesian_streamer]: Queue accepted sample#3: svc=/queue_traj_point, t_cumul=0.1315s, code=1, msg="Mock: Point accepted (5)", hold=True
[INFO] [1786080559.497376535] [cartesian_streamer]: Pre-buffer hoàn tất (3 points), bắt đầu stream ổn định. Đang chờ target...
[INFO] [1786080559.497708916] [cartesian_streamer]: Queue accepted sample#4: svc=/queue_traj_point, t_cumul=0.1982s, code=1, msg="Mock: Point accepted (7)", hold=True
[INFO] [1786080559.563776520] [cartesian_streamer]: Queue accepted sample#5: svc=/queue_traj_point, t_cumul=0.2653s, code=1, msg="Mock: Point accepted (9)", hold=True
[INFO] [1786080560.563803254] [cartesian_streamer]: QueueTrajPoint accepted #20: t=1.265s, hold=True
[INFO] [1786080561.896789763] [cartesian_streamer]: QueueTrajPoint accepted #40: t=2.598s, hold=True
[INFO] [1786080563.230517256] [cartesian_streamer]: QueueTrajPoint accepted #60: t=3.931s, hold=True
[INFO] [1786080564.360952122] [cartesian_streamer]: Runtime rate: state=streaming, tick_hz=15.0, queue_send_hz=15.0, ack_hz=15.0, busy_hz=0.0, retry_count=0, reject_count=0, inter_ack_ms=66.6, max_joint_delta=0.000, cumul_time=5.00s, hold_count=75, ik_mode=Local, ik_avg_ms=0.00, ik_fails=0
[INFO] [1786080564.562889438] [cartesian_streamer]: QueueTrajPoint accepted #80: t=5.265s, hold=True
[INFO] [1786080565.095875707] [cartesian_streamer]: IK OK → Δmax=0.0066 rad, joints: [1.564, 0.127, -1.043, 0.000, -0.402, -1.437]
[INFO] [1786080565.900137684] [cartesian_streamer]: QueueTrajPoint accepted #100: t=6.601s, hold=False
[INFO] [1786080566.696717565] [cartesian_streamer]: IK delta clamped → joints: [1.442, 0.315, -0.674, 0.000, -0.585, -1.315]
[INFO] [1786080567.096640914] [cartesian_streamer]: IK OK → Δmax=0.0787 rad, joints: [1.427, 0.371, -0.595, 0.000, -0.634, -1.300]
[INFO] [1786080567.234415391] [cartesian_streamer]: QueueTrajPoint accepted #120: t=7.936s, hold=False
[INFO] [1786080568.566214667] [cartesian_streamer]: QueueTrajPoint accepted #140: t=9.268s, hold=False
[INFO] [1786080568.763167615] [cartesian_streamer]: IK delta clamped → joints: [1.392, 0.664, -0.262, 0.000, -0.778, -1.265]
[INFO] [1786080569.096799455] [cartesian_streamer]: IK OK → Δmax=0.0700 rad, joints: [1.390, 0.735, -0.195, 0.000, -0.776, -1.263]
[INFO] [1786080569.361565278] [cartesian_streamer]: Runtime rate: state=streaming, tick_hz=15.0, queue_send_hz=15.0, ack_hz=15.0, busy_hz=0.0, retry_count=0, reject_count=0, inter_ack_ms=66.7, max_joint_delta=0.090, cumul_time=10.00s, hold_count=0, ik_mode=Local, ik_avg_ms=1.21, ik_fails=0
[INFO] [1786080569.904223470] [cartesian_streamer]: QueueTrajPoint accepted #160: t=10.602s, hold=False
[INFO] [1786080570.764049453] [cartesian_streamer]: IK delta clamped → joints: [1.407, 0.967, -0.198, 0.000, -0.549, -1.280]
[INFO] [1786080571.097646311] [cartesian_streamer]: IK OK → Δmax=0.0900 rad, joints: [1.415, 0.986, -0.277, 0.000, -0.522, -1.288]
[INFO] [1786080571.235002406] [cartesian_streamer]: QueueTrajPoint accepted #180: t=11.937s, hold=False
[INFO] [1786080572.564852188] [cartesian_streamer]: QueueTrajPoint accepted #200: t=13.267s, hold=False
[INFO] [1786080572.827936451] [cartesian_streamer]: IK delta clamped → joints: [1.423, 0.978, -0.356, 0.000, -0.383, -1.297]
[INFO] [1786080573.163396028] [cartesian_streamer]: IK OK → Δmax=0.0900 rad, joints: [1.423, 0.978, -0.356, 0.000, -0.357, -1.297]
[INFO] [1786080573.898166534] [cartesian_streamer]: QueueTrajPoint accepted #220: t=14.600s, hold=False
[INFO] [1786080574.361249454] [cartesian_streamer]: Runtime rate: state=streaming, tick_hz=15.0, queue_send_hz=15.0, ack_hz=15.0, busy_hz=0.0, retry_count=0, reject_count=0, inter_ack_ms=66.6, max_joint_delta=0.090, cumul_time=15.00s, hold_count=0, ik_mode=Local, ik_avg_ms=1.17, ik_fails=0
[INFO] [1786080575.228078050] [cartesian_streamer]: IK OK → Δmax=0.0445 rad, joints: [1.423, 0.978, -0.356, 0.000, -0.237, -1.297]
[INFO] [1786080575.231284308] [cartesian_streamer]: QueueTrajPoint accepted #240: t=15.933s, hold=False
[INFO] [1786080576.564582243] [cartesian_streamer]: QueueTrajPoint accepted #260: t=17.267s, hold=False
[INFO] [1786080577.228102415] [cartesian_streamer]: IK OK → Δmax=0.0000 rad, joints: [1.423, 0.978, -0.356, 0.000, -0.237, -1.297]
[INFO] [1786080577.898320054] [cartesian_streamer]: QueueTrajPoint accepted #280: t=18.600s, hold=False
[INFO] [1786080579.228300402] [cartesian_streamer]: IK OK → Δmax=0.0000 rad, joints: [1.423, 0.978, -0.356, 0.000, -0.237, -1.297]
[INFO] [1786080579.231678211] [cartesian_streamer]: QueueTrajPoint accepted #300: t=19.933s, hold=False
[INFO] [1786080579.427329065] [cartesian_streamer]: Runtime rate: state=streaming, tick_hz=15.0, queue_send_hz=15.0, ack_hz=15.0, busy_hz=0.0, retry_count=0, reject_count=0, inter_ack_ms=66.7, max_joint_delta=0.090, cumul_time=20.07s, hold_count=0, ik_mode=Local, ik_avg_ms=0.87, ik_fails=0
[INFO] [1786080580.563388588] [cartesian_streamer]: QueueTrajPoint accepted #320: t=21.266s, hold=False
[WARN] [1786080580.760875551] [cartesian_streamer]: QueueTrajPoint đã được accept nhưng joint_states hầu như không đổi. Kiểm tra: 1) Robot ở mode AUTO? 2) Servo ON? 3) E-stop cleared?
[INFO] [1786080581.229302929] [cartesian_streamer]: IK OK → Δmax=0.0000 rad, joints: [1.423, 0.978, -0.356, 0.000, -0.237, -1.297]
[INFO] [1786080581.898057452] [cartesian_streamer]: QueueTrajPoint accepted #340: t=22.600s, hold=False
[INFO] [1786080583.230653775] [cartesian_streamer]: QueueTrajPoint accepted #360: t=23.933s, hold=False
[INFO] [1786080583.295893230] [cartesian_streamer]: IK OK → Δmax=0.0000 rad, joints: [1.423, 0.978, -0.356, 0.000, -0.237, -1.297]
[INFO] [1786080584.427240692] [cartesian_streamer]: Runtime rate: state=streaming, tick_hz=15.0, queue_send_hz=15.0, ack_hz=15.0, busy_hz=0.0, retry_count=0, reject_count=0, inter_ack_ms=66.7, max_joint_delta=0.000, cumul_time=25.07s, hold_count=0, ik_mode=Local, ik_avg_ms=0.75, ik_fails=0
[INFO] [1786080584.563772789] [cartesian_streamer]: QueueTrajPoint accepted #380: t=25.266s, hold=False
[INFO] [1786080585.296382132] [cartesian_streamer]: IK OK → Δmax=0.0000 rad, joints: [1.423, 0.978, -0.356, 0.000, -0.237, -1.297]
[WARN] [1786080585.761247226] [cartesian_streamer]: QueueTrajPoint đã được accept nhưng joint_states hầu như không đổi. Kiểm tra: 1) Robot ở mode AUTO? 2) Servo ON? 3) E-stop cleared?
[INFO] [1786080585.896735773] [cartesian_streamer]: QueueTrajPoint accepted #400: t=26.600s, hold=False
[INFO] [1786080587.230073774] [cartesian_streamer]: QueueTrajPoint accepted #420: t=27.933s, hold=False
[INFO] [1786080587.362188395] [cartesian_streamer]: IK OK → Δmax=0.0000 rad, joints: [1.423, 0.978, -0.356, 0.000, -0.237, -1.297]
[INFO] [1786080588.563514321] [cartesian_streamer]: QueueTrajPoint accepted #440: t=29.266s, hold=False
[INFO] [1786080589.428050853] [cartesian_streamer]: Runtime rate: state=streaming, tick_hz=15.0, queue_send_hz=15.0, ack_hz=15.0, busy_hz=0.0, retry_count=0, reject_count=0, inter_ack_ms=66.7, max_joint_delta=0.000, cumul_time=30.07s, hold_count=0, ik_mode=Local, ik_avg_ms=0.67, ik_fails=0
[INFO] [1786080589.428912795] [cartesian_streamer]: IK OK → Δmax=0.0000 rad, joints: [1.423, 0.978, -0.356, 0.000, -0.237, -1.297]
[INFO] [1786080589.897686176] [cartesian_streamer]: QueueTrajPoint accepted #460: t=30.600s, hold=False
[WARN] [1786080590.761425930] [cartesian_streamer]: QueueTrajPoint đã được accept nhưng joint_states hầu như không đổi. Kiểm tra: 1) Robot ở mode AUTO? 2) Servo ON? 3) E-stop cleared?
[INFO] [1786080591.230564257] [cartesian_streamer]: QueueTrajPoint accepted #480: t=31.933s, hold=False
[INFO] [1786080591.495184719] [cartesian_streamer]: IK OK → Δmax=0.0000 rad, joints: [1.423, 0.978, -0.356, 0.000, -0.237, -1.297]
[INFO] [1786080592.563891510] [cartesian_streamer]: QueueTrajPoint accepted #500: t=33.266s, hold=False
[INFO] [1786080593.561587037] [cartesian_streamer]: IK OK → Δmax=0.0000 rad, joints: [1.423, 0.978, -0.356, 0.000, -0.237, -1.297]
[INFO] [1786080593.898098261] [cartesian_streamer]: QueueTrajPoint accepted #520: t=34.600s, hold=False
[INFO] [1786080594.427885886] [cartesian_streamer]: Runtime rate: state=streaming, tick_hz=15.0, queue_send_hz=15.0, ack_hz=15.0, busy_hz=0.0, retry_count=0, reject_count=0, inter_ack_ms=66.7, max_joint_delta=0.000, cumul_time=35.07s, hold_count=0, ik_mode=Local, ik_avg_ms=0.61, ik_fails=0
[INFO] [1786080595.230429428] [cartesian_streamer]: QueueTrajPoint accepted #540: t=35.933s, hold=False
[INFO] [1786080595.564107474] [cartesian_streamer]: IK OK → Δmax=0.0000 rad, joints: [1.423, 0.978, -0.356, 0.000, -0.237, -1.297]
[WARN] [1786080595.762084690] [cartesian_streamer]: QueueTrajPoint đã được accept nhưng joint_states hầu như không đổi. Kiểm tra: 1) Robot ở mode AUTO? 2) Servo ON? 3) E-stop cleared?
[INFO] [1786080596.564398552] [cartesian_streamer]: QueueTrajPoint accepted #560: t=37.267s, hold=False
[INFO] [1786080597.629759453] [cartesian_streamer]: IK OK → Δmax=0.0000 rad, joints: [1.423, 0.978, -0.356, 0.000, -0.237, -1.297]
[INFO] [1786080597.898647561] [cartesian_streamer]: QueueTrajPoint accepted #580: t=38.601s, hold=False
[INFO] [1786080599.229414068] [cartesian_streamer]: QueueTrajPoint accepted #600: t=39.932s, hold=False
[INFO] [1786080599.494783191] [cartesian_streamer]: Runtime rate: state=streaming, tick_hz=15.0, queue_send_hz=15.0, ack_hz=15.0, busy_hz=0.0, retry_count=0, reject_count=0, inter_ack_ms=66.7, max_joint_delta=0.000, cumul_time=40.13s, hold_count=0, ik_mode=Local, ik_avg_ms=0.57, ik_fails=0
[INFO] [1786080599.695219743] [cartesian_streamer]: IK OK → Δmax=0.0000 rad, joints: [1.423, 0.978, -0.356, 0.000, -0.237, -1.297]
[INFO] [1786080600.563633619] [cartesian_streamer]: QueueTrajPoint accepted #620: t=41.266s, hold=False
[WARN] [1786080600.828007264] [cartesian_streamer]: QueueTrajPoint đã được accept nhưng joint_states hầu như không đổi. Kiểm tra: 1) Robot ở mode AUTO? 2) Servo ON? 3) E-stop cleared?
[INFO] [1786080601.695301974] [cartesian_streamer]: IK OK → Δmax=0.0000 rad, joints: [1.423, 0.978, -0.356, 0.000, -0.237, -1.297]
[INFO] [1786080601.898082470] [cartesian_streamer]: QueueTrajPoint accepted #640: t=42.600s, hold=False
[INFO] [1786080603.230343552] [cartesian_streamer]: QueueTrajPoint accepted #660: t=43.933s, hold=False
[INFO] [1786080603.695367017] [cartesian_streamer]: IK OK → Δmax=0.0000 rad, joints: [1.423, 0.978, -0.356, 0.000, -0.237, -1.297]
[INFO] [1786080604.561281019] [cartesian_streamer]: Runtime rate: state=streaming, tick_hz=15.0, queue_send_hz=15.0, ack_hz=15.0, busy_hz=0.0, retry_count=0, reject_count=0, inter_ack_ms=66.7, max_joint_delta=0.000, cumul_time=45.20s, hold_count=0, ik_mode=Local, ik_avg_ms=0.54, ik_fails=0
[INFO] [1786080604.564212374] [cartesian_streamer]: QueueTrajPoint accepted #680: t=45.267s, hold=False
[INFO] [1786080605.696262447] [cartesian_streamer]: IK OK → Δmax=0.0000 rad, joints: [1.423, 0.978, -0.356, 0.000, -0.237, -1.297]
[WARN] [1786080605.895452328] [cartesian_streamer]: QueueTrajPoint đã được accept nhưng joint_states hầu như không đổi. Kiểm tra: 1) Robot ở mode AUTO? 2) Servo ON? 3) E-stop cleared?
[INFO] [1786080605.898933162] [cartesian_streamer]: QueueTrajPoint accepted #700: t=46.601s, hold=False
[INFO] [1786080607.232339574] [cartesian_streamer]: QueueTrajPoint accepted #720: t=47.935s, hold=False
[INFO] [1786080607.763068739] [cartesian_streamer]: IK OK → Δmax=0.0000 rad, joints: [1.423, 0.978, -0.356, 0.000, -0.237, -1.297]
[INFO] [1786080608.564716311] [cartesian_streamer]: QueueTrajPoint accepted #740: t=49.267s, hold=False
[INFO] [1786080609.561610961] [cartesian_streamer]: Runtime rate: state=streaming, tick_hz=15.0, queue_send_hz=15.0, ack_hz=15.0, busy_hz=0.0, retry_count=0, reject_count=0, inter_ack_ms=66.7, max_joint_delta=0.000, cumul_time=50.20s, hold_count=0, ik_mode=Local, ik_avg_ms=0.53, ik_fails=0
[INFO] [1786080609.829257694] [cartesian_streamer]: IK OK → Δmax=0.0000 rad, joints: [1.423, 0.978, -0.356, 0.000, -0.237, -1.297]
[INFO] [1786080609.898965322] [cartesian_streamer]: QueueTrajPoint accepted #760: t=50.601s, hold=False
[WARN] [1786080610.961443977] [cartesian_streamer]: QueueTrajPoint đã được accept nhưng joint_states hầu như không đổi. Kiểm tra: 1) Robot ở mode AUTO? 2) Servo ON? 3) E-stop cleared?
[INFO] [1786080611.230209653] [cartesian_streamer]: QueueTrajPoint accepted #780: t=51.933s, hold=False
[INFO] [1786080611.895872211] [cartesian_streamer]: IK OK → Δmax=0.0000 rad, joints: [1.423, 0.978, -0.356, 0.000, -0.237, -1.297]
[INFO] [1786080612.564992239] [cartesian_streamer]: QueueTrajPoint accepted #800: t=53.267s, hold=False
[INFO] [1786080613.897573574] [cartesian_streamer]: QueueTrajPoint accepted #820: t=54.601s, hold=False
[INFO] [1786080613.962346041] [cartesian_streamer]: IK OK → Δmax=0.0000 rad, joints: [1.423, 0.978, -0.356, 0.000, -0.237, -1.297]
[INFO] [1786080614.627928604] [cartesian_streamer]: Runtime rate: state=streaming, tick_hz=15.0, queue_send_hz=15.0, ack_hz=15.0, busy_hz=0.0, retry_count=0, reject_count=0, inter_ack_ms=66.7, max_joint_delta=0.000, cumul_time=55.27s, hold_count=0, ik_mode=Local, ik_avg_ms=0.52, ik_fails=0
[INFO] [1786080615.231391107] [cartesian_streamer]: QueueTrajPoint accepted #840: t=55.934s, hold=False
[WARN] [1786080615.961899799] [cartesian_streamer]: QueueTrajPoint đã được accept nhưng joint_states hầu như không đổi. Kiểm tra: 1) Robot ở mode AUTO? 2) Servo ON? 3) E-stop cleared?
[INFO] [1786080615.962977927] [cartesian_streamer]: IK OK → Δmax=0.0000 rad, joints: [1.423, 0.978, -0.356, 0.000, -0.237, -1.297]
[INFO] [1786080616.563280202] [cartesian_streamer]: QueueTrajPoint accepted #860: t=57.266s, hold=False
[INFO] [1786080617.897476245] [cartesian_streamer]: QueueTrajPoint accepted #880: t=58.600s, hold=False
[INFO] [1786080618.028803795] [cartesian_streamer]: IK OK → Δmax=0.0000 rad, joints: [1.423, 0.978, -0.356, 0.000, -0.237, -1.297]
[INFO] [1786080619.231447290] [cartesian_streamer]: QueueTrajPoint accepted #900: t=59.934s, hold=False
[INFO] [1786080619.694921158] [cartesian_streamer]: Runtime rate: state=streaming, tick_hz=15.0, queue_send_hz=15.0, ack_hz=15.0, busy_hz=0.0, retry_count=0, reject_count=0, inter_ack_ms=66.7, max_joint_delta=0.000, cumul_time=60.33s, hold_count=0, ik_mode=Local, ik_avg_ms=0.51, ik_fails=0
[INFO] [1786080620.094712765] [cartesian_streamer]: IK OK → Δmax=0.0000 rad, joints: [1.423, 0.978, -0.356, 0.000, -0.237, -1.297]
[INFO] [1786080620.564415820] [cartesian_streamer]: QueueTrajPoint accepted #920: t=61.267s, hold=False
[WARN] [1786080621.027700303] [cartesian_streamer]: QueueTrajPoint đã được accept nhưng joint_states hầu như không đổi. Kiểm tra: 1) Robot ở mode AUTO? 2) Servo ON? 3) E-stop cleared?
[INFO] [1786080621.869579491] [cartesian_streamer]: Graceful shutdown: tắt Point Queue Mode trước khi thoát...
[WARN] [1786080621.870176408] [cartesian_streamer]: Lỗi khi shutdown: failed to check service availability: rcl node's context is invalid, at ./src/rcl/node.c:428
[INFO] [1786080621.870570976] [cartesian_streamer]: Shutdown hoàn tất. Tủ điện sẽ KHÔNG bị alarm.
