[INFO] [1786695731.292343473] [trajectory_predictor]: [Predictor] Worker launched (pid=47398)
[INFO] [1786695731.292807415] [trajectory_predictor]: [Predictor] Started | model=svgp | window=10 | auto_start=True
  Output Filter: enabled=True, ema_alpha=1.0, max_dev=0.08, max_rate=0.02
[WARN] [1786695732.503859221] [trajectory_predictor]: [Worker STDERR] /usr/lib/python3/dist-packages/scipy/__init__.py:146: UserWarning: A NumPy version >=1.17.3 and <1.25.0 is required for this version of SciPy (detected version 1.26.4
[WARN] [1786695732.504192477] [trajectory_predictor]: [Worker STDERR] warnings.warn(f"A NumPy version >={np_minversion} and <{np_maxversion}"
[INFO] [1786695733.404635121] [trajectory_predictor]: [Worker] TF 2.15.0 and sklearn loaded
[INFO] [1786695734.508231452] [trajectory_predictor]: [Predictor] Worker READY | model=svgp
[INFO] [1786695740.419706548] [trajectory_predictor]: [Filter] raw=(0.0721,0.2916,0.0455) → filt=(0.5559,-2.0430,-0.0572) Δ=(0.4839,2.3346,0.1028)
[INFO] [1786695746.414543724] [trajectory_predictor]: [Hybrid] FOLLOWER -> LEADER | x_0=(0.5578,-2.0508,-0.0488) | GOAL=(-0.1528,0.5660,-0.0325) | t_f=6.37s | 192 steps @ 30Hz | GRU worker dừng gửi lệnh predict (tiết kiệm tài nguyên)
[INFO] [1786695757.619984635] [trajectory_predictor]: [Predictor] Predicting STOPPED
[INFO] [1786695760.437147833] [trajectory_predictor]: [Predictor] Auto-enabled prediction mode via /trajectory_mode
[INFO] [1786695761.213014685] [trajectory_predictor]: [Filter] raw=(0.1541,-0.0562,-0.0130) → filt=(0.0774,-0.0562,-0.0130) Δ=(0.0767,0.0000,0.0000)
[INFO] [1786695763.515221041] [trajectory_predictor]: [Predictor] Switching model → svgp
[INFO] [1786695763.515835135] [trajectory_predictor]: [Hybrid] Mode ENABLED (GRU+MJM). Timer T_SWITCH sẽ bắt đầu khi Start Run.
[INFO] [1786695763.540175665] [trajectory_predictor]: [Predictor] Model switched to svgp
[INFO] [1786695766.462520515] [trajectory_predictor]: [Hybrid] FOLLOWER -> LEADER | x_0=(0.0774,-0.0562,-0.0130) | GOAL=(-0.1528,0.5660,-0.0325) | t_f=5.02s | 151 steps @ 30Hz | GRU worker dừng gửi lệnh predict (tiết kiệm tài nguyên)
[INFO] [1786695770.374931870] [trajectory_predictor]: [Predictor] Predicting STOPPED
[INFO] [1786695781.334377629] [trajectory_predictor]: [Predictor] Predicting STARTED
[INFO] [1786695782.764168001] [trajectory_predictor]: [Filter] raw=(0.1772,-0.1412,0.0728) → filt=(0.1772,-0.1412,0.0728) Δ=(0.0000,0.0000,0.0000)
[INFO] [1786695787.344349487] [trajectory_predictor]: [Hybrid] FOLLOWER -> LEADER | x_0=(-0.0591,0.4288,0.1780) | GOAL=(-0.1528,0.5660,-0.0325) | t_f=4.15s | 125 steps @ 30Hz | GRU worker dừng gửi lệnh predict (tiết kiệm tài nguyên)
[INFO] [1786695803.270465491] [trajectory_predictor]: [Predictor] Buffer cleared (no data for 1.4s)
[INFO] [1786695827.269669730] [trajectory_predictor]: [Predictor] Buffer cleared (no data for 1.1s)
[INFO] [1786695861.725433622] [trajectory_predictor]: [Predictor] Predicting STOPPED
[INFO] [1786695879.574446019] [trajectory_predictor]: [Predictor] Predicting STARTED
[INFO] [1786695882.263865110] [trajectory_predictor]: [Filter] raw=(0.1686,-0.1726,0.1042) → filt=(0.1686,-0.2025,0.1042) Δ=(0.0000,0.0299,0.0000)
[INFO] [1786695885.583200018] [trajectory_predictor]: [Hybrid] FOLLOWER -> LEADER | x_0=(-0.1328,0.4646,0.0631) | GOAL=(-0.1528,0.5660,-0.0325) | t_f=3.54s | 107 steps @ 30Hz | GRU worker dừng gửi lệnh predict (tiết kiệm tài nguyên)
[INFO] [1786695890.585433484] [trajectory_predictor]: [Predictor] Predicting STOPPED
[INFO] [1786695912.533708645] [trajectory_predictor]: [Predictor] Predicting STOPPED
[INFO] [1786695919.439090013] [trajectory_predictor]: [Predictor] Predicting STARTED
[INFO] [1786695919.522109216] [trajectory_predictor]: [Filter] raw=(0.1814,-0.2056,-0.0276) → filt=(0.1814,-0.2056,-0.0276) Δ=(0.0000,0.0000,0.0000)
[INFO] [1786695925.474539603] [trajectory_predictor]: [Hybrid] FOLLOWER -> LEADER | x_0=(-0.1303,0.4510,0.1238) | GOAL=(-0.1528,0.5660,-0.0325) | t_f=3.85s | 116 steps @ 30Hz | GRU worker dừng gửi lệnh predict (tiết kiệm tài nguyên)
[INFO] [1786695929.674104222] [trajectory_predictor]: [Predictor] Predicting STOPPED
[INFO] [1786695948.822790672] [trajectory_predictor]: [Predictor] Predicting STARTED
[INFO] [1786695949.936657221] [trajectory_predictor]: [Filter] raw=(0.1818,-0.1880,0.0198) → filt=(0.1818,-0.1880,0.0198) Δ=(0.0000,0.0000,0.0000)
[INFO] [1786695954.861021756] [trajectory_predictor]: [Hybrid] FOLLOWER -> LEADER | x_0=(-0.1197,0.4082,0.1417) | GOAL=(-0.1528,0.5660,-0.0325) | t_f=4.04s | 122 steps @ 30Hz | GRU worker dừng gửi lệnh predict (tiết kiệm tài nguyên)
[INFO] [1786695959.854824175] [trajectory_predictor]: [Predictor] Predicting STOPPED
[INFO] [1786695969.269506972] [trajectory_predictor]: [Predictor] Buffer cleared (no data for 1.6s)
