[INFO] [1786092029.483131931] [predictor_ui]: [UI] Node started
[INFO] [1786092059.883976316] [predictor_ui]: [UI] Trajectory mode set to: prediction
[INFO] [1786092061.897949284] [predictor_ui]: [UI] Model cmd → svgp
[INFO] [1786092061.898249030] [predictor_ui]: [UI] Hybrid cmd → hybrid_on
[INFO] [1786092096.314493581] [predictor_ui]: [UI] Capture Init Pose thành công: Captured Init Pose! P_init=(-0.162, 0.280, 0.379), Cam_init=(0.010, -0.006, -0.007), Noise_Tol=60.0mm
Orientation=(0.998, 0.064, -0.000, 0.000)
[INFO] [1786092096.320037104] [predictor_ui]: [UI] Capture Init Pose thành công: Captured Init Pose! P_init=(-0.162, 0.280, 0.379), Cam_init=(0.010, -0.006, -0.007), Noise_Tol=60.0mm
Orientation=(0.998, 0.064, -0.000, 0.000)
[INFO] [1786092118.715665901] [predictor_ui]: [UI] Auto-disabled robot on Stop Run
[INFO] [1786092160.969034488] [predictor_ui]: [UI] Capture Init Pose thành công: Captured Init Pose! P_init=(-0.162, 0.280, 0.379), Cam_init=(-0.001, 0.003, -0.005), Noise_Tol=60.0mm
Orientation=(0.998, 0.064, -0.000, 0.000)
[INFO] [1786092184.419790672] [predictor_ui]: [UI] Auto-disabled robot on Stop Run
[INFO] [1786092208.531864534] [predictor_ui]: [UI] Trajectory mode set to: prediction
[INFO] [1786092212.058302048] [predictor_ui]: [UI] Model cmd → svgp
[INFO] [1786092212.058561167] [predictor_ui]: [UI] Hybrid cmd → hybrid_on
[INFO] [1786092245.483562292] [predictor_ui]: [UI] Capture Init Pose thành công: Captured Init Pose! P_init=(-0.058, 0.714, 0.050), Cam_init=(-0.001, -0.030, -0.001), Noise_Tol=60.0mm
Orientation=(0.998, 0.064, -0.000, 0.000)
[INFO] [1786092266.656402322] [predictor_ui]: [UI] Auto-disabled robot on Stop Run
[INFO] [1786092295.109389992] [predictor_ui]: [UI] Trajectory mode set to: prediction
[INFO] [1786092297.160689167] [predictor_ui]: [UI] Model cmd → svgp
[INFO] [1786092297.161175065] [predictor_ui]: [UI] Hybrid cmd → hybrid_off
