[INFO] [1786701543.344305936] [cartesian_streamer]: CartesianStreamer khởi động (chờ Enable Robot từ UI).
  Stream rate:       15 Hz (period=66.7ms)
  Queue dt:          0.067 s
  Prebuffer points:  3
  Retry backoff:     66.0 ms
  Gửi PoseStamped lên: /cartesian_streamer/target_pose
  Gửi XYZ lên:        /cartesian_streamer/target_xyz
  Nhận EE pose tại:   /cartesian_streamer/current_pose
[INFO] [1786701543.383234666] [cartesian_streamer]: Nhận joint_states: ['1.571', '0.124', '-1.003', '0.000', '-0.386', '-1.879']
[INFO] [1786701543.825045154] [cartesian_streamer]: ⚡ Simulation mode: Bỏ qua FK cross-validation, ÉP DÙNG Local IK.
   (MoveIt không có planning library trong môi trường giả lập)
[INFO] [1786701543.825564035] [cartesian_streamer]: Đã nhận joint_states. EE hiện tại: (-0.1620, 0.3090, 0.3883). IK mode: Local DLS. Chờ Enable Robot từ UI...
[INFO] [1786701565.092852691] [cartesian_streamer]: Disable Robot: dừng stream, tắt traj mode...
[INFO] [1786701565.093407548] [cartesian_streamer]: ✗ Robot DISABLED.
[INFO] [1786701585.739540210] [cartesian_streamer]: Disable Robot: dừng stream, tắt traj mode...
[INFO] [1786701585.740836913] [cartesian_streamer]: ✗ Robot DISABLED.
[INFO] [1786701589.044277804] [cartesian_streamer]: Enable Robot: bắt đầu chuỗi khởi động...
[INFO] [1786701589.044643418] [cartesian_streamer]: Enable: reset_error...
[INFO] [1786701589.049972579] [cartesian_streamer]: reset_error: code=1, msg="success"
[INFO] [1786701589.050524460] [cartesian_streamer]: Enable: stop_traj_mode (giải phóng mode cũ)...
[INFO] [1786701589.114514085] [cartesian_streamer]: stop_traj_mode: success=True, code=N/A, msg=""
[INFO] [1786701589.114893935] [cartesian_streamer]: Enable: chờ 1.5s để hệ thống ổn định trước khi start queue...
[INFO] [1786701590.616027908] [cartesian_streamer]: Enable: StartPointQueueMode...
[INFO] [1786701592.092450438] [cartesian_streamer]: StartPointQueueMode response: code=1, msg=""
[INFO] [1786701592.093154746] [cartesian_streamer]: ✓ Robot ENABLED — Point Queue Mode active. Servo ON!
[INFO] [1786701592.127756983] [cartesian_streamer]: Runtime rate: state=seeding, tick_hz=0.0, queue_send_hz=0.0, ack_hz=0.0, busy_hz=0.0, retry_count=0, reject_count=0, inter_ack_ms=0.0, max_joint_delta=0.000, cumul_time=0.00s, hold_count=0, ik_mode=Local, ik_avg_ms=0.00, ik_fails=0
[INFO] [1786701592.129155471] [cartesian_streamer]: Bootstrap EE pose via FK: (-0.1620, 0.3090, 0.3883)
[INFO] [1786701592.129638197] [cartesian_streamer]: Đang stream qua service: /queue_traj_point
[INFO] [1786701592.130291082] [cartesian_streamer]: Đã gửi seed point (current joints, t=0), chờ ACK...
[INFO] [1786701592.133795813] [cartesian_streamer]: Seed ACK nhận được, bắt đầu prebuffer.
[INFO] [1786701592.134345861] [cartesian_streamer]: Queue accepted sample#1: svc=/queue_traj_point, t_cumul=0.0000s, code=1, msg="", hold=False
[INFO] [1786701592.310381197] [cartesian_streamer]: Queue accepted sample#2: svc=/queue_traj_point, t_cumul=0.0610s, code=1, msg="", hold=True
[INFO] [1786701592.342283254] [cartesian_streamer]: Queue accepted sample#3: svc=/queue_traj_point, t_cumul=0.1939s, code=1, msg="", hold=True
[INFO] [1786701592.401263394] [cartesian_streamer]: Pre-buffer hoàn tất (3 points), bắt đầu stream ổn định. Đang chờ target...
[INFO] [1786701592.401637022] [cartesian_streamer]: Queue accepted sample#4: svc=/queue_traj_point, t_cumul=0.2611s, code=1, msg="", hold=True
[INFO] [1786701592.473139848] [cartesian_streamer]: Queue accepted sample#5: svc=/queue_traj_point, t_cumul=0.3284s, code=1, msg="", hold=True
[WARN] [1786701593.210311163] [cartesian_streamer]: Queue BUSY, sẽ resend (backoff 66ms): msg="Busy processing the previous trajectory point. Please resend the next point shortly"
[INFO] [1786701594.347277901] [cartesian_streamer]: QueueTrajPoint accepted #20: t=1.795s, hold=True
[WARN] [1786701594.533266662] [cartesian_streamer]: Queue BUSY, sẽ resend (backoff 66ms): msg="Busy processing the previous trajectory point. Please resend the next point shortly"
[WARN] [1786701595.600667435] [cartesian_streamer]: Queue BUSY, sẽ resend (backoff 66ms): msg="Busy processing the previous trajectory point. Please resend the next point shortly"
[INFO] [1786701597.149619863] [cartesian_streamer]: QueueTrajPoint accepted #40: t=4.194s, hold=True
[INFO] [1786701597.191589077] [cartesian_streamer]: Runtime rate: state=streaming, tick_hz=15.0, queue_send_hz=8.5, ack_hz=7.9, busy_hz=0.6, retry_count=3, reject_count=0, inter_ack_ms=128.6, max_joint_delta=0.000, cumul_time=4.19s, hold_count=39, ik_mode=Local, ik_avg_ms=0.00, ik_fails=0
[WARN] [1786701598.140737114] [cartesian_streamer]: Queue BUSY, sẽ resend (backoff 66ms): msg="Busy processing the previous trajectory point. Please resend the next point shortly"
[WARN] [1786701599.445093649] [cartesian_streamer]: Queue BUSY, sẽ resend (backoff 66ms): msg="Busy processing the previous trajectory point. Please resend the next point shortly"
[INFO] [1786701599.678138797] [cartesian_streamer]: QueueTrajPoint accepted #60: t=6.195s, hold=True
[INFO] [1786701601.785582394] [cartesian_streamer]: QueueTrajPoint accepted #80: t=8.195s, hold=True
[INFO] [1786701602.191518067] [cartesian_streamer]: Runtime rate: state=streaming, tick_hz=15.0, queue_send_hz=9.4, ack_hz=8.8, busy_hz=0.4, retry_count=2, reject_count=0, inter_ack_ms=111.8, max_joint_delta=0.000, cumul_time=8.66s, hold_count=84, ik_mode=Local, ik_avg_ms=0.00, ik_fails=0
[INFO] [1786701604.183930186] [cartesian_streamer]: QueueTrajPoint accepted #100: t=10.461s, hold=True
[INFO] [1786701606.202583024] [cartesian_streamer]: QueueTrajPoint accepted #120: t=12.394s, hold=True
[INFO] [1786701607.058411751] [cartesian_streamer]: IK OK → Δmax=0.0000 rad, joints: [1.571, 0.124, -1.003, 0.000, -0.386, -1.879]
[WARN] [1786701607.191143175] [cartesian_streamer]: QueueTrajPoint đã được accept nhưng joint_states hầu như không đổi. Kiểm tra: 1) Robot ở mode AUTO? 2) Servo ON? 3) E-stop cleared?
[INFO] [1786701607.257919493] [cartesian_streamer]: Runtime rate: state=streaming, tick_hz=15.0, queue_send_hz=9.3, ack_hz=9.5, busy_hz=0.0, retry_count=0, reject_count=0, inter_ack_ms=106.9, max_joint_delta=0.006, cumul_time=13.40s, hold_count=0, ik_mode=Local, ik_avg_ms=0.58, ik_fails=0
[INFO] [1786701607.939092695] [cartesian_streamer]: QueueTrajPoint accepted #140: t=14.129s, hold=False
[INFO] [1786701608.459338811] [cartesian_streamer]: IK delta clamped → joints: [1.533, 0.232, -0.769, -0.004, -0.518, -1.837]
[INFO] [1786701609.059333520] [cartesian_streamer]: IK OK → Δmax=0.0900 rad, joints: [1.527, 0.253, -0.648, -0.004, -0.588, -1.832]
[INFO] [1786701609.672633317] [cartesian_streamer]: QueueTrajPoint accepted #160: t=15.863s, hold=False
[INFO] [1786701610.459899656] [cartesian_streamer]: IK delta clamped → joints: [1.505, 0.428, -0.355, -0.005, -0.705, -1.811]
[INFO] [1786701611.060796797] [cartesian_streamer]: IK OK → Δmax=0.0900 rad, joints: [1.502, 0.523, -0.235, -0.005, -0.753, -1.808]
[INFO] [1786701611.406301967] [cartesian_streamer]: QueueTrajPoint accepted #180: t=17.597s, hold=False
[INFO] [1786701612.258263071] [cartesian_streamer]: Runtime rate: state=streaming, tick_hz=15.0, queue_send_hz=11.6, ack_hz=11.6, busy_hz=0.0, retry_count=0, reject_count=0, inter_ack_ms=86.3, max_joint_delta=0.090, cumul_time=18.40s, hold_count=0, ik_mode=Local, ik_avg_ms=0.80, ik_fails=0
[INFO] [1786701612.526339665] [cartesian_streamer]: IK delta clamped → joints: [1.483, 0.814, 0.058, -0.005, -0.871, -1.790]
[INFO] [1786701612.890422710] [cartesian_streamer]: QueueTrajPoint accepted #200: t=19.063s, hold=False
[INFO] [1786701613.126131726] [cartesian_streamer]: IK OK → Δmax=0.0900 rad, joints: [1.473, 0.972, 0.178, -0.006, -0.919, -1.781]
[INFO] [1786701613.415179138] [cartesian_streamer]: Local IK không hội tụ (fail #1)
[WARN] [1786701614.012698908] [cartesian_streamer]: Local IK failed 10x liên tiếp! Fallback sang MoveIt! IK...
[INFO] [1786701614.542403137] [cartesian_streamer]: IK delta clamped → joints: [1.470, 1.050, 0.327, -0.006, -0.978, -1.778]
[INFO] [1786701614.703032137] [cartesian_streamer]: QueueTrajPoint accepted #220: t=20.885s, hold=False
[INFO] [1786701615.154708552] [cartesian_streamer]: IK OK → Δmax=0.0900 rad, joints: [1.470, 1.050, 0.447, -0.006, -1.026, -1.778]
[WARN] [1786701616.013225860] [cartesian_streamer]: Local IK failed 40x liên tiếp! Fallback sang MoveIt! IK...
[INFO] [1786701616.434804222] [cartesian_streamer]: QueueTrajPoint accepted #240: t=22.547s, hold=False
[INFO] [1786701616.607800424] [cartesian_streamer]: IK delta clamped → joints: [1.470, 1.050, 0.715, -0.006, -1.133, -1.778]
[INFO] [1786701617.208901172] [cartesian_streamer]: IK OK → Δmax=0.0900 rad, joints: [1.470, 1.050, 0.847, -0.006, -1.186, -1.778]
[INFO] [1786701617.324938476] [cartesian_streamer]: Runtime rate: state=streaming, tick_hz=15.0, queue_send_hz=12.0, ack_hz=12.0, busy_hz=0.0, retry_count=0, reject_count=0, inter_ack_ms=83.6, max_joint_delta=0.090, cumul_time=23.42s, hold_count=0, ik_mode=Local, ik_avg_ms=7.31, ik_fails=58
[WARN] [1786701618.072077780] [cartesian_streamer]: Local IK failed 70x liên tiếp! Fallback sang MoveIt! IK...
[INFO] [1786701618.215167764] [cartesian_streamer]: QueueTrajPoint accepted #260: t=24.212s, hold=False
[INFO] [1786701618.612470986] [cartesian_streamer]: IK delta clamped → joints: [1.470, 1.050, 1.019, -0.006, -1.298, -1.778]
[INFO] [1786701619.211095673] [cartesian_streamer]: IK OK → Δmax=0.0900 rad, joints: [1.470, 1.050, 1.019, -0.006, -1.324, -1.778]
[WARN] [1786701620.081978101] [cartesian_streamer]: Local IK failed 100x liên tiếp! Fallback sang MoveIt! IK...
[INFO] [1786701620.107595764] [cartesian_streamer]: QueueTrajPoint accepted #280: t=26.151s, hold=False
[INFO] [1786701620.676438305] [cartesian_streamer]: IK delta clamped → joints: [1.470, 1.050, 1.019, -0.006, -1.442, -1.778]
[WARN] [1786701620.818343375] [cartesian_streamer]: ⚠ Queue mode bị drop! Auto-recovery lần 1/3...
[INFO] [1786701621.319451002] [cartesian_streamer]: Auto-recovery: bắt đầu re-enable queue mode...
[INFO] [1786701621.320089411] [cartesian_streamer]: Enable: reset_error...
[INFO] [1786701621.330416662] [cartesian_streamer]: reset_error: code=105, msg="Pendant is not in REMOTE mode"
[INFO] [1786701621.330695077] [cartesian_streamer]: Enable: stop_traj_mode (giải phóng mode cũ)...
[INFO] [1786701621.941561616] [cartesian_streamer]: stop_traj_mode: success=True, code=N/A, msg=""
[INFO] [1786701621.941849719] [cartesian_streamer]: Enable: chờ 1.5s để hệ thống ổn định trước khi start queue...
[INFO] [1786701623.442509483] [cartesian_streamer]: Enable: StartPointQueueMode...
[INFO] [1786701624.867694350] [cartesian_streamer]: StartPointQueueMode response: code=1, msg=""
[INFO] [1786701624.868043514] [cartesian_streamer]: ✓ Robot ENABLED — Point Queue Mode active. Servo ON!
[INFO] [1786701624.923984840] [cartesian_streamer]: Runtime rate: state=seeding, tick_hz=7.0, queue_send_hz=4.7, ack_hz=4.6, busy_hz=0.0, retry_count=0, reject_count=1, inter_ack_ms=98.8, max_joint_delta=0.090, cumul_time=0.00s, hold_count=0, ik_mode=Local, ik_avg_ms=9.96, ik_fails=111
[INFO] [1786701624.924880426] [cartesian_streamer]: Bootstrap EE pose via FK: (-0.0485, 1.1418, 0.4812)
[INFO] [1786701624.925600344] [cartesian_streamer]: Đã gửi seed point (current joints, t=0), chờ ACK...
[INFO] [1786701624.930421678] [cartesian_streamer]: Seed ACK nhận được, bắt đầu prebuffer.
[INFO] [1786701625.370343894] [cartesian_streamer]: Pre-buffer hoàn tất (3 points), bắt đầu stream ổn định. Đang chờ target...
[WARN] [1786701625.409279734] [cartesian_streamer]: Local IK failed 112x liên tiếp! Fallback sang MoveIt! IK...
[INFO] [1786701625.410421717] [cartesian_streamer]: IK delta clamped → joints: [1.470, 1.050, 1.019, -0.006, -1.443, -1.778]
[INFO] [1786701625.410718977] [cartesian_streamer]: IK OK → Δmax=0.0900 rad, joints: [1.470, 1.050, 1.019, -0.006, -1.443, -1.778]
[INFO] [1786701626.483055362] [cartesian_streamer]: QueueTrajPoint accepted #300: t=1.398s, hold=False
[WARN] [1786701627.291669228] [cartesian_streamer]: ⚠ Queue mode bị drop! Auto-recovery lần 1/3...
[INFO] [1786701627.792646538] [cartesian_streamer]: Auto-recovery: bắt đầu re-enable queue mode...
[INFO] [1786701627.793161744] [cartesian_streamer]: Enable: reset_error...
[INFO] [1786701627.804720843] [cartesian_streamer]: reset_error: code=105, msg="Pendant is not in REMOTE mode"
[INFO] [1786701627.805202888] [cartesian_streamer]: Enable: stop_traj_mode (giải phóng mode cũ)...
[INFO] [1786701628.302173631] [cartesian_streamer]: stop_traj_mode: success=True, code=N/A, msg=""
[INFO] [1786701628.302544655] [cartesian_streamer]: Enable: chờ 1.5s để hệ thống ổn định trước khi start queue...
[INFO] [1786701629.803716921] [cartesian_streamer]: Enable: StartPointQueueMode...
[INFO] [1786701629.826562206] [cartesian_streamer]: StartPointQueueMode response: code=104, msg="The teach pendant must not be in TEACH mode"
[ERROR] [1786701629.827056664] [cartesian_streamer]: StartPointQueueMode FAILED: The teach pendant must not be in TEACH mode
[INFO] [1786702075.492418044] [cartesian_streamer]: Graceful shutdown: tắt Point Queue Mode trước khi thoát...
[INFO] [1786702075.494613760] [cartesian_streamer]: Robot chưa enable, không cần stop_traj_mode.
[INFO] [1786702075.494976061] [cartesian_streamer]: Shutdown hoàn tất. Tủ điện sẽ KHÔNG bị alarm.
