[INFO] [1786697639.041797466] [trajectory_predictor]: [Predictor] Worker launched (pid=57463)
[INFO] [1786697639.042224446] [trajectory_predictor]: [Predictor] Started | model=svgp | window=10 | auto_start=True
  Output Filter: enabled=True, ema_alpha=1.0, max_dev=0.08, max_rate=0.02
[WARN] [1786697640.219498263] [trajectory_predictor]: [Worker STDERR] /usr/lib/python3/dist-packages/scipy/__init__.py:146: UserWarning: A NumPy version >=1.17.3 and <1.25.0 is required for this version of SciPy (detected version 1.26.4
[WARN] [1786697640.220337415] [trajectory_predictor]: [Worker STDERR] warnings.warn(f"A NumPy version >={np_minversion} and <{np_maxversion}"
[INFO] [1786697641.064501189] [trajectory_predictor]: [Worker] TF 2.15.0 and sklearn loaded
[INFO] [1786697642.053513532] [trajectory_predictor]: [Predictor] Worker READY | model=svgp
[INFO] [1786697670.522977024] [trajectory_predictor]: [Filter] raw=(0.0695,0.2933,0.0428) → filt=(0.4015,-2.2440,-0.1470) Δ=(0.3320,2.5373,0.1898)
[INFO] [1786697672.026120178] [trajectory_predictor]: [Predictor] Buffer cleared (no data for 1.2s)
[INFO] [1786697674.026890657] [trajectory_predictor]: [Predictor] Buffer cleared (no data for 1.0s)
[INFO] [1786697678.026181120] [trajectory_predictor]: [Predictor] Buffer cleared (no data for 1.9s)
[INFO] [1786697698.332042308] [trajectory_predictor]: [Hybrid] FOLLOWER -> LEADER | x_0=(0.0927,-0.9871,0.0249) | GOAL=(-0.1528,0.5660,-0.0325) | t_f=5.85s | 176 steps @ 30Hz | GRU worker dừng gửi lệnh predict (tiết kiệm tài nguyên)
[INFO] [1786697702.027359993] [trajectory_predictor]: [Predictor] Buffer cleared (no data for 1.1s)
[INFO] [1786697704.193234108] [trajectory_predictor]: ✅ [MJM] ĐÃ CHẠM ĐÍCH (GOAL REACHED)!
[INFO] [1786697708.215294855] [trajectory_predictor]: [Predictor] Auto-disabled prediction mode via /trajectory_mode
[INFO] [1786697731.190385616] [trajectory_predictor]: [Predictor] Predicting STOPPED
[INFO] [1786697752.143665211] [trajectory_predictor]: [Predictor] Predicting STOPPED
[INFO] [1786697760.108907237] [trajectory_predictor]: [Predictor] Predicting STOPPED
[INFO] [1786697850.669125887] [trajectory_predictor]: [Predictor] Auto-enabled prediction mode via /trajectory_mode
[INFO] [1786697851.425902054] [trajectory_predictor]: [Filter] raw=(0.2179,-0.2751,-0.0344) → filt=(0.2179,-0.2751,-0.0344) Δ=(0.0000,0.0000,0.0000)
[INFO] [1786697853.499830413] [trajectory_predictor]: [Predictor] Switching model → svgp
[INFO] [1786697853.500883877] [trajectory_predictor]: [Hybrid] Mode ENABLED (GRU+MJM). Timer T_SWITCH sẽ bắt đầu khi Start Run.
[INFO] [1786697853.544085356] [trajectory_predictor]: [Predictor] Model switched to svgp
[INFO] [1786697856.576223304] [trajectory_predictor]: [Predictor] Predicting STOPPED
[INFO] [1786697873.497908231] [trajectory_predictor]: [Predictor] Predicting STARTED
[INFO] [1786697875.140312967] [trajectory_predictor]: [Filter] raw=(0.1857,-0.1221,0.0793) → filt=(0.1857,-0.1221,0.0793) Δ=(0.0000,0.0000,0.0000)
[INFO] [1786697879.537427862] [trajectory_predictor]: [Hybrid] FOLLOWER -> LEADER | x_0=(-0.1483,0.5615,0.1303) | GOAL=(-0.1528,0.5660,-0.0325) | t_f=3.68s | 111 steps @ 30Hz | GRU worker dừng gửi lệnh predict (tiết kiệm tài nguyên)
[INFO] [1786697881.486557387] [trajectory_predictor]: [Predictor] Predicting STOPPED
[INFO] [1786697893.026206969] [trajectory_predictor]: [Predictor] Buffer cleared (no data for 1.0s)
[INFO] [1786697903.027217599] [trajectory_predictor]: [Predictor] Buffer cleared (no data for 1.5s)
[INFO] [1786697922.026163028] [trajectory_predictor]: [Predictor] Buffer cleared (no data for 1.9s)
[INFO] [1786697930.026747339] [trajectory_predictor]: [Predictor] Buffer cleared (no data for 1.6s)
[INFO] [1786697950.020058543] [trajectory_predictor]: [Predictor] Auto-enabled prediction mode via /trajectory_mode
[INFO] [1786697952.496124969] [trajectory_predictor]: [Filter] raw=(0.1868,-0.1233,0.0053) → filt=(0.1868,-0.1233,0.0053) Δ=(0.0000,0.0000,0.0000)
[INFO] [1786697956.078167695] [trajectory_predictor]: [Hybrid] FOLLOWER -> LEADER | x_0=(0.1791,-0.1046,0.0031) | GOAL=(-0.1528,0.5660,-0.0325) | t_f=5.14s | 155 steps @ 30Hz | GRU worker dừng gửi lệnh predict (tiết kiệm tài nguyên)
[INFO] [1786697958.440627728] [trajectory_predictor]: [Predictor] Switching model → svgp
[INFO] [1786697958.441760520] [trajectory_predictor]: [Hybrid] Mode DISABLED (GRU only)
[INFO] [1786697958.461261917] [trajectory_predictor]: [Predictor] Model switched to svgp
[INFO] [1786697960.741230107] [trajectory_predictor]: [Predictor] Predicting STOPPED
[INFO] [1786697971.215128973] [trajectory_predictor]: [Predictor] Predicting STARTED
[INFO] [1786697972.008114718] [trajectory_predictor]: [Filter] raw=(0.1702,-0.1034,0.0033) → filt=(0.1702,-0.1034,0.0033) Δ=(0.0000,0.0000,0.0000)
[INFO] [1786697978.681784870] [trajectory_predictor]: [Filter] raw=(-0.1750,0.5879,0.0781) → filt=(-0.1750,0.5879,0.0781) Δ=(0.0000,0.0000,0.0000)
[INFO] [1786697979.916935285] [trajectory_predictor]: [Predictor] Predicting STOPPED
[INFO] [1786698028.026451009] [trajectory_predictor]: [Predictor] Buffer cleared (no data for 1.4s)
[INFO] [1786698051.900983255] [trajectory_predictor]: [Predictor] Predicting STARTED
[INFO] [1786698054.009064924] [trajectory_predictor]: [Filter] raw=(0.1579,-0.0473,0.1319) → filt=(0.1579,-0.0473,0.1319) Δ=(0.0000,0.0000,0.0000)
[INFO] [1786698059.073797902] [trajectory_predictor]: [Predictor] Predicting STOPPED
[INFO] [1786698081.026954824] [trajectory_predictor]: [Predictor] Buffer cleared (no data for 1.4s)
[INFO] [1786698099.484815251] [trajectory_predictor]: [Predictor] Predicting STARTED
[INFO] [1786698101.100013621] [trajectory_predictor]: [Filter] raw=(0.2101,-0.1656,0.0751) → filt=(0.2101,-0.1656,0.0751) Δ=(0.0000,0.0000,0.0000)
[INFO] [1786698107.440859129] [trajectory_predictor]: [Predictor] Predicting STOPPED
[INFO] [1786698124.026860096] [trajectory_predictor]: [Predictor] Buffer cleared (no data for 1.7s)
[INFO] [1786698149.748014414] [trajectory_predictor]: [Predictor] Auto-enabled prediction mode via /trajectory_mode
[INFO] [1786698150.035833863] [trajectory_predictor]: [Filter] raw=(0.1817,-0.1762,-0.0240) → filt=(0.0526,0.4111,-0.0240) Δ=(0.1290,0.5872,0.0000)
[INFO] [1786698153.076431437] [trajectory_predictor]: [Predictor] Switching model → svgp
[INFO] [1786698153.077058021] [trajectory_predictor]: [Hybrid] Mode ENABLED (GRU+MJM). Timer T_SWITCH sẽ bắt đầu khi Start Run.
[INFO] [1786698153.099148478] [trajectory_predictor]: [Predictor] Model switched to svgp
[INFO] [1786698155.376214343] [trajectory_predictor]: [Predictor] Predicting STOPPED
[INFO] [1786698174.238221767] [trajectory_predictor]: [Predictor] Predicting STARTED
[INFO] [1786698175.645543859] [trajectory_predictor]: [Filter] raw=(0.2189,-0.2010,0.0745) → filt=(0.2189,-0.2010,0.0745) Δ=(0.0000,0.0000,0.0000)
[INFO] [1786698180.273636466] [trajectory_predictor]: [Hybrid] FOLLOWER -> LEADER | x_0=(-0.0128,0.3236,0.2452) | GOAL=(-0.1528,0.5660,-0.0325) | t_f=4.52s | 136 steps @ 30Hz | GRU worker dừng gửi lệnh predict (tiết kiệm tài nguyên)
[INFO] [1786698184.298647131] [trajectory_predictor]: [Predictor] Predicting STOPPED
[INFO] [1786698223.026812951] [trajectory_predictor]: [Predictor] Buffer cleared (no data for 1.8s)
[INFO] [1786698260.453044708] [trajectory_predictor]: [Predictor] Predicting STARTED
[INFO] [1786698262.963036437] [trajectory_predictor]: [Filter] raw=(0.1705,-0.0264,0.1444) → filt=(0.1705,-0.0264,0.1444) Δ=(0.0000,0.0000,0.0000)
[INFO] [1786698266.505911144] [trajectory_predictor]: [Hybrid] FOLLOWER -> LEADER | x_0=(-0.0112,0.4181,0.2070) | GOAL=(-0.1528,0.5660,-0.0325) | t_f=4.31s | 130 steps @ 30Hz | GRU worker dừng gửi lệnh predict (tiết kiệm tài nguyên)
[INFO] [1786698270.015289329] [trajectory_predictor]: [Predictor] Predicting STOPPED
[INFO] [1786698334.575376643] [trajectory_predictor]: [Predictor] Predicting STARTED
[INFO] [1786698334.664877205] [trajectory_predictor]: [Filter] raw=(0.2144,-0.2081,0.0060) → filt=(0.2144,-0.2081,0.0060) Δ=(0.0000,0.0000,0.0000)
[INFO] [1786698340.601237499] [trajectory_predictor]: [Hybrid] FOLLOWER -> LEADER | x_0=(-0.0405,0.3946,0.2313) | GOAL=(-0.1528,0.5660,-0.0325) | t_f=4.36s | 131 steps @ 30Hz | GRU worker dừng gửi lệnh predict (tiết kiệm tài nguyên)
[INFO] [1786698344.960023521] [trajectory_predictor]: ✅ [MJM] ĐÃ CHẠM ĐÍCH (GOAL REACHED)!
[INFO] [1786698348.015641988] [trajectory_predictor]: [Predictor] Predicting STOPPED
[INFO] [1786698405.205819357] [trajectory_predictor]: [Predictor] Predicting STARTED
[INFO] [1786698406.293210194] [trajectory_predictor]: [Filter] raw=(0.2089,-0.2020,0.0265) → filt=(0.2089,-0.2020,0.0265) Δ=(0.0000,0.0000,0.0000)
[INFO] [1786698411.258340203] [trajectory_predictor]: [Hybrid] FOLLOWER -> LEADER | x_0=(-0.0359,0.4080,0.2147) | GOAL=(-0.1528,0.5660,-0.0325) | t_f=4.31s | 130 steps @ 30Hz | GRU worker dừng gửi lệnh predict (tiết kiệm tài nguyên)
[INFO] [1786698415.561723202] [trajectory_predictor]: ✅ [MJM] ĐÃ CHẠM ĐÍCH (GOAL REACHED)!
[INFO] [1786698418.447758467] [trajectory_predictor]: [Predictor] Predicting STOPPED
[INFO] [1786698440.343273017] [trajectory_predictor]: [Predictor] Predicting STOPPED
[INFO] [1786698454.448949425] [trajectory_predictor]: [Predictor] Predicting STARTED
[INFO] [1786698456.962065732] [trajectory_predictor]: [Filter] raw=(0.1977,-0.1608,0.1347) → filt=(0.1977,-0.1608,0.1347) Δ=(0.0000,0.0000,0.0000)
[INFO] [1786698460.493655577] [trajectory_predictor]: [Hybrid] FOLLOWER -> LEADER | x_0=(0.0481,0.2847,0.2847) | GOAL=(-0.1528,0.5660,-0.0325) | t_f=4.69s | 141 steps @ 30Hz | GRU worker dừng gửi lệnh predict (tiết kiệm tài nguyên)
[INFO] [1786698465.193317263] [trajectory_predictor]: ✅ [MJM] ĐÃ CHẠM ĐÍCH (GOAL REACHED)!
[INFO] [1786698465.303514812] [trajectory_predictor]: [Predictor] Predicting STOPPED
[INFO] [1786698488.026472210] [trajectory_predictor]: [Predictor] Buffer cleared (no data for 1.9s)
[INFO] [1786698498.026459328] [trajectory_predictor]: [Predictor] Buffer cleared (no data for 1.2s)
[INFO] [1786698514.026719230] [trajectory_predictor]: [Predictor] Buffer cleared (no data for 1.2s)
[INFO] [1786698531.027204173] [trajectory_predictor]: [Predictor] Buffer cleared (no data for 1.6s)
[INFO] [1786698567.230879265] [trajectory_predictor]: [Predictor] Predicting STOPPED
[INFO] [1786698604.211451635] [trajectory_predictor]: [Predictor] Predicting STOPPED
[INFO] [1786698609.564028269] [trajectory_predictor]: [Predictor] Predicting STOPPED
[INFO] [1786698625.555815910] [trajectory_predictor]: [Predictor] Predicting STARTED
[INFO] [1786698625.614554793] [trajectory_predictor]: [Filter] raw=(0.1899,-0.2504,0.0003) → filt=(0.1899,-0.2504,0.0003) Δ=(0.0000,0.0000,0.0000)
[INFO] [1786698631.566057529] [trajectory_predictor]: [Hybrid] FOLLOWER -> LEADER | x_0=(0.1187,0.3222,0.1682) | GOAL=(-0.1528,0.5660,-0.0325) | t_f=4.57s | 138 steps @ 30Hz | GRU worker dừng gửi lệnh predict (tiết kiệm tài nguyên)
[INFO] [1786698636.159956297] [trajectory_predictor]: ✅ [MJM] ĐÃ CHẠM ĐÍCH (GOAL REACHED)!
[INFO] [1786698668.227609355] [trajectory_predictor]: [Predictor] Predicting STOPPED
[INFO] [1786698691.823224374] [trajectory_predictor]: [Predictor] Predicting STARTED
[INFO] [1786698692.567042581] [trajectory_predictor]: [Filter] raw=(0.1984,-0.2634,0.0199) → filt=(0.1984,-0.2743,0.0199) Δ=(0.0000,0.0109,0.0000)
[INFO] [1786698697.871270425] [trajectory_predictor]: [Hybrid] FOLLOWER -> LEADER | x_0=(0.1445,0.2876,0.2360) | GOAL=(-0.1528,0.5660,-0.0325) | t_f=4.73s | 142 steps @ 30Hz | GRU worker dừng gửi lệnh predict (tiết kiệm tài nguyên)
[INFO] [1786698702.153167074] [trajectory_predictor]: [Predictor] Predicting STOPPED
[INFO] [1786698737.648121855] [trajectory_predictor]: [Predictor] Predicting STOPPED
[INFO] [1786698746.360197579] [trajectory_predictor]: [Predictor] Predicting STOPPED
[INFO] [1786698757.703841442] [trajectory_predictor]: [Predictor] Predicting STARTED
[INFO] [1786698759.269035988] [trajectory_predictor]: [Filter] raw=(0.1952,-0.2579,0.0478) → filt=(0.1952,-0.2685,0.0264) Δ=(0.0000,0.0105,0.0214)
[INFO] [1786698763.745613242] [trajectory_predictor]: [Hybrid] FOLLOWER -> LEADER | x_0=(0.1290,0.2239,0.2520) | GOAL=(-0.1528,0.5660,-0.0325) | t_f=4.80s | 144 steps @ 30Hz | GRU worker dừng gửi lệnh predict (tiết kiệm tài nguyên)
[INFO] [1786698768.335717942] [trajectory_predictor]: [Predictor] Predicting STOPPED
[INFO] [1786698824.221809261] [trajectory_predictor]: [Predictor] Predicting STOPPED
[INFO] [1786698837.492391160] [trajectory_predictor]: [Predictor] Predicting STARTED
[INFO] [1786698840.013634501] [trajectory_predictor]: [Filter] raw=(0.1754,-0.1178,0.1357) → filt=(0.1754,-0.1178,0.1357) Δ=(0.0000,0.0000,0.0000)
[INFO] [1786698843.525926643] [trajectory_predictor]: [Hybrid] FOLLOWER -> LEADER | x_0=(0.1076,0.2401,0.2244) | GOAL=(-0.1528,0.5660,-0.0325) | t_f=4.73s | 142 steps @ 30Hz | GRU worker dừng gửi lệnh predict (tiết kiệm tài nguyên)
[INFO] [1786698847.553451873] [trajectory_predictor]: [Predictor] Predicting STOPPED
[INFO] [1786698903.263805547] [trajectory_predictor]: [Predictor] Predicting STARTED
[INFO] [1786698906.788946568] [trajectory_predictor]: [Filter] raw=(0.1499,-0.0029,0.2166) → filt=(0.1499,-0.0029,0.2166) Δ=(0.0000,0.0000,0.0000)
[INFO] [1786698909.319603752] [trajectory_predictor]: [Hybrid] FOLLOWER -> LEADER | x_0=(0.0769,0.1978,0.2335) | GOAL=(-0.1528,0.5660,-0.0325) | t_f=4.77s | 144 steps @ 30Hz | GRU worker dừng gửi lệnh predict (tiết kiệm tài nguyên)
[INFO] [1786698913.335887355] [trajectory_predictor]: [Predictor] Predicting STOPPED
[INFO] [1786698935.236600412] [trajectory_predictor]: [Predictor] Predicting STOPPED
[INFO] [1786698946.726980117] [trajectory_predictor]: [Predictor] Predicting STARTED
[INFO] [1786698947.618455378] [trajectory_predictor]: [Filter] raw=(0.2030,-0.2872,0.0225) → filt=(0.2030,-0.2872,0.0225) Δ=(0.0000,0.0000,0.0000)
[INFO] [1786698952.791807613] [trajectory_predictor]: [Hybrid] FOLLOWER -> LEADER | x_0=(0.0659,0.2221,0.2181) | GOAL=(-0.1528,0.5660,-0.0325) | t_f=4.71s | 142 steps @ 30Hz | GRU worker dừng gửi lệnh predict (tiết kiệm tài nguyên)
[INFO] [1786698957.493077877] [trajectory_predictor]: ✅ [MJM] ĐÃ CHẠM ĐÍCH (GOAL REACHED)!
[INFO] [1786698958.592193268] [trajectory_predictor]: [Predictor] Predicting STOPPED
[INFO] [1786698975.083150675] [trajectory_predictor]: [Predictor] Predicting STOPPED
[INFO] [1786698991.500649028] [trajectory_predictor]: [Predictor] Predicting STARTED
[INFO] [1786698993.292088703] [trajectory_predictor]: [Filter] raw=(0.2165,-0.3317,0.0739) → filt=(0.2165,-0.3678,0.0739) Δ=(0.0000,0.0360,0.0000)
[INFO] [1786698997.530107696] [trajectory_predictor]: [Hybrid] FOLLOWER -> LEADER | x_0=(0.1437,0.1115,0.2383) | GOAL=(-0.1528,0.5660,-0.0325) | t_f=4.93s | 149 steps @ 30Hz | GRU worker dừng gửi lệnh predict (tiết kiệm tài nguyên)
[INFO] [1786699002.492477162] [trajectory_predictor]: ✅ [MJM] ĐÃ CHẠM ĐÍCH (GOAL REACHED)!
[INFO] [1786699003.642835866] [trajectory_predictor]: [Predictor] Predicting STOPPED
[INFO] [1786699003.650562689] [trajectory_predictor]: [Predictor] Predicting STARTED
[INFO] [1786699006.464704414] [trajectory_predictor]: [Filter] raw=(-0.0579,0.5467,-0.0905) → filt=(-0.0579,0.5467,-0.0905) Δ=(0.0000,0.0000,0.0000)
[INFO] [1786699007.013692447] [trajectory_predictor]: [Predictor] Predicting STOPPED
[INFO] [1786699040.713884101] [trajectory_predictor]: [Predictor] Predicting STOPPED
[INFO] [1786699056.849864136] [trajectory_predictor]: [Predictor] Predicting STARTED
[INFO] [1786699059.804341072] [trajectory_predictor]: [Filter] raw=(0.1778,-0.0882,0.1424) → filt=(0.1778,-0.0882,0.1424) Δ=(0.0000,0.0000,0.0000)
[INFO] [1786699062.900560674] [trajectory_predictor]: [Hybrid] FOLLOWER -> LEADER | x_0=(0.1094,0.2393,0.2124) | GOAL=(-0.1528,0.5660,-0.0325) | t_f=4.72s | 142 steps @ 30Hz | GRU worker dừng gửi lệnh predict (tiết kiệm tài nguyên)
[INFO] [1786699067.626937245] [trajectory_predictor]: ✅ [MJM] ĐÃ CHẠM ĐÍCH (GOAL REACHED)!
[INFO] [1786699068.495887335] [trajectory_predictor]: [Predictor] Predicting STOPPED
[INFO] [1786699102.026301742] [trajectory_predictor]: [Predictor] Buffer cleared (no data for 1.2s)
[INFO] [1786699107.954008710] [trajectory_predictor]: [Predictor] Predicting STOPPED
[INFO] [1786699122.760213119] [trajectory_predictor]: [Predictor] Predicting STARTED
[INFO] [1786699123.237695736] [trajectory_predictor]: [Filter] raw=(0.2049,-0.3087,-0.0011) → filt=(0.2049,-0.3087,-0.0011) Δ=(0.0000,0.0000,0.0000)
[INFO] [1786699128.802874728] [trajectory_predictor]: [Hybrid] FOLLOWER -> LEADER | x_0=(0.1095,0.2892,0.2121) | GOAL=(-0.1528,0.5660,-0.0325) | t_f=4.66s | 140 steps @ 30Hz | GRU worker dừng gửi lệnh predict (tiết kiệm tài nguyên)
[INFO] [1786699133.338738040] [trajectory_predictor]: [Predictor] Predicting STOPPED
[INFO] [1786699177.145807212] [trajectory_predictor]: [Predictor] Predicting STOPPED
[INFO] [1786699196.765168018] [trajectory_predictor]: [Predictor] Predicting STARTED
[INFO] [1786699198.053610324] [trajectory_predictor]: [Filter] raw=(0.2066,-0.2491,0.0626) → filt=(0.2066,-0.2491,0.0626) Δ=(0.0000,0.0000,0.0000)
[INFO] [1786699202.794641945] [trajectory_predictor]: [Hybrid] FOLLOWER -> LEADER | x_0=(0.1288,0.2713,0.2413) | GOAL=(-0.1528,0.5660,-0.0325) | t_f=4.73s | 142 steps @ 30Hz | GRU worker dừng gửi lệnh predict (tiết kiệm tài nguyên)
[INFO] [1786699207.355185677] [trajectory_predictor]: [Predictor] Predicting STOPPED
[INFO] [1786699234.720776466] [trajectory_predictor]: [Predictor] Predicting STOPPED
[INFO] [1786699247.752872884] [trajectory_predictor]: [Predictor] Predicting STARTED
[INFO] [1786699249.793231856] [trajectory_predictor]: [Filter] raw=(0.2038,-0.2909,0.1017) → filt=(0.2038,-0.2909,0.1017) Δ=(0.0000,0.0000,0.0000)
[INFO] [1786699253.809091637] [trajectory_predictor]: [Hybrid] FOLLOWER -> LEADER | x_0=(0.1423,0.2413,0.2350) | GOAL=(-0.1528,0.5660,-0.0325) | t_f=4.78s | 144 steps @ 30Hz | GRU worker dừng gửi lệnh predict (tiết kiệm tài nguyên)
[INFO] [1786699258.593268172] [trajectory_predictor]: ✅ [MJM] ĐÃ CHẠM ĐÍCH (GOAL REACHED)!
[INFO] [1786699259.623263194] [trajectory_predictor]: [Predictor] Predicting STOPPED
[INFO] [1786699288.263425256] [trajectory_predictor]: [Predictor] Predicting STOPPED
[INFO] [1786699306.487442361] [trajectory_predictor]: [Predictor] Predicting STARTED
[INFO] [1786699309.832327867] [trajectory_predictor]: [Filter] raw=(0.1766,0.0591,0.1855) → filt=(0.1766,0.0591,0.1855) Δ=(0.0000,0.0000,0.0000)
[INFO] [1786699312.524200763] [trajectory_predictor]: [Hybrid] FOLLOWER -> LEADER | x_0=(0.1007,0.3922,0.2277) | GOAL=(-0.1528,0.5660,-0.0325) | t_f=4.54s | 137 steps @ 30Hz | GRU worker dừng gửi lệnh predict (tiết kiệm tài nguyên)
[INFO] [1786699316.039911780] [trajectory_predictor]: [Predictor] Predicting STOPPED
[INFO] [1786699345.026254001] [trajectory_predictor]: [Predictor] Buffer cleared (no data for 1.1s)
[INFO] [1786699348.026115566] [trajectory_predictor]: [Predictor] Buffer cleared (no data for 1.1s)
[INFO] [1786699389.027097439] [trajectory_predictor]: [Predictor] Buffer cleared (no data for 1.8s)
[INFO] [1786699421.731065060] [trajectory_predictor]: [Predictor] Predicting STOPPED
[INFO] [1786699438.026504188] [trajectory_predictor]: [Predictor] Buffer cleared (no data for 1.2s)
[INFO] [1786699444.026816869] [trajectory_predictor]: [Predictor] Buffer cleared (no data for 1.2s)
[INFO] [1786699450.044768594] [trajectory_predictor]: [Predictor] Predicting STARTED
[INFO] [1786699450.709444310] [trajectory_predictor]: [Filter] raw=(0.1969,-0.2525,0.0094) → filt=(0.1969,-0.2525,0.0094) Δ=(0.0000,0.0000,0.0000)
[INFO] [1786699456.083057914] [trajectory_predictor]: [Hybrid] FOLLOWER -> LEADER | x_0=(0.1720,0.0157,0.2372) | GOAL=(-0.1528,0.5660,-0.0325) | t_f=5.06s | 152 steps @ 30Hz | GRU worker dừng gửi lệnh predict (tiết kiệm tài nguyên)
[INFO] [1786699461.128211753] [trajectory_predictor]: ✅ [MJM] ĐÃ CHẠM ĐÍCH (GOAL REACHED)!
[INFO] [1786699462.419897474] [trajectory_predictor]: [Predictor] Predicting STOPPED
[INFO] [1786699541.740109461] [trajectory_predictor]: [Predictor] Predicting STOPPED
[INFO] [1786699556.295896277] [trajectory_predictor]: [Predictor] Predicting STARTED
[INFO] [1786699558.111205742] [trajectory_predictor]: [Filter] raw=(0.2163,-0.2993,0.0973) → filt=(0.2163,-0.3241,0.0973) Δ=(0.0000,0.0248,0.0000)
[INFO] [1786699562.365898447] [trajectory_predictor]: [Hybrid] FOLLOWER -> LEADER | x_0=(0.1146,0.2573,0.2383) | GOAL=(-0.1528,0.5660,-0.0325) | t_f=4.73s | 142 steps @ 30Hz | GRU worker dừng gửi lệnh predict (tiết kiệm tài nguyên)
[INFO] [1786699566.140706887] [trajectory_predictor]: [Predictor] Predicting STOPPED
[INFO] [1786699607.026792740] [trajectory_predictor]: [Predictor] Buffer cleared (no data for 1.6s)
[INFO] [1786699616.026512511] [trajectory_predictor]: [Predictor] Buffer cleared (no data for 1.7s)
[INFO] [1786699618.026955347] [trajectory_predictor]: [Predictor] Buffer cleared (no data for 1.1s)
[INFO] [1786699630.328034857] [trajectory_predictor]: [Predictor] Predicting STOPPED
[INFO] [1786699641.793510918] [trajectory_predictor]: [Predictor] Predicting STARTED
[INFO] [1786699644.533187604] [trajectory_predictor]: [Filter] raw=(0.1719,-0.1171,0.1552) → filt=(0.1719,-0.1171,0.1552) Δ=(0.0000,0.0000,0.0000)
[INFO] [1786699647.843763315] [trajectory_predictor]: [Hybrid] FOLLOWER -> LEADER | x_0=(0.1093,0.2314,0.2420) | GOAL=(-0.1528,0.5660,-0.0325) | t_f=4.76s | 143 steps @ 30Hz | GRU worker dừng gửi lệnh predict (tiết kiệm tài nguyên)
[INFO] [1786699652.592899196] [trajectory_predictor]: ✅ [MJM] ĐÃ CHẠM ĐÍCH (GOAL REACHED)!
[INFO] [1786699652.899778198] [trajectory_predictor]: [Predictor] Predicting STOPPED
[INFO] [1786699680.026431778] [trajectory_predictor]: [Predictor] Buffer cleared (no data for 1.8s)
[INFO] [1786699761.746160527] [trajectory_predictor]: [Predictor] Predicting STOPPED
[INFO] [1786699785.450801134] [trajectory_predictor]: [Predictor] Predicting STARTED
[INFO] [1786699785.743434903] [trajectory_predictor]: [Filter] raw=(0.2122,-0.3180,0.0059) → filt=(0.2122,-0.3180,0.0059) Δ=(0.0000,0.0000,0.0000)
[INFO] [1786699791.473440760] [trajectory_predictor]: [Hybrid] FOLLOWER -> LEADER | x_0=(0.1003,0.2260,0.2954) | GOAL=(-0.1528,0.5660,-0.0325) | t_f=4.82s | 145 steps @ 30Hz | GRU worker dừng gửi lệnh predict (tiết kiệm tài nguyên)
[INFO] [1786699796.292980595] [trajectory_predictor]: ✅ [MJM] ĐÃ CHẠM ĐÍCH (GOAL REACHED)!
[INFO] [1786699796.374898374] [trajectory_predictor]: [Predictor] Predicting STOPPED
[INFO] [1786699829.341281455] [trajectory_predictor]: [Predictor] Predicting STOPPED
[INFO] [1786699841.446533562] [trajectory_predictor]: [Predictor] Predicting STARTED
[INFO] [1786699842.629013402] [trajectory_predictor]: [Filter] raw=(0.2047,-0.2845,0.0099) → filt=(0.2047,-0.2845,0.0099) Δ=(0.0000,0.0000,0.0000)
[INFO] [1786699847.468405060] [trajectory_predictor]: [Hybrid] FOLLOWER -> LEADER | x_0=(0.0875,0.2674,0.2931) | GOAL=(-0.1528,0.5660,-0.0325) | t_f=4.76s | 143 steps @ 30Hz | GRU worker dừng gửi lệnh predict (tiết kiệm tài nguyên)
[INFO] [1786699851.809156461] [trajectory_predictor]: [Predictor] Predicting STOPPED
[INFO] [1786699873.027098853] [trajectory_predictor]: [Predictor] Buffer cleared (no data for 1.3s)
[INFO] [1786699885.026623083] [trajectory_predictor]: [Predictor] Buffer cleared (no data for 1.9s)
[INFO] [1786699897.026442748] [trajectory_predictor]: [Predictor] Buffer cleared (no data for 1.9s)
[INFO] [1786699909.676381100] [trajectory_predictor]: [Predictor] Predicting STOPPED
[INFO] [1786699923.248550013] [trajectory_predictor]: [Predictor] Predicting STARTED
[INFO] [1786699925.652476019] [trajectory_predictor]: [Filter] raw=(0.2119,-0.2877,0.0966) → filt=(0.2119,-0.2960,0.0966) Δ=(0.0000,0.0083,0.0000)
[INFO] [1786699929.287562136] [trajectory_predictor]: [Hybrid] FOLLOWER -> LEADER | x_0=(0.1435,0.2983,0.1911) | GOAL=(-0.1528,0.5660,-0.0325) | t_f=4.67s | 140 steps @ 30Hz | GRU worker dừng gửi lệnh predict (tiết kiệm tài nguyên)
[INFO] [1786699932.573268304] [trajectory_predictor]: [Predictor] Predicting STOPPED
[INFO] [1786699962.318287746] [trajectory_predictor]: [Predictor] Predicting STOPPED
[INFO] [1786699988.992073176] [trajectory_predictor]: [Predictor] Predicting STARTED
[INFO] [1786699992.539337505] [trajectory_predictor]: [Filter] raw=(0.1838,0.0813,0.1339) → filt=(0.1838,0.0813,0.1339) Δ=(0.0000,0.0000,0.0000)
[INFO] [1786699995.030589901] [trajectory_predictor]: [Hybrid] FOLLOWER -> LEADER | x_0=(0.1390,0.3309,0.1292) | GOAL=(-0.1528,0.5660,-0.0325) | t_f=4.56s | 137 steps @ 30Hz | GRU worker dừng gửi lệnh predict (tiết kiệm tài nguyên)
[INFO] [1786699998.295684943] [trajectory_predictor]: [Predictor] Predicting STOPPED
[INFO] [1786700021.026177205] [trajectory_predictor]: [Predictor] Buffer cleared (no data for 1.9s)
[INFO] [1786700230.259558537] [trajectory_predictor]: [Predictor] Predicting STOPPED
[INFO] [1786700235.027209755] [trajectory_predictor]: [Predictor] Buffer cleared (no data for 1.5s)
[INFO] [1786700241.027066883] [trajectory_predictor]: [Predictor] Buffer cleared (no data for 1.2s)
[INFO] [1786700244.518421590] [trajectory_predictor]: [Predictor] Predicting STOPPED
[INFO] [1786700259.525814040] [trajectory_predictor]: [Predictor] Predicting STARTED
[INFO] [1786700260.474771674] [trajectory_predictor]: [Filter] raw=(0.1953,-0.2189,0.0285) → filt=(0.1953,-0.2320,0.0258) Δ=(0.0000,0.0130,0.0027)
[INFO] [1786700265.562534392] [trajectory_predictor]: [Hybrid] FOLLOWER -> LEADER | x_0=(0.1471,0.3235,0.1538) | GOAL=(-0.1528,0.5660,-0.0325) | t_f=4.60s | 139 steps @ 30Hz | GRU worker dừng gửi lệnh predict (tiết kiệm tài nguyên)
[INFO] [1786700269.015303448] [trajectory_predictor]: [Predictor] Predicting STOPPED
[INFO] [1786700291.026568466] [trajectory_predictor]: [Predictor] Buffer cleared (no data for 1.2s)
[INFO] [1786700322.280997586] [trajectory_predictor]: [Predictor] Predicting STOPPED
[INFO] [1786700330.255226175] [trajectory_predictor]: [Predictor] Predicting STARTED
[INFO] [1786700332.027653479] [trajectory_predictor]: [Filter] raw=(0.2014,-0.2159,0.0647) → filt=(0.2014,-0.2159,0.0364) Δ=(0.0000,0.0000,0.0283)
[INFO] [1786700336.261081722] [trajectory_predictor]: [Hybrid] FOLLOWER -> LEADER | x_0=(0.1523,0.0195,0.1400) | GOAL=(-0.1528,0.5660,-0.0325) | t_f=5.00s | 150 steps @ 30Hz | GRU worker dừng gửi lệnh predict (tiết kiệm tài nguyên)
[INFO] [1786700341.259874389] [trajectory_predictor]: ✅ [MJM] ĐÃ CHẠM ĐÍCH (GOAL REACHED)!
[INFO] [1786700341.657106669] [trajectory_predictor]: [Predictor] Predicting STOPPED
[INFO] [1786700372.095820476] [trajectory_predictor]: [Predictor] Predicting STOPPED
[INFO] [1786700382.882235978] [trajectory_predictor]: [Predictor] Predicting STARTED
[INFO] [1786700386.178012844] [trajectory_predictor]: [Filter] raw=(0.2185,-0.3368,0.0675) → filt=(0.2185,-0.3968,0.0675) Δ=(0.0000,0.0600,0.0000)
[INFO] [1786700388.345844035] [trajectory_predictor]: [Predictor] Predicting STOPPED
[INFO] [1786700418.875547440] [trajectory_predictor]: [Predictor] Predicting STOPPED
[INFO] [1786700436.060412023] [trajectory_predictor]: [Predictor] Predicting STARTED
[INFO] [1786700437.818844438] [trajectory_predictor]: [Filter] raw=(0.2252,-0.2824,0.0424) → filt=(0.2252,-0.2824,0.0404) Δ=(0.0000,0.0000,0.0019)
