[INFO] [1786690520.675767349] [cartesian_streamer]: CartesianStreamer khởi động (chờ Enable Robot từ UI).
  Stream rate:       15 Hz (period=66.7ms)
  Queue dt:          0.067 s
  Prebuffer points:  3
  Retry backoff:     66.0 ms
  Gửi PoseStamped lên: /cartesian_streamer/target_pose
  Gửi XYZ lên:        /cartesian_streamer/target_xyz
  Nhận EE pose tại:   /cartesian_streamer/current_pose
[INFO] [1786690521.154831475] [cartesian_streamer]: Chờ /joint_states...
[INFO] [1786690521.591732301] [cartesian_streamer]: Nhận joint_states: ['1.571', '0.124', '-1.049', '0.000', '-0.398', '-1.444']
[INFO] [1786690521.653540126] [cartesian_streamer]: ⚡ Simulation mode: Bỏ qua FK cross-validation, ÉP DÙNG Local IK.
   (MoveIt không có planning library trong môi trường giả lập)
[INFO] [1786690521.654091412] [cartesian_streamer]: Đã nhận joint_states. EE hiện tại: (-0.1620, 0.2801, 0.3785). IK mode: Local DLS. Chờ Enable Robot từ UI...
[INFO] [1786690538.915093731] [cartesian_streamer]: Disable Robot: dừng stream, tắt traj mode...
[INFO] [1786690538.915629427] [cartesian_streamer]: ✗ Robot DISABLED.
[INFO] [1786690545.590550615] [cartesian_streamer]: Enable Robot: bắt đầu chuỗi khởi động...
[INFO] [1786690545.590869059] [cartesian_streamer]: Enable: reset_error...
[INFO] [1786690545.592527404] [cartesian_streamer]: reset_error: code=1, msg="Mock: Error Reset OK"
[INFO] [1786690545.592815721] [cartesian_streamer]: Enable: stop_traj_mode (giải phóng mode cũ)...
[INFO] [1786690545.594164389] [cartesian_streamer]: stop_traj_mode: success=True, code=N/A, msg="Mock: OK"
[INFO] [1786690545.594458116] [cartesian_streamer]: Enable: chờ 1.5s để hệ thống ổn định trước khi start queue...
[INFO] [1786690547.095394967] [cartesian_streamer]: Enable: StartPointQueueMode...
[INFO] [1786690547.097621029] [cartesian_streamer]: StartPointQueueMode response: code=1, msg="Mock: Queue Mode Started"
[INFO] [1786690547.098080511] [cartesian_streamer]: ✓ Robot ENABLED — Point Queue Mode active. Servo ON!
[INFO] [1786690547.119927306] [cartesian_streamer]: Runtime rate: state=seeding, tick_hz=0.0, queue_send_hz=0.0, ack_hz=0.0, busy_hz=0.0, retry_count=0, reject_count=0, inter_ack_ms=0.0, max_joint_delta=0.000, cumul_time=0.00s, hold_count=0, ik_mode=Local, ik_avg_ms=0.00, ik_fails=0
[INFO] [1786690547.122163127] [cartesian_streamer]: Bootstrap EE pose via FK: (-0.1620, 0.2801, 0.3785)
[INFO] [1786690547.123099894] [cartesian_streamer]: Đang stream qua service: /queue_traj_point
[INFO] [1786690547.123947892] [cartesian_streamer]: Đã gửi seed point (current joints, t=0), chờ ACK...
[INFO] [1786690547.126580325] [cartesian_streamer]: Seed ACK nhận được, bắt đầu prebuffer.
[INFO] [1786690547.127295571] [cartesian_streamer]: Queue accepted sample#1: svc=/queue_traj_point, t_cumul=0.0000s, code=1, msg="Mock: Point accepted (0)", hold=False
[INFO] [1786690547.189360938] [cartesian_streamer]: Queue accepted sample#2: svc=/queue_traj_point, t_cumul=0.0638s, code=1, msg="Mock: Point accepted (1)", hold=True
[INFO] [1786690547.255173993] [cartesian_streamer]: Queue accepted sample#3: svc=/queue_traj_point, t_cumul=0.1297s, code=1, msg="Mock: Point accepted (2)", hold=True
[INFO] [1786690547.321614357] [cartesian_streamer]: Pre-buffer hoàn tất (3 points), bắt đầu stream ổn định. Đang chờ target...
[INFO] [1786690547.321912973] [cartesian_streamer]: Queue accepted sample#4: svc=/queue_traj_point, t_cumul=0.1965s, code=1, msg="Mock: Point accepted (3)", hold=True
[INFO] [1786690547.388043039] [cartesian_streamer]: Queue accepted sample#5: svc=/queue_traj_point, t_cumul=0.2631s, code=1, msg="Mock: Point accepted (4)", hold=True
[INFO] [1786690548.388614184] [cartesian_streamer]: QueueTrajPoint accepted #20: t=1.263s, hold=True
[INFO] [1786690549.721765312] [cartesian_streamer]: QueueTrajPoint accepted #40: t=2.597s, hold=True
[INFO] [1786690551.054388881] [cartesian_streamer]: QueueTrajPoint accepted #60: t=3.929s, hold=True
[INFO] [1786690552.121610523] [cartesian_streamer]: Runtime rate: state=streaming, tick_hz=15.0, queue_send_hz=15.0, ack_hz=15.0, busy_hz=0.0, retry_count=0, reject_count=0, inter_ack_ms=66.6, max_joint_delta=0.000, cumul_time=4.93s, hold_count=74, ik_mode=Local, ik_avg_ms=0.00, ik_fails=0
[INFO] [1786690552.321080275] [cartesian_streamer]: IK OK → Δmax=0.0000 rad, joints: [1.571, 0.124, -1.049, 0.000, -0.398, -1.444]
[WARN] [1786690552.388078576] [cartesian_streamer]: QueueTrajPoint đã được accept nhưng joint_states hầu như không đổi. Kiểm tra: 1) Robot ở mode AUTO? 2) Servo ON? 3) E-stop cleared?
[INFO] [1786690552.392406394] [cartesian_streamer]: QueueTrajPoint accepted #80: t=5.266s, hold=False
[INFO] [1786690553.724767964] [cartesian_streamer]: QueueTrajPoint accepted #100: t=6.599s, hold=False
[INFO] [1786690553.987978119] [cartesian_streamer]: IK delta clamped → joints: [1.516, 0.069, -0.984, 0.000, -0.515, -1.389]
[INFO] [1786690554.322277782] [cartesian_streamer]: IK OK → Δmax=0.0900 rad, joints: [1.462, 0.030, -0.903, 0.000, -0.541, -1.334]
[INFO] [1786690555.056473573] [cartesian_streamer]: QueueTrajPoint accepted #120: t=7.931s, hold=False
[INFO] [1786690555.989157869] [cartesian_streamer]: IK delta clamped → joints: [1.325, 0.101, -0.534, 0.000, -0.675, -1.197]
[INFO] [1786690556.322509100] [cartesian_streamer]: IK OK → Δmax=0.0900 rad, joints: [1.312, 0.137, -0.468, 0.000, -0.701, -1.185]
[INFO] [1786690556.392272136] [cartesian_streamer]: QueueTrajPoint accepted #140: t=9.266s, hold=False
[INFO] [1786690557.121857462] [cartesian_streamer]: Runtime rate: state=streaming, tick_hz=15.0, queue_send_hz=15.0, ack_hz=15.0, busy_hz=0.0, retry_count=0, reject_count=0, inter_ack_ms=66.7, max_joint_delta=0.090, cumul_time=9.93s, hold_count=0, ik_mode=Local, ik_avg_ms=0.77, ik_fails=0
[INFO] [1786690557.727538686] [cartesian_streamer]: QueueTrajPoint accepted #160: t=10.601s, hold=False
[INFO] [1786690558.054285520] [cartesian_streamer]: IK delta clamped → joints: [1.285, 0.407, -0.121, 0.000, -0.840, -1.157]
[INFO] [1786690558.323589858] [cartesian_streamer]: IK OK → Δmax=0.0900 rad, joints: [1.281, 0.465, -0.068, 0.000, -0.861, -1.154]
[INFO] [1786690559.057489198] [cartesian_streamer]: QueueTrajPoint accepted #180: t=11.932s, hold=False
[INFO] [1786690560.055546845] [cartesian_streamer]: IK delta clamped → joints: [1.235, 0.721, 0.279, 0.000, -1.000, -1.108]
[INFO] [1786690560.387996672] [cartesian_streamer]: IK OK → Δmax=0.0900 rad, joints: [1.225, 0.740, 0.265, 0.000, -1.027, -1.098]
[INFO] [1786690560.391514273] [cartesian_streamer]: QueueTrajPoint accepted #200: t=13.265s, hold=False
[INFO] [1786690561.724689409] [cartesian_streamer]: QueueTrajPoint accepted #220: t=14.599s, hold=False
[INFO] [1786690562.122427360] [cartesian_streamer]: Runtime rate: state=streaming, tick_hz=15.0, queue_send_hz=15.0, ack_hz=15.0, busy_hz=0.0, retry_count=0, reject_count=0, inter_ack_ms=66.7, max_joint_delta=0.090, cumul_time=14.93s, hold_count=0, ik_mode=Local, ik_avg_ms=0.88, ik_fails=0
[INFO] [1786690562.388249700] [cartesian_streamer]: IK OK → Δmax=0.0033 rad, joints: [1.214, 0.727, 0.215, 0.000, -1.060, -1.087]
[INFO] [1786690563.056125302] [cartesian_streamer]: QueueTrajPoint accepted #240: t=15.931s, hold=False
[INFO] [1786690564.392068547] [cartesian_streamer]: QueueTrajPoint accepted #260: t=17.265s, hold=False
[INFO] [1786690564.453596409] [cartesian_streamer]: IK OK → Δmax=0.0003 rad, joints: [1.215, 0.723, 0.224, 0.000, -1.072, -1.088]
[INFO] [1786690565.724041077] [cartesian_streamer]: QueueTrajPoint accepted #280: t=18.599s, hold=False
[INFO] [1786690566.453681249] [cartesian_streamer]: IK OK → Δmax=0.0013 rad, joints: [1.219, 0.722, 0.224, 0.000, -1.074, -1.092]
[INFO] [1786690567.057307394] [cartesian_streamer]: QueueTrajPoint accepted #300: t=19.932s, hold=False
[INFO] [1786690567.187583486] [cartesian_streamer]: Runtime rate: state=streaming, tick_hz=15.0, queue_send_hz=15.0, ack_hz=15.0, busy_hz=0.0, retry_count=0, reject_count=0, inter_ack_ms=66.7, max_joint_delta=0.007, cumul_time=20.00s, hold_count=0, ik_mode=Local, ik_avg_ms=0.91, ik_fails=0
[INFO] [1786690567.883072224] [cartesian_streamer]: Disable Robot: dừng stream, tắt traj mode...
[INFO] [1786690567.883671691] [cartesian_streamer]: ✗ Robot DISABLED.
[INFO] [1786690612.440898763] [cartesian_streamer]: Disable Robot: dừng stream, tắt traj mode...
[INFO] [1786690612.441822092] [cartesian_streamer]: ✗ Robot DISABLED.
[INFO] [1786690616.521546961] [cartesian_streamer]: Enable Robot: bắt đầu chuỗi khởi động...
[INFO] [1786690616.521817012] [cartesian_streamer]: Enable: reset_error...
[INFO] [1786690616.523613366] [cartesian_streamer]: reset_error: code=1, msg="Mock: Error Reset OK"
[INFO] [1786690616.523927931] [cartesian_streamer]: Enable: stop_traj_mode (giải phóng mode cũ)...
[INFO] [1786690616.525149075] [cartesian_streamer]: stop_traj_mode: success=True, code=N/A, msg="Mock: OK"
[INFO] [1786690616.525435096] [cartesian_streamer]: Enable: chờ 1.5s để hệ thống ổn định trước khi start queue...
[INFO] [1786690618.026607045] [cartesian_streamer]: Enable: StartPointQueueMode...
[INFO] [1786690618.028962717] [cartesian_streamer]: StartPointQueueMode response: code=1, msg="Mock: Queue Mode Started"
[INFO] [1786690618.029262856] [cartesian_streamer]: ✓ Robot ENABLED — Point Queue Mode active. Servo ON!
[INFO] [1786690618.052879345] [cartesian_streamer]: Runtime rate: state=seeding, tick_hz=0.2, queue_send_hz=0.2, ack_hz=0.2, busy_hz=0.0, retry_count=0, reject_count=0, inter_ack_ms=66.4, max_joint_delta=0.004, cumul_time=0.00s, hold_count=0, ik_mode=Local, ik_avg_ms=0.91, ik_fails=0
[WARN] [1786690618.053246420] [cartesian_streamer]: Target stream stale: không có target mới trong 50.2s
[WARN] [1786690618.053559203] [cartesian_streamer]: QueueTrajPoint đã được accept nhưng joint_states hầu như không đổi. Kiểm tra: 1) Robot ở mode AUTO? 2) Servo ON? 3) E-stop cleared?
[INFO] [1786690618.054093235] [cartesian_streamer]: Bootstrap EE pose via FK: (-0.1620, 0.2801, 0.3785)
[INFO] [1786690618.054575158] [cartesian_streamer]: Đã gửi seed point (current joints, t=0), chờ ACK...
[INFO] [1786690618.056166292] [cartesian_streamer]: Seed ACK nhận được, bắt đầu prebuffer.
[INFO] [1786690618.254127880] [cartesian_streamer]: Pre-buffer hoàn tất (3 points), bắt đầu stream ổn định. Đang chờ target...
[INFO] [1786690618.521601532] [cartesian_streamer]: QueueTrajPoint accepted #320: t=0.465s, hold=True
[INFO] [1786690619.854267840] [cartesian_streamer]: QueueTrajPoint accepted #340: t=1.798s, hold=True
[INFO] [1786690621.188111714] [cartesian_streamer]: QueueTrajPoint accepted #360: t=3.132s, hold=True
[INFO] [1786690622.521445498] [cartesian_streamer]: QueueTrajPoint accepted #380: t=4.465s, hold=True
[INFO] [1786690623.008788473] [cartesian_streamer]: Local IK không hội tụ (fail #1)
[INFO] [1786690623.053151317] [cartesian_streamer]: Runtime rate: state=streaming, tick_hz=15.0, queue_send_hz=15.0, ack_hz=15.0, busy_hz=0.0, retry_count=0, reject_count=0, inter_ack_ms=735.4, max_joint_delta=0.000, cumul_time=4.95s, hold_count=74, ik_mode=Local, ik_avg_ms=1.00, ik_fails=1
[WARN] [1786690623.679446969] [cartesian_streamer]: Local IK failed 10x liên tiếp! Fallback sang MoveIt! IK...
[INFO] [1786690623.682038999] [cartesian_streamer]: IK delta clamped → joints: [1.501, 0.194, -0.979, 0.000, -0.488, -1.354]
[INFO] [1786690623.682342334] [cartesian_streamer]: IK OK → Δmax=0.0900 rad, joints: [1.501, 0.194, -0.979, 0.000, -0.488, -1.354]
[WARN] [1786690623.719808945] [cartesian_streamer]: QueueTrajPoint đã được accept nhưng joint_states hầu như không đổi. Kiểm tra: 1) Robot ở mode AUTO? 2) Servo ON? 3) E-stop cleared?
[INFO] [1786690624.012897899] [cartesian_streamer]: QueueTrajPoint accepted #400: t=5.956s, hold=False
[INFO] [1786690625.391173830] [cartesian_streamer]: QueueTrajPoint accepted #420: t=7.334s, hold=False
[INFO] [1786690625.722348369] [cartesian_streamer]: IK delta clamped → joints: [1.348, -0.116, -0.692, 0.000, -0.643, -1.221]
[INFO] [1786690625.722834570] [cartesian_streamer]: IK OK → Δmax=0.0900 rad, joints: [1.348, -0.116, -0.692, 0.000, -0.643, -1.221]
[INFO] [1786690626.725262242] [cartesian_streamer]: QueueTrajPoint accepted #440: t=8.668s, hold=False
[INFO] [1786690627.724940717] [cartesian_streamer]: IK delta clamped → joints: [1.266, 0.136, -0.291, 0.000, -0.803, -1.139]
[INFO] [1786690627.725470711] [cartesian_streamer]: IK OK → Δmax=0.0900 rad, joints: [1.266, 0.136, -0.291, 0.000, -0.803, -1.139]
[INFO] [1786690628.056426775] [cartesian_streamer]: QueueTrajPoint accepted #460: t=10.000s, hold=False
[INFO] [1786690628.124237465] [cartesian_streamer]: Runtime rate: state=streaming, tick_hz=15.0, queue_send_hz=14.4, ack_hz=14.4, busy_hz=0.0, retry_count=0, reject_count=0, inter_ack_ms=69.1, max_joint_delta=0.090, cumul_time=10.00s, hold_count=0, ik_mode=Local, ik_avg_ms=2.11, ik_fails=16
[INFO] [1786690629.390963970] [cartesian_streamer]: QueueTrajPoint accepted #480: t=11.334s, hold=False
[INFO] [1786690629.787350386] [cartesian_streamer]: IK OK → Δmax=0.0195 rad, joints: [1.235, 0.473, -0.250, 0.000, -0.848, -1.108]
[INFO] [1786690630.724126061] [cartesian_streamer]: QueueTrajPoint accepted #500: t=12.668s, hold=False
[INFO] [1786690631.787670834] [cartesian_streamer]: IK OK → Δmax=0.0292 rad, joints: [1.232, 0.445, -0.266, 0.000, -0.860, -1.105]
[INFO] [1786690632.056127665] [cartesian_streamer]: QueueTrajPoint accepted #520: t=14.000s, hold=False
[INFO] [1786690632.121830135] [cartesian_streamer]: IK delta clamped → joints: [1.230, 0.428, -0.182, 0.000, -0.948, -1.103]
[INFO] [1786690633.186678463] [cartesian_streamer]: Runtime rate: state=streaming, tick_hz=15.0, queue_send_hz=15.0, ack_hz=15.0, busy_hz=0.0, retry_count=0, reject_count=0, inter_ack_ms=66.7, max_joint_delta=0.090, cumul_time=15.07s, hold_count=0, ik_mode=Local, ik_avg_ms=1.89, ik_fails=16
[INFO] [1786690633.390643084] [cartesian_streamer]: QueueTrajPoint accepted #540: t=15.333s, hold=False
[INFO] [1786690633.788212767] [cartesian_streamer]: IK OK → Δmax=0.0900 rad, joints: [1.310, 0.344, 0.191, 0.000, -1.081, -1.183]
[INFO] [1786690634.187615405] [cartesian_streamer]: IK delta clamped → joints: [1.318, 0.340, 0.271, 0.000, -1.113, -1.190]
[INFO] [1786690634.724211342] [cartesian_streamer]: QueueTrajPoint accepted #560: t=16.668s, hold=False
[INFO] [1786690635.854070095] [cartesian_streamer]: IK OK → Δmax=0.0900 rad, joints: [1.280, 0.344, 0.553, 0.000, -1.247, -1.153]
[INFO] [1786690636.056790266] [cartesian_streamer]: QueueTrajPoint accepted #580: t=18.001s, hold=False
[INFO] [1786690636.187788801] [cartesian_streamer]: IK delta clamped → joints: [1.261, 0.310, 0.423, 0.000, -1.273, -1.134]
[INFO] [1786690637.391020732] [cartesian_streamer]: QueueTrajPoint accepted #600: t=19.334s, hold=False
[INFO] [1786690637.855875707] [cartesian_streamer]: IK OK → Δmax=0.0900 rad, joints: [1.268, 0.252, 0.089, 0.000, -1.166, -1.140]
[INFO] [1786690638.187831997] [cartesian_streamer]: IK delta clamped → joints: [1.271, 0.264, 0.023, 0.000, -1.140, -1.144]
[INFO] [1786690638.252871830] [cartesian_streamer]: Runtime rate: state=streaming, tick_hz=15.0, queue_send_hz=15.0, ack_hz=15.0, busy_hz=0.0, retry_count=0, reject_count=0, inter_ack_ms=66.7, max_joint_delta=0.090, cumul_time=20.13s, hold_count=0, ik_mode=Local, ik_avg_ms=1.72, ik_fails=16
[INFO] [1786690638.725233408] [cartesian_streamer]: QueueTrajPoint accepted #620: t=20.669s, hold=False
[INFO] [1786690639.922295510] [cartesian_streamer]: IK OK → Δmax=0.0900 rad, joints: [1.283, 0.349, -0.323, 0.000, -1.001, -1.156]
[INFO] [1786690640.057325417] [cartesian_streamer]: QueueTrajPoint accepted #640: t=22.001s, hold=False
[INFO] [1786690640.189006069] [cartesian_streamer]: IK delta clamped → joints: [1.287, 0.360, -0.377, 0.000, -0.980, -1.160]
[INFO] [1786690641.391169440] [cartesian_streamer]: QueueTrajPoint accepted #660: t=23.335s, hold=False
[INFO] [1786690641.987640257] [cartesian_streamer]: IK OK → Δmax=0.0700 rad, joints: [1.334, 0.400, -0.193, 0.000, -1.004, -1.207]
[INFO] [1786690642.254067041] [cartesian_streamer]: IK delta clamped → joints: [1.340, 0.418, -0.140, 0.000, -1.068, -1.213]
[INFO] [1786690642.723800609] [cartesian_streamer]: QueueTrajPoint accepted #680: t=24.668s, hold=False
[INFO] [1786690643.254253684] [cartesian_streamer]: Runtime rate: state=streaming, tick_hz=15.0, queue_send_hz=15.0, ack_hz=15.0, busy_hz=0.0, retry_count=0, reject_count=0, inter_ack_ms=66.7, max_joint_delta=0.090, cumul_time=25.13s, hold_count=0, ik_mode=Local, ik_avg_ms=1.61, ik_fails=16
[INFO] [1786690643.991230801] [cartesian_streamer]: IK OK → Δmax=0.0900 rad, joints: [1.286, 0.718, 0.207, 0.000, -1.207, -1.159]
[INFO] [1786690644.058038361] [cartesian_streamer]: QueueTrajPoint accepted #700: t=26.001s, hold=False
[INFO] [1786690644.254661606] [cartesian_streamer]: IK delta clamped → joints: [1.287, 0.709, 0.260, 0.000, -1.207, -1.160]
[INFO] [1786690645.391499508] [cartesian_streamer]: QueueTrajPoint accepted #720: t=27.334s, hold=False
[INFO] [1786690646.056127130] [cartesian_streamer]: IK OK → Δmax=0.0015 rad, joints: [1.288, 0.685, 0.307, 0.000, -1.194, -1.161]
[INFO] [1786690646.724893161] [cartesian_streamer]: QueueTrajPoint accepted #740: t=28.668s, hold=False
[INFO] [1786690647.788360495] [cartesian_streamer]: IK delta clamped → joints: [1.269, 0.546, 0.077, 0.000, -1.102, -1.142]
[INFO] [1786690648.058655848] [cartesian_streamer]: QueueTrajPoint accepted #760: t=30.001s, hold=False
[INFO] [1786690648.121962032] [cartesian_streamer]: IK OK → Δmax=0.0700 rad, joints: [1.265, 0.481, 0.011, 0.000, -1.056, -1.138]
[INFO] [1786690648.322406130] [cartesian_streamer]: Runtime rate: state=streaming, tick_hz=15.0, queue_send_hz=15.0, ack_hz=15.0, busy_hz=0.0, retry_count=0, reject_count=0, inter_ack_ms=66.7, max_joint_delta=0.090, cumul_time=30.20s, hold_count=0, ik_mode=Local, ik_avg_ms=1.53, ik_fails=16
[INFO] [1786690649.391715848] [cartesian_streamer]: QueueTrajPoint accepted #780: t=31.334s, hold=False
[INFO] [1786690649.854109866] [cartesian_streamer]: IK delta clamped → joints: [1.312, 0.236, -0.336, 0.000, -0.893, -1.185]
[INFO] [1786690650.187964778] [cartesian_streamer]: IK OK → Δmax=0.0900 rad, joints: [1.336, 0.206, -0.403, 0.000, -0.847, -1.209]
[INFO] [1786690650.724018977] [cartesian_streamer]: QueueTrajPoint accepted #800: t=32.668s, hold=False
[INFO] [1786690651.854158391] [cartesian_streamer]: IK delta clamped → joints: [1.434, 0.219, -0.736, 0.000, -0.714, -1.307]
[INFO] [1786690652.059195108] [cartesian_streamer]: QueueTrajPoint accepted #820: t=34.002s, hold=False
[INFO] [1786690652.188553177] [cartesian_streamer]: IK OK → Δmax=0.0900 rad, joints: [1.431, 0.230, -0.783, 0.000, -0.687, -1.304]
[INFO] [1786690653.386563571] [cartesian_streamer]: Runtime rate: state=streaming, tick_hz=15.0, queue_send_hz=15.0, ack_hz=15.0, busy_hz=0.0, retry_count=0, reject_count=0, inter_ack_ms=66.7, max_joint_delta=0.090, cumul_time=35.27s, hold_count=0, ik_mode=Local, ik_avg_ms=1.47, ik_fails=16
[INFO] [1786690653.390749316] [cartesian_streamer]: QueueTrajPoint accepted #840: t=35.334s, hold=False
[INFO] [1786690653.921941725] [cartesian_streamer]: IK delta clamped → joints: [1.346, 0.198, -0.544, 0.000, -0.803, -1.219]
[INFO] [1786690654.256114691] [cartesian_streamer]: IK OK → Δmax=0.0900 rad, joints: [1.336, 0.184, -0.453, 0.000, -0.830, -1.208]
[INFO] [1786690654.724121080] [cartesian_streamer]: QueueTrajPoint accepted #860: t=36.668s, hold=False
[INFO] [1786690655.923864413] [cartesian_streamer]: IK delta clamped → joints: [1.334, 0.167, -0.112, 0.000, -0.963, -1.207]
[INFO] [1786690656.058145793] [cartesian_streamer]: QueueTrajPoint accepted #880: t=38.001s, hold=False
[INFO] [1786690656.322810156] [cartesian_streamer]: IK OK → Δmax=0.0900 rad, joints: [1.334, 0.190, -0.032, 0.000, -0.995, -1.207]
[INFO] [1786690657.391325071] [cartesian_streamer]: QueueTrajPoint accepted #900: t=39.334s, hold=False
[INFO] [1786690657.924217711] [cartesian_streamer]: IK delta clamped → joints: [1.322, 0.188, 0.187, 0.000, -1.123, -1.195]
[INFO] [1786690658.325363446] [cartesian_streamer]: IK OK → Δmax=0.0900 rad, joints: [1.301, 0.155, 0.056, 0.000, -1.155, -1.174]
[INFO] [1786690658.387958726] [cartesian_streamer]: Runtime rate: state=streaming, tick_hz=15.0, queue_send_hz=15.0, ack_hz=15.0, busy_hz=0.0, retry_count=0, reject_count=0, inter_ack_ms=66.7, max_joint_delta=0.090, cumul_time=40.27s, hold_count=0, ik_mode=Local, ik_avg_ms=1.42, ik_fails=16
[INFO] [1786690658.724257327] [cartesian_streamer]: QueueTrajPoint accepted #920: t=40.668s, hold=False
[INFO] [1786690659.989630622] [cartesian_streamer]: IK delta clamped → joints: [1.348, 0.168, -0.277, 0.000, -1.013, -1.220]
[INFO] [1786690660.058811446] [cartesian_streamer]: QueueTrajPoint accepted #940: t=42.002s, hold=False
[INFO] [1786690660.387986472] [cartesian_streamer]: IK OK → Δmax=0.0900 rad, joints: [1.376, 0.213, -0.357, 0.000, -0.981, -1.249]
[INFO] [1786690661.391330248] [cartesian_streamer]: QueueTrajPoint accepted #960: t=43.334s, hold=False
[INFO] [1786690661.991070293] [cartesian_streamer]: Disable Robot: dừng stream, tắt traj mode...
[INFO] [1786690661.991597582] [cartesian_streamer]: ✗ Robot DISABLED.
[INFO] [1786690705.653377928] [cartesian_streamer]: Enable Robot: bắt đầu chuỗi khởi động...
[INFO] [1786690705.653797311] [cartesian_streamer]: Enable: reset_error...
[INFO] [1786690705.655279706] [cartesian_streamer]: reset_error: code=1, msg="Mock: Error Reset OK"
[INFO] [1786690705.655535620] [cartesian_streamer]: Enable: stop_traj_mode (giải phóng mode cũ)...
[INFO] [1786690705.656484425] [cartesian_streamer]: stop_traj_mode: success=True, code=N/A, msg="Mock: OK"
[INFO] [1786690705.656714641] [cartesian_streamer]: Enable: chờ 1.5s để hệ thống ổn định trước khi start queue...
[INFO] [1786690707.157576045] [cartesian_streamer]: Enable: StartPointQueueMode...
[INFO] [1786690707.159780295] [cartesian_streamer]: StartPointQueueMode response: code=1, msg="Mock: Queue Mode Started"
[INFO] [1786690707.161259965] [cartesian_streamer]: ✓ Robot ENABLED — Point Queue Mode active. Servo ON!
[INFO] [1786690707.188211336] [cartesian_streamer]: Runtime rate: state=seeding, tick_hz=1.1, queue_send_hz=1.1, ack_hz=1.1, busy_hz=0.0, retry_count=0, reject_count=0, inter_ack_ms=66.6, max_joint_delta=0.090, cumul_time=0.00s, hold_count=0, ik_mode=Local, ik_avg_ms=1.39, ik_fails=16
[WARN] [1786690707.188792025] [cartesian_streamer]: Target stream stale: không có target mới trong 45.2s
[WARN] [1786690707.189128792] [cartesian_streamer]: QueueTrajPoint đã được accept nhưng joint_states hầu như không đổi. Kiểm tra: 1) Robot ở mode AUTO? 2) Servo ON? 3) E-stop cleared?
[INFO] [1786690707.191811568] [cartesian_streamer]: Bootstrap EE pose via FK: (-0.1620, 0.2801, 0.3785)
[INFO] [1786690707.193377230] [cartesian_streamer]: Đã gửi seed point (current joints, t=0), chờ ACK...
[INFO] [1786690707.195316850] [cartesian_streamer]: Seed ACK nhận được, bắt đầu prebuffer.
[INFO] [1786690707.389697224] [cartesian_streamer]: Pre-buffer hoàn tất (3 points), bắt đầu stream ổn định. Đang chờ target...
[INFO] [1786690707.855421195] [cartesian_streamer]: QueueTrajPoint accepted #980: t=0.661s, hold=True
[INFO] [1786690709.187616450] [cartesian_streamer]: QueueTrajPoint accepted #1000: t=1.994s, hold=True
[INFO] [1786690710.522998399] [cartesian_streamer]: QueueTrajPoint accepted #1020: t=3.327s, hold=True
[INFO] [1786690710.588624027] [cartesian_streamer]: IK OK → Δmax=0.0000 rad, joints: [1.571, 0.124, -1.049, -0.000, -0.398, -1.444]
[INFO] [1786690711.855735984] [cartesian_streamer]: QueueTrajPoint accepted #1040: t=4.662s, hold=False
[INFO] [1786690712.253616972] [cartesian_streamer]: Runtime rate: state=streaming, tick_hz=15.0, queue_send_hz=15.0, ack_hz=15.0, busy_hz=0.0, retry_count=0, reject_count=0, inter_ack_ms=660.6, max_joint_delta=0.000, cumul_time=5.00s, hold_count=0, ik_mode=Local, ik_avg_ms=1.36, ik_fails=16
[WARN] [1786690712.254514690] [cartesian_streamer]: QueueTrajPoint đã được accept nhưng joint_states hầu như không đổi. Kiểm tra: 1) Robot ở mode AUTO? 2) Servo ON? 3) E-stop cleared?
[INFO] [1786690712.655131199] [cartesian_streamer]: IK OK → Δmax=0.0875 rad, joints: [1.601, 0.079, -0.986, -0.000, -0.507, -1.474]
[INFO] [1786690712.725725624] [cartesian_streamer]: IK delta clamped → joints: [1.606, 0.065, -0.966, -0.000, -0.515, -1.479]
[INFO] [1786690713.191441157] [cartesian_streamer]: QueueTrajPoint accepted #1060: t=5.997s, hold=False
[INFO] [1786690714.524867815] [cartesian_streamer]: QueueTrajPoint accepted #1080: t=7.330s, hold=False
[INFO] [1786690714.655719321] [cartesian_streamer]: IK OK → Δmax=0.0900 rad, joints: [1.419, 0.138, -0.538, 0.000, -0.669, -1.292]
[INFO] [1786690714.789442760] [cartesian_streamer]: IK delta clamped → joints: [1.414, 0.158, -0.512, 0.000, -0.680, -1.287]
[INFO] [1786690715.857843349] [cartesian_streamer]: QueueTrajPoint accepted #1100: t=8.663s, hold=False
[INFO] [1786690716.725229438] [cartesian_streamer]: IK OK → Δmax=0.0900 rad, joints: [1.366, 0.478, -0.125, 0.000, -0.835, -1.239]
[INFO] [1786690716.854851172] [cartesian_streamer]: IK delta clamped → joints: [1.356, 0.502, -0.098, 0.000, -0.845, -1.229]
[INFO] [1786690717.191482833] [cartesian_streamer]: QueueTrajPoint accepted #1120: t=9.996s, hold=False
[INFO] [1786690717.320270916] [cartesian_streamer]: Runtime rate: state=streaming, tick_hz=15.0, queue_send_hz=15.0, ack_hz=15.0, busy_hz=0.0, retry_count=0, reject_count=0, inter_ack_ms=66.6, max_joint_delta=0.090, cumul_time=10.06s, hold_count=0, ik_mode=Local, ik_avg_ms=1.34, ik_fails=16
[INFO] [1786690718.524654919] [cartesian_streamer]: QueueTrajPoint accepted #1140: t=11.330s, hold=False
[INFO] [1786690718.788949258] [cartesian_streamer]: IK OK → Δmax=0.0900 rad, joints: [1.304, 0.729, 0.288, 0.000, -1.000, -1.177]
[INFO] [1786690718.922824491] [cartesian_streamer]: IK delta clamped → joints: [1.305, 0.732, 0.315, 0.000, -1.010, -1.178]
[INFO] [1786690719.723736327] [cartesian_streamer]: Disable Robot: dừng stream, tắt traj mode...
[INFO] [1786690719.726233581] [cartesian_streamer]: ✗ Robot DISABLED.
[INFO] [1786690761.204271192] [cartesian_streamer]: Enable Robot: bắt đầu chuỗi khởi động...
[INFO] [1786690761.204638216] [cartesian_streamer]: Enable: reset_error...
[INFO] [1786690761.207317822] [cartesian_streamer]: reset_error: code=1, msg="Mock: Error Reset OK"
[INFO] [1786690761.207880606] [cartesian_streamer]: Enable: stop_traj_mode (giải phóng mode cũ)...
[INFO] [1786690761.209141049] [cartesian_streamer]: stop_traj_mode: success=True, code=N/A, msg="Mock: OK"
[INFO] [1786690761.209404858] [cartesian_streamer]: Enable: chờ 1.5s để hệ thống ổn định trước khi start queue...
[INFO] [1786690762.711192101] [cartesian_streamer]: Enable: StartPointQueueMode...
[INFO] [1786690762.712639689] [cartesian_streamer]: StartPointQueueMode response: code=1, msg="Mock: Queue Mode Started"
[INFO] [1786690762.712949765] [cartesian_streamer]: ✓ Robot ENABLED — Point Queue Mode active. Servo ON!
[INFO] [1786690762.721192329] [cartesian_streamer]: Runtime rate: state=seeding, tick_hz=0.8, queue_send_hz=0.8, ack_hz=0.8, busy_hz=0.0, retry_count=0, reject_count=0, inter_ack_ms=66.7, max_joint_delta=0.090, cumul_time=0.00s, hold_count=0, ik_mode=Local, ik_avg_ms=1.33, ik_fails=16
[WARN] [1786690762.721531139] [cartesian_streamer]: Target stream stale: không có target mới trong 43.0s
[WARN] [1786690762.721847477] [cartesian_streamer]: QueueTrajPoint đã được accept nhưng joint_states hầu như không đổi. Kiểm tra: 1) Robot ở mode AUTO? 2) Servo ON? 3) E-stop cleared?
[INFO] [1786690762.722426913] [cartesian_streamer]: Bootstrap EE pose via FK: (-0.1620, 0.2801, 0.3785)
[INFO] [1786690762.722949561] [cartesian_streamer]: Đã gửi seed point (current joints, t=0), chờ ACK...
[INFO] [1786690762.724552381] [cartesian_streamer]: Seed ACK nhận được, bắt đầu prebuffer.
[INFO] [1786690762.789470010] [cartesian_streamer]: QueueTrajPoint accepted #1160: t=0.064s, hold=True
[INFO] [1786690762.922958325] [cartesian_streamer]: Pre-buffer hoàn tất (3 points), bắt đầu stream ổn định. Đang chờ target...
[INFO] [1786690764.121621009] [cartesian_streamer]: QueueTrajPoint accepted #1180: t=1.397s, hold=True
[INFO] [1786690765.455272614] [cartesian_streamer]: QueueTrajPoint accepted #1200: t=2.730s, hold=True
[INFO] [1786690766.656912080] [cartesian_streamer]: IK OK → Δmax=0.0183 rad, joints: [1.568, 0.124, -1.055, -0.015, -0.394, -1.425]
[INFO] [1786690766.789731708] [cartesian_streamer]: QueueTrajPoint accepted #1220: t=4.065s, hold=False
[INFO] [1786690767.721723301] [cartesian_streamer]: Runtime rate: state=streaming, tick_hz=15.0, queue_send_hz=15.0, ack_hz=15.0, busy_hz=0.0, retry_count=0, reject_count=0, inter_ack_ms=639.0, max_joint_delta=0.018, cumul_time=4.93s, hold_count=0, ik_mode=Local, ik_avg_ms=1.32, ik_fails=16
[INFO] [1786690768.125075796] [cartesian_streamer]: QueueTrajPoint accepted #1240: t=5.400s, hold=False
[INFO] [1786690768.722267568] [cartesian_streamer]: IK delta clamped → joints: [1.610, 0.149, -0.891, -0.000, -0.528, -1.483]
[INFO] [1786690768.722623501] [cartesian_streamer]: IK OK → Δmax=0.0900 rad, joints: [1.610, 0.149, -0.891, -0.000, -0.528, -1.483]
[INFO] [1786690769.457091310] [cartesian_streamer]: QueueTrajPoint accepted #1260: t=6.732s, hold=False
[INFO] [1786690770.722477693] [cartesian_streamer]: IK delta clamped → joints: [1.374, 0.097, -0.477, 0.000, -0.688, -1.255]
[INFO] [1786690770.722771188] [cartesian_streamer]: IK OK → Δmax=0.0900 rad, joints: [1.374, 0.097, -0.477, 0.000, -0.688, -1.255]
[INFO] [1786690770.791144138] [cartesian_streamer]: QueueTrajPoint accepted #1280: t=8.066s, hold=False
[INFO] [1786690772.126101617] [cartesian_streamer]: QueueTrajPoint accepted #1300: t=9.401s, hold=False
[INFO] [1786690772.722604794] [cartesian_streamer]: Runtime rate: state=streaming, tick_hz=15.0, queue_send_hz=15.0, ack_hz=15.0, busy_hz=0.0, retry_count=0, reject_count=0, inter_ack_ms=66.7, max_joint_delta=0.090, cumul_time=9.93s, hold_count=0, ik_mode=Local, ik_avg_ms=1.30, ik_fails=16
[INFO] [1786690772.728281235] [cartesian_streamer]: IK delta clamped → joints: [1.244, 0.411, -0.077, 0.000, -0.848, -1.117]
[INFO] [1786690772.729301073] [cartesian_streamer]: IK OK → Δmax=0.0900 rad, joints: [1.244, 0.411, -0.077, 0.000, -0.848, -1.117]
[INFO] [1786690773.456235606] [cartesian_streamer]: QueueTrajPoint accepted #1320: t=10.732s, hold=False
[INFO] [1786690774.788957752] [cartesian_streamer]: IK delta clamped → joints: [1.286, 0.715, 0.337, 0.000, -1.013, -1.159]
[INFO] [1786690774.789437709] [cartesian_streamer]: IK OK → Δmax=0.0900 rad, joints: [1.286, 0.715, 0.337, 0.000, -1.013, -1.159]
[INFO] [1786690774.791459902] [cartesian_streamer]: QueueTrajPoint accepted #1340: t=12.067s, hold=False
[INFO] [1786690776.125937216] [cartesian_streamer]: QueueTrajPoint accepted #1360: t=13.401s, hold=False
[INFO] [1786690776.789830504] [cartesian_streamer]: IK delta clamped → joints: [1.278, 0.839, 0.451, 0.000, -1.173, -1.150]
[INFO] [1786690776.791025774] [cartesian_streamer]: IK OK → Δmax=0.0900 rad, joints: [1.278, 0.839, 0.451, 0.000, -1.173, -1.150]
[INFO] [1786690777.457177927] [cartesian_streamer]: QueueTrajPoint accepted #1380: t=14.732s, hold=False
[INFO] [1786690777.788436300] [cartesian_streamer]: Runtime rate: state=streaming, tick_hz=15.0, queue_send_hz=15.0, ack_hz=15.0, busy_hz=0.0, retry_count=0, reject_count=0, inter_ack_ms=66.7, max_joint_delta=0.090, cumul_time=15.00s, hold_count=0, ik_mode=Local, ik_avg_ms=1.29, ik_fails=16
[INFO] [1786690778.791409764] [cartesian_streamer]: QueueTrajPoint accepted #1400: t=16.066s, hold=False
[INFO] [1786690778.856158161] [cartesian_streamer]: IK OK → Δmax=0.0010 rad, joints: [1.276, 0.837, 0.443, 0.000, -1.176, -1.149]
[INFO] [1786690780.125046095] [cartesian_streamer]: QueueTrajPoint accepted #1420: t=17.400s, hold=False
[INFO] [1786690780.135409174] [cartesian_streamer]: Disable Robot: dừng stream, tắt traj mode...
[INFO] [1786690780.135969142] [cartesian_streamer]: ✗ Robot DISABLED.
[INFO] [1786690864.534984265] [cartesian_streamer]: Enable Robot: bắt đầu chuỗi khởi động...
[INFO] [1786690864.535288700] [cartesian_streamer]: Enable: reset_error...
[INFO] [1786690864.537077388] [cartesian_streamer]: reset_error: code=1, msg="Mock: Error Reset OK"
[INFO] [1786690864.537352798] [cartesian_streamer]: Enable: stop_traj_mode (giải phóng mode cũ)...
[INFO] [1786690864.539875122] [cartesian_streamer]: stop_traj_mode: success=True, code=N/A, msg="Mock: OK"
[INFO] [1786690864.540839393] [cartesian_streamer]: Enable: chờ 1.5s để hệ thống ổn định trước khi start queue...
[INFO] [1786690866.041709143] [cartesian_streamer]: Enable: StartPointQueueMode...
[INFO] [1786690866.043461723] [cartesian_streamer]: StartPointQueueMode response: code=1, msg="Mock: Queue Mode Started"
[INFO] [1786690866.043723658] [cartesian_streamer]: ✓ Robot ENABLED — Point Queue Mode active. Servo ON!
[INFO] [1786690866.053469834] [cartesian_streamer]: Runtime rate: state=seeding, tick_hz=0.4, queue_send_hz=0.4, ack_hz=0.4, busy_hz=0.0, retry_count=0, reject_count=0, inter_ack_ms=66.7, max_joint_delta=0.019, cumul_time=0.00s, hold_count=0, ik_mode=Local, ik_avg_ms=1.29, ik_fails=16
[WARN] [1786690866.053922940] [cartesian_streamer]: Target stream stale: không có target mới trong 85.9s
[INFO] [1786690866.054556907] [cartesian_streamer]: Bootstrap EE pose via FK: (-0.1620, 0.2801, 0.3785)
[INFO] [1786690866.055055679] [cartesian_streamer]: Đã gửi seed point (current joints, t=0), chờ ACK...
[INFO] [1786690866.056822647] [cartesian_streamer]: Seed ACK nhận được, bắt đầu prebuffer.
[INFO] [1786690866.254692490] [cartesian_streamer]: Pre-buffer hoàn tất (3 points), bắt đầu stream ổn định. Đang chờ target...
[INFO] [1786690867.321146149] [cartesian_streamer]: QueueTrajPoint accepted #1440: t=1.265s, hold=True
[INFO] [1786690868.654274675] [cartesian_streamer]: QueueTrajPoint accepted #1460: t=2.598s, hold=True
[INFO] [1786690869.257554673] [cartesian_streamer]: IK OK → Δmax=0.0008 rad, joints: [1.571, 0.124, -1.050, -0.001, -0.398, -1.443]
[WARN] [1786690869.322107152] [cartesian_streamer]: QueueTrajPoint đã được accept nhưng joint_states hầu như không đổi. Kiểm tra: 1) Robot ở mode AUTO? 2) Servo ON? 3) E-stop cleared?
[INFO] [1786690869.989069979] [cartesian_streamer]: QueueTrajPoint accepted #1480: t=3.933s, hold=False
[INFO] [1786690871.053362084] [cartesian_streamer]: Runtime rate: state=streaming, tick_hz=15.0, queue_send_hz=15.0, ack_hz=15.0, busy_hz=0.0, retry_count=0, reject_count=0, inter_ack_ms=1211.5, max_joint_delta=0.036, cumul_time=4.93s, hold_count=0, ik_mode=Local, ik_avg_ms=1.27, ik_fails=16
[INFO] [1786690871.254292860] [cartesian_streamer]: IK delta clamped → joints: [1.574, 0.161, -0.860, -0.000, -0.539, -1.447]
[INFO] [1786690871.323367617] [cartesian_streamer]: IK OK → Δmax=0.0900 rad, joints: [1.573, 0.153, -0.841, -0.000, -0.544, -1.446]
[INFO] [1786690871.326281831] [cartesian_streamer]: QueueTrajPoint accepted #1500: t=5.269s, hold=False
[INFO] [1786690872.659941333] [cartesian_streamer]: QueueTrajPoint accepted #1520: t=6.601s, hold=False
[INFO] [1786690873.255507700] [cartesian_streamer]: IK delta clamped → joints: [1.407, 0.076, -0.453, 0.000, -0.698, -1.280]
[INFO] [1786690873.388285264] [cartesian_streamer]: IK OK → Δmax=0.0900 rad, joints: [1.400, 0.092, -0.426, 0.000, -0.709, -1.273]
[INFO] [1786690873.991422181] [cartesian_streamer]: QueueTrajPoint accepted #1540: t=7.935s, hold=False
[INFO] [1786690875.324150029] [cartesian_streamer]: IK delta clamped → joints: [1.284, 0.360, -0.040, 0.000, -0.864, -1.157]
[INFO] [1786690875.327134074] [cartesian_streamer]: QueueTrajPoint accepted #1560: t=9.270s, hold=False
[INFO] [1786690875.454541733] [cartesian_streamer]: IK OK → Δmax=0.0900 rad, joints: [1.280, 0.386, -0.013, 0.000, -0.874, -1.152]
[INFO] [1786690876.053911744] [cartesian_streamer]: Runtime rate: state=streaming, tick_hz=15.0, queue_send_hz=15.0, ack_hz=15.0, busy_hz=0.0, retry_count=0, reject_count=0, inter_ack_ms=66.7, max_joint_delta=0.090, cumul_time=9.94s, hold_count=0, ik_mode=Local, ik_avg_ms=1.26, ik_fails=16
[INFO] [1786690876.660773472] [cartesian_streamer]: QueueTrajPoint accepted #1580: t=10.601s, hold=False
[INFO] [1786690877.388569265] [cartesian_streamer]: IK delta clamped → joints: [1.257, 0.711, 0.374, 0.000, -1.029, -1.130]
[INFO] [1786690877.455521928] [cartesian_streamer]: IK OK → Δmax=0.0900 rad, joints: [1.257, 0.719, 0.387, 0.000, -1.035, -1.130]
[INFO] [1786690877.992157802] [cartesian_streamer]: QueueTrajPoint accepted #1600: t=11.934s, hold=False
[INFO] [1786690879.328409088] [cartesian_streamer]: QueueTrajPoint accepted #1620: t=13.270s, hold=False
[INFO] [1786690879.456799042] [cartesian_streamer]: IK OK → Δmax=0.0865 rad, joints: [1.261, 0.807, 0.426, 0.000, -1.191, -1.134]
[INFO] [1786690880.656055084] [cartesian_streamer]: QueueTrajPoint accepted #1640: t=14.600s, hold=False
[INFO] [1786690881.122048120] [cartesian_streamer]: Runtime rate: state=streaming, tick_hz=15.0, queue_send_hz=15.0, ack_hz=15.0, busy_hz=0.0, retry_count=0, reject_count=0, inter_ack_ms=66.6, max_joint_delta=0.090, cumul_time=15.00s, hold_count=0, ik_mode=Local, ik_avg_ms=1.25, ik_fails=16
[INFO] [1786690881.523549951] [cartesian_streamer]: IK OK → Δmax=0.0038 rad, joints: [1.255, 0.796, 0.405, 0.000, -1.180, -1.127]
[INFO] [1786690881.990963133] [cartesian_streamer]: QueueTrajPoint accepted #1660: t=15.934s, hold=False
[INFO] [1786690883.325294939] [cartesian_streamer]: QueueTrajPoint accepted #1680: t=17.268s, hold=False
[INFO] [1786690883.587582411] [cartesian_streamer]: IK OK → Δmax=0.0029 rad, joints: [1.264, 0.788, 0.395, 0.000, -1.179, -1.136]
[INFO] [1786690884.655799198] [cartesian_streamer]: QueueTrajPoint accepted #1700: t=18.600s, hold=False
[INFO] [1786690885.055936951] [cartesian_streamer]: Disable Robot: dừng stream, tắt traj mode...
[INFO] [1786690885.056406518] [cartesian_streamer]: ✗ Robot DISABLED.
[INFO] [1786690905.685990491] [cartesian_streamer]: Disable Robot: dừng stream, tắt traj mode...
[INFO] [1786690905.686476258] [cartesian_streamer]: ✗ Robot DISABLED.
[INFO] [1786690907.733126131] [cartesian_streamer]: Enable Robot: bắt đầu chuỗi khởi động...
[INFO] [1786690907.733390861] [cartesian_streamer]: Enable: reset_error...
[INFO] [1786690907.735328238] [cartesian_streamer]: reset_error: code=1, msg="Mock: Error Reset OK"
[INFO] [1786690907.735713015] [cartesian_streamer]: Enable: stop_traj_mode (giải phóng mode cũ)...
[INFO] [1786690907.736968796] [cartesian_streamer]: stop_traj_mode: success=True, code=N/A, msg="Mock: OK"
[INFO] [1786690907.737217635] [cartesian_streamer]: Enable: chờ 1.5s để hệ thống ổn định trước khi start queue...
[INFO] [1786690909.238706026] [cartesian_streamer]: Enable: StartPointQueueMode...
[INFO] [1786690909.244690814] [cartesian_streamer]: StartPointQueueMode response: code=1, msg="Mock: Queue Mode Started"
[INFO] [1786690909.245179196] [cartesian_streamer]: ✓ Robot ENABLED — Point Queue Mode active. Servo ON!
[INFO] [1786690909.253198175] [cartesian_streamer]: Runtime rate: state=seeding, tick_hz=2.1, queue_send_hz=2.1, ack_hz=2.1, busy_hz=0.0, retry_count=0, reject_count=0, inter_ack_ms=66.7, max_joint_delta=0.005, cumul_time=0.00s, hold_count=0, ik_mode=Local, ik_avg_ms=1.24, ik_fails=16
[WARN] [1786690909.253704821] [cartesian_streamer]: Target stream stale: không có target mới trong 24.2s
[WARN] [1786690909.254262464] [cartesian_streamer]: QueueTrajPoint đã được accept nhưng joint_states hầu như không đổi. Kiểm tra: 1) Robot ở mode AUTO? 2) Servo ON? 3) E-stop cleared?
[INFO] [1786690909.255363412] [cartesian_streamer]: Bootstrap EE pose via FK: (-0.1620, 0.2801, 0.3785)
[INFO] [1786690909.256132013] [cartesian_streamer]: Đã gửi seed point (current joints, t=0), chờ ACK...
[INFO] [1786690909.258315515] [cartesian_streamer]: Seed ACK nhận được, bắt đầu prebuffer.
[INFO] [1786690909.454532690] [cartesian_streamer]: Pre-buffer hoàn tất (3 points), bắt đầu stream ổn định. Đang chờ target...
[INFO] [1786690910.121097088] [cartesian_streamer]: QueueTrajPoint accepted #1720: t=0.864s, hold=True
[INFO] [1786690911.454802127] [cartesian_streamer]: QueueTrajPoint accepted #1740: t=2.197s, hold=True
[INFO] [1786690912.456981731] [cartesian_streamer]: IK OK → Δmax=0.0263 rad, joints: [1.567, 0.124, -1.057, -0.022, -0.392, -1.417]
[INFO] [1786690912.791224217] [cartesian_streamer]: QueueTrajPoint accepted #1760: t=3.534s, hold=False
[INFO] [1786690913.854865273] [cartesian_streamer]: IK delta clamped → joints: [1.553, 0.075, -0.969, -0.000, -0.509, -1.425]
[INFO] [1786690914.125018536] [cartesian_streamer]: QueueTrajPoint accepted #1780: t=4.867s, hold=False
[INFO] [1786690914.320584024] [cartesian_streamer]: Runtime rate: state=streaming, tick_hz=15.0, queue_send_hz=15.0, ack_hz=15.0, busy_hz=0.0, retry_count=0, reject_count=0, inter_ack_ms=384.2, max_joint_delta=0.090, cumul_time=5.00s, hold_count=0, ik_mode=Local, ik_avg_ms=1.23, ik_fails=16
[INFO] [1786690914.459319021] [cartesian_streamer]: IK OK → Δmax=0.0900 rad, joints: [1.507, 0.007, -0.808, 0.000, -0.558, -1.380]
[INFO] [1786690915.457736973] [cartesian_streamer]: QueueTrajPoint accepted #1800: t=6.199s, hold=False
[INFO] [1786690915.923315480] [cartesian_streamer]: IK delta clamped → joints: [1.454, 0.029, -0.515, 0.000, -0.675, -1.327]
[INFO] [1786690916.522327424] [cartesian_streamer]: IK OK → Δmax=0.0900 rad, joints: [1.428, 0.103, -0.395, 0.000, -0.723, -1.301]
[INFO] [1786690916.793010887] [cartesian_streamer]: QueueTrajPoint accepted #1820: t=7.535s, hold=False
[INFO] [1786690917.987177094] [cartesian_streamer]: IK delta clamped → joints: [1.344, 0.370, -0.101, 0.000, -0.840, -1.217]
[INFO] [1786690918.125119606] [cartesian_streamer]: QueueTrajPoint accepted #1840: t=8.867s, hold=False
[INFO] [1786690918.523225653] [cartesian_streamer]: IK OK → Δmax=0.0900 rad, joints: [1.313, 0.465, 0.005, 0.000, -0.883, -1.186]
[INFO] [1786690919.322022762] [cartesian_streamer]: Runtime rate: state=streaming, tick_hz=15.0, queue_send_hz=15.0, ack_hz=15.0, busy_hz=0.0, retry_count=0, reject_count=0, inter_ack_ms=66.7, max_joint_delta=0.090, cumul_time=10.00s, hold_count=0, ik_mode=Local, ik_avg_ms=1.22, ik_fails=16
[INFO] [1786690919.456973173] [cartesian_streamer]: QueueTrajPoint accepted #1860: t=10.200s, hold=False
[INFO] [1786690919.992898920] [cartesian_streamer]: IK delta clamped → joints: [1.259, 0.640, 0.179, 0.000, -1.000, -1.132]
[INFO] [1786690920.590607364] [cartesian_streamer]: IK OK → Δmax=0.0900 rad, joints: [1.262, 0.634, 0.170, 0.000, -1.048, -1.135]
[INFO] [1786690920.791966388] [cartesian_streamer]: QueueTrajPoint accepted #1880: t=11.534s, hold=False
[INFO] [1786690922.124340000] [cartesian_streamer]: QueueTrajPoint accepted #1900: t=12.867s, hold=False
[INFO] [1786690922.654773133] [cartesian_streamer]: IK OK → Δmax=0.0043 rad, joints: [1.262, 0.621, 0.144, 0.000, -1.094, -1.135]
[INFO] [1786690923.457568925] [cartesian_streamer]: QueueTrajPoint accepted #1920: t=14.199s, hold=False
[INFO] [1786690923.887590433] [cartesian_streamer]: Disable Robot: dừng stream, tắt traj mode...
[INFO] [1786690923.888355537] [cartesian_streamer]: ✗ Robot DISABLED.
