[INFO] [1786685556.269399178] [cartesian_streamer]: CartesianStreamer khởi động (chờ Enable Robot từ UI).
  Stream rate:       15 Hz (period=66.7ms)
  Queue dt:          0.067 s
  Prebuffer points:  3
  Retry backoff:     66.0 ms
  Gửi PoseStamped lên: /cartesian_streamer/target_pose
  Gửi XYZ lên:        /cartesian_streamer/target_xyz
  Nhận EE pose tại:   /cartesian_streamer/current_pose
[INFO] [1786685556.271996168] [cartesian_streamer]: Nhận joint_states: ['1.571', '0.124', '-1.049', '0.000', '-0.398', '-1.444']
[INFO] [1786685556.747773895] [cartesian_streamer]: ⚡ Simulation mode: Bỏ qua FK cross-validation, ÉP DÙNG Local IK.
   (MoveIt không có planning library trong môi trường giả lập)
[INFO] [1786685556.748370085] [cartesian_streamer]: Đã nhận joint_states. EE hiện tại: (-0.1620, 0.2801, 0.3785). IK mode: Local DLS. Chờ Enable Robot từ UI...
[INFO] [1786685590.057679689] [cartesian_streamer]: Enable Robot: bắt đầu chuỗi khởi động...
[INFO] [1786685590.058134894] [cartesian_streamer]: Enable: reset_error...
[INFO] [1786685590.061200075] [cartesian_streamer]: reset_error: code=1, msg="Mock: Error Reset OK"
[INFO] [1786685590.061872388] [cartesian_streamer]: Enable: stop_traj_mode (giải phóng mode cũ)...
[INFO] [1786685590.063261188] [cartesian_streamer]: stop_traj_mode: success=True, code=N/A, msg="Mock: OK"
[INFO] [1786685590.063595056] [cartesian_streamer]: Enable: chờ 1.5s để hệ thống ổn định trước khi start queue...
[INFO] [1786685591.564928245] [cartesian_streamer]: Enable: StartPointQueueMode...
[INFO] [1786685591.567835899] [cartesian_streamer]: StartPointQueueMode response: code=1, msg="Mock: Queue Mode Started"
[INFO] [1786685591.568124461] [cartesian_streamer]: ✓ Robot ENABLED — Point Queue Mode active. Servo ON!
[INFO] [1786685591.581936378] [cartesian_streamer]: Runtime rate: state=seeding, tick_hz=0.0, queue_send_hz=0.0, ack_hz=0.0, busy_hz=0.0, retry_count=0, reject_count=0, inter_ack_ms=0.0, max_joint_delta=0.000, cumul_time=0.00s, hold_count=0, ik_mode=Local, ik_avg_ms=0.00, ik_fails=0
[INFO] [1786685591.582656361] [cartesian_streamer]: Bootstrap EE pose via FK: (-0.1620, 0.2801, 0.3785)
[INFO] [1786685591.583017029] [cartesian_streamer]: Đang stream qua service: /queue_traj_point
[INFO] [1786685591.583759354] [cartesian_streamer]: Đã gửi seed point (current joints, t=0), chờ ACK...
[INFO] [1786685591.586471150] [cartesian_streamer]: Seed ACK nhận được, bắt đầu prebuffer.
[INFO] [1786685591.586850954] [cartesian_streamer]: Queue accepted sample#1: svc=/queue_traj_point, t_cumul=0.0000s, code=1, msg="Mock: Point accepted (0)", hold=False
[INFO] [1786685591.649874994] [cartesian_streamer]: Queue accepted sample#2: svc=/queue_traj_point, t_cumul=0.0646s, code=1, msg="Mock: Point accepted (1)", hold=True
[INFO] [1786685591.716524878] [cartesian_streamer]: Queue accepted sample#3: svc=/queue_traj_point, t_cumul=0.1311s, code=1, msg="Mock: Point accepted (2)", hold=True
[INFO] [1786685591.783191062] [cartesian_streamer]: Pre-buffer hoàn tất (3 points), bắt đầu stream ổn định. Đang chờ target...
[INFO] [1786685591.783481518] [cartesian_streamer]: Queue accepted sample#4: svc=/queue_traj_point, t_cumul=0.1976s, code=1, msg="Mock: Point accepted (3)", hold=True
[INFO] [1786685591.851455581] [cartesian_streamer]: Queue accepted sample#5: svc=/queue_traj_point, t_cumul=0.2641s, code=1, msg="Mock: Point accepted (4)", hold=True
[INFO] [1786685592.182376054] [cartesian_streamer]: IK OK → Δmax=0.0151 rad, joints: [1.586, 0.119, -1.056, -0.000, -0.395, -1.459]
[INFO] [1786685592.448600465] [cartesian_streamer]: IK delta clamped → joints: [1.694, 0.092, -1.096, -0.000, -0.383, -1.555]
[INFO] [1786685592.850850527] [cartesian_streamer]: QueueTrajPoint accepted #20: t=1.266s, hold=False
[INFO] [1786685594.184891879] [cartesian_streamer]: QueueTrajPoint accepted #40: t=2.599s, hold=False
[INFO] [1786685594.250708698] [cartesian_streamer]: IK OK → Δmax=0.0900 rad, joints: [1.568, 0.133, -0.808, 0.000, -0.571, -1.412]
[INFO] [1786685594.449480586] [cartesian_streamer]: IK delta clamped → joints: [1.528, 0.174, -0.768, 0.000, -0.587, -1.396]
[INFO] [1786685595.536378777] [cartesian_streamer]: Local IK không hội tụ (fail #1)
[INFO] [1786685595.538703516] [cartesian_streamer]: QueueTrajPoint accepted #60: t=3.953s, hold=True
[WARN] [1786685596.143075543] [cartesian_streamer]: Local IK failed 10x liên tiếp! Fallback sang MoveIt! IK...
[INFO] [1786685596.281119287] [cartesian_streamer]: IK OK → Δmax=0.0900 rad, joints: [1.546, 0.402, -0.539, 0.000, -0.679, -1.419]
[INFO] [1786685596.479679508] [cartesian_streamer]: IK delta clamped → joints: [1.546, 0.453, -0.488, 0.000, -0.699, -1.419]
[INFO] [1786685596.647359096] [cartesian_streamer]: Runtime rate: state=streaming, tick_hz=15.0, queue_send_hz=14.4, ack_hz=14.4, busy_hz=0.0, retry_count=0, reject_count=0, inter_ack_ms=69.7, max_joint_delta=0.090, cumul_time=5.02s, hold_count=0, ik_mode=Local, ik_avg_ms=5.94, ik_fails=14
[INFO] [1786685597.080316246] [cartesian_streamer]: QueueTrajPoint accepted #80: t=5.496s, hold=False
[WARN] [1786685598.205939244] [cartesian_streamer]: Local IK failed 38x liên tiếp! Fallback sang MoveIt! IK...
[INFO] [1786685598.342098777] [cartesian_streamer]: IK OK → Δmax=0.0900 rad, joints: [1.546, 0.712, -0.114, 0.000, -0.849, -1.419]
[INFO] [1786685598.416259656] [cartesian_streamer]: QueueTrajPoint accepted #100: t=6.830s, hold=False
[INFO] [1786685598.549438257] [cartesian_streamer]: IK delta clamped → joints: [1.546, 0.712, -0.086, 0.000, -0.860, -1.419]
[INFO] [1786685601.640182122] [cartesian_streamer]: IK delta clamped → joints: [1.546, 0.712, 0.180, 0.000, -0.967, -1.419]
[WARN] [1786685601.643170087] [cartesian_streamer]: Local IK failed 63x liên tiếp! Fallback sang MoveIt! IK...
[INFO] [1786685601.648386580] [cartesian_streamer]: IK OK → Δmax=0.0846 rad, joints: [1.546, 0.712, 0.180, 0.000, -0.967, -1.419]
[INFO] [1786685602.077748915] [cartesian_streamer]: Runtime rate: state=streaming, tick_hz=10.2, queue_send_hz=9.1, ack_hz=8.9, busy_hz=0.0, retry_count=0, reject_count=0, inter_ack_ms=92.1, max_joint_delta=0.090, cumul_time=8.43s, hold_count=0, ik_mode=Local, ik_avg_ms=18.52, ik_fails=63
[INFO] [1786685602.371550393] [cartesian_streamer]: Runtime rate: state=streaming, tick_hz=9.8, queue_send_hz=8.7, ack_hz=8.5, busy_hz=0.0, retry_count=0, reject_count=0, inter_ack_ms=111.3, max_joint_delta=0.090, cumul_time=8.51s, hold_count=0, ik_mode=Local, ik_avg_ms=18.52, ik_fails=63
[WARN] [1786685602.516980248] [cartesian_streamer]: Service call timeout (500ms). Resetting inflight flag.
[INFO] [1786685602.632243440] [cartesian_streamer]: QueueTrajPoint accepted #120: t=8.508s, hold=False
[INFO] [1786685603.649717178] [cartesian_streamer]: IK delta clamped → joints: [1.375, 0.610, 0.270, 0.000, -1.080, -1.289]
[INFO] [1786685603.650017402] [cartesian_streamer]: IK OK → Δmax=0.0900 rad, joints: [1.375, 0.610, 0.270, 0.000, -1.080, -1.289]
[INFO] [1786685603.784460630] [cartesian_streamer]: QueueTrajPoint accepted #140: t=9.974s, hold=False
[INFO] [1786685605.232813444] [cartesian_streamer]: QueueTrajPoint accepted #160: t=11.422s, hold=False
[INFO] [1786685605.716338287] [cartesian_streamer]: IK delta clamped → joints: [1.392, 0.282, -0.034, 0.000, -1.177, -1.265]
[INFO] [1786685605.716625146] [cartesian_streamer]: IK OK → Δmax=0.0700 rad, joints: [1.392, 0.282, -0.034, 0.000, -1.177, -1.265]
[INFO] [1786685606.651281828] [cartesian_streamer]: QueueTrajPoint accepted #180: t=12.840s, hold=False
[INFO] [1786685607.184453272] [cartesian_streamer]: Runtime rate: state=streaming, tick_hz=13.7, queue_send_hz=12.5, ack_hz=12.7, busy_hz=0.0, retry_count=0, reject_count=0, inter_ack_ms=79.9, max_joint_delta=0.090, cumul_time=13.11s, hold_count=0, ik_mode=Local, ik_avg_ms=14.38, ik_fails=73
[INFO] [1786685607.186439544] [cartesian_streamer]: Runtime rate: state=streaming, tick_hz=13.5, queue_send_hz=12.5, ack_hz=12.7, busy_hz=0.0, retry_count=0, reject_count=0, inter_ack_ms=79.9, max_joint_delta=0.090, cumul_time=13.11s, hold_count=0, ik_mode=Local, ik_avg_ms=14.38, ik_fails=73
[INFO] [1786685607.717296569] [cartesian_streamer]: IK delta clamped → joints: [1.565, 0.366, -0.120, -0.000, -1.161, -1.438]
[INFO] [1786685607.717643351] [cartesian_streamer]: IK OK → Δmax=0.0900 rad, joints: [1.565, 0.366, -0.120, -0.000, -1.161, -1.438]
[INFO] [1786685608.120783719] [cartesian_streamer]: QueueTrajPoint accepted #200: t=14.238s, hold=False
[INFO] [1786685608.341375305] [cartesian_streamer]: Local IK không hội tụ (fail #1)
[WARN] [1786685608.946385345] [cartesian_streamer]: Local IK failed 10x liên tiếp! Fallback sang MoveIt! IK...
[INFO] [1786685610.434429916] [cartesian_streamer]: IK delta clamped → joints: [1.448, 0.563, 0.077, 0.000, -1.240, -1.320]
[INFO] [1786685610.436690284] [cartesian_streamer]: IK OK → Δmax=0.0900 rad, joints: [1.448, 0.563, 0.077, 0.000, -1.240, -1.320]
[WARN] [1786685611.173133987] [cartesian_streamer]: Service call timeout (500ms). Resetting inflight flag.
[INFO] [1786685612.536929507] [cartesian_streamer]: IK OK → Δmax=0.0740 rad, joints: [1.416, 0.563, 0.077, 0.000, -1.240, -1.305]
[INFO] [1786685612.537844848] [cartesian_streamer]: Runtime rate: state=streaming, tick_hz=8.3, queue_send_hz=6.6, ack_hz=6.4, busy_hz=0.0, retry_count=0, reject_count=0, inter_ack_ms=135.6, max_joint_delta=0.090, cumul_time=15.77s, hold_count=0, ik_mode=Local, ik_avg_ms=13.59, ik_fails=83
[INFO] [1786685612.939194712] [cartesian_streamer]: IK delta clamped → joints: [1.398, 0.562, 0.117, 0.000, -1.256, -1.289]
[INFO] [1786685612.953743563] [cartesian_streamer]: QueueTrajPoint accepted #220: t=16.169s, hold=False
[INFO] [1786685614.582960451] [cartesian_streamer]: IK OK → Δmax=0.0700 rad, joints: [1.478, 0.247, -0.140, 0.000, -1.067, -1.351]
[INFO] [1786685614.651799129] [cartesian_streamer]: QueueTrajPoint accepted #240: t=17.699s, hold=False
[INFO] [1786685614.982794377] [cartesian_streamer]: IK delta clamped → joints: [1.446, 0.282, -0.219, 0.000, -1.032, -1.318]
[INFO] [1786685615.986961143] [cartesian_streamer]: QueueTrajPoint accepted #260: t=19.034s, hold=False
[INFO] [1786685616.583638936] [cartesian_streamer]: IK OK → Δmax=0.0900 rad, joints: [1.747, 0.222, -0.539, -0.001, -0.884, -1.511]
[INFO] [1786685616.986927164] [cartesian_streamer]: IK delta clamped → joints: [1.631, 0.140, -0.619, -0.000, -0.852, -1.504]
[INFO] [1786685617.320688961] [cartesian_streamer]: QueueTrajPoint accepted #280: t=20.368s, hold=False
[INFO] [1786685617.381171686] [cartesian_streamer]: Runtime rate: state=streaming, tick_hz=13.1, queue_send_hz=12.1, ack_hz=12.3, busy_hz=0.0, retry_count=0, reject_count=0, inter_ack_ms=77.1, max_joint_delta=0.090, cumul_time=20.37s, hold_count=0, ik_mode=Local, ik_avg_ms=10.88, ik_fails=83
[INFO] [1786685618.648928868] [cartesian_streamer]: IK OK → Δmax=0.0900 rad, joints: [1.851, 0.275, -0.952, -0.002, -0.719, -1.613]
[INFO] [1786685618.651809110] [cartesian_streamer]: QueueTrajPoint accepted #300: t=21.699s, hold=False
[INFO] [1786685619.049330912] [cartesian_streamer]: IK delta clamped → joints: [1.931, 0.259, -1.032, -0.001, -0.687, -1.645]
[INFO] [1786685619.986593036] [cartesian_streamer]: QueueTrajPoint accepted #320: t=23.034s, hold=False
[INFO] [1786685620.649078834] [cartesian_streamer]: IK OK → Δmax=0.0900 rad, joints: [1.631, 0.524, -0.655, -0.000, -0.841, -1.491]
[INFO] [1786685621.051693256] [cartesian_streamer]: IK delta clamped → joints: [1.566, 0.604, -0.575, -0.000, -0.873, -1.455]
