[INFO] [1786686199.701718177] [coord_transform]: CoordTransformNode khởi động.
  Object offset (cam frame): [0.05 0.   0.1 ]
  Translation cam→base:      [0.5 0.  1.2]
  EE orientation (xyzw):     [0.0, 1.0, 0.0, 0.0]
  Prediction step:           5
  Axis remap:                [0, 1, 2]
  Axis sign:                 [-1.0, 1.0, 1.0]
  Workspace X: (-1.0, 1.0), Y: (-0.5, 1.3), Z: (0.05, 1.5)
  Filter outlier_threshold:  0.15m
  Filter median_size_y:      3
  Filter deadband_tol:       15.0mm
  Filter stationary_thresh:  3 frames
  Filter max_rate:           5.0cm/frame
  Filter EMA moving(x,y,z):  (1.0,0.8,1.0)
  Filter EMA hold  (x,y,z):  (0.08,0.02,0.05)
[WARN] [1786686221.265742035] [coord_transform]: Outlier rejected #1 (jumped 2468.6mm). Ignoring.
[WARN] [1786686221.298071788] [coord_transform]: Outlier rejected #2 (jumped 2458.5mm). Ignoring.
[WARN] [1786686221.329026306] [coord_transform]: Outlier rejected #3 (jumped 2518.9mm). Ignoring.
[WARN] [1786686221.362313408] [coord_transform]: Outlier rejected #4 (jumped 2508.8mm). Ignoring.
[INFO] [1786686221.394008749] [coord_transform]: Too many outliers (5). Resetting filter to new position.
[INFO] [1786686223.789274176] [coord_transform]: Captured Init Pose! P_init=(-0.162, 0.280, 0.379), Cam_init=(-0.002, 0.014, -0.002), Noise_Tol=60.0mm
Orientation=(0.998, 0.064, -0.000, 0.000)
[INFO] [1786686229.334459599] [coord_transform]: Deadband: RELEASE — motion detected
[WARN] [1786686229.634516939] [coord_transform]: Outlier rejected #1 (jumped 199.9mm). Ignoring.
[WARN] [1786686229.698099080] [coord_transform]: Outlier rejected #2 (jumped 185.0mm). Ignoring.
[WARN] [1786686229.734974195] [coord_transform]: Outlier rejected #3 (jumped 196.7mm). Ignoring.
[WARN] [1786686229.767028400] [coord_transform]: Outlier rejected #4 (jumped 228.6mm). Ignoring.
[WARN] [1786686229.900684734] [coord_transform]: Outlier rejected #1 (jumped 202.5mm). Ignoring.
[WARN] [1786686230.032403516] [coord_transform]: Outlier rejected #1 (jumped 193.9mm). Ignoring.
[WARN] [1786686230.167169816] [coord_transform]: Outlier rejected #1 (jumped 258.1mm). Ignoring.
[WARN] [1786686230.234304604] [coord_transform]: Outlier rejected #1 (jumped 199.9mm). Ignoring.
[INFO] [1786686230.409816845] [coord_transform]: Re-sync camera init: [-0.018 -0.241  0.01 ]
[INFO] [1786686230.410102472] [coord_transform]: Trạng thái tracking: RUNNING
[INFO] [1786686230.432647535] [coord_transform]: [GROUND_TRUTH] Transform: cam[-0.018 -0.241  0.01 ] → base[-0.162  0.28   0.379]
[WARN] [1786686231.266435037] [coord_transform]: Outlier rejected #1 (jumped 155.7mm). Ignoring.
[INFO] [1786686232.439392311] [coord_transform]: [GROUND_TRUTH] Transform: cam[-0.161  0.323  0.541] → base[-0.019  0.844  0.909]
[INFO] [1786686234.441205870] [coord_transform]: [GROUND_TRUTH] Transform: cam[-0.137  0.736  0.407] → base[-0.042  1.257  0.776]
[INFO] [1786686236.447414058] [coord_transform]: [GROUND_TRUTH] Transform: cam[-0.05   0.506  0.058] → base[-0.13   1.027  0.426]
[INFO] [1786686238.479104521] [coord_transform]: [GROUND_TRUTH] Transform: cam[-0.105  0.49   0.813] → base[-0.075  1.011  1.182]
[INFO] [1786686240.480454330] [coord_transform]: [GROUND_TRUTH] Transform: cam[-0.078  0.501  0.823] → base[-0.102  1.022  1.191]
[INFO] [1786686242.514282091] [coord_transform]: [GROUND_TRUTH] Transform: cam[-0.067  0.459  0.838] → base[-0.113  0.98   1.206]
[WARN] [1786686244.245938730] [coord_transform]: Outlier rejected #1 (jumped 164.1mm). Ignoring.
[WARN] [1786686244.446453042] [coord_transform]: Outlier rejected #1 (jumped 247.0mm). Ignoring.
[WARN] [1786686244.480131279] [coord_transform]: Outlier rejected #2 (jumped 172.5mm). Ignoring.
[INFO] [1786686244.549459680] [coord_transform]: [GROUND_TRUTH] Transform: cam[-0.174  0.336  0.242] → base[-0.006  0.857  0.61 ]
[WARN] [1786686244.578351912] [coord_transform]: Outlier rejected #1 (jumped 262.8mm). Ignoring.
[WARN] [1786686244.648151589] [coord_transform]: Outlier rejected #1 (jumped 172.8mm). Ignoring.
[WARN] [1786686245.483079076] [coord_transform]: Outlier rejected #1 (jumped 157.1mm). Ignoring.
[WARN] [1786686245.515165672] [coord_transform]: Outlier rejected #2 (jumped 165.2mm). Ignoring.
[WARN] [1786686246.115032127] [coord_transform]: Outlier rejected #1 (jumped 182.2mm). Ignoring.
[WARN] [1786686246.583609097] [coord_transform]: Outlier rejected #1 (jumped 158.6mm). Ignoring.
[INFO] [1786686246.616942096] [coord_transform]: [GROUND_TRUTH] Transform: cam[-0.15   0.104  0.193] → base[-0.03   0.625  0.561]
[WARN] [1786686246.681455096] [coord_transform]: Outlier rejected #1 (jumped 680.6mm). Ignoring.
[WARN] [1786686247.519127312] [coord_transform]: Outlier rejected #1 (jumped 225.9mm). Ignoring.
[WARN] [1786686247.780550752] [coord_transform]: Outlier rejected #1 (jumped 289.1mm). Ignoring.
[WARN] [1786686247.918652561] [coord_transform]: Outlier rejected #1 (jumped 207.8mm). Ignoring.
[WARN] [1786686248.483048390] [coord_transform]: Outlier rejected #1 (jumped 197.7mm). Ignoring.
[WARN] [1786686248.619479710] [coord_transform]: Outlier rejected #1 (jumped 472.7mm). Ignoring.
[INFO] [1786686248.653066114] [coord_transform]: [GROUND_TRUTH] Transform: cam[-0.141  0.077  0.178] → base[-0.039  0.598  0.547]
[WARN] [1786686248.716873058] [coord_transform]: Outlier rejected #1 (jumped 264.5mm). Ignoring.
[WARN] [1786686248.951723544] [coord_transform]: Outlier rejected #1 (jumped 531.0mm). Ignoring.
[WARN] [1786686249.416276140] [coord_transform]: Outlier rejected #1 (jumped 175.6mm). Ignoring.
[WARN] [1786686249.551915872] [coord_transform]: Outlier rejected #1 (jumped 162.6mm). Ignoring.
[WARN] [1786686249.816984583] [coord_transform]: Outlier rejected #1 (jumped 254.9mm). Ignoring.
[WARN] [1786686250.016936197] [coord_transform]: Outlier rejected #1 (jumped 161.6mm). Ignoring.
[WARN] [1786686250.084327748] [coord_transform]: Outlier rejected #1 (jumped 174.6mm). Ignoring.
[WARN] [1786686250.318095961] [coord_transform]: Outlier rejected #1 (jumped 292.0mm). Ignoring.
[WARN] [1786686250.386192276] [coord_transform]: Outlier rejected #1 (jumped 159.6mm). Ignoring.
[WARN] [1786686250.550531909] [coord_transform]: Outlier rejected #1 (jumped 172.6mm). Ignoring.
[INFO] [1786686250.684391885] [coord_transform]: [GROUND_TRUTH] Transform: cam[-0.143 -0.04   0.165] → base[-0.037  0.481  0.534]
[INFO] [1786686252.688185130] [coord_transform]: [GROUND_TRUTH] Transform: cam[-0.129  0.085  0.159] → base[-0.051  0.606  0.527]
[WARN] [1786686253.561388327] [coord_transform]: Outlier rejected #1 (jumped 151.3mm). Ignoring.
[WARN] [1786686253.821985934] [coord_transform]: Outlier rejected #1 (jumped 162.9mm). Ignoring.
[WARN] [1786686253.853033417] [coord_transform]: Outlier rejected #2 (jumped 279.6mm). Ignoring.
[WARN] [1786686253.885977615] [coord_transform]: Outlier rejected #3 (jumped 189.4mm). Ignoring.
[WARN] [1786686253.918752916] [coord_transform]: Outlier rejected #4 (jumped 308.6mm). Ignoring.
[INFO] [1786686253.951847857] [coord_transform]: Too many outliers (5). Resetting filter to new position.
[WARN] [1786686254.082753942] [coord_transform]: Outlier rejected #1 (jumped 252.6mm). Ignoring.
[INFO] [1786686254.385078615] [coord_transform]: Deadband: HOLD at (-0.018, -0.241, 0.010)
[INFO] [1786686254.419088546] [coord_transform]: Deadband: RELEASE — motion detected
[WARN] [1786686254.555180517] [coord_transform]: Outlier rejected #1 (jumped 173.0mm). Ignoring.
[WARN] [1786686254.586973371] [coord_transform]: Outlier rejected #2 (jumped 309.9mm). Ignoring.
[WARN] [1786686254.621755724] [coord_transform]: Outlier rejected #3 (jumped 295.8mm). Ignoring.
[INFO] [1786686254.688408176] [coord_transform]: [GROUND_TRUTH] Transform: cam[-0.041 -0.186 -0.004] → base[-0.139  0.335  0.364]
[WARN] [1786686254.717296621] [coord_transform]: Outlier rejected #1 (jumped 228.4mm). Ignoring.
[WARN] [1786686254.753647121] [coord_transform]: Outlier rejected #2 (jumped 201.2mm). Ignoring.
[WARN] [1786686254.784275537] [coord_transform]: Outlier rejected #3 (jumped 188.1mm). Ignoring.
[WARN] [1786686254.820022121] [coord_transform]: Outlier rejected #4 (jumped 201.2mm). Ignoring.
[WARN] [1786686254.884525013] [coord_transform]: Outlier rejected #1 (jumped 200.7mm). Ignoring.
[WARN] [1786686254.957346710] [coord_transform]: Outlier rejected #1 (jumped 252.6mm). Ignoring.
[WARN] [1786686255.119734174] [coord_transform]: Outlier rejected #1 (jumped 214.3mm). Ignoring.
[INFO] [1786686255.242189325] [coord_transform]: Trạng thái tracking: STOPPED
[WARN] [1786686255.517298197] [coord_transform]: Outlier rejected #1 (jumped 189.6mm). Ignoring.
[WARN] [1786686255.617264932] [coord_transform]: Outlier rejected #1 (jumped 248.5mm). Ignoring.
[WARN] [1786686255.856864113] [coord_transform]: Outlier rejected #1 (jumped 184.1mm). Ignoring.
[WARN] [1786686256.451802547] [coord_transform]: Outlier rejected #1 (jumped 171.1mm). Ignoring.
[INFO] [1786686260.851860493] [coord_transform]: Đã chuyển mode: ground_truth -> prediction
[WARN] [1786686265.962204370] [coord_transform]: Outlier rejected #1 (jumped 155.0mm). Ignoring.
[WARN] [1786686267.799490943] [coord_transform]: Outlier rejected #1 (jumped 155.0mm). Ignoring.
[WARN] [1786686269.663945238] [coord_transform]: Outlier rejected #1 (jumped 163.5mm). Ignoring.
[WARN] [1786686269.698927306] [coord_transform]: Outlier rejected #2 (jumped 187.1mm). Ignoring.
[WARN] [1786686269.728562094] [coord_transform]: Outlier rejected #3 (jumped 187.1mm). Ignoring.
[WARN] [1786686269.931223111] [coord_transform]: Outlier rejected #1 (jumped 153.4mm). Ignoring.
[WARN] [1786686269.964839613] [coord_transform]: Outlier rejected #2 (jumped 194.6mm). Ignoring.
[INFO] [1786686271.081732802] [coord_transform]: Re-sync camera init: [ 0.    -0.    -0.004]
[INFO] [1786686271.082004673] [coord_transform]: Trạng thái tracking: RUNNING
[INFO] [1786686271.100531544] [coord_transform]: [PREDICTION] Transform: cam[ 0.12  -0.12  -0.029] → base[-0.282  0.16   0.354]
[INFO] [1786686271.196733013] [coord_transform]: Deadband: RELEASE — motion detected
[INFO] [1786686271.232179153] [coord_transform]: Deadband: HOLD at (0.000, -0.000, -0.004)
[INFO] [1786686271.390750785] [coord_transform]: [SNAP ON] Tay thực tế đứng yên. Ép dừng robot (GRU đang lệch 12.7cm).
[WARN] [1786686271.499510757] [coord_transform]: Outlier rejected #1 (jumped 180.0mm). Ignoring.
[WARN] [1786686271.532647748] [coord_transform]: Outlier rejected #2 (jumped 266.7mm). Ignoring.
[WARN] [1786686271.567833479] [coord_transform]: Outlier rejected #3 (jumped 197.6mm). Ignoring.
[WARN] [1786686271.602416867] [coord_transform]: Outlier rejected #4 (jumped 239.8mm). Ignoring.
[INFO] [1786686271.634793779] [coord_transform]: Too many outliers (5). Resetting filter to new position.
[INFO] [1786686271.723956619] [coord_transform]: [SNAP OFF] Tay di chuyển lại. Trả quyền cho GRU.
[WARN] [1786686271.733507580] [coord_transform]: Outlier rejected #1 (jumped 198.0mm). Ignoring.
[WARN] [1786686271.802642908] [coord_transform]: Outlier rejected #1 (jumped 151.0mm). Ignoring.
[WARN] [1786686271.933422156] [coord_transform]: Outlier rejected #1 (jumped 227.5mm). Ignoring.
[WARN] [1786686272.031327436] [coord_transform]: Outlier rejected #1 (jumped 239.3mm). Ignoring.
[WARN] [1786686272.231213178] [coord_transform]: Outlier rejected #1 (jumped 155.5mm). Ignoring.
[WARN] [1786686272.303737236] [coord_transform]: Outlier rejected #1 (jumped 156.0mm). Ignoring.
[INFO] [1786686273.132797589] [coord_transform]: [PREDICTION] Transform: cam[-0.074  0.346  0.379] → base[-0.088  0.626  0.761]
[INFO] [1786686275.157176690] [coord_transform]: [PREDICTION] Transform: cam[-0.028  0.564  0.51 ] → base[-0.134  0.844  0.893]
[INFO] [1786686277.163150711] [coord_transform]: [PREDICTION] Transform: cam[-0.018  0.797  0.288] → base[-0.144  1.077  0.671]
[INFO] [1786686279.170108071] [coord_transform]: [PREDICTION] Transform: cam[0.047 0.643 0.123] → base[-0.209  0.924  0.506]
[INFO] [1786686281.201228074] [coord_transform]: [PREDICTION] Transform: cam[-0.03   0.601  0.468] → base[-0.132  0.881  0.851]
[INFO] [1786686283.397293569] [coord_transform]: [PREDICTION] Transform: cam[0.005 0.517 0.626] → base[-0.167  0.798  1.009]
[INFO] [1786686285.407751229] [coord_transform]: [PREDICTION] Transform: cam[-0.055  0.453  0.163] → base[-0.107  0.733  0.545]
[INFO] [1786686287.468529907] [coord_transform]: [PREDICTION] Transform: cam[-0.054  0.454  0.159] → base[-0.108  0.734  0.542]
[WARN] [1786686288.410031803] [coord_transform]: Outlier rejected #1 (jumped 464.3mm). Ignoring.
[WARN] [1786686288.477734009] [coord_transform]: Outlier rejected #1 (jumped 394.8mm). Ignoring.
[WARN] [1786686288.510094760] [coord_transform]: Outlier rejected #2 (jumped 296.4mm). Ignoring.
[WARN] [1786686288.543366003] [coord_transform]: Outlier rejected #3 (jumped 326.9mm). Ignoring.
[WARN] [1786686288.665682885] [coord_transform]: Outlier rejected #1 (jumped 152.2mm). Ignoring.
[WARN] [1786686288.675870964] [coord_transform]: Outlier rejected #1 (jumped 211.0mm). Ignoring.
[WARN] [1786686288.729998465] [coord_transform]: Outlier rejected #2 (jumped 203.1mm). Ignoring.
[WARN] [1786686288.765842524] [coord_transform]: Outlier rejected #3 (jumped 255.2mm). Ignoring.
[WARN] [1786686288.799349399] [coord_transform]: Outlier rejected #4 (jumped 308.9mm). Ignoring.
[WARN] [1786686288.810689353] [coord_transform]: Outlier rejected #1 (jumped 162.3mm). Ignoring.
[INFO] [1786686288.865412914] [coord_transform]: Too many outliers (5). Resetting filter to new position.
[WARN] [1786686288.879843717] [coord_transform]: Outlier rejected #1 (jumped 160.3mm). Ignoring.
[WARN] [1786686288.913568232] [coord_transform]: Outlier rejected #2 (jumped 297.9mm). Ignoring.
[INFO] [1786686289.010742269] [coord_transform]: Deadband: HOLD at (0.000, -0.000, -0.004)
[INFO] [1786686289.046220880] [coord_transform]: [SNAP ON] Tay thực tế đứng yên. Ép dừng robot (GRU đang lệch 39.6cm).
[INFO] [1786686289.052214956] [coord_transform]: Deadband: RELEASE — motion detected
[INFO] [1786686289.082847259] [coord_transform]: [SNAP OFF] Tay di chuyển lại. Trả quyền cho GRU.
[WARN] [1786686289.413014342] [coord_transform]: Outlier rejected #1 (jumped 215.4mm). Ignoring.
[INFO] [1786686289.473908331] [coord_transform]: [PREDICTION] Transform: cam[ 0.097 -0.099 -0.017] → base[-0.259  0.181  0.366]
[WARN] [1786686289.844059143] [coord_transform]: Outlier rejected #1 (jumped 193.2mm). Ignoring.
[INFO] [1786686291.480213969] [coord_transform]: [PREDICTION] Transform: cam[ 0.101 -0.167 -0.038] → base[-0.263  0.113  0.345]
[INFO] [1786686292.247555114] [coord_transform]: Deadband: HOLD at (0.000, -0.000, -0.004)
[INFO] [1786686292.470179693] [coord_transform]: [SNAP ON] Tay thực tế đứng yên. Ép dừng robot (GRU đang lệch 19.5cm).
[WARN] [1786686292.547062433] [coord_transform]: Outlier rejected #1 (jumped 389.6mm). Ignoring.
[WARN] [1786686292.579656313] [coord_transform]: Outlier rejected #2 (jumped 169.7mm). Ignoring.
[WARN] [1786686292.614754279] [coord_transform]: Outlier rejected #3 (jumped 407.9mm). Ignoring.
[WARN] [1786686292.648057010] [coord_transform]: Outlier rejected #4 (jumped 389.6mm). Ignoring.
[INFO] [1786686292.679588423] [coord_transform]: Too many outliers (5). Resetting filter to new position.
[INFO] [1786686292.680087762] [coord_transform]: Deadband: RELEASE — motion detected
[INFO] [1786686292.701564517] [coord_transform]: [SNAP OFF] Tay di chuyển lại. Trả quyền cho GRU.
[INFO] [1786686293.504836854] [coord_transform]: [PREDICTION] Transform: cam[0.014 0.448 0.234] → base[-0.176  0.728  0.616]
[INFO] [1786686295.602273993] [coord_transform]: [PREDICTION] Transform: cam[-0.002  0.474  0.697] → base[-0.16   0.754  1.08 ]
[WARN] [1786686297.778010595] [coord_transform]: Outlier rejected #1 (jumped 181.1mm). Ignoring.
[WARN] [1786686297.808410171] [coord_transform]: Outlier rejected #2 (jumped 213.0mm). Ignoring.
[WARN] [1786686297.847204544] [coord_transform]: Outlier rejected #3 (jumped 246.5mm). Ignoring.
[WARN] [1786686297.876804788] [coord_transform]: Outlier rejected #4 (jumped 281.6mm). Ignoring.
[INFO] [1786686297.908202670] [coord_transform]: Too many outliers (5). Resetting filter to new position.
[INFO] [1786686297.909225782] [coord_transform]: [PREDICTION] Transform: cam[-0.003  0.473  0.678] → base[-0.159  0.754  1.06 ]
[INFO] [1786686299.919211770] [coord_transform]: [PREDICTION] Transform: cam[0.008 0.459 0.152] → base[-0.17   0.739  0.535]
[INFO] [1786686302.139378719] [coord_transform]: [PREDICTION] Transform: cam[0.01  0.467 0.15 ] → base[-0.172  0.747  0.533]
[INFO] [1786686304.142757990] [coord_transform]: [PREDICTION] Transform: cam[0.012 0.455 0.145] → base[-0.174  0.735  0.527]
[WARN] [1786686305.842933836] [coord_transform]: Outlier rejected #1 (jumped 277.5mm). Ignoring.
[WARN] [1786686305.877289586] [coord_transform]: Outlier rejected #2 (jumped 307.4mm). Ignoring.
[WARN] [1786686305.910861104] [coord_transform]: Outlier rejected #3 (jumped 334.0mm). Ignoring.
[WARN] [1786686305.944305011] [coord_transform]: Outlier rejected #4 (jumped 355.6mm). Ignoring.
[INFO] [1786686305.977277101] [coord_transform]: Too many outliers (5). Resetting filter to new position.
[INFO] [1786686306.147002789] [coord_transform]: [PREDICTION] Transform: cam[-0.007  0.438  0.248] → base[-0.155  0.718  0.631]
[INFO] [1786686308.186534048] [coord_transform]: [PREDICTION] Transform: cam[0.068 0.354 0.779] → base[-0.23   0.634  1.161]
[WARN] [1786686310.796560586] [coord_transform]: Outlier rejected #1 (jumped 304.2mm). Ignoring.
[WARN] [1786686310.828682148] [coord_transform]: Outlier rejected #2 (jumped 331.0mm). Ignoring.
[WARN] [1786686310.862280114] [coord_transform]: Outlier rejected #3 (jumped 360.2mm). Ignoring.
[WARN] [1786686310.896495051] [coord_transform]: Outlier rejected #4 (jumped 366.1mm). Ignoring.
[INFO] [1786686310.929131250] [coord_transform]: Too many outliers (5). Resetting filter to new position.
[INFO] [1786686310.956647577] [coord_transform]: [PREDICTION] Transform: cam[0.161 0.328 0.702] → base[-0.323  0.608  1.084]
[INFO] [1786686312.983408445] [coord_transform]: [PREDICTION] Transform: cam[0.099 0.229 0.138] → base[-0.261  0.509  0.52 ]
[WARN] [1786686313.165824023] [coord_transform]: Outlier rejected #1 (jumped 164.5mm). Ignoring.
[WARN] [1786686313.196474390] [coord_transform]: Outlier rejected #2 (jumped 269.2mm). Ignoring.
[WARN] [1786686313.233996763] [coord_transform]: Outlier rejected #3 (jumped 485.1mm). Ignoring.
[WARN] [1786686313.298071420] [coord_transform]: Outlier rejected #4 (jumped 549.2mm). Ignoring.
[INFO] [1786686313.329031379] [coord_transform]: Too many outliers (5). Resetting filter to new position.
[WARN] [1786686313.396597779] [coord_transform]: Outlier rejected #1 (jumped 278.3mm). Ignoring.
[WARN] [1786686313.427766280] [coord_transform]: Outlier rejected #2 (jumped 290.1mm). Ignoring.
[WARN] [1786686313.464506483] [coord_transform]: Outlier rejected #3 (jumped 371.1mm). Ignoring.
[WARN] [1786686313.496408743] [coord_transform]: Outlier rejected #4 (jumped 371.0mm). Ignoring.
[INFO] [1786686313.529442278] [coord_transform]: Too many outliers (5). Resetting filter to new position.
[WARN] [1786686313.863605103] [coord_transform]: Outlier rejected #1 (jumped 159.6mm). Ignoring.
[INFO] [1786686315.002843346] [coord_transform]: [PREDICTION] Transform: cam[ 0.105 -0.201 -0.036] → base[-0.267  0.079  0.346]
[WARN] [1786686316.988628502] [coord_transform]: Outlier rejected #1 (jumped 215.3mm). Ignoring.
[INFO] [1786686317.024570525] [coord_transform]: [PREDICTION] Transform: cam[ 0.102 -0.169 -0.033] → base[-0.264  0.111  0.35 ]
[INFO] [1786686318.696771745] [coord_transform]: Trạng thái tracking: STOPPED
[INFO] [1786686320.135108170] [coord_transform]: Deadband: HOLD at (0.000, -0.000, -0.004)
[INFO] [1786686320.167494399] [coord_transform]: Deadband: RELEASE — motion detected
[WARN] [1786686322.571154187] [coord_transform]: Outlier rejected #1 (jumped 211.0mm). Ignoring.
[WARN] [1786686322.603173908] [coord_transform]: Outlier rejected #2 (jumped 219.9mm). Ignoring.
[INFO] [1786686322.836878082] [coord_transform]: Deadband: HOLD at (0.000, -0.000, -0.004)
[INFO] [1786686322.939174116] [coord_transform]: Deadband: RELEASE — motion detected
[WARN] [1786686323.100914996] [coord_transform]: Outlier rejected #1 (jumped 392.0mm). Ignoring.
[WARN] [1786686323.134717928] [coord_transform]: Outlier rejected #2 (jumped 422.7mm). Ignoring.
[WARN] [1786686323.168524056] [coord_transform]: Outlier rejected #3 (jumped 247.5mm). Ignoring.
[WARN] [1786686323.200191855] [coord_transform]: Outlier rejected #4 (jumped 178.1mm). Ignoring.
[INFO] [1786686323.232814579] [coord_transform]: Too many outliers (5). Resetting filter to new position.
[WARN] [1786686324.204867360] [coord_transform]: Outlier rejected #1 (jumped 407.4mm). Ignoring.
[WARN] [1786686324.238409813] [coord_transform]: Outlier rejected #2 (jumped 461.4mm). Ignoring.
[WARN] [1786686324.271694932] [coord_transform]: Outlier rejected #3 (jumped 486.9mm). Ignoring.
[WARN] [1786686324.305685056] [coord_transform]: Outlier rejected #4 (jumped 536.6mm). Ignoring.
[INFO] [1786686324.337368975] [coord_transform]: Too many outliers (5). Resetting filter to new position.
[WARN] [1786686325.306540461] [coord_transform]: Outlier rejected #1 (jumped 178.6mm). Ignoring.
[WARN] [1786686325.338162014] [coord_transform]: Outlier rejected #2 (jumped 224.2mm). Ignoring.
[WARN] [1786686325.371562930] [coord_transform]: Outlier rejected #3 (jumped 261.0mm). Ignoring.
[WARN] [1786686325.404634328] [coord_transform]: Outlier rejected #4 (jumped 285.7mm). Ignoring.
[INFO] [1786686325.438825309] [coord_transform]: Too many outliers (5). Resetting filter to new position.
