[INFO] [1786693396.157556088] [cartesian_streamer]: CartesianStreamer khởi động (chờ Enable Robot từ UI).
  Stream rate:       15 Hz (period=66.7ms)
  Queue dt:          0.067 s
  Prebuffer points:  3
  Retry backoff:     66.0 ms
  Gửi PoseStamped lên: /cartesian_streamer/target_pose
  Gửi XYZ lên:        /cartesian_streamer/target_xyz
  Nhận EE pose tại:   /cartesian_streamer/current_pose
[INFO] [1786693396.161027475] [cartesian_streamer]: Nhận joint_states: ['1.404', '0.969', '0.245', '0.000', '-0.916', '-1.274']
[INFO] [1786693396.637787338] [cartesian_streamer]: ⚡ Simulation mode: Bỏ qua FK cross-validation, ÉP DÙNG Local IK.
   (MoveIt không có planning library trong môi trường giả lập)
[INFO] [1786693396.638411552] [cartesian_streamer]: Đã nhận joint_states. EE hiện tại: (-0.0031, 0.9565, 0.2104). IK mode: Local DLS. Chờ Enable Robot từ UI...
[INFO] [1786693429.556919596] [cartesian_streamer]: Disable Robot: dừng stream, tắt traj mode...
[INFO] [1786693429.557615745] [cartesian_streamer]: ✗ Robot DISABLED.
[INFO] [1786693499.181860499] [cartesian_streamer]: Enable Robot: bắt đầu chuỗi khởi động...
[INFO] [1786693499.182175140] [cartesian_streamer]: Enable: reset_error...
[INFO] [1786693499.202010066] [cartesian_streamer]: reset_error: code=1, msg="success"
[INFO] [1786693499.202284983] [cartesian_streamer]: Enable: stop_traj_mode (giải phóng mode cũ)...
[INFO] [1786693499.254523266] [cartesian_streamer]: stop_traj_mode: success=True, code=N/A, msg=""
[INFO] [1786693499.254787042] [cartesian_streamer]: Enable: chờ 1.5s để hệ thống ổn định trước khi start queue...
[INFO] [1786693500.755700474] [cartesian_streamer]: Enable: StartPointQueueMode...
[INFO] [1786693502.334823211] [cartesian_streamer]: StartPointQueueMode response: code=1, msg=""
[INFO] [1786693502.335270282] [cartesian_streamer]: ✓ Robot ENABLED — Point Queue Mode active. Servo ON!
[INFO] [1786693502.336350723] [cartesian_streamer]: Runtime rate: state=seeding, tick_hz=0.0, queue_send_hz=0.0, ack_hz=0.0, busy_hz=0.0, retry_count=0, reject_count=0, inter_ack_ms=0.0, max_joint_delta=0.000, cumul_time=0.00s, hold_count=0, ik_mode=Local, ik_avg_ms=0.00, ik_fails=0
[INFO] [1786693502.336897772] [cartesian_streamer]: Bootstrap EE pose via FK: (-0.1620, 0.2801, 0.3785)
[INFO] [1786693502.337234866] [cartesian_streamer]: Đang stream qua service: /queue_traj_point
[INFO] [1786693502.337737240] [cartesian_streamer]: Đã gửi seed point (current joints, t=0), chờ ACK...
[INFO] [1786693502.368058152] [cartesian_streamer]: Seed ACK nhận được, bắt đầu prebuffer.
[INFO] [1786693502.368369889] [cartesian_streamer]: Queue accepted sample#1: svc=/queue_traj_point, t_cumul=0.0000s, code=1, msg="", hold=False
[INFO] [1786693502.412382315] [cartesian_streamer]: Queue accepted sample#2: svc=/queue_traj_point, t_cumul=0.0668s, code=1, msg="", hold=True
[INFO] [1786693502.488809551] [cartesian_streamer]: Queue accepted sample#3: svc=/queue_traj_point, t_cumul=0.1326s, code=1, msg="", hold=True
[INFO] [1786693502.657363602] [cartesian_streamer]: Pre-buffer hoàn tất (3 points), bắt đầu stream ổn định. Đang chờ target...
[INFO] [1786693502.657636615] [cartesian_streamer]: Queue accepted sample#4: svc=/queue_traj_point, t_cumul=0.1992s, code=1, msg="", hold=True
[INFO] [1786693502.677722603] [cartesian_streamer]: Queue accepted sample#5: svc=/queue_traj_point, t_cumul=0.3322s, code=1, msg="", hold=True
[INFO] [1786693504.064587628] [cartesian_streamer]: QueueTrajPoint accepted #20: t=1.600s, hold=True
[INFO] [1786693505.819005858] [cartesian_streamer]: QueueTrajPoint accepted #40: t=3.466s, hold=True
[INFO] [1786693506.818644642] [cartesian_streamer]: Disable Robot: dừng stream, tắt traj mode...
[INFO] [1786693506.819199265] [cartesian_streamer]: ✗ Robot DISABLED.
[INFO] [1786693519.872143704] [cartesian_streamer]: Disable Robot: dừng stream, tắt traj mode...
[INFO] [1786693519.872688758] [cartesian_streamer]: ✗ Robot DISABLED.
[INFO] [1786693524.477635472] [cartesian_streamer]: Enable Robot: bắt đầu chuỗi khởi động...
[INFO] [1786693524.477900310] [cartesian_streamer]: Enable: reset_error...
[INFO] [1786693524.490828378] [cartesian_streamer]: reset_error: code=1, msg="success"
[INFO] [1786693524.491174028] [cartesian_streamer]: Enable: stop_traj_mode (giải phóng mode cũ)...
[INFO] [1786693524.541076219] [cartesian_streamer]: stop_traj_mode: success=True, code=N/A, msg=""
[INFO] [1786693524.541423742] [cartesian_streamer]: Enable: chờ 1.5s để hệ thống ổn định trước khi start queue...
[INFO] [1786693526.042567154] [cartesian_streamer]: Enable: StartPointQueueMode...
[INFO] [1786693527.775089351] [cartesian_streamer]: StartPointQueueMode response: code=1, msg=""
[INFO] [1786693527.775820686] [cartesian_streamer]: ✓ Robot ENABLED — Point Queue Mode active. Servo ON!
[INFO] [1786693527.804505903] [cartesian_streamer]: Runtime rate: state=seeding, tick_hz=2.7, queue_send_hz=1.9, ack_hz=1.9, busy_hz=0.0, retry_count=0, reject_count=0, inter_ack_ms=97.0, max_joint_delta=0.000, cumul_time=0.00s, hold_count=0, ik_mode=Local, ik_avg_ms=0.00, ik_fails=0
[WARN] [1786693527.805011083] [cartesian_streamer]: QueueTrajPoint đã được accept nhưng joint_states hầu như không đổi. Kiểm tra: 1) Robot ở mode AUTO? 2) Servo ON? 3) E-stop cleared?
[INFO] [1786693527.805906777] [cartesian_streamer]: Bootstrap EE pose via FK: (-0.1620, 0.2801, 0.3785)
[INFO] [1786693527.806818341] [cartesian_streamer]: Đã gửi seed point (current joints, t=0), chờ ACK...
[INFO] [1786693527.871857633] [cartesian_streamer]: Bootstrap EE pose via FK: (-0.1620, 0.2801, 0.3785)
[INFO] [1786693527.926100755] [cartesian_streamer]: Seed ACK nhận được, bắt đầu prebuffer.
[INFO] [1786693528.470799431] [cartesian_streamer]: Pre-buffer hoàn tất (3 points), bắt đầu stream ổn định. Đang chờ target...
[INFO] [1786693529.194920000] [cartesian_streamer]: QueueTrajPoint accepted #60: t=1.065s, hold=True
[INFO] [1786693531.362084382] [cartesian_streamer]: QueueTrajPoint accepted #80: t=3.130s, hold=True
[INFO] [1786693532.804469557] [cartesian_streamer]: Runtime rate: state=streaming, tick_hz=15.0, queue_send_hz=9.0, ack_hz=9.0, busy_hz=0.0, retry_count=0, reject_count=0, inter_ack_ms=573.6, max_joint_delta=0.000, cumul_time=4.40s, hold_count=44, ik_mode=Local, ik_avg_ms=0.00, ik_fails=0
[INFO] [1786693533.493604381] [cartesian_streamer]: QueueTrajPoint accepted #100: t=5.262s, hold=True
[INFO] [1786693535.989301300] [cartesian_streamer]: QueueTrajPoint accepted #120: t=7.529s, hold=True
[INFO] [1786693536.337685929] [cartesian_streamer]: IK OK → Δmax=0.0000 rad, joints: [1.571, 0.124, -1.049, 0.000, -0.398, -1.444]
[WARN] [1786693536.403952979] [cartesian_streamer]: QueueTrajPoint đã được accept nhưng joint_states hầu như không đổi. Kiểm tra: 1) Robot ở mode AUTO? 2) Servo ON? 3) E-stop cleared?
[INFO] [1786693537.671286344] [cartesian_streamer]: IK delta clamped → joints: [1.632, 0.042, -1.029, -0.000, -0.498, -1.505]
[INFO] [1786693537.870298511] [cartesian_streamer]: Runtime rate: state=streaming, tick_hz=15.0, queue_send_hz=8.5, ack_hz=8.5, busy_hz=0.0, retry_count=0, reject_count=0, inter_ack_ms=119.0, max_joint_delta=0.090, cumul_time=9.26s, hold_count=0, ik_mode=Local, ik_avg_ms=0.55, ik_fails=0
[INFO] [1786693538.152409798] [cartesian_streamer]: QueueTrajPoint accepted #140: t=9.664s, hold=False
[INFO] [1786693538.337685487] [cartesian_streamer]: IK OK → Δmax=0.0900 rad, joints: [1.624, -0.056, -0.870, -0.000, -0.563, -1.497]
[INFO] [1786693539.738402518] [cartesian_streamer]: IK delta clamped → joints: [1.546, 0.113, -0.563, 0.000, -0.674, -1.418]
[INFO] [1786693539.882081974] [cartesian_streamer]: QueueTrajPoint accepted #160: t=11.264s, hold=False
[INFO] [1786693540.404736087] [cartesian_streamer]: IK OK → Δmax=0.0900 rad, joints: [1.525, 0.213, -0.443, 0.000, -0.722, -1.397]
[INFO] [1786693541.806347177] [cartesian_streamer]: QueueTrajPoint accepted #180: t=13.130s, hold=False
[INFO] [1786693541.806537505] [cartesian_streamer]: IK delta clamped → joints: [1.438, 0.437, -0.216, 0.000, -0.813, -1.311]
[WARN] [1786693541.828068129] [cartesian_streamer]: Queue BUSY, sẽ resend (backoff 66ms): msg="Busy processing the previous trajectory point. Please resend the next point shortly"
[INFO] [1786693542.411731394] [cartesian_streamer]: IK OK → Δmax=0.0900 rad, joints: [1.440, 0.554, -0.069, 0.000, -0.872, -1.313]
[INFO] [1786693542.936980896] [cartesian_streamer]: Runtime rate: state=streaming, tick_hz=15.0, queue_send_hz=11.4, ack_hz=11.3, busy_hz=0.2, retry_count=1, reject_count=0, inter_ack_ms=88.1, max_joint_delta=0.090, cumul_time=14.13s, hold_count=0, ik_mode=Local, ik_avg_ms=0.83, ik_fails=0
[INFO] [1786693543.421358788] [cartesian_streamer]: QueueTrajPoint accepted #200: t=14.665s, hold=False
[INFO] [1786693543.871252059] [cartesian_streamer]: IK delta clamped → joints: [1.417, 0.843, 0.224, 0.000, -0.989, -1.290]
[INFO] [1786693544.472200284] [cartesian_streamer]: IK OK → Δmax=0.0900 rad, joints: [1.394, 0.987, 0.331, 0.000, -1.032, -1.267]
[INFO] [1786693544.617745739] [cartesian_streamer]: Local IK không hội tụ (fail #1)
[WARN] [1786693545.218058890] [cartesian_streamer]: Local IK failed 10x liên tiếp! Fallback sang MoveIt! IK...
[INFO] [1786693545.289568988] [cartesian_streamer]: QueueTrajPoint accepted #220: t=16.413s, hold=True
[INFO] [1786693545.889584850] [cartesian_streamer]: IK delta clamped → joints: [1.392, 1.016, 0.492, 0.000, -1.096, -1.264]
[INFO] [1786693545.994149460] [cartesian_streamer]: Disable Robot: dừng stream, tắt traj mode...
[INFO] [1786693545.994609755] [cartesian_streamer]: ✗ Robot DISABLED.
[WARN] [1786693546.144441920] [cartesian_streamer]: ⚠ Queue mode bị drop! Auto-recovery lần 1/3...
[INFO] [1786693546.645635048] [cartesian_streamer]: Auto-recovery: bắt đầu re-enable queue mode...
[INFO] [1786693546.646263239] [cartesian_streamer]: Enable: reset_error...
[INFO] [1786693546.666144462] [cartesian_streamer]: reset_error: code=1, msg="success"
[INFO] [1786693546.666432573] [cartesian_streamer]: Enable: stop_traj_mode (giải phóng mode cũ)...
[INFO] [1786693546.806263403] [cartesian_streamer]: stop_traj_mode: success=True, code=N/A, msg=""
[INFO] [1786693546.806880072] [cartesian_streamer]: Enable: chờ 1.5s để hệ thống ổn định trước khi start queue...
[INFO] [1786693548.308407698] [cartesian_streamer]: Enable: StartPointQueueMode...
[INFO] [1786693548.859167244] [cartesian_streamer]: StartPointQueueMode response: code=1, msg=""
[INFO] [1786693548.859539904] [cartesian_streamer]: ✓ Robot ENABLED — Point Queue Mode active. Servo ON!
[INFO] [1786693548.870346774] [cartesian_streamer]: Runtime rate: state=seeding, tick_hz=7.8, queue_send_hz=5.6, ack_hz=5.4, busy_hz=0.0, retry_count=0, reject_count=1, inter_ack_ms=92.6, max_joint_delta=0.090, cumul_time=0.00s, hold_count=0, ik_mode=Local, ik_avg_ms=3.20, ik_fails=21
[WARN] [1786693548.870658390] [cartesian_streamer]: Target stream stale: không có target mới trong 2.9s
[INFO] [1786693548.871280179] [cartesian_streamer]: Bootstrap EE pose via FK: (0.0197, 1.0183, 0.2336)
[INFO] [1786693548.871811719] [cartesian_streamer]: Đã gửi seed point (current joints, t=0), chờ ACK...
[INFO] [1786693548.894151593] [cartesian_streamer]: Seed ACK nhận được, bắt đầu prebuffer.
[INFO] [1786693549.217479326] [cartesian_streamer]: Pre-buffer hoàn tất (3 points), bắt đầu stream ổn định. Đang chờ target...
[INFO] [1786693550.391279755] [cartesian_streamer]: QueueTrajPoint accepted #240: t=1.398s, hold=True
[WARN] [1786693551.009756286] [cartesian_streamer]: Queue BUSY, sẽ resend (backoff 66ms): msg="Busy processing the previous trajectory point. Please resend the next point shortly"
[INFO] [1786693552.929251378] [cartesian_streamer]: QueueTrajPoint accepted #260: t=3.599s, hold=True
[WARN] [1786693553.263378235] [cartesian_streamer]: ⚠ Queue mode bị drop! Auto-recovery lần 1/3...
[INFO] [1786693553.764134140] [cartesian_streamer]: Auto-recovery: bắt đầu re-enable queue mode...
[INFO] [1786693553.764473117] [cartesian_streamer]: Enable: reset_error...
[INFO] [1786693553.770821203] [cartesian_streamer]: reset_error: code=105, msg="Pendant is not in REMOTE mode"
[INFO] [1786693553.771138630] [cartesian_streamer]: Enable: stop_traj_mode (giải phóng mode cũ)...
[INFO] [1786693554.252717476] [cartesian_streamer]: stop_traj_mode: success=True, code=N/A, msg=""
[INFO] [1786693554.253001610] [cartesian_streamer]: Enable: chờ 1.5s để hệ thống ổn định trước khi start queue...
[INFO] [1786693555.754152130] [cartesian_streamer]: Enable: StartPointQueueMode...
[INFO] [1786693557.216615127] [cartesian_streamer]: StartPointQueueMode response: code=1, msg=""
[INFO] [1786693557.217478981] [cartesian_streamer]: ✓ Robot ENABLED — Point Queue Mode active. Servo ON!
[INFO] [1786693557.271228655] [cartesian_streamer]: Runtime rate: state=seeding, tick_hz=7.9, queue_send_hz=4.6, ack_hz=4.4, busy_hz=0.1, retry_count=1, reject_count=1, inter_ack_ms=195.8, max_joint_delta=0.000, cumul_time=0.00s, hold_count=0, ik_mode=Local, ik_avg_ms=3.20, ik_fails=21
[WARN] [1786693557.272012218] [cartesian_streamer]: Target stream stale: không có target mới trong 11.3s
[WARN] [1786693557.272707345] [cartesian_streamer]: QueueTrajPoint đã được accept nhưng joint_states hầu như không đổi. Kiểm tra: 1) Robot ở mode AUTO? 2) Servo ON? 3) E-stop cleared?
[INFO] [1786693557.273712375] [cartesian_streamer]: Bootstrap EE pose via FK: (0.0197, 1.0183, 0.2336)
[INFO] [1786693557.274530192] [cartesian_streamer]: Đã gửi seed point (current joints, t=0), chờ ACK...
[INFO] [1786693557.337499712] [cartesian_streamer]: Bootstrap EE pose via FK: (0.0197, 1.0183, 0.2336)
[INFO] [1786693557.403640213] [cartesian_streamer]: Bootstrap EE pose via FK: (0.0197, 1.0183, 0.2336)
[WARN] [1786693557.420747189] [cartesian_streamer]: ⚠ Queue mode bị drop! Auto-recovery lần 2/3...
[INFO] [1786693557.922046654] [cartesian_streamer]: Auto-recovery: bắt đầu re-enable queue mode...
[INFO] [1786693557.922635321] [cartesian_streamer]: Enable: reset_error...
[INFO] [1786693557.939115848] [cartesian_streamer]: reset_error: code=1, msg="success"
[INFO] [1786693557.940279747] [cartesian_streamer]: Enable: stop_traj_mode (giải phóng mode cũ)...
[INFO] [1786693557.993502750] [cartesian_streamer]: stop_traj_mode: success=True, code=N/A, msg=""
[INFO] [1786693557.993967915] [cartesian_streamer]: Enable: chờ 1.5s để hệ thống ổn định trước khi start queue...
[INFO] [1786693559.494752554] [cartesian_streamer]: Enable: StartPointQueueMode...
[INFO] [1786693559.504252817] [cartesian_streamer]: StartPointQueueMode response: code=1, msg=""
[INFO] [1786693559.504758518] [cartesian_streamer]: ✓ Robot ENABLED — Point Queue Mode active. Servo ON!
[INFO] [1786693559.537584008] [cartesian_streamer]: Bootstrap EE pose via FK: (0.0197, 1.0183, 0.2336)
[INFO] [1786693559.538056637] [cartesian_streamer]: Đã gửi seed point (current joints, t=0), chờ ACK...
[INFO] [1786693559.552234755] [cartesian_streamer]: Seed ACK nhận được, bắt đầu prebuffer.
[INFO] [1786693559.864833704] [cartesian_streamer]: Pre-buffer hoàn tất (3 points), bắt đầu stream ổn định. Đang chờ target...
[WARN] [1786693560.808698877] [cartesian_streamer]: Queue BUSY, sẽ resend (backoff 66ms): msg="Busy processing the previous trajectory point. Please resend the next point shortly"
[WARN] [1786693561.877821176] [cartesian_streamer]: Queue BUSY, sẽ resend (backoff 66ms): msg="Busy processing the previous trajectory point. Please resend the next point shortly"
[INFO] [1786693562.337358236] [cartesian_streamer]: Runtime rate: state=streaming, tick_hz=8.9, queue_send_hz=3.9, ack_hz=2.6, busy_hz=1.2, retry_count=6, reject_count=1, inter_ack_ms=635.6, max_joint_delta=0.000, cumul_time=1.20s, hold_count=13, ik_mode=Local, ik_avg_ms=3.20, ik_fails=21
[WARN] [1786693562.337979704] [cartesian_streamer]: Target stream stale: không có target mới trong 16.4s
[WARN] [1786693563.079076770] [cartesian_streamer]: Queue BUSY, sẽ resend (backoff 66ms): msg="Busy processing the previous trajectory point. Please resend the next point shortly"
[WARN] [1786693564.141178999] [cartesian_streamer]: Queue BUSY, sẽ resend (backoff 66ms): msg="Busy processing the previous trajectory point. Please resend the next point shortly"
[WARN] [1786693565.214846312] [cartesian_streamer]: Queue BUSY, sẽ resend (backoff 66ms): msg="Busy processing the previous trajectory point. Please resend the next point shortly"
[INFO] [1786693565.602296949] [cartesian_streamer]: QueueTrajPoint accepted #280: t=1.263s, hold=True
[WARN] [1786693566.280538048] [cartesian_streamer]: Queue BUSY, sẽ resend (backoff 66ms): msg="Busy processing the previous trajectory point. Please resend the next point shortly"
[WARN] [1786693566.834088155] [cartesian_streamer]: ⚠ Queue mode bị drop! Auto-recovery lần 1/3...
[INFO] [1786693567.334799682] [cartesian_streamer]: Auto-recovery: bắt đầu re-enable queue mode...
[INFO] [1786693567.335104425] [cartesian_streamer]: Enable: reset_error...
[INFO] [1786693567.364519053] [cartesian_streamer]: reset_error: code=1, msg="success"
[INFO] [1786693567.364781877] [cartesian_streamer]: Enable: stop_traj_mode (giải phóng mode cũ)...
[INFO] [1786693567.420044956] [cartesian_streamer]: stop_traj_mode: success=True, code=N/A, msg=""
[INFO] [1786693567.420424329] [cartesian_streamer]: Enable: chờ 1.5s để hệ thống ổn định trước khi start queue...
[INFO] [1786693568.921465773] [cartesian_streamer]: Enable: StartPointQueueMode...
[INFO] [1786693568.934122271] [cartesian_streamer]: StartPointQueueMode response: code=103, msg="The controller is in E-Stop"
[ERROR] [1786693568.934429208] [cartesian_streamer]: StartPointQueueMode FAILED: The controller is in E-Stop
[INFO] [1786693600.716948478] [cartesian_streamer]: Enable Robot: bắt đầu chuỗi khởi động...
[INFO] [1786693600.717244304] [cartesian_streamer]: Enable: reset_error...
[INFO] [1786693600.721510786] [cartesian_streamer]: reset_error: code=1, msg="success"
[INFO] [1786693600.722052485] [cartesian_streamer]: Enable: stop_traj_mode (giải phóng mode cũ)...
[INFO] [1786693600.780836984] [cartesian_streamer]: stop_traj_mode: success=True, code=N/A, msg=""
[INFO] [1786693600.781648710] [cartesian_streamer]: Enable: chờ 1.5s để hệ thống ổn định trước khi start queue...
[INFO] [1786693602.283099799] [cartesian_streamer]: Enable: StartPointQueueMode...
[INFO] [1786693603.815572044] [cartesian_streamer]: StartPointQueueMode response: code=1, msg=""
[INFO] [1786693603.815891024] [cartesian_streamer]: ✓ Robot ENABLED — Point Queue Mode active. Servo ON!
[INFO] [1786693603.870774047] [cartesian_streamer]: Runtime rate: state=seeding, tick_hz=1.6, queue_send_hz=0.7, ack_hz=0.2, busy_hz=0.5, retry_count=20, reject_count=1, inter_ack_ms=657.6, max_joint_delta=0.000, cumul_time=0.00s, hold_count=0, ik_mode=Local, ik_avg_ms=3.20, ik_fails=21
[WARN] [1786693603.871082387] [cartesian_streamer]: Target stream stale: không có target mới trong 57.9s
[WARN] [1786693603.871365920] [cartesian_streamer]: QueueTrajPoint đã được accept nhưng joint_states hầu như không đổi. Kiểm tra: 1) Robot ở mode AUTO? 2) Servo ON? 3) E-stop cleared?
[INFO] [1786693603.871892180] [cartesian_streamer]: Bootstrap EE pose via FK: (-0.1620, 0.3090, 0.3883)
[INFO] [1786693603.872390406] [cartesian_streamer]: Đã gửi seed point (current joints, t=0), chờ ACK...
[INFO] [1786693603.937376806] [cartesian_streamer]: Bootstrap EE pose via FK: (-0.1620, 0.3090, 0.3883)
[INFO] [1786693603.993539596] [cartesian_streamer]: Seed ACK nhận được, bắt đầu prebuffer.
[INFO] [1786693604.233165189] [cartesian_streamer]: Pre-buffer hoàn tất (3 points), bắt đầu stream ổn định. Đang chờ target...
[INFO] [1786693605.991380273] [cartesian_streamer]: QueueTrajPoint accepted #300: t=1.931s, hold=True
[WARN] [1786693607.476924991] [cartesian_streamer]: Queue BUSY, sẽ resend (backoff 66ms): msg="Busy processing the previous trajectory point. Please resend the next point shortly"
[INFO] [1786693608.726486704] [cartesian_streamer]: QueueTrajPoint accepted #320: t=4.263s, hold=True
[INFO] [1786693608.936738006] [cartesian_streamer]: Runtime rate: state=streaming, tick_hz=15.0, queue_send_hz=8.1, ack_hz=7.9, busy_hz=0.2, retry_count=1, reject_count=0, inter_ack_ms=1074.4, max_joint_delta=0.000, cumul_time=4.46s, hold_count=39, ik_mode=Local, ik_avg_ms=3.20, ik_fails=21
[WARN] [1786693608.937129081] [cartesian_streamer]: Target stream stale: không có target mới trong 63.0s
[WARN] [1786693609.755884966] [cartesian_streamer]: Local IK failed 22x liên tiếp! Fallback sang MoveIt! IK...
[INFO] [1786693609.756882131] [cartesian_streamer]: IK delta clamped → joints: [1.501, 0.194, -0.933, 0.000, -0.476, -1.789]
[INFO] [1786693609.757262295] [cartesian_streamer]: IK OK → Δmax=0.0900 rad, joints: [1.501, 0.194, -0.933, 0.000, -0.476, -1.789]
[WARN] [1786693609.803891590] [cartesian_streamer]: QueueTrajPoint đã được accept nhưng joint_states hầu như không đổi. Kiểm tra: 1) Robot ở mode AUTO? 2) Servo ON? 3) E-stop cleared?
[INFO] [1786693610.685688296] [cartesian_streamer]: QueueTrajPoint accepted #340: t=6.284s, hold=False
[INFO] [1786693611.804717444] [cartesian_streamer]: IK delta clamped → joints: [1.611, 0.081, -0.793, -0.000, -0.566, -1.638]
[INFO] [1786693611.805019162] [cartesian_streamer]: IK OK → Δmax=0.0900 rad, joints: [1.611, 0.081, -0.793, -0.000, -0.566, -1.638]
[WARN] [1786693612.280505929] [cartesian_streamer]: Queue BUSY, sẽ resend (backoff 66ms): msg="Busy processing the previous trajectory point. Please resend the next point shortly"
[INFO] [1786693612.899476108] [cartesian_streamer]: QueueTrajPoint accepted #360: t=8.150s, hold=False
[INFO] [1786693613.806021777] [cartesian_streamer]: IK delta clamped → joints: [1.540, 0.344, -0.433, 0.000, -0.710, -1.494]
[INFO] [1786693613.806429674] [cartesian_streamer]: IK OK → Δmax=0.0900 rad, joints: [1.540, 0.344, -0.433, 0.000, -0.710, -1.494]
[INFO] [1786693614.003362183] [cartesian_streamer]: Runtime rate: state=streaming, tick_hz=15.0, queue_send_hz=10.3, ack_hz=9.9, busy_hz=0.2, retry_count=1, reject_count=0, inter_ack_ms=99.0, max_joint_delta=0.090, cumul_time=9.22s, hold_count=0, ik_mode=Local, ik_avg_ms=2.61, ik_fails=22
[INFO] [1786693614.548480714] [cartesian_streamer]: QueueTrajPoint accepted #380: t=9.817s, hold=False
[INFO] [1786693615.871498296] [cartesian_streamer]: IK delta clamped → joints: [1.481, 0.735, -0.007, 0.000, -0.881, -1.354]
[INFO] [1786693615.871769416] [cartesian_streamer]: IK OK → Δmax=0.0900 rad, joints: [1.481, 0.735, -0.007, 0.000, -0.881, -1.354]
[INFO] [1786693616.619049437] [cartesian_streamer]: QueueTrajPoint accepted #400: t=11.815s, hold=False
[INFO] [1786693616.819426993] [cartesian_streamer]: Local IK không hội tụ (fail #1)
[WARN] [1786693617.424971608] [cartesian_streamer]: Local IK failed 10x liên tiếp! Fallback sang MoveIt! IK...
[INFO] [1786693617.886255739] [cartesian_streamer]: IK delta clamped → joints: [1.456, 0.988, 0.261, 0.000, -0.988, -1.329]
[INFO] [1786693617.887784364] [cartesian_streamer]: IK OK → Δmax=0.0900 rad, joints: [1.456, 0.988, 0.261, 0.000, -0.988, -1.329]
[INFO] [1786693618.456107213] [cartesian_streamer]: QueueTrajPoint accepted #420: t=13.646s, hold=False
[INFO] [1786693619.003688943] [cartesian_streamer]: Runtime rate: state=streaming, tick_hz=15.0, queue_send_hz=10.8, ack_hz=10.8, busy_hz=0.0, retry_count=0, reject_count=0, inter_ack_ms=93.2, max_joint_delta=0.090, cumul_time=14.16s, hold_count=0, ik_mode=Local, ik_avg_ms=4.16, ik_fails=55
[WARN] [1786693619.485468000] [cartesian_streamer]: Local IK failed 41x liên tiếp! Fallback sang MoveIt! IK...
[INFO] [1786693619.892656629] [cartesian_streamer]: IK delta clamped → joints: [1.456, 0.988, 0.661, 0.000, -1.148, -1.329]
[INFO] [1786693619.892942867] [cartesian_streamer]: IK OK → Δmax=0.0900 rad, joints: [1.456, 0.988, 0.661, 0.000, -1.148, -1.329]
[INFO] [1786693620.225417286] [cartesian_streamer]: QueueTrajPoint accepted #440: t=15.299s, hold=False
[WARN] [1786693621.489927908] [cartesian_streamer]: Local IK failed 71x liên tiếp! Fallback sang MoveIt! IK...
[INFO] [1786693621.757250636] [cartesian_streamer]: QueueTrajPoint accepted #460: t=16.830s, hold=False
[INFO] [1786693621.956460106] [cartesian_streamer]: IK delta clamped → joints: [1.456, 0.988, 1.044, 0.000, -1.313, -1.329]
[INFO] [1786693621.958265040] [cartesian_streamer]: IK OK → Δmax=0.0900 rad, joints: [1.456, 0.988, 1.044, 0.000, -1.313, -1.329]
[INFO] [1786693623.298604346] [cartesian_streamer]: Disable Robot: dừng stream, tắt traj mode...
[INFO] [1786693623.301694937] [cartesian_streamer]: ✗ Robot DISABLED.
[INFO] [1786693663.229980226] [cartesian_streamer]: Enable Robot: bắt đầu chuỗi khởi động...
[INFO] [1786693663.230254592] [cartesian_streamer]: Enable: reset_error...
[INFO] [1786693663.240069005] [cartesian_streamer]: reset_error: code=1, msg="success"
[INFO] [1786693663.240538498] [cartesian_streamer]: Enable: stop_traj_mode (giải phóng mode cũ)...
[INFO] [1786693663.286204690] [cartesian_streamer]: stop_traj_mode: success=True, code=N/A, msg=""
[INFO] [1786693663.286619610] [cartesian_streamer]: Enable: chờ 1.5s để hệ thống ổn định trước khi start queue...
[INFO] [1786693664.787566557] [cartesian_streamer]: Enable: StartPointQueueMode...
[INFO] [1786693666.277506599] [cartesian_streamer]: StartPointQueueMode response: code=1, msg=""
[INFO] [1786693666.277856056] [cartesian_streamer]: ✓ Robot ENABLED — Point Queue Mode active. Servo ON!
[INFO] [1786693666.336584798] [cartesian_streamer]: Runtime rate: state=seeding, tick_hz=1.4, queue_send_hz=1.1, ack_hz=1.1, busy_hz=0.0, retry_count=0, reject_count=0, inter_ack_ms=83.3, max_joint_delta=0.090, cumul_time=0.00s, hold_count=0, ik_mode=Local, ik_avg_ms=6.60, ik_fails=120
[WARN] [1786693666.336913205] [cartesian_streamer]: Target stream stale: không có target mới trong 43.1s
[WARN] [1786693666.337207589] [cartesian_streamer]: QueueTrajPoint đã được accept nhưng joint_states hầu như không đổi. Kiểm tra: 1) Robot ở mode AUTO? 2) Servo ON? 3) E-stop cleared?
[INFO] [1786693666.337704734] [cartesian_streamer]: Bootstrap EE pose via FK: (-0.1620, 0.2801, 0.3785)
[INFO] [1786693666.338195426] [cartesian_streamer]: Đã gửi seed point (current joints, t=0), chờ ACK...
[INFO] [1786693666.343043391] [cartesian_streamer]: Seed ACK nhận được, bắt đầu prebuffer.
[INFO] [1786693666.343535507] [cartesian_streamer]: QueueTrajPoint accepted #480: t=0.000s, hold=False
[INFO] [1786693666.822845490] [cartesian_streamer]: Pre-buffer hoàn tất (3 points), bắt đầu stream ổn định. Đang chờ target...
[INFO] [1786693668.795946294] [cartesian_streamer]: QueueTrajPoint accepted #500: t=2.199s, hold=True
[INFO] [1786693670.145047796] [cartesian_streamer]: IK OK → Δmax=0.0173 rad, joints: [1.575, 0.127, -1.037, 0.012, -0.401, -1.461]
[INFO] [1786693671.077644533] [cartesian_streamer]: QueueTrajPoint accepted #520: t=4.473s, hold=False
[INFO] [1786693671.337444140] [cartesian_streamer]: Runtime rate: state=streaming, tick_hz=15.0, queue_send_hz=8.6, ack_hz=8.6, busy_hz=0.0, retry_count=0, reject_count=0, inter_ack_ms=1115.6, max_joint_delta=0.057, cumul_time=4.67s, hold_count=0, ik_mode=Local, ik_avg_ms=6.34, ik_fails=120
[INFO] [1786693671.538478797] [cartesian_streamer]: IK delta clamped → joints: [1.584, 0.165, -0.843, -0.000, -0.553, -1.457]
[INFO] [1786693672.205207676] [cartesian_streamer]: IK OK → Δmax=0.0900 rad, joints: [1.632, 0.097, -0.715, -0.000, -0.606, -1.505]
[INFO] [1786693672.657388540] [cartesian_streamer]: QueueTrajPoint accepted #540: t=5.939s, hold=False
[INFO] [1786693673.538492157] [cartesian_streamer]: IK delta clamped → joints: [1.580, 0.229, -0.421, -0.000, -0.713, -1.453]
[INFO] [1786693674.152632067] [cartesian_streamer]: QueueTrajPoint accepted #560: t=7.538s, hold=False
[INFO] [1786693674.271357015] [cartesian_streamer]: IK OK → Δmax=0.0900 rad, joints: [1.544, 0.314, -0.275, 0.000, -0.772, -1.416]
[INFO] [1786693675.604791647] [cartesian_streamer]: IK delta clamped → joints: [1.500, 0.553, -0.008, 0.000, -0.878, -1.373]
[INFO] [1786693675.621948736] [cartesian_streamer]: QueueTrajPoint accepted #580: t=9.005s, hold=False
[INFO] [1786693676.272049159] [cartesian_streamer]: IK OK → Δmax=0.0900 rad, joints: [1.473, 0.700, 0.085, 0.000, -0.916, -1.346]
[INFO] [1786693676.404005484] [cartesian_streamer]: Runtime rate: state=streaming, tick_hz=15.0, queue_send_hz=13.0, ack_hz=13.0, busy_hz=0.0, retry_count=0, reject_count=0, inter_ack_ms=76.6, max_joint_delta=0.090, cumul_time=9.74s, hold_count=0, ik_mode=Local, ik_avg_ms=5.41, ik_fails=120
[INFO] [1786693677.284392022] [cartesian_streamer]: QueueTrajPoint accepted #600: t=10.671s, hold=False
[INFO] [1786693677.356592223] [cartesian_streamer]: Local IK không hội tụ (fail #1)
[WARN] [1786693677.953565024] [cartesian_streamer]: Local IK failed 10x liên tiếp! Fallback sang MoveIt! IK...
[INFO] [1786693677.954703104] [cartesian_streamer]: IK delta clamped → joints: [1.455, 0.954, 0.338, 0.000, -1.017, -1.328]
[INFO] [1786693678.032516820] [cartesian_streamer]: Disable Robot: dừng stream, tắt traj mode...
[INFO] [1786693678.033417994] [cartesian_streamer]: ✗ Robot DISABLED.
[WARN] [1786693678.322846209] [cartesian_streamer]: ⚠ Queue mode bị drop! Auto-recovery lần 1/3...
[INFO] [1786693678.823932614] [cartesian_streamer]: Auto-recovery: bắt đầu re-enable queue mode...
[INFO] [1786693678.824459495] [cartesian_streamer]: Enable: reset_error...
[INFO] [1786693678.943658644] [cartesian_streamer]: reset_error: code=1, msg="success"
[INFO] [1786693678.944172750] [cartesian_streamer]: Enable: stop_traj_mode (giải phóng mode cũ)...
[INFO] [1786693678.992455221] [cartesian_streamer]: stop_traj_mode: success=True, code=N/A, msg=""
[INFO] [1786693678.992974728] [cartesian_streamer]: Enable: chờ 1.5s để hệ thống ổn định trước khi start queue...
[INFO] [1786693680.493855090] [cartesian_streamer]: Enable: StartPointQueueMode...
[INFO] [1786693681.198390370] [cartesian_streamer]: StartPointQueueMode response: code=1, msg=""
[INFO] [1786693681.198730960] [cartesian_streamer]: ✓ Robot ENABLED — Point Queue Mode active. Servo ON!
[INFO] [1786693681.204061292] [cartesian_streamer]: Bootstrap EE pose via FK: (-0.0506, 0.9706, 0.2933)
[INFO] [1786693681.204702348] [cartesian_streamer]: Đã gửi seed point (current joints, t=0), chờ ACK...
[INFO] [1786693681.228080874] [cartesian_streamer]: Seed ACK nhận được, bắt đầu prebuffer.
[INFO] [1786693681.470485795] [cartesian_streamer]: Runtime rate: state=prebuffering, tick_hz=5.7, queue_send_hz=5.1, ack_hz=4.7, busy_hz=0.0, retry_count=0, reject_count=1, inter_ack_ms=208.5, max_joint_delta=0.090, cumul_time=0.20s, hold_count=3, ik_mode=Local, ik_avg_ms=5.59, ik_fails=131
[WARN] [1786693681.470797992] [cartesian_streamer]: Target stream stale: không có target mới trong 3.4s
[INFO] [1786693681.527973343] [cartesian_streamer]: Pre-buffer hoàn tất (3 points), bắt đầu stream ổn định. Đang chờ target...
[INFO] [1786693682.251527993] [cartesian_streamer]: QueueTrajPoint accepted #620: t=0.933s, hold=True
[INFO] [1786693684.296764042] [cartesian_streamer]: QueueTrajPoint accepted #640: t=2.932s, hold=True
[INFO] [1786693686.523625923] [cartesian_streamer]: QueueTrajPoint accepted #660: t=4.865s, hold=True
[INFO] [1786693686.536981584] [cartesian_streamer]: Runtime rate: state=streaming, tick_hz=15.0, queue_send_hz=9.3, ack_hz=9.5, busy_hz=0.0, retry_count=0, reject_count=0, inter_ack_ms=107.6, max_joint_delta=0.000, cumul_time=4.87s, hold_count=50, ik_mode=Local, ik_avg_ms=5.59, ik_fails=131
[WARN] [1786693686.537318056] [cartesian_streamer]: Target stream stale: không có target mới trong 8.5s
[INFO] [1786693688.832075262] [cartesian_streamer]: QueueTrajPoint accepted #680: t=6.932s, hold=True
[INFO] [1786693690.812486241] [cartesian_streamer]: QueueTrajPoint accepted #700: t=8.999s, hold=True
[INFO] [1786693691.537935851] [cartesian_streamer]: Runtime rate: state=streaming, tick_hz=15.0, queue_send_hz=9.4, ack_hz=9.2, busy_hz=0.0, retry_count=0, reject_count=0, inter_ack_ms=106.6, max_joint_delta=0.000, cumul_time=9.67s, hold_count=97, ik_mode=Local, ik_avg_ms=5.59, ik_fails=131
[WARN] [1786693691.538319052] [cartesian_streamer]: Target stream stale: không có target mới trong 13.5s
[WARN] [1786693692.756966061] [cartesian_streamer]: ⚠ Queue mode bị drop! Auto-recovery lần 1/3...
[INFO] [1786693693.259389697] [cartesian_streamer]: Auto-recovery: bắt đầu re-enable queue mode...
[INFO] [1786693693.259907902] [cartesian_streamer]: Enable: reset_error...
[INFO] [1786693693.263111254] [cartesian_streamer]: reset_error: code=105, msg="Pendant is not in REMOTE mode"
[INFO] [1786693693.263380390] [cartesian_streamer]: Enable: stop_traj_mode (giải phóng mode cũ)...
[INFO] [1786693693.588912465] [cartesian_streamer]: stop_traj_mode: success=True, code=N/A, msg=""
[INFO] [1786693693.589568909] [cartesian_streamer]: Enable: chờ 1.5s để hệ thống ổn định trước khi start queue...
[INFO] [1786693695.090781607] [cartesian_streamer]: Enable: StartPointQueueMode...
[INFO] [1786693695.109974043] [cartesian_streamer]: StartPointQueueMode response: code=111, msg="A PFL event has occurred. Please return the robot to a safe state"
[ERROR] [1786693695.110455708] [cartesian_streamer]: StartPointQueueMode FAILED: A PFL event has occurred. Please return the robot to a safe state
[INFO] [1786693712.392576838] [cartesian_streamer]: Enable Robot: bắt đầu chuỗi khởi động...
[INFO] [1786693712.393128154] [cartesian_streamer]: Enable Robot: bắt đầu chuỗi khởi động...
[INFO] [1786693712.393476289] [cartesian_streamer]: Enable: reset_error...
[INFO] [1786693712.394354220] [cartesian_streamer]: Enable: reset_error...
[INFO] [1786693712.407467425] [cartesian_streamer]: reset_error: code=1, msg="success"
[INFO] [1786693712.407734337] [cartesian_streamer]: Enable: stop_traj_mode (giải phóng mode cũ)...
[INFO] [1786693712.460151782] [cartesian_streamer]: stop_traj_mode: success=True, code=N/A, msg=""
[INFO] [1786693712.460475240] [cartesian_streamer]: Enable: chờ 1.5s để hệ thống ổn định trước khi start queue...
[INFO] [1786693712.467231453] [cartesian_streamer]: reset_error: code=1, msg="success"
[INFO] [1786693712.467717446] [cartesian_streamer]: Enable: stop_traj_mode (giải phóng mode cũ)...
[INFO] [1786693712.511740679] [cartesian_streamer]: stop_traj_mode: success=True, code=N/A, msg=""
[INFO] [1786693712.512057384] [cartesian_streamer]: Enable: chờ 1.5s để hệ thống ổn định trước khi start queue...
[INFO] [1786693713.961389976] [cartesian_streamer]: Enable: StartPointQueueMode...
[INFO] [1786693714.013092146] [cartesian_streamer]: Enable: StartPointQueueMode...
[INFO] [1786693715.422651295] [cartesian_streamer]: StartPointQueueMode response: code=1, msg=""
[INFO] [1786693715.423387118] [cartesian_streamer]: ✓ Robot ENABLED — Point Queue Mode active. Servo ON!
[INFO] [1786693715.470740502] [cartesian_streamer]: Runtime rate: state=seeding, tick_hz=0.8, queue_send_hz=0.3, ack_hz=0.3, busy_hz=0.0, retry_count=0, reject_count=1, inter_ack_ms=137.5, max_joint_delta=0.000, cumul_time=0.00s, hold_count=0, ik_mode=Local, ik_avg_ms=5.59, ik_fails=131
[WARN] [1786693715.471559852] [cartesian_streamer]: Target stream stale: không có target mới trong 37.4s
[WARN] [1786693715.471985954] [cartesian_streamer]: QueueTrajPoint đã được accept nhưng joint_states hầu như không đổi. Kiểm tra: 1) Robot ở mode AUTO? 2) Servo ON? 3) E-stop cleared?
[INFO] [1786693715.472731485] [cartesian_streamer]: Bootstrap EE pose via FK: (-0.1620, 0.2801, 0.3785)
[INFO] [1786693715.473454434] [cartesian_streamer]: Đã gửi seed point (current joints, t=0), chờ ACK...
[INFO] [1786693715.538115269] [cartesian_streamer]: Bootstrap EE pose via FK: (-0.1620, 0.2801, 0.3785)
[INFO] [1786693715.604076619] [cartesian_streamer]: Bootstrap EE pose via FK: (-0.1620, 0.2801, 0.3785)
[INFO] [1786693715.634596171] [cartesian_streamer]: StartPointQueueMode response: code=1, msg=""
[INFO] [1786693715.635110038] [cartesian_streamer]: ✓ Robot ENABLED — Point Queue Mode active. Servo ON!
[INFO] [1786693715.670970262] [cartesian_streamer]: Bootstrap EE pose via FK: (-0.1620, 0.2801, 0.3785)
[INFO] [1786693715.737834449] [cartesian_streamer]: Bootstrap EE pose via FK: (-0.1620, 0.2801, 0.3785)
[INFO] [1786693715.747667407] [cartesian_streamer]: Seed ACK nhận được, bắt đầu prebuffer.
[INFO] [1786693715.942295344] [cartesian_streamer]: Pre-buffer hoàn tất (3 points), bắt đầu stream ổn định. Đang chờ target...
[INFO] [1786693716.192732464] [cartesian_streamer]: QueueTrajPoint accepted #720: t=0.467s, hold=True
[INFO] [1786693718.328741384] [cartesian_streamer]: QueueTrajPoint accepted #740: t=2.533s, hold=True
[INFO] [1786693720.470594221] [cartesian_streamer]: Runtime rate: state=streaming, tick_hz=15.0, queue_send_hz=8.4, ack_hz=8.4, busy_hz=0.0, retry_count=0, reject_count=0, inter_ack_ms=664.0, max_joint_delta=0.000, cumul_time=4.47s, hold_count=41, ik_mode=Local, ik_avg_ms=5.59, ik_fails=131
[WARN] [1786693720.471051310] [cartesian_streamer]: Target stream stale: không có target mới trong 42.4s
[INFO] [1786693720.926163757] [cartesian_streamer]: QueueTrajPoint accepted #760: t=4.865s, hold=True
[INFO] [1786693722.886487373] [cartesian_streamer]: QueueTrajPoint accepted #780: t=6.931s, hold=True
[WARN] [1786693724.414571807] [cartesian_streamer]: Queue BUSY, sẽ resend (backoff 66ms): msg="Busy processing the previous trajectory point. Please resend the next point shortly"
[INFO] [1786693724.935544963] [cartesian_streamer]: QueueTrajPoint accepted #800: t=8.666s, hold=True
[INFO] [1786693725.536740813] [cartesian_streamer]: Runtime rate: state=streaming, tick_hz=15.0, queue_send_hz=9.7, ack_hz=9.5, busy_hz=0.2, retry_count=1, reject_count=0, inter_ack_ms=106.3, max_joint_delta=0.000, cumul_time=9.20s, hold_count=89, ik_mode=Local, ik_avg_ms=5.59, ik_fails=131
[WARN] [1786693725.537061766] [cartesian_streamer]: Target stream stale: không có target mới trong 47.5s
[INFO] [1786693726.948071116] [cartesian_streamer]: QueueTrajPoint accepted #820: t=10.736s, hold=True
[INFO] [1786693728.676324151] [cartesian_streamer]: IK OK → Δmax=0.0100 rad, joints: [1.570, 0.123, -1.053, -0.006, -0.388, -1.437]
[WARN] [1786693728.736939780] [cartesian_streamer]: QueueTrajPoint đã được accept nhưng joint_states hầu như không đổi. Kiểm tra: 1) Robot ở mode AUTO? 2) Servo ON? 3) E-stop cleared?
[INFO] [1786693729.662754252] [cartesian_streamer]: QueueTrajPoint accepted #840: t=13.072s, hold=False
[INFO] [1786693729.871046670] [cartesian_streamer]: IK delta clamped → joints: [1.597, 0.164, -0.977, -0.000, -0.432, -1.470]
[INFO] [1786693730.536692927] [cartesian_streamer]: Runtime rate: state=streaming, tick_hz=15.0, queue_send_hz=8.8, ack_hz=8.8, busy_hz=0.0, retry_count=0, reject_count=0, inter_ack_ms=112.7, max_joint_delta=0.090, cumul_time=13.94s, hold_count=0, ik_mode=Local, ik_avg_ms=5.32, ik_fails=131
[INFO] [1786693730.738758417] [cartesian_streamer]: IK OK → Δmax=0.0900 rad, joints: [1.626, 0.057, -0.783, -0.000, -0.563, -1.498]
[INFO] [1786693731.353320537] [cartesian_streamer]: QueueTrajPoint accepted #860: t=14.807s, hold=False
[INFO] [1786693731.872579118] [cartesian_streamer]: IK delta clamped → joints: [1.578, 0.171, -0.543, -0.000, -0.659, -1.451]
[INFO] [1786693732.805893881] [cartesian_streamer]: IK OK → Δmax=0.0900 rad, joints: [1.519, 0.297, -0.356, 0.000, -0.734, -1.392]
[INFO] [1786693733.025978240] [cartesian_streamer]: QueueTrajPoint accepted #880: t=16.472s, hold=False
[INFO] [1786693733.938695445] [cartesian_streamer]: IK delta clamped → joints: [1.461, 0.480, -0.129, 0.000, -0.825, -1.333]
[INFO] [1786693734.612665191] [cartesian_streamer]: QueueTrajPoint accepted #900: t=18.072s, hold=False
[INFO] [1786693734.871377147] [cartesian_streamer]: IK OK → Δmax=0.0900 rad, joints: [1.423, 0.664, 0.031, 0.000, -0.889, -1.295]
[INFO] [1786693735.603887299] [cartesian_streamer]: Runtime rate: state=streaming, tick_hz=15.0, queue_send_hz=11.8, ack_hz=11.8, busy_hz=0.0, retry_count=0, reject_count=0, inter_ack_ms=84.4, max_joint_delta=0.090, cumul_time=19.01s, hold_count=0, ik_mode=Local, ik_avg_ms=4.73, ik_fails=131
[INFO] [1786693736.005292334] [cartesian_streamer]: IK delta clamped → joints: [1.357, 0.885, 0.284, 0.000, -0.990, -1.229]
[INFO] [1786693736.407793369] [cartesian_streamer]: QueueTrajPoint accepted #920: t=19.872s, hold=False
[INFO] [1786693736.488747127] [cartesian_streamer]: Local IK không hội tụ (fail #1)
[WARN] [1786693737.099681324] [cartesian_streamer]: Local IK failed 10x liên tiếp! Fallback sang MoveIt! IK...
[INFO] [1786693737.101725237] [cartesian_streamer]: IK OK → Δmax=0.0900 rad, joints: [1.340, 0.971, 0.377, 0.000, -1.027, -1.213]
[INFO] [1786693738.023128522] [cartesian_streamer]: IK delta clamped → joints: [1.340, 0.971, 0.552, 0.000, -1.097, -1.213]
[INFO] [1786693738.362057299] [cartesian_streamer]: QueueTrajPoint accepted #940: t=21.685s, hold=False
[WARN] [1786693739.153925084] [cartesian_streamer]: Local IK failed 40x liên tiếp! Fallback sang MoveIt! IK...
[INFO] [1786693739.156286313] [cartesian_streamer]: IK OK → Δmax=0.0900 rad, joints: [1.340, 0.971, 0.750, 0.000, -1.176, -1.213]
[INFO] [1786693740.025412267] [cartesian_streamer]: IK delta clamped → joints: [1.340, 0.971, 0.936, 0.000, -1.251, -1.213]
[INFO] [1786693740.236550164] [cartesian_streamer]: QueueTrajPoint accepted #960: t=23.485s, hold=False
[INFO] [1786693740.670994518] [cartesian_streamer]: Runtime rate: state=streaming, tick_hz=15.0, queue_send_hz=11.3, ack_hz=11.3, busy_hz=0.0, retry_count=0, reject_count=0, inter_ack_ms=89.5, max_joint_delta=0.090, cumul_time=23.88s, hold_count=0, ik_mode=Local, ik_avg_ms=6.04, ik_fails=193
[INFO] [1786693740.903860428] [cartesian_streamer]: Disable Robot: dừng stream, tắt traj mode...
[INFO] [1786693740.904356601] [cartesian_streamer]: ✗ Robot DISABLED.
[INFO] [1786693762.219293983] [cartesian_streamer]: Enable Robot: bắt đầu chuỗi khởi động...
[INFO] [1786693762.219612893] [cartesian_streamer]: Enable: reset_error...
[INFO] [1786693762.235338830] [cartesian_streamer]: reset_error: code=1, msg="success"
[INFO] [1786693762.235614989] [cartesian_streamer]: Enable: stop_traj_mode (giải phóng mode cũ)...
[INFO] [1786693762.277771070] [cartesian_streamer]: stop_traj_mode: success=True, code=N/A, msg=""
[INFO] [1786693762.278090280] [cartesian_streamer]: Enable: chờ 1.5s để hệ thống ổn định trước khi start queue...
[INFO] [1786693763.780450445] [cartesian_streamer]: Enable: StartPointQueueMode...
[INFO] [1786693765.171186417] [cartesian_streamer]: StartPointQueueMode response: code=1, msg=""
[INFO] [1786693765.171482474] [cartesian_streamer]: ✓ Robot ENABLED — Point Queue Mode active. Servo ON!
[INFO] [1786693765.204685742] [cartesian_streamer]: Runtime rate: state=seeding, tick_hz=0.2, queue_send_hz=0.1, ack_hz=0.1, busy_hz=0.0, retry_count=0, reject_count=0, inter_ack_ms=128.1, max_joint_delta=0.090, cumul_time=0.00s, hold_count=0, ik_mode=Local, ik_avg_ms=6.12, ik_fails=196
[WARN] [1786693765.205164592] [cartesian_streamer]: Target stream stale: không có target mới trong 24.3s
[WARN] [1786693765.205479665] [cartesian_streamer]: QueueTrajPoint đã được accept nhưng joint_states hầu như không đổi. Kiểm tra: 1) Robot ở mode AUTO? 2) Servo ON? 3) E-stop cleared?
[INFO] [1786693765.206094230] [cartesian_streamer]: Bootstrap EE pose via FK: (-0.1620, 0.2800, 0.3785)
[INFO] [1786693765.207061058] [cartesian_streamer]: Đã gửi seed point (current joints, t=0), chờ ACK...
[INFO] [1786693765.270769821] [cartesian_streamer]: Bootstrap EE pose via FK: (-0.1620, 0.2800, 0.3785)
[INFO] [1786693765.337433380] [cartesian_streamer]: Bootstrap EE pose via FK: (-0.1620, 0.2800, 0.3785)
[INFO] [1786693765.404357940] [cartesian_streamer]: Bootstrap EE pose via FK: (-0.1620, 0.2800, 0.3785)
[INFO] [1786693765.442389145] [cartesian_streamer]: Seed ACK nhận được, bắt đầu prebuffer.
[INFO] [1786693765.683125620] [cartesian_streamer]: Pre-buffer hoàn tất (3 points), bắt đầu stream ổn định. Đang chờ target...
[INFO] [1786693766.796743021] [cartesian_streamer]: QueueTrajPoint accepted #980: t=1.334s, hold=True
[INFO] [1786693768.796187507] [cartesian_streamer]: QueueTrajPoint accepted #1000: t=3.334s, hold=True
[INFO] [1786693770.270500435] [cartesian_streamer]: Runtime rate: state=streaming, tick_hz=15.0, queue_send_hz=8.9, ack_hz=8.9, busy_hz=0.0, retry_count=0, reject_count=0, inter_ack_ms=652.4, max_joint_delta=0.000, cumul_time=4.67s, hold_count=44, ik_mode=Local, ik_avg_ms=6.12, ik_fails=196
[WARN] [1786693770.270849932] [cartesian_streamer]: Target stream stale: không có target mới trong 29.4s
[INFO] [1786693770.875867136] [cartesian_streamer]: QueueTrajPoint accepted #1020: t=5.401s, hold=True
[INFO] [1786693772.744462431] [cartesian_streamer]: IK OK → Δmax=0.0071 rad, joints: [1.572, 0.123, -1.049, 0.005, -0.393, -1.451]
[WARN] [1786693772.804024527] [cartesian_streamer]: QueueTrajPoint đã được accept nhưng joint_states hầu như không đổi. Kiểm tra: 1) Robot ở mode AUTO? 2) Servo ON? 3) E-stop cleared?
[INFO] [1786693773.267315302] [cartesian_streamer]: QueueTrajPoint accepted #1040: t=7.669s, hold=False
[INFO] [1786693774.339091501] [cartesian_streamer]: IK delta clamped → joints: [1.605, 0.154, -0.928, -0.000, -0.490, -1.478]
[INFO] [1786693774.804663284] [cartesian_streamer]: IK OK → Δmax=0.0900 rad, joints: [1.673, 0.080, -0.868, -0.000, -0.558, -1.546]
[INFO] [1786693775.076055237] [cartesian_streamer]: QueueTrajPoint accepted #1060: t=9.538s, hold=False
[INFO] [1786693775.270876774] [cartesian_streamer]: Runtime rate: state=streaming, tick_hz=15.0, queue_send_hz=10.0, ack_hz=9.8, busy_hz=0.0, retry_count=0, reject_count=0, inter_ack_ms=100.0, max_joint_delta=0.090, cumul_time=9.67s, hold_count=0, ik_mode=Local, ik_avg_ms=5.82, ik_fails=196
[INFO] [1786693776.404766746] [cartesian_streamer]: IK delta clamped → joints: [1.615, 0.004, -0.724, -0.000, -0.669, -1.488]
[INFO] [1786693776.805113635] [cartesian_streamer]: IK OK → Δmax=0.0900 rad, joints: [1.582, 0.068, -0.637, -0.000, -0.712, -1.454]
[INFO] [1786693777.016544991] [cartesian_streamer]: QueueTrajPoint accepted #1080: t=11.403s, hold=False
[INFO] [1786693778.471655622] [cartesian_streamer]: IK delta clamped → joints: [1.495, 0.322, -0.266, 0.000, -0.845, -1.368]
[INFO] [1786693778.690046523] [cartesian_streamer]: QueueTrajPoint accepted #1100: t=13.071s, hold=False
[INFO] [1786693778.805508390] [cartesian_streamer]: IK OK → Δmax=0.0900 rad, joints: [1.471, 0.372, -0.199, 0.000, -0.872, -1.343]
[INFO] [1786693780.336353343] [cartesian_streamer]: Runtime rate: state=streaming, tick_hz=15.0, queue_send_hz=10.5, ack_hz=10.7, busy_hz=0.0, retry_count=0, reject_count=0, inter_ack_ms=95.0, max_joint_delta=0.090, cumul_time=14.60s, hold_count=0, ik_mode=Local, ik_avg_ms=5.34, ik_fails=196
[INFO] [1786693780.539207652] [cartesian_streamer]: IK delta clamped → joints: [1.355, 0.670, 0.120, 0.000, -1.000, -1.228]
[INFO] [1786693780.707978980] [cartesian_streamer]: QueueTrajPoint accepted #1120: t=15.002s, hold=False
[INFO] [1786693780.872885803] [cartesian_streamer]: IK OK → Δmax=0.0900 rad, joints: [1.339, 0.744, 0.200, 0.000, -1.032, -1.212]
[INFO] [1786693781.897136754] [cartesian_streamer]: Disable Robot: dừng stream, tắt traj mode...
[INFO] [1786693781.897582021] [cartesian_streamer]: ✗ Robot DISABLED.
[INFO] [1786693831.167938722] [cartesian_streamer]: Enable Robot: bắt đầu chuỗi khởi động...
[INFO] [1786693831.168315290] [cartesian_streamer]: Enable: reset_error...
[INFO] [1786693831.184254007] [cartesian_streamer]: reset_error: code=1, msg="success"
[INFO] [1786693831.185083747] [cartesian_streamer]: Enable: stop_traj_mode (giải phóng mode cũ)...
[INFO] [1786693831.239538150] [cartesian_streamer]: stop_traj_mode: success=True, code=N/A, msg=""
[INFO] [1786693831.239792257] [cartesian_streamer]: Enable: chờ 1.5s để hệ thống ổn định trước khi start queue...
[INFO] [1786693832.740731796] [cartesian_streamer]: Enable: StartPointQueueMode...
[INFO] [1786693834.303064363] [cartesian_streamer]: StartPointQueueMode response: code=1, msg=""
[INFO] [1786693834.303581826] [cartesian_streamer]: ✓ Robot ENABLED — Point Queue Mode active. Servo ON!
[INFO] [1786693834.337571872] [cartesian_streamer]: Runtime rate: state=seeding, tick_hz=0.4, queue_send_hz=0.4, ack_hz=0.4, busy_hz=0.0, retry_count=0, reject_count=0, inter_ack_ms=83.3, max_joint_delta=0.090, cumul_time=0.00s, hold_count=0, ik_mode=Local, ik_avg_ms=5.21, ik_fails=196
[WARN] [1786693834.338160328] [cartesian_streamer]: Target stream stale: không có target mới trong 52.5s
[WARN] [1786693834.338473096] [cartesian_streamer]: QueueTrajPoint đã được accept nhưng joint_states hầu như không đổi. Kiểm tra: 1) Robot ở mode AUTO? 2) Servo ON? 3) E-stop cleared?
[INFO] [1786693834.339429575] [cartesian_streamer]: Bootstrap EE pose via FK: (-0.1620, 0.2801, 0.3785)
[INFO] [1786693834.340892575] [cartesian_streamer]: Đã gửi seed point (current joints, t=0), chờ ACK...
[INFO] [1786693834.344226123] [cartesian_streamer]: Seed ACK nhận được, bắt đầu prebuffer.
[INFO] [1786693834.841130757] [cartesian_streamer]: Pre-buffer hoàn tất (3 points), bắt đầu stream ổn định. Đang chờ target...
[INFO] [1786693835.018342611] [cartesian_streamer]: QueueTrajPoint accepted #1140: t=0.597s, hold=True
[INFO] [1786693836.951842405] [cartesian_streamer]: QueueTrajPoint accepted #1160: t=2.464s, hold=True
[INFO] [1786693838.340050300] [cartesian_streamer]: IK OK → Δmax=0.0071 rad, joints: [1.572, 0.123, -1.049, 0.006, -0.391, -1.451]
[INFO] [1786693839.337298221] [cartesian_streamer]: Runtime rate: state=streaming, tick_hz=15.0, queue_send_hz=8.8, ack_hz=8.6, busy_hz=0.0, retry_count=0, reject_count=0, inter_ack_ms=1333.9, max_joint_delta=0.007, cumul_time=4.46s, hold_count=0, ik_mode=Local, ik_avg_ms=5.12, ik_fails=196
[WARN] [1786693839.403695438] [cartesian_streamer]: QueueTrajPoint đã được accept nhưng joint_states hầu như không đổi. Kiểm tra: 1) Robot ở mode AUTO? 2) Servo ON? 3) E-stop cleared?
[INFO] [1786693839.543255952] [cartesian_streamer]: QueueTrajPoint accepted #1180: t=4.732s, hold=False
[INFO] [1786693839.804867069] [cartesian_streamer]: IK delta clamped → joints: [1.576, 0.160, -0.956, 0.000, -0.457, -1.449]
[INFO] [1786693840.405109773] [cartesian_streamer]: IK OK → Δmax=0.0900 rad, joints: [1.588, 0.056, -0.839, -0.000, -0.552, -1.460]
[INFO] [1786693841.294889989] [cartesian_streamer]: QueueTrajPoint accepted #1200: t=6.398s, hold=False
[INFO] [1786693841.871125115] [cartesian_streamer]: IK delta clamped → joints: [1.422, 0.165, -0.573, 0.000, -0.664, -1.295]
[INFO] [1786693842.405441307] [cartesian_streamer]: IK OK → Δmax=0.0900 rad, joints: [1.413, 0.227, -0.440, 0.000, -0.717, -1.286]
[INFO] [1786693843.087361235] [cartesian_streamer]: QueueTrajPoint accepted #1220: t=8.199s, hold=False
[INFO] [1786693843.871604777] [cartesian_streamer]: IK delta clamped → joints: [1.353, 0.434, -0.146, 0.000, -0.834, -1.226]
[INFO] [1786693844.337648246] [cartesian_streamer]: Runtime rate: state=streaming, tick_hz=15.0, queue_send_hz=12.0, ack_hz=12.2, busy_hz=0.0, retry_count=0, reject_count=0, inter_ack_ms=82.8, max_joint_delta=0.090, cumul_time=9.40s, hold_count=0, ik_mode=Local, ik_avg_ms=4.75, ik_fails=196
[INFO] [1786693844.472199081] [cartesian_streamer]: IK OK → Δmax=0.0900 rad, joints: [1.338, 0.552, -0.053, 0.000, -0.872, -1.211]
[INFO] [1786693844.624171551] [cartesian_streamer]: QueueTrajPoint accepted #1240: t=9.666s, hold=False
[INFO] [1786693845.937984319] [cartesian_streamer]: IK delta clamped → joints: [1.312, 0.875, 0.240, 0.000, -0.989, -1.185]
[INFO] [1786693846.539471211] [cartesian_streamer]: IK OK → Δmax=0.0900 rad, joints: [1.303, 0.968, 0.334, 0.000, -1.026, -1.175]
[INFO] [1786693846.619151080] [cartesian_streamer]: QueueTrajPoint accepted #1260: t=11.599s, hold=False
[INFO] [1786693846.756240157] [cartesian_streamer]: Local IK không hội tụ (fail #1)
[WARN] [1786693847.350940700] [cartesian_streamer]: Local IK failed 10x liên tiếp! Fallback sang MoveIt! IK...
[INFO] [1786693847.952024183] [cartesian_streamer]: IK delta clamped → joints: [1.301, 1.090, 0.510, 0.000, -1.097, -1.174]
[INFO] [1786693848.025779394] [cartesian_streamer]: Disable Robot: dừng stream, tắt traj mode...
[INFO] [1786693848.026945566] [cartesian_streamer]: ✗ Robot DISABLED.
[WARN] [1786693848.186197352] [cartesian_streamer]: ⚠ Queue mode bị drop! Auto-recovery lần 1/3...
[INFO] [1786693848.686850241] [cartesian_streamer]: Auto-recovery: bắt đầu re-enable queue mode...
[INFO] [1786693848.687136980] [cartesian_streamer]: Enable: reset_error...
[INFO] [1786693848.701530242] [cartesian_streamer]: reset_error: code=1, msg="success"
[INFO] [1786693848.701994384] [cartesian_streamer]: Enable: stop_traj_mode (giải phóng mode cũ)...
[INFO] [1786693848.846903294] [cartesian_streamer]: stop_traj_mode: success=True, code=N/A, msg=""
[INFO] [1786693848.847158153] [cartesian_streamer]: Enable: chờ 1.5s để hệ thống ổn định trước khi start queue...
[INFO] [1786693850.348241134] [cartesian_streamer]: Enable: StartPointQueueMode...
[INFO] [1786693850.787023617] [cartesian_streamer]: StartPointQueueMode response: code=1, msg=""
[INFO] [1786693850.787303684] [cartesian_streamer]: ✓ Robot ENABLED — Point Queue Mode active. Servo ON!
[INFO] [1786693850.805924423] [cartesian_streamer]: Runtime rate: state=seeding, tick_hz=8.7, queue_send_hz=5.6, ack_hz=5.4, busy_hz=0.0, retry_count=0, reject_count=1, inter_ack_ms=102.0, max_joint_delta=0.090, cumul_time=0.00s, hold_count=0, ik_mode=Local, ik_avg_ms=4.88, ik_fails=215
[WARN] [1786693850.806276876] [cartesian_streamer]: Target stream stale: không có target mới trong 2.8s
[INFO] [1786693850.806814327] [cartesian_streamer]: Bootstrap EE pose via FK: (0.1131, 1.0157, 0.1826)
[INFO] [1786693850.807312383] [cartesian_streamer]: Đã gửi seed point (current joints, t=0), chờ ACK...
[INFO] [1786693850.823709903] [cartesian_streamer]: Seed ACK nhận được, bắt đầu prebuffer.
[WARN] [1786693851.127006343] [cartesian_streamer]: ⚠ Queue mode bị drop! Auto-recovery lần 1/3...
[INFO] [1786693851.627584442] [cartesian_streamer]: Auto-recovery: bắt đầu re-enable queue mode...
[INFO] [1786693851.628184399] [cartesian_streamer]: Enable: reset_error...
[INFO] [1786693851.646756528] [cartesian_streamer]: reset_error: code=105, msg="Pendant is not in REMOTE mode"
[INFO] [1786693851.647192488] [cartesian_streamer]: Enable: stop_traj_mode (giải phóng mode cũ)...
[INFO] [1786693852.107284506] [cartesian_streamer]: stop_traj_mode: success=True, code=N/A, msg=""
[INFO] [1786693852.107613895] [cartesian_streamer]: Enable: chờ 1.5s để hệ thống ổn định trước khi start queue...
[INFO] [1786693853.608741899] [cartesian_streamer]: Enable: StartPointQueueMode...
[INFO] [1786693855.200039433] [cartesian_streamer]: StartPointQueueMode response: code=1, msg=""
[INFO] [1786693855.200415149] [cartesian_streamer]: ✓ Robot ENABLED — Point Queue Mode active. Servo ON!
[WARN] [1786693855.203814661] [cartesian_streamer]: QueueTrajPoint đã được accept nhưng joint_states hầu như không đổi. Kiểm tra: 1) Robot ở mode AUTO? 2) Servo ON? 3) E-stop cleared?
[INFO] [1786693855.204440217] [cartesian_streamer]: Bootstrap EE pose via FK: (0.1131, 1.0157, 0.1826)
[INFO] [1786693855.204979692] [cartesian_streamer]: Đã gửi seed point (current joints, t=0), chờ ACK...
[INFO] [1786693855.270366709] [cartesian_streamer]: Bootstrap EE pose via FK: (0.1131, 1.0157, 0.1826)
[INFO] [1786693855.337506581] [cartesian_streamer]: Bootstrap EE pose via FK: (0.1131, 1.0157, 0.1826)
[INFO] [1786693855.405239959] [cartesian_streamer]: Bootstrap EE pose via FK: (0.1131, 1.0157, 0.1826)
[INFO] [1786693855.453323804] [cartesian_streamer]: Seed ACK nhận được, bắt đầu prebuffer.
[INFO] [1786693855.742744004] [cartesian_streamer]: Pre-buffer hoàn tất (3 points), bắt đầu stream ổn định. Đang chờ target...
[INFO] [1786693855.743097760] [cartesian_streamer]: QueueTrajPoint accepted #1280: t=0.467s, hold=True
[INFO] [1786693855.870190422] [cartesian_streamer]: Runtime rate: state=streaming, tick_hz=3.0, queue_send_hz=1.8, ack_hz=1.6, busy_hz=0.0, retry_count=0, reject_count=1, inter_ack_ms=995.4, max_joint_delta=0.000, cumul_time=0.53s, hold_count=4, ik_mode=Local, ik_avg_ms=4.88, ik_fails=215
[WARN] [1786693855.870837919] [cartesian_streamer]: Target stream stale: không có target mới trong 7.9s
[WARN] [1786693856.352819833] [cartesian_streamer]: Queue BUSY, sẽ resend (backoff 66ms): msg="Busy processing the previous trajectory point. Please resend the next point shortly"
[INFO] [1786693857.882453619] [cartesian_streamer]: QueueTrajPoint accepted #1300: t=2.332s, hold=True
[WARN] [1786693859.206734233] [cartesian_streamer]: Queue BUSY, sẽ resend (backoff 66ms): msg="Busy processing the previous trajectory point. Please resend the next point shortly"
[WARN] [1786693860.228059757] [cartesian_streamer]: Queue BUSY, sẽ resend (backoff 66ms): msg="Busy processing the previous trajectory point. Please resend the next point shortly"
[INFO] [1786693860.870679923] [cartesian_streamer]: Runtime rate: state=streaming, tick_hz=15.0, queue_send_hz=8.6, ack_hz=7.0, busy_hz=1.6, retry_count=8, reject_count=0, inter_ack_ms=110.3, max_joint_delta=0.000, cumul_time=3.53s, hold_count=40, ik_mode=Local, ik_avg_ms=4.88, ik_fails=215
[WARN] [1786693860.871464428] [cartesian_streamer]: Target stream stale: không có target mới trong 12.9s
[WARN] [1786693861.339962029] [cartesian_streamer]: Queue BUSY, sẽ resend (backoff 66ms): msg="Busy processing the previous trajectory point. Please resend the next point shortly"
[WARN] [1786693861.939240215] [cartesian_streamer]: ⚠ Queue mode bị drop! Auto-recovery lần 1/3...
[INFO] [1786693862.440124928] [cartesian_streamer]: Auto-recovery: bắt đầu re-enable queue mode...
[INFO] [1786693862.441865070] [cartesian_streamer]: Enable: reset_error...
[INFO] [1786693862.459361165] [cartesian_streamer]: reset_error: code=105, msg="Pendant is not in REMOTE mode"
[INFO] [1786693862.459826249] [cartesian_streamer]: Enable: stop_traj_mode (giải phóng mode cũ)...
[INFO] [1786693862.751895631] [cartesian_streamer]: stop_traj_mode: success=True, code=N/A, msg=""
[INFO] [1786693862.752247061] [cartesian_streamer]: Enable: chờ 1.5s để hệ thống ổn định trước khi start queue...
[INFO] [1786693864.254651420] [cartesian_streamer]: Enable: StartPointQueueMode...
[INFO] [1786693864.259606777] [cartesian_streamer]: StartPointQueueMode response: code=111, msg="A PFL event has occurred. Please return the robot to a safe state"
[ERROR] [1786693864.260108410] [cartesian_streamer]: StartPointQueueMode FAILED: A PFL event has occurred. Please return the robot to a safe state
[INFO] [1786694469.736304146] [cartesian_streamer]: Enable Robot: bắt đầu chuỗi khởi động...
[INFO] [1786694469.736728824] [cartesian_streamer]: Enable: reset_error...
[INFO] [1786694469.757415967] [cartesian_streamer]: reset_error: code=105, msg="Pendant is not in REMOTE mode"
[INFO] [1786694469.757673060] [cartesian_streamer]: Enable: stop_traj_mode (giải phóng mode cũ)...
[INFO] [1786694469.827022830] [cartesian_streamer]: stop_traj_mode: success=True, code=N/A, msg=""
[INFO] [1786694469.827515666] [cartesian_streamer]: Enable: chờ 1.5s để hệ thống ổn định trước khi start queue...
[INFO] [1786694471.328340326] [cartesian_streamer]: Enable: StartPointQueueMode...
[INFO] [1786694471.354243284] [cartesian_streamer]: StartPointQueueMode response: code=104, msg="The teach pendant must not be in TEACH mode"
[ERROR] [1786694471.354599304] [cartesian_streamer]: StartPointQueueMode FAILED: The teach pendant must not be in TEACH mode
[INFO] [1786694478.128156322] [cartesian_streamer]: Enable Robot: bắt đầu chuỗi khởi động...
[INFO] [1786694478.128441347] [cartesian_streamer]: Enable: reset_error...
[INFO] [1786694478.144252583] [cartesian_streamer]: reset_error: code=1, msg="success"
[INFO] [1786694478.144529103] [cartesian_streamer]: Enable: stop_traj_mode (giải phóng mode cũ)...
[INFO] [1786694478.200871609] [cartesian_streamer]: stop_traj_mode: success=True, code=N/A, msg=""
[INFO] [1786694478.201327526] [cartesian_streamer]: Enable: chờ 1.5s để hệ thống ổn định trước khi start queue...
[INFO] [1786694479.702974150] [cartesian_streamer]: Enable: StartPointQueueMode...
[INFO] [1786694481.203318045] [cartesian_streamer]: StartPointQueueMode response: code=1, msg=""
[INFO] [1786694481.203614943] [cartesian_streamer]: ✓ Robot ENABLED — Point Queue Mode active. Servo ON!
[INFO] [1786694481.270127939] [cartesian_streamer]: Runtime rate: state=seeding, tick_hz=0.0, queue_send_hz=0.0, ack_hz=0.0, busy_hz=0.0, retry_count=2, reject_count=1, inter_ack_ms=2077.8, max_joint_delta=0.000, cumul_time=0.00s, hold_count=0, ik_mode=Local, ik_avg_ms=4.88, ik_fails=215
[WARN] [1786694481.270700165] [cartesian_streamer]: Target stream stale: không có target mới trong 633.3s
[WARN] [1786694481.271182241] [cartesian_streamer]: QueueTrajPoint đã được accept nhưng joint_states hầu như không đổi. Kiểm tra: 1) Robot ở mode AUTO? 2) Servo ON? 3) E-stop cleared?
[INFO] [1786694481.272166242] [cartesian_streamer]: Bootstrap EE pose via FK: (-0.1620, 0.3090, 0.3883)
[INFO] [1786694481.272680999] [cartesian_streamer]: Đã gửi seed point (current joints, t=0), chờ ACK...
[INFO] [1786694481.274568618] [cartesian_streamer]: Seed ACK nhận được, bắt đầu prebuffer.
[INFO] [1786694481.414450400] [cartesian_streamer]: QueueTrajPoint accepted #1320: t=0.130s, hold=True
[INFO] [1786694481.487312984] [cartesian_streamer]: Pre-buffer hoàn tất (3 points), bắt đầu stream ổn định. Đang chờ target...
[INFO] [1786694483.816093005] [cartesian_streamer]: QueueTrajPoint accepted #1340: t=2.332s, hold=True
[INFO] [1786694486.270574718] [cartesian_streamer]: Runtime rate: state=streaming, tick_hz=15.0, queue_send_hz=8.4, ack_hz=8.2, busy_hz=0.0, retry_count=0, reject_count=0, inter_ack_ms=15229.0, max_joint_delta=0.000, cumul_time=4.66s, hold_count=41, ik_mode=Local, ik_avg_ms=4.88, ik_fails=215
[WARN] [1786694486.270875133] [cartesian_streamer]: Target stream stale: không có target mới trong 638.3s
[INFO] [1786694486.587839095] [cartesian_streamer]: QueueTrajPoint accepted #1360: t=4.864s, hold=True
[WARN] [1786694486.612324919] [cartesian_streamer]: Queue BUSY, sẽ resend (backoff 66ms): msg="Busy processing the previous trajectory point. Please resend the next point shortly"
[INFO] [1786694488.210106769] [cartesian_streamer]: IK delta clamped → joints: [1.571, 0.128, -1.006, 0.003, -0.404, -1.789]
[INFO] [1786694488.210533151] [cartesian_streamer]: IK OK → Δmax=0.0900 rad, joints: [1.571, 0.128, -1.006, 0.003, -0.404, -1.789]
[WARN] [1786694488.270097263] [cartesian_streamer]: QueueTrajPoint đã được accept nhưng joint_states hầu như không đổi. Kiểm tra: 1) Robot ở mode AUTO? 2) Servo ON? 3) E-stop cleared?
[INFO] [1786694488.689262577] [cartesian_streamer]: QueueTrajPoint accepted #1380: t=6.866s, hold=False
[INFO] [1786694490.271570375] [cartesian_streamer]: IK delta clamped → joints: [1.660, 0.070, -0.853, -0.000, -0.546, -1.623]
[INFO] [1786694490.271857756] [cartesian_streamer]: IK OK → Δmax=0.0900 rad, joints: [1.660, 0.070, -0.853, -0.000, -0.546, -1.623]
[INFO] [1786694490.861771131] [cartesian_streamer]: QueueTrajPoint accepted #1400: t=8.802s, hold=False
[INFO] [1786694491.337228536] [cartesian_streamer]: Runtime rate: state=streaming, tick_hz=15.0, queue_send_hz=9.3, ack_hz=9.3, busy_hz=0.2, retry_count=1, reject_count=0, inter_ack_ms=109.5, max_joint_delta=0.090, cumul_time=9.34s, hold_count=0, ik_mode=Local, ik_avg_ms=4.69, ik_fails=215
[INFO] [1786694492.272012910] [cartesian_streamer]: IK delta clamped → joints: [1.507, 0.159, -0.461, 0.000, -0.695, -1.474]
[INFO] [1786694492.272471101] [cartesian_streamer]: IK OK → Δmax=0.0900 rad, joints: [1.507, 0.159, -0.461, 0.000, -0.695, -1.474]
[INFO] [1786694492.419963191] [cartesian_streamer]: QueueTrajPoint accepted #1420: t=10.469s, hold=False
[INFO] [1786694494.338905010] [cartesian_streamer]: IK delta clamped → joints: [1.385, 0.501, -0.115, 0.000, -0.834, -1.336]
[INFO] [1786694494.339209493] [cartesian_streamer]: IK OK → Δmax=0.0900 rad, joints: [1.385, 0.501, -0.115, 0.000, -0.834, -1.336]
[INFO] [1786694494.625667853] [cartesian_streamer]: QueueTrajPoint accepted #1440: t=12.335s, hold=False
[INFO] [1786694496.231167693] [cartesian_streamer]: QueueTrajPoint accepted #1460: t=13.870s, hold=False
[INFO] [1786694496.403928518] [cartesian_streamer]: Runtime rate: state=streaming, tick_hz=15.0, queue_send_hz=11.1, ack_hz=11.1, busy_hz=0.0, retry_count=0, reject_count=0, inter_ack_ms=91.2, max_joint_delta=0.090, cumul_time=13.94s, hold_count=0, ik_mode=Local, ik_avg_ms=4.42, ik_fails=215
[INFO] [1786694496.405052111] [cartesian_streamer]: IK delta clamped → joints: [1.338, 0.904, 0.286, 0.000, -0.994, -1.211]
[INFO] [1786694496.405308543] [cartesian_streamer]: IK OK → Δmax=0.0900 rad, joints: [1.338, 0.904, 0.286, 0.000, -0.994, -1.211]
[INFO] [1786694496.621574329] [cartesian_streamer]: Local IK không hội tụ (fail #1)
[WARN] [1786694497.221550142] [cartesian_streamer]: Local IK failed 10x liên tiếp! Fallback sang MoveIt! IK...
[INFO] [1786694497.859264785] [cartesian_streamer]: Disable Robot: dừng stream, tắt traj mode...
[INFO] [1786694497.859920748] [cartesian_streamer]: ✗ Robot DISABLED.
[INFO] [1786694539.632687021] [cartesian_streamer]: Enable Robot: bắt đầu chuỗi khởi động...
[INFO] [1786694539.633133189] [cartesian_streamer]: Enable: reset_error...
[INFO] [1786694539.645696038] [cartesian_streamer]: reset_error: code=1, msg="success"
[INFO] [1786694539.646177253] [cartesian_streamer]: Enable: stop_traj_mode (giải phóng mode cũ)...
[INFO] [1786694539.699269878] [cartesian_streamer]: stop_traj_mode: success=True, code=N/A, msg=""
[INFO] [1786694539.699590301] [cartesian_streamer]: Enable: chờ 1.5s để hệ thống ổn định trước khi start queue...
[INFO] [1786694541.200620598] [cartesian_streamer]: Enable: StartPointQueueMode...
[INFO] [1786694542.675180390] [cartesian_streamer]: StartPointQueueMode response: code=1, msg=""
[INFO] [1786694542.675485794] [cartesian_streamer]: ✓ Robot ENABLED — Point Queue Mode active. Servo ON!
[INFO] [1786694542.737038996] [cartesian_streamer]: Runtime rate: state=seeding, tick_hz=0.5, queue_send_hz=0.3, ack_hz=0.3, busy_hz=0.0, retry_count=0, reject_count=0, inter_ack_ms=106.1, max_joint_delta=0.090, cumul_time=0.00s, hold_count=0, ik_mode=Local, ik_avg_ms=4.63, ik_fails=234
[WARN] [1786694542.737651928] [cartesian_streamer]: Target stream stale: không có target mới trong 44.9s
[WARN] [1786694542.737960378] [cartesian_streamer]: QueueTrajPoint đã được accept nhưng joint_states hầu như không đổi. Kiểm tra: 1) Robot ở mode AUTO? 2) Servo ON? 3) E-stop cleared?
[INFO] [1786694542.738776412] [cartesian_streamer]: Bootstrap EE pose via FK: (-0.1620, 0.2801, 0.3785)
[INFO] [1786694542.739331175] [cartesian_streamer]: Đã gửi seed point (current joints, t=0), chờ ACK...
[INFO] [1786694542.746817991] [cartesian_streamer]: Seed ACK nhận được, bắt đầu prebuffer.
[INFO] [1786694543.236226913] [cartesian_streamer]: Pre-buffer hoàn tất (3 points), bắt đầu stream ổn định. Đang chờ target...
[INFO] [1786694543.236811632] [cartesian_streamer]: QueueTrajPoint accepted #1480: t=0.264s, hold=True
[INFO] [1786694545.498283610] [cartesian_streamer]: QueueTrajPoint accepted #1500: t=2.464s, hold=True
[INFO] [1786694547.544591152] [cartesian_streamer]: IK OK → Δmax=0.0081 rad, joints: [1.572, 0.123, -1.049, 0.006, -0.393, -1.452]
[INFO] [1786694547.737185465] [cartesian_streamer]: Runtime rate: state=streaming, tick_hz=15.0, queue_send_hz=7.6, ack_hz=7.4, busy_hz=0.0, retry_count=0, reject_count=0, inter_ack_ms=1341.3, max_joint_delta=0.008, cumul_time=4.40s, hold_count=0, ik_mode=Local, ik_avg_ms=4.63, ik_fails=234
[WARN] [1786694547.804168655] [cartesian_streamer]: QueueTrajPoint đã được accept nhưng joint_states hầu như không đổi. Kiểm tra: 1) Robot ở mode AUTO? 2) Servo ON? 3) E-stop cleared?
[INFO] [1786694548.292301698] [cartesian_streamer]: QueueTrajPoint accepted #1520: t=4.998s, hold=False
[INFO] [1786694548.939363722] [cartesian_streamer]: IK delta clamped → joints: [1.590, 0.167, -0.955, -0.000, -0.451, -1.462]
[INFO] [1786694549.604905598] [cartesian_streamer]: IK OK → Δmax=0.0900 rad, joints: [1.621, 0.072, -0.835, -0.000, -0.565, -1.494]
[INFO] [1786694550.291940592] [cartesian_streamer]: QueueTrajPoint accepted #1540: t=6.865s, hold=False
[INFO] [1786694551.006259259] [cartesian_streamer]: IK delta clamped → joints: [1.502, 0.109, -0.529, 0.000, -0.677, -1.374]
[INFO] [1786694551.672361930] [cartesian_streamer]: IK OK → Δmax=0.0900 rad, joints: [1.491, 0.186, -0.386, 0.000, -0.730, -1.364]
[INFO] [1786694552.018225262] [cartesian_streamer]: QueueTrajPoint accepted #1560: t=8.597s, hold=False
[INFO] [1786694552.804515388] [cartesian_streamer]: Runtime rate: state=streaming, tick_hz=15.0, queue_send_hz=11.1, ack_hz=11.2, busy_hz=0.0, retry_count=0, reject_count=0, inter_ack_ms=90.2, max_joint_delta=0.090, cumul_time=9.33s, hold_count=0, ik_mode=Local, ik_avg_ms=4.38, ik_fails=234
[INFO] [1786694553.071955943] [cartesian_streamer]: IK delta clamped → joints: [1.359, 0.385, -0.120, 0.000, -0.837, -1.232]
[INFO] [1786694553.566100898] [cartesian_streamer]: QueueTrajPoint accepted #1580: t=10.131s, hold=False
[INFO] [1786694553.673481516] [cartesian_streamer]: IK OK → Δmax=0.0900 rad, joints: [1.362, 0.503, 0.000, 0.000, -0.885, -1.235]
[INFO] [1786694555.139027130] [cartesian_streamer]: IK delta clamped → joints: [1.300, 0.783, 0.307, 0.000, -1.007, -1.173]
[INFO] [1786694555.297690852] [cartesian_streamer]: QueueTrajPoint accepted #1600: t=11.864s, hold=False
[INFO] [1786694555.676648663] [cartesian_streamer]: IK OK → Δmax=0.0900 rad, joints: [1.295, 0.867, 0.414, 0.000, -1.050, -1.168]
[INFO] [1786694556.488637242] [cartesian_streamer]: Disable Robot: dừng stream, tắt traj mode...
[INFO] [1786694556.489369248] [cartesian_streamer]: ✗ Robot DISABLED.
