[INFO] [1786684563.494557137] [experiment_logger]: ✓ STARTED in-memory logging. Target file: /home/hungnb/cocarry_ws/cocarry_logs/experiment_GROUND_TRUTH_20260814_121603.csv
[INFO] [1786684563.505370634] [experiment_logger]: Logger ready.
[INFO] [1786684577.538298576] [experiment_logger]: Trajectory mode: prediction
[INFO] [1786684612.944689093] [experiment_logger]: Service called: /logger/toggle with data=True
[INFO] [1786684664.352415433] [experiment_logger]: Service called: /logger/toggle with data=False
[INFO] [1786684664.352781741] [experiment_logger]: Writing 1860 rows from memory to /home/hungnb/cocarry_ws/cocarry_logs/experiment_GROUND_TRUTH_20260814_121603.csv...
[INFO] [1786684664.360875182] [experiment_logger]: ✓ Successfully wrote logs to disk.
[INFO] [1786684664.365486553] [experiment_logger]: Stopped logging. Saved 1860 rows to /home/hungnb/cocarry_ws/cocarry_logs/experiment_GROUND_TRUTH_20260814_121603.csv
[INFO] [1786684664.376611037] [experiment_logger]: 
============================================================
EXPERIMENT METRICS
  File: experiment_GROUND_TRUTH_20260814_121603.csv
  Total samples: 1860
  Task completion time: 100.88 s
  --- Prediction Accuracy (over 1860 samples) ---
  Avg Inference Time (active >0ms): 22.65 ms (729/1860 active samples)
  Mean Squared Error (MSE): 0.053524 m²
  Mean Absolute Error (MAE - 3D): 0.1103 m
      MAE X: 0.0497 m
      MAE Y: 0.0690 m
      MAE Z: 0.0264 m
  --- Trajectory Smoothness (Robot EE) ---
  Mean Jerk (3D): 15.5076 m/s³
      Jerk X: 3.3665 m/s³
      Jerk Y: 12.1536 m/s³
      Jerk Z: 5.5497 m/s³
  Max Jerk (3D): 252.4534 m/s³
  RMS Jerk (3D): 30.7104 m/s³
============================================================
[INFO] [1786684674.804571487] [experiment_logger]: Service called: /logger/toggle with data=True
[INFO] [1786684674.805100941] [experiment_logger]: ✓ STARTED in-memory logging. Target file: /home/hungnb/cocarry_ws/cocarry_logs/experiment_SVGP_20260814_121754.csv
[INFO] [1786684735.990590028] [experiment_logger]: Service called: /logger/toggle with data=False
[INFO] [1786684735.990927823] [experiment_logger]: Writing 1778 rows from memory to /home/hungnb/cocarry_ws/cocarry_logs/experiment_SVGP_20260814_121754.csv...
[INFO] [1786684736.003646894] [experiment_logger]: ✓ Successfully wrote logs to disk.
[INFO] [1786684736.005923630] [experiment_logger]: Stopped logging. Saved 1778 rows to /home/hungnb/cocarry_ws/cocarry_logs/experiment_SVGP_20260814_121754.csv
[INFO] [1786684736.020871769] [experiment_logger]: 
============================================================
EXPERIMENT METRICS
  File: experiment_SVGP_20260814_121754.csv
  Total samples: 1778
  Task completion time: 61.19 s
  --- Prediction Accuracy (over 1778 samples) ---
  Avg Inference Time (active >0ms): 22.26 ms (962/1778 active samples)
  Mean Squared Error (MSE): 0.007418 m²
  Mean Absolute Error (MAE - 3D): 0.0623 m
      MAE X: 0.0372 m
      MAE Y: 0.0192 m
      MAE Z: 0.0365 m
  --- Trajectory Smoothness (Robot EE) ---
  Mean Jerk (3D): 14.1070 m/s³
      Jerk X: 4.5808 m/s³
      Jerk Y: 7.5827 m/s³
      Jerk Z: 7.4800 m/s³
  Max Jerk (3D): 133.2358 m/s³
  RMS Jerk (3D): 26.4634 m/s³
============================================================
