[INFO] [1786346114.203892209] [coord_transform]: CoordTransformNode khởi động.
  Object offset (cam frame): [0.05 0.   0.1 ]
  Translation cam→base:      [0.5 0.  1.2]
  EE orientation (xyzw):     [0.0, 1.0, 0.0, 0.0]
  Prediction step:           5
  Axis remap:                [0, 1, 2]
  Axis sign:                 [-1.0, 1.0, 1.0]
  Workspace X: (-1.0, 1.0), Y: (-0.5, 1.3), Z: (0.05, 1.5)
  Filter outlier_threshold:  0.15m
  Filter median_size_y:      3
  Filter deadband_tol:       15.0mm
  Filter stationary_thresh:  3 frames
  Filter max_rate:           5.0cm/frame
  Filter EMA moving(x,y,z):  (1.0,0.8,1.0)
  Filter EMA hold  (x,y,z):  (0.08,0.02,0.05)
[WARN] [1786346125.655977767] [coord_transform]: Outlier rejected #1 (jumped 286.3mm). Ignoring.
[WARN] [1786346127.052967325] [coord_transform]: Outlier rejected #1 (jumped 316.0mm). Ignoring.
[WARN] [1786346129.355298841] [coord_transform]: Outlier rejected #2 (jumped 349.9mm). Ignoring.
[WARN] [1786346129.527389171] [coord_transform]: Outlier rejected #3 (jumped 229.9mm). Ignoring.
[WARN] [1786346130.554120384] [coord_transform]: Outlier rejected #4 (jumped 322.7mm). Ignoring.
[WARN] [1786346131.906944691] [coord_transform]: Outlier rejected #1 (jumped 414.8mm). Ignoring.
[WARN] [1786346132.143365507] [coord_transform]: Outlier rejected #2 (jumped 372.8mm). Ignoring.
[WARN] [1786346132.919892119] [coord_transform]: Outlier rejected #3 (jumped 291.8mm). Ignoring.
[WARN] [1786346133.169993653] [coord_transform]: Outlier rejected #4 (jumped 346.3mm). Ignoring.
[WARN] [1786346134.071679664] [coord_transform]: Outlier rejected #1 (jumped 206.7mm). Ignoring.
[WARN] [1786346134.771555097] [coord_transform]: Outlier rejected #2 (jumped 227.5mm). Ignoring.
[WARN] [1786346135.295556687] [coord_transform]: Outlier rejected #3 (jumped 302.0mm). Ignoring.
[WARN] [1786346135.321997743] [coord_transform]: Outlier rejected #4 (jumped 263.8mm). Ignoring.
[INFO] [1786346135.353268095] [coord_transform]: Too many outliers (5). Resetting filter to new position.
[WARN] [1786346138.464451127] [coord_transform]: Outlier rejected #1 (jumped 159.5mm). Ignoring.
[WARN] [1786346139.056010130] [coord_transform]: Outlier rejected #1 (jumped 189.0mm). Ignoring.
[WARN] [1786346139.084501689] [coord_transform]: Outlier rejected #2 (jumped 330.0mm). Ignoring.
[WARN] [1786346139.218003314] [coord_transform]: Outlier rejected #1 (jumped 364.6mm). Ignoring.
[WARN] [1786346139.288860559] [coord_transform]: Outlier rejected #2 (jumped 273.3mm). Ignoring.
[WARN] [1786346139.320126958] [coord_transform]: Outlier rejected #3 (jumped 260.2mm). Ignoring.
[WARN] [1786346139.365715147] [coord_transform]: Outlier rejected #4 (jumped 207.2mm). Ignoring.
[INFO] [1786346139.398510019] [coord_transform]: Too many outliers (5). Resetting filter to new position.
[WARN] [1786346139.458226027] [coord_transform]: Outlier rejected #1 (jumped 195.4mm). Ignoring.
[WARN] [1786346145.558165650] [coord_transform]: Outlier rejected #1 (jumped 224.0mm). Ignoring.
[WARN] [1786346145.791971360] [coord_transform]: Outlier rejected #1 (jumped 273.3mm). Ignoring.
[WARN] [1786346145.944356924] [coord_transform]: Outlier rejected #2 (jumped 1733.6mm). Ignoring.
[WARN] [1786346145.969850702] [coord_transform]: Outlier rejected #3 (jumped 1727.4mm). Ignoring.
[WARN] [1786346145.996108576] [coord_transform]: Outlier rejected #4 (jumped 1696.6mm). Ignoring.
[INFO] [1786346146.021923955] [coord_transform]: Too many outliers (5). Resetting filter to new position.
[WARN] [1786346158.535240960] [coord_transform]: Outlier rejected #1 (jumped 635.1mm). Ignoring.
[WARN] [1786346158.564621406] [coord_transform]: Outlier rejected #2 (jumped 650.7mm). Ignoring.
[WARN] [1786346158.599501500] [coord_transform]: Outlier rejected #3 (jumped 649.9mm). Ignoring.
[WARN] [1786346158.633395545] [coord_transform]: Outlier rejected #4 (jumped 620.2mm). Ignoring.
[INFO] [1786346158.667175563] [coord_transform]: Too many outliers (5). Resetting filter to new position.
[WARN] [1786346161.171560996] [coord_transform]: Outlier rejected #1 (jumped 155.9mm). Ignoring.
[WARN] [1786346161.303088774] [coord_transform]: Outlier rejected #1 (jumped 181.7mm). Ignoring.
[WARN] [1786346161.570876226] [coord_transform]: Outlier rejected #1 (jumped 337.0mm). Ignoring.
[WARN] [1786346161.634922157] [coord_transform]: Outlier rejected #2 (jumped 559.6mm). Ignoring.
[WARN] [1786346161.801200227] [coord_transform]: Outlier rejected #3 (jumped 302.2mm). Ignoring.
[WARN] [1786346161.834297620] [coord_transform]: Outlier rejected #4 (jumped 491.2mm). Ignoring.
[INFO] [1786346161.899674386] [coord_transform]: Too many outliers (5). Resetting filter to new position.
[WARN] [1786346161.971705520] [coord_transform]: Outlier rejected #1 (jumped 552.3mm). Ignoring.
[WARN] [1786346162.008108910] [coord_transform]: Outlier rejected #2 (jumped 661.0mm). Ignoring.
[WARN] [1786346162.042469578] [coord_transform]: Outlier rejected #3 (jumped 728.2mm). Ignoring.
[WARN] [1786346162.072387031] [coord_transform]: Outlier rejected #4 (jumped 791.5mm). Ignoring.
[INFO] [1786346162.106749532] [coord_transform]: Too many outliers (5). Resetting filter to new position.
[WARN] [1786346162.313147863] [coord_transform]: Outlier rejected #1 (jumped 156.0mm). Ignoring.
[WARN] [1786346162.436541550] [coord_transform]: Outlier rejected #1 (jumped 739.7mm). Ignoring.
[WARN] [1786346162.539060670] [coord_transform]: Outlier rejected #2 (jumped 357.5mm). Ignoring.
[WARN] [1786346162.570472310] [coord_transform]: Outlier rejected #3 (jumped 283.1mm). Ignoring.
[WARN] [1786346168.840000827] [coord_transform]: Outlier rejected #1 (jumped 268.0mm). Ignoring.
[WARN] [1786346168.873846925] [coord_transform]: Outlier rejected #2 (jumped 252.7mm). Ignoring.
[WARN] [1786346168.907261230] [coord_transform]: Outlier rejected #3 (jumped 263.7mm). Ignoring.
[WARN] [1786346168.942957611] [coord_transform]: Outlier rejected #4 (jumped 298.4mm). Ignoring.
[INFO] [1786346171.239999187] [coord_transform]: Too many outliers (5). Resetting filter to new position.
[WARN] [1786346171.278202258] [coord_transform]: Outlier rejected #1 (jumped 160.3mm). Ignoring.
[WARN] [1786346172.043993735] [coord_transform]: Outlier rejected #2 (jumped 805.8mm). Ignoring.
[WARN] [1786346172.079864853] [coord_transform]: Outlier rejected #3 (jumped 847.6mm). Ignoring.
[WARN] [1786346172.112962358] [coord_transform]: Outlier rejected #4 (jumped 891.5mm). Ignoring.
[INFO] [1786346172.180128297] [coord_transform]: Too many outliers (5). Resetting filter to new position.
[WARN] [1786346172.280920018] [coord_transform]: Outlier rejected #1 (jumped 507.0mm). Ignoring.
[WARN] [1786346172.312518469] [coord_transform]: Outlier rejected #2 (jumped 517.9mm). Ignoring.
[WARN] [1786346172.346905830] [coord_transform]: Outlier rejected #3 (jumped 484.6mm). Ignoring.
[WARN] [1786346172.468049041] [coord_transform]: Outlier rejected #4 (jumped 1575.7mm). Ignoring.
[INFO] [1786346172.503418944] [coord_transform]: Too many outliers (5). Resetting filter to new position.
[WARN] [1786346176.916676263] [coord_transform]: Outlier rejected #1 (jumped 427.3mm). Ignoring.
[WARN] [1786346176.951632041] [coord_transform]: Outlier rejected #2 (jumped 383.4mm). Ignoring.
[WARN] [1786346176.981843324] [coord_transform]: Outlier rejected #3 (jumped 398.4mm). Ignoring.
[WARN] [1786346177.015714575] [coord_transform]: Outlier rejected #4 (jumped 350.3mm). Ignoring.
[INFO] [1786346177.049175014] [coord_transform]: Too many outliers (5). Resetting filter to new position.
[WARN] [1786346182.252114939] [coord_transform]: Outlier rejected #1 (jumped 2199.5mm). Ignoring.
[WARN] [1786346182.284626914] [coord_transform]: Outlier rejected #2 (jumped 2199.5mm). Ignoring.
[WARN] [1786346182.316546480] [coord_transform]: Outlier rejected #3 (jumped 2207.5mm). Ignoring.
[WARN] [1786346182.354337958] [coord_transform]: Outlier rejected #4 (jumped 2199.5mm). Ignoring.
[INFO] [1786346182.390242662] [coord_transform]: Too many outliers (5). Resetting filter to new position.
[INFO] [1786346189.905170807] [coord_transform]: Captured Init Pose! P_init=(-0.162, 0.280, 0.379), Cam_init=(0.015, -0.010, 0.004), Noise_Tol=45.8mm
Orientation=(0.998, 0.064, -0.000, 0.000)
[INFO] [1786346193.488096236] [coord_transform]: Đã chuyển mode: ground_truth -> prediction
[INFO] [1786346193.627992675] [coord_transform]: Deadband: HOLD at (0.015, -0.010, 0.004)
[INFO] [1786346193.649220854] [coord_transform]: [SNAP ON] Tay thực tế đứng yên. Ép dừng robot (GRU đang lệch 9.4cm).
[INFO] [1786346199.866756870] [coord_transform]: Trạng thái tracking: STOPPED
[INFO] [1786346205.735614090] [coord_transform]: Re-sync camera init: [ 0.019 -0.016  0.004]
[INFO] [1786346205.735909983] [coord_transform]: Trạng thái tracking: RUNNING
[INFO] [1786346205.790873028] [coord_transform]: Deadband: RELEASE — motion detected
[INFO] [1786346205.791700793] [coord_transform]: [PREDICTION] Transform: cam[ 0.019 -0.016  0.004] → base[-0.162  0.28   0.379]
[INFO] [1786346207.489287997] [coord_transform]: [SNAP OFF] Tay di chuyển lại. Trả quyền cho GRU.
[INFO] [1786346207.797773889] [coord_transform]: [PREDICTION] Transform: cam[ 0.099 -0.032  0.02 ] → base[-0.243  0.264  0.395]
[INFO] [1786346209.830080332] [coord_transform]: [PREDICTION] Transform: cam[-0.001  0.045  0.094] → base[-0.142  0.341  0.469]
[INFO] [1786346211.839851825] [coord_transform]: [PREDICTION] Transform: cam[-0.022  0.175  0.136] → base[-0.122  0.471  0.511]
[INFO] [1786346213.841109018] [coord_transform]: [PREDICTION] Transform: cam[-0.034  0.363  0.088] → base[-0.109  0.659  0.463]
[INFO] [1786346215.874267951] [coord_transform]: [PREDICTION] Transform: cam[-0.052  0.632  0.021] → base[-0.091  0.928  0.396]
[INFO] [1786346217.906729745] [coord_transform]: [PREDICTION] Transform: cam[-0.058  0.714  0.   ] → base[-0.086  1.01   0.375]
[INFO] [1786346219.795404951] [coord_transform]: Trạng thái tracking: STOPPED
[INFO] [1786346224.657572269] [coord_transform]: Trạng thái tracking: STOPPED
[WARN] [1786346230.118757187] [coord_transform]: Outlier rejected #1 (jumped 161.9mm). Ignoring.
[WARN] [1786346230.154599215] [coord_transform]: Outlier rejected #2 (jumped 161.8mm). Ignoring.
[WARN] [1786346230.186885341] [coord_transform]: Outlier rejected #3 (jumped 182.5mm). Ignoring.
[WARN] [1786346230.219395813] [coord_transform]: Outlier rejected #4 (jumped 205.8mm). Ignoring.
[INFO] [1786346231.192097975] [coord_transform]: Too many outliers (5). Resetting filter to new position.
[WARN] [1786346231.991466989] [coord_transform]: Outlier rejected #1 (jumped 162.8mm). Ignoring.
[WARN] [1786346232.055524565] [coord_transform]: Outlier rejected #1 (jumped 157.7mm). Ignoring.
[WARN] [1786346232.090831152] [coord_transform]: Outlier rejected #2 (jumped 326.8mm). Ignoring.
[WARN] [1786346232.170349222] [coord_transform]: Outlier rejected #3 (jumped 378.6mm). Ignoring.
[WARN] [1786346232.228614332] [coord_transform]: Outlier rejected #4 (jumped 242.1mm). Ignoring.
[INFO] [1786346232.262950182] [coord_transform]: Too many outliers (5). Resetting filter to new position.
[WARN] [1786346241.564045673] [coord_transform]: Outlier rejected #1 (jumped 1280.1mm). Ignoring.
[WARN] [1786346241.698777428] [coord_transform]: Outlier rejected #2 (jumped 1279.0mm). Ignoring.
[WARN] [1786346241.993916719] [coord_transform]: Outlier rejected #3 (jumped 1326.4mm). Ignoring.
[WARN] [1786346242.028267263] [coord_transform]: Outlier rejected #4 (jumped 1342.6mm). Ignoring.
[INFO] [1786346242.063112508] [coord_transform]: Too many outliers (5). Resetting filter to new position.
[WARN] [1786346257.586626257] [coord_transform]: Outlier rejected #1 (jumped 820.4mm). Ignoring.
[WARN] [1786346257.799707209] [coord_transform]: Outlier rejected #2 (jumped 818.5mm). Ignoring.
[WARN] [1786346258.266183671] [coord_transform]: Outlier rejected #3 (jumped 288.4mm). Ignoring.
[WARN] [1786346259.506643009] [coord_transform]: Outlier rejected #1 (jumped 354.9mm). Ignoring.
[WARN] [1786346259.871232566] [coord_transform]: Outlier rejected #2 (jumped 233.3mm). Ignoring.
[WARN] [1786346259.900032817] [coord_transform]: Outlier rejected #3 (jumped 269.0mm). Ignoring.
[WARN] [1786346260.290751918] [coord_transform]: Outlier rejected #1 (jumped 456.6mm). Ignoring.
[WARN] [1786346260.357968564] [coord_transform]: Outlier rejected #2 (jumped 340.5mm). Ignoring.
[WARN] [1786346260.388209532] [coord_transform]: Outlier rejected #3 (jumped 368.6mm). Ignoring.
[WARN] [1786346261.089009094] [coord_transform]: Outlier rejected #4 (jumped 935.0mm). Ignoring.
[INFO] [1786346261.117579646] [coord_transform]: Too many outliers (5). Resetting filter to new position.
[WARN] [1786346268.523039277] [coord_transform]: Outlier rejected #1 (jumped 960.2mm). Ignoring.
[WARN] [1786346268.598461926] [coord_transform]: Outlier rejected #2 (jumped 835.7mm). Ignoring.
[WARN] [1786346268.740217691] [coord_transform]: Outlier rejected #3 (jumped 866.6mm). Ignoring.
[WARN] [1786346268.809576236] [coord_transform]: Outlier rejected #4 (jumped 881.9mm). Ignoring.
[INFO] [1786346270.298097479] [coord_transform]: Too many outliers (5). Resetting filter to new position.
[WARN] [1786346270.661686726] [coord_transform]: Outlier rejected #1 (jumped 190.9mm). Ignoring.
[WARN] [1786346270.890261479] [coord_transform]: Outlier rejected #2 (jumped 200.5mm). Ignoring.
[WARN] [1786346274.877616315] [coord_transform]: Outlier rejected #3 (jumped 344.7mm). Ignoring.
[WARN] [1786346275.100328529] [coord_transform]: Outlier rejected #4 (jumped 331.0mm). Ignoring.
[INFO] [1786346275.128887703] [coord_transform]: Too many outliers (5). Resetting filter to new position.
[WARN] [1786346275.917139818] [coord_transform]: Outlier rejected #1 (jumped 394.8mm). Ignoring.
[WARN] [1786346281.571199405] [coord_transform]: Outlier rejected #1 (jumped 199.3mm). Ignoring.
[WARN] [1786346281.602835298] [coord_transform]: Outlier rejected #2 (jumped 269.1mm). Ignoring.
[WARN] [1786346282.676970725] [coord_transform]: Outlier rejected #3 (jumped 214.0mm). Ignoring.
[WARN] [1786346286.450215854] [coord_transform]: Outlier rejected #1 (jumped 164.8mm). Ignoring.
[WARN] [1786346286.865235364] [coord_transform]: Outlier rejected #2 (jumped 407.4mm). Ignoring.
[WARN] [1786346287.655389241] [coord_transform]: Outlier rejected #1 (jumped 346.2mm). Ignoring.
[WARN] [1786346288.191262844] [coord_transform]: Outlier rejected #2 (jumped 231.3mm). Ignoring.
[WARN] [1786346289.275283515] [coord_transform]: Outlier rejected #1 (jumped 210.2mm). Ignoring.
[WARN] [1786346289.870342809] [coord_transform]: Outlier rejected #2 (jumped 164.7mm). Ignoring.
[WARN] [1786346289.898908791] [coord_transform]: Outlier rejected #3 (jumped 232.5mm). Ignoring.
[WARN] [1786346290.088362411] [coord_transform]: Outlier rejected #4 (jumped 166.6mm). Ignoring.
[INFO] [1786346290.152553762] [coord_transform]: Too many outliers (5). Resetting filter to new position.
[WARN] [1786346290.874783903] [coord_transform]: Outlier rejected #1 (jumped 280.3mm). Ignoring.
[WARN] [1786346291.013828948] [coord_transform]: Outlier rejected #2 (jumped 298.9mm). Ignoring.
[WARN] [1786346293.113320773] [coord_transform]: Outlier rejected #3 (jumped 277.0mm). Ignoring.
[WARN] [1786346293.179650989] [coord_transform]: Outlier rejected #4 (jumped 364.8mm). Ignoring.
[INFO] [1786346293.208703431] [coord_transform]: Too many outliers (5). Resetting filter to new position.
[WARN] [1786346295.946228111] [coord_transform]: Outlier rejected #1 (jumped 2185.6mm). Ignoring.
[WARN] [1786346296.004353759] [coord_transform]: Outlier rejected #2 (jumped 2266.7mm). Ignoring.
[WARN] [1786346296.101191490] [coord_transform]: Outlier rejected #3 (jumped 2235.0mm). Ignoring.
[WARN] [1786346296.135848222] [coord_transform]: Outlier rejected #4 (jumped 2238.8mm). Ignoring.
[INFO] [1786346296.173305513] [coord_transform]: Too many outliers (5). Resetting filter to new position.
[WARN] [1786346298.618193604] [coord_transform]: Outlier rejected #1 (jumped 2269.2mm). Ignoring.
[WARN] [1786346298.650420039] [coord_transform]: Outlier rejected #2 (jumped 2350.8mm). Ignoring.
[WARN] [1786346298.681297050] [coord_transform]: Outlier rejected #3 (jumped 2389.3mm). Ignoring.
[WARN] [1786346298.711172068] [coord_transform]: Outlier rejected #4 (jumped 2213.4mm). Ignoring.
[INFO] [1786346298.740688937] [coord_transform]: Too many outliers (5). Resetting filter to new position.
[WARN] [1786346298.777016079] [coord_transform]: Outlier rejected #1 (jumped 362.6mm). Ignoring.
[WARN] [1786346298.840711248] [coord_transform]: Outlier rejected #2 (jumped 421.7mm). Ignoring.
[WARN] [1786346298.911180944] [coord_transform]: Outlier rejected #1 (jumped 258.2mm). Ignoring.
[WARN] [1786346298.984470455] [coord_transform]: Outlier rejected #2 (jumped 295.3mm). Ignoring.
[WARN] [1786346299.012648380] [coord_transform]: Outlier rejected #3 (jumped 283.4mm). Ignoring.
[WARN] [1786346299.039557223] [coord_transform]: Outlier rejected #4 (jumped 281.5mm). Ignoring.
[INFO] [1786346299.072401851] [coord_transform]: Too many outliers (5). Resetting filter to new position.
[WARN] [1786346299.107632479] [coord_transform]: Outlier rejected #1 (jumped 247.6mm). Ignoring.
[WARN] [1786346299.171203490] [coord_transform]: Outlier rejected #2 (jumped 385.4mm). Ignoring.
[WARN] [1786346299.206865608] [coord_transform]: Outlier rejected #3 (jumped 339.9mm). Ignoring.
[WARN] [1786346299.316554805] [coord_transform]: Outlier rejected #4 (jumped 268.9mm). Ignoring.
[INFO] [1786346299.343147138] [coord_transform]: Too many outliers (5). Resetting filter to new position.
[WARN] [1786346299.406515334] [coord_transform]: Outlier rejected #1 (jumped 252.7mm). Ignoring.
[WARN] [1786346299.439482564] [coord_transform]: Outlier rejected #2 (jumped 360.0mm). Ignoring.
[WARN] [1786346299.474591621] [coord_transform]: Outlier rejected #3 (jumped 387.8mm). Ignoring.
[WARN] [1786346299.546404655] [coord_transform]: Outlier rejected #4 (jumped 216.0mm). Ignoring.
[INFO] [1786346299.575448284] [coord_transform]: Too many outliers (5). Resetting filter to new position.
[WARN] [1786346299.607953786] [coord_transform]: Outlier rejected #1 (jumped 338.1mm). Ignoring.
[WARN] [1786346299.706026111] [coord_transform]: Outlier rejected #2 (jumped 438.1mm). Ignoring.
[WARN] [1786346299.738967943] [coord_transform]: Outlier rejected #3 (jumped 437.4mm). Ignoring.
[WARN] [1786346299.842395728] [coord_transform]: Outlier rejected #1 (jumped 260.3mm). Ignoring.
[WARN] [1786346299.909228694] [coord_transform]: Outlier rejected #2 (jumped 448.8mm). Ignoring.
[WARN] [1786346300.019737036] [coord_transform]: Outlier rejected #3 (jumped 176.3mm). Ignoring.
[WARN] [1786346300.080044056] [coord_transform]: Outlier rejected #1 (jumped 292.9mm). Ignoring.
[WARN] [1786346300.106413044] [coord_transform]: Outlier rejected #2 (jumped 287.1mm). Ignoring.
[WARN] [1786346300.138426631] [coord_transform]: Outlier rejected #3 (jumped 346.2mm). Ignoring.
[WARN] [1786346300.172643243] [coord_transform]: Outlier rejected #4 (jumped 327.4mm). Ignoring.
[INFO] [1786346300.278564179] [coord_transform]: Too many outliers (5). Resetting filter to new position.
[WARN] [1786346300.310915789] [coord_transform]: Outlier rejected #1 (jumped 206.6mm). Ignoring.
[WARN] [1786346300.341578691] [coord_transform]: Outlier rejected #2 (jumped 179.2mm). Ignoring.
[WARN] [1786346300.455589621] [coord_transform]: Outlier rejected #3 (jumped 502.5mm). Ignoring.
[WARN] [1786346300.503550254] [coord_transform]: Outlier rejected #4 (jumped 498.7mm). Ignoring.
[INFO] [1786346300.531227226] [coord_transform]: Too many outliers (5). Resetting filter to new position.
[WARN] [1786346300.613536361] [coord_transform]: Outlier rejected #1 (jumped 169.1mm). Ignoring.
[WARN] [1786346300.744018211] [coord_transform]: Outlier rejected #1 (jumped 336.5mm). Ignoring.
[WARN] [1786346300.809274540] [coord_transform]: Outlier rejected #2 (jumped 152.0mm). Ignoring.
[WARN] [1786346300.874244957] [coord_transform]: Outlier rejected #3 (jumped 347.3mm). Ignoring.
[WARN] [1786346300.913722139] [coord_transform]: Outlier rejected #4 (jumped 346.8mm). Ignoring.
[INFO] [1786346300.940000545] [coord_transform]: Too many outliers (5). Resetting filter to new position.
[WARN] [1786346300.977762729] [coord_transform]: Outlier rejected #1 (jumped 284.9mm). Ignoring.
[WARN] [1786346301.007618779] [coord_transform]: Outlier rejected #2 (jumped 184.5mm). Ignoring.
[WARN] [1786346301.046279750] [coord_transform]: Outlier rejected #3 (jumped 200.0mm). Ignoring.
[WARN] [1786346301.079521649] [coord_transform]: Outlier rejected #4 (jumped 193.9mm). Ignoring.
[INFO] [1786346301.111005288] [coord_transform]: Too many outliers (5). Resetting filter to new position.
[WARN] [1786346301.321550831] [coord_transform]: Outlier rejected #1 (jumped 330.1mm). Ignoring.
[WARN] [1786346301.349289449] [coord_transform]: Outlier rejected #2 (jumped 266.0mm). Ignoring.
[WARN] [1786346301.374505537] [coord_transform]: Outlier rejected #3 (jumped 175.7mm). Ignoring.
[WARN] [1786346301.408107980] [coord_transform]: Outlier rejected #4 (jumped 289.4mm). Ignoring.
[INFO] [1786346301.618104521] [coord_transform]: Too many outliers (5). Resetting filter to new position.
[WARN] [1786346301.673632813] [coord_transform]: Outlier rejected #1 (jumped 444.1mm). Ignoring.
[WARN] [1786346301.742323292] [coord_transform]: Outlier rejected #2 (jumped 509.0mm). Ignoring.
[WARN] [1786346301.774965232] [coord_transform]: Outlier rejected #3 (jumped 475.7mm). Ignoring.
[WARN] [1786346301.809184547] [coord_transform]: Outlier rejected #4 (jumped 395.5mm). Ignoring.
[INFO] [1786346301.845693851] [coord_transform]: Too many outliers (5). Resetting filter to new position.
[WARN] [1786346301.921247083] [coord_transform]: Outlier rejected #1 (jumped 239.3mm). Ignoring.
[WARN] [1786346301.948806350] [coord_transform]: Outlier rejected #2 (jumped 222.9mm). Ignoring.
[WARN] [1786346302.044285531] [coord_transform]: Outlier rejected #3 (jumped 166.2mm). Ignoring.
[WARN] [1786346302.076367276] [coord_transform]: Outlier rejected #4 (jumped 172.9mm). Ignoring.
[INFO] [1786346302.155109070] [coord_transform]: Too many outliers (5). Resetting filter to new position.
[WARN] [1786346302.243984609] [coord_transform]: Outlier rejected #1 (jumped 401.1mm). Ignoring.
[WARN] [1786346302.378931919] [coord_transform]: Outlier rejected #1 (jumped 450.4mm). Ignoring.
[WARN] [1786346302.440716952] [coord_transform]: Outlier rejected #2 (jumped 460.7mm). Ignoring.
[WARN] [1786346302.542844136] [coord_transform]: Outlier rejected #3 (jumped 428.9mm). Ignoring.
[WARN] [1786346302.658534266] [coord_transform]: Outlier rejected #4 (jumped 413.8mm). Ignoring.
[INFO] [1786346302.686020193] [coord_transform]: Too many outliers (5). Resetting filter to new position.
[WARN] [1786346302.713101953] [coord_transform]: Outlier rejected #1 (jumped 201.2mm). Ignoring.
[WARN] [1786346302.845563022] [coord_transform]: Outlier rejected #2 (jumped 425.4mm). Ignoring.
[WARN] [1786346302.875441222] [coord_transform]: Outlier rejected #3 (jumped 415.3mm). Ignoring.
[WARN] [1786346302.913481532] [coord_transform]: Outlier rejected #4 (jumped 400.5mm). Ignoring.
[WARN] [1786346303.151648726] [coord_transform]: Outlier rejected #1 (jumped 354.8mm). Ignoring.
[WARN] [1786346303.180318020] [coord_transform]: Outlier rejected #2 (jumped 357.8mm). Ignoring.
[WARN] [1786346303.254525560] [coord_transform]: Outlier rejected #3 (jumped 204.1mm). Ignoring.
[WARN] [1786346303.284881917] [coord_transform]: Outlier rejected #4 (jumped 170.2mm). Ignoring.
[WARN] [1786346303.421193243] [coord_transform]: Outlier rejected #1 (jumped 269.0mm). Ignoring.
[WARN] [1786346303.452256532] [coord_transform]: Outlier rejected #2 (jumped 150.6mm). Ignoring.
[WARN] [1786346303.481233760] [coord_transform]: Outlier rejected #3 (jumped 311.9mm). Ignoring.
[WARN] [1786346303.512130694] [coord_transform]: Outlier rejected #4 (jumped 242.5mm). Ignoring.
[INFO] [1786346303.676906484] [coord_transform]: Too many outliers (5). Resetting filter to new position.
[WARN] [1786346303.756311915] [coord_transform]: Outlier rejected #1 (jumped 486.7mm). Ignoring.
[WARN] [1786346303.781760833] [coord_transform]: Outlier rejected #2 (jumped 397.3mm). Ignoring.
[WARN] [1786346303.812113764] [coord_transform]: Outlier rejected #3 (jumped 384.5mm). Ignoring.
[WARN] [1786346304.090948790] [coord_transform]: Outlier rejected #1 (jumped 181.3mm). Ignoring.
[WARN] [1786346304.149084668] [coord_transform]: Outlier rejected #2 (jumped 185.8mm). Ignoring.
[WARN] [1786346304.685157323] [coord_transform]: Outlier rejected #1 (jumped 501.6mm). Ignoring.
[WARN] [1786346304.757071887] [coord_transform]: Outlier rejected #2 (jumped 494.0mm). Ignoring.
[WARN] [1786346304.821863965] [coord_transform]: Outlier rejected #3 (jumped 485.5mm). Ignoring.
[WARN] [1786346304.852217616] [coord_transform]: Outlier rejected #4 (jumped 462.4mm). Ignoring.
[INFO] [1786346304.922990130] [coord_transform]: Too many outliers (5). Resetting filter to new position.
[WARN] [1786346304.979639386] [coord_transform]: Outlier rejected #1 (jumped 380.7mm). Ignoring.
[WARN] [1786346305.044608438] [coord_transform]: Outlier rejected #2 (jumped 373.9mm). Ignoring.
[WARN] [1786346305.078748358] [coord_transform]: Outlier rejected #3 (jumped 333.9mm). Ignoring.
[WARN] [1786346305.112121341] [coord_transform]: Outlier rejected #4 (jumped 311.0mm). Ignoring.
[INFO] [1786346305.143965290] [coord_transform]: Too many outliers (5). Resetting filter to new position.
[WARN] [1786346305.389498481] [coord_transform]: Outlier rejected #1 (jumped 466.1mm). Ignoring.
[WARN] [1786346305.416844449] [coord_transform]: Outlier rejected #2 (jumped 427.6mm). Ignoring.
[WARN] [1786346305.928761226] [coord_transform]: Outlier rejected #1 (jumped 385.7mm). Ignoring.
[WARN] [1786346305.958941375] [coord_transform]: Outlier rejected #2 (jumped 376.8mm). Ignoring.
[WARN] [1786346306.022378347] [coord_transform]: Outlier rejected #3 (jumped 371.1mm). Ignoring.
[WARN] [1786346306.053325583] [coord_transform]: Outlier rejected #4 (jumped 362.3mm). Ignoring.
[INFO] [1786346306.080653566] [coord_transform]: Too many outliers (5). Resetting filter to new position.
[WARN] [1786346306.111609578] [coord_transform]: Outlier rejected #1 (jumped 229.7mm). Ignoring.
[WARN] [1786346306.847930816] [coord_transform]: Outlier rejected #1 (jumped 216.9mm). Ignoring.
[WARN] [1786346308.256838269] [coord_transform]: Outlier rejected #1 (jumped 400.3mm). Ignoring.
[WARN] [1786346308.286596414] [coord_transform]: Outlier rejected #2 (jumped 459.2mm). Ignoring.
[WARN] [1786346309.611697123] [coord_transform]: Outlier rejected #3 (jumped 444.6mm). Ignoring.
[WARN] [1786346310.107595252] [coord_transform]: Outlier rejected #4 (jumped 446.3mm). Ignoring.
[INFO] [1786346310.262124244] [coord_transform]: Too many outliers (5). Resetting filter to new position.
[WARN] [1786346310.337772020] [coord_transform]: Outlier rejected #1 (jumped 261.7mm). Ignoring.
[WARN] [1786346310.435216964] [coord_transform]: Outlier rejected #2 (jumped 214.8mm). Ignoring.
[WARN] [1786346310.593350490] [coord_transform]: Outlier rejected #3 (jumped 426.0mm). Ignoring.
[WARN] [1786346310.871166172] [coord_transform]: Outlier rejected #4 (jumped 394.2mm). Ignoring.
[INFO] [1786346312.951296782] [coord_transform]: Too many outliers (5). Resetting filter to new position.
[WARN] [1786346315.187369712] [coord_transform]: Outlier rejected #1 (jumped 461.2mm). Ignoring.
[WARN] [1786346316.609109328] [coord_transform]: Outlier rejected #1 (jumped 499.1mm). Ignoring.
[WARN] [1786346316.708674526] [coord_transform]: Outlier rejected #2 (jumped 495.1mm). Ignoring.
[WARN] [1786346316.738919847] [coord_transform]: Outlier rejected #3 (jumped 511.7mm). Ignoring.
[WARN] [1786346316.886600604] [coord_transform]: Outlier rejected #4 (jumped 434.1mm). Ignoring.
[INFO] [1786346316.989278481] [coord_transform]: Too many outliers (5). Resetting filter to new position.
[WARN] [1786346317.051054673] [coord_transform]: Outlier rejected #1 (jumped 150.2mm). Ignoring.
[WARN] [1786346317.488302045] [coord_transform]: Outlier rejected #2 (jumped 438.8mm). Ignoring.
[WARN] [1786346317.630142569] [coord_transform]: Outlier rejected #3 (jumped 538.2mm). Ignoring.
[WARN] [1786346317.731650071] [coord_transform]: Outlier rejected #4 (jumped 456.2mm). Ignoring.
[WARN] [1786346317.944477672] [coord_transform]: Outlier rejected #1 (jumped 477.7mm). Ignoring.
[WARN] [1786346318.488066726] [coord_transform]: Outlier rejected #2 (jumped 254.2mm). Ignoring.
[WARN] [1786346318.629062621] [coord_transform]: Outlier rejected #3 (jumped 172.6mm). Ignoring.
[WARN] [1786346318.914686818] [coord_transform]: Outlier rejected #1 (jumped 152.6mm). Ignoring.
[WARN] [1786346318.940324339] [coord_transform]: Outlier rejected #2 (jumped 434.7mm). Ignoring.
[WARN] [1786346318.969752367] [coord_transform]: Outlier rejected #3 (jumped 455.1mm). Ignoring.
[WARN] [1786346319.248036309] [coord_transform]: Outlier rejected #1 (jumped 251.4mm). Ignoring.
[WARN] [1786346319.461815422] [coord_transform]: Outlier rejected #2 (jumped 327.5mm). Ignoring.
[WARN] [1786346319.532871807] [coord_transform]: Outlier rejected #3 (jumped 485.0mm). Ignoring.
[WARN] [1786346320.101288019] [coord_transform]: Outlier rejected #4 (jumped 297.4mm). Ignoring.
[INFO] [1786346320.165799476] [coord_transform]: Too many outliers (5). Resetting filter to new position.
[WARN] [1786346320.758914919] [coord_transform]: Outlier rejected #1 (jumped 325.8mm). Ignoring.
[WARN] [1786346321.811172323] [coord_transform]: Outlier rejected #2 (jumped 413.7mm). Ignoring.
[WARN] [1786346322.215432222] [coord_transform]: Outlier rejected #3 (jumped 418.8mm). Ignoring.
[WARN] [1786346323.199381151] [coord_transform]: Outlier rejected #4 (jumped 415.0mm). Ignoring.
[INFO] [1786346323.526226125] [coord_transform]: Too many outliers (5). Resetting filter to new position.
[WARN] [1786346323.957402238] [coord_transform]: Outlier rejected #1 (jumped 305.4mm). Ignoring.
[WARN] [1786346324.459139119] [coord_transform]: Outlier rejected #1 (jumped 504.7mm). Ignoring.
[WARN] [1786346324.490353632] [coord_transform]: Outlier rejected #2 (jumped 422.4mm). Ignoring.
[WARN] [1786346329.341863722] [coord_transform]: Outlier rejected #3 (jumped 324.6mm). Ignoring.
[WARN] [1786346329.669609837] [coord_transform]: Outlier rejected #4 (jumped 402.3mm). Ignoring.
[INFO] [1786346330.344694051] [coord_transform]: Too many outliers (5). Resetting filter to new position.
[WARN] [1786346331.029813098] [coord_transform]: Outlier rejected #1 (jumped 246.5mm). Ignoring.
[WARN] [1786346331.054847554] [coord_transform]: Outlier rejected #2 (jumped 435.3mm). Ignoring.
[WARN] [1786346331.140438575] [coord_transform]: Outlier rejected #1 (jumped 207.4mm). Ignoring.
[WARN] [1786346331.170607636] [coord_transform]: Outlier rejected #2 (jumped 300.6mm). Ignoring.
[WARN] [1786346331.195889211] [coord_transform]: Outlier rejected #3 (jumped 452.0mm). Ignoring.
[WARN] [1786346331.342083116] [coord_transform]: Outlier rejected #4 (jumped 451.6mm). Ignoring.
[WARN] [1786346331.475066088] [coord_transform]: Outlier rejected #1 (jumped 299.9mm). Ignoring.
[WARN] [1786346331.608894614] [coord_transform]: Outlier rejected #2 (jumped 350.2mm). Ignoring.
[WARN] [1786346331.841728773] [coord_transform]: Outlier rejected #1 (jumped 262.1mm). Ignoring.
[WARN] [1786346331.964016034] [coord_transform]: Outlier rejected #2 (jumped 395.6mm). Ignoring.
[WARN] [1786346331.996040797] [coord_transform]: Outlier rejected #3 (jumped 354.7mm). Ignoring.
[WARN] [1786346332.034014810] [coord_transform]: Outlier rejected #4 (jumped 337.1mm). Ignoring.
[WARN] [1786346332.240183741] [coord_transform]: Outlier rejected #1 (jumped 248.6mm). Ignoring.
[WARN] [1786346332.378205011] [coord_transform]: Outlier rejected #1 (jumped 308.1mm). Ignoring.
[WARN] [1786346332.500375987] [coord_transform]: Outlier rejected #2 (jumped 383.9mm). Ignoring.
[WARN] [1786346332.533027668] [coord_transform]: Outlier rejected #3 (jumped 374.3mm). Ignoring.
[WARN] [1786346332.564938363] [coord_transform]: Outlier rejected #4 (jumped 305.0mm). Ignoring.
[INFO] [1786346332.599375905] [coord_transform]: Too many outliers (5). Resetting filter to new position.
[WARN] [1786346332.634080383] [coord_transform]: Outlier rejected #1 (jumped 239.9mm). Ignoring.
[WARN] [1786346332.663714517] [coord_transform]: Outlier rejected #2 (jumped 187.3mm). Ignoring.
[WARN] [1786346332.697224147] [coord_transform]: Outlier rejected #3 (jumped 249.5mm). Ignoring.
[WARN] [1786346332.730198060] [coord_transform]: Outlier rejected #4 (jumped 213.3mm). Ignoring.
[INFO] [1786346332.764373194] [coord_transform]: Too many outliers (5). Resetting filter to new position.
[WARN] [1786346332.841067096] [coord_transform]: Outlier rejected #1 (jumped 290.4mm). Ignoring.
[WARN] [1786346332.907451802] [coord_transform]: Outlier rejected #2 (jumped 230.0mm). Ignoring.
[WARN] [1786346333.140716324] [coord_transform]: Outlier rejected #3 (jumped 222.9mm). Ignoring.
[WARN] [1786346333.196457116] [coord_transform]: Outlier rejected #4 (jumped 182.9mm). Ignoring.
[WARN] [1786346333.313282893] [coord_transform]: Outlier rejected #1 (jumped 421.3mm). Ignoring.
[WARN] [1786346333.383274412] [coord_transform]: Outlier rejected #2 (jumped 332.5mm). Ignoring.
[WARN] [1786346333.450625289] [coord_transform]: Outlier rejected #3 (jumped 163.1mm). Ignoring.
[WARN] [1786346333.478247254] [coord_transform]: Outlier rejected #4 (jumped 176.1mm). Ignoring.
[INFO] [1786346333.507445710] [coord_transform]: Too many outliers (5). Resetting filter to new position.
[WARN] [1786346333.566039016] [coord_transform]: Outlier rejected #1 (jumped 225.8mm). Ignoring.
[WARN] [1786346333.641657264] [coord_transform]: Outlier rejected #2 (jumped 374.0mm). Ignoring.
[WARN] [1786346333.875608717] [coord_transform]: Outlier rejected #3 (jumped 434.2mm). Ignoring.
[WARN] [1786346334.010806793] [coord_transform]: Outlier rejected #1 (jumped 266.4mm). Ignoring.
[WARN] [1786346334.337863622] [coord_transform]: Outlier rejected #2 (jumped 395.9mm). Ignoring.
[WARN] [1786346334.417288883] [coord_transform]: Outlier rejected #3 (jumped 342.2mm). Ignoring.
[WARN] [1786346334.584771577] [coord_transform]: Outlier rejected #1 (jumped 389.1mm). Ignoring.
[WARN] [1786346334.820448567] [coord_transform]: Outlier rejected #1 (jumped 379.3mm). Ignoring.
[WARN] [1786346334.885931797] [coord_transform]: Outlier rejected #2 (jumped 510.9mm). Ignoring.
[WARN] [1786346334.955575313] [coord_transform]: Outlier rejected #3 (jumped 434.3mm). Ignoring.
[WARN] [1786346335.024486007] [coord_transform]: Outlier rejected #4 (jumped 469.9mm). Ignoring.
[INFO] [1786346335.097376913] [coord_transform]: Too many outliers (5). Resetting filter to new position.
[WARN] [1786346335.241171104] [coord_transform]: Outlier rejected #1 (jumped 185.8mm). Ignoring.
[WARN] [1786346335.271647073] [coord_transform]: Outlier rejected #2 (jumped 297.6mm). Ignoring.
[WARN] [1786346335.551328299] [coord_transform]: Outlier rejected #3 (jumped 337.7mm). Ignoring.
[WARN] [1786346335.578431387] [coord_transform]: Outlier rejected #4 (jumped 370.8mm). Ignoring.
[INFO] [1786346335.680621870] [coord_transform]: Too many outliers (5). Resetting filter to new position.
[WARN] [1786346336.049367766] [coord_transform]: Outlier rejected #1 (jumped 246.2mm). Ignoring.
[WARN] [1786346336.126545335] [coord_transform]: Outlier rejected #2 (jumped 293.7mm). Ignoring.
[WARN] [1786346336.286539997] [coord_transform]: Outlier rejected #3 (jumped 198.9mm). Ignoring.
[WARN] [1786346336.353216978] [coord_transform]: Outlier rejected #4 (jumped 168.7mm). Ignoring.
[INFO] [1786346336.641994778] [coord_transform]: Too many outliers (5). Resetting filter to new position.
[WARN] [1786346336.752854299] [coord_transform]: Outlier rejected #1 (jumped 408.5mm). Ignoring.
[WARN] [1786346336.910548014] [coord_transform]: Outlier rejected #2 (jumped 359.5mm). Ignoring.
[WARN] [1786346337.178237325] [coord_transform]: Outlier rejected #1 (jumped 152.0mm). Ignoring.
[WARN] [1786346337.255179034] [coord_transform]: Outlier rejected #2 (jumped 388.9mm). Ignoring.
[WARN] [1786346337.321047148] [coord_transform]: Outlier rejected #3 (jumped 285.0mm). Ignoring.
[WARN] [1786346337.347714777] [coord_transform]: Outlier rejected #4 (jumped 446.9mm). Ignoring.
[INFO] [1786346337.476018120] [coord_transform]: Too many outliers (5). Resetting filter to new position.
[WARN] [1786346337.954623092] [coord_transform]: Outlier rejected #1 (jumped 289.2mm). Ignoring.
[WARN] [1786346338.508950491] [coord_transform]: Outlier rejected #2 (jumped 306.0mm). Ignoring.
[WARN] [1786346338.587041508] [coord_transform]: Outlier rejected #3 (jumped 305.7mm). Ignoring.
[WARN] [1786346338.915702005] [coord_transform]: Outlier rejected #4 (jumped 287.0mm). Ignoring.
[WARN] [1786346339.434344336] [coord_transform]: Outlier rejected #1 (jumped 281.2mm). Ignoring.
[WARN] [1786346339.849607009] [coord_transform]: Outlier rejected #1 (jumped 455.1mm). Ignoring.
[WARN] [1786346339.973506726] [coord_transform]: Outlier rejected #1 (jumped 508.5mm). Ignoring.
[WARN] [1786346340.118237831] [coord_transform]: Outlier rejected #2 (jumped 292.6mm). Ignoring.
[WARN] [1786346340.142437083] [coord_transform]: Outlier rejected #3 (jumped 214.8mm). Ignoring.
[WARN] [1786346340.168693891] [coord_transform]: Outlier rejected #4 (jumped 513.8mm). Ignoring.
[INFO] [1786346340.886777868] [coord_transform]: Too many outliers (5). Resetting filter to new position.
[WARN] [1786346341.306887444] [coord_transform]: Outlier rejected #1 (jumped 201.8mm). Ignoring.
[WARN] [1786346341.422633930] [coord_transform]: Outlier rejected #2 (jumped 216.1mm). Ignoring.
[WARN] [1786346341.526331211] [coord_transform]: Outlier rejected #3 (jumped 342.2mm). Ignoring.
[WARN] [1786346341.599832691] [coord_transform]: Outlier rejected #4 (jumped 233.2mm). Ignoring.
[INFO] [1786346341.629992985] [coord_transform]: Too many outliers (5). Resetting filter to new position.
[WARN] [1786346341.878673384] [coord_transform]: Outlier rejected #1 (jumped 260.9mm). Ignoring.
[WARN] [1786346341.980674617] [coord_transform]: Outlier rejected #2 (jumped 204.2mm). Ignoring.
[WARN] [1786346342.089989084] [coord_transform]: Outlier rejected #3 (jumped 224.4mm). Ignoring.
[WARN] [1786346342.662875704] [coord_transform]: Outlier rejected #1 (jumped 233.4mm). Ignoring.
[WARN] [1786346342.758909509] [coord_transform]: Outlier rejected #2 (jumped 244.8mm). Ignoring.
[WARN] [1786346342.895831244] [coord_transform]: Outlier rejected #3 (jumped 211.9mm). Ignoring.
[WARN] [1786346343.065435847] [coord_transform]: Outlier rejected #4 (jumped 193.2mm). Ignoring.
[INFO] [1786346343.358177969] [coord_transform]: Too many outliers (5). Resetting filter to new position.
[WARN] [1786346343.691406939] [coord_transform]: Outlier rejected #1 (jumped 197.2mm). Ignoring.
[WARN] [1786346345.778918888] [coord_transform]: Outlier rejected #1 (jumped 207.7mm). Ignoring.
[WARN] [1786346346.028606052] [coord_transform]: Outlier rejected #2 (jumped 336.6mm). Ignoring.
[WARN] [1786346346.131517955] [coord_transform]: Outlier rejected #3 (jumped 232.8mm). Ignoring.
[WARN] [1786346346.157527918] [coord_transform]: Outlier rejected #4 (jumped 418.7mm). Ignoring.
[WARN] [1786346346.376220223] [coord_transform]: Outlier rejected #1 (jumped 367.3mm). Ignoring.
[WARN] [1786346346.542884956] [coord_transform]: Outlier rejected #1 (jumped 266.9mm). Ignoring.
[WARN] [1786346346.579531322] [coord_transform]: Outlier rejected #2 (jumped 276.1mm). Ignoring.
[WARN] [1786346346.609615626] [coord_transform]: Outlier rejected #3 (jumped 513.5mm). Ignoring.
[WARN] [1786346346.646041904] [coord_transform]: Outlier rejected #4 (jumped 516.3mm). Ignoring.
[INFO] [1786346346.678572400] [coord_transform]: Too many outliers (5). Resetting filter to new position.
[WARN] [1786346346.927678163] [coord_transform]: Outlier rejected #1 (jumped 335.2mm). Ignoring.
[WARN] [1786346347.009653740] [coord_transform]: Outlier rejected #2 (jumped 395.4mm). Ignoring.
[WARN] [1786346347.101785786] [coord_transform]: Outlier rejected #3 (jumped 431.6mm). Ignoring.
[WARN] [1786346347.784926379] [coord_transform]: Outlier rejected #4 (jumped 379.8mm). Ignoring.
[INFO] [1786346349.023234306] [coord_transform]: Too many outliers (5). Resetting filter to new position.
[WARN] [1786346349.262723537] [coord_transform]: Outlier rejected #1 (jumped 506.5mm). Ignoring.
[WARN] [1786346350.551950320] [coord_transform]: Outlier rejected #1 (jumped 158.4mm). Ignoring.
[WARN] [1786346355.902340867] [coord_transform]: Outlier rejected #1 (jumped 499.3mm). Ignoring.
[WARN] [1786346357.204638940] [coord_transform]: Outlier rejected #2 (jumped 329.8mm). Ignoring.
[WARN] [1786346357.419606417] [coord_transform]: Outlier rejected #3 (jumped 445.9mm). Ignoring.
[WARN] [1786346357.446498615] [coord_transform]: Outlier rejected #4 (jumped 335.7mm). Ignoring.
[WARN] [1786346359.836749105] [coord_transform]: Outlier rejected #1 (jumped 166.5mm). Ignoring.
[WARN] [1786346360.975155760] [coord_transform]: Outlier rejected #1 (jumped 164.8mm). Ignoring.
[WARN] [1786346361.857546086] [coord_transform]: Outlier rejected #2 (jumped 402.4mm). Ignoring.
[WARN] [1786346362.255897500] [coord_transform]: Outlier rejected #1 (jumped 204.2mm). Ignoring.
[WARN] [1786346362.636401556] [coord_transform]: Outlier rejected #2 (jumped 381.9mm). Ignoring.
[WARN] [1786346363.851365467] [coord_transform]: Outlier rejected #1 (jumped 397.6mm). Ignoring.
[WARN] [1786346363.888010108] [coord_transform]: Outlier rejected #2 (jumped 458.8mm). Ignoring.
[WARN] [1786346366.119021850] [coord_transform]: Outlier rejected #3 (jumped 417.6mm). Ignoring.
[WARN] [1786346366.153483428] [coord_transform]: Outlier rejected #4 (jumped 415.8mm). Ignoring.
[INFO] [1786346366.186299494] [coord_transform]: Too many outliers (5). Resetting filter to new position.
[WARN] [1786346366.219083759] [coord_transform]: Outlier rejected #1 (jumped 203.5mm). Ignoring.
[WARN] [1786346366.755440698] [coord_transform]: Outlier rejected #2 (jumped 792.7mm). Ignoring.
[WARN] [1786346366.787706671] [coord_transform]: Outlier rejected #3 (jumped 796.7mm). Ignoring.
[WARN] [1786346366.820758845] [coord_transform]: Outlier rejected #4 (jumped 816.2mm). Ignoring.
[INFO] [1786346366.854283475] [coord_transform]: Too many outliers (5). Resetting filter to new position.
[INFO] [1786346369.299277394] [coord_transform]: Deadband: HOLD at (0.019, -0.016, 0.004)
[INFO] [1786346369.728921457] [coord_transform]: Deadband: RELEASE — motion detected
[INFO] [1786346373.958609533] [coord_transform]: Deadband: HOLD at (0.019, -0.016, 0.004)
[INFO] [1786346378.958558630] [coord_transform]: Captured Init Pose! P_init=(-0.162, 0.280, 0.379), Cam_init=(0.002, -0.006, -0.006), Noise_Tol=45.8mm
Orientation=(0.998, 0.064, -0.000, 0.000)
[INFO] [1786346383.792636213] [coord_transform]: Re-sync camera init: [ 0.004 -0.008 -0.004]
[INFO] [1786346383.792892028] [coord_transform]: Trạng thái tracking: RUNNING
[INFO] [1786346383.824104625] [coord_transform]: Deadband: RELEASE — motion detected
[INFO] [1786346383.824401608] [coord_transform]: [SNAP ON] Tay thực tế đứng yên. Ép dừng robot (GRU đang lệch 8.9cm).
[INFO] [1786346383.825176658] [coord_transform]: [PREDICTION] Transform: cam[ 0.004 -0.008 -0.004] → base[-0.162  0.28   0.379]
[INFO] [1786346385.625822501] [coord_transform]: [SNAP OFF] Tay di chuyển lại. Trả quyền cho GRU.
[INFO] [1786346385.834117220] [coord_transform]: [PREDICTION] Transform: cam[ 0.077 -0.047  0.001] → base[-0.236  0.241  0.383]
[INFO] [1786346387.838933986] [coord_transform]: [PREDICTION] Transform: cam[-0.025  0.104  0.086] → base[-0.133  0.392  0.468]
[INFO] [1786346389.842066171] [coord_transform]: [PREDICTION] Transform: cam[-0.069  0.251  0.12 ] → base[-0.089  0.539  0.502]
[INFO] [1786346391.874887041] [coord_transform]: [PREDICTION] Transform: cam[-0.065  0.429  0.074] → base[-0.094  0.717  0.456]
[INFO] [1786346393.906934647] [coord_transform]: [PREDICTION] Transform: cam[-0.059  0.661  0.014] → base[-0.099  0.949  0.396]
[INFO] [1786346395.940229690] [coord_transform]: [PREDICTION] Transform: cam[-0.058  0.714  0.   ] → base[-0.101  1.002  0.382]
[INFO] [1786346397.973198466] [coord_transform]: [PREDICTION] Transform: cam[-0.058  0.714  0.   ] → base[-0.101  1.002  0.382]
[INFO] [1786346399.973539852] [coord_transform]: [PREDICTION] Transform: cam[-0.058  0.714  0.   ] → base[-0.101  1.002  0.382]
[INFO] [1786346402.006610429] [coord_transform]: [PREDICTION] Transform: cam[-0.058  0.714  0.   ] → base[-0.101  1.002  0.382]
[INFO] [1786346404.006825308] [coord_transform]: [PREDICTION] Transform: cam[-0.058  0.714  0.   ] → base[-0.101  1.002  0.382]
[INFO] [1786346404.784429126] [coord_transform]: Trạng thái tracking: STOPPED
[INFO] [1786346405.811486166] [coord_transform]: Trạng thái tracking: STOPPED
[INFO] [1786346415.557035211] [coord_transform]: Deadband: HOLD at (0.004, -0.008, -0.004)
[INFO] [1786346419.806935730] [coord_transform]: Captured Init Pose! P_init=(-0.162, 0.280, 0.379), Cam_init=(0.003, -0.019, -0.000), Noise_Tol=55.7mm
Orientation=(0.998, 0.064, -0.000, 0.000)
[INFO] [1786346423.373227928] [coord_transform]: Re-sync camera init: [ 0.    -0.025 -0.004]
[INFO] [1786346423.373665327] [coord_transform]: Trạng thái tracking: RUNNING
[INFO] [1786346423.420172019] [coord_transform]: Deadband: RELEASE — motion detected
[INFO] [1786346423.420484080] [coord_transform]: [SNAP ON] Tay thực tế đứng yên. Ép dừng robot (GRU đang lệch 9.1cm).
[INFO] [1786346423.421199827] [coord_transform]: [PREDICTION] Transform: cam[ 0.    -0.025 -0.004] → base[-0.162  0.28   0.379]
[INFO] [1786346424.825667988] [coord_transform]: [SNAP OFF] Tay di chuyển lại. Trả quyền cho GRU.
[INFO] [1786346425.264461694] [coord_transform]: Deadband: HOLD at (0.000, -0.025, -0.004)
[INFO] [1786346425.428704392] [coord_transform]: [PREDICTION] Transform: cam[ 0.    -0.025 -0.004] → base[-0.162  0.28   0.379]
[INFO] [1786346425.862170416] [coord_transform]: Deadband: RELEASE — motion detected
[INFO] [1786346427.458212645] [coord_transform]: [PREDICTION] Transform: cam[0.001 0.138 0.138] → base[-0.163  0.443  0.521]
[INFO] [1786346429.472215037] [coord_transform]: [PREDICTION] Transform: cam[-0.055  0.244  0.153] → base[-0.107  0.549  0.536]
[INFO] [1786346431.473705604] [coord_transform]: [PREDICTION] Transform: cam[-0.056  0.42   0.096] → base[-0.106  0.725  0.478]
[INFO] [1786346433.506223576] [coord_transform]: [PREDICTION] Transform: cam[-0.057  0.656  0.019] → base[-0.104  0.961  0.401]
[INFO] [1786346435.506847368] [coord_transform]: [PREDICTION] Transform: cam[-0.058  0.714  0.   ] → base[-0.104  1.019  0.383]
[INFO] [1786346437.539890710] [coord_transform]: [PREDICTION] Transform: cam[-0.058  0.714  0.   ] → base[-0.104  1.019  0.383]
[INFO] [1786346439.575276282] [coord_transform]: [PREDICTION] Transform: cam[-0.058  0.714  0.   ] → base[-0.104  1.019  0.383]
[INFO] [1786346441.055339741] [coord_transform]: Trạng thái tracking: STOPPED
[INFO] [1786346442.088133739] [coord_transform]: Trạng thái tracking: STOPPED
[INFO] [1786346451.683239597] [coord_transform]: Deadband: HOLD at (0.000, -0.025, -0.004)
[WARN] [1786346451.916587868] [coord_transform]: Outlier rejected #1 (jumped 167.6mm). Ignoring.
[INFO] [1786346451.951680762] [coord_transform]: Deadband: RELEASE — motion detected
[WARN] [1786346452.154109640] [coord_transform]: Outlier rejected #1 (jumped 228.8mm). Ignoring.
[WARN] [1786346452.218056910] [coord_transform]: Outlier rejected #1 (jumped 156.4mm). Ignoring.
[WARN] [1786346452.253446626] [coord_transform]: Outlier rejected #2 (jumped 187.2mm). Ignoring.
[WARN] [1786346452.287553733] [coord_transform]: Outlier rejected #3 (jumped 211.2mm). Ignoring.
[WARN] [1786346452.319398333] [coord_transform]: Outlier rejected #4 (jumped 220.5mm). Ignoring.
[INFO] [1786346459.858385150] [coord_transform]: Too many outliers (5). Resetting filter to new position.
[WARN] [1786346463.679359651] [coord_transform]: Outlier rejected #1 (jumped 193.8mm). Ignoring.
[WARN] [1786346463.747962690] [coord_transform]: Outlier rejected #2 (jumped 221.0mm). Ignoring.
[WARN] [1786346463.859530551] [coord_transform]: Outlier rejected #3 (jumped 169.7mm). Ignoring.
[WARN] [1786346463.959643867] [coord_transform]: Outlier rejected #4 (jumped 267.9mm). Ignoring.
[INFO] [1786346463.989341242] [coord_transform]: Too many outliers (5). Resetting filter to new position.
[WARN] [1786346464.746232806] [coord_transform]: Outlier rejected #1 (jumped 220.9mm). Ignoring.
[WARN] [1786346465.576865253] [coord_transform]: Outlier rejected #1 (jumped 194.4mm). Ignoring.
[WARN] [1786346465.672265959] [coord_transform]: Outlier rejected #1 (jumped 389.2mm). Ignoring.
