[INFO] [1781597338.470282984] [go_home_node]: Đang chờ /joint_states...
[INFO] [1781597338.517283265] [go_home_node]: Joints hiện tại: ['1.4101', '1.1111', '1.0298', '0.0001', '-1.4902', '-1.2829']
[INFO] [1781597338.517739323] [go_home_node]: Gọi stop_traj_mode...
[INFO] [1781597339.053071416] [go_home_node]: Gọi reset_error...
[INFO] [1781597339.694580867] [go_home_node]: Gọi start_point_queue_mode...
[INFO] [1781597339.824013811] [go_home_node]: ✓ Point Queue Mode ACTIVE — Servo ON!
[INFO] [1781597341.325964673] [go_home_node]: Gửi seed point...
[INFO] [1781597341.468386844] [go_home_node]: ✓ Seed point accepted.
[INFO] [1781597341.769226769] [go_home_node]: Di chuyển về Home trong 2.5s (50 points @ 20Hz)...
[WARN] [1781597349.716625144] [go_home_node]: Point 23 rejected: code=2
[WARN] [1781597349.760663880] [go_home_node]: Point 24 rejected: code=2
[WARN] [1781597349.796710293] [go_home_node]: Point 25 rejected: code=2
[WARN] [1781597349.849391844] [go_home_node]: Point 26 rejected: code=2
[WARN] [1781597349.903259538] [go_home_node]: Point 27 rejected: code=2
[WARN] [1781597349.942545068] [go_home_node]: Point 28 rejected: code=2
[WARN] [1781597349.982141051] [go_home_node]: Point 29 rejected: code=2
[WARN] [1781597350.034677636] [go_home_node]: Point 30 rejected: code=2
[WARN] [1781597350.074483844] [go_home_node]: Point 31 rejected: code=2
[WARN] [1781597350.110624141] [go_home_node]: Point 32 rejected: code=2
[WARN] [1781597350.146501961] [go_home_node]: Point 33 rejected: code=2
[WARN] [1781597350.186799661] [go_home_node]: Point 34 rejected: code=2
[WARN] [1781597350.235356944] [go_home_node]: Point 35 rejected: code=2
[WARN] [1781597350.272405800] [go_home_node]: Point 36 rejected: code=2
[WARN] [1781597350.318511564] [go_home_node]: Point 37 rejected: code=2
[WARN] [1781597350.375627189] [go_home_node]: Point 38 rejected: code=2
[WARN] [1781597350.414384793] [go_home_node]: Point 39 rejected: code=2
[WARN] [1781597350.462526339] [go_home_node]: Point 40 rejected: code=2
[WARN] [1781597350.511615222] [go_home_node]: Point 41 rejected: code=2
[WARN] [1781597350.546193117] [go_home_node]: Point 42 rejected: code=2
[WARN] [1781597350.591171115] [go_home_node]: Point 43 rejected: code=2
[WARN] [1781597350.635987032] [go_home_node]: Point 44 rejected: code=2
[WARN] [1781597350.679109255] [go_home_node]: Point 45 rejected: code=2
[WARN] [1781597350.719353004] [go_home_node]: Point 46 rejected: code=2
[WARN] [1781597350.780055465] [go_home_node]: Point 47 rejected: code=2
[WARN] [1781597350.823520721] [go_home_node]: Point 48 rejected: code=2
[WARN] [1781597350.867373533] [go_home_node]: Point 49 rejected: code=2
[WARN] [1781597350.903334458] [go_home_node]: Point 50 rejected: code=2
[INFO] [1781597350.940774717] [go_home_node]: ✓ Đã gửi 0/50 points. Robot đang di chuyển về Home...
[INFO] [1781597354.445036424] [go_home_node]: Thoát Point Queue Mode (stop_traj_mode)...
[INFO] [1781597355.214692216] [go_home_node]: ✓ stop_traj_mode thành công. Tủ điện sạch sẽ.
[INFO] [1781597355.214976107] [go_home_node]: ✓ Đã về Home an toàn! Controller đã thoát queue mode.
