[INFO] [1786688142.906193493] [experiment_logger]: ✓ STARTED in-memory logging. Target file: /home/hungnb/cocarry_ws/cocarry_logs/experiment_GROUND_TRUTH_20260814_131542.csv
[INFO] [1786688142.924468590] [experiment_logger]: Logger ready.
[INFO] [1786688205.472211363] [experiment_logger]: Trajectory mode: prediction
[INFO] [1786688218.771560688] [experiment_logger]: Trajectory mode: ground_truth
[INFO] [1786688232.064409766] [experiment_logger]: Service called: /logger/toggle with data=True
[INFO] [1786688262.520420955] [experiment_logger]: Service called: /logger/toggle with data=False
[INFO] [1786688262.520707928] [experiment_logger]: Writing 2073 rows from memory to /home/hungnb/cocarry_ws/cocarry_logs/experiment_GROUND_TRUTH_20260814_131542.csv...
[INFO] [1786688262.528978227] [experiment_logger]: ✓ Successfully wrote logs to disk.
[INFO] [1786688262.530574562] [experiment_logger]: Stopped logging. Saved 2073 rows to /home/hungnb/cocarry_ws/cocarry_logs/experiment_GROUND_TRUTH_20260814_131542.csv
[INFO] [1786688262.541576795] [experiment_logger]: 
============================================================
EXPERIMENT METRICS
  File: experiment_GROUND_TRUTH_20260814_131542.csv
  Total samples: 2073
  Task completion time: 119.63 s
  --- Prediction Accuracy (over 296 samples) ---
  Avg Inference Time (active >0ms): 19.48 ms (178/296 active samples)
  Mean Squared Error (MSE): 1.829821 m²
  Mean Absolute Error (MAE - 3D): 0.8825 m
      MAE X: 0.1500 m
      MAE Y: 0.8232 m
      MAE Z: 0.1765 m
  --- Trajectory Smoothness (Robot EE) ---
  Mean Jerk (3D): 7.3149 m/s³
      Jerk X: 1.6408 m/s³
      Jerk Y: 2.3611 m/s³
      Jerk Z: 5.6602 m/s³
  Max Jerk (3D): 111.9714 m/s³
  RMS Jerk (3D): 14.4831 m/s³
============================================================
[INFO] [1786688270.421727079] [experiment_logger]: Trajectory mode: prediction
[INFO] [1786688280.385173253] [experiment_logger]: Service called: /logger/toggle with data=True
[INFO] [1786688280.385601572] [experiment_logger]: ✓ STARTED in-memory logging. Target file: /home/hungnb/cocarry_ws/cocarry_logs/experiment_SVGP_20260814_131800.csv
[INFO] [1786688303.171661000] [experiment_logger]: Service called: /logger/toggle with data=False
[INFO] [1786688303.172081217] [experiment_logger]: Writing 679 rows from memory to /home/hungnb/cocarry_ws/cocarry_logs/experiment_SVGP_20260814_131800.csv...
[INFO] [1786688303.177582708] [experiment_logger]: ✓ Successfully wrote logs to disk.
[INFO] [1786688303.178967981] [experiment_logger]: Stopped logging. Saved 679 rows to /home/hungnb/cocarry_ws/cocarry_logs/experiment_SVGP_20260814_131800.csv
[INFO] [1786688303.186021388] [experiment_logger]: 
============================================================
EXPERIMENT METRICS
  File: experiment_SVGP_20260814_131800.csv
  Total samples: 679
  Task completion time: 22.79 s
  --- Prediction Accuracy (over 679 samples) ---
  Avg Inference Time (active >0ms): 21.06 ms (534/679 active samples)
  Mean Squared Error (MSE): 0.027432 m²
  Mean Absolute Error (MAE - 3D): 0.0685 m
      MAE X: 0.0163 m
      MAE Y: 0.0499 m
      MAE Z: 0.0188 m
  --- Trajectory Smoothness (Robot EE) ---
  Mean Jerk (3D): 15.8485 m/s³
      Jerk X: 4.0758 m/s³
      Jerk Y: 12.5583 m/s³
      Jerk Z: 6.1923 m/s³
  Max Jerk (3D): 159.7356 m/s³
  RMS Jerk (3D): 30.5495 m/s³
============================================================
[INFO] [1786688328.771136792] [experiment_logger]: Service called: /logger/toggle with data=True
[INFO] [1786688328.771509611] [experiment_logger]: ✓ STARTED in-memory logging. Target file: /home/hungnb/cocarry_ws/cocarry_logs/experiment_SVGP_20260814_131848.csv
[INFO] [1786688337.495688516] [experiment_logger]: Service called: /logger/toggle with data=False
[INFO] [1786688337.496149641] [experiment_logger]: Writing 261 rows from memory to /home/hungnb/cocarry_ws/cocarry_logs/experiment_SVGP_20260814_131848.csv...
[INFO] [1786688337.498006525] [experiment_logger]: ✓ Successfully wrote logs to disk.
[INFO] [1786688337.498417796] [experiment_logger]: Stopped logging. Saved 261 rows to /home/hungnb/cocarry_ws/cocarry_logs/experiment_SVGP_20260814_131848.csv
[INFO] [1786688337.500327860] [experiment_logger]: 
============================================================
EXPERIMENT METRICS
  File: experiment_SVGP_20260814_131848.csv
  Total samples: 261
  Task completion time: 8.72 s
  --- Prediction Accuracy (over 261 samples) ---
  Avg Inference Time (active >0ms): 20.72 ms (196/261 active samples)
  Mean Squared Error (MSE): 0.004533 m²
  Mean Absolute Error (MAE - 3D): 0.0193 m
      MAE X: 0.0064 m
      MAE Y: 0.0150 m
      MAE Z: 0.0090 m
  --- Trajectory Smoothness (Robot EE) ---
  Mean Jerk (3D): 25.7696 m/s³
      Jerk X: 8.5774 m/s³
      Jerk Y: 20.8956 m/s³
      Jerk Z: 9.8632 m/s³
  Max Jerk (3D): 208.7124 m/s³
  RMS Jerk (3D): 48.1905 m/s³
============================================================
[INFO] [1786688347.473298844] [experiment_logger]: Trajectory mode: prediction
[INFO] [1786688352.050200123] [experiment_logger]: Service called: /logger/toggle with data=False
[INFO] [1786688377.172687081] [experiment_logger]: Service called: /logger/toggle with data=True
[INFO] [1786688377.173125915] [experiment_logger]: ✓ STARTED in-memory logging. Target file: /home/hungnb/cocarry_ws/cocarry_logs/experiment_SVGP+MJM_20260814_131937.csv
[INFO] [1786688389.975445976] [experiment_logger]: Service called: /logger/toggle with data=False
[INFO] [1786688389.975757591] [experiment_logger]: Writing 384 rows from memory to /home/hungnb/cocarry_ws/cocarry_logs/experiment_SVGP+MJM_20260814_131937.csv...
[INFO] [1786688389.978456118] [experiment_logger]: ✓ Successfully wrote logs to disk.
[INFO] [1786688389.979306094] [experiment_logger]: Stopped logging. Saved 384 rows to /home/hungnb/cocarry_ws/cocarry_logs/experiment_SVGP+MJM_20260814_131937.csv
[INFO] [1786688389.982177456] [experiment_logger]: 
============================================================
EXPERIMENT METRICS
  File: experiment_SVGP+MJM_20260814_131937.csv
  Total samples: 384
  Task completion time: 12.80 s
  --- Prediction Accuracy (over 384 samples) ---
  Avg Inference Time (active >0ms): 21.27 ms (106/384 active samples)
  Mean Squared Error (MSE): 0.029770 m²
  Mean Absolute Error (MAE - 3D): 0.1234 m
      MAE X: 0.0386 m
      MAE Y: 0.0807 m
      MAE Z: 0.0777 m
  --- Trajectory Smoothness (Robot EE) ---
  Mean Jerk (3D): 11.9688 m/s³
      Jerk X: 4.5605 m/s³
      Jerk Y: 7.3606 m/s³
      Jerk Z: 6.5511 m/s³
  Max Jerk (3D): 203.6944 m/s³
  RMS Jerk (3D): 26.4187 m/s³
============================================================
[INFO] [1786688410.434758764] [experiment_logger]: Service called: /logger/toggle with data=True
[INFO] [1786688410.435241600] [experiment_logger]: ✓ STARTED in-memory logging. Target file: /home/hungnb/cocarry_ws/cocarry_logs/experiment_SVGP+MJM_20260814_132010.csv
[INFO] [1786688422.969179102] [experiment_logger]: Service called: /logger/toggle with data=False
[INFO] [1786688422.969529961] [experiment_logger]: Writing 375 rows from memory to /home/hungnb/cocarry_ws/cocarry_logs/experiment_SVGP+MJM_20260814_132010.csv...
[INFO] [1786688422.971708883] [experiment_logger]: ✓ Successfully wrote logs to disk.
[INFO] [1786688422.972072656] [experiment_logger]: Stopped logging. Saved 375 rows to /home/hungnb/cocarry_ws/cocarry_logs/experiment_SVGP+MJM_20260814_132010.csv
[INFO] [1786688422.974687015] [experiment_logger]: 
============================================================
EXPERIMENT METRICS
  File: experiment_SVGP+MJM_20260814_132010.csv
  Total samples: 375
  Task completion time: 12.53 s
  --- Prediction Accuracy (over 375 samples) ---
  Avg Inference Time (active >0ms): 20.43 ms (99/375 active samples)
  Mean Squared Error (MSE): 0.039599 m²
  Mean Absolute Error (MAE - 3D): 0.1269 m
      MAE X: 0.0103 m
      MAE Y: 0.1013 m
      MAE Z: 0.0714 m
  --- Trajectory Smoothness (Robot EE) ---
  Mean Jerk (3D): 11.9319 m/s³
      Jerk X: 3.0438 m/s³
      Jerk Y: 10.0999 m/s³
      Jerk Z: 4.5943 m/s³
  Max Jerk (3D): 158.4055 m/s³
  RMS Jerk (3D): 26.2329 m/s³
============================================================
[INFO] [1786688472.989058489] [experiment_logger]: Service called: /logger/toggle with data=True
[INFO] [1786688472.989495339] [experiment_logger]: ✓ STARTED in-memory logging. Target file: /home/hungnb/cocarry_ws/cocarry_logs/experiment_SVGP+MJM_20260814_132112.csv
[INFO] [1786688475.029811812] [experiment_logger]: Service called: /logger/toggle with data=False
[INFO] [1786688475.030102478] [experiment_logger]: Writing 61 rows from memory to /home/hungnb/cocarry_ws/cocarry_logs/experiment_SVGP+MJM_20260814_132112.csv...
[INFO] [1786688475.030981830] [experiment_logger]: ✓ Successfully wrote logs to disk.
[INFO] [1786688475.031298535] [experiment_logger]: Stopped logging. Saved 61 rows to /home/hungnb/cocarry_ws/cocarry_logs/experiment_SVGP+MJM_20260814_132112.csv
[INFO] [1786688475.032121420] [experiment_logger]: 
============================================================
EXPERIMENT METRICS
  File: experiment_SVGP+MJM_20260814_132112.csv
  Total samples: 61
  Task completion time: 2.04 s
  --- Prediction Accuracy (over 61 samples) ---
  Avg Inference Time (active >0ms): 20.20 ms (29/61 active samples)
  Mean Squared Error (MSE): 0.035092 m²
  Mean Absolute Error (MAE - 3D): 0.1399 m
      MAE X: 0.0542 m
      MAE Y: 0.1129 m
      MAE Z: 0.0614 m
  --- Trajectory Smoothness (Robot EE) ---
  Mean Jerk (3D): 6.7043 m/s³
      Jerk X: 1.7425 m/s³
      Jerk Y: 6.1177 m/s³
      Jerk Z: 1.5365 m/s³
  Max Jerk (3D): 33.2320 m/s³
  RMS Jerk (3D): 9.7517 m/s³
============================================================
[INFO] [1786688487.489651383] [experiment_logger]: Service called: /logger/toggle with data=True
[INFO] [1786688487.490075189] [experiment_logger]: ✓ STARTED in-memory logging. Target file: /home/hungnb/cocarry_ws/cocarry_logs/experiment_SVGP+MJM_20260814_132127.csv
[INFO] [1786688500.021524323] [experiment_logger]: Service called: /logger/toggle with data=False
[INFO] [1786688500.021824708] [experiment_logger]: Writing 375 rows from memory to /home/hungnb/cocarry_ws/cocarry_logs/experiment_SVGP+MJM_20260814_132127.csv...
[INFO] [1786688500.024500112] [experiment_logger]: ✓ Successfully wrote logs to disk.
[INFO] [1786688500.025840890] [experiment_logger]: Stopped logging. Saved 375 rows to /home/hungnb/cocarry_ws/cocarry_logs/experiment_SVGP+MJM_20260814_132127.csv
[INFO] [1786688500.028529519] [experiment_logger]: 
============================================================
EXPERIMENT METRICS
  File: experiment_SVGP+MJM_20260814_132127.csv
  Total samples: 375
  Task completion time: 12.53 s
  --- Prediction Accuracy (over 375 samples) ---
  Avg Inference Time (active >0ms): 20.69 ms (136/375 active samples)
  Mean Squared Error (MSE): 0.023916 m²
  Mean Absolute Error (MAE - 3D): 0.1019 m
      MAE X: 0.0615 m
      MAE Y: 0.0546 m
      MAE Z: 0.0524 m
  --- Trajectory Smoothness (Robot EE) ---
  Mean Jerk (3D): 8.2841 m/s³
      Jerk X: 2.6214 m/s³
      Jerk Y: 6.0364 m/s³
      Jerk Z: 3.4403 m/s³
  Max Jerk (3D): 115.1491 m/s³
  RMS Jerk (3D): 17.3797 m/s³
============================================================
