[INFO] [1781598646.239914970] [predictor_ui]: [UI] Node started
[INFO] [1781598686.500462042] [predictor_ui]: [UI] Using standalone go_home.py script for real robot
[INFO] [1781598739.906137742] [predictor_ui]: [UI] Trajectory mode set to: prediction
[INFO] [1781598749.705227242] [predictor_ui]: [UI] Trajectory mode set to: prediction
[INFO] [1781598772.879689112] [predictor_ui]: [UI] Capture Init Pose thành công: Captured Init Pose! P_init=(-0.162, 0.284, 0.379), Cam_init=(0.149, -0.020, -0.024), Noise_Tol=60.0mm
Orientation=(0.998, 0.064, -0.000, 0.000)
[INFO] [1781598784.392380814] [predictor_ui]: [UI] Capture Init Pose thành công: Captured Init Pose! P_init=(-0.162, 0.284, 0.379), Cam_init=(0.147, -0.021, -0.024), Noise_Tol=60.0mm
Orientation=(0.998, 0.064, -0.000, 0.000)
[INFO] [1781598839.091508868] [predictor_ui]: [UI] Auto-disabled robot on Stop Run
[INFO] [1781598945.603579653] [predictor_ui]: [UI] Trajectory mode set to: ground_truth
[INFO] [1781598962.481338697] [predictor_ui]: [UI] Using standalone go_home.py script for real robot
[INFO] [1781598976.260695940] [predictor_ui]: [UI] Using standalone go_home.py script for real robot
[INFO] [1781599039.452922335] [predictor_ui]: [UI] Auto-disabled robot on Stop Run
[INFO] [1781599070.547020877] [predictor_ui]: [UI] Using standalone go_home.py script for real robot
[INFO] [1781599110.792113864] [predictor_ui]: [UI] Auto-disabled robot on Stop Run
[INFO] [1781599131.782625894] [predictor_ui]: [UI] Using standalone go_home.py script for real robot
[INFO] [1781599169.515859728] [predictor_ui]: [UI] Auto-disabled robot on Stop Run
[INFO] [1781599181.338568122] [predictor_ui]: [UI] Using standalone go_home.py script for real robot
[INFO] [1781599191.064825888] [predictor_ui]: [UI] Using standalone go_home.py script for real robot
[INFO] [1781599221.648418576] [predictor_ui]: [UI] Using standalone go_home.py script for real robot
[INFO] [1781599264.292780188] [predictor_ui]: [UI] Auto-disabled robot on Stop Run
[INFO] [1781599278.480284959] [predictor_ui]: [UI] Using standalone go_home.py script for real robot
[INFO] [1781599322.312311691] [predictor_ui]: [UI] Auto-disabled robot on Stop Run
[INFO] [1781599342.112364194] [predictor_ui]: [UI] Using standalone go_home.py script for real robot
[INFO] [1781599381.855765271] [predictor_ui]: [UI] Auto-disabled robot on Stop Run
[INFO] [1781599390.873191521] [predictor_ui]: [UI] Using standalone go_home.py script for real robot
[INFO] [1781599434.440031170] [predictor_ui]: [UI] Auto-disabled robot on Stop Run
[INFO] [1781599445.752891025] [predictor_ui]: [UI] Using standalone go_home.py script for real robot
[INFO] [1781599497.914566383] [predictor_ui]: [UI] Auto-disabled robot on Stop Run
[INFO] [1781599507.432703894] [predictor_ui]: [UI] Using standalone go_home.py script for real robot
[INFO] [1781599548.495016731] [predictor_ui]: [UI] Auto-disabled robot on Stop Run
[INFO] [1781599563.413672322] [predictor_ui]: [UI] Using standalone go_home.py script for real robot
[INFO] [1781599688.741094294] [predictor_ui]: [UI] Auto-disabled robot on Stop Run
[INFO] [1781599701.330592700] [predictor_ui]: [UI] Using standalone go_home.py script for real robot
[INFO] [1781599714.574787634] [predictor_ui]: [UI] Trajectory mode set to: prediction
[INFO] [1781599764.688604959] [predictor_ui]: [UI] Auto-disabled robot on Stop Run
[INFO] [1781599789.930492505] [predictor_ui]: [UI] Using standalone go_home.py script for real robot
[INFO] [1781599812.874274288] [predictor_ui]: [UI] Trajectory mode set to: prediction
[INFO] [1781599829.619943982] [predictor_ui]: [UI] Auto-disabled robot on Stop Run
[INFO] [1781599841.100433716] [predictor_ui]: [UI] Using standalone go_home.py script for real robot
[INFO] [1781599907.666106281] [predictor_ui]: [UI] Auto-disabled robot on Stop Run
[INFO] [1781599918.357349576] [predictor_ui]: [UI] Using standalone go_home.py script for real robot
[INFO] [1781599963.179804242] [predictor_ui]: [UI] Auto-disabled robot on Stop Run
[INFO] [1781599972.039166647] [predictor_ui]: [UI] Using standalone go_home.py script for real robot
[INFO] [1781600009.546534218] [predictor_ui]: [UI] Auto-disabled robot on Stop Run
[INFO] [1781600020.721092202] [predictor_ui]: [UI] Using standalone go_home.py script for real robot
[INFO] [1781600057.348588683] [predictor_ui]: [UI] Auto-disabled robot on Stop Run
[INFO] [1781600090.339808044] [predictor_ui]: [UI] Using standalone go_home.py script for real robot
[INFO] [1781600131.463971986] [predictor_ui]: [UI] Auto-disabled robot on Stop Run
[INFO] [1781600141.865792696] [predictor_ui]: [UI] Using standalone go_home.py script for real robot
[INFO] [1781600180.834454840] [predictor_ui]: [UI] Auto-disabled robot on Stop Run
[INFO] [1781600190.712951729] [predictor_ui]: [UI] Using standalone go_home.py script for real robot
[INFO] [1781600229.059803790] [predictor_ui]: [UI] Auto-disabled robot on Stop Run
[INFO] [1781600238.710502832] [predictor_ui]: [UI] Using standalone go_home.py script for real robot
[INFO] [1781600307.289535315] [predictor_ui]: [UI] Auto-disabled robot on Stop Run
[INFO] [1781600415.773160970] [predictor_ui]: [UI] Using standalone go_home.py script for real robot
[INFO] [1781600453.899488147] [predictor_ui]: [UI] Auto-disabled robot on Stop Run
[INFO] [1781600467.474549958] [predictor_ui]: [UI] Using standalone go_home.py script for real robot
[INFO] [1781600487.324534560] [predictor_ui]: [UI] Using standalone go_home.py script for real robot
[INFO] [1781600506.085564786] [predictor_ui]: [UI] Trajectory mode set to: ground_truth
[INFO] [1781600538.405340851] [predictor_ui]: [UI] Auto-disabled robot on Stop Run
[INFO] [1781600550.783365525] [predictor_ui]: [UI] Using standalone go_home.py script for real robot
[INFO] [1781600595.709242596] [predictor_ui]: [UI] Auto-disabled robot on Stop Run
[INFO] [1781600603.713620320] [predictor_ui]: [UI] Using standalone go_home.py script for real robot
[INFO] [1781600680.100319685] [predictor_ui]: [UI] Auto-disabled robot on Stop Run
[INFO] [1781600718.257662533] [predictor_ui]: [UI] Using standalone go_home.py script for real robot
[INFO] [1781600754.086237588] [predictor_ui]: [UI] Auto-disabled robot on Stop Run
[INFO] [1781600765.659948198] [predictor_ui]: [UI] Using standalone go_home.py script for real robot
[INFO] [1781600813.228647844] [predictor_ui]: [UI] Auto-disabled robot on Stop Run
[INFO] [1781600870.944985570] [predictor_ui]: [UI] Using standalone go_home.py script for real robot
[INFO] [1781600919.132442838] [predictor_ui]: [UI] Auto-disabled robot on Stop Run
[INFO] [1781600931.979904699] [predictor_ui]: [UI] Using standalone go_home.py script for real robot
[INFO] [1781600943.545033059] [predictor_ui]: [UI] Using standalone go_home.py script for real robot
[INFO] [1781600953.554659918] [predictor_ui]: [UI] Using standalone go_home.py script for real robot
[INFO] [1781600988.523867691] [predictor_ui]: [UI] Using standalone go_home.py script for real robot
[INFO] [1781601039.884451307] [predictor_ui]: [UI] Using standalone go_home.py script for real robot
[INFO] [1781601134.971413903] [predictor_ui]: [UI] Auto-disabled robot on Stop Run
[INFO] [1781601141.913391840] [predictor_ui]: [UI] Using standalone go_home.py script for real robot
[INFO] [1781601255.941489651] [predictor_ui]: [UI] Auto-disabled robot on Stop Run
