[INFO] [1786333175.539497765] [cartesian_streamer]: CartesianStreamer khởi động (chờ Enable Robot từ UI).
  Stream rate:       15 Hz (period=66.7ms)
  Queue dt:          0.067 s
  Prebuffer points:  3
  Retry backoff:     66.0 ms
  Gửi PoseStamped lên: /cartesian_streamer/target_pose
  Gửi XYZ lên:        /cartesian_streamer/target_xyz
  Nhận EE pose tại:   /cartesian_streamer/current_pose
[INFO] [1786333175.927747726] [cartesian_streamer]: Nhận joint_states: ['1.571', '0.124', '-1.049', '0.000', '-0.398', '-1.444']
[INFO] [1786333176.021208288] [cartesian_streamer]: ⚡ Simulation mode: Bỏ qua FK cross-validation, ÉP DÙNG Local IK.
   (MoveIt không có planning library trong môi trường giả lập)
[INFO] [1786333176.021797838] [cartesian_streamer]: Đã nhận joint_states. EE hiện tại: (-0.1620, 0.2801, 0.3785). IK mode: Local DLS. Chờ Enable Robot từ UI...
[INFO] [1786333263.794911805] [cartesian_streamer]: Disable Robot: dừng stream, tắt traj mode...
[INFO] [1786333263.795432453] [cartesian_streamer]: ✗ Robot DISABLED.
[INFO] [1786333299.354124062] [cartesian_streamer]: Enable Robot: bắt đầu chuỗi khởi động...
[INFO] [1786333299.354746298] [cartesian_streamer]: Enable: reset_error...
[INFO] [1786333299.357788119] [cartesian_streamer]: reset_error: code=1, msg="Mock: Error Reset OK"
[INFO] [1786333299.358197650] [cartesian_streamer]: Enable: stop_traj_mode (giải phóng mode cũ)...
[INFO] [1786333299.360924557] [cartesian_streamer]: stop_traj_mode: success=True, code=N/A, msg="Mock: OK"
[INFO] [1786333299.361178078] [cartesian_streamer]: Enable: chờ 1.5s để hệ thống ổn định trước khi start queue...
[INFO] [1786333300.862002835] [cartesian_streamer]: Enable: StartPointQueueMode...
[INFO] [1786333300.866034195] [cartesian_streamer]: StartPointQueueMode response: code=1, msg="Mock: Queue Mode Started"
[INFO] [1786333300.866705822] [cartesian_streamer]: ✓ Robot ENABLED — Point Queue Mode active. Servo ON!
[INFO] [1786333300.920214740] [cartesian_streamer]: Runtime rate: state=seeding, tick_hz=0.0, queue_send_hz=0.0, ack_hz=0.0, busy_hz=0.0, retry_count=0, reject_count=0, inter_ack_ms=0.0, max_joint_delta=0.000, cumul_time=0.00s, hold_count=0, ik_mode=Local, ik_avg_ms=0.00, ik_fails=0
[INFO] [1786333300.921096519] [cartesian_streamer]: Bootstrap EE pose via FK: (-0.1620, 0.2801, 0.3785)
[INFO] [1786333300.921490030] [cartesian_streamer]: Đang stream qua service: /queue_traj_point
[INFO] [1786333300.921865347] [cartesian_streamer]: Đã gửi seed point (current joints, t=0), chờ ACK...
[INFO] [1786333300.923390751] [cartesian_streamer]: Seed ACK nhận được, bắt đầu prebuffer.
[INFO] [1786333300.923637019] [cartesian_streamer]: Queue accepted sample#1: svc=/queue_traj_point, t_cumul=0.0000s, code=1, msg="Mock: Point accepted (0)", hold=False
[INFO] [1786333300.988979082] [cartesian_streamer]: Queue accepted sample#2: svc=/queue_traj_point, t_cumul=0.0652s, code=1, msg="Mock: Point accepted (1)", hold=True
[INFO] [1786333301.056279743] [cartesian_streamer]: Queue accepted sample#3: svc=/queue_traj_point, t_cumul=0.1319s, code=1, msg="Mock: Point accepted (2)", hold=True
[INFO] [1786333301.122619587] [cartesian_streamer]: Pre-buffer hoàn tất (3 points), bắt đầu stream ổn định. Đang chờ target...
[INFO] [1786333301.122879650] [cartesian_streamer]: Queue accepted sample#4: svc=/queue_traj_point, t_cumul=0.1985s, code=1, msg="Mock: Point accepted (3)", hold=True
[INFO] [1786333301.189914577] [cartesian_streamer]: Queue accepted sample#5: svc=/queue_traj_point, t_cumul=0.2653s, code=1, msg="Mock: Point accepted (4)", hold=True
[INFO] [1786333302.188609864] [cartesian_streamer]: QueueTrajPoint accepted #20: t=1.265s, hold=True
[INFO] [1786333303.523009063] [cartesian_streamer]: QueueTrajPoint accepted #40: t=2.599s, hold=True
[INFO] [1786333304.255930103] [cartesian_streamer]: IK OK → Δmax=0.0000 rad, joints: [1.571, 0.124, -1.049, 0.000, -0.398, -1.444]
[WARN] [1786333304.320793667] [cartesian_streamer]: QueueTrajPoint đã được accept nhưng joint_states hầu như không đổi. Kiểm tra: 1) Robot ở mode AUTO? 2) Servo ON? 3) E-stop cleared?
[INFO] [1786333304.857589455] [cartesian_streamer]: QueueTrajPoint accepted #60: t=3.934s, hold=False
[INFO] [1786333305.921084009] [cartesian_streamer]: Runtime rate: state=streaming, tick_hz=15.0, queue_send_hz=15.0, ack_hz=15.0, busy_hz=0.0, retry_count=0, reject_count=0, inter_ack_ms=66.7, max_joint_delta=0.000, cumul_time=4.93s, hold_count=0, ik_mode=Local, ik_avg_ms=0.40, ik_fails=0
[INFO] [1786333306.190691794] [cartesian_streamer]: QueueTrajPoint accepted #80: t=5.268s, hold=False
[INFO] [1786333306.321261008] [cartesian_streamer]: IK OK → Δmax=0.0876 rad, joints: [1.600, 0.076, -0.989, -0.000, -0.506, -1.473]
[INFO] [1786333306.388494190] [cartesian_streamer]: IK delta clamped → joints: [1.597, 0.062, -0.970, -0.000, -0.514, -1.470]
[INFO] [1786333307.525124738] [cartesian_streamer]: QueueTrajPoint accepted #100: t=6.602s, hold=False
[INFO] [1786333308.323691359] [cartesian_streamer]: IK OK → Δmax=0.0900 rad, joints: [1.550, 0.012, -0.685, 0.000, -0.669, -1.423]
[INFO] [1786333308.390502442] [cartesian_streamer]: IK delta clamped → joints: [1.551, 0.013, -0.676, 0.000, -0.674, -1.424]
[INFO] [1786333308.858971163] [cartesian_streamer]: QueueTrajPoint accepted #120: t=7.934s, hold=False
[INFO] [1786333310.191492369] [cartesian_streamer]: QueueTrajPoint accepted #140: t=9.268s, hold=False
[INFO] [1786333310.390107757] [cartesian_streamer]: IK OK → Δmax=0.0900 rad, joints: [1.588, 0.073, -0.516, -0.000, -0.834, -1.461]
[INFO] [1786333310.453989824] [cartesian_streamer]: IK delta clamped → joints: [1.587, 0.077, -0.514, -0.000, -0.839, -1.460]
[INFO] [1786333310.988001003] [cartesian_streamer]: Runtime rate: state=streaming, tick_hz=15.0, queue_send_hz=15.0, ack_hz=15.0, busy_hz=0.0, retry_count=0, reject_count=0, inter_ack_ms=66.7, max_joint_delta=0.090, cumul_time=10.00s, hold_count=0, ik_mode=Local, ik_avg_ms=0.91, ik_fails=0
[INFO] [1786333311.526459255] [cartesian_streamer]: QueueTrajPoint accepted #160: t=10.603s, hold=False
[INFO] [1786333312.455292416] [cartesian_streamer]: IK OK → Δmax=0.0120 rad, joints: [1.531, 0.343, -0.339, 0.000, -0.889, -1.404]
[INFO] [1786333312.856273140] [cartesian_streamer]: QueueTrajPoint accepted #180: t=11.933s, hold=False
[INFO] [1786333314.193274953] [cartesian_streamer]: QueueTrajPoint accepted #200: t=13.269s, hold=False
[INFO] [1786333314.521870887] [cartesian_streamer]: IK OK → Δmax=0.0073 rad, joints: [1.493, 0.646, -0.013, 0.000, -0.913, -1.366]
[INFO] [1786333315.184846722] [cartesian_streamer]: Disable Robot: dừng stream, tắt traj mode...
[INFO] [1786333315.185406893] [cartesian_streamer]: ✗ Robot DISABLED.
[INFO] [1786333320.069783347] [cartesian_streamer]: Disable Robot: dừng stream, tắt traj mode...
[INFO] [1786333320.070223535] [cartesian_streamer]: ✗ Robot DISABLED.
[INFO] [1786333367.554595172] [cartesian_streamer]: Enable Robot: bắt đầu chuỗi khởi động...
[INFO] [1786333367.554957685] [cartesian_streamer]: Enable: reset_error...
[INFO] [1786333367.557700245] [cartesian_streamer]: reset_error: code=1, msg="Mock: Error Reset OK"
[INFO] [1786333367.558032121] [cartesian_streamer]: Enable: stop_traj_mode (giải phóng mode cũ)...
[INFO] [1786333367.559839465] [cartesian_streamer]: stop_traj_mode: success=True, code=N/A, msg="Mock: OK"
[INFO] [1786333367.560104668] [cartesian_streamer]: Enable: chờ 1.5s để hệ thống ổn định trước khi start queue...
[INFO] [1786333369.060826119] [cartesian_streamer]: Enable: StartPointQueueMode...
[INFO] [1786333369.064083705] [cartesian_streamer]: StartPointQueueMode response: code=1, msg="Mock: Queue Mode Started"
[INFO] [1786333369.064647962] [cartesian_streamer]: ✓ Robot ENABLED — Point Queue Mode active. Servo ON!
[INFO] [1786333369.120831685] [cartesian_streamer]: Runtime rate: state=seeding, tick_hz=1.1, queue_send_hz=1.1, ack_hz=1.1, busy_hz=0.0, retry_count=0, reject_count=0, inter_ack_ms=66.7, max_joint_delta=0.090, cumul_time=0.00s, hold_count=0, ik_mode=Local, ik_avg_ms=0.94, ik_fails=0
[WARN] [1786333369.121301888] [cartesian_streamer]: Target stream stale: không có target mới trong 54.0s
[WARN] [1786333369.121615951] [cartesian_streamer]: QueueTrajPoint đã được accept nhưng joint_states hầu như không đổi. Kiểm tra: 1) Robot ở mode AUTO? 2) Servo ON? 3) E-stop cleared?
[INFO] [1786333369.122222828] [cartesian_streamer]: Bootstrap EE pose via FK: (-0.1620, 0.2801, 0.3785)
[INFO] [1786333369.122771396] [cartesian_streamer]: Đã gửi seed point (current joints, t=0), chờ ACK...
[INFO] [1786333369.124418072] [cartesian_streamer]: Seed ACK nhận được, bắt đầu prebuffer.
[INFO] [1786333369.322319143] [cartesian_streamer]: Pre-buffer hoàn tất (3 points), bắt đầu stream ổn định. Đang chờ target...
[INFO] [1786333369.456529739] [cartesian_streamer]: QueueTrajPoint accepted #220: t=0.331s, hold=True
[INFO] [1786333369.656430150] [cartesian_streamer]: IK OK → Δmax=0.0088 rad, joints: [1.580, 0.127, -1.052, -0.000, -0.392, -1.452]
[INFO] [1786333370.791193859] [cartesian_streamer]: QueueTrajPoint accepted #240: t=1.667s, hold=False
[INFO] [1786333370.989459863] [cartesian_streamer]: IK delta clamped → joints: [1.709, 0.107, -1.035, -0.000, -0.429, -1.576]
[INFO] [1786333371.721614301] [cartesian_streamer]: IK OK → Δmax=0.0900 rad, joints: [1.819, -0.083, -1.016, -0.000, -0.572, -1.635]
[INFO] [1786333372.143024449] [cartesian_streamer]: QueueTrajPoint accepted #260: t=3.014s, hold=False
[INFO] [1786333373.056539521] [cartesian_streamer]: IK delta clamped → joints: [1.534, -0.156, -0.898, 0.000, -0.679, -1.421]
[INFO] [1786333373.458959620] [cartesian_streamer]: QueueTrajPoint accepted #280: t=4.335s, hold=False
[INFO] [1786333373.722678612] [cartesian_streamer]: IK OK → Δmax=0.0900 rad, joints: [1.595, -0.133, -0.805, -0.000, -0.732, -1.467]
[INFO] [1786333374.188954835] [cartesian_streamer]: Runtime rate: state=streaming, tick_hz=15.0, queue_send_hz=15.0, ack_hz=15.0, busy_hz=0.0, retry_count=0, reject_count=0, inter_ack_ms=776.3, max_joint_delta=0.090, cumul_time=5.00s, hold_count=0, ik_mode=Local, ik_avg_ms=0.97, ik_fails=0
[INFO] [1786333374.794683812] [cartesian_streamer]: QueueTrajPoint accepted #300: t=5.670s, hold=False
[INFO] [1786333375.121109088] [cartesian_streamer]: IK delta clamped → joints: [1.652, -0.085, -0.643, -0.000, -0.844, -1.525]
[INFO] [1786333375.790360557] [cartesian_streamer]: IK OK → Δmax=0.0900 rad, joints: [1.644, -0.059, -0.631, -0.000, -0.898, -1.517]
[INFO] [1786333376.123851277] [cartesian_streamer]: QueueTrajPoint accepted #320: t=6.999s, hold=False
[INFO] [1786333377.458720424] [cartesian_streamer]: QueueTrajPoint accepted #340: t=8.333s, hold=False
[INFO] [1786333377.856317319] [cartesian_streamer]: IK OK → Δmax=0.0187 rad, joints: [1.576, 0.269, -0.394, -0.000, -0.908, -1.448]
[INFO] [1786333378.791477006] [cartesian_streamer]: QueueTrajPoint accepted #360: t=9.667s, hold=False
[INFO] [1786333379.187528712] [cartesian_streamer]: Runtime rate: state=streaming, tick_hz=15.0, queue_send_hz=15.0, ack_hz=15.0, busy_hz=0.0, retry_count=0, reject_count=0, inter_ack_ms=66.7, max_joint_delta=0.090, cumul_time=10.00s, hold_count=0, ik_mode=Local, ik_avg_ms=0.94, ik_fails=0
[INFO] [1786333379.321455683] [cartesian_streamer]: IK delta clamped → joints: [1.544, 0.564, -0.044, 0.000, -0.966, -1.416]
[INFO] [1786333379.921908144] [cartesian_streamer]: IK OK → Δmax=0.0700 rad, joints: [1.535, 0.685, 0.076, 0.000, -1.026, -1.408]
[INFO] [1786333380.124995645] [cartesian_streamer]: QueueTrajPoint accepted #380: t=11.000s, hold=False
[INFO] [1786333381.321533864] [cartesian_streamer]: IK delta clamped → joints: [1.522, 0.964, 0.356, 0.000, -1.211, -1.394]
[INFO] [1786333381.458162633] [cartesian_streamer]: QueueTrajPoint accepted #400: t=12.334s, hold=False
[INFO] [1786333381.627969400] [cartesian_streamer]: Disable Robot: dừng stream, tắt traj mode...
[INFO] [1786333381.628577078] [cartesian_streamer]: ✗ Robot DISABLED.
[INFO] [1786333392.396345839] [cartesian_streamer]: Disable Robot: dừng stream, tắt traj mode...
[INFO] [1786333392.398067223] [cartesian_streamer]: ✗ Robot DISABLED.
[INFO] [1786333426.053840167] [cartesian_streamer]: Enable Robot: bắt đầu chuỗi khởi động...
[INFO] [1786333426.054332180] [cartesian_streamer]: Enable: reset_error...
[INFO] [1786333426.055751092] [cartesian_streamer]: reset_error: code=1, msg="Mock: Error Reset OK"
[INFO] [1786333426.055984826] [cartesian_streamer]: Enable: stop_traj_mode (giải phóng mode cũ)...
[INFO] [1786333426.058103345] [cartesian_streamer]: stop_traj_mode: success=True, code=N/A, msg="Mock: OK"
[INFO] [1786333426.058364880] [cartesian_streamer]: Enable: chờ 1.5s để hệ thống ổn định trước khi start queue...
[INFO] [1786333427.559147213] [cartesian_streamer]: Enable: StartPointQueueMode...
[INFO] [1786333427.561011090] [cartesian_streamer]: StartPointQueueMode response: code=1, msg="Mock: Queue Mode Started"
[INFO] [1786333427.561493435] [cartesian_streamer]: ✓ Robot ENABLED — Point Queue Mode active. Servo ON!
[INFO] [1786333427.588050996] [cartesian_streamer]: Runtime rate: state=seeding, tick_hz=0.8, queue_send_hz=0.8, ack_hz=0.8, busy_hz=0.0, retry_count=0, reject_count=0, inter_ack_ms=66.7, max_joint_delta=0.090, cumul_time=0.00s, hold_count=0, ik_mode=Local, ik_avg_ms=0.93, ik_fails=0
[WARN] [1786333427.588365510] [cartesian_streamer]: Target stream stale: không có target mới trong 46.0s
[WARN] [1786333427.588686786] [cartesian_streamer]: QueueTrajPoint đã được accept nhưng joint_states hầu như không đổi. Kiểm tra: 1) Robot ở mode AUTO? 2) Servo ON? 3) E-stop cleared?
[INFO] [1786333427.589255320] [cartesian_streamer]: Bootstrap EE pose via FK: (-0.1620, 0.2801, 0.3785)
[INFO] [1786333427.589704924] [cartesian_streamer]: Đã gửi seed point (current joints, t=0), chờ ACK...
[INFO] [1786333427.590956546] [cartesian_streamer]: Seed ACK nhận được, bắt đầu prebuffer.
[INFO] [1786333427.791947554] [cartesian_streamer]: Pre-buffer hoàn tất (3 points), bắt đầu stream ổn định. Đang chờ target...
[INFO] [1786333428.657493245] [cartesian_streamer]: IK OK → Δmax=0.0086 rad, joints: [1.572, 0.123, -1.050, 0.004, -0.389, -1.448]
[INFO] [1786333428.722945541] [cartesian_streamer]: QueueTrajPoint accepted #420: t=1.132s, hold=False
[INFO] [1786333429.856326160] [cartesian_streamer]: IK delta clamped → joints: [1.711, 0.079, -1.044, -0.000, -0.448, -1.568]
[INFO] [1786333430.058966550] [cartesian_streamer]: QueueTrajPoint accepted #440: t=2.466s, hold=False
[INFO] [1786333430.722912876] [cartesian_streamer]: IK OK → Δmax=0.0900 rad, joints: [1.739, -0.002, -0.944, -0.000, -0.580, -1.611]
[INFO] [1786333431.393162458] [cartesian_streamer]: QueueTrajPoint accepted #460: t=3.800s, hold=False
[INFO] [1786333431.922006721] [cartesian_streamer]: IK delta clamped → joints: [1.570, -0.060, -0.828, -0.000, -0.676, -1.442]
[INFO] [1786333432.653829378] [cartesian_streamer]: Runtime rate: state=streaming, tick_hz=15.0, queue_send_hz=15.0, ack_hz=15.0, busy_hz=0.0, retry_count=0, reject_count=0, inter_ack_ms=671.1, max_joint_delta=0.090, cumul_time=5.00s, hold_count=0, ik_mode=Local, ik_avg_ms=0.93, ik_fails=0
[INFO] [1786333432.723937337] [cartesian_streamer]: QueueTrajPoint accepted #480: t=5.132s, hold=False
[INFO] [1786333432.789143553] [cartesian_streamer]: IK OK → Δmax=0.0900 rad, joints: [1.663, -0.028, -0.696, -0.000, -0.746, -1.535]
[INFO] [1786333433.923033654] [cartesian_streamer]: IK delta clamped → joints: [1.738, 0.021, -0.526, -0.000, -0.836, -1.611]
[INFO] [1786333434.057464497] [cartesian_streamer]: QueueTrajPoint accepted #500: t=6.465s, hold=False
[INFO] [1786333434.789198189] [cartesian_streamer]: IK OK → Δmax=0.0900 rad, joints: [1.724, 0.046, -0.515, -0.000, -0.906, -1.597]
[INFO] [1786333435.393940822] [cartesian_streamer]: QueueTrajPoint accepted #520: t=7.800s, hold=False
[INFO] [1786333436.723626187] [cartesian_streamer]: QueueTrajPoint accepted #540: t=9.132s, hold=False
[INFO] [1786333436.791183981] [cartesian_streamer]: IK OK → Δmax=0.0124 rad, joints: [1.618, 0.305, -0.339, -0.000, -0.927, -1.491]
[INFO] [1786333437.720450524] [cartesian_streamer]: Runtime rate: state=streaming, tick_hz=15.0, queue_send_hz=15.0, ack_hz=15.0, busy_hz=0.0, retry_count=0, reject_count=0, inter_ack_ms=66.6, max_joint_delta=0.090, cumul_time=10.07s, hold_count=0, ik_mode=Local, ik_avg_ms=0.92, ik_fails=0
[INFO] [1786333438.057584196] [cartesian_streamer]: QueueTrajPoint accepted #560: t=10.465s, hold=False
[INFO] [1786333438.854443631] [cartesian_streamer]: IK OK → Δmax=0.0512 rad, joints: [1.536, 0.684, 0.104, 0.000, -0.991, -1.409]
[INFO] [1786333439.392091399] [cartesian_streamer]: QueueTrajPoint accepted #580: t=11.799s, hold=False
[INFO] [1786333440.723837168] [cartesian_streamer]: QueueTrajPoint accepted #600: t=13.132s, hold=False
[INFO] [1786333440.920699253] [cartesian_streamer]: IK OK → Δmax=0.0032 rad, joints: [1.521, 0.797, 0.276, 0.000, -1.050, -1.394]
[INFO] [1786333441.188952196] [cartesian_streamer]: Disable Robot: dừng stream, tắt traj mode...
[INFO] [1786333441.189466009] [cartesian_streamer]: ✗ Robot DISABLED.
[INFO] [1786333443.752201924] [cartesian_streamer]: Disable Robot: dừng stream, tắt traj mode...
[INFO] [1786333443.752662679] [cartesian_streamer]: ✗ Robot DISABLED.
[INFO] [1786333461.138250054] [cartesian_streamer]: Enable Robot: bắt đầu chuỗi khởi động...
[INFO] [1786333461.138599251] [cartesian_streamer]: Enable: reset_error...
[INFO] [1786333461.140255954] [cartesian_streamer]: reset_error: code=1, msg="Mock: Error Reset OK"
[INFO] [1786333461.140562392] [cartesian_streamer]: Enable: stop_traj_mode (giải phóng mode cũ)...
[INFO] [1786333461.141623570] [cartesian_streamer]: stop_traj_mode: success=True, code=N/A, msg="Mock: OK"
[INFO] [1786333461.141980572] [cartesian_streamer]: Enable: chờ 1.5s để hệ thống ổn định trước khi start queue...
[INFO] [1786333462.643509919] [cartesian_streamer]: Enable: StartPointQueueMode...
[INFO] [1786333462.646117795] [cartesian_streamer]: StartPointQueueMode response: code=1, msg="Mock: Queue Mode Started"
[INFO] [1786333462.646528226] [cartesian_streamer]: ✓ Robot ENABLED — Point Queue Mode active. Servo ON!
[INFO] [1786333462.654339071] [cartesian_streamer]: Runtime rate: state=seeding, tick_hz=2.1, queue_send_hz=2.1, ack_hz=2.1, busy_hz=0.0, retry_count=0, reject_count=0, inter_ack_ms=66.7, max_joint_delta=0.052, cumul_time=0.00s, hold_count=0, ik_mode=Local, ik_avg_ms=0.91, ik_fails=0
[WARN] [1786333462.654948331] [cartesian_streamer]: Target stream stale: không có target mới trong 21.5s
[WARN] [1786333462.655450873] [cartesian_streamer]: QueueTrajPoint đã được accept nhưng joint_states hầu như không đổi. Kiểm tra: 1) Robot ở mode AUTO? 2) Servo ON? 3) E-stop cleared?
[INFO] [1786333462.656934574] [cartesian_streamer]: Bootstrap EE pose via FK: (-0.1620, 0.2801, 0.3785)
[INFO] [1786333462.659853307] [cartesian_streamer]: Đã gửi seed point (current joints, t=0), chờ ACK...
[INFO] [1786333462.660439664] [cartesian_streamer]: Seed ACK nhận được, bắt đầu prebuffer.
[INFO] [1786333462.856354702] [cartesian_streamer]: Pre-buffer hoàn tất (3 points), bắt đầu stream ổn định. Đang chờ target...
[INFO] [1786333463.458289937] [cartesian_streamer]: QueueTrajPoint accepted #620: t=0.797s, hold=True
[INFO] [1786333464.258532039] [cartesian_streamer]: IK OK → Δmax=0.0303 rad, joints: [1.584, 0.124, -1.048, 0.017, -0.400, -1.474]
[INFO] [1786333464.721593101] [cartesian_streamer]: IK delta clamped → joints: [1.706, 0.101, -1.115, -0.000, -0.356, -1.571]
[INFO] [1786333464.791418218] [cartesian_streamer]: QueueTrajPoint accepted #640: t=2.132s, hold=False
[INFO] [1786333466.123574056] [cartesian_streamer]: QueueTrajPoint accepted #660: t=3.465s, hold=False
[INFO] [1786333466.321728068] [cartesian_streamer]: IK OK → Δmax=0.0900 rad, joints: [1.871, -0.031, -1.047, -0.000, -0.513, -1.699]
[INFO] [1786333466.722355311] [cartesian_streamer]: IK delta clamped → joints: [1.758, -0.075, -1.021, -0.000, -0.546, -1.631]
[INFO] [1786333467.460956928] [cartesian_streamer]: QueueTrajPoint accepted #680: t=4.802s, hold=False
[INFO] [1786333467.654322337] [cartesian_streamer]: Runtime rate: state=streaming, tick_hz=15.0, queue_send_hz=15.0, ack_hz=15.0, busy_hz=0.0, retry_count=0, reject_count=0, inter_ack_ms=352.0, max_joint_delta=0.090, cumul_time=4.93s, hold_count=0, ik_mode=Local, ik_avg_ms=0.92, ik_fails=0
[INFO] [1786333468.324538954] [cartesian_streamer]: IK OK → Δmax=0.0900 rad, joints: [1.517, -0.149, -0.861, 0.000, -0.674, -1.423]
[INFO] [1786333468.789186388] [cartesian_streamer]: IK delta clamped → joints: [1.582, -0.126, -0.788, -0.000, -0.711, -1.455]
[INFO] [1786333468.792083681] [cartesian_streamer]: QueueTrajPoint accepted #700: t=6.133s, hold=False
[INFO] [1786333470.123728878] [cartesian_streamer]: QueueTrajPoint accepted #720: t=7.465s, hold=False
[INFO] [1786333470.390130048] [cartesian_streamer]: IK OK → Δmax=0.0900 rad, joints: [1.655, -0.068, -0.567, -0.000, -0.839, -1.528]
[INFO] [1786333470.789310231] [cartesian_streamer]: IK delta clamped → joints: [1.628, -0.063, -0.524, -0.000, -0.871, -1.501]
[INFO] [1786333471.459059149] [cartesian_streamer]: QueueTrajPoint accepted #740: t=8.799s, hold=False
[INFO] [1786333472.455425851] [cartesian_streamer]: IK OK → Δmax=0.0900 rad, joints: [1.681, 0.046, -0.371, -0.000, -1.004, -1.553]
[INFO] [1786333472.720340961] [cartesian_streamer]: Runtime rate: state=streaming, tick_hz=15.0, queue_send_hz=15.0, ack_hz=15.0, busy_hz=0.0, retry_count=0, reject_count=0, inter_ack_ms=66.7, max_joint_delta=0.090, cumul_time=10.00s, hold_count=0, ik_mode=Local, ik_avg_ms=0.92, ik_fails=0
[INFO] [1786333472.789432421] [cartesian_streamer]: IK delta clamped → joints: [1.705, 0.084, -0.362, -0.000, -1.031, -1.578]
[INFO] [1786333472.793171394] [cartesian_streamer]: QueueTrajPoint accepted #760: t=10.133s, hold=False
[INFO] [1786333474.124133922] [cartesian_streamer]: QueueTrajPoint accepted #780: t=11.465s, hold=False
[INFO] [1786333474.521535401] [cartesian_streamer]: IK OK → Δmax=0.0077 rad, joints: [1.815, 0.285, -0.281, -0.000, -1.006, -1.687]
[INFO] [1786333475.458990562] [cartesian_streamer]: QueueTrajPoint accepted #800: t=12.799s, hold=False
[INFO] [1786333476.522228757] [cartesian_streamer]: IK OK → Δmax=0.0235 rad, joints: [1.855, 0.432, -0.092, -0.000, -1.047, -1.728]
[INFO] [1786333476.791478955] [cartesian_streamer]: QueueTrajPoint accepted #820: t=14.132s, hold=False
[INFO] [1786333477.788809743] [cartesian_streamer]: Runtime rate: state=streaming, tick_hz=15.0, queue_send_hz=15.0, ack_hz=15.0, busy_hz=0.0, retry_count=0, reject_count=0, inter_ack_ms=66.6, max_joint_delta=0.090, cumul_time=15.06s, hold_count=0, ik_mode=Local, ik_avg_ms=0.94, ik_fails=0
[INFO] [1786333478.124704828] [cartesian_streamer]: QueueTrajPoint accepted #840: t=15.465s, hold=False
[INFO] [1786333478.589506302] [cartesian_streamer]: IK OK → Δmax=0.0673 rad, joints: [1.708, 0.440, 0.125, -0.000, -1.256, -1.581]
[INFO] [1786333479.459379088] [cartesian_streamer]: QueueTrajPoint accepted #860: t=16.799s, hold=False
[INFO] [1786333480.655169156] [cartesian_streamer]: IK OK → Δmax=0.0128 rad, joints: [1.587, 0.312, 0.047, -0.000, -1.307, -1.460]
[INFO] [1786333480.790647470] [cartesian_streamer]: QueueTrajPoint accepted #880: t=18.132s, hold=False
[INFO] [1786333482.125360229] [cartesian_streamer]: QueueTrajPoint accepted #900: t=19.465s, hold=False
[INFO] [1786333482.588798032] [cartesian_streamer]: IK delta clamped → joints: [1.563, 0.232, -0.266, 0.000, -1.075, -1.436]
[INFO] [1786333482.655846987] [cartesian_streamer]: IK OK → Δmax=0.0783 rad, joints: [1.579, 0.237, -0.253, -0.000, -1.081, -1.452]
[INFO] [1786333482.788331954] [cartesian_streamer]: Runtime rate: state=streaming, tick_hz=15.0, queue_send_hz=15.0, ack_hz=15.0, busy_hz=0.0, retry_count=0, reject_count=0, inter_ack_ms=66.7, max_joint_delta=0.090, cumul_time=20.07s, hold_count=0, ik_mode=Local, ik_avg_ms=0.94, ik_fails=0
[INFO] [1786333483.461717329] [cartesian_streamer]: QueueTrajPoint accepted #920: t=20.800s, hold=False
[INFO] [1786333484.589445393] [cartesian_streamer]: IK delta clamped → joints: [1.633, 0.112, -0.587, -0.000, -0.915, -1.506]
[INFO] [1786333484.721873139] [cartesian_streamer]: IK OK → Δmax=0.0900 rad, joints: [1.633, 0.135, -0.552, -0.000, -0.904, -1.506]
[INFO] [1786333484.792136304] [cartesian_streamer]: QueueTrajPoint accepted #940: t=22.132s, hold=False
[INFO] [1786333486.123346761] [cartesian_streamer]: QueueTrajPoint accepted #960: t=23.464s, hold=False
[INFO] [1786333486.722602311] [cartesian_streamer]: IK OK → Δmax=0.0000 rad, joints: [1.602, 0.321, -0.323, -0.000, -0.928, -1.475]
[INFO] [1786333487.459119251] [cartesian_streamer]: QueueTrajPoint accepted #980: t=24.799s, hold=False
[INFO] [1786333487.853812414] [cartesian_streamer]: Runtime rate: state=streaming, tick_hz=15.0, queue_send_hz=15.0, ack_hz=15.0, busy_hz=0.0, retry_count=0, reject_count=0, inter_ack_ms=66.7, max_joint_delta=0.090, cumul_time=25.13s, hold_count=0, ik_mode=Local, ik_avg_ms=0.93, ik_fails=0
[WARN] [1786333487.854374535] [cartesian_streamer]: Target stream stale: không có target mới trong 2.6s
[INFO] [1786333488.791410356] [cartesian_streamer]: IK OK → Δmax=0.0000 rad, joints: [1.602, 0.321, -0.323, -0.000, -0.928, -1.475]
[INFO] [1786333488.794672892] [cartesian_streamer]: QueueTrajPoint accepted #1000: t=26.135s, hold=False
[INFO] [1786333490.123009903] [cartesian_streamer]: QueueTrajPoint accepted #1020: t=27.464s, hold=False
[INFO] [1786333490.854678862] [cartesian_streamer]: IK OK → Δmax=0.0000 rad, joints: [1.602, 0.321, -0.323, -0.000, -0.928, -1.475]
[WARN] [1786333491.053885414] [cartesian_streamer]: QueueTrajPoint đã được accept nhưng joint_states hầu như không đổi. Kiểm tra: 1) Robot ở mode AUTO? 2) Servo ON? 3) E-stop cleared?
[INFO] [1786333491.461733181] [cartesian_streamer]: QueueTrajPoint accepted #1040: t=28.799s, hold=False
[INFO] [1786333492.789789531] [cartesian_streamer]: QueueTrajPoint accepted #1060: t=30.131s, hold=False
[INFO] [1786333492.920494701] [cartesian_streamer]: Runtime rate: state=streaming, tick_hz=15.0, queue_send_hz=15.0, ack_hz=15.0, busy_hz=0.0, retry_count=0, reject_count=0, inter_ack_ms=66.6, max_joint_delta=0.000, cumul_time=30.20s, hold_count=0, ik_mode=Local, ik_avg_ms=0.88, ik_fails=0
[WARN] [1786333492.920808447] [cartesian_streamer]: Target stream stale: không có target mới trong 7.7s
[INFO] [1786333492.921483328] [cartesian_streamer]: IK OK → Δmax=0.0000 rad, joints: [1.602, 0.321, -0.323, -0.000, -0.928, -1.475]
[INFO] [1786333494.122462221] [cartesian_streamer]: QueueTrajPoint accepted #1080: t=31.464s, hold=False
[INFO] [1786333494.988896788] [cartesian_streamer]: IK OK → Δmax=0.0000 rad, joints: [1.602, 0.321, -0.323, -0.000, -0.928, -1.475]
[INFO] [1786333495.458082029] [cartesian_streamer]: QueueTrajPoint accepted #1100: t=32.798s, hold=False
[WARN] [1786333496.053707259] [cartesian_streamer]: QueueTrajPoint đã được accept nhưng joint_states hầu như không đổi. Kiểm tra: 1) Robot ở mode AUTO? 2) Servo ON? 3) E-stop cleared?
[INFO] [1786333496.791141276] [cartesian_streamer]: QueueTrajPoint accepted #1120: t=34.132s, hold=False
[INFO] [1786333496.990577868] [cartesian_streamer]: IK OK → Δmax=0.0000 rad, joints: [1.602, 0.321, -0.323, -0.000, -0.928, -1.475]
[INFO] [1786333497.988188907] [cartesian_streamer]: Runtime rate: state=streaming, tick_hz=15.0, queue_send_hz=15.0, ack_hz=15.0, busy_hz=0.0, retry_count=0, reject_count=0, inter_ack_ms=66.7, max_joint_delta=0.000, cumul_time=35.26s, hold_count=0, ik_mode=Local, ik_avg_ms=0.84, ik_fails=0
[WARN] [1786333497.988520807] [cartesian_streamer]: Target stream stale: không có target mới trong 12.7s
[INFO] [1786333498.122640847] [cartesian_streamer]: QueueTrajPoint accepted #1140: t=35.464s, hold=False
[INFO] [1786333499.054372638] [cartesian_streamer]: IK OK → Δmax=0.0000 rad, joints: [1.602, 0.321, -0.323, -0.000, -0.928, -1.475]
[INFO] [1786333499.458349474] [cartesian_streamer]: QueueTrajPoint accepted #1160: t=36.798s, hold=False
[INFO] [1786333500.791316073] [cartesian_streamer]: QueueTrajPoint accepted #1180: t=38.132s, hold=False
[INFO] [1786333501.054693668] [cartesian_streamer]: IK OK → Δmax=0.0000 rad, joints: [1.602, 0.321, -0.323, -0.000, -0.928, -1.475]
[WARN] [1786333501.120635609] [cartesian_streamer]: QueueTrajPoint đã được accept nhưng joint_states hầu như không đổi. Kiểm tra: 1) Robot ở mode AUTO? 2) Servo ON? 3) E-stop cleared?
[INFO] [1786333502.123061400] [cartesian_streamer]: QueueTrajPoint accepted #1200: t=39.464s, hold=False
[INFO] [1786333503.053900783] [cartesian_streamer]: Runtime rate: state=streaming, tick_hz=15.0, queue_send_hz=15.0, ack_hz=15.0, busy_hz=0.0, retry_count=0, reject_count=0, inter_ack_ms=66.7, max_joint_delta=0.000, cumul_time=40.33s, hold_count=0, ik_mode=Local, ik_avg_ms=0.81, ik_fails=0
[WARN] [1786333503.054489202] [cartesian_streamer]: Target stream stale: không có target mới trong 17.8s
[INFO] [1786333503.055392059] [cartesian_streamer]: IK OK → Δmax=0.0000 rad, joints: [1.602, 0.321, -0.323, -0.000, -0.928, -1.475]
[INFO] [1786333503.458236197] [cartesian_streamer]: QueueTrajPoint accepted #1220: t=40.799s, hold=False
[INFO] [1786333504.792926495] [cartesian_streamer]: QueueTrajPoint accepted #1240: t=42.132s, hold=False
[INFO] [1786333505.122367350] [cartesian_streamer]: IK OK → Δmax=0.0000 rad, joints: [1.602, 0.321, -0.323, -0.000, -0.928, -1.475]
[WARN] [1786333506.120631005] [cartesian_streamer]: QueueTrajPoint đã được accept nhưng joint_states hầu như không đổi. Kiểm tra: 1) Robot ở mode AUTO? 2) Servo ON? 3) E-stop cleared?
[INFO] [1786333506.124682211] [cartesian_streamer]: QueueTrajPoint accepted #1260: t=43.465s, hold=False
[INFO] [1786333507.188258813] [cartesian_streamer]: IK OK → Δmax=0.0000 rad, joints: [1.602, 0.321, -0.323, -0.000, -0.928, -1.475]
[INFO] [1786333507.461270219] [cartesian_streamer]: QueueTrajPoint accepted #1280: t=44.799s, hold=False
[INFO] [1786333508.054221401] [cartesian_streamer]: Runtime rate: state=streaming, tick_hz=15.0, queue_send_hz=15.0, ack_hz=15.0, busy_hz=0.0, retry_count=0, reject_count=0, inter_ack_ms=66.7, max_joint_delta=0.000, cumul_time=45.33s, hold_count=0, ik_mode=Local, ik_avg_ms=0.78, ik_fails=0
[WARN] [1786333508.054641566] [cartesian_streamer]: Target stream stale: không có target mới trong 22.8s
[INFO] [1786333508.790996479] [cartesian_streamer]: QueueTrajPoint accepted #1300: t=46.132s, hold=False
[INFO] [1786333509.188750061] [cartesian_streamer]: IK OK → Δmax=0.0000 rad, joints: [1.602, 0.321, -0.323, -0.000, -0.928, -1.475]
[INFO] [1786333510.122583506] [cartesian_streamer]: QueueTrajPoint accepted #1320: t=47.464s, hold=False
[WARN] [1786333511.188313268] [cartesian_streamer]: QueueTrajPoint đã được accept nhưng joint_states hầu như không đổi. Kiểm tra: 1) Robot ở mode AUTO? 2) Servo ON? 3) E-stop cleared?
[INFO] [1786333511.189288629] [cartesian_streamer]: IK OK → Δmax=0.0000 rad, joints: [1.602, 0.321, -0.323, -0.000, -0.928, -1.475]
[INFO] [1786333511.459288738] [cartesian_streamer]: QueueTrajPoint accepted #1340: t=48.798s, hold=False
[INFO] [1786333512.792560838] [cartesian_streamer]: QueueTrajPoint accepted #1360: t=50.132s, hold=False
[INFO] [1786333513.120585840] [cartesian_streamer]: Runtime rate: state=streaming, tick_hz=15.0, queue_send_hz=15.0, ack_hz=15.0, busy_hz=0.0, retry_count=0, reject_count=0, inter_ack_ms=66.7, max_joint_delta=0.000, cumul_time=50.40s, hold_count=0, ik_mode=Local, ik_avg_ms=0.76, ik_fails=0
[WARN] [1786333513.121066427] [cartesian_streamer]: Target stream stale: không có target mới trong 27.9s
[INFO] [1786333513.254506726] [cartesian_streamer]: IK OK → Δmax=0.0000 rad, joints: [1.602, 0.321, -0.323, -0.000, -0.928, -1.475]
[INFO] [1786333514.128499340] [cartesian_streamer]: QueueTrajPoint accepted #1380: t=51.465s, hold=False
[INFO] [1786333515.254752200] [cartesian_streamer]: IK OK → Δmax=0.0000 rad, joints: [1.602, 0.321, -0.323, -0.000, -0.928, -1.475]
[INFO] [1786333515.458657186] [cartesian_streamer]: QueueTrajPoint accepted #1400: t=52.799s, hold=False
[WARN] [1786333516.254200451] [cartesian_streamer]: QueueTrajPoint đã được accept nhưng joint_states hầu như không đổi. Kiểm tra: 1) Robot ở mode AUTO? 2) Servo ON? 3) E-stop cleared?
[INFO] [1786333516.790604043] [cartesian_streamer]: QueueTrajPoint accepted #1420: t=54.132s, hold=False
[INFO] [1786333517.320905317] [cartesian_streamer]: IK OK → Δmax=0.0000 rad, joints: [1.602, 0.321, -0.323, -0.000, -0.928, -1.475]
[INFO] [1786333518.123752659] [cartesian_streamer]: QueueTrajPoint accepted #1440: t=55.464s, hold=False
[INFO] [1786333518.188014567] [cartesian_streamer]: Runtime rate: state=streaming, tick_hz=15.0, queue_send_hz=15.0, ack_hz=15.0, busy_hz=0.0, retry_count=0, reject_count=0, inter_ack_ms=66.6, max_joint_delta=0.000, cumul_time=55.46s, hold_count=0, ik_mode=Local, ik_avg_ms=0.74, ik_fails=0
[WARN] [1786333518.188348982] [cartesian_streamer]: Target stream stale: không có target mới trong 32.9s
[INFO] [1786333519.389575168] [cartesian_streamer]: IK OK → Δmax=0.0000 rad, joints: [1.602, 0.321, -0.323, -0.000, -0.928, -1.475]
[INFO] [1786333519.458363595] [cartesian_streamer]: QueueTrajPoint accepted #1460: t=56.798s, hold=False
[INFO] [1786333520.790066813] [cartesian_streamer]: QueueTrajPoint accepted #1480: t=58.131s, hold=False
[WARN] [1786333521.320539996] [cartesian_streamer]: QueueTrajPoint đã được accept nhưng joint_states hầu như không đổi. Kiểm tra: 1) Robot ở mode AUTO? 2) Servo ON? 3) E-stop cleared?
[INFO] [1786333521.454822666] [cartesian_streamer]: IK OK → Δmax=0.0000 rad, joints: [1.602, 0.321, -0.323, -0.000, -0.928, -1.475]
[INFO] [1786333522.122911006] [cartesian_streamer]: QueueTrajPoint accepted #1500: t=59.464s, hold=False
[INFO] [1786333523.188184242] [cartesian_streamer]: Runtime rate: state=streaming, tick_hz=15.0, queue_send_hz=15.0, ack_hz=15.0, busy_hz=0.0, retry_count=0, reject_count=0, inter_ack_ms=66.7, max_joint_delta=0.000, cumul_time=60.46s, hold_count=0, ik_mode=Local, ik_avg_ms=0.72, ik_fails=0
[WARN] [1786333523.188535157] [cartesian_streamer]: Target stream stale: không có target mới trong 37.9s
[INFO] [1786333523.455628495] [cartesian_streamer]: IK OK → Δmax=0.0000 rad, joints: [1.602, 0.321, -0.323, -0.000, -0.928, -1.475]
[INFO] [1786333523.458851703] [cartesian_streamer]: QueueTrajPoint accepted #1520: t=60.799s, hold=False
[INFO] [1786333524.789907542] [cartesian_streamer]: QueueTrajPoint accepted #1540: t=62.131s, hold=False
[INFO] [1786333525.521109867] [cartesian_streamer]: IK OK → Δmax=0.0000 rad, joints: [1.602, 0.321, -0.323, -0.000, -0.928, -1.475]
[INFO] [1786333526.122571450] [cartesian_streamer]: QueueTrajPoint accepted #1560: t=63.464s, hold=False
[WARN] [1786333526.320662708] [cartesian_streamer]: QueueTrajPoint đã được accept nhưng joint_states hầu như không đổi. Kiểm tra: 1) Robot ở mode AUTO? 2) Servo ON? 3) E-stop cleared?
[INFO] [1786333527.458579254] [cartesian_streamer]: QueueTrajPoint accepted #1580: t=64.798s, hold=False
[INFO] [1786333527.522058985] [cartesian_streamer]: IK OK → Δmax=0.0000 rad, joints: [1.602, 0.321, -0.323, -0.000, -0.928, -1.475]
[INFO] [1786333528.188797206] [cartesian_streamer]: Runtime rate: state=streaming, tick_hz=15.0, queue_send_hz=15.0, ack_hz=15.0, busy_hz=0.0, retry_count=0, reject_count=0, inter_ack_ms=66.7, max_joint_delta=0.000, cumul_time=65.47s, hold_count=0, ik_mode=Local, ik_avg_ms=0.70, ik_fails=0
[WARN] [1786333528.189115189] [cartesian_streamer]: Target stream stale: không có target mới trong 42.9s
[INFO] [1786333528.791601227] [cartesian_streamer]: QueueTrajPoint accepted #1600: t=66.132s, hold=False
[INFO] [1786333529.588983303] [cartesian_streamer]: IK OK → Δmax=0.0000 rad, joints: [1.602, 0.321, -0.323, -0.000, -0.928, -1.475]
[INFO] [1786333530.124497423] [cartesian_streamer]: QueueTrajPoint accepted #1620: t=67.465s, hold=False
[WARN] [1786333531.388685225] [cartesian_streamer]: QueueTrajPoint đã được accept nhưng joint_states hầu như không đổi. Kiểm tra: 1) Robot ở mode AUTO? 2) Servo ON? 3) E-stop cleared?
[INFO] [1786333531.459761915] [cartesian_streamer]: QueueTrajPoint accepted #1640: t=68.799s, hold=False
[INFO] [1786333531.589683494] [cartesian_streamer]: IK OK → Δmax=0.0000 rad, joints: [1.602, 0.321, -0.323, -0.000, -0.928, -1.475]
[INFO] [1786333532.793439128] [cartesian_streamer]: QueueTrajPoint accepted #1660: t=70.132s, hold=False
[INFO] [1786333533.253698476] [cartesian_streamer]: Runtime rate: state=streaming, tick_hz=15.0, queue_send_hz=15.0, ack_hz=15.0, busy_hz=0.0, retry_count=0, reject_count=0, inter_ack_ms=66.7, max_joint_delta=0.000, cumul_time=70.53s, hold_count=0, ik_mode=Local, ik_avg_ms=0.69, ik_fails=0
[WARN] [1786333533.254480134] [cartesian_streamer]: Target stream stale: không có target mới trong 48.0s
[INFO] [1786333533.655277867] [cartesian_streamer]: IK OK → Δmax=0.0000 rad, joints: [1.602, 0.321, -0.323, -0.000, -0.928, -1.475]
[INFO] [1786333534.126361091] [cartesian_streamer]: QueueTrajPoint accepted #1680: t=71.464s, hold=False
[INFO] [1786333535.461162928] [cartesian_streamer]: QueueTrajPoint accepted #1700: t=72.799s, hold=False
[INFO] [1786333535.721119160] [cartesian_streamer]: IK OK → Δmax=0.0000 rad, joints: [1.602, 0.321, -0.323, -0.000, -0.928, -1.475]
[WARN] [1786333536.454453011] [cartesian_streamer]: QueueTrajPoint đã được accept nhưng joint_states hầu như không đổi. Kiểm tra: 1) Robot ở mode AUTO? 2) Servo ON? 3) E-stop cleared?
[INFO] [1786333536.792942801] [cartesian_streamer]: QueueTrajPoint accepted #1720: t=74.132s, hold=False
[INFO] [1786333537.721704075] [cartesian_streamer]: IK OK → Δmax=0.0000 rad, joints: [1.602, 0.321, -0.323, -0.000, -0.928, -1.475]
[INFO] [1786333538.123919888] [cartesian_streamer]: QueueTrajPoint accepted #1740: t=75.464s, hold=False
[INFO] [1786333538.254495477] [cartesian_streamer]: Runtime rate: state=streaming, tick_hz=15.0, queue_send_hz=15.0, ack_hz=15.0, busy_hz=0.0, retry_count=0, reject_count=0, inter_ack_ms=66.7, max_joint_delta=0.000, cumul_time=75.53s, hold_count=0, ik_mode=Local, ik_avg_ms=0.68, ik_fails=0
[WARN] [1786333538.254806156] [cartesian_streamer]: Target stream stale: không có target mới trong 53.0s
[INFO] [1786333539.459017010] [cartesian_streamer]: QueueTrajPoint accepted #1760: t=76.798s, hold=False
[INFO] [1786333539.788989992] [cartesian_streamer]: IK OK → Δmax=0.0000 rad, joints: [1.602, 0.321, -0.323, -0.000, -0.928, -1.475]
[INFO] [1786333540.792781852] [cartesian_streamer]: QueueTrajPoint accepted #1780: t=78.132s, hold=False
[WARN] [1786333541.520539464] [cartesian_streamer]: QueueTrajPoint đã được accept nhưng joint_states hầu như không đổi. Kiểm tra: 1) Robot ở mode AUTO? 2) Servo ON? 3) E-stop cleared?
[INFO] [1786333541.854600135] [cartesian_streamer]: IK OK → Δmax=0.0000 rad, joints: [1.602, 0.321, -0.323, -0.000, -0.928, -1.475]
[INFO] [1786333542.122809553] [cartesian_streamer]: QueueTrajPoint accepted #1800: t=79.464s, hold=False
[INFO] [1786333543.320113935] [cartesian_streamer]: Runtime rate: state=streaming, tick_hz=15.0, queue_send_hz=15.0, ack_hz=15.0, busy_hz=0.0, retry_count=0, reject_count=0, inter_ack_ms=66.6, max_joint_delta=0.000, cumul_time=80.60s, hold_count=0, ik_mode=Local, ik_avg_ms=0.66, ik_fails=0
[WARN] [1786333543.320418844] [cartesian_streamer]: Target stream stale: không có target mới trong 58.1s
[INFO] [1786333543.459321933] [cartesian_streamer]: QueueTrajPoint accepted #1820: t=80.800s, hold=False
[INFO] [1786333543.920886393] [cartesian_streamer]: IK OK → Δmax=0.0000 rad, joints: [1.602, 0.321, -0.323, -0.000, -0.928, -1.475]
[INFO] [1786333544.792289726] [cartesian_streamer]: QueueTrajPoint accepted #1840: t=82.133s, hold=False
[INFO] [1786333545.921838838] [cartesian_streamer]: IK OK → Δmax=0.0000 rad, joints: [1.602, 0.321, -0.323, -0.000, -0.928, -1.475]
[INFO] [1786333546.124600777] [cartesian_streamer]: QueueTrajPoint accepted #1860: t=83.465s, hold=False
[WARN] [1786333546.587675697] [cartesian_streamer]: QueueTrajPoint đã được accept nhưng joint_states hầu như không đổi. Kiểm tra: 1) Robot ở mode AUTO? 2) Servo ON? 3) E-stop cleared?
[INFO] [1786333547.458438858] [cartesian_streamer]: QueueTrajPoint accepted #1880: t=84.798s, hold=False
[INFO] [1786333547.988731758] [cartesian_streamer]: IK OK → Δmax=0.0000 rad, joints: [1.602, 0.321, -0.323, -0.000, -0.928, -1.475]
[INFO] [1786333548.320846639] [cartesian_streamer]: Runtime rate: state=streaming, tick_hz=15.0, queue_send_hz=15.0, ack_hz=15.0, busy_hz=0.0, retry_count=0, reject_count=0, inter_ack_ms=66.7, max_joint_delta=0.000, cumul_time=85.60s, hold_count=0, ik_mode=Local, ik_avg_ms=0.65, ik_fails=0
[WARN] [1786333548.321638987] [cartesian_streamer]: Target stream stale: không có target mới trong 63.1s
[INFO] [1786333548.791117083] [cartesian_streamer]: QueueTrajPoint accepted #1900: t=86.132s, hold=False
[INFO] [1786333550.054216778] [cartesian_streamer]: IK OK → Δmax=0.0000 rad, joints: [1.602, 0.321, -0.323, -0.000, -0.928, -1.475]
[INFO] [1786333550.122709888] [cartesian_streamer]: QueueTrajPoint accepted #1920: t=87.464s, hold=False
[INFO] [1786333551.458667898] [cartesian_streamer]: QueueTrajPoint accepted #1940: t=88.798s, hold=False
[WARN] [1786333551.588548217] [cartesian_streamer]: QueueTrajPoint đã được accept nhưng joint_states hầu như không đổi. Kiểm tra: 1) Robot ở mode AUTO? 2) Servo ON? 3) E-stop cleared?
[INFO] [1786333552.054329725] [cartesian_streamer]: IK OK → Δmax=0.0000 rad, joints: [1.602, 0.321, -0.323, -0.000, -0.928, -1.475]
[INFO] [1786333552.792587044] [cartesian_streamer]: QueueTrajPoint accepted #1960: t=90.132s, hold=False
[INFO] [1786333553.388236610] [cartesian_streamer]: Runtime rate: state=streaming, tick_hz=15.0, queue_send_hz=15.0, ack_hz=15.0, busy_hz=0.0, retry_count=0, reject_count=0, inter_ack_ms=66.6, max_joint_delta=0.000, cumul_time=90.66s, hold_count=0, ik_mode=Local, ik_avg_ms=0.64, ik_fails=0
[WARN] [1786333553.388570353] [cartesian_streamer]: Target stream stale: không có target mới trong 68.1s
[INFO] [1786333554.054349813] [cartesian_streamer]: IK OK → Δmax=0.0000 rad, joints: [1.602, 0.321, -0.323, -0.000, -0.928, -1.475]
[INFO] [1786333554.123937654] [cartesian_streamer]: QueueTrajPoint accepted #1980: t=91.464s, hold=False
[INFO] [1786333555.458755685] [cartesian_streamer]: QueueTrajPoint accepted #2000: t=92.798s, hold=False
[INFO] [1786333556.054488726] [cartesian_streamer]: IK OK → Δmax=0.0000 rad, joints: [1.602, 0.321, -0.323, -0.000, -0.928, -1.475]
[WARN] [1786333556.654193423] [cartesian_streamer]: QueueTrajPoint đã được accept nhưng joint_states hầu như không đổi. Kiểm tra: 1) Robot ở mode AUTO? 2) Servo ON? 3) E-stop cleared?
[INFO] [1786333556.792296584] [cartesian_streamer]: QueueTrajPoint accepted #2020: t=94.132s, hold=False
[INFO] [1786333558.054556682] [cartesian_streamer]: IK OK → Δmax=0.0000 rad, joints: [1.602, 0.321, -0.323, -0.000, -0.928, -1.475]
[INFO] [1786333558.123488869] [cartesian_streamer]: QueueTrajPoint accepted #2040: t=95.464s, hold=False
[INFO] [1786333558.454107891] [cartesian_streamer]: Runtime rate: state=streaming, tick_hz=15.0, queue_send_hz=15.0, ack_hz=15.0, busy_hz=0.0, retry_count=0, reject_count=0, inter_ack_ms=66.7, max_joint_delta=0.000, cumul_time=95.73s, hold_count=0, ik_mode=Local, ik_avg_ms=0.63, ik_fails=0
[WARN] [1786333558.454452654] [cartesian_streamer]: Target stream stale: không có target mới trong 73.2s
[INFO] [1786333559.459041941] [cartesian_streamer]: QueueTrajPoint accepted #2060: t=96.798s, hold=False
[INFO] [1786333560.121257929] [cartesian_streamer]: IK OK → Δmax=0.0000 rad, joints: [1.602, 0.321, -0.323, -0.000, -0.928, -1.475]
[INFO] [1786333560.792879106] [cartesian_streamer]: QueueTrajPoint accepted #2080: t=98.132s, hold=False
[WARN] [1786333561.720958646] [cartesian_streamer]: QueueTrajPoint đã được accept nhưng joint_states hầu như không đổi. Kiểm tra: 1) Robot ở mode AUTO? 2) Servo ON? 3) E-stop cleared?
[INFO] [1786333562.124220724] [cartesian_streamer]: QueueTrajPoint accepted #2100: t=99.464s, hold=False
[INFO] [1786333562.189022967] [cartesian_streamer]: IK OK → Δmax=0.0000 rad, joints: [1.602, 0.321, -0.323, -0.000, -0.928, -1.475]
[INFO] [1786333563.459181607] [cartesian_streamer]: QueueTrajPoint accepted #2120: t=100.799s, hold=False
[INFO] [1786333563.521227456] [cartesian_streamer]: Runtime rate: state=streaming, tick_hz=15.0, queue_send_hz=15.0, ack_hz=15.0, busy_hz=0.0, retry_count=0, reject_count=0, inter_ack_ms=66.7, max_joint_delta=0.000, cumul_time=100.80s, hold_count=0, ik_mode=Local, ik_avg_ms=0.62, ik_fails=0
[WARN] [1786333563.521566979] [cartesian_streamer]: Target stream stale: không có target mới trong 78.3s
[INFO] [1786333564.189031386] [cartesian_streamer]: IK OK → Δmax=0.0000 rad, joints: [1.602, 0.321, -0.323, -0.000, -0.928, -1.475]
[INFO] [1786333564.790517412] [cartesian_streamer]: QueueTrajPoint accepted #2140: t=102.132s, hold=False
[INFO] [1786333566.124856256] [cartesian_streamer]: QueueTrajPoint accepted #2160: t=103.465s, hold=False
[INFO] [1786333566.254665754] [cartesian_streamer]: IK OK → Δmax=0.0000 rad, joints: [1.602, 0.321, -0.323, -0.000, -0.928, -1.475]
[WARN] [1786333566.721071615] [cartesian_streamer]: QueueTrajPoint đã được accept nhưng joint_states hầu như không đổi. Kiểm tra: 1) Robot ở mode AUTO? 2) Servo ON? 3) E-stop cleared?
[INFO] [1786333567.458834203] [cartesian_streamer]: QueueTrajPoint accepted #2180: t=104.799s, hold=False
[INFO] [1786333568.255406496] [cartesian_streamer]: IK OK → Δmax=0.0000 rad, joints: [1.602, 0.321, -0.323, -0.000, -0.928, -1.475]
[INFO] [1786333568.588579709] [cartesian_streamer]: Runtime rate: state=streaming, tick_hz=15.0, queue_send_hz=15.0, ack_hz=15.0, busy_hz=0.0, retry_count=0, reject_count=0, inter_ack_ms=66.6, max_joint_delta=0.000, cumul_time=105.86s, hold_count=0, ik_mode=Local, ik_avg_ms=0.61, ik_fails=0
[WARN] [1786333568.588909083] [cartesian_streamer]: Target stream stale: không có target mới trong 83.3s
[INFO] [1786333568.790485476] [cartesian_streamer]: QueueTrajPoint accepted #2200: t=106.132s, hold=False
[INFO] [1786333570.123000620] [cartesian_streamer]: QueueTrajPoint accepted #2220: t=107.464s, hold=False
[INFO] [1786333570.321024683] [cartesian_streamer]: IK OK → Δmax=0.0000 rad, joints: [1.602, 0.321, -0.323, -0.000, -0.928, -1.475]
[INFO] [1786333571.458471703] [cartesian_streamer]: QueueTrajPoint accepted #2240: t=108.798s, hold=False
[WARN] [1786333571.787965587] [cartesian_streamer]: QueueTrajPoint đã được accept nhưng joint_states hầu như không đổi. Kiểm tra: 1) Robot ở mode AUTO? 2) Servo ON? 3) E-stop cleared?
[INFO] [1786333572.322618909] [cartesian_streamer]: IK OK → Δmax=0.0000 rad, joints: [1.602, 0.321, -0.323, -0.000, -0.928, -1.475]
[INFO] [1786333572.790576835] [cartesian_streamer]: QueueTrajPoint accepted #2260: t=110.131s, hold=False
[INFO] [1786333573.587715486] [cartesian_streamer]: Runtime rate: state=streaming, tick_hz=15.0, queue_send_hz=15.0, ack_hz=15.0, busy_hz=0.0, retry_count=0, reject_count=0, inter_ack_ms=66.7, max_joint_delta=0.000, cumul_time=110.86s, hold_count=0, ik_mode=Local, ik_avg_ms=0.60, ik_fails=0
[WARN] [1786333573.588040031] [cartesian_streamer]: Target stream stale: không có target mới trong 88.3s
[INFO] [1786333574.124934920] [cartesian_streamer]: QueueTrajPoint accepted #2280: t=111.465s, hold=False
[INFO] [1786333574.388423299] [cartesian_streamer]: IK OK → Δmax=0.0000 rad, joints: [1.602, 0.321, -0.323, -0.000, -0.928, -1.475]
[INFO] [1786333575.461502271] [cartesian_streamer]: QueueTrajPoint accepted #2300: t=112.798s, hold=False
[INFO] [1786333576.388985277] [cartesian_streamer]: IK OK → Δmax=0.0000 rad, joints: [1.602, 0.321, -0.323, -0.000, -0.928, -1.475]
[INFO] [1786333576.791369195] [cartesian_streamer]: QueueTrajPoint accepted #2320: t=114.132s, hold=False
[WARN] [1786333576.854033877] [cartesian_streamer]: QueueTrajPoint đã được accept nhưng joint_states hầu như không đổi. Kiểm tra: 1) Robot ở mode AUTO? 2) Servo ON? 3) E-stop cleared?
[INFO] [1786333578.124767737] [cartesian_streamer]: QueueTrajPoint accepted #2340: t=115.466s, hold=False
[INFO] [1786333578.454190760] [cartesian_streamer]: IK OK → Δmax=0.0000 rad, joints: [1.602, 0.321, -0.323, -0.000, -0.928, -1.475]
[INFO] [1786333578.654182200] [cartesian_streamer]: Runtime rate: state=streaming, tick_hz=15.0, queue_send_hz=15.0, ack_hz=15.0, busy_hz=0.0, retry_count=0, reject_count=0, inter_ack_ms=66.7, max_joint_delta=0.000, cumul_time=115.93s, hold_count=0, ik_mode=Local, ik_avg_ms=0.59, ik_fails=0
[WARN] [1786333578.654738187] [cartesian_streamer]: Target stream stale: không có target mới trong 93.4s
[INFO] [1786333579.459906171] [cartesian_streamer]: QueueTrajPoint accepted #2360: t=116.798s, hold=False
[INFO] [1786333580.454723516] [cartesian_streamer]: IK OK → Δmax=0.0000 rad, joints: [1.602, 0.321, -0.323, -0.000, -0.928, -1.475]
[INFO] [1786333580.795322331] [cartesian_streamer]: QueueTrajPoint accepted #2380: t=118.136s, hold=False
[WARN] [1786333581.920760551] [cartesian_streamer]: QueueTrajPoint đã được accept nhưng joint_states hầu như không đổi. Kiểm tra: 1) Robot ở mode AUTO? 2) Servo ON? 3) E-stop cleared?
[INFO] [1786333582.126011340] [cartesian_streamer]: QueueTrajPoint accepted #2400: t=119.465s, hold=False
[INFO] [1786333582.521012753] [cartesian_streamer]: IK OK → Δmax=0.0000 rad, joints: [1.602, 0.321, -0.323, -0.000, -0.928, -1.475]
[INFO] [1786333583.459866794] [cartesian_streamer]: QueueTrajPoint accepted #2420: t=120.798s, hold=False
[INFO] [1786333583.720465335] [cartesian_streamer]: Runtime rate: state=streaming, tick_hz=15.0, queue_send_hz=15.0, ack_hz=15.0, busy_hz=0.0, retry_count=0, reject_count=0, inter_ack_ms=66.7, max_joint_delta=0.000, cumul_time=121.00s, hold_count=0, ik_mode=Local, ik_avg_ms=0.59, ik_fails=0
[WARN] [1786333583.721026962] [cartesian_streamer]: Target stream stale: không có target mới trong 98.5s
[INFO] [1786333584.521630856] [cartesian_streamer]: IK OK → Δmax=0.0000 rad, joints: [1.602, 0.321, -0.323, -0.000, -0.928, -1.475]
[INFO] [1786333584.793068887] [cartesian_streamer]: QueueTrajPoint accepted #2440: t=122.132s, hold=False
[INFO] [1786333586.124020029] [cartesian_streamer]: QueueTrajPoint accepted #2460: t=123.464s, hold=False
[INFO] [1786333586.589353597] [cartesian_streamer]: IK OK → Δmax=0.0000 rad, joints: [1.602, 0.321, -0.323, -0.000, -0.928, -1.475]
[WARN] [1786333586.988048278] [cartesian_streamer]: QueueTrajPoint đã được accept nhưng joint_states hầu như không đổi. Kiểm tra: 1) Robot ở mode AUTO? 2) Servo ON? 3) E-stop cleared?
[INFO] [1786333587.458598324] [cartesian_streamer]: QueueTrajPoint accepted #2480: t=124.799s, hold=False
[INFO] [1786333588.654812522] [cartesian_streamer]: IK OK → Δmax=0.0000 rad, joints: [1.602, 0.321, -0.323, -0.000, -0.928, -1.475]
[INFO] [1786333588.720156460] [cartesian_streamer]: Runtime rate: state=streaming, tick_hz=15.0, queue_send_hz=15.0, ack_hz=15.0, busy_hz=0.0, retry_count=0, reject_count=0, inter_ack_ms=66.6, max_joint_delta=0.000, cumul_time=126.00s, hold_count=0, ik_mode=Local, ik_avg_ms=0.59, ik_fails=0
[WARN] [1786333588.720862727] [cartesian_streamer]: Target stream stale: không có target mới trong 103.5s
[INFO] [1786333588.791625396] [cartesian_streamer]: QueueTrajPoint accepted #2500: t=126.132s, hold=False
[INFO] [1786333590.125109607] [cartesian_streamer]: QueueTrajPoint accepted #2520: t=127.464s, hold=False
[INFO] [1786333590.721393915] [cartesian_streamer]: IK OK → Δmax=0.0000 rad, joints: [1.602, 0.321, -0.323, -0.000, -0.928, -1.475]
[INFO] [1786333591.458861968] [cartesian_streamer]: QueueTrajPoint accepted #2540: t=128.798s, hold=False
[WARN] [1786333591.987753044] [cartesian_streamer]: QueueTrajPoint đã được accept nhưng joint_states hầu như không đổi. Kiểm tra: 1) Robot ở mode AUTO? 2) Servo ON? 3) E-stop cleared?
[INFO] [1786333592.721571479] [cartesian_streamer]: IK OK → Δmax=0.0000 rad, joints: [1.602, 0.321, -0.323, -0.000, -0.928, -1.475]
[INFO] [1786333592.790994873] [cartesian_streamer]: QueueTrajPoint accepted #2560: t=130.132s, hold=False
[INFO] [1786333593.720178787] [cartesian_streamer]: Runtime rate: state=streaming, tick_hz=15.0, queue_send_hz=15.0, ack_hz=15.0, busy_hz=0.0, retry_count=0, reject_count=0, inter_ack_ms=66.7, max_joint_delta=0.000, cumul_time=131.00s, hold_count=0, ik_mode=Local, ik_avg_ms=0.58, ik_fails=0
[WARN] [1786333593.720516076] [cartesian_streamer]: Target stream stale: không có target mới trong 108.5s
[INFO] [1786333594.124280502] [cartesian_streamer]: QueueTrajPoint accepted #2580: t=131.464s, hold=False
[INFO] [1786333594.722176098] [cartesian_streamer]: IK OK → Δmax=0.0000 rad, joints: [1.602, 0.321, -0.323, -0.000, -0.928, -1.475]
[INFO] [1786333595.458157757] [cartesian_streamer]: QueueTrajPoint accepted #2600: t=132.798s, hold=False
[INFO] [1786333596.788745122] [cartesian_streamer]: IK OK → Δmax=0.0000 rad, joints: [1.602, 0.321, -0.323, -0.000, -0.928, -1.475]
[INFO] [1786333596.790755328] [cartesian_streamer]: QueueTrajPoint accepted #2620: t=134.132s, hold=False
[WARN] [1786333597.054873527] [cartesian_streamer]: QueueTrajPoint đã được accept nhưng joint_states hầu như không đổi. Kiểm tra: 1) Robot ở mode AUTO? 2) Servo ON? 3) E-stop cleared?
[INFO] [1786333598.122720128] [cartesian_streamer]: QueueTrajPoint accepted #2640: t=135.464s, hold=False
[INFO] [1786333598.721065438] [cartesian_streamer]: Runtime rate: state=streaming, tick_hz=15.0, queue_send_hz=15.0, ack_hz=15.0, busy_hz=0.0, retry_count=0, reject_count=0, inter_ack_ms=66.7, max_joint_delta=0.000, cumul_time=136.00s, hold_count=0, ik_mode=Local, ik_avg_ms=0.58, ik_fails=0
[WARN] [1786333598.721650388] [cartesian_streamer]: Target stream stale: không có target mới trong 113.5s
[INFO] [1786333598.789955673] [cartesian_streamer]: IK OK → Δmax=0.0000 rad, joints: [1.602, 0.321, -0.323, -0.000, -0.928, -1.475]
[INFO] [1786333599.458814458] [cartesian_streamer]: QueueTrajPoint accepted #2660: t=136.798s, hold=False
[INFO] [1786333600.793929575] [cartesian_streamer]: QueueTrajPoint accepted #2680: t=138.133s, hold=False
[INFO] [1786333600.857833262] [cartesian_streamer]: IK OK → Δmax=0.0000 rad, joints: [1.602, 0.321, -0.323, -0.000, -0.928, -1.475]
[WARN] [1786333602.120427992] [cartesian_streamer]: QueueTrajPoint đã được accept nhưng joint_states hầu như không đổi. Kiểm tra: 1) Robot ở mode AUTO? 2) Servo ON? 3) E-stop cleared?
[INFO] [1786333602.125594551] [cartesian_streamer]: QueueTrajPoint accepted #2700: t=139.465s, hold=False
[INFO] [1786333602.921392295] [cartesian_streamer]: IK OK → Δmax=0.0000 rad, joints: [1.602, 0.321, -0.323, -0.000, -0.928, -1.475]
[INFO] [1786333603.460435381] [cartesian_streamer]: QueueTrajPoint accepted #2720: t=140.799s, hold=False
[INFO] [1786333603.720773062] [cartesian_streamer]: Runtime rate: state=streaming, tick_hz=15.0, queue_send_hz=15.0, ack_hz=15.0, busy_hz=0.0, retry_count=0, reject_count=0, inter_ack_ms=66.7, max_joint_delta=0.000, cumul_time=141.00s, hold_count=0, ik_mode=Local, ik_avg_ms=0.57, ik_fails=0
[WARN] [1786333603.721282401] [cartesian_streamer]: Target stream stale: không có target mới trong 118.5s
[INFO] [1786333604.790691790] [cartesian_streamer]: QueueTrajPoint accepted #2740: t=142.131s, hold=False
[INFO] [1786333604.988320772] [cartesian_streamer]: IK OK → Δmax=0.0000 rad, joints: [1.602, 0.321, -0.323, -0.000, -0.928, -1.475]
[INFO] [1786333606.125436483] [cartesian_streamer]: QueueTrajPoint accepted #2760: t=143.464s, hold=False
[INFO] [1786333606.989289118] [cartesian_streamer]: IK OK → Δmax=0.0000 rad, joints: [1.602, 0.321, -0.323, -0.000, -0.928, -1.475]
[WARN] [1786333607.120486157] [cartesian_streamer]: QueueTrajPoint đã được accept nhưng joint_states hầu như không đổi. Kiểm tra: 1) Robot ở mode AUTO? 2) Servo ON? 3) E-stop cleared?
[INFO] [1786333607.461366901] [cartesian_streamer]: QueueTrajPoint accepted #2780: t=144.800s, hold=False
[INFO] [1786333608.720953303] [cartesian_streamer]: Runtime rate: state=streaming, tick_hz=15.0, queue_send_hz=15.0, ack_hz=15.0, busy_hz=0.0, retry_count=0, reject_count=0, inter_ack_ms=66.7, max_joint_delta=0.000, cumul_time=146.00s, hold_count=0, ik_mode=Local, ik_avg_ms=0.57, ik_fails=0
[WARN] [1786333608.721653879] [cartesian_streamer]: Target stream stale: không có target mới trong 123.5s
[INFO] [1786333608.792330429] [cartesian_streamer]: QueueTrajPoint accepted #2800: t=146.133s, hold=False
[INFO] [1786333609.055825077] [cartesian_streamer]: IK OK → Δmax=0.0000 rad, joints: [1.602, 0.321, -0.323, -0.000, -0.928, -1.475]
[INFO] [1786333610.125689630] [cartesian_streamer]: QueueTrajPoint accepted #2820: t=147.465s, hold=False
[INFO] [1786333611.121397177] [cartesian_streamer]: IK OK → Δmax=0.0000 rad, joints: [1.602, 0.321, -0.323, -0.000, -0.928, -1.475]
[INFO] [1786333611.459173091] [cartesian_streamer]: QueueTrajPoint accepted #2840: t=148.798s, hold=False
[WARN] [1786333612.121751250] [cartesian_streamer]: QueueTrajPoint đã được accept nhưng joint_states hầu như không đổi. Kiểm tra: 1) Robot ở mode AUTO? 2) Servo ON? 3) E-stop cleared?
[INFO] [1786333612.790483047] [cartesian_streamer]: QueueTrajPoint accepted #2860: t=150.132s, hold=False
[INFO] [1786333613.121506133] [cartesian_streamer]: IK OK → Δmax=0.0000 rad, joints: [1.602, 0.321, -0.323, -0.000, -0.928, -1.475]
[INFO] [1786333613.787909248] [cartesian_streamer]: Runtime rate: state=streaming, tick_hz=15.0, queue_send_hz=15.0, ack_hz=15.0, busy_hz=0.0, retry_count=0, reject_count=0, inter_ack_ms=66.6, max_joint_delta=0.000, cumul_time=151.06s, hold_count=0, ik_mode=Local, ik_avg_ms=0.57, ik_fails=0
[WARN] [1786333613.788333850] [cartesian_streamer]: Target stream stale: không có target mới trong 128.5s
[INFO] [1786333614.122952895] [cartesian_streamer]: QueueTrajPoint accepted #2880: t=151.464s, hold=False
[INFO] [1786333615.188518209] [cartesian_streamer]: IK OK → Δmax=0.0000 rad, joints: [1.602, 0.321, -0.323, -0.000, -0.928, -1.475]
[INFO] [1786333615.458619277] [cartesian_streamer]: QueueTrajPoint accepted #2900: t=152.798s, hold=False
[INFO] [1786333616.790424731] [cartesian_streamer]: QueueTrajPoint accepted #2920: t=154.131s, hold=False
[WARN] [1786333617.187976204] [cartesian_streamer]: QueueTrajPoint đã được accept nhưng joint_states hầu như không đổi. Kiểm tra: 1) Robot ở mode AUTO? 2) Servo ON? 3) E-stop cleared?
[INFO] [1786333617.188819555] [cartesian_streamer]: IK OK → Δmax=0.0000 rad, joints: [1.602, 0.321, -0.323, -0.000, -0.928, -1.475]
[INFO] [1786333618.123121729] [cartesian_streamer]: QueueTrajPoint accepted #2940: t=155.464s, hold=False
[INFO] [1786333618.788063814] [cartesian_streamer]: Runtime rate: state=streaming, tick_hz=15.0, queue_send_hz=15.0, ack_hz=15.0, busy_hz=0.0, retry_count=0, reject_count=0, inter_ack_ms=66.7, max_joint_delta=0.000, cumul_time=156.07s, hold_count=0, ik_mode=Local, ik_avg_ms=0.56, ik_fails=0
[WARN] [1786333618.788488435] [cartesian_streamer]: Target stream stale: không có target mới trong 133.5s
[INFO] [1786333619.189096467] [cartesian_streamer]: IK OK → Δmax=0.0000 rad, joints: [1.602, 0.321, -0.323, -0.000, -0.928, -1.475]
[INFO] [1786333619.458303755] [cartesian_streamer]: QueueTrajPoint accepted #2960: t=156.798s, hold=False
[INFO] [1786333620.789481369] [cartesian_streamer]: QueueTrajPoint accepted #2980: t=158.131s, hold=False
[INFO] [1786333621.189205478] [cartesian_streamer]: IK OK → Δmax=0.0000 rad, joints: [1.602, 0.321, -0.323, -0.000, -0.928, -1.475]
[INFO] [1786333622.122953609] [cartesian_streamer]: QueueTrajPoint accepted #3000: t=159.464s, hold=False
[WARN] [1786333622.187901204] [cartesian_streamer]: QueueTrajPoint đã được accept nhưng joint_states hầu như không đổi. Kiểm tra: 1) Robot ở mode AUTO? 2) Servo ON? 3) E-stop cleared?
[INFO] [1786333623.254892138] [cartesian_streamer]: IK OK → Δmax=0.0000 rad, joints: [1.602, 0.321, -0.323, -0.000, -0.928, -1.475]
[INFO] [1786333623.458310972] [cartesian_streamer]: QueueTrajPoint accepted #3020: t=160.799s, hold=False
[INFO] [1786333623.853837720] [cartesian_streamer]: Runtime rate: state=streaming, tick_hz=15.0, queue_send_hz=15.0, ack_hz=15.0, busy_hz=0.0, retry_count=0, reject_count=0, inter_ack_ms=66.7, max_joint_delta=0.000, cumul_time=161.13s, hold_count=0, ik_mode=Local, ik_avg_ms=0.56, ik_fails=0
[WARN] [1786333623.854481710] [cartesian_streamer]: Target stream stale: không có target mới trong 138.6s
[INFO] [1786333624.791345966] [cartesian_streamer]: QueueTrajPoint accepted #3040: t=162.132s, hold=False
[INFO] [1786333625.321424358] [cartesian_streamer]: IK OK → Δmax=0.0000 rad, joints: [1.602, 0.321, -0.323, -0.000, -0.928, -1.475]
[INFO] [1786333626.123635796] [cartesian_streamer]: QueueTrajPoint accepted #3060: t=163.465s, hold=False
[WARN] [1786333627.254108832] [cartesian_streamer]: QueueTrajPoint đã được accept nhưng joint_states hầu như không đổi. Kiểm tra: 1) Robot ở mode AUTO? 2) Servo ON? 3) E-stop cleared?
[INFO] [1786333627.388968709] [cartesian_streamer]: IK OK → Δmax=0.0000 rad, joints: [1.602, 0.321, -0.323, -0.000, -0.928, -1.475]
[INFO] [1786333627.458887374] [cartesian_streamer]: QueueTrajPoint accepted #3080: t=164.799s, hold=False
[INFO] [1786333628.790965359] [cartesian_streamer]: QueueTrajPoint accepted #3100: t=166.132s, hold=False
[INFO] [1786333628.920358719] [cartesian_streamer]: Runtime rate: state=streaming, tick_hz=15.0, queue_send_hz=15.0, ack_hz=15.0, busy_hz=0.0, retry_count=0, reject_count=0, inter_ack_ms=66.7, max_joint_delta=0.000, cumul_time=166.20s, hold_count=0, ik_mode=Local, ik_avg_ms=0.55, ik_fails=0
[WARN] [1786333628.920971340] [cartesian_streamer]: Target stream stale: không có target mới trong 143.7s
[INFO] [1786333629.454493827] [cartesian_streamer]: IK OK → Δmax=0.0000 rad, joints: [1.602, 0.321, -0.323, -0.000, -0.928, -1.475]
[INFO] [1786333630.123601879] [cartesian_streamer]: QueueTrajPoint accepted #3120: t=167.464s, hold=False
[INFO] [1786333631.454718099] [cartesian_streamer]: IK OK → Δmax=0.0000 rad, joints: [1.602, 0.321, -0.323, -0.000, -0.928, -1.475]
[INFO] [1786333631.458197199] [cartesian_streamer]: QueueTrajPoint accepted #3140: t=168.798s, hold=False
[WARN] [1786333632.320560486] [cartesian_streamer]: QueueTrajPoint đã được accept nhưng joint_states hầu như không đổi. Kiểm tra: 1) Robot ở mode AUTO? 2) Servo ON? 3) E-stop cleared?
[INFO] [1786333632.790021517] [cartesian_streamer]: QueueTrajPoint accepted #3160: t=170.131s, hold=False
[INFO] [1786333633.521098631] [cartesian_streamer]: IK OK → Δmax=0.0000 rad, joints: [1.602, 0.321, -0.323, -0.000, -0.928, -1.475]
[INFO] [1786333633.920648170] [cartesian_streamer]: Runtime rate: state=streaming, tick_hz=15.0, queue_send_hz=15.0, ack_hz=15.0, busy_hz=0.0, retry_count=0, reject_count=0, inter_ack_ms=66.7, max_joint_delta=0.000, cumul_time=171.20s, hold_count=0, ik_mode=Local, ik_avg_ms=0.55, ik_fails=0
[WARN] [1786333633.921130108] [cartesian_streamer]: Target stream stale: không có target mới trong 148.7s
[INFO] [1786333634.122868245] [cartesian_streamer]: QueueTrajPoint accepted #3180: t=171.464s, hold=False
[INFO] [1786333635.458230412] [cartesian_streamer]: QueueTrajPoint accepted #3200: t=172.797s, hold=False
[INFO] [1786333635.521653180] [cartesian_streamer]: IK OK → Δmax=0.0000 rad, joints: [1.602, 0.321, -0.323, -0.000, -0.928, -1.475]
[INFO] [1786333636.790296869] [cartesian_streamer]: QueueTrajPoint accepted #3220: t=174.132s, hold=False
[WARN] [1786333637.388101937] [cartesian_streamer]: QueueTrajPoint đã được accept nhưng joint_states hầu như không đổi. Kiểm tra: 1) Robot ở mode AUTO? 2) Servo ON? 3) E-stop cleared?
[INFO] [1786333637.588654215] [cartesian_streamer]: IK OK → Δmax=0.0000 rad, joints: [1.602, 0.321, -0.323, -0.000, -0.928, -1.475]
[INFO] [1786333638.123429459] [cartesian_streamer]: QueueTrajPoint accepted #3240: t=175.465s, hold=False
[INFO] [1786333638.989246727] [cartesian_streamer]: Runtime rate: state=streaming, tick_hz=15.0, queue_send_hz=15.0, ack_hz=15.0, busy_hz=0.0, retry_count=0, reject_count=0, inter_ack_ms=66.6, max_joint_delta=0.000, cumul_time=176.26s, hold_count=0, ik_mode=Local, ik_avg_ms=0.54, ik_fails=0
[WARN] [1786333638.989694761] [cartesian_streamer]: Target stream stale: không có target mới trong 153.7s
[INFO] [1786333639.458136836] [cartesian_streamer]: QueueTrajPoint accepted #3260: t=176.798s, hold=False
[INFO] [1786333639.654740318] [cartesian_streamer]: IK OK → Δmax=0.0000 rad, joints: [1.602, 0.321, -0.323, -0.000, -0.928, -1.475]
[INFO] [1786333640.791635953] [cartesian_streamer]: QueueTrajPoint accepted #3280: t=178.133s, hold=False
[INFO] [1786333641.720949914] [cartesian_streamer]: IK OK → Δmax=0.0000 rad, joints: [1.602, 0.321, -0.323, -0.000, -0.928, -1.475]
[INFO] [1786333642.123433017] [cartesian_streamer]: QueueTrajPoint accepted #3300: t=179.464s, hold=False
[WARN] [1786333642.453862322] [cartesian_streamer]: QueueTrajPoint đã được accept nhưng joint_states hầu như không đổi. Kiểm tra: 1) Robot ở mode AUTO? 2) Servo ON? 3) E-stop cleared?
[INFO] [1786333643.458559908] [cartesian_streamer]: QueueTrajPoint accepted #3320: t=180.798s, hold=False
[INFO] [1786333643.721010405] [cartesian_streamer]: IK OK → Δmax=0.0000 rad, joints: [1.602, 0.321, -0.323, -0.000, -0.928, -1.475]
[INFO] [1786333643.987839436] [cartesian_streamer]: Runtime rate: state=streaming, tick_hz=15.0, queue_send_hz=15.0, ack_hz=15.0, busy_hz=0.0, retry_count=0, reject_count=0, inter_ack_ms=66.7, max_joint_delta=0.000, cumul_time=181.26s, hold_count=0, ik_mode=Local, ik_avg_ms=0.54, ik_fails=0
[WARN] [1786333643.988157298] [cartesian_streamer]: Target stream stale: không có target mới trong 158.7s
[INFO] [1786333644.790081876] [cartesian_streamer]: QueueTrajPoint accepted #3340: t=182.131s, hold=False
[INFO] [1786333645.788403550] [cartesian_streamer]: IK OK → Δmax=0.0000 rad, joints: [1.602, 0.321, -0.323, -0.000, -0.928, -1.475]
[INFO] [1786333646.122419922] [cartesian_streamer]: QueueTrajPoint accepted #3360: t=183.464s, hold=False
[WARN] [1786333647.454036761] [cartesian_streamer]: QueueTrajPoint đã được accept nhưng joint_states hầu như không đổi. Kiểm tra: 1) Robot ở mode AUTO? 2) Servo ON? 3) E-stop cleared?
[INFO] [1786333647.458158226] [cartesian_streamer]: QueueTrajPoint accepted #3380: t=184.799s, hold=False
[INFO] [1786333647.854175451] [cartesian_streamer]: IK OK → Δmax=0.0000 rad, joints: [1.602, 0.321, -0.323, -0.000, -0.928, -1.475]
[INFO] [1786333648.790059206] [cartesian_streamer]: QueueTrajPoint accepted #3400: t=186.131s, hold=False
[INFO] [1786333648.989384656] [cartesian_streamer]: Runtime rate: state=streaming, tick_hz=15.0, queue_send_hz=15.0, ack_hz=15.0, busy_hz=0.0, retry_count=0, reject_count=0, inter_ack_ms=66.7, max_joint_delta=0.000, cumul_time=186.26s, hold_count=0, ik_mode=Local, ik_avg_ms=0.53, ik_fails=0
[WARN] [1786333648.990260857] [cartesian_streamer]: Target stream stale: không có target mới trong 163.7s
[INFO] [1786333649.856560566] [cartesian_streamer]: IK OK → Δmax=0.0000 rad, joints: [1.602, 0.321, -0.323, -0.000, -0.928, -1.475]
[INFO] [1786333650.125202804] [cartesian_streamer]: QueueTrajPoint accepted #3420: t=187.465s, hold=False
[INFO] [1786333651.458992576] [cartesian_streamer]: QueueTrajPoint accepted #3440: t=188.798s, hold=False
[INFO] [1786333651.920568443] [cartesian_streamer]: IK OK → Δmax=0.0000 rad, joints: [1.602, 0.321, -0.323, -0.000, -0.928, -1.475]
[WARN] [1786333652.454071712] [cartesian_streamer]: QueueTrajPoint đã được accept nhưng joint_states hầu như không đổi. Kiểm tra: 1) Robot ở mode AUTO? 2) Servo ON? 3) E-stop cleared?
[INFO] [1786333652.791403745] [cartesian_streamer]: QueueTrajPoint accepted #3460: t=190.132s, hold=False
[INFO] [1786333653.922209380] [cartesian_streamer]: IK OK → Δmax=0.0000 rad, joints: [1.602, 0.321, -0.323, -0.000, -0.928, -1.475]
[INFO] [1786333653.989581610] [cartesian_streamer]: Runtime rate: state=streaming, tick_hz=15.0, queue_send_hz=15.0, ack_hz=15.0, busy_hz=0.0, retry_count=0, reject_count=0, inter_ack_ms=66.7, max_joint_delta=0.000, cumul_time=191.27s, hold_count=0, ik_mode=Local, ik_avg_ms=0.53, ik_fails=0
[WARN] [1786333653.989927534] [cartesian_streamer]: Target stream stale: không có target mới trong 168.7s
[INFO] [1786333654.127434283] [cartesian_streamer]: QueueTrajPoint accepted #3480: t=191.466s, hold=False
[INFO] [1786333655.458830168] [cartesian_streamer]: QueueTrajPoint accepted #3500: t=192.798s, hold=False
[INFO] [1786333655.989810653] [cartesian_streamer]: IK OK → Δmax=0.0000 rad, joints: [1.602, 0.321, -0.323, -0.000, -0.928, -1.475]
[INFO] [1786333656.793117351] [cartesian_streamer]: QueueTrajPoint accepted #3520: t=194.133s, hold=False
[WARN] [1786333657.454947453] [cartesian_streamer]: QueueTrajPoint đã được accept nhưng joint_states hầu như không đổi. Kiểm tra: 1) Robot ở mode AUTO? 2) Servo ON? 3) E-stop cleared?
[INFO] [1786333658.056304302] [cartesian_streamer]: IK OK → Δmax=0.0000 rad, joints: [1.602, 0.321, -0.323, -0.000, -0.928, -1.475]
[INFO] [1786333658.123964779] [cartesian_streamer]: QueueTrajPoint accepted #3540: t=195.465s, hold=False
[INFO] [1786333659.054369243] [cartesian_streamer]: Runtime rate: state=streaming, tick_hz=15.0, queue_send_hz=15.0, ack_hz=15.0, busy_hz=0.0, retry_count=0, reject_count=0, inter_ack_ms=66.7, max_joint_delta=0.000, cumul_time=196.33s, hold_count=0, ik_mode=Local, ik_avg_ms=0.53, ik_fails=0
[WARN] [1786333659.055051474] [cartesian_streamer]: Target stream stale: không có target mới trong 173.8s
[INFO] [1786333659.461353635] [cartesian_streamer]: QueueTrajPoint accepted #3560: t=196.800s, hold=False
[INFO] [1786333660.058176889] [cartesian_streamer]: IK OK → Δmax=0.0000 rad, joints: [1.602, 0.321, -0.323, -0.000, -0.928, -1.475]
[INFO] [1786333660.792401879] [cartesian_streamer]: QueueTrajPoint accepted #3580: t=198.134s, hold=False
[INFO] [1786333662.123355028] [cartesian_streamer]: IK OK → Δmax=0.0000 rad, joints: [1.602, 0.321, -0.323, -0.000, -0.928, -1.475]
[INFO] [1786333662.125419933] [cartesian_streamer]: QueueTrajPoint accepted #3600: t=199.466s, hold=False
[WARN] [1786333662.520698206] [cartesian_streamer]: QueueTrajPoint đã được accept nhưng joint_states hầu như không đổi. Kiểm tra: 1) Robot ở mode AUTO? 2) Servo ON? 3) E-stop cleared?
[INFO] [1786333663.459255787] [cartesian_streamer]: QueueTrajPoint accepted #3620: t=200.798s, hold=False
[INFO] [1786333664.120299478] [cartesian_streamer]: Runtime rate: state=streaming, tick_hz=15.0, queue_send_hz=15.0, ack_hz=15.0, busy_hz=0.0, retry_count=0, reject_count=0, inter_ack_ms=66.6, max_joint_delta=0.000, cumul_time=201.40s, hold_count=0, ik_mode=Local, ik_avg_ms=0.53, ik_fails=0
[WARN] [1786333664.120609806] [cartesian_streamer]: Target stream stale: không có target mới trong 178.9s
[INFO] [1786333664.188477738] [cartesian_streamer]: IK OK → Δmax=0.0000 rad, joints: [1.602, 0.321, -0.323, -0.000, -0.928, -1.475]
[INFO] [1786333664.789936894] [cartesian_streamer]: QueueTrajPoint accepted #3640: t=202.131s, hold=False
