[INFO] [1787023802.942881853] [coord_transform]: CoordTransformNode khởi động.
  Object offset (cam frame): [0.05 0.   0.1 ]
  Translation cam→base:      [0.5 0.  1.2]
  EE orientation (xyzw):     [0.0, 1.0, 0.0, 0.0]
  Prediction step:           2
  Axis remap:                [0, 1, 2]
  Axis sign:                 [-1.0, 1.0, 1.0]
  Workspace X: (-1.0, 1.0), Y: (-0.5, 1.3), Z: (0.05, 1.5)
  Filter outlier_threshold:  0.15m
  Filter median_size_y:      3
  Filter deadband_tol:       15.0mm
  Filter stationary_thresh:  3 frames
  Filter max_rate:           5.0cm/frame
  Filter EMA moving(x,y,z):  (1.0,0.8,1.0)
  Filter EMA hold  (x,y,z):  (0.08,0.02,0.05)
[INFO] [1787023860.151456876] [coord_transform]: Trạng thái tracking: STOPPED
[WARN] [1787023862.657966118] [coord_transform]: Outlier rejected #1 (jumped 206.0mm). Ignoring.
[WARN] [1787023863.725373728] [coord_transform]: Outlier rejected #1 (jumped 220.3mm). Ignoring.
[WARN] [1787023863.762716006] [coord_transform]: Outlier rejected #2 (jumped 253.9mm). Ignoring.
[WARN] [1787023863.872966222] [coord_transform]: Outlier rejected #3 (jumped 238.9mm). Ignoring.
[WARN] [1787023863.938147292] [coord_transform]: Outlier rejected #4 (jumped 219.1mm). Ignoring.
[INFO] [1787023863.968264062] [coord_transform]: Too many outliers (5). Resetting filter to new position.
[WARN] [1787023864.225080752] [coord_transform]: Outlier rejected #1 (jumped 164.6mm). Ignoring.
[WARN] [1787023864.303830020] [coord_transform]: Outlier rejected #2 (jumped 269.5mm). Ignoring.
[WARN] [1787023864.331749102] [coord_transform]: Outlier rejected #3 (jumped 269.5mm). Ignoring.
[WARN] [1787023864.360316176] [coord_transform]: Outlier rejected #4 (jumped 283.2mm). Ignoring.
[INFO] [1787023865.935792454] [coord_transform]: Too many outliers (5). Resetting filter to new position.
[WARN] [1787023876.867577033] [coord_transform]: Outlier rejected #1 (jumped 2765.1mm). Ignoring.
[WARN] [1787023876.902734312] [coord_transform]: Outlier rejected #2 (jumped 2729.1mm). Ignoring.
[WARN] [1787023876.937249959] [coord_transform]: Outlier rejected #3 (jumped 2717.0mm). Ignoring.
[WARN] [1787023876.969781759] [coord_transform]: Outlier rejected #4 (jumped 2741.1mm). Ignoring.
[INFO] [1787023877.001859843] [coord_transform]: Too many outliers (5). Resetting filter to new position.
[INFO] [1787023882.777375919] [coord_transform]: Captured Init Pose! P_init=(-0.162, 0.309, 0.388), Cam_init=(0.113, -0.082, 0.018), Noise_Tol=60.0mm
Orientation=(0.988, -0.153, -0.004, -0.029)
[INFO] [1787023904.590206155] [coord_transform]: Trạng thái tracking: STOPPED
[INFO] [1787023910.017722878] [coord_transform]: Deadband: RELEASE — motion detected
[INFO] [1787023910.055286577] [coord_transform]: Deadband: HOLD at (0.113, -0.082, 0.018)
[INFO] [1787023910.485150821] [coord_transform]: Trạng thái tracking: STOPPED
[INFO] [1787023921.634200545] [coord_transform]: Deadband: RELEASE — motion detected
[INFO] [1787023921.667757604] [coord_transform]: Deadband: HOLD at (0.113, -0.082, 0.018)
[INFO] [1787023922.803008087] [coord_transform]: Re-sync camera init: [ 0.107 -0.132  0.047]
[INFO] [1787023922.803338239] [coord_transform]: Trạng thái tracking: RUNNING
[INFO] [1787023922.805238329] [coord_transform]: [GROUND_TRUTH] Transform: cam[ 0.107 -0.132  0.047] → base[-0.162  0.309  0.388]
[INFO] [1787023923.704243202] [coord_transform]: Deadband: RELEASE — motion detected
[INFO] [1787023923.737586481] [coord_transform]: Deadband: HOLD at (0.107, -0.132, 0.047)
[WARN] [1787023923.804751552] [coord_transform]: Outlier rejected #1 (jumped 152.6mm). Ignoring.
[WARN] [1787023923.939686932] [coord_transform]: Outlier rejected #1 (jumped 161.1mm). Ignoring.
[WARN] [1787023924.570780308] [coord_transform]: Outlier rejected #1 (jumped 165.1mm). Ignoring.
[INFO] [1787023924.806124049] [coord_transform]: [GROUND_TRUTH] Transform: cam[ 0.116 -0.118  0.144] → base[-0.171  0.323  0.486]
[WARN] [1787023924.884717210] [coord_transform]: Outlier rejected #1 (jumped 169.1mm). Ignoring.
[INFO] [1787023926.813689357] [coord_transform]: [GROUND_TRUTH] Transform: cam[0.048 0.397 0.236] → base[-0.103  0.838  0.577]
[INFO] [1787023928.814590306] [coord_transform]: [GROUND_TRUTH] Transform: cam[0.075 0.707 0.16 ] → base[-0.13   1.148  0.502]
[INFO] [1787023930.849237697] [coord_transform]: [GROUND_TRUTH] Transform: cam[0.347 0.774 0.213] → base[-0.402  1.215  0.554]
[INFO] [1787023932.854140756] [coord_transform]: [GROUND_TRUTH] Transform: cam[0.358 0.697 0.173] → base[-0.413  1.138  0.514]
[INFO] [1787023934.857709542] [coord_transform]: [GROUND_TRUTH] Transform: cam[0.097 0.81  0.24 ] → base[-0.152  1.251  0.581]
[INFO] [1787023936.866510556] [coord_transform]: [GROUND_TRUTH] Transform: cam[0.092 0.776 0.201] → base[-0.147  1.217  0.542]
[INFO] [1787023938.868274963] [coord_transform]: [GROUND_TRUTH] Transform: cam[0.171 0.828 0.265] → base[-0.226  1.269  0.607]
[INFO] [1787023940.873448013] [coord_transform]: [GROUND_TRUTH] Transform: cam[0.311 0.775 0.285] → base[-0.366  1.216  0.626]
[INFO] [1787023942.069064950] [coord_transform]: Trạng thái tracking: STOPPED
[WARN] [1787023947.676126371] [coord_transform]: Outlier rejected #1 (jumped 150.5mm). Ignoring.
[WARN] [1787023953.515065108] [coord_transform]: Outlier rejected #1 (jumped 804.1mm). Ignoring.
[WARN] [1787023953.552266330] [coord_transform]: Outlier rejected #2 (jumped 804.8mm). Ignoring.
[WARN] [1787023953.585623087] [coord_transform]: Outlier rejected #3 (jumped 811.8mm). Ignoring.
[WARN] [1787023953.617954938] [coord_transform]: Outlier rejected #4 (jumped 775.5mm). Ignoring.
[INFO] [1787023953.651002383] [coord_transform]: Too many outliers (5). Resetting filter to new position.
[WARN] [1787023953.783155930] [coord_transform]: Outlier rejected #1 (jumped 159.9mm). Ignoring.
[WARN] [1787023953.883345731] [coord_transform]: Outlier rejected #2 (jumped 221.2mm). Ignoring.
[WARN] [1787023953.949746865] [coord_transform]: Outlier rejected #3 (jumped 284.8mm). Ignoring.
[WARN] [1787023954.014690338] [coord_transform]: Outlier rejected #4 (jumped 270.2mm). Ignoring.
[INFO] [1787023954.052615348] [coord_transform]: Too many outliers (5). Resetting filter to new position.
[WARN] [1787023961.427922400] [coord_transform]: Outlier rejected #1 (jumped 248.5mm). Ignoring.
[WARN] [1787023961.461151490] [coord_transform]: Outlier rejected #2 (jumped 254.8mm). Ignoring.
[WARN] [1787023961.494787856] [coord_transform]: Outlier rejected #3 (jumped 269.1mm). Ignoring.
[WARN] [1787023961.530763812] [coord_transform]: Outlier rejected #4 (jumped 272.4mm). Ignoring.
[INFO] [1787023961.563096277] [coord_transform]: Too many outliers (5). Resetting filter to new position.
[WARN] [1787023979.286918727] [coord_transform]: Outlier rejected #1 (jumped 152.2mm). Ignoring.
[INFO] [1787023986.996104530] [coord_transform]: Deadband: HOLD at (0.107, -0.132, 0.047)
[INFO] [1787023987.031486146] [coord_transform]: Deadband: RELEASE — motion detected
[INFO] [1787023989.447499688] [coord_transform]: Re-sync camera init: [ 0.121 -0.139  0.023]
[INFO] [1787023989.447820843] [coord_transform]: Trạng thái tracking: RUNNING
[INFO] [1787023989.463753845] [coord_transform]: [GROUND_TRUTH] Transform: cam[ 0.121 -0.139  0.023] → base[-0.162  0.309  0.388]
[INFO] [1787023990.364693880] [coord_transform]: Deadband: RELEASE — motion detected
[INFO] [1787023991.467105176] [coord_transform]: [GROUND_TRUTH] Transform: cam[ 0.11  -0.001  0.168] → base[-0.151  0.447  0.534]
[INFO] [1787023993.470477887] [coord_transform]: [GROUND_TRUTH] Transform: cam[0.064 0.39  0.163] → base[-0.105  0.838  0.528]
[INFO] [1787023995.473415294] [coord_transform]: [GROUND_TRUTH] Transform: cam[0.317 0.552 0.244] → base[-0.358  1.     0.609]
[INFO] [1787023997.508383859] [coord_transform]: [GROUND_TRUTH] Transform: cam[0.412 0.377 0.179] → base[-0.452  0.825  0.544]
[INFO] [1787023999.513980647] [coord_transform]: [GROUND_TRUTH] Transform: cam[0.178 0.591 0.282] → base[-0.219  1.039  0.647]
[INFO] [1787024001.514469448] [coord_transform]: [GROUND_TRUTH] Transform: cam[-0.007  0.486  0.221] → base[-0.034  0.934  0.586]
[WARN] [1787024001.945870811] [coord_transform]: Outlier rejected #1 (jumped 166.1mm). Ignoring.
[WARN] [1787024002.117005994] [coord_transform]: Outlier rejected #1 (jumped 209.2mm). Ignoring.
[WARN] [1787024002.286521623] [coord_transform]: Outlier rejected #1 (jumped 258.9mm). Ignoring.
[WARN] [1787024002.319337342] [coord_transform]: Outlier rejected #2 (jumped 181.2mm). Ignoring.
[WARN] [1787024002.352784429] [coord_transform]: Outlier rejected #3 (jumped 247.4mm). Ignoring.
[WARN] [1787024002.380585006] [coord_transform]: Outlier rejected #4 (jumped 159.8mm). Ignoring.
[INFO] [1787024002.419382524] [coord_transform]: Too many outliers (5). Resetting filter to new position.
[WARN] [1787024002.454125947] [coord_transform]: Outlier rejected #1 (jumped 165.2mm). Ignoring.
[INFO] [1787024003.519161825] [coord_transform]: [GROUND_TRUTH] Transform: cam[-0.101  0.212  0.065] → base[0.06 0.66 0.43]
[INFO] [1787024005.519531078] [coord_transform]: [GROUND_TRUTH] Transform: cam[-0.039  0.448  0.166] → base[-0.001  0.896  0.532]
[INFO] [1787024007.521209838] [coord_transform]: [GROUND_TRUTH] Transform: cam[0.256 0.507 0.159] → base[-0.297  0.955  0.525]
[INFO] [1787024009.526739148] [coord_transform]: [GROUND_TRUTH] Transform: cam[0.244 0.497 0.173] → base[-0.284  0.945  0.538]
[INFO] [1787024011.564109286] [coord_transform]: [GROUND_TRUTH] Transform: cam[-0.006  0.358  0.122] → base[-0.034  0.806  0.487]
[WARN] [1787024012.593722010] [coord_transform]: Outlier rejected #1 (jumped 154.0mm). Ignoring.
[INFO] [1787024013.597017530] [coord_transform]: [GROUND_TRUTH] Transform: cam[-0.08   0.206  0.113] → base[0.039 0.654 0.478]
[WARN] [1787024014.364856895] [coord_transform]: Outlier rejected #1 (jumped 154.7mm). Ignoring.
[WARN] [1787024014.531267102] [coord_transform]: Outlier rejected #1 (jumped 181.2mm). Ignoring.
[INFO] [1787024015.629145441] [coord_transform]: [GROUND_TRUTH] Transform: cam[-0.053  0.321  0.008] → base[0.012 0.769 0.374]
[INFO] [1787024017.634186345] [coord_transform]: [GROUND_TRUTH] Transform: cam[0.207 0.56  0.204] → base[-0.248  1.008  0.569]
[INFO] [1787024019.635789235] [coord_transform]: [GROUND_TRUTH] Transform: cam[0.307 0.374 0.119] → base[-0.348  0.822  0.485]
[INFO] [1787024021.637039205] [coord_transform]: [GROUND_TRUTH] Transform: cam[0.236 0.469 0.171] → base[-0.277  0.917  0.537]
[INFO] [1787024023.642220190] [coord_transform]: [GROUND_TRUTH] Transform: cam[-0.004  0.419  0.206] → base[-0.036  0.867  0.571]
[WARN] [1787024024.136820613] [coord_transform]: Outlier rejected #1 (jumped 174.2mm). Ignoring.
[INFO] [1787024025.642602536] [coord_transform]: [GROUND_TRUTH] Transform: cam[-0.106  0.227  0.037] → base[0.065 0.675 0.402]
[INFO] [1787024027.645582516] [coord_transform]: [GROUND_TRUTH] Transform: cam[-0.074  0.297  0.106] → base[0.034 0.745 0.471]
[INFO] [1787024029.647359479] [coord_transform]: [GROUND_TRUTH] Transform: cam[0.184 0.581 0.201] → base[-0.224  1.029  0.566]
[INFO] [1787024031.653820651] [coord_transform]: [GROUND_TRUTH] Transform: cam[0.29  0.406 0.069] → base[-0.331  0.854  0.434]
[INFO] [1787024033.463543039] [coord_transform]: Trạng thái tracking: STOPPED
[WARN] [1787024037.919036040] [coord_transform]: Outlier rejected #1 (jumped 151.7mm). Ignoring.
[WARN] [1787024039.755704780] [coord_transform]: Outlier rejected #1 (jumped 163.1mm). Ignoring.
[WARN] [1787024041.271698822] [coord_transform]: Outlier rejected #1 (jumped 228.1mm). Ignoring.
[WARN] [1787024041.340115737] [coord_transform]: Outlier rejected #2 (jumped 297.2mm). Ignoring.
[INFO] [1787024059.644248046] [coord_transform]: Đã chuyển mode: ground_truth -> prediction
[INFO] [1787024066.382714337] [coord_transform]: Deadband: HOLD at (0.121, -0.139, 0.023)
[INFO] [1787024066.406367469] [coord_transform]: [SNAP ON] Tay thực tế đứng yên. Ép dừng robot (GRU đang lệch 35.6cm).
[INFO] [1787024066.418658298] [coord_transform]: Deadband: RELEASE — motion detected
[INFO] [1787024066.444216994] [coord_transform]: [SNAP OFF] Tay di chuyển lại. Trả quyền cho GRU.
[INFO] [1787024068.618252041] [coord_transform]: Deadband: RELEASE — motion detected
[INFO] [1787024068.636642223] [coord_transform]: [SNAP OFF] Tay di chuyển lại. Trả quyền cho GRU.
[INFO] [1787024068.654076354] [coord_transform]: Deadband: HOLD at (0.121, -0.139, 0.023)
[INFO] [1787024068.674217087] [coord_transform]: [SNAP ON] Tay thực tế đứng yên. Ép dừng robot (GRU đang lệch 0.0cm).
[INFO] [1787024071.453224426] [coord_transform]: Deadband: RELEASE — motion detected
[INFO] [1787024071.469119371] [coord_transform]: [SNAP OFF] Tay di chuyển lại. Trả quyền cho GRU.
[INFO] [1787024071.490692971] [coord_transform]: Deadband: HOLD at (0.121, -0.139, 0.023)
[INFO] [1787024071.511182463] [coord_transform]: [SNAP ON] Tay thực tế đứng yên. Ép dừng robot (GRU đang lệch 0.0cm).
[INFO] [1787024075.161367360] [coord_transform]: Deadband: RELEASE — motion detected
[INFO] [1787024075.185359648] [coord_transform]: [SNAP OFF] Tay di chuyển lại. Trả quyền cho GRU.
[INFO] [1787024075.199807946] [coord_transform]: Deadband: HOLD at (0.121, -0.139, 0.023)
[INFO] [1787024075.264779098] [coord_transform]: [SNAP ON] Tay thực tế đứng yên. Ép dừng robot (GRU đang lệch 0.0cm).
[INFO] [1787024075.318982053] [coord_transform]: [SNAP OFF] Tay di chuyển lại. Trả quyền cho GRU.
[INFO] [1787024075.380037400] [coord_transform]: [SNAP OFF] Tay di chuyển lại. Trả quyền cho GRU.
[INFO] [1787024075.896628061] [coord_transform]: Trạng thái tracking: STOPPED
[INFO] [1787024077.560443471] [coord_transform]: Deadband: RELEASE — motion detected
[INFO] [1787024077.597190945] [coord_transform]: Deadband: HOLD at (0.121, -0.139, 0.023)
[INFO] [1787024079.564588927] [coord_transform]: Deadband: RELEASE — motion detected
[INFO] [1787024079.599754422] [coord_transform]: Deadband: HOLD at (0.121, -0.139, 0.023)
[INFO] [1787024081.597278642] [coord_transform]: Deadband: RELEASE — motion detected
[INFO] [1787024081.633252856] [coord_transform]: Deadband: HOLD at (0.121, -0.139, 0.023)
[INFO] [1787024085.735886376] [coord_transform]: Deadband: RELEASE — motion detected
[INFO] [1787024085.768910023] [coord_transform]: Deadband: HOLD at (0.121, -0.139, 0.023)
[INFO] [1787024087.837152783] [coord_transform]: Deadband: RELEASE — motion detected
[INFO] [1787024087.873645837] [coord_transform]: Deadband: HOLD at (0.121, -0.139, 0.023)
[INFO] [1787024091.343240071] [coord_transform]: Deadband: RELEASE — motion detected
[INFO] [1787024091.377122018] [coord_transform]: Deadband: HOLD at (0.121, -0.139, 0.023)
[INFO] [1787024094.385862332] [coord_transform]: Re-sync camera init: [ 0.116 -0.125  0.033]
[INFO] [1787024094.386188346] [coord_transform]: Trạng thái tracking: RUNNING
[INFO] [1787024094.437059182] [coord_transform]: [PREDICTION] Transform: cam[ 0.116 -0.125  0.033] → base[-0.162  0.309  0.388]
[INFO] [1787024095.046249654] [coord_transform]: Deadband: RELEASE — motion detected
[INFO] [1787024095.064488429] [coord_transform]: [SNAP OFF] Tay di chuyển lại. Trả quyền cho GRU.
[INFO] [1787024095.079867476] [coord_transform]: Deadband: HOLD at (0.116, -0.125, 0.033)
[INFO] [1787024095.102615319] [coord_transform]: [SNAP ON] Tay thực tế đứng yên. Ép dừng robot (GRU đang lệch 0.0cm).
[INFO] [1787024095.142232504] [coord_transform]: [SNAP OFF] Tay di chuyển lại. Trả quyền cho GRU.
[INFO] [1787024096.466787938] [coord_transform]: [PREDICTION] Transform: cam[ 0.116 -0.095  0.163] → base[-0.162  0.339  0.518]
[WARN] [1787024096.488439991] [coord_transform]: Outlier rejected #1 (jumped 173.2mm). Ignoring.
[INFO] [1787024098.468270824] [coord_transform]: [PREDICTION] Transform: cam[0.049 0.236 0.196] → base[-0.095  0.67   0.552]
[INFO] [1787024100.468875544] [coord_transform]: [PREDICTION] Transform: cam[ 0.031  0.413 -0.003] → base[-0.077  0.847  0.353]
[INFO] [1787024102.472162073] [coord_transform]: [PREDICTION] Transform: cam[0.221 0.526 0.223] → base[-0.267  0.96   0.579]
[INFO] [1787024104.477290368] [coord_transform]: [PREDICTION] Transform: cam[0.327 0.382 0.132] → base[-0.373  0.816  0.488]
[INFO] [1787024106.478342428] [coord_transform]: [PREDICTION] Transform: cam[0.182 0.479 0.254] → base[-0.228  0.913  0.609]
[INFO] [1787024108.515358769] [coord_transform]: [PREDICTION] Transform: cam[-0.066  0.398  0.16 ] → base[0.021 0.832 0.515]
[WARN] [1787024109.123618869] [coord_transform]: Outlier rejected #1 (jumped 167.2mm). Ignoring.
[WARN] [1787024109.159116621] [coord_transform]: Outlier rejected #2 (jumped 162.2mm). Ignoring.
[WARN] [1787024109.195072161] [coord_transform]: Outlier rejected #3 (jumped 191.9mm). Ignoring.
[INFO] [1787024110.544939289] [coord_transform]: [PREDICTION] Transform: cam[-0.099  0.266  0.091] → base[0.053 0.7   0.447]
[INFO] [1787024112.547901701] [coord_transform]: [PREDICTION] Transform: cam[0.158 0.503 0.27 ] → base[-0.203  0.937  0.625]
[INFO] [1787024114.548755504] [coord_transform]: [PREDICTION] Transform: cam[0.279 0.372 0.125] → base[-0.325  0.806  0.481]
[INFO] [1787024116.556325055] [coord_transform]: [PREDICTION] Transform: cam[0.088 0.489 0.224] → base[-0.134  0.923  0.579]
[INFO] [1787024118.596375737] [coord_transform]: [PREDICTION] Transform: cam[-0.043  0.255  0.064] → base[-0.003  0.689  0.419]
[WARN] [1787024119.568764810] [coord_transform]: Outlier rejected #1 (jumped 152.2mm). Ignoring.
[INFO] [1787024120.629278711] [coord_transform]: [PREDICTION] Transform: cam[-0.024  0.358  0.201] → base[-0.022  0.792  0.557]
[INFO] [1787024122.662236664] [coord_transform]: [PREDICTION] Transform: cam[0.263 0.51  0.182] → base[-0.309  0.944  0.538]
[INFO] [1787024124.696556892] [coord_transform]: [PREDICTION] Transform: cam[0.223 0.448 0.191] → base[-0.268  0.882  0.546]
[INFO] [1787024126.708032495] [coord_transform]: [PREDICTION] Transform: cam[-0.033  0.401  0.188] → base[-0.013  0.835  0.543]
[WARN] [1787024126.972612349] [coord_transform]: Outlier rejected #1 (jumped 593.7mm). Ignoring.
[WARN] [1787024127.240947769] [coord_transform]: Outlier rejected #1 (jumped 160.7mm). Ignoring.
[WARN] [1787024127.307838479] [coord_transform]: Outlier rejected #1 (jumped 202.2mm). Ignoring.
[WARN] [1787024127.375020514] [coord_transform]: Outlier rejected #2 (jumped 256.5mm). Ignoring.
[WARN] [1787024127.442665816] [coord_transform]: Outlier rejected #3 (jumped 181.9mm). Ignoring.
[INFO] [1787024128.731230541] [coord_transform]: [PREDICTION] Transform: cam[-0.072  0.28   0.165] → base[0.026 0.714 0.52 ]
[INFO] [1787024130.734316447] [coord_transform]: [PREDICTION] Transform: cam[0.169 0.438 0.272] → base[-0.215  0.872  0.627]
[INFO] [1787024132.736250595] [coord_transform]: [PREDICTION] Transform: cam[0.274 0.375 0.127] → base[-0.32   0.809  0.482]
[INFO] [1787024134.768668702] [coord_transform]: [PREDICTION] Transform: cam[0.094 0.415 0.247] → base[-0.14   0.849  0.602]
[WARN] [1787024136.183939655] [coord_transform]: Outlier rejected #1 (jumped 436.5mm). Ignoring.
[WARN] [1787024136.215395941] [coord_transform]: Outlier rejected #2 (jumped 423.5mm). Ignoring.
[WARN] [1787024136.317425969] [coord_transform]: Outlier rejected #1 (jumped 261.9mm). Ignoring.
[WARN] [1787024136.383072013] [coord_transform]: Outlier rejected #1 (jumped 251.5mm). Ignoring.
[WARN] [1787024136.449321804] [coord_transform]: Outlier rejected #1 (jumped 153.2mm). Ignoring.
[INFO] [1787024136.770365638] [coord_transform]: [PREDICTION] Transform: cam[-0.032  0.323  0.112] → base[-0.014  0.757  0.468]
[INFO] [1787024138.772028617] [coord_transform]: [PREDICTION] Transform: cam[0.07  0.453 0.283] → base[-0.115  0.887  0.639]
[INFO] [1787024140.810339814] [coord_transform]: [PREDICTION] Transform: cam[0.265 0.386 0.107] → base[-0.311  0.82   0.462]
[INFO] [1787024142.815467002] [coord_transform]: [PREDICTION] Transform: cam[0.104 0.432 0.212] → base[-0.15   0.866  0.568]
[WARN] [1787024144.092265854] [coord_transform]: Outlier rejected #1 (jumped 176.0mm). Ignoring.
[INFO] [1787024144.845357867] [coord_transform]: [PREDICTION] Transform: cam[-0.012  0.245  0.099] → base[-0.034  0.679  0.455]
[INFO] [1787024146.852500986] [coord_transform]: [PREDICTION] Transform: cam[0.065 0.415 0.278] → base[-0.111  0.849  0.633]
[INFO] [1787024148.879563009] [coord_transform]: [PREDICTION] Transform: cam[0.28  0.356 0.093] → base[-0.326  0.79   0.448]
[INFO] [1787024150.880341932] [coord_transform]: [PREDICTION] Transform: cam[0.108 0.399 0.19 ] → base[-0.154  0.833  0.546]
[INFO] [1787024152.894705276] [coord_transform]: [PREDICTION] Transform: cam[-0.014  0.206  0.081] → base[-0.032  0.64   0.436]
[INFO] [1787024154.931522998] [coord_transform]: [PREDICTION] Transform: cam[0.11  0.39  0.226] → base[-0.155  0.824  0.582]
[INFO] [1787024156.952167809] [coord_transform]: [PREDICTION] Transform: cam[0.277 0.375 0.079] → base[-0.323  0.809  0.434]
[INFO] [1787024158.958262118] [coord_transform]: [PREDICTION] Transform: cam[0.085 0.473 0.181] → base[-0.131  0.907  0.536]
[INFO] [1787024160.964870866] [coord_transform]: [PREDICTION] Transform: cam[-0.04   0.278  0.095] → base[-0.005  0.712  0.45 ]
[INFO] [1787024162.989944758] [coord_transform]: [PREDICTION] Transform: cam[0.039 0.451 0.212] → base[-0.084  0.885  0.567]
[INFO] [1787024164.995324721] [coord_transform]: [PREDICTION] Transform: cam[0.256 0.394 0.049] → base[-0.302  0.828  0.405]
[INFO] [1787024167.031171275] [coord_transform]: [PREDICTION] Transform: cam[0.135 0.438 0.175] → base[-0.181  0.872  0.53 ]
[WARN] [1787024168.648688171] [coord_transform]: Outlier rejected #1 (jumped 174.2mm). Ignoring.
[WARN] [1787024168.680584500] [coord_transform]: Outlier rejected #2 (jumped 164.4mm). Ignoring.
[WARN] [1787024168.714841591] [coord_transform]: Outlier rejected #3 (jumped 155.2mm). Ignoring.
[WARN] [1787024168.749445102] [coord_transform]: Outlier rejected #4 (jumped 184.5mm). Ignoring.
[INFO] [1787024168.781164398] [coord_transform]: Too many outliers (5). Resetting filter to new position.
[INFO] [1787024169.034046432] [coord_transform]: [PREDICTION] Transform: cam[-0.065  0.336  0.13 ] → base[0.019 0.77  0.486]
[INFO] [1787024171.041569540] [coord_transform]: [PREDICTION] Transform: cam[0.028 0.436 0.195] → base[-0.074  0.87   0.551]
[INFO] [1787024173.067632764] [coord_transform]: [PREDICTION] Transform: cam[0.238 0.451 0.096] → base[-0.284  0.885  0.451]
[INFO] [1787024173.889196765] [coord_transform]: Trạng thái tracking: STOPPED
[WARN] [1787024197.467884365] [coord_transform]: Outlier rejected #1 (jumped 300.4mm). Ignoring.
[WARN] [1787024197.503236165] [coord_transform]: Outlier rejected #2 (jumped 318.8mm). Ignoring.
[WARN] [1787024197.538294770] [coord_transform]: Outlier rejected #3 (jumped 326.1mm). Ignoring.
[WARN] [1787024197.570722918] [coord_transform]: Outlier rejected #4 (jumped 328.8mm). Ignoring.
[INFO] [1787024197.603320378] [coord_transform]: Too many outliers (5). Resetting filter to new position.
[WARN] [1787024201.403696082] [coord_transform]: Outlier rejected #1 (jumped 1067.3mm). Ignoring.
[WARN] [1787024201.440974121] [coord_transform]: Outlier rejected #2 (jumped 1067.3mm). Ignoring.
[WARN] [1787024201.473165967] [coord_transform]: Outlier rejected #3 (jumped 1014.7mm). Ignoring.
[WARN] [1787024201.537556782] [coord_transform]: Outlier rejected #4 (jumped 1045.0mm). Ignoring.
[INFO] [1787024201.602535249] [coord_transform]: Too many outliers (5). Resetting filter to new position.
[INFO] [1787024202.077311033] [coord_transform]: Deadband: HOLD at (0.116, -0.125, 0.033)
[INFO] [1787024211.171267483] [coord_transform]: Trạng thái tracking: STOPPED
[INFO] [1787024224.300074259] [coord_transform]: Re-sync camera init: [ 0.115 -0.086  0.024]
[INFO] [1787024224.300333353] [coord_transform]: Trạng thái tracking: RUNNING
[INFO] [1787024224.342358751] [coord_transform]: [SNAP ON] Tay thực tế đứng yên. Ép dừng robot (GRU đang lệch 0.0cm).
[INFO] [1787024224.343146432] [coord_transform]: [PREDICTION] Transform: cam[ 0.115 -0.086  0.024] → base[-0.162  0.309  0.388]
[INFO] [1787024224.356432313] [coord_transform]: Deadband: RELEASE — motion detected
[INFO] [1787024224.382454658] [coord_transform]: [SNAP OFF] Tay di chuyển lại. Trả quyền cho GRU.
[INFO] [1787024224.455240400] [coord_transform]: Deadband: HOLD at (0.115, -0.086, 0.024)
[INFO] [1787024225.237980538] [coord_transform]: [SNAP OFF] Tay di chuyển lại. Trả quyền cho GRU.
[INFO] [1787024225.311076572] [coord_transform]: [SNAP OFF] Tay di chuyển lại. Trả quyền cho GRU.
[WARN] [1787024226.089339257] [coord_transform]: Outlier rejected #1 (jumped 150.1mm). Ignoring.
[WARN] [1787024226.129004283] [coord_transform]: Outlier rejected #2 (jumped 188.1mm). Ignoring.
[WARN] [1787024226.160988732] [coord_transform]: Outlier rejected #3 (jumped 175.2mm). Ignoring.
[WARN] [1787024226.193502710] [coord_transform]: Outlier rejected #4 (jumped 237.3mm). Ignoring.
[INFO] [1787024226.229702135] [coord_transform]: Too many outliers (5). Resetting filter to new position.
[INFO] [1787024226.347974820] [coord_transform]: [PREDICTION] Transform: cam[ 0.136 -0.178  0.149] → base[-0.183  0.217  0.512]
[INFO] [1787024228.376303846] [coord_transform]: [PREDICTION] Transform: cam[0.08  0.176 0.253] → base[-0.127  0.571  0.617]
[INFO] [1787024230.377768066] [coord_transform]: [PREDICTION] Transform: cam[0.075 0.469 0.16 ] → base[-0.122  0.864  0.524]
[INFO] [1787024232.379155757] [coord_transform]: [PREDICTION] Transform: cam[0.302 0.457 0.153] → base[-0.349  0.852  0.517]
[INFO] [1787024234.387706377] [coord_transform]: [PREDICTION] Transform: cam[0.168 0.486 0.21 ] → base[-0.215  0.881  0.574]
[INFO] [1787024236.390674946] [coord_transform]: [PREDICTION] Transform: cam[-0.045  0.442  0.195] → base[-0.002  0.837  0.559]
[WARN] [1787024236.798425532] [coord_transform]: Outlier rejected #1 (jumped 170.2mm). Ignoring.
[WARN] [1787024236.837246745] [coord_transform]: Outlier rejected #2 (jumped 199.8mm). Ignoring.
[WARN] [1787024236.869645728] [coord_transform]: Outlier rejected #3 (jumped 209.5mm). Ignoring.
[WARN] [1787024236.903592527] [coord_transform]: Outlier rejected #4 (jumped 171.0mm). Ignoring.
[INFO] [1787024238.420475357] [coord_transform]: [PREDICTION] Transform: cam[-0.051  0.296  0.091] → base[0.003 0.691 0.454]
[INFO] [1787024240.459752432] [coord_transform]: [PREDICTION] Transform: cam[0.268 0.476 0.167] → base[-0.316  0.871  0.531]
[INFO] [1787024242.468559619] [coord_transform]: [PREDICTION] Transform: cam[0.286 0.387 0.146] → base[-0.333  0.782  0.51 ]
[INFO] [1787024244.493325802] [coord_transform]: [PREDICTION] Transform: cam[0.108 0.386 0.19 ] → base[-0.155  0.781  0.553]
[WARN] [1787024245.740268381] [coord_transform]: Outlier rejected #1 (jumped 288.0mm). Ignoring.
[WARN] [1787024245.774359523] [coord_transform]: Outlier rejected #2 (jumped 161.3mm). Ignoring.
[WARN] [1787024245.811120308] [coord_transform]: Outlier rejected #3 (jumped 184.3mm). Ignoring.
[WARN] [1787024245.844042173] [coord_transform]: Outlier rejected #4 (jumped 301.6mm). Ignoring.
[INFO] [1787024245.875520331] [coord_transform]: Too many outliers (5). Resetting filter to new position.
[INFO] [1787024246.493471811] [coord_transform]: [PREDICTION] Transform: cam[-0.065  0.239  0.063] → base[0.018 0.634 0.427]
[INFO] [1787024248.494688545] [coord_transform]: [PREDICTION] Transform: cam[-0.016  0.415  0.2  ] → base[-0.031  0.81   0.564]
[INFO] [1787024250.497553043] [coord_transform]: [PREDICTION] Transform: cam[0.265 0.458 0.165] → base[-0.313  0.853  0.528]
[INFO] [1787024252.500036250] [coord_transform]: [PREDICTION] Transform: cam[0.296 0.351 0.039] → base[-0.343  0.746  0.402]
[INFO] [1787024254.507420061] [coord_transform]: [PREDICTION] Transform: cam[0.114 0.434 0.198] → base[-0.161  0.829  0.561]
[INFO] [1787024256.536010566] [coord_transform]: [PREDICTION] Transform: cam[-0.084  0.402  0.191] → base[0.036 0.797 0.555]
[WARN] [1787024256.549899258] [coord_transform]: Outlier rejected #1 (jumped 172.1mm). Ignoring.
[WARN] [1787024256.616625700] [coord_transform]: Outlier rejected #1 (jumped 173.6mm). Ignoring.
[WARN] [1787024256.682318705] [coord_transform]: Outlier rejected #1 (jumped 184.9mm). Ignoring.
[WARN] [1787024256.717638821] [coord_transform]: Outlier rejected #2 (jumped 230.0mm). Ignoring.
[WARN] [1787024256.948392183] [coord_transform]: Outlier rejected #1 (jumped 209.5mm). Ignoring.
[WARN] [1787024257.084961459] [coord_transform]: Outlier rejected #1 (jumped 189.6mm). Ignoring.
[WARN] [1787024257.118807441] [coord_transform]: Outlier rejected #2 (jumped 179.6mm). Ignoring.
[WARN] [1787024257.285551109] [coord_transform]: Outlier rejected #1 (jumped 191.6mm). Ignoring.
[INFO] [1787024258.568118588] [coord_transform]: [PREDICTION] Transform: cam[-0.015  0.365  0.246] → base[-0.032  0.76   0.61 ]
[INFO] [1787024260.570009596] [coord_transform]: [PREDICTION] Transform: cam[0.231 0.478 0.175] → base[-0.278  0.873  0.539]
[INFO] [1787024262.573904390] [coord_transform]: [PREDICTION] Transform: cam[0.254 0.444 0.156] → base[-0.301  0.839  0.52 ]
[INFO] [1787024264.607479987] [coord_transform]: [PREDICTION] Transform: cam[0.069 0.401 0.177] → base[-0.116  0.796  0.541]
[WARN] [1787024265.257061318] [coord_transform]: Outlier rejected #1 (jumped 150.1mm). Ignoring.
[INFO] [1787024266.608628384] [coord_transform]: [PREDICTION] Transform: cam[-0.008  0.309  0.152] → base[-0.039  0.704  0.516]
[INFO] [1787024268.620416600] [coord_transform]: [PREDICTION] Transform: cam[0.244 0.454 0.175] → base[-0.292  0.849  0.539]
[INFO] [1787024270.648179103] [coord_transform]: [PREDICTION] Transform: cam[0.266 0.392 0.107] → base[-0.313  0.787  0.471]
[INFO] [1787024272.649829631] [coord_transform]: [PREDICTION] Transform: cam[0.114 0.408 0.22 ] → base[-0.161  0.803  0.584]
[WARN] [1787024273.897082162] [coord_transform]: Outlier rejected #1 (jumped 521.4mm). Ignoring.
[WARN] [1787024273.959846786] [coord_transform]: Outlier rejected #1 (jumped 264.4mm). Ignoring.
[WARN] [1787024273.997090465] [coord_transform]: Outlier rejected #2 (jumped 252.8mm). Ignoring.
[WARN] [1787024274.030749404] [coord_transform]: Outlier rejected #3 (jumped 549.8mm). Ignoring.
[WARN] [1787024274.159158658] [coord_transform]: Outlier rejected #1 (jumped 200.2mm). Ignoring.
[INFO] [1787024274.650742272] [coord_transform]: [PREDICTION] Transform: cam[-0.027  0.29   0.128] → base[-0.02   0.685  0.491]
[WARN] [1787024275.197186313] [coord_transform]: Outlier rejected #1 (jumped 168.2mm). Ignoring.
[INFO] [1787024276.689610609] [coord_transform]: [PREDICTION] Transform: cam[0.072 0.406 0.27 ] → base[-0.119  0.801  0.634]
[INFO] [1787024278.717475601] [coord_transform]: [PREDICTION] Transform: cam[0.269 0.373 0.036] → base[-0.316  0.768  0.4  ]
[INFO] [1787024280.213589447] [coord_transform]: Trạng thái tracking: STOPPED
[WARN] [1787024286.402126480] [coord_transform]: Outlier rejected #1 (jumped 168.7mm). Ignoring.
[WARN] [1787024287.270222980] [coord_transform]: Outlier rejected #1 (jumped 184.9mm). Ignoring.
[WARN] [1787024287.307511473] [coord_transform]: Outlier rejected #2 (jumped 175.8mm). Ignoring.
[WARN] [1787024287.340950136] [coord_transform]: Outlier rejected #3 (jumped 425.6mm). Ignoring.
[WARN] [1787024287.468279097] [coord_transform]: Outlier rejected #1 (jumped 207.4mm). Ignoring.
[WARN] [1787024287.612286232] [coord_transform]: Outlier rejected #1 (jumped 265.6mm). Ignoring.
[WARN] [1787024287.636729871] [coord_transform]: Outlier rejected #2 (jumped 432.9mm). Ignoring.
[WARN] [1787024287.706898169] [coord_transform]: Outlier rejected #1 (jumped 220.6mm). Ignoring.
[WARN] [1787024287.771601994] [coord_transform]: Outlier rejected #1 (jumped 224.2mm). Ignoring.
[WARN] [1787024287.805472021] [coord_transform]: Outlier rejected #2 (jumped 209.5mm). Ignoring.
[WARN] [1787024287.869088310] [coord_transform]: Outlier rejected #1 (jumped 152.5mm). Ignoring.
[WARN] [1787024287.908327827] [coord_transform]: Outlier rejected #2 (jumped 308.3mm). Ignoring.
[WARN] [1787024287.941373129] [coord_transform]: Outlier rejected #3 (jumped 327.6mm). Ignoring.
[WARN] [1787024288.002166267] [coord_transform]: Outlier rejected #1 (jumped 161.9mm). Ignoring.
[WARN] [1787024288.070217124] [coord_transform]: Outlier rejected #1 (jumped 378.4mm). Ignoring.
[WARN] [1787024288.268266085] [coord_transform]: Outlier rejected #1 (jumped 267.4mm). Ignoring.
[WARN] [1787024288.370160724] [coord_transform]: Outlier rejected #1 (jumped 201.2mm). Ignoring.
[WARN] [1787024300.212800763] [coord_transform]: Outlier rejected #1 (jumped 867.4mm). Ignoring.
[WARN] [1787024300.247987089] [coord_transform]: Outlier rejected #2 (jumped 889.7mm). Ignoring.
[WARN] [1787024300.282792541] [coord_transform]: Outlier rejected #3 (jumped 976.4mm). Ignoring.
[WARN] [1787024300.646711387] [coord_transform]: Outlier rejected #4 (jumped 889.9mm). Ignoring.
[INFO] [1787024300.680835040] [coord_transform]: Too many outliers (5). Resetting filter to new position.
[WARN] [1787024306.783775218] [coord_transform]: Outlier rejected #1 (jumped 395.8mm). Ignoring.
[WARN] [1787024306.818121849] [coord_transform]: Outlier rejected #2 (jumped 394.1mm). Ignoring.
[WARN] [1787024306.854190004] [coord_transform]: Outlier rejected #3 (jumped 405.3mm). Ignoring.
[WARN] [1787024306.888990668] [coord_transform]: Outlier rejected #4 (jumped 411.0mm). Ignoring.
[INFO] [1787024306.920125831] [coord_transform]: Too many outliers (5). Resetting filter to new position.
[WARN] [1787024309.687093821] [coord_transform]: Outlier rejected #1 (jumped 155.1mm). Ignoring.
[WARN] [1787024309.720755032] [coord_transform]: Outlier rejected #2 (jumped 200.8mm). Ignoring.
[WARN] [1787024309.758486940] [coord_transform]: Outlier rejected #3 (jumped 235.0mm). Ignoring.
[WARN] [1787024309.790713365] [coord_transform]: Outlier rejected #4 (jumped 238.6mm). Ignoring.
[INFO] [1787024309.822116764] [coord_transform]: Too many outliers (5). Resetting filter to new position.
[WARN] [1787024314.791132862] [coord_transform]: Outlier rejected #1 (jumped 975.1mm). Ignoring.
[WARN] [1787024314.828480726] [coord_transform]: Outlier rejected #2 (jumped 919.7mm). Ignoring.
[WARN] [1787024314.861729155] [coord_transform]: Outlier rejected #3 (jumped 885.2mm). Ignoring.
[WARN] [1787024314.894769769] [coord_transform]: Outlier rejected #4 (jumped 946.7mm). Ignoring.
[INFO] [1787024314.926473174] [coord_transform]: Too many outliers (5). Resetting filter to new position.
[INFO] [1787024316.693530141] [coord_transform]: Deadband: HOLD at (0.115, -0.086, 0.024)
[INFO] [1787024316.729280818] [coord_transform]: Deadband: RELEASE — motion detected
[INFO] [1787024320.493993627] [coord_transform]: Deadband: RELEASE — motion detected
[INFO] [1787024320.531173678] [coord_transform]: Deadband: HOLD at (0.115, -0.086, 0.024)
[INFO] [1787024321.747848826] [coord_transform]: Trạng thái tracking: STOPPED
[INFO] [1787024325.266250694] [coord_transform]: Deadband: RELEASE — motion detected
[INFO] [1787024325.298733422] [coord_transform]: Deadband: HOLD at (0.115, -0.086, 0.024)
[INFO] [1787024330.369070204] [coord_transform]: Deadband: RELEASE — motion detected
[INFO] [1787024330.406898937] [coord_transform]: Deadband: HOLD at (0.115, -0.086, 0.024)
[INFO] [1787024332.370889833] [coord_transform]: Deadband: RELEASE — motion detected
[INFO] [1787024332.408646527] [coord_transform]: Deadband: HOLD at (0.115, -0.086, 0.024)
[INFO] [1787024333.319652327] [coord_transform]: Re-sync camera init: [ 0.111 -0.125  0.033]
[INFO] [1787024333.320239709] [coord_transform]: Trạng thái tracking: RUNNING
[INFO] [1787024333.364413420] [coord_transform]: [SNAP ON] Tay thực tế đứng yên. Ép dừng robot (GRU đang lệch 0.0cm).
[INFO] [1787024333.365498063] [coord_transform]: [PREDICTION] Transform: cam[ 0.111 -0.125  0.033] → base[-0.162  0.309  0.388]
[INFO] [1787024334.441231267] [coord_transform]: Deadband: RELEASE — motion detected
[INFO] [1787024334.461917830] [coord_transform]: [SNAP OFF] Tay di chuyển lại. Trả quyền cho GRU.
[INFO] [1787024334.473734656] [coord_transform]: Deadband: HOLD at (0.111, -0.125, 0.033)
[INFO] [1787024334.495552320] [coord_transform]: [SNAP ON] Tay thực tế đứng yên. Ép dừng robot (GRU đang lệch 0.0cm).
[INFO] [1787024334.530027942] [coord_transform]: [SNAP OFF] Tay di chuyển lại. Trả quyền cho GRU.
[INFO] [1787024334.594397294] [coord_transform]: [SNAP OFF] Tay di chuyển lại. Trả quyền cho GRU.
[INFO] [1787024335.366577172] [coord_transform]: [PREDICTION] Transform: cam[ 0.135 -0.149  0.122] → base[-0.185  0.285  0.478]
[INFO] [1787024337.395380232] [coord_transform]: [PREDICTION] Transform: cam[0.079 0.196 0.239] → base[-0.129  0.63   0.595]
[INFO] [1787024339.427878721] [coord_transform]: [PREDICTION] Transform: cam[0.046 0.562 0.195] → base[-0.097  0.996  0.551]
[INFO] [1787024341.430744415] [coord_transform]: [PREDICTION] Transform: cam[0.009 0.759 0.031] → base[-0.059  1.193  0.386]
[INFO] [1787024343.438001734] [coord_transform]: [PREDICTION] Transform: cam[0.035 0.735 0.032] → base[-0.085  1.169  0.388]
[INFO] [1787024344.415969797] [coord_transform]: Trạng thái tracking: STOPPED
[WARN] [1787024350.952373385] [coord_transform]: Outlier rejected #1 (jumped 390.0mm). Ignoring.
[WARN] [1787024350.985830133] [coord_transform]: Outlier rejected #2 (jumped 385.6mm). Ignoring.
[WARN] [1787024351.018635636] [coord_transform]: Outlier rejected #3 (jumped 386.0mm). Ignoring.
[WARN] [1787024351.054901999] [coord_transform]: Outlier rejected #4 (jumped 388.3mm). Ignoring.
[INFO] [1787024351.087125960] [coord_transform]: Too many outliers (5). Resetting filter to new position.
[WARN] [1787024351.118081746] [coord_transform]: Outlier rejected #1 (jumped 283.9mm). Ignoring.
[WARN] [1787024351.153119941] [coord_transform]: Outlier rejected #2 (jumped 472.6mm). Ignoring.
[WARN] [1787024351.186542515] [coord_transform]: Outlier rejected #3 (jumped 286.3mm). Ignoring.
[WARN] [1787024351.220078092] [coord_transform]: Outlier rejected #4 (jumped 382.8mm). Ignoring.
[INFO] [1787024351.252592762] [coord_transform]: Too many outliers (5). Resetting filter to new position.
[WARN] [1787024364.695309905] [coord_transform]: Outlier rejected #1 (jumped 178.0mm). Ignoring.
[WARN] [1787024364.730966905] [coord_transform]: Outlier rejected #2 (jumped 180.5mm). Ignoring.
[WARN] [1787024364.762879167] [coord_transform]: Outlier rejected #3 (jumped 180.5mm). Ignoring.
[WARN] [1787024364.798308288] [coord_transform]: Outlier rejected #4 (jumped 183.3mm). Ignoring.
[INFO] [1787024364.829477259] [coord_transform]: Too many outliers (5). Resetting filter to new position.
[INFO] [1787024367.263792635] [coord_transform]: Deadband: HOLD at (0.111, -0.125, 0.033)
[INFO] [1787024367.428334841] [coord_transform]: Deadband: RELEASE — motion detected
[INFO] [1787024369.599062780] [coord_transform]: Deadband: RELEASE — motion detected
[INFO] [1787024369.634458869] [coord_transform]: Deadband: HOLD at (0.111, -0.125, 0.033)
[INFO] [1787024371.600950680] [coord_transform]: Deadband: RELEASE — motion detected
[INFO] [1787024371.634895650] [coord_transform]: Deadband: HOLD at (0.111, -0.125, 0.033)
[INFO] [1787024373.632911452] [coord_transform]: Deadband: RELEASE — motion detected
[INFO] [1787024373.669892033] [coord_transform]: Deadband: HOLD at (0.111, -0.125, 0.033)
[INFO] [1787024376.242796015] [coord_transform]: Re-sync camera init: [ 0.132 -0.165  0.037]
[INFO] [1787024376.243049653] [coord_transform]: Trạng thái tracking: RUNNING
[INFO] [1787024376.297965630] [coord_transform]: Deadband: RELEASE — motion detected
[INFO] [1787024376.298290852] [coord_transform]: [SNAP ON] Tay thực tế đứng yên. Ép dừng robot (GRU đang lệch 73.3cm).
[INFO] [1787024376.299411421] [coord_transform]: [PREDICTION] Transform: cam[ 0.132 -0.165  0.037] → base[-0.162  0.309  0.388]
[INFO] [1787024377.498085520] [coord_transform]: [SNAP OFF] Tay di chuyển lại. Trả quyền cho GRU.
[INFO] [1787024377.510394586] [coord_transform]: Deadband: HOLD at (0.132, -0.165, 0.037)
[INFO] [1787024377.537986456] [coord_transform]: [SNAP ON] Tay thực tế đứng yên. Ép dừng robot (GRU đang lệch 73.7cm).
[INFO] [1787024377.563372374] [coord_transform]: [SNAP OFF] Tay di chuyển lại. Trả quyền cho GRU.
[WARN] [1787024377.673185080] [coord_transform]: Outlier rejected #1 (jumped 169.2mm). Ignoring.
[WARN] [1787024378.305622200] [coord_transform]: Outlier rejected #1 (jumped 152.2mm). Ignoring.
[INFO] [1787024378.326917444] [coord_transform]: [PREDICTION] Transform: cam[0.141 0.426 0.129] → base[-0.172  0.9    0.481]
[WARN] [1787024378.342262482] [coord_transform]: Outlier rejected #2 (jumped 188.2mm). Ignoring.
[INFO] [1787024380.358416992] [coord_transform]: [PREDICTION] Transform: cam[0.062 0.371 0.194] → base[-0.092  0.845  0.545]
[INFO] [1787024382.363690950] [coord_transform]: [PREDICTION] Transform: cam[0.07  0.662 0.11 ] → base[-0.1    1.136  0.462]
[INFO] [1787024383.253611809] [coord_transform]: Trạng thái tracking: STOPPED
[WARN] [1787024395.852641536] [coord_transform]: Outlier rejected #1 (jumped 1090.0mm). Ignoring.
[WARN] [1787024395.889095578] [coord_transform]: Outlier rejected #2 (jumped 1039.2mm). Ignoring.
[WARN] [1787024395.922375037] [coord_transform]: Outlier rejected #3 (jumped 1014.1mm). Ignoring.
[WARN] [1787024395.952435187] [coord_transform]: Outlier rejected #4 (jumped 989.2mm). Ignoring.
[INFO] [1787024395.986150063] [coord_transform]: Too many outliers (5). Resetting filter to new position.
[WARN] [1787024404.389809177] [coord_transform]: Outlier rejected #1 (jumped 875.6mm). Ignoring.
[WARN] [1787024404.428633401] [coord_transform]: Outlier rejected #2 (jumped 878.9mm). Ignoring.
[WARN] [1787024404.461253910] [coord_transform]: Outlier rejected #3 (jumped 866.2mm). Ignoring.
[WARN] [1787024404.493032940] [coord_transform]: Outlier rejected #4 (jumped 868.3mm). Ignoring.
[INFO] [1787024404.527236430] [coord_transform]: Too many outliers (5). Resetting filter to new position.
[WARN] [1787024405.492700330] [coord_transform]: Outlier rejected #1 (jumped 194.6mm). Ignoring.
[WARN] [1787024405.592320432] [coord_transform]: Outlier rejected #1 (jumped 173.9mm). Ignoring.
[WARN] [1787024405.628949700] [coord_transform]: Outlier rejected #2 (jumped 237.1mm). Ignoring.
[WARN] [1787024405.662036298] [coord_transform]: Outlier rejected #3 (jumped 236.0mm). Ignoring.
[INFO] [1787024407.060058089] [coord_transform]: Deadband: HOLD at (0.132, -0.165, 0.037)
[INFO] [1787024408.360825254] [coord_transform]: Deadband: RELEASE — motion detected
[INFO] [1787024410.127888338] [coord_transform]: Deadband: HOLD at (0.132, -0.165, 0.037)
[INFO] [1787024411.227707688] [coord_transform]: Deadband: RELEASE — motion detected
[INFO] [1787024417.530270480] [coord_transform]: Deadband: HOLD at (0.132, -0.165, 0.037)
[INFO] [1787024417.569033999] [coord_transform]: Deadband: RELEASE — motion detected
[INFO] [1787024419.772289104] [coord_transform]: Deadband: RELEASE — motion detected
[INFO] [1787024419.801446333] [coord_transform]: Deadband: HOLD at (0.132, -0.165, 0.037)
[INFO] [1787024422.594812684] [coord_transform]: Re-sync camera init: [ 0.119 -0.074  0.029]
[INFO] [1787024422.595231419] [coord_transform]: Trạng thái tracking: RUNNING
[INFO] [1787024422.604703251] [coord_transform]: Deadband: RELEASE — motion detected
[INFO] [1787024422.627756488] [coord_transform]: [PREDICTION] Transform: cam[0.08  0.56  0.041] → base[-0.123  0.943  0.4  ]
[WARN] [1787024424.271504898] [coord_transform]: Outlier rejected #1 (jumped 155.1mm). Ignoring.
[INFO] [1787024424.655494478] [coord_transform]: [PREDICTION] Transform: cam[0.117 0.402 0.115] → base[-0.16   0.785  0.474]
[INFO] [1787024426.657762538] [coord_transform]: [PREDICTION] Transform: cam[-0.037  0.384  0.2  ] → base[-0.006  0.767  0.559]
[INFO] [1787024428.663889551] [coord_transform]: [PREDICTION] Transform: cam[-0.153  0.637  0.095] → base[0.11  1.02  0.454]
[INFO] [1787024429.965274343] [coord_transform]: Trạng thái tracking: STOPPED
[INFO] [1787024429.967776249] [coord_transform]: Re-sync camera init: [-0.152  0.649  0.049]
[INFO] [1787024429.968095855] [coord_transform]: Trạng thái tracking: RUNNING
[INFO] [1787024429.993506756] [coord_transform]: [SNAP ON] Tay thực tế đứng yên. Ép dừng robot (GRU đang lệch 0.0cm).
[INFO] [1787024430.695139618] [coord_transform]: [PREDICTION] Transform: cam[-0.152  0.649  0.049] → base[-0.162  0.309  0.388]
[INFO] [1787024431.542792146] [coord_transform]: Trạng thái tracking: STOPPED
[INFO] [1787024432.843341830] [coord_transform]: Deadband: RELEASE — motion detected
[INFO] [1787024433.445246463] [coord_transform]: Deadband: HOLD at (-0.152, 0.649, 0.049)
[INFO] [1787024459.276686904] [coord_transform]: Trạng thái tracking: STOPPED
[WARN] [1787024460.764450553] [coord_transform]: Outlier rejected #1 (jumped 1004.2mm). Ignoring.
[WARN] [1787024460.830532066] [coord_transform]: Outlier rejected #2 (jumped 1016.7mm). Ignoring.
[WARN] [1787024460.866700857] [coord_transform]: Outlier rejected #3 (jumped 1015.8mm). Ignoring.
[WARN] [1787024461.000882190] [coord_transform]: Outlier rejected #4 (jumped 987.7mm). Ignoring.
[INFO] [1787024461.035092882] [coord_transform]: Too many outliers (5). Resetting filter to new position.
[WARN] [1787024467.069035650] [coord_transform]: Outlier rejected #1 (jumped 220.4mm). Ignoring.
[WARN] [1787024467.105514981] [coord_transform]: Outlier rejected #2 (jumped 244.6mm). Ignoring.
[WARN] [1787024467.169288580] [coord_transform]: Outlier rejected #1 (jumped 170.1mm). Ignoring.
[WARN] [1787024467.207396207] [coord_transform]: Outlier rejected #2 (jumped 203.7mm). Ignoring.
[WARN] [1787024467.240483446] [coord_transform]: Outlier rejected #3 (jumped 279.5mm). Ignoring.
[WARN] [1787024467.337332713] [coord_transform]: Outlier rejected #1 (jumped 193.2mm). Ignoring.
[WARN] [1787024467.374102932] [coord_transform]: Outlier rejected #2 (jumped 330.0mm). Ignoring.
[WARN] [1787024467.407276858] [coord_transform]: Outlier rejected #3 (jumped 365.8mm). Ignoring.
[WARN] [1787024467.440837506] [coord_transform]: Outlier rejected #4 (jumped 366.1mm). Ignoring.
[INFO] [1787024467.475448370] [coord_transform]: Too many outliers (5). Resetting filter to new position.
[WARN] [1787024468.673338012] [coord_transform]: Outlier rejected #1 (jumped 286.8mm). Ignoring.
[WARN] [1787024468.705905246] [coord_transform]: Outlier rejected #2 (jumped 251.6mm). Ignoring.
[WARN] [1787024468.739703803] [coord_transform]: Outlier rejected #3 (jumped 266.6mm). Ignoring.
[WARN] [1787024468.774381418] [coord_transform]: Outlier rejected #4 (jumped 247.3mm). Ignoring.
[INFO] [1787024468.808776310] [coord_transform]: Too many outliers (5). Resetting filter to new position.
[WARN] [1787024468.970758730] [coord_transform]: Outlier rejected #1 (jumped 933.7mm). Ignoring.
[WARN] [1787024469.006906576] [coord_transform]: Outlier rejected #2 (jumped 688.6mm). Ignoring.
[WARN] [1787024471.439731232] [coord_transform]: Outlier rejected #1 (jumped 258.3mm). Ignoring.
[WARN] [1787024471.476008925] [coord_transform]: Outlier rejected #2 (jumped 265.5mm). Ignoring.
[WARN] [1787024471.509001674] [coord_transform]: Outlier rejected #3 (jumped 320.9mm). Ignoring.
[WARN] [1787024471.541472271] [coord_transform]: Outlier rejected #4 (jumped 293.7mm). Ignoring.
[INFO] [1787024471.576649141] [coord_transform]: Too many outliers (5). Resetting filter to new position.
[WARN] [1787024473.140764386] [coord_transform]: Outlier rejected #1 (jumped 507.5mm). Ignoring.
[WARN] [1787024473.177403687] [coord_transform]: Outlier rejected #2 (jumped 730.0mm). Ignoring.
[WARN] [1787024473.211549564] [coord_transform]: Outlier rejected #3 (jumped 547.1mm). Ignoring.
[WARN] [1787024473.243272603] [coord_transform]: Outlier rejected #4 (jumped 439.6mm). Ignoring.
[WARN] [1787024473.342702725] [coord_transform]: Outlier rejected #1 (jumped 590.2mm). Ignoring.
[WARN] [1787024478.745653613] [coord_transform]: Outlier rejected #1 (jumped 769.0mm). Ignoring.
[WARN] [1787024478.782784306] [coord_transform]: Outlier rejected #2 (jumped 794.7mm). Ignoring.
[WARN] [1787024478.814547609] [coord_transform]: Outlier rejected #3 (jumped 954.6mm). Ignoring.
[WARN] [1787024478.847985493] [coord_transform]: Outlier rejected #4 (jumped 916.9mm). Ignoring.
[INFO] [1787024478.880879303] [coord_transform]: Too many outliers (5). Resetting filter to new position.
[WARN] [1787024479.279360840] [coord_transform]: Outlier rejected #1 (jumped 157.9mm). Ignoring.
[WARN] [1787024479.313209043] [coord_transform]: Outlier rejected #2 (jumped 167.7mm). Ignoring.
[WARN] [1787024479.448270189] [coord_transform]: Outlier rejected #1 (jumped 354.0mm). Ignoring.
[WARN] [1787024479.512798602] [coord_transform]: Outlier rejected #1 (jumped 732.4mm). Ignoring.
[WARN] [1787024479.548538873] [coord_transform]: Outlier rejected #2 (jumped 709.6mm). Ignoring.
[WARN] [1787024479.582336389] [coord_transform]: Outlier rejected #3 (jumped 718.1mm). Ignoring.
[WARN] [1787024479.615825974] [coord_transform]: Outlier rejected #4 (jumped 711.5mm). Ignoring.
[INFO] [1787024479.650358329] [coord_transform]: Too many outliers (5). Resetting filter to new position.
[WARN] [1787024483.850999948] [coord_transform]: Outlier rejected #1 (jumped 1736.4mm). Ignoring.
[WARN] [1787024483.915628308] [coord_transform]: Outlier rejected #2 (jumped 1784.5mm). Ignoring.
[WARN] [1787024483.951516373] [coord_transform]: Outlier rejected #3 (jumped 1714.4mm). Ignoring.
[WARN] [1787024483.986699947] [coord_transform]: Outlier rejected #4 (jumped 1805.6mm). Ignoring.
[INFO] [1787024484.049898748] [coord_transform]: Too many outliers (5). Resetting filter to new position.
[WARN] [1787024484.228576130] [coord_transform]: Outlier rejected #1 (jumped 2064.5mm). Ignoring.
[WARN] [1787024484.255145972] [coord_transform]: Outlier rejected #2 (jumped 1993.7mm). Ignoring.
[WARN] [1787024484.282892518] [coord_transform]: Outlier rejected #3 (jumped 1927.1mm). Ignoring.
[WARN] [1787024484.315653313] [coord_transform]: Outlier rejected #4 (jumped 1951.0mm). Ignoring.
[INFO] [1787024484.351022766] [coord_transform]: Too many outliers (5). Resetting filter to new position.
[WARN] [1787024484.915776467] [coord_transform]: Outlier rejected #1 (jumped 150.2mm). Ignoring.
[INFO] [1787024505.564181695] [coord_transform]: Re-sync camera init: [ 0.126 -0.125  0.028]
[INFO] [1787024505.564432284] [coord_transform]: Trạng thái tracking: RUNNING
[INFO] [1787024505.586337097] [coord_transform]: [PREDICTION] Transform: cam[ 0.126 -0.125  0.028] → base[-0.162  0.309  0.388]
[INFO] [1787024506.433438945] [coord_transform]: Deadband: RELEASE — motion detected
[INFO] [1787024506.450133452] [coord_transform]: [SNAP OFF] Tay di chuyển lại. Trả quyền cho GRU.
[INFO] [1787024506.469142163] [coord_transform]: Deadband: HOLD at (0.126, -0.125, 0.028)
[INFO] [1787024506.493568512] [coord_transform]: [SNAP ON] Tay thực tế đứng yên. Ép dừng robot (GRU đang lệch 0.0cm).
[INFO] [1787024506.531769165] [coord_transform]: [SNAP OFF] Tay di chuyển lại. Trả quyền cho GRU.
[WARN] [1787024507.271945142] [coord_transform]: Outlier rejected #1 (jumped 251.4mm). Ignoring.
[WARN] [1787024507.569449562] [coord_transform]: Outlier rejected #1 (jumped 223.2mm). Ignoring.
[INFO] [1787024507.587460773] [coord_transform]: [PREDICTION] Transform: cam[ 0.152 -0.198  0.145] → base[-0.189  0.236  0.505]
[WARN] [1787024507.666599017] [coord_transform]: Outlier rejected #1 (jumped 171.1mm). Ignoring.
[WARN] [1787024507.704966141] [coord_transform]: Outlier rejected #2 (jumped 208.4mm). Ignoring.
[WARN] [1787024507.737653788] [coord_transform]: Outlier rejected #3 (jumped 208.5mm). Ignoring.
[WARN] [1787024507.770576875] [coord_transform]: Outlier rejected #4 (jumped 324.5mm). Ignoring.
[INFO] [1787024507.807369799] [coord_transform]: Too many outliers (5). Resetting filter to new position.
[INFO] [1787024509.595931812] [coord_transform]: [PREDICTION] Transform: cam[-0.01   0.134  0.26 ] → base[-0.027  0.568  0.62 ]
[INFO] [1787024511.630716794] [coord_transform]: [PREDICTION] Transform: cam[-0.121  0.5    0.168] → base[0.084 0.934 0.528]
[INFO] [1787024513.450033256] [coord_transform]: Trạng thái tracking: STOPPED
[INFO] [1787024514.504597907] [coord_transform]: Re-sync camera init: [-0.204  0.816 -0.019]
[INFO] [1787024514.504879535] [coord_transform]: Trạng thái tracking: RUNNING
[INFO] [1787024514.536563543] [coord_transform]: [SNAP ON] Tay thực tế đứng yên. Ép dừng robot (GRU đang lệch 0.0cm).
[INFO] [1787024514.538640861] [coord_transform]: [PREDICTION] Transform: cam[-0.204  0.816 -0.019] → base[-0.162  0.309  0.388]
[INFO] [1787024515.827972097] [coord_transform]: Trạng thái tracking: STOPPED
[INFO] [1787024529.820025015] [coord_transform]: Deadband: RELEASE — motion detected
[INFO] [1787024529.855754656] [coord_transform]: Deadband: HOLD at (-0.204, 0.816, -0.019)
[WARN] [1787024561.541402024] [coord_transform]: Outlier rejected #1 (jumped 253.4mm). Ignoring.
[WARN] [1787024562.041399452] [coord_transform]: Outlier rejected #1 (jumped 297.2mm). Ignoring.
[WARN] [1787024562.080730734] [coord_transform]: Outlier rejected #2 (jumped 334.5mm). Ignoring.
[WARN] [1787024562.113343305] [coord_transform]: Outlier rejected #3 (jumped 377.5mm). Ignoring.
[WARN] [1787024562.147497970] [coord_transform]: Outlier rejected #4 (jumped 417.9mm). Ignoring.
[INFO] [1787024562.177074926] [coord_transform]: Too many outliers (5). Resetting filter to new position.
[WARN] [1787024565.444754578] [coord_transform]: Outlier rejected #1 (jumped 414.1mm). Ignoring.
[WARN] [1787024565.480818768] [coord_transform]: Outlier rejected #2 (jumped 421.2mm). Ignoring.
[WARN] [1787024565.514138801] [coord_transform]: Outlier rejected #3 (jumped 412.9mm). Ignoring.
[WARN] [1787024565.547439906] [coord_transform]: Outlier rejected #4 (jumped 405.0mm). Ignoring.
[INFO] [1787024565.578891415] [coord_transform]: Too many outliers (5). Resetting filter to new position.
[WARN] [1787024582.590938699] [coord_transform]: Outlier rejected #1 (jumped 376.9mm). Ignoring.
[WARN] [1787024582.626442808] [coord_transform]: Outlier rejected #2 (jumped 354.7mm). Ignoring.
[WARN] [1787024582.660177286] [coord_transform]: Outlier rejected #3 (jumped 366.5mm). Ignoring.
[WARN] [1787024582.693610751] [coord_transform]: Outlier rejected #4 (jumped 376.8mm). Ignoring.
[INFO] [1787024582.726632184] [coord_transform]: Too many outliers (5). Resetting filter to new position.
[WARN] [1787024583.658520166] [coord_transform]: Outlier rejected #1 (jumped 155.4mm). Ignoring.
[WARN] [1787024583.694008079] [coord_transform]: Outlier rejected #2 (jumped 167.5mm). Ignoring.
[INFO] [1787024590.573406824] [coord_transform]: Trạng thái tracking: STOPPED
[WARN] [1787024594.762737062] [coord_transform]: Outlier rejected #1 (jumped 955.6mm). Ignoring.
[WARN] [1787024594.790695602] [coord_transform]: Outlier rejected #2 (jumped 962.5mm). Ignoring.
[WARN] [1787024594.826365848] [coord_transform]: Outlier rejected #3 (jumped 969.4mm). Ignoring.
[WARN] [1787024594.858957992] [coord_transform]: Outlier rejected #4 (jumped 964.5mm). Ignoring.
[INFO] [1787024594.892610629] [coord_transform]: Too many outliers (5). Resetting filter to new position.
[INFO] [1787024594.893101831] [coord_transform]: [SNAP OFF] Tay di chuyển lại. Trả quyền cho GRU.
[INFO] [1787024594.921876731] [coord_transform]: Deadband: RELEASE — motion detected
[INFO] [1787024597.565655039] [coord_transform]: Trạng thái tracking: STOPPED
[INFO] [1787024609.953913523] [coord_transform]: Re-sync camera init: [ 0.096 -0.061 -0.012]
[INFO] [1787024609.954273876] [coord_transform]: Trạng thái tracking: RUNNING
[INFO] [1787024610.003084184] [coord_transform]: [SNAP ON] Tay thực tế đứng yên. Ép dừng robot (GRU đang lệch 0.0cm).
[INFO] [1787024610.003854715] [coord_transform]: [PREDICTION] Transform: cam[ 0.096 -0.061 -0.012] → base[-0.162  0.309  0.388]
[INFO] [1787024611.311253414] [coord_transform]: Deadband: RELEASE — motion detected
[INFO] [1787024611.328428121] [coord_transform]: [SNAP OFF] Tay di chuyển lại. Trả quyền cho GRU.
[INFO] [1787024611.346991059] [coord_transform]: Deadband: HOLD at (0.096, -0.061, -0.012)
[INFO] [1787024611.369141989] [coord_transform]: [SNAP ON] Tay thực tế đứng yên. Ép dừng robot (GRU đang lệch 0.0cm).
[INFO] [1787024611.407147674] [coord_transform]: [SNAP OFF] Tay di chuyển lại. Trả quyền cho GRU.
[INFO] [1787024612.034977082] [coord_transform]: [PREDICTION] Transform: cam[ 0.129 -0.114  0.109] → base[-0.196  0.256  0.509]
[WARN] [1787024612.178359644] [coord_transform]: Outlier rejected #1 (jumped 213.3mm). Ignoring.
[WARN] [1787024612.218146019] [coord_transform]: Outlier rejected #2 (jumped 160.5mm). Ignoring.
[WARN] [1787024612.344511927] [coord_transform]: Outlier rejected #1 (jumped 157.1mm). Ignoring.
[WARN] [1787024612.481605779] [coord_transform]: Outlier rejected #1 (jumped 168.5mm). Ignoring.
[INFO] [1787024614.065300622] [coord_transform]: [PREDICTION] Transform: cam[-0.005  0.145  0.238] → base[-0.061  0.515  0.638]
[INFO] [1787024616.077734170] [coord_transform]: [PREDICTION] Transform: cam[-0.084  0.536  0.212] → base[0.017 0.906 0.612]
[INFO] [1787024618.078092805] [coord_transform]: [PREDICTION] Transform: cam[-0.1    0.639  0.128] → base[0.034 1.009 0.528]
[INFO] [1787024620.112307694] [coord_transform]: [PREDICTION] Transform: cam[-0.117  0.746  0.041] → base[0.05  1.116 0.441]
[INFO] [1787024622.145622800] [coord_transform]: [PREDICTION] Transform: cam[-0.117  0.746  0.041] → base[0.05  1.116 0.441]
[INFO] [1787024624.177675310] [coord_transform]: [PREDICTION] Transform: cam[-0.117  0.746  0.041] → base[0.05  1.116 0.441]
[INFO] [1787024625.994144604] [coord_transform]: Trạng thái tracking: STOPPED
[WARN] [1787024644.535789205] [coord_transform]: Outlier rejected #1 (jumped 712.5mm). Ignoring.
[WARN] [1787024644.571206937] [coord_transform]: Outlier rejected #2 (jumped 720.8mm). Ignoring.
[WARN] [1787024644.605860784] [coord_transform]: Outlier rejected #3 (jumped 748.1mm). Ignoring.
[WARN] [1787024644.639101949] [coord_transform]: Outlier rejected #4 (jumped 795.5mm). Ignoring.
[INFO] [1787024644.675365701] [coord_transform]: Too many outliers (5). Resetting filter to new position.
[WARN] [1787024651.509149318] [coord_transform]: Outlier rejected #1 (jumped 151.1mm). Ignoring.
[INFO] [1787024653.808750264] [coord_transform]: Re-sync camera init: [ 0.122 -0.165  0.032]
[INFO] [1787024653.809035593] [coord_transform]: Trạng thái tracking: RUNNING
[INFO] [1787024653.834805960] [coord_transform]: [SNAP ON] Tay thực tế đứng yên. Ép dừng robot (GRU đang lệch 0.0cm).
[INFO] [1787024653.837324081] [coord_transform]: [PREDICTION] Transform: cam[ 0.122 -0.165  0.032] → base[-0.162  0.309  0.388]
[INFO] [1787024654.776746920] [coord_transform]: Deadband: RELEASE — motion detected
[INFO] [1787024654.793981205] [coord_transform]: [SNAP OFF] Tay di chuyển lại. Trả quyền cho GRU.
[INFO] [1787024654.843145810] [coord_transform]: Deadband: HOLD at (0.122, -0.165, 0.032)
[INFO] [1787024654.859461839] [coord_transform]: [SNAP ON] Tay thực tế đứng yên. Ép dừng robot (GRU đang lệch 5.1cm).
[INFO] [1787024654.901633453] [coord_transform]: [SNAP OFF] Tay di chuyển lại. Trả quyền cho GRU.
[INFO] [1787024655.866679188] [coord_transform]: [PREDICTION] Transform: cam[ 0.143 -0.124  0.158] → base[-0.182  0.35   0.515]
[INFO] [1787024657.866813915] [coord_transform]: [PREDICTION] Transform: cam[0.061 0.235 0.239] → base[-0.1    0.71   0.595]
[INFO] [1787024659.877948497] [coord_transform]: [PREDICTION] Transform: cam[-0.029  0.633  0.164] → base[-0.011  1.107  0.521]
[INFO] [1787024661.878149178] [coord_transform]: [PREDICTION] Transform: cam[-0.078  0.697  0.095] → base[0.039 1.171 0.451]
[INFO] [1787024662.746836873] [coord_transform]: Trạng thái tracking: STOPPED
