[INFO] [1786950496.455164084] [predictor_ui]: [UI] Node started
[INFO] [1786950525.835031931] [predictor_ui]: [UI] Capture Init Pose thành công: Captured Init Pose! P_init=(-0.162, 0.280, 0.379), Cam_init=(0.093, -0.013, -0.007), Noise_Tol=60.0mm
Orientation=(0.998, 0.064, -0.000, 0.000)
[INFO] [1786950532.739895462] [predictor_ui]: [UI] Trajectory mode set to: prediction
[INFO] [1786950532.740277018] [predictor_ui]: [UI] Model cmd → svgp
[INFO] [1786950532.740520074] [predictor_ui]: [UI] Hybrid cmd → hybrid_on
[INFO] [1786950541.986247239] [predictor_ui]: [UI] Trajectory mode set to: prediction
[INFO] [1786950541.986789336] [predictor_ui]: [UI] Model cmd → svgp
[INFO] [1786950541.987095491] [predictor_ui]: [UI] Hybrid cmd → hybrid_off
[INFO] [1786950564.206415619] [predictor_ui]: [UI] Auto-disabled robot on Stop Run
[INFO] [1786950594.853514836] [predictor_ui]: [UI] Auto-disabled robot on Stop Run
[INFO] [1786950596.434101798] [predictor_ui]: [UI] Set Goal → (-0.2520, 0.9080, -0.0242)
[INFO] [1786950617.924317023] [predictor_ui]: [UI] Trajectory mode set to: prediction
[INFO] [1786950617.924604755] [predictor_ui]: [UI] Model cmd → svgp
[INFO] [1786950617.924863513] [predictor_ui]: [UI] Hybrid cmd → hybrid_on
[INFO] [1786950641.319556723] [predictor_ui]: [UI] Auto-disabled robot on Stop Run
[INFO] [1786950671.195198941] [predictor_ui]: [UI] Trajectory mode set to: prediction
[INFO] [1786950671.195503426] [predictor_ui]: [UI] Model cmd → svgp
[INFO] [1786950671.195797652] [predictor_ui]: [UI] Hybrid cmd → hybrid_off
[INFO] [1786950685.942880263] [predictor_ui]: [UI] Auto-disabled robot on Stop Run
[INFO] [1786950686.743541638] [predictor_ui]: [UI] Set Goal → (-0.1189, 0.9326, -0.0387)
[INFO] [1786950729.329686908] [predictor_ui]: [UI] Auto-disabled robot on Stop Run
[INFO] [1786950730.397739214] [predictor_ui]: [UI] Trajectory mode set to: prediction
[INFO] [1786950730.398401457] [predictor_ui]: [UI] Model cmd → svgp
[INFO] [1786950730.398819157] [predictor_ui]: [UI] Hybrid cmd → hybrid_on
[INFO] [1786950762.951108717] [predictor_ui]: [UI] Auto-disabled robot on Stop Run
