[INFO] [1786691914.579312573] [cartesian_streamer]: CartesianStreamer khởi động (chờ Enable Robot từ UI).
  Stream rate:       15 Hz (period=66.7ms)
  Queue dt:          0.067 s
  Prebuffer points:  3
  Retry backoff:     66.0 ms
  Gửi PoseStamped lên: /cartesian_streamer/target_pose
  Gửi XYZ lên:        /cartesian_streamer/target_xyz
  Nhận EE pose tại:   /cartesian_streamer/current_pose
[INFO] [1786691914.610037630] [cartesian_streamer]: Nhận joint_states: ['0.724', '0.057', '-0.462', '0.000', '-0.178', '-0.867']
[INFO] [1786691915.061415197] [cartesian_streamer]: ⚡ Simulation mode: Bỏ qua FK cross-validation, ÉP DÙNG Local IK.
   (MoveIt không có planning library trong môi trường giả lập)
[INFO] [1786691915.061910308] [cartesian_streamer]: Đã nhận joint_states. EE hiện tại: (0.3223, 0.5015, 0.6420). IK mode: Local DLS. Chờ Enable Robot từ UI...
[INFO] [1786691934.477571619] [cartesian_streamer]: Disable Robot: dừng stream, tắt traj mode...
[INFO] [1786691934.479150949] [cartesian_streamer]: ✗ Robot DISABLED.
[INFO] [1786691988.753439453] [cartesian_streamer]: Enable Robot: bắt đầu chuỗi khởi động...
[INFO] [1786691988.753713599] [cartesian_streamer]: Enable: reset_error...
[INFO] [1786691988.770190420] [cartesian_streamer]: reset_error: code=1, msg="success"
[INFO] [1786691988.770454998] [cartesian_streamer]: Enable: stop_traj_mode (giải phóng mode cũ)...
[INFO] [1786691988.816105404] [cartesian_streamer]: stop_traj_mode: success=True, code=N/A, msg=""
[INFO] [1786691988.816378538] [cartesian_streamer]: Enable: chờ 1.5s để hệ thống ổn định trước khi start queue...
[INFO] [1786691990.317243025] [cartesian_streamer]: Enable: StartPointQueueMode...
[INFO] [1786691991.687027830] [cartesian_streamer]: StartPointQueueMode response: code=1, msg=""
[INFO] [1786691991.687507021] [cartesian_streamer]: ✓ Robot ENABLED — Point Queue Mode active. Servo ON!
[INFO] [1786691991.693675810] [cartesian_streamer]: Runtime rate: state=seeding, tick_hz=0.0, queue_send_hz=0.0, ack_hz=0.0, busy_hz=0.0, retry_count=0, reject_count=0, inter_ack_ms=0.0, max_joint_delta=0.000, cumul_time=0.00s, hold_count=0, ik_mode=Local, ik_avg_ms=0.00, ik_fails=0
[INFO] [1786691991.694513215] [cartesian_streamer]: Bootstrap EE pose via FK: (-0.1620, 0.2801, 0.3785)
[INFO] [1786691991.694980524] [cartesian_streamer]: Đang stream qua service: /queue_traj_point
[INFO] [1786691991.695779095] [cartesian_streamer]: Đã gửi seed point (current joints, t=0), chờ ACK...
[INFO] [1786691991.762828467] [cartesian_streamer]: Bootstrap EE pose via FK: (-0.1620, 0.2801, 0.3785)
[INFO] [1786691991.827865506] [cartesian_streamer]: Bootstrap EE pose via FK: (-0.1620, 0.2801, 0.3785)
[INFO] [1786691991.894253014] [cartesian_streamer]: Bootstrap EE pose via FK: (-0.1620, 0.2801, 0.3785)
[INFO] [1786691991.961720522] [cartesian_streamer]: Bootstrap EE pose via FK: (-0.1620, 0.2801, 0.3785)
[INFO] [1786691992.028699792] [cartesian_streamer]: Bootstrap EE pose via FK: (-0.1620, 0.2801, 0.3785)
[INFO] [1786691992.094589684] [cartesian_streamer]: Bootstrap EE pose via FK: (-0.1620, 0.2801, 0.3785)
[INFO] [1786691992.128379609] [cartesian_streamer]: Seed ACK nhận được, bắt đầu prebuffer.
[INFO] [1786691992.128684503] [cartesian_streamer]: Queue accepted sample#1: svc=/queue_traj_point, t_cumul=0.0000s, code=1, msg="", hold=False
[INFO] [1786691992.284742707] [cartesian_streamer]: Queue accepted sample#2: svc=/queue_traj_point, t_cumul=0.2000s, code=1, msg="", hold=True
[INFO] [1786691992.314902677] [cartesian_streamer]: Queue accepted sample#3: svc=/queue_traj_point, t_cumul=0.3330s, code=1, msg="", hold=True
[INFO] [1786691992.477362187] [cartesian_streamer]: Pre-buffer hoàn tất (3 points), bắt đầu stream ổn định. Đang chờ target...
[INFO] [1786691992.477656631] [cartesian_streamer]: Queue accepted sample#4: svc=/queue_traj_point, t_cumul=0.3998s, code=1, msg="", hold=True
[INFO] [1786691992.611919725] [cartesian_streamer]: Queue accepted sample#5: svc=/queue_traj_point, t_cumul=0.5331s, code=1, msg="", hold=True
[INFO] [1786691995.295166996] [cartesian_streamer]: QueueTrajPoint accepted #20: t=2.667s, hold=True
[INFO] [1786691996.694186788] [cartesian_streamer]: Runtime rate: state=streaming, tick_hz=15.0, queue_send_hz=5.0, ack_hz=4.8, busy_hz=0.0, retry_count=0, reject_count=0, inter_ack_ms=179.3, max_joint_delta=0.000, cumul_time=3.53s, hold_count=24, ik_mode=Local, ik_avg_ms=0.00, ik_fails=0
[INFO] [1786691998.778828714] [cartesian_streamer]: QueueTrajPoint accepted #40: t=5.332s, hold=True
[INFO] [1786692000.027949174] [cartesian_streamer]: IK OK → Δmax=0.0000 rad, joints: [1.571, 0.124, -1.049, 0.000, -0.398, -1.444]
[WARN] [1786692000.093952318] [cartesian_streamer]: QueueTrajPoint đã được accept nhưng joint_states hầu như không đổi. Kiểm tra: 1) Robot ở mode AUTO? 2) Servo ON? 3) E-stop cleared?
[WARN] [1786692001.504282361] [cartesian_streamer]: Queue BUSY, sẽ resend (backoff 66ms): msg="Busy processing the previous trajectory point. Please resend the next point shortly"
[INFO] [1786692001.760771991] [cartesian_streamer]: Runtime rate: state=streaming, tick_hz=15.0, queue_send_hz=6.9, ack_hz=6.9, busy_hz=0.2, retry_count=1, reject_count=0, inter_ack_ms=157.0, max_joint_delta=0.076, cumul_time=7.74s, hold_count=0, ik_mode=Local, ik_avg_ms=0.77, ik_fails=0
[INFO] [1786692001.763803742] [cartesian_streamer]: IK delta clamped → joints: [1.506, 0.073, -0.942, 0.000, -0.556, -1.379]
[INFO] [1786692001.774732070] [cartesian_streamer]: QueueTrajPoint accepted #60: t=7.871s, hold=False
[INFO] [1786692002.027952834] [cartesian_streamer]: IK OK → Δmax=0.0900 rad, joints: [1.477, 0.060, -0.882, 0.000, -0.583, -1.349]
[INFO] [1786692003.548387067] [cartesian_streamer]: QueueTrajPoint accepted #80: t=9.537s, hold=False
[INFO] [1786692003.828529941] [cartesian_streamer]: IK delta clamped → joints: [1.422, 0.231, -0.473, 0.000, -0.727, -1.295]
[INFO] [1786692004.095017488] [cartesian_streamer]: IK OK → Δmax=0.0900 rad, joints: [1.408, 0.255, -0.420, 0.000, -0.748, -1.281]
[INFO] [1786692005.445808142] [cartesian_streamer]: QueueTrajPoint accepted #100: t=11.470s, hold=False
[INFO] [1786692005.828685772] [cartesian_streamer]: IK delta clamped → joints: [1.372, 0.525, -0.086, 0.000, -0.882, -1.245]
[INFO] [1786692006.161436320] [cartesian_streamer]: IK OK → Δmax=0.0900 rad, joints: [1.370, 0.600, -0.020, 0.000, -0.908, -1.243]
[INFO] [1786692006.761264073] [cartesian_streamer]: Runtime rate: state=streaming, tick_hz=15.0, queue_send_hz=10.8, ack_hz=10.6, busy_hz=0.0, retry_count=0, reject_count=0, inter_ack_ms=92.5, max_joint_delta=0.090, cumul_time=12.67s, hold_count=0, ik_mode=Local, ik_avg_ms=0.86, ik_fails=0
[INFO] [1786692007.376053938] [cartesian_streamer]: Local IK không hội tụ (fail #1)
[WARN] [1786692007.711030691] [cartesian_streamer]: Service call timeout (500ms). Resetting inflight flag.
[INFO] [1786692007.733359995] [cartesian_streamer]: QueueTrajPoint accepted #120: t=13.338s, hold=True
[WARN] [1786692008.048593255] [cartesian_streamer]: Local IK failed 10x liên tiếp! Fallback sang MoveIt! IK...
[INFO] [1786692008.049512995] [cartesian_streamer]: IK delta clamped → joints: [1.365, 0.830, 0.168, 0.000, -0.983, -1.238]
[INFO] [1786692008.185260465] [cartesian_streamer]: IK OK → Δmax=0.0900 rad, joints: [1.365, 0.883, 0.221, 0.000, -1.004, -1.238]
[WARN] [1786692010.111133669] [cartesian_streamer]: Local IK failed 41x liên tiếp! Fallback sang MoveIt! IK...
[INFO] [1786692010.111989418] [cartesian_streamer]: IK delta clamped → joints: [1.365, 0.918, 0.568, 0.000, -1.143, -1.238]
[INFO] [1786692010.210628384] [cartesian_streamer]: QueueTrajPoint accepted #140: t=15.628s, hold=False
[INFO] [1786692010.254786613] [cartesian_streamer]: IK OK → Δmax=0.0900 rad, joints: [1.365, 0.918, 0.608, 0.000, -1.159, -1.238]
[INFO] [1786692011.827727127] [cartesian_streamer]: Runtime rate: state=streaming, tick_hz=15.0, queue_send_hz=8.5, ack_hz=8.7, busy_hz=0.0, retry_count=0, reject_count=0, inter_ack_ms=117.0, max_joint_delta=0.090, cumul_time=17.09s, hold_count=0, ik_mode=Local, ik_avg_ms=7.25, ik_fails=66
[WARN] [1786692012.113686582] [cartesian_streamer]: Local IK failed 71x liên tiếp! Fallback sang MoveIt! IK...
[INFO] [1786692012.116151447] [cartesian_streamer]: IK delta clamped → joints: [1.365, 0.918, 0.940, 0.000, -1.292, -1.238]
[INFO] [1786692012.119668029] [cartesian_streamer]: QueueTrajPoint accepted #160: t=17.427s, hold=False
[INFO] [1786692012.308765740] [cartesian_streamer]: IK OK → Δmax=0.0900 rad, joints: [1.365, 0.918, 0.981, 0.000, -1.308, -1.238]
[WARN] [1786692014.176614168] [cartesian_streamer]: Local IK failed 102x liên tiếp! Fallback sang MoveIt! IK...
[INFO] [1786692014.177666767] [cartesian_streamer]: IK delta clamped → joints: [1.365, 0.918, 1.013, 0.000, -1.441, -1.238]
[INFO] [1786692014.316754446] [cartesian_streamer]: QueueTrajPoint accepted #180: t=19.355s, hold=False
[INFO] [1786692014.318205474] [cartesian_streamer]: IK OK → Δmax=0.0900 rad, joints: [1.365, 0.918, 1.013, 0.000, -1.457, -1.238]
[INFO] [1786692016.114689512] [cartesian_streamer]: QueueTrajPoint accepted #200: t=21.079s, hold=False
[WARN] [1786692016.185905285] [cartesian_streamer]: Local IK failed 132x liên tiếp! Fallback sang MoveIt! IK...
[INFO] [1786692016.187374106] [cartesian_streamer]: IK delta clamped → joints: [1.365, 0.918, 1.013, 0.000, -1.606, -1.238]
[INFO] [1786692016.318326729] [cartesian_streamer]: IK OK → Δmax=0.0900 rad, joints: [1.365, 0.918, 1.013, 0.000, -1.612, -1.238]
[INFO] [1786692016.828489649] [cartesian_streamer]: Runtime rate: state=streaming, tick_hz=15.0, queue_send_hz=10.6, ack_hz=10.4, busy_hz=0.0, retry_count=0, reject_count=0, inter_ack_ms=95.8, max_joint_delta=0.090, cumul_time=21.88s, hold_count=0, ik_mode=Local, ik_avg_ms=10.62, ik_fails=141
[INFO] [1786692017.799118583] [cartesian_streamer]: QueueTrajPoint accepted #220: t=22.885s, hold=False
[WARN] [1786692018.197259753] [cartesian_streamer]: Local IK failed 162x liên tiếp! Fallback sang MoveIt! IK...
[INFO] [1786692018.380070171] [cartesian_streamer]: IK OK → Δmax=0.0000 rad, joints: [1.365, 0.918, 1.013, 0.000, -1.666, -1.238]
[INFO] [1786692019.783813029] [cartesian_streamer]: QueueTrajPoint accepted #240: t=24.747s, hold=False
[WARN] [1786692020.240929936] [cartesian_streamer]: Local IK failed 192x liên tiếp! Fallback sang MoveIt! IK...
[INFO] [1786692020.447458878] [cartesian_streamer]: IK OK → Δmax=0.0000 rad, joints: [1.365, 0.918, 1.013, 0.000, -1.666, -1.238]
[INFO] [1786692021.875593704] [cartesian_streamer]: QueueTrajPoint accepted #260: t=26.878s, hold=False
[INFO] [1786692021.893781421] [cartesian_streamer]: Runtime rate: state=streaming, tick_hz=15.0, queue_send_hz=10.1, ack_hz=10.3, busy_hz=0.0, retry_count=0, reject_count=0, inter_ack_ms=98.0, max_joint_delta=0.090, cumul_time=26.88s, hold_count=0, ik_mode=Local, ik_avg_ms=12.28, ik_fails=216
[WARN] [1786692022.246743551] [cartesian_streamer]: Local IK failed 222x liên tiếp! Fallback sang MoveIt! IK...
[INFO] [1786692022.260903034] [cartesian_streamer]: Disable Robot: dừng stream, tắt traj mode...
[INFO] [1786692022.261728376] [cartesian_streamer]: ✗ Robot DISABLED.
[INFO] [1786692045.779390013] [cartesian_streamer]: Enable Robot: bắt đầu chuỗi khởi động...
[INFO] [1786692045.779691430] [cartesian_streamer]: Enable: reset_error...
[INFO] [1786692045.783027572] [cartesian_streamer]: reset_error: code=1, msg="success"
[INFO] [1786692045.783369515] [cartesian_streamer]: Enable: stop_traj_mode (giải phóng mode cũ)...
[INFO] [1786692045.827864083] [cartesian_streamer]: stop_traj_mode: success=True, code=N/A, msg=""
[INFO] [1786692045.828121227] [cartesian_streamer]: Enable: chờ 1.5s để hệ thống ổn định trước khi start queue...
[INFO] [1786692047.329144068] [cartesian_streamer]: Enable: StartPointQueueMode...
[INFO] [1786692048.931495340] [cartesian_streamer]: StartPointQueueMode response: code=1, msg=""
[INFO] [1786692048.931771149] [cartesian_streamer]: ✓ Robot ENABLED — Point Queue Mode active. Servo ON!
[INFO] [1786692048.961146600] [cartesian_streamer]: Runtime rate: state=seeding, tick_hz=0.2, queue_send_hz=0.1, ack_hz=0.1, busy_hz=0.0, retry_count=0, reject_count=0, inter_ack_ms=238.9, max_joint_delta=0.000, cumul_time=0.00s, hold_count=0, ik_mode=Local, ik_avg_ms=12.39, ik_fails=222
[WARN] [1786692048.961864129] [cartesian_streamer]: Target stream stale: không có target mới trong 26.7s
[WARN] [1786692048.962608469] [cartesian_streamer]: QueueTrajPoint đã được accept nhưng joint_states hầu như không đổi. Kiểm tra: 1) Robot ở mode AUTO? 2) Servo ON? 3) E-stop cleared?
[INFO] [1786692048.963641351] [cartesian_streamer]: Bootstrap EE pose via FK: (-0.1620, 0.2801, 0.3785)
[INFO] [1786692048.964313334] [cartesian_streamer]: Đã gửi seed point (current joints, t=0), chờ ACK...
[INFO] [1786692048.985623200] [cartesian_streamer]: Seed ACK nhận được, bắt đầu prebuffer.
[INFO] [1786692049.523778379] [cartesian_streamer]: Pre-buffer hoàn tất (3 points), bắt đầu stream ổn định. Đang chờ target...
[INFO] [1786692050.835067387] [cartesian_streamer]: QueueTrajPoint accepted #280: t=1.665s, hold=True
[INFO] [1786692052.963752939] [cartesian_streamer]: IK OK → Δmax=0.0055 rad, joints: [1.572, 0.123, -1.049, 0.004, -0.392, -1.449]
[INFO] [1786692053.087253191] [cartesian_streamer]: QueueTrajPoint accepted #300: t=3.732s, hold=False
[INFO] [1786692053.964563326] [cartesian_streamer]: Runtime rate: state=streaming, tick_hz=15.0, queue_send_hz=8.2, ack_hz=8.0, busy_hz=0.0, retry_count=0, reject_count=0, inter_ack_ms=780.9, max_joint_delta=0.041, cumul_time=4.26s, hold_count=0, ik_mode=Local, ik_avg_ms=11.88, ik_fails=222
[INFO] [1786692054.029020837] [cartesian_streamer]: IK delta clamped → joints: [1.600, 0.053, -1.025, 0.000, -0.482, -1.473]
[INFO] [1786692055.028428765] [cartesian_streamer]: IK OK → Δmax=0.0900 rad, joints: [1.566, 0.005, -0.781, 0.000, -0.578, -1.439]
[WARN] [1786692055.370959831] [cartesian_streamer]: Queue BUSY, sẽ resend (backoff 66ms): msg="Busy processing the previous trajectory point. Please resend the next point shortly"
[INFO] [1786692055.904328704] [cartesian_streamer]: QueueTrajPoint accepted #320: t=5.993s, hold=False
[INFO] [1786692056.029379972] [cartesian_streamer]: IK delta clamped → joints: [1.500, 0.110, -0.608, 0.000, -0.648, -1.372]
[INFO] [1786692057.028497209] [cartesian_streamer]: IK OK → Δmax=0.0900 rad, joints: [1.429, 0.237, -0.421, 0.000, -0.722, -1.302]
[INFO] [1786692057.435038024] [cartesian_streamer]: QueueTrajPoint accepted #340: t=7.526s, hold=False
[INFO] [1786692058.029650443] [cartesian_streamer]: IK delta clamped → joints: [1.407, 0.410, -0.234, 0.000, -0.797, -1.280]
[INFO] [1786692059.026892973] [cartesian_streamer]: Runtime rate: state=streaming, tick_hz=15.0, queue_send_hz=10.3, ack_hz=10.3, busy_hz=0.2, retry_count=1, reject_count=0, inter_ack_ms=99.9, max_joint_delta=0.090, cumul_time=8.93s, hold_count=0, ik_mode=Local, ik_avg_ms=9.97, ik_fails=222
[INFO] [1786692059.030595975] [cartesian_streamer]: IK OK → Δmax=0.0900 rad, joints: [1.406, 0.623, -0.034, 0.000, -0.877, -1.279]
[INFO] [1786692059.415103271] [cartesian_streamer]: QueueTrajPoint accepted #360: t=9.327s, hold=False
[INFO] [1786692060.029887435] [cartesian_streamer]: IK delta clamped → joints: [1.389, 0.854, 0.179, 0.000, -0.962, -1.262]
[INFO] [1786692060.374596182] [cartesian_streamer]: Local IK không hội tụ (fail #1)
[WARN] [1786692060.973890161] [cartesian_streamer]: Local IK failed 10x liên tiếp! Fallback sang MoveIt! IK...
[INFO] [1786692061.046470914] [cartesian_streamer]: IK OK → Δmax=0.0900 rad, joints: [1.385, 0.921, 0.246, 0.000, -0.989, -1.258]
[INFO] [1786692061.090766156] [cartesian_streamer]: Disable Robot: dừng stream, tắt traj mode...
[INFO] [1786692061.091197928] [cartesian_streamer]: ✗ Robot DISABLED.
[INFO] [1786692079.728746704] [cartesian_streamer]: Enable Robot: bắt đầu chuỗi khởi động...
[INFO] [1786692079.729120126] [cartesian_streamer]: Enable: reset_error...
[INFO] [1786692079.752976078] [cartesian_streamer]: reset_error: code=1, msg="success"
[INFO] [1786692079.753318733] [cartesian_streamer]: Enable: stop_traj_mode (giải phóng mode cũ)...
[INFO] [1786692079.805635535] [cartesian_streamer]: stop_traj_mode: success=True, code=N/A, msg=""
[INFO] [1786692079.805966888] [cartesian_streamer]: Enable: chờ 1.5s để hệ thống ổn định trước khi start queue...
[INFO] [1786692081.307242855] [cartesian_streamer]: Enable: StartPointQueueMode...
[INFO] [1786692083.077621534] [cartesian_streamer]: StartPointQueueMode response: code=1, msg=""
[INFO] [1786692083.077916810] [cartesian_streamer]: ✓ Robot ENABLED — Point Queue Mode active. Servo ON!
[INFO] [1786692083.093959802] [cartesian_streamer]: Runtime rate: state=seeding, tick_hz=1.3, queue_send_hz=1.0, ack_hz=1.0, busy_hz=0.0, retry_count=0, reject_count=0, inter_ack_ms=90.5, max_joint_delta=0.090, cumul_time=0.00s, hold_count=0, ik_mode=Local, ik_avg_ms=9.74, ik_fails=233
[WARN] [1786692083.094288180] [cartesian_streamer]: Target stream stale: không có target mới trong 22.0s
[WARN] [1786692083.094586651] [cartesian_streamer]: QueueTrajPoint đã được accept nhưng joint_states hầu như không đổi. Kiểm tra: 1) Robot ở mode AUTO? 2) Servo ON? 3) E-stop cleared?
[INFO] [1786692083.095224049] [cartesian_streamer]: Bootstrap EE pose via FK: (-0.1620, 0.2801, 0.3785)
[INFO] [1786692083.095874292] [cartesian_streamer]: Đã gửi seed point (current joints, t=0), chờ ACK...
[INFO] [1786692083.114415451] [cartesian_streamer]: Seed ACK nhận được, bắt đầu prebuffer.
[INFO] [1786692083.280559793] [cartesian_streamer]: QueueTrajPoint accepted #380: t=0.065s, hold=True
[INFO] [1786692083.431971295] [cartesian_streamer]: Pre-buffer hoàn tất (3 points), bắt đầu stream ổn định. Đang chờ target...
[INFO] [1786692085.573994452] [cartesian_streamer]: QueueTrajPoint accepted #400: t=2.398s, hold=True
[INFO] [1786692087.755407761] [cartesian_streamer]: QueueTrajPoint accepted #420: t=4.464s, hold=True
[INFO] [1786692088.095643142] [cartesian_streamer]: Runtime rate: state=streaming, tick_hz=15.0, queue_send_hz=9.2, ack_hz=9.2, busy_hz=0.0, retry_count=0, reject_count=0, inter_ack_ms=585.4, max_joint_delta=0.000, cumul_time=4.86s, hold_count=45, ik_mode=Local, ik_avg_ms=9.74, ik_fails=233
[WARN] [1786692088.096252558] [cartesian_streamer]: Target stream stale: không có target mới trong 27.0s
[INFO] [1786692090.100391341] [cartesian_streamer]: QueueTrajPoint accepted #440: t=6.664s, hold=True
[WARN] [1786692090.248316967] [cartesian_streamer]: Local IK failed 12x liên tiếp! Fallback sang MoveIt! IK...
[INFO] [1786692090.249155314] [cartesian_streamer]: IK delta clamped → joints: [1.501, 0.194, -0.979, 0.000, -0.488, -1.354]
[INFO] [1786692090.250604769] [cartesian_streamer]: IK OK → Δmax=0.0900 rad, joints: [1.501, 0.194, -0.979, 0.000, -0.488, -1.354]
[WARN] [1786692090.294718638] [cartesian_streamer]: QueueTrajPoint đã được accept nhưng joint_states hầu như không đổi. Kiểm tra: 1) Robot ở mode AUTO? 2) Servo ON? 3) E-stop cleared?
[INFO] [1786692092.294567569] [cartesian_streamer]: IK delta clamped → joints: [1.511, 0.093, -0.793, 0.000, -0.567, -1.383]
[INFO] [1786692092.294925301] [cartesian_streamer]: IK OK → Δmax=0.0900 rad, joints: [1.511, 0.093, -0.793, 0.000, -0.567, -1.383]
[INFO] [1786692092.375610307] [cartesian_streamer]: QueueTrajPoint accepted #460: t=8.865s, hold=False
[INFO] [1786692093.159832067] [cartesian_streamer]: Runtime rate: state=streaming, tick_hz=15.0, queue_send_hz=9.1, ack_hz=9.1, busy_hz=0.0, retry_count=0, reject_count=0, inter_ack_ms=110.3, max_joint_delta=0.090, cumul_time=9.60s, hold_count=0, ik_mode=Local, ik_avg_ms=8.99, ik_fails=234
[INFO] [1786692094.083927242] [cartesian_streamer]: QueueTrajPoint accepted #480: t=10.466s, hold=False
[INFO] [1786692094.297168026] [cartesian_streamer]: IK delta clamped → joints: [1.498, 0.295, -0.392, 0.000, -0.728, -1.371]
[INFO] [1786692094.297471737] [cartesian_streamer]: IK OK → Δmax=0.0900 rad, joints: [1.498, 0.295, -0.392, 0.000, -0.728, -1.371]
[INFO] [1786692095.998142069] [cartesian_streamer]: QueueTrajPoint accepted #500: t=12.266s, hold=False
[INFO] [1786692096.362055843] [cartesian_streamer]: IK delta clamped → joints: [1.440, 0.693, 0.020, 0.000, -0.893, -1.313]
[INFO] [1786692096.362329758] [cartesian_streamer]: IK OK → Δmax=0.0900 rad, joints: [1.440, 0.693, 0.020, 0.000, -0.893, -1.313]
[INFO] [1786692097.242532396] [cartesian_streamer]: Local IK không hội tụ (fail #1)
[INFO] [1786692097.528544506] [cartesian_streamer]: QueueTrajPoint accepted #520: t=13.946s, hold=True
[WARN] [1786692097.845045930] [cartesian_streamer]: Local IK failed 10x liên tiếp! Fallback sang MoveIt! IK...
[INFO] [1786692098.161110041] [cartesian_streamer]: Runtime rate: state=streaming, tick_hz=15.0, queue_send_hz=11.0, ack_hz=10.8, busy_hz=0.0, retry_count=0, reject_count=0, inter_ack_ms=91.9, max_joint_delta=0.090, cumul_time=14.48s, hold_count=0, ik_mode=Local, ik_avg_ms=8.33, ik_fails=248
[INFO] [1786692098.377266666] [cartesian_streamer]: IK delta clamped → joints: [1.435, 0.934, 0.288, 0.000, -1.000, -1.308]
[INFO] [1786692098.378706844] [cartesian_streamer]: IK OK → Δmax=0.0900 rad, joints: [1.435, 0.934, 0.288, 0.000, -1.000, -1.308]
[INFO] [1786692099.642781143] [cartesian_streamer]: Disable Robot: dừng stream, tắt traj mode...
[INFO] [1786692099.646267548] [cartesian_streamer]: ✗ Robot DISABLED.
[INFO] [1786692153.505635032] [cartesian_streamer]: Enable Robot: bắt đầu chuỗi khởi động...
[INFO] [1786692153.505902244] [cartesian_streamer]: Enable: reset_error...
[INFO] [1786692153.518591300] [cartesian_streamer]: reset_error: code=1, msg="success"
[INFO] [1786692153.518851759] [cartesian_streamer]: Enable: stop_traj_mode (giải phóng mode cũ)...
[INFO] [1786692153.574935177] [cartesian_streamer]: stop_traj_mode: success=True, code=N/A, msg=""
[INFO] [1786692153.575293681] [cartesian_streamer]: Enable: chờ 1.5s để hệ thống ổn định trước khi start queue...
[INFO] [1786692155.076295337] [cartesian_streamer]: Enable: StartPointQueueMode...
[INFO] [1786692156.563924099] [cartesian_streamer]: StartPointQueueMode response: code=1, msg=""
[INFO] [1786692156.564457402] [cartesian_streamer]: ✓ Robot ENABLED — Point Queue Mode active. Servo ON!
[INFO] [1786692156.627924430] [cartesian_streamer]: Runtime rate: state=seeding, tick_hz=0.4, queue_send_hz=0.2, ack_hz=0.3, busy_hz=0.0, retry_count=0, reject_count=0, inter_ack_ms=105.2, max_joint_delta=0.090, cumul_time=0.00s, hold_count=0, ik_mode=Local, ik_avg_ms=8.67, ik_fails=271
[WARN] [1786692156.628596033] [cartesian_streamer]: Target stream stale: không có target mới trong 57.0s
[WARN] [1786692156.628982629] [cartesian_streamer]: QueueTrajPoint đã được accept nhưng joint_states hầu như không đổi. Kiểm tra: 1) Robot ở mode AUTO? 2) Servo ON? 3) E-stop cleared?
[INFO] [1786692156.630108276] [cartesian_streamer]: Bootstrap EE pose via FK: (-0.1620, 0.2810, 0.3786)
[INFO] [1786692156.631027464] [cartesian_streamer]: Đã gửi seed point (current joints, t=0), chờ ACK...
[INFO] [1786692156.694739913] [cartesian_streamer]: Bootstrap EE pose via FK: (-0.1620, 0.2810, 0.3786)
[INFO] [1786692156.761248901] [cartesian_streamer]: Bootstrap EE pose via FK: (-0.1620, 0.2810, 0.3786)
[INFO] [1786692156.827434079] [cartesian_streamer]: Bootstrap EE pose via FK: (-0.1620, 0.2810, 0.3786)
[INFO] [1786692156.855661207] [cartesian_streamer]: Seed ACK nhận được, bắt đầu prebuffer.
[INFO] [1786692156.856032064] [cartesian_streamer]: QueueTrajPoint accepted #540: t=0.000s, hold=False
[INFO] [1786692157.234953087] [cartesian_streamer]: Pre-buffer hoàn tất (3 points), bắt đầu stream ổn định. Đang chờ target...
[INFO] [1786692159.242025880] [cartesian_streamer]: QueueTrajPoint accepted #560: t=2.332s, hold=True
[INFO] [1786692160.431059905] [cartesian_streamer]: IK OK → Δmax=0.0105 rad, joints: [1.573, 0.122, -1.051, 0.008, -0.394, -1.454]
[INFO] [1786692161.502801328] [cartesian_streamer]: QueueTrajPoint accepted #580: t=4.468s, hold=False
[INFO] [1786692161.627962000] [cartesian_streamer]: Runtime rate: state=streaming, tick_hz=15.0, queue_send_hz=8.4, ack_hz=8.2, busy_hz=0.0, retry_count=0, reject_count=0, inter_ack_ms=1508.6, max_joint_delta=0.012, cumul_time=4.54s, hold_count=0, ik_mode=Local, ik_avg_ms=8.44, ik_fails=271
[INFO] [1786692161.963152998] [cartesian_streamer]: IK delta clamped → joints: [1.529, 0.107, -0.939, 0.000, -0.514, -1.401]
[INFO] [1786692162.495291948] [cartesian_streamer]: IK OK → Δmax=0.0900 rad, joints: [1.506, 0.156, -0.810, 0.000, -0.562, -1.379]
[INFO] [1786692163.320302986] [cartesian_streamer]: QueueTrajPoint accepted #600: t=6.268s, hold=False
[INFO] [1786692164.027375849] [cartesian_streamer]: IK delta clamped → joints: [1.440, 0.364, -0.490, 0.000, -0.690, -1.313]
[INFO] [1786692164.496045666] [cartesian_streamer]: IK OK → Δmax=0.0900 rad, joints: [1.426, 0.436, -0.410, 0.000, -0.723, -1.298]
[INFO] [1786692164.904458499] [cartesian_streamer]: QueueTrajPoint accepted #620: t=7.869s, hold=False
[INFO] [1786692166.028057778] [cartesian_streamer]: IK delta clamped → joints: [1.400, 0.436, -0.090, 0.000, -0.850, -1.273]
[INFO] [1786692166.450029722] [cartesian_streamer]: QueueTrajPoint accepted #640: t=9.403s, hold=False
[INFO] [1786692166.562008230] [cartesian_streamer]: IK OK → Δmax=0.0900 rad, joints: [1.399, 0.442, 0.017, 0.000, -0.893, -1.271]
[INFO] [1786692166.693199388] [cartesian_streamer]: Runtime rate: state=streaming, tick_hz=15.0, queue_send_hz=12.2, ack_hz=12.4, busy_hz=0.0, retry_count=0, reject_count=0, inter_ack_ms=81.7, max_joint_delta=0.090, cumul_time=9.60s, hold_count=0, ik_mode=Local, ik_avg_ms=7.61, ik_fails=271
[INFO] [1786692167.922077076] [cartesian_streamer]: QueueTrajPoint accepted #660: t=10.869s, hold=False
[INFO] [1786692168.029268194] [cartesian_streamer]: IK delta clamped → joints: [1.395, 0.603, 0.310, 0.000, -1.011, -1.268]
[INFO] [1786692168.111528392] [cartesian_streamer]: Local IK không hội tụ (fail #1)
[WARN] [1786692168.713042903] [cartesian_streamer]: Local IK failed 10x liên tiếp! Fallback sang MoveIt! IK...
[INFO] [1786692168.715475826] [cartesian_streamer]: IK OK → Δmax=0.0900 rad, joints: [1.395, 0.603, 0.323, 0.000, -1.016, -1.268]
[INFO] [1786692169.672981375] [cartesian_streamer]: QueueTrajPoint accepted #680: t=12.624s, hold=False
[INFO] [1786692170.050307884] [cartesian_streamer]: IK delta clamped → joints: [1.395, 0.603, 0.604, 0.000, -1.128, -1.268]
[WARN] [1786692170.715918372] [cartesian_streamer]: Local IK failed 39x liên tiếp! Fallback sang MoveIt! IK...
[INFO] [1786692170.718742461] [cartesian_streamer]: IK OK → Δmax=0.0900 rad, joints: [1.395, 0.603, 0.710, 0.000, -1.171, -1.268]
[INFO] [1786692171.524339050] [cartesian_streamer]: QueueTrajPoint accepted #700: t=14.487s, hold=False
[INFO] [1786692171.694737957] [cartesian_streamer]: Runtime rate: state=streaming, tick_hz=15.0, queue_send_hz=11.6, ack_hz=11.4, busy_hz=0.0, retry_count=0, reject_count=0, inter_ack_ms=85.6, max_joint_delta=0.090, cumul_time=14.55s, hold_count=0, ik_mode=Local, ik_avg_ms=8.25, ik_fails=324
[INFO] [1786692172.114982049] [cartesian_streamer]: IK delta clamped → joints: [1.395, 0.603, 1.016, 0.000, -1.293, -1.268]
[WARN] [1786692172.716880107] [cartesian_streamer]: Local IK failed 69x liên tiếp! Fallback sang MoveIt! IK...
[INFO] [1786692172.719722080] [cartesian_streamer]: IK OK → Δmax=0.0900 rad, joints: [1.395, 0.603, 1.050, 0.000, -1.341, -1.268]
[INFO] [1786692173.466583105] [cartesian_streamer]: QueueTrajPoint accepted #720: t=16.420s, hold=False
[INFO] [1786692174.161717013] [cartesian_streamer]: IK delta clamped → joints: [1.414, 0.682, 0.931, 0.000, -1.457, -1.286]
[INFO] [1786692174.761626501] [cartesian_streamer]: IK OK → Δmax=0.0900 rad, joints: [1.423, 0.648, 0.824, 0.000, -1.499, -1.296]
[INFO] [1786692175.190860602] [cartesian_streamer]: QueueTrajPoint accepted #740: t=18.134s, hold=False
[INFO] [1786692176.164281712] [cartesian_streamer]: IK delta clamped → joints: [1.448, 0.686, 0.558, 0.000, -1.287, -1.321]
[INFO] [1786692176.761211557] [cartesian_streamer]: Runtime rate: state=streaming, tick_hz=15.0, queue_send_hz=11.4, ack_hz=11.4, busy_hz=0.0, retry_count=0, reject_count=0, inter_ack_ms=87.0, max_joint_delta=0.090, cumul_time=19.60s, hold_count=0, ik_mode=Local, ik_avg_ms=8.34, ik_fails=356
[INFO] [1786692176.765090970] [cartesian_streamer]: IK OK → Δmax=0.0846 rad, joints: [1.459, 0.735, 0.438, 0.000, -1.239, -1.332]
[INFO] [1786692176.790852060] [cartesian_streamer]: QueueTrajPoint accepted #760: t=19.736s, hold=False
[INFO] [1786692178.166894106] [cartesian_streamer]: IK delta clamped → joints: [1.472, 0.804, 0.197, 0.000, -1.143, -1.345]
[INFO] [1786692178.828653436] [cartesian_streamer]: IK OK → Δmax=0.0900 rad, joints: [1.471, 0.820, 0.108, 0.000, -1.079, -1.344]
[INFO] [1786692178.860223948] [cartesian_streamer]: QueueTrajPoint accepted #780: t=21.601s, hold=False
[INFO] [1786692180.227512022] [cartesian_streamer]: IK delta clamped → joints: [1.465, 0.828, 0.142, 0.000, -0.967, -1.338]
[INFO] [1786692180.753254643] [cartesian_streamer]: QueueTrajPoint accepted #800: t=23.404s, hold=False
[INFO] [1786692180.825425432] [cartesian_streamer]: Disable Robot: dừng stream, tắt traj mode...
[INFO] [1786692180.825833770] [cartesian_streamer]: ✗ Robot DISABLED.
[INFO] [1786692211.734690163] [cartesian_streamer]: Disable Robot: dừng stream, tắt traj mode...
[INFO] [1786692211.735991715] [cartesian_streamer]: ✗ Robot DISABLED.
[INFO] [1786692223.941597484] [cartesian_streamer]: Enable Robot: bắt đầu chuỗi khởi động...
[INFO] [1786692223.944335702] [cartesian_streamer]: Enable: reset_error...
[INFO] [1786692223.963373685] [cartesian_streamer]: reset_error: code=1, msg="success"
[INFO] [1786692223.963943729] [cartesian_streamer]: Enable: stop_traj_mode (giải phóng mode cũ)...
[INFO] [1786692224.013919140] [cartesian_streamer]: stop_traj_mode: success=True, code=N/A, msg=""
[INFO] [1786692224.014240896] [cartesian_streamer]: Enable: chờ 1.5s để hệ thống ổn định trước khi start queue...
[INFO] [1786692225.515468490] [cartesian_streamer]: Enable: StartPointQueueMode...
[INFO] [1786692227.153812827] [cartesian_streamer]: StartPointQueueMode response: code=1, msg=""
[INFO] [1786692227.154252956] [cartesian_streamer]: ✓ Robot ENABLED — Point Queue Mode active. Servo ON!
[INFO] [1786692227.160495215] [cartesian_streamer]: Runtime rate: state=seeding, tick_hz=1.2, queue_send_hz=0.8, ack_hz=0.9, busy_hz=0.0, retry_count=0, reject_count=0, inter_ack_ms=97.8, max_joint_delta=0.090, cumul_time=0.00s, hold_count=0, ik_mode=Local, ik_avg_ms=7.84, ik_fails=356
[WARN] [1786692227.161049028] [cartesian_streamer]: Target stream stale: không có target mới trong 46.4s
[WARN] [1786692227.161365034] [cartesian_streamer]: QueueTrajPoint đã được accept nhưng joint_states hầu như không đổi. Kiểm tra: 1) Robot ở mode AUTO? 2) Servo ON? 3) E-stop cleared?
[INFO] [1786692227.162215986] [cartesian_streamer]: Bootstrap EE pose via FK: (-0.1620, 0.2801, 0.3785)
[INFO] [1786692227.163116513] [cartesian_streamer]: Đã gửi seed point (current joints, t=0), chờ ACK...
[INFO] [1786692227.177095205] [cartesian_streamer]: Seed ACK nhận được, bắt đầu prebuffer.
[INFO] [1786692227.445849301] [cartesian_streamer]: Pre-buffer hoàn tất (3 points), bắt đầu stream ổn định. Đang chờ target...
[INFO] [1786692229.044908144] [cartesian_streamer]: QueueTrajPoint accepted #820: t=1.796s, hold=True
[INFO] [1786692231.165522476] [cartesian_streamer]: QueueTrajPoint accepted #840: t=3.796s, hold=True
[INFO] [1786692232.160824421] [cartesian_streamer]: Runtime rate: state=streaming, tick_hz=15.0, queue_send_hz=9.0, ack_hz=8.8, busy_hz=0.0, retry_count=0, reject_count=0, inter_ack_ms=1163.3, max_joint_delta=0.000, cumul_time=4.46s, hold_count=44, ik_mode=Local, ik_avg_ms=7.84, ik_fails=356
[WARN] [1786692232.161498200] [cartesian_streamer]: Target stream stale: không có target mới trong 51.4s
[WARN] [1786692232.561094601] [cartesian_streamer]: Service call timeout (500ms). Resetting inflight flag.
[WARN] [1786692232.590036157] [cartesian_streamer]: Queue BUSY, sẽ resend (backoff 66ms): msg="Busy processing the previous trajectory point. Please resend the next point shortly"
[INFO] [1786692233.430076039] [cartesian_streamer]: IK OK → Δmax=0.0172 rad, joints: [1.568, 0.124, -1.054, -0.012, -0.396, -1.426]
[WARN] [1786692233.493490572] [cartesian_streamer]: QueueTrajPoint đã được accept nhưng joint_states hầu như không đổi. Kiểm tra: 1) Robot ở mode AUTO? 2) Servo ON? 3) E-stop cleared?
[INFO] [1786692234.169354426] [cartesian_streamer]: QueueTrajPoint accepted #860: t=5.863s, hold=False
[INFO] [1786692235.230105383] [cartesian_streamer]: IK delta clamped → joints: [1.517, 0.121, -0.927, 0.000, -0.524, -1.389]
[INFO] [1786692235.495735198] [cartesian_streamer]: IK OK → Δmax=0.0900 rad, joints: [1.500, 0.130, -0.854, 0.000, -0.545, -1.373]
[INFO] [1786692235.842040569] [cartesian_streamer]: QueueTrajPoint accepted #880: t=7.466s, hold=False
[INFO] [1786692237.227411942] [cartesian_streamer]: Runtime rate: state=streaming, tick_hz=15.0, queue_send_hz=10.3, ack_hz=9.9, busy_hz=0.4, retry_count=2, reject_count=0, inter_ack_ms=102.9, max_joint_delta=0.090, cumul_time=8.80s, hold_count=0, ik_mode=Local, ik_avg_ms=7.42, ik_fails=356
[INFO] [1786692237.294720748] [cartesian_streamer]: IK delta clamped → joints: [1.428, 0.358, -0.492, 0.000, -0.683, -1.300]
[INFO] [1786692237.562796297] [cartesian_streamer]: IK OK → Δmax=0.0900 rad, joints: [1.420, 0.388, -0.439, 0.000, -0.705, -1.292]
[INFO] [1786692237.585526833] [cartesian_streamer]: QueueTrajPoint accepted #900: t=9.200s, hold=False
[INFO] [1786692239.184786286] [cartesian_streamer]: QueueTrajPoint accepted #920: t=10.800s, hold=False
[INFO] [1786692239.296253349] [cartesian_streamer]: IK delta clamped → joints: [1.396, 0.485, -0.079, 0.000, -0.849, -1.269]
[INFO] [1786692239.565204683] [cartesian_streamer]: IK OK → Δmax=0.0900 rad, joints: [1.396, 0.501, -0.025, 0.000, -0.870, -1.269]
[INFO] [1786692240.647287591] [cartesian_streamer]: QueueTrajPoint accepted #940: t=12.266s, hold=False
[INFO] [1786692240.777351522] [cartesian_streamer]: Local IK không hội tụ (fail #1)
[WARN] [1786692241.380242197] [cartesian_streamer]: Local IK failed 10x liên tiếp! Fallback sang MoveIt! IK...
[INFO] [1786692241.381332130] [cartesian_streamer]: IK delta clamped → joints: [1.392, 0.676, 0.215, 0.000, -0.966, -1.265]
[INFO] [1786692241.583352328] [cartesian_streamer]: IK OK → Δmax=0.0900 rad, joints: [1.392, 0.676, 0.239, 0.000, -0.976, -1.265]
[INFO] [1786692242.228111323] [cartesian_streamer]: Runtime rate: state=streaming, tick_hz=15.0, queue_send_hz=12.6, ack_hz=12.6, busy_hz=0.0, retry_count=0, reject_count=0, inter_ack_ms=79.7, max_joint_delta=0.090, cumul_time=13.82s, hold_count=0, ik_mode=Local, ik_avg_ms=7.36, ik_fails=378
[INFO] [1786692242.326220372] [cartesian_streamer]: QueueTrajPoint accepted #960: t=13.956s, hold=False
[WARN] [1786692243.445359477] [cartesian_streamer]: Local IK failed 40x liên tiếp! Fallback sang MoveIt! IK...
[INFO] [1786692243.446307553] [cartesian_streamer]: IK delta clamped → joints: [1.392, 0.676, 0.587, 0.000, -1.115, -1.265]
[INFO] [1786692243.646953520] [cartesian_streamer]: IK OK → Δmax=0.0900 rad, joints: [1.392, 0.676, 0.653, 0.000, -1.141, -1.265]
[INFO] [1786692244.311787679] [cartesian_streamer]: QueueTrajPoint accepted #980: t=15.815s, hold=False
[WARN] [1786692245.509174335] [cartesian_streamer]: Local IK failed 71x liên tiếp! Fallback sang MoveIt! IK...
[INFO] [1786692245.510365087] [cartesian_streamer]: IK delta clamped → joints: [1.392, 0.676, 1.015, 0.000, -1.296, -1.265]
[INFO] [1786692245.718889341] [cartesian_streamer]: IK OK → Δmax=0.0900 rad, joints: [1.392, 0.676, 1.015, 0.000, -1.307, -1.265]
[INFO] [1786692245.929190050] [cartesian_streamer]: QueueTrajPoint accepted #1000: t=17.553s, hold=False
[INFO] [1786692247.293973746] [cartesian_streamer]: Runtime rate: state=streaming, tick_hz=15.0, queue_send_hz=10.9, ack_hz=10.9, busy_hz=0.0, retry_count=0, reject_count=0, inter_ack_ms=91.8, max_joint_delta=0.090, cumul_time=18.81s, hold_count=0, ik_mode=Local, ik_avg_ms=8.08, ik_fails=453
[WARN] [1786692247.513169627] [cartesian_streamer]: Local IK failed 101x liên tiếp! Fallback sang MoveIt! IK...
[INFO] [1786692247.514912430] [cartesian_streamer]: IK delta clamped → joints: [1.392, 0.676, 1.015, 0.000, -1.451, -1.265]
[INFO] [1786692247.722691266] [cartesian_streamer]: QueueTrajPoint accepted #1020: t=19.344s, hold=False
[INFO] [1786692247.783054305] [cartesian_streamer]: IK OK → Δmax=0.0900 rad, joints: [1.392, 0.676, 1.015, 0.000, -1.477, -1.265]
[WARN] [1786692249.518474589] [cartesian_streamer]: Local IK failed 129x liên tiếp! Fallback sang MoveIt! IK...
[INFO] [1786692249.519197771] [cartesian_streamer]: IK delta clamped → joints: [1.392, 0.676, 1.015, 0.000, -1.614, -1.265]
[INFO] [1786692249.829974858] [cartesian_streamer]: IK OK → Δmax=0.0900 rad, joints: [1.394, 0.746, 1.027, 0.000, -1.630, -1.266]
[INFO] [1786692249.901153577] [cartesian_streamer]: QueueTrajPoint accepted #1040: t=21.509s, hold=False
[WARN] [1786692251.306276737] [cartesian_streamer]: Queue BUSY, sẽ resend (backoff 66ms): msg="Busy processing the previous trajectory point. Please resend the next point shortly"
[INFO] [1786692251.562225507] [cartesian_streamer]: IK delta clamped → joints: [1.433, 0.892, 0.653, 0.000, -1.385, -1.306]
[INFO] [1786692251.961822025] [cartesian_streamer]: IK OK → Δmax=0.0900 rad, joints: [1.442, 0.905, 0.600, 0.000, -1.363, -1.314]
[INFO] [1786692252.295356650] [cartesian_streamer]: QueueTrajPoint accepted #1060: t=23.174s, hold=False
[INFO] [1786692252.360033782] [cartesian_streamer]: Runtime rate: state=streaming, tick_hz=15.0, queue_send_hz=9.9, ack_hz=9.5, busy_hz=0.6, retry_count=3, reject_count=0, inter_ack_ms=107.0, max_joint_delta=0.090, cumul_time=23.24s, hold_count=0, ik_mode=Local, ik_avg_ms=8.21, ik_fails=489
[INFO] [1786692253.562516458] [cartesian_streamer]: IK delta clamped → joints: [1.449, 0.890, 0.371, 0.000, -1.246, -1.322]
[INFO] [1786692253.962294082] [cartesian_streamer]: IK OK → Δmax=0.0900 rad, joints: [1.448, 0.892, 0.376, 0.000, -1.219, -1.321]
[INFO] [1786692254.168363969] [cartesian_streamer]: QueueTrajPoint accepted #1080: t=25.042s, hold=False
[INFO] [1786692255.628191394] [cartesian_streamer]: IK delta clamped → joints: [1.452, 0.899, 0.389, 0.000, -1.081, -1.325]
[INFO] [1786692255.917875979] [cartesian_streamer]: QueueTrajPoint accepted #1100: t=26.776s, hold=False
[INFO] [1786692255.962668076] [cartesian_streamer]: IK OK → Δmax=0.0802 rad, joints: [1.454, 0.898, 0.390, 0.000, -1.064, -1.326]
[INFO] [1786692256.752264468] [cartesian_streamer]: Disable Robot: dừng stream, tắt traj mode...
[INFO] [1786692256.753861777] [cartesian_streamer]: ✗ Robot DISABLED.
[INFO] [1786692294.823191900] [cartesian_streamer]: Graceful shutdown: tắt Point Queue Mode trước khi thoát...
[INFO] [1786692294.823778524] [cartesian_streamer]: Robot chưa enable, không cần stop_traj_mode.
[INFO] [1786692294.824166334] [cartesian_streamer]: Shutdown hoàn tất. Tủ điện sẽ KHÔNG bị alarm.
