[INFO] [1786339427.747165916] [experiment_logger]: ✓ STARTED in-memory logging. Target file: /home/hungnb/cocarry_ws/cocarry_logs/experiment_GROUND_TRUTH_20260810_122347.csv
[INFO] [1786339427.758745133] [experiment_logger]: Logger ready.
[INFO] [1786339443.726198205] [experiment_logger]: Trajectory mode: prediction
[INFO] [1786339479.251162492] [experiment_logger]: Service called: /logger/toggle with data=True
[INFO] [1786339498.158254864] [experiment_logger]: Service called: /logger/toggle with data=False
[INFO] [1786339498.158714906] [experiment_logger]: Writing 867 rows from memory to /home/hungnb/cocarry_ws/cocarry_logs/experiment_GROUND_TRUTH_20260810_122347.csv...
[INFO] [1786339498.172524895] [experiment_logger]: ✓ Successfully wrote logs to disk.
[INFO] [1786339498.177100433] [experiment_logger]: Stopped logging. Saved 867 rows to /home/hungnb/cocarry_ws/cocarry_logs/experiment_GROUND_TRUTH_20260810_122347.csv
[INFO] [1786339498.185437791] [experiment_logger]: 
============================================================
EXPERIMENT METRICS
  File: experiment_GROUND_TRUTH_20260810_122347.csv
  Total samples: 867
  Task completion time: 70.44 s
  --- Prediction Accuracy (over 867 samples) ---
  Avg Inference Time: 38.43 ms
  Mean Squared Error (MSE): 0.509461 m²
  Mean Absolute Error (MAE - 3D): 0.3664 m
      MAE X: 0.0335 m
      MAE Y: 0.3469 m
      MAE Z: 0.0202 m
  --- Trajectory Smoothness (Robot EE) ---
  Mean Jerk (3D): 30.9675 m/s³
      Jerk X: 11.8443 m/s³
      Jerk Y: 17.6286 m/s³
      Jerk Z: 16.5026 m/s³
  Max Jerk (3D): 124.4791 m/s³
  RMS Jerk (3D): 37.6919 m/s³
============================================================
[INFO] [1786339499.738137124] [experiment_logger]: Service called: /logger/toggle with data=False
