[INFO] [1786960518.947681208] [trajectory_predictor]: [Predictor] Worker launched (pid=113364)
[INFO] [1786960518.948043661] [trajectory_predictor]: [Predictor] Started | model=svgp | window=10 | auto_start=True
  Output Filter: enabled=True, ema_alpha=0.3, max_dev=0.08, max_rate=0.02
[WARN] [1786960520.159095276] [trajectory_predictor]: [Worker STDERR] /usr/lib/python3/dist-packages/scipy/__init__.py:146: UserWarning: A NumPy version >=1.17.3 and <1.25.0 is required for this version of SciPy (detected version 1.26.4
[WARN] [1786960520.159699504] [trajectory_predictor]: [Worker STDERR] warnings.warn(f"A NumPy version >={np_minversion} and <{np_maxversion}"
[INFO] [1786960520.995477222] [trajectory_predictor]: [Worker] TF 2.15.0 and sklearn loaded
[INFO] [1786960522.061634043] [trajectory_predictor]: [Predictor] Worker READY | model=svgp
[INFO] [1786960523.507350926] [trajectory_predictor]: [Predictor] Switching model → svgp
[INFO] [1786960523.508226615] [trajectory_predictor]: [Hybrid] Mode DISABLED (GRU only)
[INFO] [1786960523.524925423] [trajectory_predictor]: [Predictor] Model switched to svgp
[INFO] [1786960527.979238773] [trajectory_predictor]: [Filter] raw=(0.0901,0.2991,0.0446) → filt=(-0.0859,-2.4140,-0.0194) Δ=(0.1760,2.7131,0.0640)
[INFO] [1786960534.739496579] [trajectory_predictor]: [Filter] raw=(0.0916,0.2946,0.0439) → filt=(-0.0760,-2.3902,-0.0265) Δ=(0.1676,2.6848,0.0704)
[INFO] [1786960541.410135050] [trajectory_predictor]: [Filter] raw=(0.0930,0.2991,0.0442) → filt=(-0.1212,-2.3914,-0.0223) Δ=(0.2142,2.6905,0.0665)
[INFO] [1786960548.082032095] [trajectory_predictor]: [Filter] raw=(0.1491,-0.1965,-0.0110) → filt=(0.1476,-1.4971,-0.0086) Δ=(0.0015,1.3006,0.0024)
[INFO] [1786960548.826841392] [trajectory_predictor]: [Predictor] Predicting STOPPED
[INFO] [1786960560.369759319] [trajectory_predictor]: [Predictor] Predicting STARTED
[INFO] [1786960562.970773269] [trajectory_predictor]: [Filter] raw=(0.1455,-0.0562,0.1327) → filt=(0.1498,-0.2091,0.1300) Δ=(0.0043,0.1529,0.0028)
[INFO] [1786960569.638138626] [trajectory_predictor]: [Filter] raw=(0.1151,0.5824,-0.0406) → filt=(0.1141,0.5909,-0.0399) Δ=(0.0010,0.0085,0.0007)
[INFO] [1786960576.305532990] [trajectory_predictor]: [Filter] raw=(0.0641,0.4474,0.2410) → filt=(0.0650,0.4451,0.2378) Δ=(0.0010,0.0023,0.0032)
[INFO] [1786960583.412525250] [trajectory_predictor]: [Filter] raw=(0.2545,0.2644,0.1166) → filt=(0.2523,0.2594,0.1127) Δ=(0.0022,0.0050,0.0039)
[INFO] [1786960590.082672385] [trajectory_predictor]: [Filter] raw=(0.0268,0.3802,0.1552) → filt=(0.0350,0.4096,0.1452) Δ=(0.0082,0.0294,0.0100)
[INFO] [1786960597.023886829] [trajectory_predictor]: [Filter] raw=(0.0763,0.5174,0.1661) → filt=(0.0975,0.4714,0.1448) Δ=(0.0212,0.0459,0.0212)
[INFO] [1786960603.698923287] [trajectory_predictor]: [Filter] raw=(0.2837,0.3044,0.1624) → filt=(0.2837,0.2990,0.1619) Δ=(0.0000,0.0054,0.0005)
[INFO] [1786960610.366128962] [trajectory_predictor]: [Filter] raw=(-0.0318,0.3912,0.0204) → filt=(-0.0239,0.3908,0.0221) Δ=(0.0080,0.0004,0.0017)
[INFO] [1786960617.033282561] [trajectory_predictor]: [Filter] raw=(0.2402,0.2911,-0.0216) → filt=(0.2410,0.3000,-0.0169) Δ=(0.0008,0.0090,0.0047)
[INFO] [1786960623.706869200] [trajectory_predictor]: [Filter] raw=(-0.0234,0.4565,0.0741) → filt=(-0.0321,0.4606,0.0741) Δ=(0.0087,0.0041,0.0001)
[INFO] [1786960630.378873962] [trajectory_predictor]: [Filter] raw=(0.2097,0.3977,0.2457) → filt=(0.2158,0.3438,0.2440) Δ=(0.0061,0.0539,0.0017)
[INFO] [1786960637.050670447] [trajectory_predictor]: [Filter] raw=(0.3014,0.3970,0.1404) → filt=(0.3002,0.3786,0.1474) Δ=(0.0012,0.0184,0.0070)
[INFO] [1786960643.732088169] [trajectory_predictor]: [Filter] raw=(0.1635,0.4263,0.0431) → filt=(0.1612,0.4371,0.1706) Δ=(0.0023,0.0107,0.1275)
[INFO] [1786960650.427030240] [trajectory_predictor]: [Filter] raw=(0.2165,0.3537,0.0100) → filt=(0.2169,0.3616,0.0098) Δ=(0.0003,0.0079,0.0002)
[INFO] [1786960651.770221683] [trajectory_predictor]: [Predictor] Predicting STOPPED
[INFO] [1786960658.932061737] [trajectory_predictor]: [Predictor] Buffer cleared (no data for 1.6s)
[INFO] [1786960683.483597092] [trajectory_predictor]: [Predictor] Predicting STOPPED
[INFO] [1786960695.106225199] [trajectory_predictor]: [Predictor] Predicting STOPPED
[INFO] [1786960745.851142484] [trajectory_predictor]: [Predictor] Predicting STOPPED
[INFO] [1786960783.475704513] [trajectory_predictor]: [Predictor] Predicting STOPPED
[INFO] [1786960795.342325649] [trajectory_predictor]: [Predictor] Predicting STOPPED
[INFO] [1786960851.383276135] [trajectory_predictor]: [Predictor] Predicting STOPPED
[INFO] [1786960875.932101111] [trajectory_predictor]: [Predictor] Buffer cleared (no data for 1.4s)
[INFO] [1786960900.447392221] [trajectory_predictor]: [Predictor] Predicting STOPPED
[INFO] [1786960911.279423027] [trajectory_predictor]: [Predictor] Predicting STOPPED
[INFO] [1786960938.703971993] [trajectory_predictor]: [Predictor] Predicting STOPPED
[INFO] [1786960963.631731606] [trajectory_predictor]: [Predictor] Auto-enabled prediction mode via /trajectory_mode
[INFO] [1786960963.632549907] [trajectory_predictor]: [Predictor] Switching model → svgp
[INFO] [1786960963.632928359] [trajectory_predictor]: [Hybrid] Mode DISABLED (GRU only)
[INFO] [1786960963.652816323] [trajectory_predictor]: [Predictor] Model switched to svgp
[INFO] [1786960965.620993822] [trajectory_predictor]: [Filter] raw=(0.1488,-0.1565,0.0167) → filt=(0.1539,-0.1997,0.0139) Δ=(0.0050,0.0433,0.0028)
[INFO] [1786960967.257574024] [trajectory_predictor]: [Predictor] Predicting STOPPED
[INFO] [1786960979.920592564] [trajectory_predictor]: [Predictor] Predicting STARTED
[INFO] [1786960981.643478005] [trajectory_predictor]: [Filter] raw=(0.1453,-0.1421,0.1041) → filt=(0.1463,-0.1596,0.1015) Δ=(0.0010,0.0174,0.0026)
[INFO] [1786960988.344031317] [trajectory_predictor]: [Filter] raw=(0.0942,0.4968,-0.0178) → filt=(0.0947,0.5149,-0.0193) Δ=(0.0005,0.0181,0.0015)
[INFO] [1786960995.010848183] [trajectory_predictor]: [Filter] raw=(0.1068,0.4430,0.0454) → filt=(0.1065,0.2409,0.0427) Δ=(0.0003,0.2022,0.0027)
[INFO] [1786961001.684314137] [trajectory_predictor]: [Filter] raw=(0.0798,0.5349,0.1261) → filt=(0.0889,0.5346,0.1238) Δ=(0.0091,0.0003,0.0024)
[INFO] [1786961008.357028162] [trajectory_predictor]: [Filter] raw=(0.1555,0.3819,0.1758) → filt=(0.1383,0.3867,0.1770) Δ=(0.0173,0.0049,0.0012)
[INFO] [1786961015.065142841] [trajectory_predictor]: [Filter] raw=(0.1454,0.1026,0.1551) → filt=(0.1420,0.1192,0.1530) Δ=(0.0034,0.0167,0.0020)
[INFO] [1786961021.869486145] [trajectory_predictor]: [Filter] raw=(0.0973,0.4712,0.2657) → filt=(0.0984,0.4975,0.2642) Δ=(0.0012,0.0262,0.0015)
[INFO] [1786961028.533771328] [trajectory_predictor]: [Filter] raw=(0.1014,0.5076,0.0253) → filt=(0.1008,0.4903,0.0248) Δ=(0.0005,0.0174,0.0005)
[INFO] [1786961035.208051631] [trajectory_predictor]: [Filter] raw=(0.0758,0.5290,0.2369) → filt=(0.0777,0.5330,0.2340) Δ=(0.0019,0.0041,0.0029)
[INFO] [1786961041.881809687] [trajectory_predictor]: [Filter] raw=(0.2999,0.5004,0.1641) → filt=(0.2967,0.5137,0.1649) Δ=(0.0033,0.0133,0.0008)
[INFO] [1786961048.555857096] [trajectory_predictor]: [Filter] raw=(0.0073,0.3428,0.1233) → filt=(-0.0184,0.3226,0.1226) Δ=(0.0257,0.0202,0.0007)
[INFO] [1786961055.223578428] [trajectory_predictor]: [Filter] raw=(-0.1303,0.4546,0.1598) → filt=(-0.1284,0.4742,0.1598) Δ=(0.0019,0.0195,0.0000)
[INFO] [1786961061.920076741] [trajectory_predictor]: [Filter] raw=(0.1957,0.5228,0.1289) → filt=(0.1944,0.4969,0.1293) Δ=(0.0013,0.0260,0.0004)
[INFO] [1786961066.738495929] [trajectory_predictor]: [Predictor] Predicting STOPPED
[INFO] [1786961098.932105259] [trajectory_predictor]: [Predictor] Buffer cleared (no data for 1.7s)
[INFO] [1786961113.351376487] [trajectory_predictor]: [Predictor] Predicting STARTED
[INFO] [1786961115.205899444] [trajectory_predictor]: [Filter] raw=(0.1492,-0.2007,0.0628) → filt=(0.1506,-0.2242,0.0616) Δ=(0.0014,0.0235,0.0012)
[INFO] [1786961121.870616643] [trajectory_predictor]: [Filter] raw=(0.0859,0.5091,0.1521) → filt=(0.0839,0.5135,0.1394) Δ=(0.0020,0.0045,0.0127)
[INFO] [1786961128.580314708] [trajectory_predictor]: [Filter] raw=(0.0587,0.2787,0.2608) → filt=(0.0570,0.2845,0.2634) Δ=(0.0017,0.0058,0.0026)
[INFO] [1786961135.250682293] [trajectory_predictor]: [Filter] raw=(0.3040,0.5167,0.1182) → filt=(0.3022,0.5187,0.1193) Δ=(0.0018,0.0020,0.0010)
[INFO] [1786961141.636836176] [trajectory_predictor]: [Predictor] Predicting STOPPED
[INFO] [1786961170.932806661] [trajectory_predictor]: [Predictor] Buffer cleared (no data for 1.9s)
[INFO] [1786961171.017049296] [trajectory_predictor]: [Predictor] Predicting STOPPED
[INFO] [1786961183.660086013] [trajectory_predictor]: [Predictor] Predicting STARTED
[INFO] [1786961183.964034628] [trajectory_predictor]: [Filter] raw=(0.1693,-0.2699,0.0330) → filt=(0.1798,-0.3238,0.0294) Δ=(0.0105,0.0540,0.0036)
[INFO] [1786961190.619386748] [trajectory_predictor]: [Filter] raw=(0.1154,0.5576,0.0593) → filt=(0.1126,0.5756,0.0547) Δ=(0.0027,0.0179,0.0046)
[INFO] [1786961197.360234291] [trajectory_predictor]: [Filter] raw=(0.1018,0.3094,0.1700) → filt=(0.1018,0.3072,0.1762) Δ=(0.0001,0.0021,0.0062)
[INFO] [1786961204.533450094] [trajectory_predictor]: [Filter] raw=(0.0713,0.2723,0.1849) → filt=(0.0933,0.2129,0.1857) Δ=(0.0220,0.0595,0.0008)
[INFO] [1786961211.198633201] [trajectory_predictor]: [Filter] raw=(0.2343,0.3016,0.1630) → filt=(0.2377,0.3149,0.1602) Δ=(0.0034,0.0133,0.0029)
[INFO] [1786961217.874655409] [trajectory_predictor]: [Filter] raw=(-0.0670,0.2053,0.2095) → filt=(-0.0639,0.2169,0.2107) Δ=(0.0031,0.0116,0.0012)
[INFO] [1786961224.580506167] [trajectory_predictor]: [Filter] raw=(0.3159,0.3291,0.1343) → filt=(0.3147,0.3411,0.1372) Δ=(0.0012,0.0120,0.0029)
[INFO] [1786961231.255061318] [trajectory_predictor]: [Filter] raw=(-0.0539,0.2292,0.1677) → filt=(-0.0479,0.2282,0.1679) Δ=(0.0060,0.0010,0.0003)
[INFO] [1786961238.390618332] [trajectory_predictor]: [Filter] raw=(0.0813,-0.0466,0.2473) → filt=(0.0799,-0.0542,0.2445) Δ=(0.0014,0.0076,0.0028)
[INFO] [1786961245.062609680] [trajectory_predictor]: [Filter] raw=(0.0997,0.4209,0.3462) → filt=(0.1083,0.4185,0.3026) Δ=(0.0086,0.0024,0.0437)
[INFO] [1786961251.798903992] [trajectory_predictor]: [Filter] raw=(-0.0558,0.2101,0.2192) → filt=(-0.0508,0.2351,0.2261) Δ=(0.0050,0.0251,0.0068)
[INFO] [1786961258.473307228] [trajectory_predictor]: [Filter] raw=(0.1889,0.0259,0.2020) → filt=(0.1889,0.0534,0.2019) Δ=(0.0000,0.0275,0.0001)
[INFO] [1786961265.141518803] [trajectory_predictor]: [Filter] raw=(0.2489,0.3137,0.1743) → filt=(0.2484,0.0883,0.1731) Δ=(0.0005,0.2254,0.0012)
[INFO] [1786961268.400166723] [trajectory_predictor]: [Predictor] Predicting STOPPED
[INFO] [1786961274.932503167] [trajectory_predictor]: [Predictor] Buffer cleared (no data for 1.0s)
[INFO] [1786961292.932033156] [trajectory_predictor]: [Predictor] Buffer cleared (no data for 1.2s)
[INFO] [1786961309.748884825] [trajectory_predictor]: [Predictor] Predicting STOPPED
[INFO] [1786961324.149140074] [trajectory_predictor]: [Predictor] Predicting STARTED
[INFO] [1786961324.284768408] [trajectory_predictor]: [Filter] raw=(0.1724,-0.2939,0.0225) → filt=(0.1682,-0.2822,0.0238) Δ=(0.0042,0.0117,0.0013)
[INFO] [1786961330.956653533] [trajectory_predictor]: [Filter] raw=(0.0206,0.4462,0.1519) → filt=(0.0246,0.4345,0.1522) Δ=(0.0040,0.0117,0.0002)
[INFO] [1786961334.671427267] [trajectory_predictor]: [Predictor] Predicting STOPPED
[INFO] [1786961369.598252187] [trajectory_predictor]: [Predictor] Predicting STOPPED
[INFO] [1786961380.906135979] [trajectory_predictor]: [Predictor] Predicting STARTED
[INFO] [1786961384.028938684] [trajectory_predictor]: [Filter] raw=(0.0322,0.1233,0.1355) → filt=(0.0480,0.0421,0.1284) Δ=(0.0158,0.0812,0.0071)
[INFO] [1786961390.657428404] [trajectory_predictor]: [Predictor] Predicting STOPPED
[INFO] [1786961391.978665612] [trajectory_predictor]: [Predictor] Dynamic Goal set to → (-0.1364, 0.7077, -0.0201)
[INFO] [1786961402.423322595] [trajectory_predictor]: [Predictor] Dynamic Goal set to → (-0.0245, 0.7027, -0.0103)
[INFO] [1786961412.931954064] [trajectory_predictor]: [Predictor] Buffer cleared (no data for 1.7s)
[INFO] [1786961424.931794945] [trajectory_predictor]: [Predictor] Buffer cleared (no data for 1.1s)
[INFO] [1786961444.226219170] [trajectory_predictor]: [Predictor] Predicting STARTED
[INFO] [1786961444.273877800] [trajectory_predictor]: [Filter] raw=(0.1492,-0.2062,0.0202) → filt=(-0.1345,0.6954,-0.0161) Δ=(0.2837,0.9015,0.0363)
[INFO] [1786961450.504945740] [trajectory_predictor]: [Predictor] Predicting STOPPED
[INFO] [1786961458.931702397] [trajectory_predictor]: [Predictor] Buffer cleared (no data for 1.3s)
[INFO] [1786961471.010505202] [trajectory_predictor]: [Predictor] Predicting STOPPED
[INFO] [1786961472.826849605] [trajectory_predictor]: [Predictor] Auto-enabled prediction mode via /trajectory_mode
[INFO] [1786961472.827368052] [trajectory_predictor]: [Predictor] Switching model → svgp
[INFO] [1786961472.827704575] [trajectory_predictor]: [Hybrid] Mode ENABLED (GRU+MJM). Timer T_SWITCH sẽ bắt đầu khi Start Run.
[INFO] [1786961472.850736278] [trajectory_predictor]: [Predictor] Model switched to svgp
[INFO] [1786961473.386488108] [trajectory_predictor]: [Filter] raw=(0.1354,-0.1416,0.0204) → filt=(0.1362,-0.1396,0.0201) Δ=(0.0008,0.0020,0.0003)
[INFO] [1786961476.714680020] [trajectory_predictor]: [Predictor] Predicting STOPPED
[INFO] [1786961487.802887555] [trajectory_predictor]: [Predictor] Predicting STARTED
[INFO] [1786961491.202895128] [trajectory_predictor]: [Filter] raw=(0.0982,0.1788,0.1878) → filt=(0.1025,0.0730,0.1860) Δ=(0.0043,0.1058,0.0018)
[INFO] [1786961493.820861151] [trajectory_predictor]: [Hybrid] FOLLOWER -> LEADER | x_0=(0.0205,0.4210,0.1594) | GOAL=(-0.0245,0.7027,-0.0103) | t_f=4.36s | 131 steps @ 30Hz | GRU worker dừng gửi lệnh predict (tiết kiệm tài nguyên)
[INFO] [1786961498.165035073] [trajectory_predictor]: ✅ [MJM] ĐÃ CHẠM ĐÍCH (GOAL REACHED)!
[INFO] [1786961500.447391962] [trajectory_predictor]: [Predictor] Predicting STOPPED
