[INFO] [1786962454.200208828] [coord_transform]: CoordTransformNode khởi động.
  Object offset (cam frame): [0.05 0.   0.1 ]
  Translation cam→base:      [0.5 0.  1.2]
  EE orientation (xyzw):     [0.0, 1.0, 0.0, 0.0]
  Prediction step:           2
  Axis remap:                [0, 1, 2]
  Axis sign:                 [-1.0, 1.0, 1.0]
  Workspace X: (-1.0, 1.0), Y: (-0.5, 1.3), Z: (0.05, 1.5)
  Filter outlier_threshold:  0.15m
  Filter median_size_y:      3
  Filter deadband_tol:       15.0mm
  Filter stationary_thresh:  3 frames
  Filter max_rate:           5.0cm/frame
  Filter EMA moving(x,y,z):  (1.0,0.8,1.0)
  Filter EMA hold  (x,y,z):  (0.08,0.02,0.05)
[WARN] [1786962468.062298715] [coord_transform]: Outlier rejected #1 (jumped 165.1mm). Ignoring.
[INFO] [1786962473.639946250] [coord_transform]: Trạng thái tracking: STOPPED
[WARN] [1786962479.540792026] [coord_transform]: Outlier rejected #1 (jumped 157.0mm). Ignoring.
[WARN] [1786962482.273552078] [coord_transform]: Outlier rejected #1 (jumped 193.6mm). Ignoring.
[WARN] [1786962482.708901430] [coord_transform]: Outlier rejected #1 (jumped 153.1mm). Ignoring.
[WARN] [1786962483.476599199] [coord_transform]: Outlier rejected #1 (jumped 161.1mm). Ignoring.
[WARN] [1786962494.557572399] [coord_transform]: Outlier rejected #1 (jumped 2428.1mm). Ignoring.
[WARN] [1786962494.582123575] [coord_transform]: Outlier rejected #2 (jumped 2437.1mm). Ignoring.
[WARN] [1786962494.616338537] [coord_transform]: Outlier rejected #3 (jumped 2419.1mm). Ignoring.
[WARN] [1786962494.652085519] [coord_transform]: Outlier rejected #4 (jumped 2428.1mm). Ignoring.
[INFO] [1786962494.678995804] [coord_transform]: Too many outliers (5). Resetting filter to new position.
[WARN] [1786962496.716570712] [coord_transform]: Outlier rejected #1 (jumped 189.9mm). Ignoring.
[WARN] [1786962496.750366834] [coord_transform]: Outlier rejected #2 (jumped 155.9mm). Ignoring.
[WARN] [1786962497.020941779] [coord_transform]: Outlier rejected #1 (jumped 163.2mm). Ignoring.
[WARN] [1786962498.622084590] [coord_transform]: Chưa nhận được vị trí hiện tại của robot từ /cartesian_streamer/current_pose
[WARN] [1786962533.775812920] [coord_transform]: Outlier rejected #1 (jumped 189.2mm). Ignoring.
[WARN] [1786962537.945381738] [coord_transform]: Outlier rejected #1 (jumped 205.2mm). Ignoring.
[WARN] [1786962537.981780534] [coord_transform]: Outlier rejected #2 (jumped 328.6mm). Ignoring.
[WARN] [1786962538.110980699] [coord_transform]: Outlier rejected #3 (jumped 356.8mm). Ignoring.
[WARN] [1786962538.148914701] [coord_transform]: Outlier rejected #4 (jumped 219.7mm). Ignoring.
[INFO] [1786962538.183554019] [coord_transform]: Too many outliers (5). Resetting filter to new position.
[WARN] [1786962538.217118349] [coord_transform]: Outlier rejected #1 (jumped 158.4mm). Ignoring.
[INFO] [1786962539.985414614] [coord_transform]: Captured Init Pose! P_init=(-0.162, 0.309, 0.388), Cam_init=(0.174, -0.305, 0.023), Noise_Tol=60.0mm
Orientation=(0.988, -0.154, -0.004, -0.029)
[INFO] [1786962545.103363405] [coord_transform]: Đã chuyển mode: ground_truth -> prediction
[INFO] [1786962545.250851797] [coord_transform]: Deadband: HOLD at (0.174, -0.305, 0.023)
[INFO] [1786962545.270409712] [coord_transform]: [SNAP ON] Tay thực tế đứng yên. Ép dừng robot (GRU đang lệch 0.0cm).
[INFO] [1786962545.636019627] [coord_transform]: Deadband: RELEASE — motion detected
[INFO] [1786962546.005469824] [coord_transform]: [SNAP OFF] Tay di chuyển lại. Trả quyền cho GRU.
[INFO] [1786962546.078730628] [coord_transform]: [SNAP OFF] Tay di chuyển lại. Trả quyền cho GRU.
[INFO] [1786962546.152074800] [coord_transform]: [SNAP OFF] Tay di chuyển lại. Trả quyền cho GRU.
[INFO] [1786962546.212945217] [coord_transform]: [SNAP OFF] Tay di chuyển lại. Trả quyền cho GRU.
[INFO] [1786962546.735840138] [coord_transform]: [SNAP OFF] Tay di chuyển lại. Trả quyền cho GRU.
[INFO] [1786962546.778089347] [coord_transform]: [SNAP ON] Tay thực tế đứng yên. Ép dừng robot (GRU đang lệch 4.9cm).
[INFO] [1786962546.817376810] [coord_transform]: [SNAP OFF] Tay di chuyển lại. Trả quyền cho GRU.
[INFO] [1786962546.874397527] [coord_transform]: [SNAP OFF] Tay di chuyển lại. Trả quyền cho GRU.
[INFO] [1786962546.942965301] [coord_transform]: [SNAP OFF] Tay di chuyển lại. Trả quyền cho GRU.
[INFO] [1786962547.018494633] [coord_transform]: [SNAP OFF] Tay di chuyển lại. Trả quyền cho GRU.
[INFO] [1786962547.075726027] [coord_transform]: [SNAP OFF] Tay di chuyển lại. Trả quyền cho GRU.
[INFO] [1786962547.269057626] [coord_transform]: Deadband: HOLD at (0.174, -0.305, 0.023)
[INFO] [1786962547.651712453] [coord_transform]: Deadband: RELEASE — motion detected
[INFO] [1786962547.667813840] [coord_transform]: [SNAP OFF] Tay di chuyển lại. Trả quyền cho GRU.
[INFO] [1786962547.743345717] [coord_transform]: [SNAP OFF] Tay di chuyển lại. Trả quyền cho GRU.
[INFO] [1786962548.004803696] [coord_transform]: [SNAP ON] Tay thực tế đứng yên. Ép dừng robot (GRU đang lệch 7.0cm).
[INFO] [1786962548.040586710] [coord_transform]: [SNAP OFF] Tay di chuyển lại. Trả quyền cho GRU.
[INFO] [1786962548.110277822] [coord_transform]: [SNAP OFF] Tay di chuyển lại. Trả quyền cho GRU.
[INFO] [1786962548.870279435] [coord_transform]: [SNAP OFF] Tay di chuyển lại. Trả quyền cho GRU.
[INFO] [1786962548.946838198] [coord_transform]: [SNAP OFF] Tay di chuyển lại. Trả quyền cho GRU.
[INFO] [1786962549.009976302] [coord_transform]: [SNAP OFF] Tay di chuyển lại. Trả quyền cho GRU.
[INFO] [1786962549.043954362] [coord_transform]: [SNAP ON] Tay thực tế đứng yên. Ép dừng robot (GRU đang lệch 6.8cm).
[INFO] [1786962549.083357072] [coord_transform]: [SNAP OFF] Tay di chuyển lại. Trả quyền cho GRU.
[INFO] [1786962549.487307189] [coord_transform]: Deadband: HOLD at (0.174, -0.305, 0.023)
[INFO] [1786962549.546762536] [coord_transform]: [SNAP OFF] Tay di chuyển lại. Trả quyền cho GRU.
[INFO] [1786962549.610079417] [coord_transform]: [SNAP OFF] Tay di chuyển lại. Trả quyền cho GRU.
[INFO] [1786962549.658173979] [coord_transform]: Deadband: RELEASE — motion detected
[INFO] [1786962549.682568545] [coord_transform]: [SNAP OFF] Tay di chuyển lại. Trả quyền cho GRU.
[INFO] [1786962549.743804141] [coord_transform]: [SNAP OFF] Tay di chuyển lại. Trả quyền cho GRU.
[INFO] [1786962549.814543720] [coord_transform]: [SNAP OFF] Tay di chuyển lại. Trả quyền cho GRU.
[INFO] [1786962549.940673009] [coord_transform]: [SNAP OFF] Tay di chuyển lại. Trả quyền cho GRU.
[INFO] [1786962550.010788812] [coord_transform]: [SNAP OFF] Tay di chuyển lại. Trả quyền cho GRU.
[INFO] [1786962550.804712153] [coord_transform]: [SNAP OFF] Tay di chuyển lại. Trả quyền cho GRU.
[INFO] [1786962550.843542163] [coord_transform]: [SNAP ON] Tay thực tế đứng yên. Ép dừng robot (GRU đang lệch 6.3cm).
[INFO] [1786962550.880771795] [coord_transform]: [SNAP OFF] Tay di chuyển lại. Trả quyền cho GRU.
[INFO] [1786962550.944216016] [coord_transform]: [SNAP OFF] Tay di chuyển lại. Trả quyền cho GRU.
[INFO] [1786962551.020509639] [coord_transform]: [SNAP OFF] Tay di chuyển lại. Trả quyền cho GRU.
[INFO] [1786962551.079592223] [coord_transform]: [SNAP OFF] Tay di chuyển lại. Trả quyền cho GRU.
[INFO] [1786962551.149262766] [coord_transform]: [SNAP OFF] Tay di chuyển lại. Trả quyền cho GRU.
[INFO] [1786962551.219055820] [coord_transform]: [SNAP OFF] Tay di chuyển lại. Trả quyền cho GRU.
[INFO] [1786962551.279582497] [coord_transform]: [SNAP OFF] Tay di chuyển lại. Trả quyền cho GRU.
[INFO] [1786962551.353441429] [coord_transform]: [SNAP OFF] Tay di chuyển lại. Trả quyền cho GRU.
[INFO] [1786962551.414230632] [coord_transform]: [SNAP OFF] Tay di chuyển lại. Trả quyền cho GRU.
[INFO] [1786962551.486164333] [coord_transform]: [SNAP OFF] Tay di chuyển lại. Trả quyền cho GRU.
[INFO] [1786962551.492954578] [coord_transform]: Deadband: HOLD at (0.174, -0.305, 0.023)
[INFO] [1786962551.551158937] [coord_transform]: [SNAP OFF] Tay di chuyển lại. Trả quyền cho GRU.
[INFO] [1786962551.618469519] [coord_transform]: [SNAP OFF] Tay di chuyển lại. Trả quyền cho GRU.
[INFO] [1786962551.660134886] [coord_transform]: Deadband: RELEASE — motion detected
[INFO] [1786962551.745381203] [coord_transform]: [SNAP OFF] Tay di chuyển lại. Trả quyền cho GRU.
[INFO] [1786962551.819331196] [coord_transform]: [SNAP OFF] Tay di chuyển lại. Trả quyền cho GRU.
[INFO] [1786962551.845596861] [coord_transform]: [SNAP ON] Tay thực tế đứng yên. Ép dừng robot (GRU đang lệch 7.0cm).
[INFO] [1786962551.878862436] [coord_transform]: [SNAP OFF] Tay di chuyển lại. Trả quyền cho GRU.
[INFO] [1786962551.932341383] [coord_transform]: [SNAP OFF] Tay di chuyển lại. Trả quyền cho GRU.
[INFO] [1786962552.010194327] [coord_transform]: [SNAP OFF] Tay di chuyển lại. Trả quyền cho GRU.
[INFO] [1786962552.081170772] [coord_transform]: [SNAP OFF] Tay di chuyển lại. Trả quyền cho GRU.
[INFO] [1786962552.280332845] [coord_transform]: [SNAP OFF] Tay di chuyển lại. Trả quyền cho GRU.
[INFO] [1786962553.240978704] [coord_transform]: [SNAP ON] Tay thực tế đứng yên. Ép dừng robot (GRU đang lệch 7.5cm).
[INFO] [1786962553.277349245] [coord_transform]: [SNAP OFF] Tay di chuyển lại. Trả quyền cho GRU.
[INFO] [1786962553.738481217] [coord_transform]: Deadband: HOLD at (0.174, -0.305, 0.023)
[INFO] [1786962553.777276020] [coord_transform]: Deadband: RELEASE — motion detected
[INFO] [1786962554.014778167] [coord_transform]: [SNAP OFF] Tay di chuyển lại. Trả quyền cho GRU.
[INFO] [1786962554.082102354] [coord_transform]: [SNAP OFF] Tay di chuyển lại. Trả quyền cho GRU.
[INFO] [1786962554.149132887] [coord_transform]: [SNAP OFF] Tay di chuyển lại. Trả quyền cho GRU.
[INFO] [1786962554.220053566] [coord_transform]: [SNAP OFF] Tay di chuyển lại. Trả quyền cho GRU.
[INFO] [1786962554.711662173] [coord_transform]: [SNAP ON] Tay thực tế đứng yên. Ép dừng robot (GRU đang lệch 8.1cm).
[INFO] [1786962554.746657931] [coord_transform]: [SNAP OFF] Tay di chuyển lại. Trả quyền cho GRU.
[INFO] [1786962554.820496674] [coord_transform]: [SNAP OFF] Tay di chuyển lại. Trả quyền cho GRU.
[INFO] [1786962555.140721146] [coord_transform]: [SNAP OFF] Tay di chuyển lại. Trả quyền cho GRU.
[INFO] [1786962555.212445260] [coord_transform]: [SNAP OFF] Tay di chuyển lại. Trả quyền cho GRU.
[INFO] [1786962555.284802649] [coord_transform]: [SNAP OFF] Tay di chuyển lại. Trả quyền cho GRU.
[INFO] [1786962555.345502032] [coord_transform]: [SNAP OFF] Tay di chuyển lại. Trả quyền cho GRU.
[INFO] [1786962555.413190937] [coord_transform]: [SNAP OFF] Tay di chuyển lại. Trả quyền cho GRU.
[INFO] [1786962555.776687605] [coord_transform]: Deadband: HOLD at (0.174, -0.305, 0.023)
[INFO] [1786962556.411186526] [coord_transform]: Deadband: RELEASE — motion detected
[INFO] [1786962556.490268326] [coord_transform]: [SNAP OFF] Tay di chuyển lại. Trả quyền cho GRU.
[INFO] [1786962556.514173920] [coord_transform]: [SNAP ON] Tay thực tế đứng yên. Ép dừng robot (GRU đang lệch 0.0cm).
[INFO] [1786962556.552382558] [coord_transform]: [SNAP OFF] Tay di chuyển lại. Trả quyền cho GRU.
[INFO] [1786962556.624979117] [coord_transform]: [SNAP OFF] Tay di chuyển lại. Trả quyền cho GRU.
[INFO] [1786962557.608026532] [coord_transform]: [SNAP ON] Tay thực tế đứng yên. Ép dừng robot (GRU đang lệch 8.2cm).
[INFO] [1786962557.649640522] [coord_transform]: [SNAP OFF] Tay di chuyển lại. Trả quyền cho GRU.
[INFO] [1786962557.717046663] [coord_transform]: [SNAP OFF] Tay di chuyển lại. Trả quyền cho GRU.
[INFO] [1786962557.787967272] [coord_transform]: [SNAP OFF] Tay di chuyển lại. Trả quyền cho GRU.
[INFO] [1786962557.794996909] [coord_transform]: Deadband: HOLD at (0.174, -0.305, 0.023)
[INFO] [1786962557.847113114] [coord_transform]: [SNAP OFF] Tay di chuyển lại. Trả quyền cho GRU.
[INFO] [1786962558.079326013] [coord_transform]: [SNAP OFF] Tay di chuyển lại. Trả quyền cho GRU.
[INFO] [1786962558.149490165] [coord_transform]: [SNAP OFF] Tay di chuyển lại. Trả quyền cho GRU.
[INFO] [1786962558.342784988] [coord_transform]: [SNAP OFF] Tay di chuyển lại. Trả quyền cho GRU.
[INFO] [1786962558.415551148] [coord_transform]: [SNAP OFF] Tay di chuyển lại. Trả quyền cho GRU.
[INFO] [1786962559.216880448] [coord_transform]: Deadband: RELEASE — motion detected
[INFO] [1786962559.844244266] [coord_transform]: Deadband: HOLD at (0.174, -0.305, 0.023)
[INFO] [1786962560.011825636] [coord_transform]: [SNAP OFF] Tay di chuyển lại. Trả quyền cho GRU.
[INFO] [1786962560.049987485] [coord_transform]: [SNAP ON] Tay thực tế đứng yên. Ép dừng robot (GRU đang lệch 6.3cm).
[INFO] [1786962560.092067954] [coord_transform]: [SNAP OFF] Tay di chuyển lại. Trả quyền cho GRU.
[INFO] [1786962560.152900918] [coord_transform]: [SNAP OFF] Tay di chuyển lại. Trả quyền cho GRU.
[INFO] [1786962560.216070298] [coord_transform]: [SNAP OFF] Tay di chuyển lại. Trả quyền cho GRU.
[INFO] [1786962560.283514841] [coord_transform]: [SNAP OFF] Tay di chuyển lại. Trả quyền cho GRU.
[INFO] [1786962560.354068948] [coord_transform]: [SNAP OFF] Tay di chuyển lại. Trả quyền cho GRU.
[INFO] [1786962560.517955029] [coord_transform]: [SNAP OFF] Tay di chuyển lại. Trả quyền cho GRU.
[INFO] [1786962560.593976717] [coord_transform]: [SNAP OFF] Tay di chuyển lại. Trả quyền cho GRU.
[INFO] [1786962560.650358166] [coord_transform]: [SNAP OFF] Tay di chuyển lại. Trả quyền cho GRU.
[INFO] [1786962560.720386872] [coord_transform]: [SNAP OFF] Tay di chuyển lại. Trả quyền cho GRU.
[INFO] [1786962560.784701162] [coord_transform]: [SNAP OFF] Tay di chuyển lại. Trả quyền cho GRU.
[INFO] [1786962560.882436279] [coord_transform]: [SNAP OFF] Tay di chuyển lại. Trả quyền cho GRU.
[INFO] [1786962560.957119823] [coord_transform]: [SNAP OFF] Tay di chuyển lại. Trả quyền cho GRU.
[INFO] [1786962561.017065614] [coord_transform]: [SNAP OFF] Tay di chuyển lại. Trả quyền cho GRU.
[INFO] [1786962561.055452899] [coord_transform]: [SNAP ON] Tay thực tế đứng yên. Ép dừng robot (GRU đang lệch 6.9cm).
[INFO] [1786962561.099883900] [coord_transform]: [SNAP OFF] Tay di chuyển lại. Trả quyền cho GRU.
[INFO] [1786962561.228960574] [coord_transform]: Deadband: RELEASE — motion detected
[INFO] [1786962561.244921925] [coord_transform]: [SNAP OFF] Tay di chuyển lại. Trả quyền cho GRU.
[INFO] [1786962561.321771935] [coord_transform]: [SNAP OFF] Tay di chuyển lại. Trả quyền cho GRU.
[INFO] [1786962561.386756579] [coord_transform]: [SNAP OFF] Tay di chuyển lại. Trả quyền cho GRU.
[INFO] [1786962561.453138156] [coord_transform]: [SNAP OFF] Tay di chuyển lại. Trả quyền cho GRU.
[INFO] [1786962561.528063066] [coord_transform]: [SNAP OFF] Tay di chuyển lại. Trả quyền cho GRU.
[INFO] [1786962561.594398437] [coord_transform]: [SNAP OFF] Tay di chuyển lại. Trả quyền cho GRU.
[INFO] [1786962562.201650142] [coord_transform]: Deadband: HOLD at (0.174, -0.305, 0.023)
[INFO] [1786962562.227164880] [coord_transform]: [SNAP ON] Tay thực tế đứng yên. Ép dừng robot (GRU đang lệch 7.5cm).
[INFO] [1786962562.277615544] [coord_transform]: [SNAP OFF] Tay di chuyển lại. Trả quyền cho GRU.
[INFO] [1786962562.411137501] [coord_transform]: [SNAP OFF] Tay di chuyển lại. Trả quyền cho GRU.
[INFO] [1786962563.148664448] [coord_transform]: [SNAP OFF] Tay di chuyển lại. Trả quyền cho GRU.
[INFO] [1786962563.221628890] [coord_transform]: [SNAP OFF] Tay di chuyển lại. Trả quyền cho GRU.
[INFO] [1786962563.248177328] [coord_transform]: [SNAP ON] Tay thực tế đứng yên. Ép dừng robot (GRU đang lệch 7.0cm).
[INFO] [1786962563.306808729] [coord_transform]: Deadband: RELEASE — motion detected
[INFO] [1786962563.335841602] [coord_transform]: [SNAP OFF] Tay di chuyển lại. Trả quyền cho GRU.
[INFO] [1786962563.391392654] [coord_transform]: [SNAP OFF] Tay di chuyển lại. Trả quyền cho GRU.
[INFO] [1786962563.455782906] [coord_transform]: [SNAP OFF] Tay di chuyển lại. Trả quyền cho GRU.
[INFO] [1786962563.527698911] [coord_transform]: [SNAP OFF] Tay di chuyển lại. Trả quyền cho GRU.
[INFO] [1786962563.587194803] [coord_transform]: [SNAP OFF] Tay di chuyển lại. Trả quyền cho GRU.
[INFO] [1786962563.658645410] [coord_transform]: [SNAP OFF] Tay di chuyển lại. Trả quyền cho GRU.
[INFO] [1786962566.999449844] [coord_transform]: Deadband: HOLD at (0.174, -0.305, 0.023)
[INFO] [1786962567.016860678] [coord_transform]: [SNAP ON] Tay thực tế đứng yên. Ép dừng robot (GRU đang lệch 7.8cm).
[INFO] [1786962567.038469409] [coord_transform]: Deadband: RELEASE — motion detected
[INFO] [1786962567.070533338] [coord_transform]: [SNAP OFF] Tay di chuyển lại. Trả quyền cho GRU.
[INFO] [1786962567.129466077] [coord_transform]: [SNAP OFF] Tay di chuyển lại. Trả quyền cho GRU.
[INFO] [1786962568.957139553] [coord_transform]: [SNAP ON] Tay thực tế đứng yên. Ép dừng robot (GRU đang lệch 8.1cm).
[INFO] [1786962568.996398350] [coord_transform]: [SNAP OFF] Tay di chuyển lại. Trả quyền cho GRU.
[INFO] [1786962569.006335670] [coord_transform]: Deadband: HOLD at (0.174, -0.305, 0.023)
[INFO] [1786962569.322257656] [coord_transform]: Deadband: RELEASE — motion detected
[INFO] [1786962569.917848147] [coord_transform]: Re-sync camera init: [ 0.17  -0.214  0.024]
[INFO] [1786962569.918171236] [coord_transform]: Trạng thái tracking: RUNNING
[INFO] [1786962569.959946198] [coord_transform]: [PREDICTION] Transform: cam[ 0.17  -0.214  0.024] → base[-0.162  0.309  0.388]
[INFO] [1786962570.057968094] [coord_transform]: [SNAP OFF] Tay di chuyển lại. Trả quyền cho GRU.
[INFO] [1786962570.093960350] [coord_transform]: [SNAP ON] Tay thực tế đứng yên. Ép dừng robot (GRU đang lệch 0.0cm).
[INFO] [1786962571.254197142] [coord_transform]: [SNAP OFF] Tay di chuyển lại. Trả quyền cho GRU.
[INFO] [1786962571.270108639] [coord_transform]: Deadband: HOLD at (0.170, -0.214, 0.024)
[INFO] [1786962571.294485480] [coord_transform]: [SNAP ON] Tay thực tế đứng yên. Ép dừng robot (GRU đang lệch 0.0cm).
[INFO] [1786962571.335463178] [coord_transform]: [SNAP OFF] Tay di chuyển lại. Trả quyền cho GRU.
[INFO] [1786962571.373526229] [coord_transform]: Deadband: RELEASE — motion detected
[INFO] [1786962571.390642418] [coord_transform]: [SNAP OFF] Tay di chuyển lại. Trả quyền cho GRU.
[INFO] [1786962571.459829174] [coord_transform]: [SNAP OFF] Tay di chuyển lại. Trả quyền cho GRU.
[INFO] [1786962571.524257236] [coord_transform]: [SNAP OFF] Tay di chuyển lại. Trả quyền cho GRU.
[INFO] [1786962571.991942403] [coord_transform]: [PREDICTION] Transform: cam[ 0.173 -0.202  0.095] → base[-0.165  0.321  0.459]
[INFO] [1786962574.026226682] [coord_transform]: [PREDICTION] Transform: cam[0.153 0.012 0.176] → base[-0.144  0.535  0.54 ]
[INFO] [1786962576.028851245] [coord_transform]: [PREDICTION] Transform: cam[0.121 0.274 0.178] → base[-0.112  0.797  0.542]
[INFO] [1786962577.931095165] [coord_transform]: Trạng thái tracking: STOPPED
[INFO] [1786962596.390600860] [coord_transform]: Deadband: HOLD at (0.170, -0.214, 0.024)
[WARN] [1786962596.787738748] [coord_transform]: Outlier rejected #1 (jumped 193.2mm). Ignoring.
[INFO] [1786962596.892154965] [coord_transform]: Deadband: RELEASE — motion detected
[WARN] [1786962598.854838135] [coord_transform]: Outlier rejected #1 (jumped 245.1mm). Ignoring.
[WARN] [1786962598.894349595] [coord_transform]: Outlier rejected #2 (jumped 366.7mm). Ignoring.
[WARN] [1786962599.195171590] [coord_transform]: Outlier rejected #3 (jumped 159.5mm). Ignoring.
[WARN] [1786962599.227000102] [coord_transform]: Outlier rejected #4 (jumped 189.4mm). Ignoring.
[INFO] [1786962603.192731318] [coord_transform]: Deadband: HOLD at (0.170, -0.214, 0.024)
[INFO] [1786962603.660682767] [coord_transform]: Deadband: RELEASE — motion detected
[INFO] [1786962605.930114088] [coord_transform]: Deadband: HOLD at (0.170, -0.214, 0.024)
[INFO] [1786962606.596010221] [coord_transform]: Deadband: RELEASE — motion detected
[INFO] [1786962609.163913050] [coord_transform]: Deadband: HOLD at (0.170, -0.214, 0.024)
[INFO] [1786962609.201921405] [coord_transform]: Deadband: RELEASE — motion detected
[INFO] [1786962612.470350253] [coord_transform]: Deadband: RELEASE — motion detected
[INFO] [1786962612.509198221] [coord_transform]: Deadband: HOLD at (0.170, -0.214, 0.024)
[INFO] [1786962616.267808637] [coord_transform]: Deadband: RELEASE — motion detected
[INFO] [1786962616.306341279] [coord_transform]: Deadband: HOLD at (0.170, -0.214, 0.024)
[WARN] [1786962616.437150571] [coord_transform]: Outlier rejected #1 (jumped 164.6mm). Ignoring.
[WARN] [1786962616.677046532] [coord_transform]: Outlier rejected #1 (jumped 195.2mm). Ignoring.
[INFO] [1786962618.374278453] [coord_transform]: Deadband: RELEASE — motion detected
[INFO] [1786962618.409729294] [coord_transform]: Deadband: HOLD at (0.170, -0.214, 0.024)
[WARN] [1786962619.839135491] [coord_transform]: Outlier rejected #1 (jumped 154.1mm). Ignoring.
[WARN] [1786962621.778288976] [coord_transform]: Outlier rejected #1 (jumped 151.6mm). Ignoring.
[WARN] [1786962622.005325946] [coord_transform]: Outlier rejected #1 (jumped 180.1mm). Ignoring.
[INFO] [1786962622.175513252] [coord_transform]: Deadband: RELEASE — motion detected
[INFO] [1786962622.212703633] [coord_transform]: Deadband: HOLD at (0.170, -0.214, 0.024)
[INFO] [1786962624.241911585] [coord_transform]: Deadband: RELEASE — motion detected
[WARN] [1786962624.511638674] [coord_transform]: Outlier rejected #1 (jumped 183.3mm). Ignoring.
[INFO] [1786962625.942087265] [coord_transform]: Re-sync camera init: [ 0.168 -0.318  0.025]
[INFO] [1786962625.942338599] [coord_transform]: Trạng thái tracking: RUNNING
[INFO] [1786962625.965817714] [coord_transform]: [PREDICTION] Transform: cam[ 0.168 -0.318  0.025] → base[-0.162  0.309  0.388]
[INFO] [1786962626.076778735] [coord_transform]: Deadband: HOLD at (0.168, -0.318, 0.025)
[INFO] [1786962626.093140047] [coord_transform]: [SNAP ON] Tay thực tế đứng yên. Ép dừng robot (GRU đang lệch 0.0cm).
[INFO] [1786962626.676613581] [coord_transform]: Deadband: RELEASE — motion detected
[INFO] [1786962626.693640589] [coord_transform]: [SNAP OFF] Tay di chuyển lại. Trả quyền cho GRU.
[INFO] [1786962626.777332769] [coord_transform]: [SNAP OFF] Tay di chuyển lại. Trả quyền cho GRU.
[INFO] [1786962626.865609443] [coord_transform]: [SNAP OFF] Tay di chuyển lại. Trả quyền cho GRU.
[INFO] [1786962626.944529123] [coord_transform]: [SNAP OFF] Tay di chuyển lại. Trả quyền cho GRU.
[INFO] [1786962627.008116531] [coord_transform]: [SNAP OFF] Tay di chuyển lại. Trả quyền cho GRU.
[INFO] [1786962627.079565623] [coord_transform]: [SNAP OFF] Tay di chuyển lại. Trả quyền cho GRU.
[INFO] [1786962627.999448717] [coord_transform]: [PREDICTION] Transform: cam[ 0.166 -0.16   0.095] → base[-0.16   0.467  0.458]
[INFO] [1786962630.036814874] [coord_transform]: [PREDICTION] Transform: cam[0.111 0.153 0.162] → base[-0.105  0.78   0.525]
[INFO] [1786962632.073412391] [coord_transform]: [PREDICTION] Transform: cam[0.057 0.471 0.089] → base[-0.051  1.098  0.453]
[INFO] [1786962634.098695362] [coord_transform]: [PREDICTION] Transform: cam[ 0.078  0.543 -0.049] → base[-0.072  1.17   0.314]
[INFO] [1786962636.100658219] [coord_transform]: [PREDICTION] Transform: cam[ 0.081  0.516 -0.053] → base[-0.074  1.143  0.311]
[INFO] [1786962638.103519871] [coord_transform]: [PREDICTION] Transform: cam[ 0.076  0.544 -0.038] → base[-0.07   1.171  0.325]
[INFO] [1786962640.105504139] [coord_transform]: [PREDICTION] Transform: cam[ 0.091  0.501 -0.048] → base[-0.085  1.128  0.315]
[WARN] [1786962641.653915575] [coord_transform]: Outlier rejected #1 (jumped 210.1mm). Ignoring.
[WARN] [1786962641.690424790] [coord_transform]: Outlier rejected #2 (jumped 240.7mm). Ignoring.
[WARN] [1786962641.724611926] [coord_transform]: Outlier rejected #3 (jumped 255.6mm). Ignoring.
[WARN] [1786962660.135948475] [coord_transform]: Outlier rejected #4 (jumped 874.3mm). Ignoring.
[INFO] [1786962660.157902142] [coord_transform]: [PREDICTION] Transform: cam[ 0.123  0.412 -0.064] → base[-0.117  1.039  0.299]
[INFO] [1786962660.170144076] [coord_transform]: Too many outliers (5). Resetting filter to new position.
[INFO] [1786962662.188472389] [coord_transform]: [PREDICTION] Transform: cam[ 0.245  0.096 -0.075] → base[-0.239  0.723  0.288]
[INFO] [1786962664.220708027] [coord_transform]: [PREDICTION] Transform: cam[ 0.265 -0.089  0.068] → base[-0.259  0.538  0.431]
[INFO] [1786962666.229227967] [coord_transform]: [PREDICTION] Transform: cam[ 0.271 -0.086  0.06 ] → base[-0.265  0.541  0.423]
[INFO] [1786962667.611209947] [coord_transform]: Trạng thái tracking: STOPPED
[INFO] [1786962674.846990979] [coord_transform]: Deadband: HOLD at (0.168, -0.318, 0.025)
[INFO] [1786962674.882676858] [coord_transform]: Deadband: RELEASE — motion detected
[WARN] [1786962675.145607039] [coord_transform]: Outlier rejected #1 (jumped 160.7mm). Ignoring.
[WARN] [1786962675.312300095] [coord_transform]: Outlier rejected #1 (jumped 258.3mm). Ignoring.
[WARN] [1786962675.347413665] [coord_transform]: Outlier rejected #2 (jumped 367.7mm). Ignoring.
[WARN] [1786962675.384643827] [coord_transform]: Outlier rejected #3 (jumped 523.0mm). Ignoring.
[WARN] [1786962675.415519265] [coord_transform]: Outlier rejected #4 (jumped 619.8mm). Ignoring.
[INFO] [1786962675.450378596] [coord_transform]: Too many outliers (5). Resetting filter to new position.
[WARN] [1786962675.779820972] [coord_transform]: Outlier rejected #1 (jumped 224.8mm). Ignoring.
[WARN] [1786962675.814803195] [coord_transform]: Outlier rejected #2 (jumped 214.3mm). Ignoring.
[WARN] [1786962675.851615608] [coord_transform]: Outlier rejected #3 (jumped 223.2mm). Ignoring.
[WARN] [1786962675.882192764] [coord_transform]: Outlier rejected #4 (jumped 216.6mm). Ignoring.
[INFO] [1786962675.915385172] [coord_transform]: Too many outliers (5). Resetting filter to new position.
[WARN] [1786962677.483839854] [coord_transform]: Outlier rejected #1 (jumped 182.4mm). Ignoring.
[WARN] [1786962678.347823326] [coord_transform]: Outlier rejected #1 (jumped 203.2mm). Ignoring.
[WARN] [1786962678.386928041] [coord_transform]: Outlier rejected #2 (jumped 196.5mm). Ignoring.
[WARN] [1786962678.423505151] [coord_transform]: Outlier rejected #3 (jumped 242.1mm). Ignoring.
[WARN] [1786962678.451772963] [coord_transform]: Outlier rejected #4 (jumped 156.3mm). Ignoring.
[INFO] [1786962678.485622870] [coord_transform]: Too many outliers (5). Resetting filter to new position.
[WARN] [1786962680.764286374] [coord_transform]: Outlier rejected #1 (jumped 807.8mm). Ignoring.
[WARN] [1786962680.792204877] [coord_transform]: Outlier rejected #2 (jumped 850.7mm). Ignoring.
[WARN] [1786962680.821035490] [coord_transform]: Outlier rejected #3 (jumped 833.9mm). Ignoring.
[WARN] [1786962682.455301487] [coord_transform]: Outlier rejected #4 (jumped 484.1mm). Ignoring.
[INFO] [1786962682.487819092] [coord_transform]: Too many outliers (5). Resetting filter to new position.
[WARN] [1786962682.524302825] [coord_transform]: Outlier rejected #1 (jumped 1829.0mm). Ignoring.
[WARN] [1786962682.557284996] [coord_transform]: Outlier rejected #2 (jumped 1847.5mm). Ignoring.
[WARN] [1786962682.588498201] [coord_transform]: Outlier rejected #3 (jumped 1847.9mm). Ignoring.
[WARN] [1786962682.621313196] [coord_transform]: Outlier rejected #4 (jumped 2097.4mm). Ignoring.
[INFO] [1786962686.019312675] [coord_transform]: Too many outliers (5). Resetting filter to new position.
[WARN] [1786962687.987609574] [coord_transform]: Outlier rejected #1 (jumped 210.3mm). Ignoring.
[WARN] [1786962688.023779725] [coord_transform]: Outlier rejected #2 (jumped 421.5mm). Ignoring.
[WARN] [1786962688.059312245] [coord_transform]: Outlier rejected #3 (jumped 565.7mm). Ignoring.
[WARN] [1786962688.091455723] [coord_transform]: Outlier rejected #4 (jumped 615.0mm). Ignoring.
[INFO] [1786962688.123778871] [coord_transform]: Too many outliers (5). Resetting filter to new position.
[INFO] [1786962690.721613987] [coord_transform]: Trạng thái tracking: STOPPED
[WARN] [1786962691.463127999] [coord_transform]: Outlier rejected #1 (jumped 150.4mm). Ignoring.
[WARN] [1786962691.498485348] [coord_transform]: Outlier rejected #2 (jumped 151.2mm). Ignoring.
[WARN] [1786962691.530393122] [coord_transform]: Outlier rejected #3 (jumped 239.9mm). Ignoring.
[WARN] [1786962691.559590836] [coord_transform]: Outlier rejected #4 (jumped 154.5mm). Ignoring.
[INFO] [1786962691.594488878] [coord_transform]: Too many outliers (5). Resetting filter to new position.
[WARN] [1786962697.396360231] [coord_transform]: Outlier rejected #1 (jumped 218.3mm). Ignoring.
[WARN] [1786962697.431816786] [coord_transform]: Outlier rejected #2 (jumped 300.8mm). Ignoring.
[WARN] [1786962697.466480115] [coord_transform]: Outlier rejected #3 (jumped 246.8mm). Ignoring.
[WARN] [1786962697.501206744] [coord_transform]: Outlier rejected #4 (jumped 247.3mm). Ignoring.
[INFO] [1786962697.532090557] [coord_transform]: Too many outliers (5). Resetting filter to new position.
[INFO] [1786962698.028586075] [coord_transform]: Deadband: HOLD at (0.168, -0.318, 0.025)
[INFO] [1786962700.735464151] [coord_transform]: Deadband: RELEASE — motion detected
[INFO] [1786962700.769424915] [coord_transform]: Deadband: HOLD at (0.168, -0.318, 0.025)
[INFO] [1786962703.965903696] [coord_transform]: Deadband: HOLD at (0.168, -0.318, 0.025)
[INFO] [1786962704.006791942] [coord_transform]: Deadband: RELEASE — motion detected
[INFO] [1786962704.577637332] [coord_transform]: Re-sync camera init: [ 0.184 -0.225  0.028]
[INFO] [1786962704.578274954] [coord_transform]: Trạng thái tracking: RUNNING
[INFO] [1786962704.626601817] [coord_transform]: [SNAP ON] Tay thực tế đứng yên. Ép dừng robot (GRU đang lệch 0.0cm).
[INFO] [1786962704.627609246] [coord_transform]: [PREDICTION] Transform: cam[ 0.184 -0.225  0.028] → base[-0.162  0.309  0.388]
[INFO] [1786962704.723610270] [coord_transform]: [SNAP OFF] Tay di chuyển lại. Trả quyền cho GRU.
[INFO] [1786962705.059677927] [coord_transform]: [SNAP OFF] Tay di chuyển lại. Trả quyền cho GRU.
[INFO] [1786962705.128930495] [coord_transform]: [SNAP OFF] Tay di chuyển lại. Trả quyền cho GRU.
[INFO] [1786962706.663342851] [coord_transform]: [PREDICTION] Transform: cam[ 0.172 -0.09   0.152] → base[-0.15   0.444  0.512]
[WARN] [1786962708.070527209] [coord_transform]: Outlier rejected #1 (jumped 185.1mm). Ignoring.
[WARN] [1786962708.271155981] [coord_transform]: Outlier rejected #1 (jumped 156.1mm). Ignoring.
[INFO] [1786962708.689909983] [coord_transform]: [PREDICTION] Transform: cam[0.12  0.166 0.159] → base[-0.098  0.7    0.519]
[INFO] [1786962710.694622319] [coord_transform]: [PREDICTION] Transform: cam[0.074 0.515 0.161] → base[-0.053  1.049  0.521]
[INFO] [1786962712.733119038] [coord_transform]: [PREDICTION] Transform: cam[0.076 0.575 0.102] → base[-0.054  1.109  0.462]
[INFO] [1786962714.734511607] [coord_transform]: Trạng thái tracking: STOPPED
[INFO] [1786962714.998765933] [coord_transform]: Re-sync camera init: [0.063 0.639 0.042]
[INFO] [1786962714.999031223] [coord_transform]: Trạng thái tracking: RUNNING
[INFO] [1786962715.028364541] [coord_transform]: [SNAP ON] Tay thực tế đứng yên. Ép dừng robot (GRU đang lệch 0.0cm).
[INFO] [1786962715.030316041] [coord_transform]: [PREDICTION] Transform: cam[0.063 0.639 0.042] → base[-0.162  0.309  0.388]
[INFO] [1786962716.374845158] [coord_transform]: Deadband: RELEASE — motion detected
[INFO] [1786962716.390343871] [coord_transform]: [SNAP OFF] Tay di chuyển lại. Trả quyền cho GRU.
[INFO] [1786962716.410751960] [coord_transform]: Deadband: HOLD at (0.063, 0.639, 0.042)
[INFO] [1786962716.432160607] [coord_transform]: [SNAP ON] Tay thực tế đứng yên. Ép dừng robot (GRU đang lệch 0.0cm).
[INFO] [1786962716.469423466] [coord_transform]: [SNAP OFF] Tay di chuyển lại. Trả quyền cho GRU.
[INFO] [1786962717.041502508] [coord_transform]: [PREDICTION] Transform: cam[0.1   0.536 0.018] → base[-0.199  0.206  0.363]
[INFO] [1786962719.061661083] [coord_transform]: [PREDICTION] Transform: cam[ 0.083  0.584 -0.013] → base[-0.182  0.254  0.333]
[INFO] [1786962721.068671609] [coord_transform]: [PREDICTION] Transform: cam[ 0.069  0.585 -0.005] → base[-0.169  0.255  0.341]
[INFO] [1786962723.099434933] [coord_transform]: [PREDICTION] Transform: cam[ 0.074  0.601 -0.022] → base[-0.174  0.271  0.324]
[INFO] [1786962725.130874043] [coord_transform]: [PREDICTION] Transform: cam[ 0.088  0.587 -0.005] → base[-0.187  0.257  0.341]
[INFO] [1786962727.137817137] [coord_transform]: [PREDICTION] Transform: cam[ 0.089  0.583 -0.007] → base[-0.188  0.253  0.339]
[INFO] [1786962728.012267553] [coord_transform]: Trạng thái tracking: STOPPED
[WARN] [1786962739.360930451] [coord_transform]: Outlier rejected #1 (jumped 531.4mm). Ignoring.
[WARN] [1786962739.395000879] [coord_transform]: Outlier rejected #2 (jumped 337.6mm). Ignoring.
[WARN] [1786962739.429642905] [coord_transform]: Outlier rejected #3 (jumped 521.8mm). Ignoring.
[WARN] [1786962739.463685041] [coord_transform]: Outlier rejected #4 (jumped 404.0mm). Ignoring.
[INFO] [1786962739.498185009] [coord_transform]: Too many outliers (5). Resetting filter to new position.
[WARN] [1786962739.693415980] [coord_transform]: Outlier rejected #1 (jumped 540.0mm). Ignoring.
[WARN] [1786962739.729351866] [coord_transform]: Outlier rejected #2 (jumped 545.0mm). Ignoring.
[WARN] [1786962739.765101210] [coord_transform]: Outlier rejected #3 (jumped 473.9mm). Ignoring.
[WARN] [1786962739.797481983] [coord_transform]: Outlier rejected #4 (jumped 479.6mm). Ignoring.
[INFO] [1786962739.829543554] [coord_transform]: Too many outliers (5). Resetting filter to new position.
[WARN] [1786962748.765783638] [coord_transform]: Outlier rejected #1 (jumped 154.0mm). Ignoring.
[WARN] [1786962748.803546437] [coord_transform]: Outlier rejected #2 (jumped 206.3mm). Ignoring.
[WARN] [1786962748.838271460] [coord_transform]: Outlier rejected #3 (jumped 195.8mm). Ignoring.
[WARN] [1786962748.871021208] [coord_transform]: Outlier rejected #4 (jumped 224.9mm). Ignoring.
[INFO] [1786962748.904490572] [coord_transform]: Too many outliers (5). Resetting filter to new position.
[INFO] [1786962751.811599412] [coord_transform]: Trạng thái tracking: STOPPED
[INFO] [1786962761.845324113] [coord_transform]: Trạng thái tracking: STOPPED
[WARN] [1786962762.210698518] [coord_transform]: Outlier rejected #1 (jumped 236.4mm). Ignoring.
[WARN] [1786962762.243914123] [coord_transform]: Outlier rejected #2 (jumped 184.2mm). Ignoring.
[WARN] [1786962762.280375719] [coord_transform]: Outlier rejected #3 (jumped 278.9mm). Ignoring.
[WARN] [1786962762.313971761] [coord_transform]: Outlier rejected #4 (jumped 225.0mm). Ignoring.
[INFO] [1786962772.712363116] [coord_transform]: Re-sync camera init: [ 0.194 -0.282  0.031]
[INFO] [1786962772.712710241] [coord_transform]: Trạng thái tracking: RUNNING
[INFO] [1786962772.737896206] [coord_transform]: [SNAP ON] Tay thực tế đứng yên. Ép dừng robot (GRU đang lệch 0.0cm).
[INFO] [1786962772.739088224] [coord_transform]: [PREDICTION] Transform: cam[ 0.194 -0.282  0.031] → base[-0.162  0.309  0.388]
[INFO] [1786962773.150436621] [coord_transform]: Deadband: RELEASE — motion detected
[INFO] [1786962773.169315114] [coord_transform]: [SNAP OFF] Tay di chuyển lại. Trả quyền cho GRU.
[INFO] [1786962773.189102201] [coord_transform]: Deadband: HOLD at (0.194, -0.282, 0.031)
[INFO] [1786962773.250039963] [coord_transform]: [SNAP OFF] Tay di chuyển lại. Trả quyền cho GRU.
[WARN] [1786962774.417801199] [coord_transform]: Outlier rejected #1 (jumped 157.2mm). Ignoring.
[WARN] [1786962774.454959628] [coord_transform]: Outlier rejected #2 (jumped 157.2mm). Ignoring.
[WARN] [1786962774.490481120] [coord_transform]: Outlier rejected #3 (jumped 178.3mm). Ignoring.
[INFO] [1786962774.771435080] [coord_transform]: [PREDICTION] Transform: cam[ 0.169 -0.169  0.178] → base[-0.137  0.422  0.535]
[INFO] [1786962776.780231186] [coord_transform]: [PREDICTION] Transform: cam[0.11  0.151 0.243] → base[-0.078  0.742  0.601]
[INFO] [1786962778.809782998] [coord_transform]: [PREDICTION] Transform: cam[0.101 0.464 0.155] → base[-0.069  1.055  0.512]
[INFO] [1786962778.844995067] [coord_transform]: Trạng thái tracking: STOPPED
[INFO] [1786962805.244721527] [coord_transform]: Deadband: HOLD at (0.194, -0.282, 0.031)
[INFO] [1786962805.278260249] [coord_transform]: Deadband: RELEASE — motion detected
[WARN] [1786962814.686977688] [coord_transform]: Outlier rejected #1 (jumped 159.3mm). Ignoring.
[WARN] [1786962814.815284308] [coord_transform]: Outlier rejected #1 (jumped 306.0mm). Ignoring.
[WARN] [1786962815.352340424] [coord_transform]: Outlier rejected #1 (jumped 225.0mm). Ignoring.
[WARN] [1786962815.382733495] [coord_transform]: Outlier rejected #2 (jumped 328.3mm). Ignoring.
[WARN] [1786962815.418401020] [coord_transform]: Outlier rejected #3 (jumped 369.7mm). Ignoring.
[WARN] [1786962815.455127972] [coord_transform]: Outlier rejected #4 (jumped 418.9mm). Ignoring.
[INFO] [1786962815.486561715] [coord_transform]: Too many outliers (5). Resetting filter to new position.
[INFO] [1786962819.717950989] [coord_transform]: Deadband: HOLD at (0.194, -0.282, 0.031)
[INFO] [1786962819.917460438] [coord_transform]: Trạng thái tracking: STOPPED
[INFO] [1786962822.219320493] [coord_transform]: Deadband: RELEASE — motion detected
[INFO] [1786962824.356940906] [coord_transform]: Deadband: HOLD at (0.194, -0.282, 0.031)
[INFO] [1786962824.689585925] [coord_transform]: Deadband: RELEASE — motion detected
[INFO] [1786962831.291419487] [coord_transform]: Re-sync camera init: [ 0.198 -0.27   0.027]
[INFO] [1786962831.291767192] [coord_transform]: Trạng thái tracking: RUNNING
[INFO] [1786962831.316795979] [coord_transform]: [SNAP ON] Tay thực tế đứng yên. Ép dừng robot (GRU đang lệch 0.0cm).
[INFO] [1786962831.317933203] [coord_transform]: [PREDICTION] Transform: cam[ 0.198 -0.27   0.027] → base[-0.162  0.309  0.388]
[INFO] [1786962831.894801322] [coord_transform]: Deadband: RELEASE — motion detected
[INFO] [1786962831.911687988] [coord_transform]: [SNAP OFF] Tay di chuyển lại. Trả quyền cho GRU.
[INFO] [1786962832.114141774] [coord_transform]: Deadband: HOLD at (0.198, -0.270, 0.027)
[INFO] [1786962833.347867715] [coord_transform]: [PREDICTION] Transform: cam[ 0.165 -0.141  0.138] → base[-0.129  0.438  0.499]
[INFO] [1786962835.353197362] [coord_transform]: [PREDICTION] Transform: cam[0.094 0.162 0.193] → base[-0.058  0.741  0.554]
[INFO] [1786962837.356667207] [coord_transform]: [PREDICTION] Transform: cam[0.054 0.471 0.118] → base[-0.018  1.05   0.479]
[INFO] [1786962837.883753046] [coord_transform]: Trạng thái tracking: STOPPED
[WARN] [1786962847.107963449] [coord_transform]: Outlier rejected #1 (jumped 154.8mm). Ignoring.
[WARN] [1786962847.146458914] [coord_transform]: Outlier rejected #2 (jumped 155.2mm). Ignoring.
[WARN] [1786962847.187263591] [coord_transform]: Outlier rejected #3 (jumped 155.5mm). Ignoring.
[WARN] [1786962847.225460744] [coord_transform]: Outlier rejected #4 (jumped 155.5mm). Ignoring.
[INFO] [1786962847.255455231] [coord_transform]: Too many outliers (5). Resetting filter to new position.
[WARN] [1786962862.281144463] [coord_transform]: Outlier rejected #1 (jumped 187.6mm). Ignoring.
[WARN] [1786962862.317176873] [coord_transform]: Outlier rejected #2 (jumped 193.7mm). Ignoring.
[WARN] [1786962862.354479328] [coord_transform]: Outlier rejected #3 (jumped 187.8mm). Ignoring.
[WARN] [1786962862.386625040] [coord_transform]: Outlier rejected #4 (jumped 199.8mm). Ignoring.
[INFO] [1786962862.419806315] [coord_transform]: Too many outliers (5). Resetting filter to new position.
[WARN] [1786962886.200499519] [coord_transform]: Outlier rejected #1 (jumped 192.2mm). Ignoring.
[WARN] [1786962886.236640582] [coord_transform]: Outlier rejected #2 (jumped 208.2mm). Ignoring.
[WARN] [1786962886.272580687] [coord_transform]: Outlier rejected #3 (jumped 272.4mm). Ignoring.
[WARN] [1786962886.304719746] [coord_transform]: Outlier rejected #4 (jumped 192.2mm). Ignoring.
[WARN] [1786962887.467594473] [coord_transform]: Outlier rejected #1 (jumped 197.5mm). Ignoring.
[WARN] [1786962887.504991975] [coord_transform]: Outlier rejected #2 (jumped 409.1mm). Ignoring.
[WARN] [1786962887.536978757] [coord_transform]: Outlier rejected #3 (jumped 501.7mm). Ignoring.
[WARN] [1786962887.570450979] [coord_transform]: Outlier rejected #4 (jumped 539.9mm). Ignoring.
[INFO] [1786962887.607531734] [coord_transform]: Too many outliers (5). Resetting filter to new position.
[WARN] [1786962887.767253153] [coord_transform]: Outlier rejected #1 (jumped 228.1mm). Ignoring.
[INFO] [1786962888.101248596] [coord_transform]: Deadband: HOLD at (0.198, -0.270, 0.027)
[INFO] [1786962888.203257754] [coord_transform]: Deadband: RELEASE — motion detected
[INFO] [1786962890.399614066] [coord_transform]: Trạng thái tracking: STOPPED
[INFO] [1786962896.808768525] [coord_transform]: Deadband: RELEASE — motion detected
[INFO] [1786962896.850858814] [coord_transform]: Deadband: HOLD at (0.198, -0.270, 0.027)
[INFO] [1786962900.043965617] [coord_transform]: Deadband: RELEASE — motion detected
[INFO] [1786962900.997906029] [coord_transform]: Re-sync camera init: [ 0.187 -0.367  0.023]
[INFO] [1786962900.998439174] [coord_transform]: Trạng thái tracking: RUNNING
[INFO] [1786962901.038221622] [coord_transform]: [PREDICTION] Transform: cam[ 0.186 -0.266  0.025] → base[-0.161  0.41   0.389]
[INFO] [1786962903.066790081] [coord_transform]: [PREDICTION] Transform: cam[ 0.163 -0.156  0.135] → base[-0.137  0.52   0.5  ]
[INFO] [1786962905.080264109] [coord_transform]: [PREDICTION] Transform: cam[0.096 0.163 0.146] → base[-0.071  0.839  0.511]
[INFO] [1786962907.102511860] [coord_transform]: [PREDICTION] Transform: cam[0.083 0.43  0.099] → base[-0.058  1.106  0.464]
[INFO] [1786962908.177983612] [coord_transform]: Trạng thái tracking: STOPPED
[WARN] [1786962912.589840503] [coord_transform]: Outlier rejected #1 (jumped 228.8mm). Ignoring.
[WARN] [1786962912.624635067] [coord_transform]: Outlier rejected #2 (jumped 305.3mm). Ignoring.
[WARN] [1786962912.655550889] [coord_transform]: Outlier rejected #3 (jumped 325.0mm). Ignoring.
[WARN] [1786962912.694425474] [coord_transform]: Outlier rejected #4 (jumped 317.6mm). Ignoring.
[INFO] [1786962912.724241523] [coord_transform]: Too many outliers (5). Resetting filter to new position.
[WARN] [1786962925.599654888] [coord_transform]: Outlier rejected #1 (jumped 220.7mm). Ignoring.
[WARN] [1786962925.636892447] [coord_transform]: Outlier rejected #2 (jumped 173.1mm). Ignoring.
[WARN] [1786962925.665709922] [coord_transform]: Outlier rejected #3 (jumped 196.0mm). Ignoring.
[WARN] [1786962925.702988057] [coord_transform]: Outlier rejected #4 (jumped 153.5mm). Ignoring.
[WARN] [1786962926.899268003] [coord_transform]: Outlier rejected #1 (jumped 269.2mm). Ignoring.
[WARN] [1786962926.930593386] [coord_transform]: Outlier rejected #2 (jumped 240.5mm). Ignoring.
[WARN] [1786962926.967622051] [coord_transform]: Outlier rejected #3 (jumped 219.1mm). Ignoring.
[WARN] [1786962926.999374329] [coord_transform]: Outlier rejected #4 (jumped 195.0mm). Ignoring.
[INFO] [1786962927.037323139] [coord_transform]: Too many outliers (5). Resetting filter to new position.
[WARN] [1786962927.429255292] [coord_transform]: Outlier rejected #1 (jumped 203.5mm). Ignoring.
[WARN] [1786962927.563889518] [coord_transform]: Outlier rejected #1 (jumped 223.5mm). Ignoring.
[WARN] [1786962928.167257310] [coord_transform]: Outlier rejected #1 (jumped 323.4mm). Ignoring.
[WARN] [1786962928.205186593] [coord_transform]: Outlier rejected #2 (jumped 283.2mm). Ignoring.
[INFO] [1786962933.471830292] [coord_transform]: Deadband: HOLD at (0.187, -0.367, 0.023)
[INFO] [1786962933.502306554] [coord_transform]: Deadband: RELEASE — motion detected
[INFO] [1786962935.027478106] [coord_transform]: Trạng thái tracking: STOPPED
[INFO] [1786962938.771332817] [coord_transform]: Deadband: HOLD at (0.187, -0.367, 0.023)
[INFO] [1786962938.810890839] [coord_transform]: Deadband: RELEASE — motion detected
[INFO] [1786962944.109442973] [coord_transform]: Re-sync camera init: [ 0.18  -0.236  0.023]
[INFO] [1786962944.109679860] [coord_transform]: Trạng thái tracking: RUNNING
[INFO] [1786962944.163789914] [coord_transform]: [SNAP ON] Tay thực tế đứng yên. Ép dừng robot (GRU đang lệch 0.0cm).
[INFO] [1786962944.164601434] [coord_transform]: [PREDICTION] Transform: cam[ 0.18  -0.236  0.023] → base[-0.162  0.309  0.388]
[WARN] [1786962944.180110350] [coord_transform]: Outlier rejected #1 (jumped 154.1mm). Ignoring.
[INFO] [1786962944.681151911] [coord_transform]: Deadband: RELEASE — motion detected
[INFO] [1786962944.701234990] [coord_transform]: [SNAP OFF] Tay di chuyển lại. Trả quyền cho GRU.
[WARN] [1786962945.779918491] [coord_transform]: Outlier rejected #1 (jumped 160.0mm). Ignoring.
[WARN] [1786962946.016301594] [coord_transform]: Outlier rejected #1 (jumped 165.0mm). Ignoring.
[INFO] [1786962946.165591705] [coord_transform]: [PREDICTION] Transform: cam[ 0.154 -0.097  0.149] → base[-0.137  0.448  0.513]
[WARN] [1786962946.715892544] [coord_transform]: Outlier rejected #1 (jumped 178.2mm). Ignoring.
[WARN] [1786962946.943860052] [coord_transform]: Outlier rejected #1 (jumped 150.0mm). Ignoring.
[WARN] [1786962947.481556590] [coord_transform]: Outlier rejected #1 (jumped 196.0mm). Ignoring.
[INFO] [1786962948.170657594] [coord_transform]: [PREDICTION] Transform: cam[0.146 0.11  0.126] → base[-0.128  0.655  0.491]
[INFO] [1786962950.171194058] [coord_transform]: [PREDICTION] Transform: cam[0.139 0.433 0.058] → base[-0.122  0.978  0.423]
[INFO] [1786962950.765503817] [coord_transform]: Trạng thái tracking: STOPPED
[WARN] [1786962969.530642776] [coord_transform]: Outlier rejected #1 (jumped 157.7mm). Ignoring.
[WARN] [1786962975.300560971] [coord_transform]: Outlier rejected #1 (jumped 213.9mm). Ignoring.
[WARN] [1786962975.338435288] [coord_transform]: Outlier rejected #2 (jumped 271.9mm). Ignoring.
[WARN] [1786962975.383015646] [coord_transform]: Outlier rejected #3 (jumped 260.3mm). Ignoring.
[WARN] [1786962975.415628164] [coord_transform]: Outlier rejected #4 (jumped 325.9mm). Ignoring.
[INFO] [1786962975.445001656] [coord_transform]: Too many outliers (5). Resetting filter to new position.
[INFO] [1786962978.178211747] [coord_transform]: Trạng thái tracking: STOPPED
[INFO] [1786962978.199325989] [coord_transform]: Deadband: HOLD at (0.180, -0.236, 0.023)
[INFO] [1786962978.436697836] [coord_transform]: Deadband: RELEASE — motion detected
[WARN] [1786962978.802030220] [coord_transform]: Outlier rejected #1 (jumped 150.2mm). Ignoring.
[INFO] [1786962980.338521803] [coord_transform]: Deadband: HOLD at (0.180, -0.236, 0.023)
[INFO] [1786962980.734518611] [coord_transform]: Deadband: RELEASE — motion detected
[INFO] [1786962982.440610009] [coord_transform]: Deadband: HOLD at (0.180, -0.236, 0.023)
[INFO] [1786962982.739074069] [coord_transform]: Deadband: RELEASE — motion detected
[INFO] [1786962984.608488311] [coord_transform]: Deadband: HOLD at (0.180, -0.236, 0.023)
[WARN] [1786962985.106126379] [coord_transform]: Outlier rejected #1 (jumped 157.1mm). Ignoring.
[INFO] [1786962986.487465134] [coord_transform]: Re-sync camera init: [ 0.187 -0.203  0.042]
[INFO] [1786962986.487797721] [coord_transform]: Trạng thái tracking: RUNNING
[INFO] [1786962986.543704550] [coord_transform]: [SNAP ON] Tay thực tế đứng yên. Ép dừng robot (GRU đang lệch 0.0cm).
[INFO] [1786962986.544853015] [coord_transform]: [PREDICTION] Transform: cam[ 0.187 -0.203  0.042] → base[-0.162  0.309  0.388]
[INFO] [1786962986.547089551] [coord_transform]: Deadband: RELEASE — motion detected
[INFO] [1786962986.590350030] [coord_transform]: [SNAP OFF] Tay di chuyển lại. Trả quyền cho GRU.
[INFO] [1786962986.648100785] [coord_transform]: Deadband: HOLD at (0.187, -0.203, 0.042)
[INFO] [1786962987.189791064] [coord_transform]: [SNAP OFF] Tay di chuyển lại. Trả quyền cho GRU.
[INFO] [1786962987.262908446] [coord_transform]: [SNAP OFF] Tay di chuyển lại. Trả quyền cho GRU.
[INFO] [1786962988.568106035] [coord_transform]: [PREDICTION] Transform: cam[ 0.162 -0.089  0.15 ] → base[-0.137  0.423  0.496]
[WARN] [1786962988.845165333] [coord_transform]: Outlier rejected #1 (jumped 167.7mm). Ignoring.
[INFO] [1786962990.569037954] [coord_transform]: [PREDICTION] Transform: cam[0.118 0.173 0.126] → base[-0.093  0.685  0.472]
[INFO] [1786962992.600660081] [coord_transform]: [PREDICTION] Transform: cam[0.096 0.48  0.057] → base[-0.071  0.992  0.404]
[INFO] [1786962993.364691014] [coord_transform]: Trạng thái tracking: STOPPED
[WARN] [1786963000.885018285] [coord_transform]: Outlier rejected #1 (jumped 387.1mm). Ignoring.
[WARN] [1786963002.453351089] [coord_transform]: Outlier rejected #1 (jumped 296.4mm). Ignoring.
[WARN] [1786963002.491133651] [coord_transform]: Outlier rejected #2 (jumped 245.7mm). Ignoring.
[WARN] [1786963002.522318146] [coord_transform]: Outlier rejected #3 (jumped 232.0mm). Ignoring.
[WARN] [1786963003.320369240] [coord_transform]: Outlier rejected #1 (jumped 460.9mm). Ignoring.
[WARN] [1786963006.788971836] [coord_transform]: Outlier rejected #1 (jumped 277.3mm). Ignoring.
[WARN] [1786963006.822343534] [coord_transform]: Outlier rejected #2 (jumped 382.5mm). Ignoring.
[WARN] [1786963006.857597439] [coord_transform]: Outlier rejected #3 (jumped 282.3mm). Ignoring.
[WARN] [1786963006.891333554] [coord_transform]: Outlier rejected #4 (jumped 211.7mm). Ignoring.
[WARN] [1786963007.122811643] [coord_transform]: Outlier rejected #1 (jumped 457.3mm). Ignoring.
[WARN] [1786963007.158859345] [coord_transform]: Outlier rejected #2 (jumped 172.1mm). Ignoring.
[WARN] [1786963007.191534740] [coord_transform]: Outlier rejected #3 (jumped 332.2mm). Ignoring.
[WARN] [1786963007.325195718] [coord_transform]: Outlier rejected #1 (jumped 318.6mm). Ignoring.
[WARN] [1786963007.422864869] [coord_transform]: Outlier rejected #1 (jumped 482.4mm). Ignoring.
[WARN] [1786963007.460777337] [coord_transform]: Outlier rejected #2 (jumped 1256.7mm). Ignoring.
[WARN] [1786963007.493021108] [coord_transform]: Outlier rejected #3 (jumped 437.9mm). Ignoring.
[WARN] [1786963007.526377045] [coord_transform]: Outlier rejected #4 (jumped 165.1mm). Ignoring.
[INFO] [1786963007.559267606] [coord_transform]: Too many outliers (5). Resetting filter to new position.
[WARN] [1786963007.592245712] [coord_transform]: Outlier rejected #1 (jumped 301.1mm). Ignoring.
[WARN] [1786963007.625301313] [coord_transform]: Outlier rejected #2 (jumped 350.7mm). Ignoring.
[WARN] [1786963007.658882706] [coord_transform]: Outlier rejected #3 (jumped 348.7mm). Ignoring.
[WARN] [1786963007.823377077] [coord_transform]: Outlier rejected #1 (jumped 308.2mm). Ignoring.
[WARN] [1786963007.859377279] [coord_transform]: Outlier rejected #2 (jumped 151.4mm). Ignoring.
[WARN] [1786963007.895584462] [coord_transform]: Outlier rejected #3 (jumped 343.0mm). Ignoring.
[WARN] [1786963007.927051238] [coord_transform]: Outlier rejected #4 (jumped 371.8mm). Ignoring.
[WARN] [1786963007.992662619] [coord_transform]: Outlier rejected #1 (jumped 322.9mm). Ignoring.
[WARN] [1786963008.025627640] [coord_transform]: Outlier rejected #2 (jumped 336.3mm). Ignoring.
[WARN] [1786963008.062094813] [coord_transform]: Outlier rejected #3 (jumped 350.8mm). Ignoring.
[WARN] [1786963008.096560713] [coord_transform]: Outlier rejected #4 (jumped 323.1mm). Ignoring.
[INFO] [1786963008.127246908] [coord_transform]: Too many outliers (5). Resetting filter to new position.
[WARN] [1786963008.258180916] [coord_transform]: Outlier rejected #1 (jumped 190.1mm). Ignoring.
[WARN] [1786963008.289479305] [coord_transform]: Outlier rejected #2 (jumped 396.6mm). Ignoring.
[WARN] [1786963008.328969456] [coord_transform]: Outlier rejected #3 (jumped 736.2mm). Ignoring.
[WARN] [1786963008.360437535] [coord_transform]: Outlier rejected #4 (jumped 468.5mm). Ignoring.
[INFO] [1786963008.391920652] [coord_transform]: Too many outliers (5). Resetting filter to new position.
[WARN] [1786963008.429711690] [coord_transform]: Outlier rejected #1 (jumped 412.3mm). Ignoring.
[WARN] [1786963008.624381153] [coord_transform]: Outlier rejected #1 (jumped 174.7mm). Ignoring.
[WARN] [1786963008.760063441] [coord_transform]: Outlier rejected #1 (jumped 389.2mm). Ignoring.
[WARN] [1786963008.797907559] [coord_transform]: Outlier rejected #2 (jumped 186.7mm). Ignoring.
[WARN] [1786963008.892219863] [coord_transform]: Outlier rejected #1 (jumped 302.5mm). Ignoring.
[WARN] [1786963008.959795968] [coord_transform]: Outlier rejected #2 (jumped 631.3mm). Ignoring.
[WARN] [1786963008.994884612] [coord_transform]: Outlier rejected #3 (jumped 206.5mm). Ignoring.
[WARN] [1786963009.027946285] [coord_transform]: Outlier rejected #4 (jumped 228.0mm). Ignoring.
[INFO] [1786963009.061149825] [coord_transform]: Too many outliers (5). Resetting filter to new position.
[WARN] [1786963009.127543991] [coord_transform]: Outlier rejected #1 (jumped 163.9mm). Ignoring.
[WARN] [1786963009.159554553] [coord_transform]: Outlier rejected #2 (jumped 419.8mm). Ignoring.
[WARN] [1786963009.193923290] [coord_transform]: Outlier rejected #3 (jumped 307.5mm). Ignoring.
[WARN] [1786963012.062947688] [coord_transform]: Outlier rejected #1 (jumped 159.7mm). Ignoring.
[WARN] [1786963012.429004833] [coord_transform]: Outlier rejected #1 (jumped 231.0mm). Ignoring.
[WARN] [1786963012.465608022] [coord_transform]: Outlier rejected #2 (jumped 347.8mm). Ignoring.
[WARN] [1786963012.629735440] [coord_transform]: Outlier rejected #1 (jumped 412.9mm). Ignoring.
[WARN] [1786963012.861288750] [coord_transform]: Outlier rejected #1 (jumped 364.8mm). Ignoring.
[WARN] [1786963012.897283612] [coord_transform]: Outlier rejected #2 (jumped 201.8mm). Ignoring.
[WARN] [1786963013.161074450] [coord_transform]: Outlier rejected #1 (jumped 162.3mm). Ignoring.
[WARN] [1786963013.230355027] [coord_transform]: Outlier rejected #2 (jumped 1074.8mm). Ignoring.
[WARN] [1786963013.362346668] [coord_transform]: Outlier rejected #3 (jumped 1009.5mm). Ignoring.
[WARN] [1786963013.496972274] [coord_transform]: Outlier rejected #1 (jumped 389.5mm). Ignoring.
[WARN] [1786963013.529978271] [coord_transform]: Outlier rejected #2 (jumped 963.6mm). Ignoring.
[WARN] [1786963013.563602244] [coord_transform]: Outlier rejected #3 (jumped 917.5mm). Ignoring.
[WARN] [1786963013.659999788] [coord_transform]: Outlier rejected #4 (jumped 261.5mm). Ignoring.
[INFO] [1786963013.693525185] [coord_transform]: Too many outliers (5). Resetting filter to new position.
[WARN] [1786963013.731071612] [coord_transform]: Outlier rejected #1 (jumped 735.3mm). Ignoring.
[WARN] [1786963013.765213902] [coord_transform]: Outlier rejected #2 (jumped 258.4mm). Ignoring.
[WARN] [1786963013.798267450] [coord_transform]: Outlier rejected #3 (jumped 162.0mm). Ignoring.
[WARN] [1786963013.962033556] [coord_transform]: Outlier rejected #1 (jumped 469.5mm). Ignoring.
[WARN] [1786963013.996190875] [coord_transform]: Outlier rejected #2 (jumped 349.6mm). Ignoring.
[WARN] [1786963014.028818699] [coord_transform]: Outlier rejected #3 (jumped 486.8mm). Ignoring.
[WARN] [1786963014.064336242] [coord_transform]: Outlier rejected #4 (jumped 462.9mm). Ignoring.
[INFO] [1786963014.098047399] [coord_transform]: Too many outliers (5). Resetting filter to new position.
[WARN] [1786963014.498275307] [coord_transform]: Outlier rejected #1 (jumped 466.4mm). Ignoring.
[WARN] [1786963015.365656350] [coord_transform]: Outlier rejected #1 (jumped 207.4mm). Ignoring.
[WARN] [1786963015.400631230] [coord_transform]: Outlier rejected #2 (jumped 245.1mm). Ignoring.
[WARN] [1786963015.433136514] [coord_transform]: Outlier rejected #3 (jumped 247.6mm). Ignoring.
[WARN] [1786963015.465596572] [coord_transform]: Outlier rejected #4 (jumped 254.3mm). Ignoring.
[INFO] [1786963015.499154220] [coord_transform]: Too many outliers (5). Resetting filter to new position.
[WARN] [1786963017.531120997] [coord_transform]: Outlier rejected #1 (jumped 208.9mm). Ignoring.
[WARN] [1786963017.568894943] [coord_transform]: Outlier rejected #2 (jumped 181.3mm). Ignoring.
[WARN] [1786963017.598256581] [coord_transform]: Outlier rejected #3 (jumped 319.0mm). Ignoring.
[WARN] [1786963017.634473892] [coord_transform]: Outlier rejected #4 (jumped 364.0mm). Ignoring.
[INFO] [1786963017.668686134] [coord_transform]: Too many outliers (5). Resetting filter to new position.
[WARN] [1786963018.096880679] [coord_transform]: Outlier rejected #1 (jumped 228.1mm). Ignoring.
[WARN] [1786963018.133436688] [coord_transform]: Outlier rejected #2 (jumped 151.3mm). Ignoring.
[WARN] [1786963020.571097309] [coord_transform]: Outlier rejected #3 (jumped 686.6mm). Ignoring.
[WARN] [1786963020.603596581] [coord_transform]: Outlier rejected #4 (jumped 707.2mm). Ignoring.
[INFO] [1786963020.637792281] [coord_transform]: Too many outliers (5). Resetting filter to new position.
[WARN] [1786963020.667877223] [coord_transform]: Outlier rejected #1 (jumped 188.5mm). Ignoring.
[INFO] [1786963025.835870780] [coord_transform]: Deadband: HOLD at (0.187, -0.203, 0.042)
[INFO] [1786963025.872915491] [coord_transform]: Deadband: RELEASE — motion detected
[INFO] [1786963027.593773304] [coord_transform]: Trạng thái tracking: STOPPED
[INFO] [1786963028.672250728] [coord_transform]: Deadband: RELEASE — motion detected
[WARN] [1786963031.747947736] [coord_transform]: Outlier rejected #1 (jumped 348.5mm). Ignoring.
[WARN] [1786963031.772905041] [coord_transform]: Outlier rejected #2 (jumped 468.6mm). Ignoring.
[WARN] [1786963031.808203299] [coord_transform]: Outlier rejected #3 (jumped 508.3mm). Ignoring.
[WARN] [1786963031.843279338] [coord_transform]: Outlier rejected #4 (jumped 513.6mm). Ignoring.
[INFO] [1786963031.877013328] [coord_transform]: Too many outliers (5). Resetting filter to new position.
[WARN] [1786963031.911266716] [coord_transform]: Outlier rejected #1 (jumped 620.1mm). Ignoring.
[WARN] [1786963031.944518146] [coord_transform]: Outlier rejected #2 (jumped 546.6mm). Ignoring.
[WARN] [1786963031.976990107] [coord_transform]: Outlier rejected #3 (jumped 562.1mm). Ignoring.
[WARN] [1786963032.012045617] [coord_transform]: Outlier rejected #4 (jumped 436.6mm). Ignoring.
[INFO] [1786963032.046665507] [coord_transform]: Too many outliers (5). Resetting filter to new position.
[INFO] [1786963037.442839193] [coord_transform]: Deadband: HOLD at (0.187, -0.203, 0.042)
[INFO] [1786963037.714649832] [coord_transform]: Deadband: RELEASE — motion detected
[INFO] [1786963039.644270655] [coord_transform]: Deadband: HOLD at (0.187, -0.203, 0.042)
[INFO] [1786963044.153860113] [coord_transform]: Deadband: HOLD at (0.187, -0.203, 0.042)
[INFO] [1786963044.283639980] [coord_transform]: Deadband: RELEASE — motion detected
[INFO] [1786963049.086180764] [coord_transform]: Deadband: HOLD at (0.187, -0.203, 0.042)
[INFO] [1786963049.187711801] [coord_transform]: Deadband: RELEASE — motion detected
[INFO] [1786963054.997398640] [coord_transform]: Re-sync camera init: [ 0.186 -0.159  0.047]
[INFO] [1786963054.997768267] [coord_transform]: Trạng thái tracking: RUNNING
[INFO] [1786963055.047432194] [coord_transform]: [SNAP ON] Tay thực tế đứng yên. Ép dừng robot (GRU đang lệch 0.0cm).
[INFO] [1786963055.048456895] [coord_transform]: [PREDICTION] Transform: cam[ 0.186 -0.159  0.047] → base[-0.162  0.309  0.388]
[INFO] [1786963055.526617839] [coord_transform]: Deadband: RELEASE — motion detected
[INFO] [1786963055.546681249] [coord_transform]: [SNAP OFF] Tay di chuyển lại. Trả quyền cho GRU.
[INFO] [1786963055.559477981] [coord_transform]: Deadband: HOLD at (0.186, -0.159, 0.047)
[INFO] [1786963055.616459571] [coord_transform]: [SNAP OFF] Tay di chuyển lại. Trả quyền cho GRU.
[INFO] [1786963057.079032051] [coord_transform]: [PREDICTION] Transform: cam[ 0.155 -0.157  0.157] → base[-0.13   0.31   0.498]
[INFO] [1786963059.086352888] [coord_transform]: [PREDICTION] Transform: cam[0.093 0.135 0.164] → base[-0.069  0.603  0.505]
[INFO] [1786963061.114207888] [coord_transform]: [PREDICTION] Transform: cam[0.064 0.459 0.113] → base[-0.039  0.927  0.454]
[INFO] [1786963061.387834893] [coord_transform]: Trạng thái tracking: STOPPED
[WARN] [1786963101.593376602] [coord_transform]: Outlier rejected #1 (jumped 430.6mm). Ignoring.
[WARN] [1786963101.625781614] [coord_transform]: Outlier rejected #2 (jumped 419.6mm). Ignoring.
[WARN] [1786963101.659640897] [coord_transform]: Outlier rejected #3 (jumped 346.8mm). Ignoring.
[WARN] [1786963101.697394270] [coord_transform]: Outlier rejected #4 (jumped 201.0mm). Ignoring.
[WARN] [1786963144.623218310] [coord_transform]: Outlier rejected #1 (jumped 204.2mm). Ignoring.
[WARN] [1786963144.657991214] [coord_transform]: Outlier rejected #2 (jumped 218.3mm). Ignoring.
[WARN] [1786963144.689585757] [coord_transform]: Outlier rejected #3 (jumped 198.2mm). Ignoring.
[WARN] [1786963144.726415498] [coord_transform]: Outlier rejected #4 (jumped 198.4mm). Ignoring.
[INFO] [1786963144.763363071] [coord_transform]: Too many outliers (5). Resetting filter to new position.
[WARN] [1786963153.333567121] [coord_transform]: Outlier rejected #1 (jumped 691.8mm). Ignoring.
[WARN] [1786963153.362273951] [coord_transform]: Outlier rejected #2 (jumped 615.5mm). Ignoring.
[WARN] [1786963153.396822832] [coord_transform]: Outlier rejected #3 (jumped 647.4mm). Ignoring.
[WARN] [1786963153.426870810] [coord_transform]: Outlier rejected #4 (jumped 614.6mm). Ignoring.
[INFO] [1786963153.464156781] [coord_transform]: Too many outliers (5). Resetting filter to new position.
[WARN] [1786963153.796988547] [coord_transform]: Outlier rejected #1 (jumped 152.7mm). Ignoring.
[WARN] [1786963153.830504311] [coord_transform]: Outlier rejected #2 (jumped 301.2mm). Ignoring.
[WARN] [1786963153.864228058] [coord_transform]: Outlier rejected #3 (jumped 345.4mm). Ignoring.
[WARN] [1786963153.899854160] [coord_transform]: Outlier rejected #4 (jumped 415.6mm). Ignoring.
[INFO] [1786963153.932485066] [coord_transform]: Too many outliers (5). Resetting filter to new position.
[WARN] [1786963153.965515034] [coord_transform]: Outlier rejected #1 (jumped 174.1mm). Ignoring.
[WARN] [1786963153.999587878] [coord_transform]: Outlier rejected #2 (jumped 274.4mm). Ignoring.
[WARN] [1786963154.031821245] [coord_transform]: Outlier rejected #3 (jumped 328.2mm). Ignoring.
[WARN] [1786963154.063956297] [coord_transform]: Outlier rejected #4 (jumped 341.3mm). Ignoring.
[INFO] [1786963154.096077823] [coord_transform]: Too many outliers (5). Resetting filter to new position.
[WARN] [1786963156.300314841] [coord_transform]: Outlier rejected #1 (jumped 444.2mm). Ignoring.
[WARN] [1786963156.330325769] [coord_transform]: Outlier rejected #2 (jumped 467.7mm). Ignoring.
[WARN] [1786963156.365007901] [coord_transform]: Outlier rejected #3 (jumped 500.3mm). Ignoring.
[WARN] [1786963156.399868199] [coord_transform]: Outlier rejected #4 (jumped 499.7mm). Ignoring.
[INFO] [1786963156.435501394] [coord_transform]: Too many outliers (5). Resetting filter to new position.
[WARN] [1786963164.707515710] [coord_transform]: Outlier rejected #1 (jumped 152.7mm). Ignoring.
[WARN] [1786963164.742712191] [coord_transform]: Outlier rejected #2 (jumped 261.7mm). Ignoring.
[WARN] [1786963164.806836730] [coord_transform]: Outlier rejected #1 (jumped 333.5mm). Ignoring.
[WARN] [1786963165.574369881] [coord_transform]: Outlier rejected #1 (jumped 378.2mm). Ignoring.
[WARN] [1786963165.609770297] [coord_transform]: Outlier rejected #2 (jumped 190.9mm). Ignoring.
[WARN] [1786963165.643802474] [coord_transform]: Outlier rejected #3 (jumped 236.4mm). Ignoring.
[WARN] [1786963165.675222848] [coord_transform]: Outlier rejected #4 (jumped 233.6mm). Ignoring.
[INFO] [1786963165.709881807] [coord_transform]: Too many outliers (5). Resetting filter to new position.
[INFO] [1786963169.474321720] [coord_transform]: Deadband: HOLD at (0.186, -0.159, 0.047)
[INFO] [1786963169.513650751] [coord_transform]: Deadband: RELEASE — motion detected
[INFO] [1786963172.779324362] [coord_transform]: Trạng thái tracking: STOPPED
[INFO] [1786963181.098360433] [coord_transform]: Re-sync camera init: [ 0.185 -0.259  0.023]
[INFO] [1786963181.098766659] [coord_transform]: Trạng thái tracking: RUNNING
[INFO] [1786963181.149915348] [coord_transform]: [SNAP ON] Tay thực tế đứng yên. Ép dừng robot (GRU đang lệch 0.0cm).
[INFO] [1786963181.150736055] [coord_transform]: [PREDICTION] Transform: cam[ 0.185 -0.259  0.023] → base[-0.162  0.309  0.388]
[INFO] [1786963181.217104562] [coord_transform]: Deadband: RELEASE — motion detected
[INFO] [1786963181.243999896] [coord_transform]: [SNAP OFF] Tay di chuyển lại. Trả quyền cho GRU.
[INFO] [1786963181.250622680] [coord_transform]: Deadband: HOLD at (0.185, -0.259, 0.023)
[INFO] [1786963181.314092372] [coord_transform]: [SNAP OFF] Tay di chuyển lại. Trả quyền cho GRU.
[INFO] [1786963181.450288847] [coord_transform]: [SNAP OFF] Tay di chuyển lại. Trả quyền cho GRU.
[INFO] [1786963183.175510667] [coord_transform]: [PREDICTION] Transform: cam[ 0.17 -0.17  0.12] → base[-0.147  0.398  0.486]
[INFO] [1786963185.176392751] [coord_transform]: [PREDICTION] Transform: cam[ 0.151 -0.124  0.128] → base[-0.129  0.444  0.494]
[INFO] [1786963187.181555581] [coord_transform]: [PREDICTION] Transform: cam[ 0.155 -0.083  0.11 ] → base[-0.133  0.485  0.476]
[INFO] [1786963189.183106770] [coord_transform]: [PREDICTION] Transform: cam[ 0.179 -0.111  0.031] → base[-0.156  0.457  0.396]
[WARN] [1786963189.221316470] [coord_transform]: Outlier rejected #1 (jumped 155.2mm). Ignoring.
[WARN] [1786963189.256963290] [coord_transform]: Outlier rejected #2 (jumped 233.0mm). Ignoring.
[WARN] [1786963189.289629452] [coord_transform]: Outlier rejected #3 (jumped 248.6mm). Ignoring.
[WARN] [1786963189.326631767] [coord_transform]: Outlier rejected #4 (jumped 288.7mm). Ignoring.
[INFO] [1786963189.359073375] [coord_transform]: Too many outliers (5). Resetting filter to new position.
[INFO] [1786963191.211005056] [coord_transform]: [PREDICTION] Transform: cam[0.271 0.171 0.266] → base[-0.249  0.738  0.631]
[INFO] [1786963193.214019606] [coord_transform]: [PREDICTION] Transform: cam[0.261 0.444 0.231] → base[-0.239  1.012  0.597]
[INFO] [1786963194.958360978] [coord_transform]: Trạng thái tracking: STOPPED
[WARN] [1786963208.870995385] [coord_transform]: Outlier rejected #1 (jumped 202.1mm). Ignoring.
