[INFO] [1787022929.219495242] [trajectory_predictor]: [Predictor] Worker launched (pid=8715)
[INFO] [1787022929.220160957] [trajectory_predictor]: [Predictor] Started | model=svgp | window=10 | auto_start=True
  Output Filter: enabled=True, ema_alpha=0.3, max_dev=0.08, max_rate=0.02
[WARN] [1787022930.353440135] [trajectory_predictor]: [Worker STDERR] /usr/lib/python3/dist-packages/scipy/__init__.py:146: UserWarning: A NumPy version >=1.17.3 and <1.25.0 is required for this version of SciPy (detected version 1.26.4
[WARN] [1787022930.354104806] [trajectory_predictor]: [Worker STDERR] warnings.warn(f"A NumPy version >={np_minversion} and <{np_maxversion}"
[INFO] [1787022931.144294434] [trajectory_predictor]: [Worker] TF 2.15.0 and sklearn loaded
[INFO] [1787022932.211302113] [trajectory_predictor]: [Predictor] Worker READY | model=svgp
[INFO] [1787022945.386350730] [trajectory_predictor]: [Filter] raw=(0.0610,0.3768,0.0514) → filt=(-0.3692,-2.8700,-0.1107) Δ=(0.4301,3.2468,0.1621)
[INFO] [1787022951.368516619] [trajectory_predictor]: [Hybrid] FOLLOWER -> LEADER | x_0=(0.0765,-2.5970,-0.0025) | GOAL=(-0.1528,0.5660,-0.0325) | t_f=6.52s | 196 steps @ 30Hz | GRU worker dừng gửi lệnh predict (tiết kiệm tài nguyên)
[INFO] [1787022954.154450574] [trajectory_predictor]: [Predictor] Predicting STOPPED
[INFO] [1787022956.216801378] [trajectory_predictor]: [Predictor] Auto-enabled prediction mode via /trajectory_mode
[INFO] [1787022956.217547029] [trajectory_predictor]: [Predictor] Switching model → svgp
[INFO] [1787022956.217921753] [trajectory_predictor]: [Hybrid] Mode DISABLED (GRU only)
[INFO] [1787022956.244152091] [trajectory_predictor]: [Predictor] Model switched to svgp
[INFO] [1787022956.266156493] [trajectory_predictor]: [Filter] raw=(0.0830,0.2995,0.0461) → filt=(0.0362,-2.4870,0.0074) Δ=(0.0468,2.7865,0.0387)
[INFO] [1787022961.360845056] [trajectory_predictor]: [Predictor] Predicting STOPPED
[INFO] [1787022970.373266115] [trajectory_predictor]: [Predictor] Predicting STARTED
[INFO] [1787022971.942715367] [trajectory_predictor]: [Filter] raw=(0.2085,-0.1544,0.1160) → filt=(0.2104,-0.1037,0.1082) Δ=(0.0019,0.0507,0.0078)
[INFO] [1787022978.608057901] [trajectory_predictor]: [Filter] raw=(-0.0689,0.6220,-0.0268) → filt=(-0.0693,0.6162,-0.0212) Δ=(0.0004,0.0059,0.0056)
[INFO] [1787022985.275438948] [trajectory_predictor]: [Filter] raw=(-0.0161,0.6031,0.0540) → filt=(-0.0198,0.6020,0.0251) Δ=(0.0038,0.0011,0.0289)
[INFO] [1787022992.108330597] [trajectory_predictor]: [Filter] raw=(0.2547,0.5693,-0.0108) → filt=(0.2472,0.5708,-0.0065) Δ=(0.0074,0.0015,0.0043)
[INFO] [1787022998.778502808] [trajectory_predictor]: [Filter] raw=(0.2896,0.5446,0.0128) → filt=(0.2898,0.5434,0.0135) Δ=(0.0001,0.0013,0.0007)
[INFO] [1787023005.454540765] [trajectory_predictor]: [Filter] raw=(-0.0087,0.3378,0.0168) → filt=(-0.0082,0.3317,0.0166) Δ=(0.0005,0.0061,0.0002)
[INFO] [1787023012.121298493] [trajectory_predictor]: [Filter] raw=(-0.0328,0.1702,0.0302) → filt=(-0.1050,0.1689,0.0307) Δ=(0.0722,0.0013,0.0006)
[INFO] [1787023019.430042465] [trajectory_predictor]: [Filter] raw=(-0.1063,0.3231,0.0373) → filt=(-0.4050,0.2612,0.0364) Δ=(0.2987,0.0619,0.0009)
[INFO] [1787023025.479306998] [trajectory_predictor]: [Predictor] Predicting STOPPED
[INFO] [1787023030.201654123] [trajectory_predictor]: [Predictor] Buffer cleared (no data for 2.0s)
[INFO] [1787023036.201462799] [trajectory_predictor]: [Predictor] Buffer cleared (no data for 1.3s)
[INFO] [1787023063.202609091] [trajectory_predictor]: [Predictor] Buffer cleared (no data for 1.4s)
[INFO] [1787023067.202515581] [trajectory_predictor]: [Predictor] Buffer cleared (no data for 1.6s)
[INFO] [1787023093.201148960] [trajectory_predictor]: [Predictor] Buffer cleared (no data for 1.4s)
[INFO] [1787023120.201348565] [trajectory_predictor]: [Predictor] Buffer cleared (no data for 1.4s)
[INFO] [1787023136.201669282] [trajectory_predictor]: [Predictor] Buffer cleared (no data for 1.3s)
[INFO] [1787023141.201633956] [trajectory_predictor]: [Predictor] Buffer cleared (no data for 1.2s)
[INFO] [1787023149.201782375] [trajectory_predictor]: [Predictor] Buffer cleared (no data for 1.8s)
[INFO] [1787023151.202520753] [trajectory_predictor]: [Predictor] Buffer cleared (no data for 1.9s)
[INFO] [1787023170.201753002] [trajectory_predictor]: [Predictor] Buffer cleared (no data for 1.7s)
[INFO] [1787023175.202380376] [trajectory_predictor]: [Predictor] Buffer cleared (no data for 1.6s)
[INFO] [1787023190.457406109] [trajectory_predictor]: [Predictor] Predicting STOPPED
[INFO] [1787023200.996219746] [trajectory_predictor]: [Predictor] Predicting STARTED
[INFO] [1787023201.658700991] [trajectory_predictor]: [Filter] raw=(0.1699,-0.0200,0.0422) → filt=(0.1740,-0.0447,0.0366) Δ=(0.0040,0.0247,0.0056)
[INFO] [1787023208.328036595] [trajectory_predictor]: [Filter] raw=(-0.0555,0.6989,0.0296) → filt=(-0.0531,0.6978,0.0354) Δ=(0.0024,0.0011,0.0057)
[INFO] [1787023215.016366954] [trajectory_predictor]: [Filter] raw=(0.0964,0.7532,0.0057) → filt=(0.0938,0.7518,0.0052) Δ=(0.0026,0.0013,0.0005)
[INFO] [1787023215.331528441] [trajectory_predictor]: [Predictor] Dynamic Goal set to → (0.0962, 0.7511, 0.0094)
[INFO] [1787023221.688588267] [trajectory_predictor]: [Filter] raw=(0.1793,0.7358,0.0456) → filt=(0.1881,0.7363,0.0459) Δ=(0.0088,0.0005,0.0002)
[INFO] [1787023228.352092256] [trajectory_predictor]: [Filter] raw=(-0.2366,0.4883,0.0986) → filt=(-0.2824,0.5185,0.0986) Δ=(0.0458,0.0302,0.0000)
[INFO] [1787023235.093462150] [trajectory_predictor]: [Filter] raw=(0.1553,0.7479,0.0796) → filt=(0.1536,0.7648,0.0697) Δ=(0.0017,0.0170,0.0099)
[INFO] [1787023241.765983310] [trajectory_predictor]: [Filter] raw=(-0.1541,0.6714,0.1222) → filt=(-0.1496,0.6769,0.1138) Δ=(0.0045,0.0054,0.0084)
[INFO] [1787023248.698140800] [trajectory_predictor]: [Filter] raw=(-0.0618,0.7179,0.1966) → filt=(-0.0681,0.7144,0.1934) Δ=(0.0063,0.0034,0.0032)
[INFO] [1787023255.384904356] [trajectory_predictor]: [Filter] raw=(0.1847,0.7826,0.1718) → filt=(0.2010,0.7832,0.1705) Δ=(0.0163,0.0007,0.0012)
[INFO] [1787023256.253578777] [trajectory_predictor]: [Predictor] Predicting STOPPED
[INFO] [1787023272.068076167] [trajectory_predictor]: [Predictor] Predicting STARTED
[INFO] [1787023274.519772995] [trajectory_predictor]: [Filter] raw=(0.1086,0.2550,0.2206) → filt=(0.1209,0.3373,0.2177) Δ=(0.0123,0.0823,0.0029)
[INFO] [1787023281.193134175] [trajectory_predictor]: [Filter] raw=(-0.0272,0.8018,0.0980) → filt=(-0.0281,0.8104,0.0957) Δ=(0.0009,0.0086,0.0023)
[INFO] [1787023285.705886160] [trajectory_predictor]: [Predictor] Predicting STOPPED
[INFO] [1787023309.201445909] [trajectory_predictor]: [Predictor] Buffer cleared (no data for 1.9s)
[INFO] [1787023311.202543632] [trajectory_predictor]: [Predictor] Buffer cleared (no data for 1.4s)
[INFO] [1787023320.521046332] [trajectory_predictor]: [Predictor] Predicting STARTED
[INFO] [1787023322.688060136] [trajectory_predictor]: [Filter] raw=(0.1087,0.2277,0.2899) → filt=(0.1124,-0.0264,0.2817) Δ=(0.0037,0.2541,0.0083)
[INFO] [1787023329.355904452] [trajectory_predictor]: [Filter] raw=(0.1426,0.8202,0.2789) → filt=(0.1334,0.8027,0.2869) Δ=(0.0092,0.0175,0.0079)
[INFO] [1787023335.075773798] [trajectory_predictor]: [Predictor] Predicting STOPPED
[INFO] [1787023342.201853705] [trajectory_predictor]: [Predictor] Buffer cleared (no data for 1.2s)
[INFO] [1787023346.247889626] [trajectory_predictor]: [Predictor] Predicting STOPPED
[INFO] [1787023355.171835828] [trajectory_predictor]: [Predictor] Predicting STARTED
[INFO] [1787023356.140895618] [trajectory_predictor]: [Filter] raw=(0.0128,0.2543,0.2742) → filt=(0.0161,0.1305,0.2699) Δ=(0.0032,0.1238,0.0043)
[INFO] [1787023362.808781006] [trajectory_predictor]: [Filter] raw=(0.2845,0.4874,0.0723) → filt=(0.2812,0.3086,0.0718) Δ=(0.0034,0.1788,0.0005)
[INFO] [1787023369.478693038] [trajectory_predictor]: [Filter] raw=(0.3139,0.5205,0.0585) → filt=(0.3139,0.5233,0.0626) Δ=(0.0000,0.0028,0.0042)
[INFO] [1787023376.150892002] [trajectory_predictor]: [Filter] raw=(-0.1260,0.6324,0.0355) → filt=(-0.1291,0.6182,0.0384) Δ=(0.0031,0.0142,0.0030)
[INFO] [1787023382.828492323] [trajectory_predictor]: [Filter] raw=(0.2769,0.6793,0.1541) → filt=(0.2548,0.7097,0.1665) Δ=(0.0221,0.0304,0.0124)
[INFO] [1787023389.491338686] [trajectory_predictor]: [Filter] raw=(-0.0555,0.6583,0.0843) → filt=(-0.0557,0.6626,0.0689) Δ=(0.0002,0.0043,0.0155)
[INFO] [1787023396.330949348] [trajectory_predictor]: [Filter] raw=(0.2816,0.6043,0.1250) → filt=(0.2806,0.6123,0.1259) Δ=(0.0011,0.0080,0.0009)
[INFO] [1787023403.003582237] [trajectory_predictor]: [Filter] raw=(-0.0016,0.6974,0.1137) → filt=(-0.0016,0.7005,0.1188) Δ=(0.0000,0.0031,0.0050)
[INFO] [1787023409.678213415] [trajectory_predictor]: [Filter] raw=(0.2619,0.6816,0.1616) → filt=(0.2650,0.6819,0.1567) Δ=(0.0031,0.0003,0.0050)
[INFO] [1787023416.338907468] [trajectory_predictor]: [Filter] raw=(0.1288,0.7849,0.2322) → filt=(0.1225,0.7815,0.2288) Δ=(0.0063,0.0034,0.0034)
[INFO] [1787023423.006940124] [trajectory_predictor]: [Filter] raw=(-0.0626,0.6386,0.0780) → filt=(-0.0664,0.6390,0.0754) Δ=(0.0037,0.0005,0.0026)
[INFO] [1787023429.683476537] [trajectory_predictor]: [Filter] raw=(0.2740,0.6457,0.1281) → filt=(0.2751,0.6439,0.1238) Δ=(0.0011,0.0018,0.0043)
[WARN] [1787023432.731947984] [trajectory_predictor]: [Worker STDERR] Traceback (most recent call last):
[WARN] [1787023432.732502622] [trajectory_predictor]: [Worker STDERR] File "/home/hungnb/cocarry_ws/build/trajectory_predictor/trajectory_predictor/inference_worker.py", line 282, in <module>
[WARN] [1787023432.732976367] [trajectory_predictor]: [Worker STDERR] main()
[WARN] [1787023432.733415251] [trajectory_predictor]: [Worker STDERR] File "/home/hungnb/cocarry_ws/build/trajectory_predictor/trajectory_predictor/inference_worker.py", line 256, in main
[WARN] [1787023432.733861308] [trajectory_predictor]: [Worker STDERR] mean_tensor, _ = current_model.predict_f(input_flat)
[WARN] [1787023432.734412129] [trajectory_predictor]: [Worker STDERR] File "/home/hungnb/.local/lib/python3.10/site-packages/check_shapes/integration/tf.py", line 76, in wrapped_method
[WARN] [1787023432.769344984] [trajectory_predictor]: [Worker STDERR] return wrapped_function(self, *args, **kwargs)
[WARN] [1787023432.770359804] [trajectory_predictor]: [Worker STDERR] File "/home/hungnb/.local/lib/python3.10/site-packages/check_shapes/decorator.py", line 192, in wrapped_function
[WARN] [1787023432.770795232] [trajectory_predictor]: [Worker STDERR] result = func(*args, **kwargs)
[WARN] [1787023432.771253380] [trajectory_predictor]: [Worker STDERR] File "/home/hungnb/.local/lib/python3.10/site-packages/gpflow/models/svgp.py", line 253, in predict_f
[WARN] [1787023432.771735530] [trajectory_predictor]: [Worker STDERR] return self.posterior(posteriors.PrecomputeCacheType.NOCACHE).fused_predict_f(
[WARN] [1787023432.772287623] [trajectory_predictor]: [Worker STDERR] File "/home/hungnb/.local/lib/python3.10/site-packages/check_shapes/integration/tf.py", line 76, in wrapped_method
[WARN] [1787023432.772818499] [trajectory_predictor]: [Worker STDERR] return wrapped_function(self, *args, **kwargs)
[WARN] [1787023432.773348134] [trajectory_predictor]: [Worker STDERR] File "/home/hungnb/.local/lib/python3.10/site-packages/check_shapes/decorator.py", line 192, in wrapped_function
[WARN] [1787023432.773883107] [trajectory_predictor]: [Worker STDERR] result = func(*args, **kwargs)
[WARN] [1787023432.774378761] [trajectory_predictor]: [Worker STDERR] File "/home/hungnb/.local/lib/python3.10/site-packages/gpflow/posteriors.py", line 255, in fused_predict_f
[WARN] [1787023432.774901613] [trajectory_predictor]: [Worker STDERR] mean, cov = self._conditional_fused(
[WARN] [1787023432.775375088] [trajectory_predictor]: [Worker STDERR] File "/home/hungnb/.local/lib/python3.10/site-packages/check_shapes/integration/tf.py", line 76, in wrapped_method
[WARN] [1787023432.775793676] [trajectory_predictor]: [Worker STDERR] return wrapped_function(self, *args, **kwargs)
[WARN] [1787023432.776242257] [trajectory_predictor]: [Worker STDERR] File "/home/hungnb/.local/lib/python3.10/site-packages/check_shapes/decorator.py", line 192, in wrapped_function
[WARN] [1787023432.776712727] [trajectory_predictor]: [Worker STDERR] result = func(*args, **kwargs)
[WARN] [1787023432.777239045] [trajectory_predictor]: [Worker STDERR] File "/home/hungnb/.local/lib/python3.10/site-packages/gpflow/posteriors.py", line 833, in _conditional_fused
[WARN] [1787023432.777760074] [trajectory_predictor]: [Worker STDERR] Knn = self.kernel(Xnew, full_cov=full_cov)
[WARN] [1787023432.778270715] [trajectory_predictor]: [Worker STDERR] File "/home/hungnb/.local/lib/python3.10/site-packages/check_shapes/integration/tf.py", line 76, in wrapped_method
[WARN] [1787023432.778722191] [trajectory_predictor]: [Worker STDERR] return wrapped_function(self, *args, **kwargs)
[WARN] [1787023432.779171533] [trajectory_predictor]: [Worker STDERR] File "/home/hungnb/.local/lib/python3.10/site-packages/check_shapes/decorator.py", line 192, in wrapped_function
[WARN] [1787023432.779627487] [trajectory_predictor]: [Worker STDERR] result = func(*args, **kwargs)
[WARN] [1787023432.78