[INFO] [1786339081.670497426] [experiment_logger]: ✓ STARTED in-memory logging. Target file: /home/hungnb/cocarry_ws/cocarry_logs/experiment_GROUND_TRUTH_20260810_121801.csv
[INFO] [1786339081.689298548] [experiment_logger]: Logger ready.
[INFO] [1786339122.538447618] [experiment_logger]: Trajectory mode: prediction
[INFO] [1786339163.069623705] [experiment_logger]: Trajectory mode: prediction
[INFO] [1786339171.452123353] [experiment_logger]: Service called: /logger/toggle with data=True
[INFO] [1786339206.397687593] [experiment_logger]: Service called: /logger/toggle with data=False
[INFO] [1786339206.398045355] [experiment_logger]: Writing 1752 rows from memory to /home/hungnb/cocarry_ws/cocarry_logs/experiment_GROUND_TRUTH_20260810_121801.csv...
[INFO] [1786339206.421306824] [experiment_logger]: ✓ Successfully wrote logs to disk.
[INFO] [1786339206.422678924] [experiment_logger]: Stopped logging. Saved 1752 rows to /home/hungnb/cocarry_ws/cocarry_logs/experiment_GROUND_TRUTH_20260810_121801.csv
[INFO] [1786339206.433062621] [experiment_logger]: 
============================================================
EXPERIMENT METRICS
  File: experiment_GROUND_TRUTH_20260810_121801.csv
  Total samples: 1752
  Task completion time: 124.76 s
  --- Prediction Accuracy (over 1645 samples) ---
  Avg Inference Time: 29.96 ms
  Mean Squared Error (MSE): 0.211356 m²
  Mean Absolute Error (MAE - 3D): 0.1757 m
      MAE X: 0.0262 m
      MAE Y: 0.1592 m
      MAE Z: 0.0167 m
  --- Trajectory Smoothness (Robot EE) ---
  Mean Jerk (3D): 8.8887 m/s³
      Jerk X: 2.4036 m/s³
      Jerk Y: 4.8867 m/s³
      Jerk Z: 5.6170 m/s³
  Max Jerk (3D): 133.5664 m/s³
  RMS Jerk (3D): 17.6513 m/s³
============================================================
