[0.019s] Invoking command in '/home/duy/cocarry_ws/build/trac_ik_lib': CMAKE_PREFIX_PATH=/opt/ros/humble /usr/bin/cmake /home/duy/cocarry_ws/src/trac_ik/trac_ik_lib -DAMENT_CMAKE_SYMLINK_INSTALL=1 -DCMAKE_INSTALL_PREFIX=/home/duy/cocarry_ws/install/trac_ik_lib
[0.035s] -- Found ament_cmake: 1.3.14 (/opt/ros/humble/share/ament_cmake/cmake)
[0.203s] -- Override CMake install command with custom implementation using symlinks instead of copying resources
[0.264s] -- Found eigen3_cmake_module: 0.1.1 (/opt/ros/humble/share/eigen3_cmake_module/cmake)
[0.292s] -- Found Eigen3: TRUE (found version "3.4.0") 
[0.296s] -- Found kdl_parser: 2.6.4 (/opt/ros/humble/share/kdl_parser/cmake)
[0.323s] -- Ensuring Eigen3 include directory is part of orocos-kdl CMake target
[0.345s] -- Found rclcpp: 16.0.19 (/opt/ros/humble/share/rclcpp/cmake)
[0.420s] -- Found rosidl_generator_c: 3.1.8 (/opt/ros/humble/share/rosidl_generator_c/cmake)
[0.433s] -- Found rosidl_adapter: 3.1.8 (/opt/ros/humble/share/rosidl_adapter/cmake)
[0.453s] -- Found rosidl_generator_cpp: 3.1.8 (/opt/ros/humble/share/rosidl_generator_cpp/cmake)
[0.477s] -- Using all available rosidl_typesupport_c: rosidl_typesupport_fastrtps_c;rosidl_typesupport_introspection_c
[0.507s] -- Using all available rosidl_typesupport_cpp: rosidl_typesupport_fastrtps_cpp;rosidl_typesupport_introspection_cpp
[0.626s] -- Found rmw_implementation_cmake: 6.1.2 (/opt/ros/humble/share/rmw_implementation_cmake/cmake)
[0.634s] -- Found rmw_fastrtps_cpp: 6.2.10 (/opt/ros/humble/share/rmw_fastrtps_cpp/cmake)
[0.859s] -- Found OpenSSL: /usr/lib/x86_64-linux-gnu/libcrypto.so (found version "3.0.2")  
[0.941s] -- Found FastRTPS: /opt/ros/humble/include  
[1.061s] -- Using RMW implementation 'rmw_fastrtps_cpp' as default
[1.077s] -- Looking for pthread.h
[1.234s] -- Looking for pthread.h - found
[1.236s] -- Performing Test CMAKE_HAVE_LIBC_PTHREAD
[1.449s] -- Performing Test CMAKE_HAVE_LIBC_PTHREAD - Success
[1.454s] -- Found Threads: TRUE  
[1.663s] -- Found urdf: 2.6.1 (/opt/ros/humble/share/urdf/cmake)
[1.775s] -- Found ament_lint_auto: 0.12.15 (/opt/ros/humble/share/ament_lint_auto/cmake)
[2.147s] -- Added test 'copyright' to check source files copyright and LICENSE
[2.157s] -- Added test 'cpplint' to check C / C++ code against the Google style
[2.158s] -- Configured cpplint exclude dirs and/or files: 
[2.167s] -- Added test 'lint_cmake' to check CMake code style
[2.169s] -- Added test 'xmllint' to check XML markup files
[2.177s] -- Configuring done
[2.291s] -- Generating done
[2.304s] -- Build files have been written to: /home/duy/cocarry_ws/build/trac_ik_lib
[2.341s] Invoked command in '/home/duy/cocarry_ws/build/trac_ik_lib' returned '0': CMAKE_PREFIX_PATH=/opt/ros/humble /usr/bin/cmake /home/duy/cocarry_ws/src/trac_ik/trac_ik_lib -DAMENT_CMAKE_SYMLINK_INSTALL=1 -DCMAKE_INSTALL_PREFIX=/home/duy/cocarry_ws/install/trac_ik_lib
[2.342s] Invoking command in '/home/duy/cocarry_ws/build/trac_ik_lib': CMAKE_PREFIX_PATH=/opt/ros/humble /usr/bin/cmake --build /home/duy/cocarry_ws/build/trac_ik_lib -- -j16 -l16
[2.683s] [ 25%] [32mBuilding CXX object CMakeFiles/trac_ik_lib.dir/src/kdl_tl.cpp.o[0m
[2.710s] [ 50%] [32mBuilding CXX object CMakeFiles/trac_ik_lib.dir/src/nlopt_ik.cpp.o[0m
[2.878s] [ 75%] [32mBuilding CXX object CMakeFiles/trac_ik_lib.dir/src/trac_ik.cpp.o[0m
[120.349s] [100%] [32m[1mLinking CXX shared library libtrac_ik_lib.so[0m
[120.790s] [100%] Built target trac_ik_lib
[120.809s] Invoked command in '/home/duy/cocarry_ws/build/trac_ik_lib' returned '0': CMAKE_PREFIX_PATH=/opt/ros/humble /usr/bin/cmake --build /home/duy/cocarry_ws/build/trac_ik_lib -- -j16 -l16
[120.811s] Invoking command in '/home/duy/cocarry_ws/build/trac_ik_lib': CMAKE_PREFIX_PATH=/opt/ros/humble /usr/bin/cmake --install /home/duy/cocarry_ws/build/trac_ik_lib
[120.824s] -- Install configuration: ""
[120.825s] -- Execute custom install script
[120.825s] -- Symlinking: /home/duy/cocarry_ws/install/trac_ik_lib/share/trac_ik_lib/environment/library_path.sh
[120.841s] -- Symlinking: /home/duy/cocarry_ws/install/trac_ik_lib/share/trac_ik_lib/environment/library_path.dsv
[120.857s] -- Symlinking: /home/duy/cocarry_ws/install/trac_ik_lib/include/trac_ik/dual_quaternion.h
[120.870s] -- Symlinking: /home/duy/cocarry_ws/install/trac_ik_lib/include/trac_ik/kdl_tl.hpp
[120.886s] -- Symlinking: /home/duy/cocarry_ws/install/trac_ik_lib/include/trac_ik/math3d.h
[120.897s] -- Symlinking: /home/duy/cocarry_ws/install/trac_ik_lib/include/trac_ik/nlopt_ik.hpp
[120.912s] -- Symlinking: /home/duy/cocarry_ws/install/trac_ik_lib/include/trac_ik/trac_ik.hpp
[120.922s] -- Symlinking: /home/duy/cocarry_ws/install/trac_ik_lib/include/trac_ik/visibility_control.hpp
[120.939s] -- Symlinking: /home/duy/cocarry_ws/install/trac_ik_lib/share/ament_index/resource_index/package_run_dependencies/trac_ik_lib
[120.951s] -- Symlinking: /home/duy/cocarry_ws/install/trac_ik_lib/share/ament_index/resource_index/parent_prefix_path/trac_ik_lib
[120.964s] -- Symlinking: /home/duy/cocarry_ws/install/trac_ik_lib/share/trac_ik_lib/environment/ament_prefix_path.sh
[120.977s] -- Symlinking: /home/duy/cocarry_ws/install/trac_ik_lib/share/trac_ik_lib/environment/ament_prefix_path.dsv
[120.992s] -- Symlinking: /home/duy/cocarry_ws/install/trac_ik_lib/share/trac_ik_lib/environment/path.sh
[121.003s] -- Symlinking: /home/duy/cocarry_ws/install/trac_ik_lib/share/trac_ik_lib/environment/path.dsv
[121.014s] -- Symlinking: /home/duy/cocarry_ws/install/trac_ik_lib/share/trac_ik_lib/local_setup.bash
[121.027s] -- Symlinking: /home/duy/cocarry_ws/install/trac_ik_lib/share/trac_ik_lib/local_setup.sh
[121.041s] -- Symlinking: /home/duy/cocarry_ws/install/trac_ik_lib/share/trac_ik_lib/local_setup.zsh
[121.056s] -- Symlinking: /home/duy/cocarry_ws/install/trac_ik_lib/share/trac_ik_lib/local_setup.dsv
[121.071s] -- Symlinking: /home/duy/cocarry_ws/install/trac_ik_lib/share/trac_ik_lib/package.dsv
[121.088s] -- Symlinking: /home/duy/cocarry_ws/install/trac_ik_lib/share/ament_index/resource_index/packages/trac_ik_lib
[121.103s] -- Symlinking: /home/duy/cocarry_ws/install/trac_ik_lib/share/trac_ik_lib/cmake/ament_cmake_export_targets-extras.cmake
[121.115s] -- Symlinking: /home/duy/cocarry_ws/install/trac_ik_lib/share/trac_ik_lib/cmake/ament_cmake_export_dependencies-extras.cmake
[121.126s] -- Symlinking: /home/duy/cocarry_ws/install/trac_ik_lib/share/trac_ik_lib/cmake/trac_ik_libConfig.cmake
[121.139s] -- Symlinking: /home/duy/cocarry_ws/install/trac_ik_lib/share/trac_ik_lib/cmake/trac_ik_libConfig-version.cmake
[121.150s] -- Symlinking: /home/duy/cocarry_ws/install/trac_ik_lib/share/trac_ik_lib/package.xml
[121.166s] -- Installing: /home/duy/cocarry_ws/install/trac_ik_lib/lib/libtrac_ik_lib.so
[121.173s] -- Set runtime path of "/home/duy/cocarry_ws/install/trac_ik_lib/lib/libtrac_ik_lib.so" to ""
[121.174s] -- Installing: /home/duy/cocarry_ws/install/trac_ik_lib/share/trac_ik_lib/cmake/export_trac_ik_libExport.cmake
[121.174s] -- Installing: /home/duy/cocarry_ws/install/trac_ik_lib/share/trac_ik_lib/cmake/export_trac_ik_libExport-noconfig.cmake
[121.179s] Invoked command in '/home/duy/cocarry_ws/build/trac_ik_lib' returned '0': CMAKE_PREFIX_PATH=/opt/ros/humble /usr/bin/cmake --install /home/duy/cocarry_ws/build/trac_ik_lib
