[0.374s] Invoking command in '/home/hungnb/cocarry_ws/src/kinect_tracker': CMAKE_PREFIX_PATH=/home/hungnb/cocarry_ws/install/human_hand_msgs LD_LIBRARY_PATH=/home/hungnb/cocarry_ws/install/human_hand_msgs/lib:${LD_LIBRARY_PATH} PKG_CONFIG_PATH=/home/hungnb/cocarry_ws/install/human_hand_msgs/lib/x86_64-linux-gnu/pkgconfig:/home/hungnb/cocarry_ws/install/human_hand_msgs/lib/pkgconfig PYTHONPATH=/home/hungnb/cocarry_ws/build/kinect_tracker/prefix_override:/home/hungnb/.local/lib/python3.10/site-packages/colcon_core/task/python/colcon_distutils_commands:/home/hungnb/cocarry_ws/install/kinect_tracker/lib/python3.10/site-packages:/home/hungnb/cocarry_ws/install/human_hand_msgs/local/lib/python3.10/dist-packages:${PYTHONPATH} ROS_PACKAGE_PATH=/home/hungnb/cocarry_ws/install/human_hand_msgs/share /usr/bin/python3 -W ignore:setup.py install is deprecated -W ignore:easy_install command is deprecated setup.py egg_info --egg-base ../../build/kinect_tracker build --build-base /home/hungnb/cocarry_ws/build/kinect_tracker/build install --record /home/hungnb/cocarry_ws/build/kinect_tracker/install.log --install-scripts $base/lib/kinect_tracker --single-version-externally-managed install_data
[0.509s] running egg_info
[0.510s] writing ../../build/kinect_tracker/kinect_tracker.egg-info/PKG-INFO
[0.510s] writing dependency_links to ../../build/kinect_tracker/kinect_tracker.egg-info/dependency_links.txt
[0.510s] writing entry points to ../../build/kinect_tracker/kinect_tracker.egg-info/entry_points.txt
[0.510s] writing requirements to ../../build/kinect_tracker/kinect_tracker.egg-info/requires.txt
[0.510s] writing top-level names to ../../build/kinect_tracker/kinect_tracker.egg-info/top_level.txt
[0.511s] reading manifest file '../../build/kinect_tracker/kinect_tracker.egg-info/SOURCES.txt'
[0.512s] writing manifest file '../../build/kinect_tracker/kinect_tracker.egg-info/SOURCES.txt'
[0.512s] running build
[0.512s] running build_py
[0.512s] copying kinect_tracker/kinect_node.py -> /home/hungnb/cocarry_ws/build/kinect_tracker/build/lib/kinect_tracker
[0.512s] running install
[0.512s] running install_lib
[0.512s] copying /home/hungnb/cocarry_ws/build/kinect_tracker/build/lib/kinect_tracker/kinect_node.py -> /home/hungnb/cocarry_ws/install/kinect_tracker/lib/python3.10/site-packages/kinect_tracker
[0.513s] byte-compiling /home/hungnb/cocarry_ws/install/kinect_tracker/lib/python3.10/site-packages/kinect_tracker/kinect_node.py to kinect_node.cpython-310.pyc
[0.514s] running install_data
[0.515s] running install_egg_info
[0.516s] removing '/home/hungnb/cocarry_ws/install/kinect_tracker/lib/python3.10/site-packages/kinect_tracker-0.0.0-py3.10.egg-info' (and everything under it)
[0.516s] Copying ../../build/kinect_tracker/kinect_tracker.egg-info to /home/hungnb/cocarry_ws/install/kinect_tracker/lib/python3.10/site-packages/kinect_tracker-0.0.0-py3.10.egg-info
[0.516s] running install_scripts
[0.531s] Installing kinect_node script to /home/hungnb/cocarry_ws/install/kinect_tracker/lib/kinect_tracker
[0.531s] writing list of installed files to '/home/hungnb/cocarry_ws/build/kinect_tracker/install.log'
[0.547s] Invoked command in '/home/hungnb/cocarry_ws/src/kinect_tracker' returned '0': CMAKE_PREFIX_PATH=/home/hungnb/cocarry_ws/install/human_hand_msgs LD_LIBRARY_PATH=/home/hungnb/cocarry_ws/install/human_hand_msgs/lib:${LD_LIBRARY_PATH} PKG_CONFIG_PATH=/home/hungnb/cocarry_ws/install/human_hand_msgs/lib/x86_64-linux-gnu/pkgconfig:/home/hungnb/cocarry_ws/install/human_hand_msgs/lib/pkgconfig PYTHONPATH=/home/hungnb/cocarry_ws/build/kinect_tracker/prefix_override:/home/hungnb/.local/lib/python3.10/site-packages/colcon_core/task/python/colcon_distutils_commands:/home/hungnb/cocarry_ws/install/kinect_tracker/lib/python3.10/site-packages:/home/hungnb/cocarry_ws/install/human_hand_msgs/local/lib/python3.10/dist-packages:${PYTHONPATH} ROS_PACKAGE_PATH=/home/hungnb/cocarry_ws/install/human_hand_msgs/share /usr/bin/python3 -W ignore:setup.py install is deprecated -W ignore:easy_install command is deprecated setup.py egg_info --egg-base ../../build/kinect_tracker build --build-base /home/hungnb/cocarry_ws/build/kinect_tracker/build install --record /home/hungnb/cocarry_ws/build/kinect_tracker/install.log --install-scripts $base/lib/kinect_tracker --single-version-externally-managed install_data
