[0.000000] (-) TimerEvent: {}
[0.000439] (-) JobUnselected: {'identifier': 'coord_transform'}
[0.000692] (-) JobUnselected: {'identifier': 'experiment_logger'}
[0.000797] (-) JobUnselected: {'identifier': 'hc10dtp_moveit_config'}
[0.000828] (-) JobUnselected: {'identifier': 'hc10dtp_simulation'}
[0.000866] (-) JobUnselected: {'identifier': 'human_hand_msgs'}
[0.000896] (-) JobUnselected: {'identifier': 'industrial_msgs'}
[0.001087] (-) JobUnselected: {'identifier': 'kinect2_bridge'}
[0.001112] (-) JobUnselected: {'identifier': 'kinect2_calibration'}
[0.001138] (-) JobUnselected: {'identifier': 'kinect2_registration'}
[0.001168] (-) JobUnselected: {'identifier': 'libfreenect2'}
[0.001300] (-) JobUnselected: {'identifier': 'motoman_gp4_support'}
[0.001501] (-) JobUnselected: {'identifier': 'motoman_hc10dtp_support'}
[0.001562] (-) JobUnselected: {'identifier': 'motoman_resources'}
[0.001585] (-) JobUnselected: {'identifier': 'motoros2_client_interface_dependencies'}
[0.001609] (-) JobUnselected: {'identifier': 'motoros2_interfaces'}
[0.001638] (-) JobUnselected: {'identifier': 'predictor_ui'}
[0.001702] (-) JobUnselected: {'identifier': 'realsense_tracker'}
[0.001725] (-) JobUnselected: {'identifier': 'trac_ik'}
[0.001749] (-) JobUnselected: {'identifier': 'trac_ik_kinematics'}
[0.001771] (-) JobUnselected: {'identifier': 'trac_ik_lib'}
[0.001808] (-) JobUnselected: {'identifier': 'trajectory_predictor'}
[0.001867] (hc10dtp_bringup) JobQueued: {'identifier': 'hc10dtp_bringup', 'dependencies': OrderedDict([('motoman_resources', '/home/duy/cocarry_ws/install/motoman_resources'), ('motoman_hc10dtp_support', '/home/duy/cocarry_ws/install/motoman_hc10dtp_support'), ('hc10dtp_moveit_config', '/home/duy/cocarry_ws/install/hc10dtp_moveit_config')])}
[0.001905] (hrc_bringup) JobQueued: {'identifier': 'hrc_bringup', 'dependencies': OrderedDict([('human_hand_msgs', '/home/duy/cocarry_ws/install/human_hand_msgs'), ('motoman_resources', '/home/duy/cocarry_ws/install/motoman_resources'), ('motoros2_interfaces', '/home/duy/cocarry_ws/install/motoros2_interfaces'), ('coord_transform', '/home/duy/cocarry_ws/install/coord_transform'), ('experiment_logger', '/home/duy/cocarry_ws/install/experiment_logger'), ('motoman_hc10dtp_support', '/home/duy/cocarry_ws/install/motoman_hc10dtp_support'), ('predictor_ui', '/home/duy/cocarry_ws/install/predictor_ui'), ('realsense_tracker', '/home/duy/cocarry_ws/install/realsense_tracker'), ('trajectory_predictor', '/home/duy/cocarry_ws/install/trajectory_predictor'), ('hc10dtp_moveit_config', '/home/duy/cocarry_ws/install/hc10dtp_moveit_config'), ('hc10dtp_bringup', '/home/duy/cocarry_ws/install/hc10dtp_bringup'), ('hc10dtp_simulation', '/home/duy/cocarry_ws/install/hc10dtp_simulation')])}
[0.001982] (hc10dtp_bringup) JobStarted: {'identifier': 'hc10dtp_bringup'}
[0.008466] (hc10dtp_bringup) JobProgress: {'identifier': 'hc10dtp_bringup', 'progress': 'cmake'}
[0.009230] (hc10dtp_bringup) Command: {'cmd': ['/usr/bin/cmake', '/home/duy/cocarry_ws/src/hc10dtp_bringup', '-DAMENT_CMAKE_SYMLINK_INSTALL=1', '-DCMAKE_INSTALL_PREFIX=/home/duy/cocarry_ws/install/hc10dtp_bringup'], 'cwd': '/home/duy/cocarry_ws/build/hc10dtp_bringup', 'env': OrderedDict([('USER', 'duy'), ('SHLVL', '0'), ('HOME', '/home/duy'), ('_', '/usr/bin/colcon'), ('TERM', 'dumb'), ('PATH', '/home/duy/.local/bin:/home/duy/.nvm/versions/node/v20.20.2/bin:/opt/ros/humble/bin:/home/duy/.local/bin:/usr/local/sbin:/usr/local/bin:/usr/sbin:/usr/bin:/sbin:/bin:/usr/games:/usr/local/games:/snap/bin:/snap/bin:/home/duy/libfreenect2/build/bin'), ('LANG', 'en_US.UTF-8'), ('TMP', '/tmp'), ('AMENT_PREFIX_PATH', '/home/duy/cocarry_ws/install/hc10dtp_moveit_config:/home/duy/cocarry_ws/install/motoman_hc10dtp_support:/home/duy/cocarry_ws/install/motoman_resources'), ('SHELL', '/bin/bash'), ('PWD', '/home/duy/cocarry_ws/build/hc10dtp_bringup'), ('COLCON', '1'), ('CMAKE_PREFIX_PATH', '/home/duy/cocarry_ws/install/hc10dtp_moveit_config:/home/duy/cocarry_ws/install/motoman_hc10dtp_support:/home/duy/cocarry_ws/install/motoman_resources')]), 'shell': False}
[0.023430] (hc10dtp_bringup) StdoutLine: {'line': b'-- Found ament_cmake: 1.3.14 (/opt/ros/humble/share/ament_cmake/cmake)\n'}
[0.099793] (-) TimerEvent: {}
[0.134160] (hc10dtp_bringup) StderrLine: {'line': b'Traceback (most recent call last):\n'}
[0.134422] (hc10dtp_bringup) StderrLine: {'line': b'  File "/opt/ros/humble/share/ament_cmake_core/cmake/package_templates/templates_2_cmake.py", line 21, in <module>\n'}
[0.134524] (hc10dtp_bringup) StderrLine: {'line': b'    from ament_package.templates import get_environment_hook_template_path\n'}
[0.134611] (hc10dtp_bringup) StderrLine: {'line': b"ModuleNotFoundError: No module named 'ament_package'\n"}
[0.143846] (hc10dtp_bringup) StderrLine: {'line': b'CMake Error at /opt/ros/humble/share/ament_cmake_core/cmake/ament_cmake_package_templates-extras.cmake:41 (message):\n'}
[0.144055] (hc10dtp_bringup) StderrLine: {'line': b'  execute_process(/usr/bin/python3\n'}
[0.144188] (hc10dtp_bringup) StderrLine: {'line': b'  /opt/ros/humble/share/ament_cmake_core/cmake/package_templates/templates_2_cmake.py\n'}
[0.144271] (hc10dtp_bringup) StderrLine: {'line': b'  /home/duy/cocarry_ws/build/hc10dtp_bringup/ament_cmake_package_templates/templates.cmake)\n'}
[0.144346] (hc10dtp_bringup) StderrLine: {'line': b'  returned error code 1\n'}
[0.144422] (hc10dtp_bringup) StderrLine: {'line': b'Call Stack (most recent call first):\n'}
[0.144493] (hc10dtp_bringup) StderrLine: {'line': b'  /opt/ros/humble/share/ament_cmake_core/cmake/ament_cmake_coreConfig.cmake:41 (include)\n'}
[0.144563] (hc10dtp_bringup) StderrLine: {'line': b'  /opt/ros/humble/share/ament_cmake/cmake/ament_cmake_export_dependencies-extras.cmake:15 (find_package)\n'}
[0.144633] (hc10dtp_bringup) StderrLine: {'line': b'  /opt/ros/humble/share/ament_cmake/cmake/ament_cmakeConfig.cmake:41 (include)\n'}
[0.144703] (hc10dtp_bringup) StderrLine: {'line': b'  CMakeLists.txt:4 (find_package)\n'}
[0.144773] (hc10dtp_bringup) StderrLine: {'line': b'\n'}
[0.144842] (hc10dtp_bringup) StderrLine: {'line': b'\n'}
[0.144911] (hc10dtp_bringup) StdoutLine: {'line': b'-- Configuring incomplete, errors occurred!\n'}
[0.144991] (hc10dtp_bringup) StdoutLine: {'line': b'See also "/home/duy/cocarry_ws/build/hc10dtp_bringup/CMakeFiles/CMakeOutput.log".\n'}
[0.146207] (hc10dtp_bringup) CommandEnded: {'returncode': 1}
[0.156999] (hc10dtp_bringup) JobEnded: {'identifier': 'hc10dtp_bringup', 'rc': 1}
[0.167456] (hrc_bringup) JobSkipped: {'identifier': 'hrc_bringup'}
[0.167506] (-) EventReactorShutdown: {}
