[0.709s] Invoking command in '/home/duy/cocarry_ws/build/trajectory_predictor': CMAKE_PREFIX_PATH=/home/duy/cocarry_ws/install/human_hand_msgs LD_LIBRARY_PATH=/home/duy/cocarry_ws/install/human_hand_msgs/lib PKG_CONFIG_PATH=/home/duy/cocarry_ws/install/human_hand_msgs/lib/x86_64-linux-gnu/pkgconfig:/home/duy/cocarry_ws/install/human_hand_msgs/lib/pkgconfig PYTHONPATH=/home/duy/cocarry_ws/build/trajectory_predictor/prefix_override:/usr/lib/python3/dist-packages/colcon_core/task/python/colcon_distutils_commands:/home/duy/cocarry_ws/install/trajectory_predictor/lib/python3.10/site-packages:/home/duy/cocarry_ws/install/human_hand_msgs/local/lib/python3.10/dist-packages ROS_PACKAGE_PATH=/home/duy/cocarry_ws/install/human_hand_msgs/share /usr/bin/python3 -W ignore:setup.py install is deprecated -W ignore:easy_install command is deprecated setup.py develop --uninstall --editable --build-directory /home/duy/cocarry_ws/build/trajectory_predictor/build
[0.924s] running develop
[1.011s] Removing /home/duy/cocarry_ws/install/trajectory_predictor/lib/python3.10/site-packages/trajectory-predictor.egg-link (link to .)
[1.042s] Invoked command in '/home/duy/cocarry_ws/build/trajectory_predictor' returned '0': CMAKE_PREFIX_PATH=/home/duy/cocarry_ws/install/human_hand_msgs LD_LIBRARY_PATH=/home/duy/cocarry_ws/install/human_hand_msgs/lib PKG_CONFIG_PATH=/home/duy/cocarry_ws/install/human_hand_msgs/lib/x86_64-linux-gnu/pkgconfig:/home/duy/cocarry_ws/install/human_hand_msgs/lib/pkgconfig PYTHONPATH=/home/duy/cocarry_ws/build/trajectory_predictor/prefix_override:/usr/lib/python3/dist-packages/colcon_core/task/python/colcon_distutils_commands:/home/duy/cocarry_ws/install/trajectory_predictor/lib/python3.10/site-packages:/home/duy/cocarry_ws/install/human_hand_msgs/local/lib/python3.10/dist-packages ROS_PACKAGE_PATH=/home/duy/cocarry_ws/install/human_hand_msgs/share /usr/bin/python3 -W ignore:setup.py install is deprecated -W ignore:easy_install command is deprecated setup.py develop --uninstall --editable --build-directory /home/duy/cocarry_ws/build/trajectory_predictor/build
[1.044s] Invoking command in '/home/duy/cocarry_ws/src/trajectory_predictor': CMAKE_PREFIX_PATH=/home/duy/cocarry_ws/install/human_hand_msgs LD_LIBRARY_PATH=/home/duy/cocarry_ws/install/human_hand_msgs/lib PKG_CONFIG_PATH=/home/duy/cocarry_ws/install/human_hand_msgs/lib/x86_64-linux-gnu/pkgconfig:/home/duy/cocarry_ws/install/human_hand_msgs/lib/pkgconfig PYTHONPATH=/home/duy/cocarry_ws/build/trajectory_predictor/prefix_override:/usr/lib/python3/dist-packages/colcon_core/task/python/colcon_distutils_commands:/home/duy/cocarry_ws/install/trajectory_predictor/lib/python3.10/site-packages:/home/duy/cocarry_ws/install/human_hand_msgs/local/lib/python3.10/dist-packages ROS_PACKAGE_PATH=/home/duy/cocarry_ws/install/human_hand_msgs/share /usr/bin/python3 -W ignore:setup.py install is deprecated -W ignore:easy_install command is deprecated setup.py egg_info --egg-base ../../build/trajectory_predictor build --build-base /home/duy/cocarry_ws/build/trajectory_predictor/build install --record /home/duy/cocarry_ws/build/trajectory_predictor/install.log --single-version-externally-managed install_data --force
[1.226s] running egg_info
[1.226s] writing ../../build/trajectory_predictor/trajectory_predictor.egg-info/PKG-INFO
[1.227s] writing dependency_links to ../../build/trajectory_predictor/trajectory_predictor.egg-info/dependency_links.txt
[1.227s] writing entry points to ../../build/trajectory_predictor/trajectory_predictor.egg-info/entry_points.txt
[1.227s] writing requirements to ../../build/trajectory_predictor/trajectory_predictor.egg-info/requires.txt
[1.227s] writing top-level names to ../../build/trajectory_predictor/trajectory_predictor.egg-info/top_level.txt
[1.228s] reading manifest file '../../build/trajectory_predictor/trajectory_predictor.egg-info/SOURCES.txt'
[1.229s] writing manifest file '../../build/trajectory_predictor/trajectory_predictor.egg-info/SOURCES.txt'
[1.229s] running build
[1.229s] running build_py
[1.229s] copying trajectory_predictor/predictor_node.py -> /home/duy/cocarry_ws/build/trajectory_predictor/build/lib/trajectory_predictor
[1.229s] running install
[1.230s] running install_lib
[1.230s] creating /home/duy/cocarry_ws/install/trajectory_predictor/lib/python3.10/site-packages/trajectory_predictor
[1.230s] copying /home/duy/cocarry_ws/build/trajectory_predictor/build/lib/trajectory_predictor/inference_worker.py -> /home/duy/cocarry_ws/install/trajectory_predictor/lib/python3.10/site-packages/trajectory_predictor
[1.230s] copying /home/duy/cocarry_ws/build/trajectory_predictor/build/lib/trajectory_predictor/__init__.py -> /home/duy/cocarry_ws/install/trajectory_predictor/lib/python3.10/site-packages/trajectory_predictor
[1.230s] copying /home/duy/cocarry_ws/build/trajectory_predictor/build/lib/trajectory_predictor/model_manager.py -> /home/duy/cocarry_ws/install/trajectory_predictor/lib/python3.10/site-packages/trajectory_predictor
[1.231s] copying /home/duy/cocarry_ws/build/trajectory_predictor/build/lib/trajectory_predictor/predictor_node.py -> /home/duy/cocarry_ws/install/trajectory_predictor/lib/python3.10/site-packages/trajectory_predictor
[1.231s] byte-compiling /home/duy/cocarry_ws/install/trajectory_predictor/lib/python3.10/site-packages/trajectory_predictor/inference_worker.py to inference_worker.cpython-310.pyc
[1.234s] byte-compiling /home/duy/cocarry_ws/install/trajectory_predictor/lib/python3.10/site-packages/trajectory_predictor/__init__.py to __init__.cpython-310.pyc
[1.234s] byte-compiling /home/duy/cocarry_ws/install/trajectory_predictor/lib/python3.10/site-packages/trajectory_predictor/model_manager.py to model_manager.cpython-310.pyc
[1.235s] byte-compiling /home/duy/cocarry_ws/install/trajectory_predictor/lib/python3.10/site-packages/trajectory_predictor/predictor_node.py to predictor_node.cpython-310.pyc
[1.238s] running install_data
[1.238s] copying resource/trajectory_predictor -> /home/duy/cocarry_ws/install/trajectory_predictor/share/ament_index/resource_index/packages
[1.238s] copying package.xml -> /home/duy/cocarry_ws/install/trajectory_predictor/share/trajectory_predictor
[1.238s] copying config/predictor_params.yaml -> /home/duy/cocarry_ws/install/trajectory_predictor/share/trajectory_predictor/config
[1.238s] running install_egg_info
[1.240s] Copying ../../build/trajectory_predictor/trajectory_predictor.egg-info to /home/duy/cocarry_ws/install/trajectory_predictor/lib/python3.10/site-packages/trajectory_predictor-0.1.0-py3.10.egg-info
[1.241s] running install_scripts
[1.259s] Installing predictor_node script to /home/duy/cocarry_ws/install/trajectory_predictor/lib/trajectory_predictor
[1.259s] writing list of installed files to '/home/duy/cocarry_ws/build/trajectory_predictor/install.log'
[1.295s] Invoked command in '/home/duy/cocarry_ws/src/trajectory_predictor' returned '0': CMAKE_PREFIX_PATH=/home/duy/cocarry_ws/install/human_hand_msgs LD_LIBRARY_PATH=/home/duy/cocarry_ws/install/human_hand_msgs/lib PKG_CONFIG_PATH=/home/duy/cocarry_ws/install/human_hand_msgs/lib/x86_64-linux-gnu/pkgconfig:/home/duy/cocarry_ws/install/human_hand_msgs/lib/pkgconfig PYTHONPATH=/home/duy/cocarry_ws/build/trajectory_predictor/prefix_override:/usr/lib/python3/dist-packages/colcon_core/task/python/colcon_distutils_commands:/home/duy/cocarry_ws/install/trajectory_predictor/lib/python3.10/site-packages:/home/duy/cocarry_ws/install/human_hand_msgs/local/lib/python3.10/dist-packages ROS_PACKAGE_PATH=/home/duy/cocarry_ws/install/human_hand_msgs/share /usr/bin/python3 -W ignore:setup.py install is deprecated -W ignore:easy_install command is deprecated setup.py egg_info --egg-base ../../build/trajectory_predictor build --build-base /home/duy/cocarry_ws/build/trajectory_predictor/build install --record /home/duy/cocarry_ws/build/trajectory_predictor/install.log --single-version-externally-managed install_data --force
