[0.057s] Invoking command in '/home/hungnb/cocarry_ws/build/motoman_gp215_support': AMENT_PREFIX_PATH=/home/hungnb/cocarry_ws/install/motoman_resources:${AMENT_PREFIX_PATH} CMAKE_PREFIX_PATH=/home/hungnb/cocarry_ws/install/motoman_resources:/opt/ros/humble /usr/bin/cmake --build /home/hungnb/cocarry_ws/build/motoman_gp215_support -- -j16 -l16
[0.137s] Invoked command in '/home/hungnb/cocarry_ws/build/motoman_gp215_support' returned '0': AMENT_PREFIX_PATH=/home/hungnb/cocarry_ws/install/motoman_resources:${AMENT_PREFIX_PATH} CMAKE_PREFIX_PATH=/home/hungnb/cocarry_ws/install/motoman_resources:/opt/ros/humble /usr/bin/cmake --build /home/hungnb/cocarry_ws/build/motoman_gp215_support -- -j16 -l16
[0.138s] Invoking command in '/home/hungnb/cocarry_ws/build/motoman_gp215_support': AMENT_PREFIX_PATH=/home/hungnb/cocarry_ws/install/motoman_resources:${AMENT_PREFIX_PATH} CMAKE_PREFIX_PATH=/home/hungnb/cocarry_ws/install/motoman_resources:/opt/ros/humble /usr/bin/cmake --install /home/hungnb/cocarry_ws/build/motoman_gp215_support
[0.156s] -- Install configuration: ""
[0.156s] -- Execute custom install script
[0.156s] -- Up-to-date symlink: /home/hungnb/cocarry_ws/install/motoman_gp215_support/share/ament_index/resource_index/package_run_dependencies/motoman_gp215_support
[0.156s] -- Up-to-date symlink: /home/hungnb/cocarry_ws/install/motoman_gp215_support/share/ament_index/resource_index/parent_prefix_path/motoman_gp215_support
[0.156s] -- Up-to-date symlink: /home/hungnb/cocarry_ws/install/motoman_gp215_support/share/motoman_gp215_support/environment/ament_prefix_path.sh
[0.156s] -- Up-to-date symlink: /home/hungnb/cocarry_ws/install/motoman_gp215_support/share/motoman_gp215_support/environment/ament_prefix_path.dsv
[0.157s] -- Up-to-date symlink: /home/hungnb/cocarry_ws/install/motoman_gp215_support/share/motoman_gp215_support/environment/path.sh
[0.157s] -- Up-to-date symlink: /home/hungnb/cocarry_ws/install/motoman_gp215_support/share/motoman_gp215_support/environment/path.dsv
[0.157s] -- Up-to-date symlink: /home/hungnb/cocarry_ws/install/motoman_gp215_support/share/motoman_gp215_support/local_setup.bash
[0.157s] -- Up-to-date symlink: /home/hungnb/cocarry_ws/install/motoman_gp215_support/share/motoman_gp215_support/local_setup.sh
[0.157s] -- Up-to-date symlink: /home/hungnb/cocarry_ws/install/motoman_gp215_support/share/motoman_gp215_support/local_setup.zsh
[0.157s] -- Up-to-date symlink: /home/hungnb/cocarry_ws/install/motoman_gp215_support/share/motoman_gp215_support/local_setup.dsv
[0.159s] -- Symlinking: /home/hungnb/cocarry_ws/install/motoman_gp215_support/share/motoman_gp215_support/package.dsv
[0.168s] -- Up-to-date symlink: /home/hungnb/cocarry_ws/install/motoman_gp215_support/share/ament_index/resource_index/packages/motoman_gp215_support
[0.173s] -- Up-to-date symlink: /home/hungnb/cocarry_ws/install/motoman_gp215_support/share/motoman_gp215_support/cmake/motoman_gp215_supportConfig.cmake
[0.176s] -- Up-to-date symlink: /home/hungnb/cocarry_ws/install/motoman_gp215_support/share/motoman_gp215_support/cmake/motoman_gp215_supportConfig-version.cmake
[0.179s] -- Up-to-date symlink: /home/hungnb/cocarry_ws/install/motoman_gp215_support/share/motoman_gp215_support/package.xml
[0.181s] -- Up-to-date symlink: /home/hungnb/cocarry_ws/install/motoman_gp215_support/share/motoman_gp215_support/launch/view_gp215.launch.xml
[0.184s] -- Up-to-date symlink: /home/hungnb/cocarry_ws/install/motoman_gp215_support/share/motoman_gp215_support/meshes/gp215/collision/base_link.stl
[0.184s] -- Up-to-date symlink: /home/hungnb/cocarry_ws/install/motoman_gp215_support/share/motoman_gp215_support/meshes/gp215/collision/link_1.stl
[0.184s] -- Up-to-date symlink: /home/hungnb/cocarry_ws/install/motoman_gp215_support/share/motoman_gp215_support/meshes/gp215/collision/link_2.stl
[0.185s] -- Up-to-date symlink: /home/hungnb/cocarry_ws/install/motoman_gp215_support/share/motoman_gp215_support/meshes/gp215/collision/link_3.stl
[0.185s] -- Up-to-date symlink: /home/hungnb/cocarry_ws/install/motoman_gp215_support/share/motoman_gp215_support/meshes/gp215/collision/link_4.stl
[0.185s] -- Up-to-date symlink: /home/hungnb/cocarry_ws/install/motoman_gp215_support/share/motoman_gp215_support/meshes/gp215/collision/link_5.stl
[0.185s] -- Up-to-date symlink: /home/hungnb/cocarry_ws/install/motoman_gp215_support/share/motoman_gp215_support/meshes/gp215/collision/link_6.stl
[0.185s] -- Up-to-date symlink: /home/hungnb/cocarry_ws/install/motoman_gp215_support/share/motoman_gp215_support/meshes/gp215/visual/base_link.dae
[0.185s] -- Up-to-date symlink: /home/hungnb/cocarry_ws/install/motoman_gp215_support/share/motoman_gp215_support/meshes/gp215/visual/link_1.dae
[0.187s] -- Up-to-date symlink: /home/hungnb/cocarry_ws/install/motoman_gp215_support/share/motoman_gp215_support/meshes/gp215/visual/link_2.dae
[0.188s] -- Up-to-date symlink: /home/hungnb/cocarry_ws/install/motoman_gp215_support/share/motoman_gp215_support/meshes/gp215/visual/link_3.dae
[0.188s] -- Up-to-date symlink: /home/hungnb/cocarry_ws/install/motoman_gp215_support/share/motoman_gp215_support/meshes/gp215/visual/link_4.dae
[0.188s] -- Up-to-date symlink: /home/hungnb/cocarry_ws/install/motoman_gp215_support/share/motoman_gp215_support/meshes/gp215/visual/link_5.dae
[0.189s] -- Up-to-date symlink: /home/hungnb/cocarry_ws/install/motoman_gp215_support/share/motoman_gp215_support/meshes/gp215/visual/link_6.dae
[0.189s] -- Up-to-date symlink: /home/hungnb/cocarry_ws/install/motoman_gp215_support/share/motoman_gp215_support/urdf/gp215.xacro
[0.189s] -- Up-to-date symlink: /home/hungnb/cocarry_ws/install/motoman_gp215_support/share/motoman_gp215_support/urdf/gp215_macro.xacro
[0.230s] Invoked command in '/home/hungnb/cocarry_ws/build/motoman_gp215_support' returned '0': AMENT_PREFIX_PATH=/home/hungnb/cocarry_ws/install/motoman_resources:${AMENT_PREFIX_PATH} CMAKE_PREFIX_PATH=/home/hungnb/cocarry_ws/install/motoman_resources:/opt/ros/humble /usr/bin/cmake --install /home/hungnb/cocarry_ws/build/motoman_gp215_support
