[0.000000] (-) TimerEvent: {}
[0.000660] (-) JobUnselected: {'identifier': 'experiment_logger'}
[0.000705] (-) JobUnselected: {'identifier': 'hc10dtp_moveit_config'}
[0.000729] (-) JobUnselected: {'identifier': 'hc10dtp_simulation'}
[0.000815] (-) JobUnselected: {'identifier': 'hrc_bringup'}
[0.001090] (-) JobUnselected: {'identifier': 'human_hand_msgs'}
[0.001110] (-) JobUnselected: {'identifier': 'industrial_msgs'}
[0.001171] (-) JobUnselected: {'identifier': 'kinect2_bridge'}
[0.001196] (-) JobUnselected: {'identifier': 'kinect2_calibration'}
[0.001214] (-) JobUnselected: {'identifier': 'kinect2_registration'}
[0.001231] (-) JobUnselected: {'identifier': 'libfreenect2'}
[0.001374] (-) JobUnselected: {'identifier': 'motoman_gp4_support'}
[0.001397] (-) JobUnselected: {'identifier': 'motoman_hc10dtp_support'}
[0.001415] (-) JobUnselected: {'identifier': 'motoman_resources'}
[0.001432] (-) JobUnselected: {'identifier': 'motoros2_client_interface_dependencies'}
[0.001528] (-) JobUnselected: {'identifier': 'motoros2_interfaces'}
[0.001547] (-) JobUnselected: {'identifier': 'predictor_ui'}
[0.001569] (-) JobUnselected: {'identifier': 'realsense_tracker'}
[0.001690] (-) JobUnselected: {'identifier': 'trac_ik'}
[0.001736] (-) JobUnselected: {'identifier': 'trac_ik_kinematics'}
[0.001755] (-) JobUnselected: {'identifier': 'trac_ik_lib'}
[0.001778] (coord_transform) JobQueued: {'identifier': 'coord_transform', 'dependencies': OrderedDict([('human_hand_msgs', '/home/duy/cocarry_ws/install/human_hand_msgs')])}
[0.001835] (trajectory_predictor) JobQueued: {'identifier': 'trajectory_predictor', 'dependencies': OrderedDict([('human_hand_msgs', '/home/duy/cocarry_ws/install/human_hand_msgs')])}
[0.001855] (hc10dtp_bringup) JobQueued: {'identifier': 'hc10dtp_bringup', 'dependencies': OrderedDict([('motoman_resources', '/home/duy/cocarry_ws/install/motoman_resources'), ('motoman_hc10dtp_support', '/home/duy/cocarry_ws/install/motoman_hc10dtp_support'), ('hc10dtp_moveit_config', '/home/duy/cocarry_ws/install/hc10dtp_moveit_config')])}
[0.001881] (coord_transform) JobStarted: {'identifier': 'coord_transform'}
[0.004333] (trajectory_predictor) JobStarted: {'identifier': 'trajectory_predictor'}
[0.011657] (hc10dtp_bringup) JobStarted: {'identifier': 'hc10dtp_bringup'}
[0.099919] (-) TimerEvent: {}
[0.200178] (-) TimerEvent: {}
[0.252137] (hc10dtp_bringup) JobProgress: {'identifier': 'hc10dtp_bringup', 'progress': 'cmake'}
[0.252748] (hc10dtp_bringup) JobProgress: {'identifier': 'hc10dtp_bringup', 'progress': 'build'}
[0.252786] (hc10dtp_bringup) Command: {'cmd': ['/usr/bin/cmake', '--build', '/home/duy/cocarry_ws/build/hc10dtp_bringup', '--', '-j16', '-l16'], 'cwd': '/home/duy/cocarry_ws/build/hc10dtp_bringup', 'env': OrderedDict([('USER', 'duy'), ('SHLVL', '1'), ('HOME', '/home/duy'), ('_', '/usr/bin/colcon'), ('TERM', 'dumb'), ('PATH', '/home/duy/.local/bin:/home/duy/.nvm/versions/node/v20.20.2/bin:/opt/ros/humble/bin:/home/duy/.local/bin:/usr/local/sbin:/usr/local/bin:/usr/sbin:/usr/bin:/sbin:/bin:/usr/games:/usr/local/games:/snap/bin:/snap/bin:/home/duy/libfreenect2/build/bin'), ('LANG', 'en_US.UTF-8'), ('TMP', '/tmp'), ('AMENT_PREFIX_PATH', '/home/duy/cocarry_ws/install/hc10dtp_moveit_config:/home/duy/cocarry_ws/install/motoman_hc10dtp_support:/home/duy/cocarry_ws/install/motoman_resources'), ('SHELL', '/bin/bash'), ('PWD', '/home/duy/cocarry_ws/build/hc10dtp_bringup'), ('COLCON', '1'), ('CMAKE_PREFIX_PATH', '/home/duy/cocarry_ws/install/hc10dtp_moveit_config:/home/duy/cocarry_ws/install/motoman_hc10dtp_support:/home/duy/cocarry_ws/install/motoman_resources')]), 'shell': False}
[0.282060] (hc10dtp_bringup) CommandEnded: {'returncode': 0}
[0.282630] (hc10dtp_bringup) JobProgress: {'identifier': 'hc10dtp_bringup', 'progress': 'install'}
[0.288600] (hc10dtp_bringup) Command: {'cmd': ['/usr/bin/cmake', '--install', '/home/duy/cocarry_ws/build/hc10dtp_bringup'], 'cwd': '/home/duy/cocarry_ws/build/hc10dtp_bringup', 'env': OrderedDict([('USER', 'duy'), ('SHLVL', '1'), ('HOME', '/home/duy'), ('_', '/usr/bin/colcon'), ('TERM', 'dumb'), ('PATH', '/home/duy/.local/bin:/home/duy/.nvm/versions/node/v20.20.2/bin:/opt/ros/humble/bin:/home/duy/.local/bin:/usr/local/sbin:/usr/local/bin:/usr/sbin:/usr/bin:/sbin:/bin:/usr/games:/usr/local/games:/snap/bin:/snap/bin:/home/duy/libfreenect2/build/bin'), ('LANG', 'en_US.UTF-8'), ('TMP', '/tmp'), ('AMENT_PREFIX_PATH', '/home/duy/cocarry_ws/install/hc10dtp_moveit_config:/home/duy/cocarry_ws/install/motoman_hc10dtp_support:/home/duy/cocarry_ws/install/motoman_resources'), ('SHELL', '/bin/bash'), ('PWD', '/home/duy/cocarry_ws/build/hc10dtp_bringup'), ('COLCON', '1'), ('CMAKE_PREFIX_PATH', '/home/duy/cocarry_ws/install/hc10dtp_moveit_config:/home/duy/cocarry_ws/install/motoman_hc10dtp_support:/home/duy/cocarry_ws/install/motoman_resources')]), 'shell': False}
[0.294953] (hc10dtp_bringup) StdoutLine: {'line': b'-- Install configuration: ""\n'}
[0.295399] (hc10dtp_bringup) StdoutLine: {'line': b'-- Execute custom install script\n'}
[0.295805] (hc10dtp_bringup) StdoutLine: {'line': b'-- Up-to-date symlink: /home/duy/cocarry_ws/install/hc10dtp_bringup/lib/hc10dtp_bringup/cartesian_streamer_hc10dtp.py\n'}
[0.295911] (hc10dtp_bringup) StdoutLine: {'line': b'-- Up-to-date symlink: /home/duy/cocarry_ws/install/hc10dtp_bringup/lib/hc10dtp_bringup/restamp_joint_states.py\n'}
[0.295997] (hc10dtp_bringup) StdoutLine: {'line': b'-- Up-to-date symlink: /home/duy/cocarry_ws/install/hc10dtp_bringup/lib/hc10dtp_bringup/go_home.py\n'}
[0.296074] (hc10dtp_bringup) StdoutLine: {'line': b'-- Up-to-date symlink: /home/duy/cocarry_ws/install/hc10dtp_bringup/lib/hc10dtp_bringup/capture_home.py\n'}
[0.296152] (hc10dtp_bringup) StdoutLine: {'line': b'-- Up-to-date symlink: /home/duy/cocarry_ws/install/hc10dtp_bringup/lib/hc10dtp_bringup/test_queue_diagnostic.py\n'}
[0.296307] (hc10dtp_bringup) StdoutLine: {'line': b'-- Up-to-date symlink: /home/duy/cocarry_ws/install/hc10dtp_bringup/share/ament_index/resource_index/package_run_dependencies/hc10dtp_bringup\n'}
[0.296501] (hc10dtp_bringup) StdoutLine: {'line': b'-- Up-to-date symlink: /home/duy/cocarry_ws/install/hc10dtp_bringup/share/ament_index/resource_index/parent_prefix_path/hc10dtp_bringup\n'}
[0.296613] (hc10dtp_bringup) StdoutLine: {'line': b'-- Up-to-date symlink: /home/duy/cocarry_ws/install/hc10dtp_bringup/share/hc10dtp_bringup/environment/ament_prefix_path.sh\n'}
[0.296706] (hc10dtp_bringup) StdoutLine: {'line': b'-- Up-to-date symlink: /home/duy/cocarry_ws/install/hc10dtp_bringup/share/hc10dtp_bringup/environment/ament_prefix_path.dsv\n'}
[0.296856] (hc10dtp_bringup) StdoutLine: {'line': b'-- Up-to-date symlink: /home/duy/cocarry_ws/install/hc10dtp_bringup/share/hc10dtp_bringup/environment/path.sh\n'}
[0.296966] (hc10dtp_bringup) StdoutLine: {'line': b'-- Up-to-date symlink: /home/duy/cocarry_ws/install/hc10dtp_bringup/share/hc10dtp_bringup/environment/path.dsv\n'}
[0.297125] (hc10dtp_bringup) StdoutLine: {'line': b'-- Up-to-date symlink: /home/duy/cocarry_ws/install/hc10dtp_bringup/share/hc10dtp_bringup/local_setup.bash\n'}
[0.297250] (hc10dtp_bringup) StdoutLine: {'line': b'-- Up-to-date symlink: /home/duy/cocarry_ws/install/hc10dtp_bringup/share/hc10dtp_bringup/local_setup.sh\n'}
[0.297349] (hc10dtp_bringup) StdoutLine: {'line': b'-- Up-to-date symlink: /home/duy/cocarry_ws/install/hc10dtp_bringup/share/hc10dtp_bringup/local_setup.zsh\n'}
[0.297509] (hc10dtp_bringup) StdoutLine: {'line': b'-- Up-to-date symlink: /home/duy/cocarry_ws/install/hc10dtp_bringup/share/hc10dtp_bringup/local_setup.dsv\n'}
[0.297621] (hc10dtp_bringup) StdoutLine: {'line': b'-- Symlinking: /home/duy/cocarry_ws/install/hc10dtp_bringup/share/hc10dtp_bringup/package.dsv\n'}
[0.300297] (-) TimerEvent: {}
[0.305451] (hc10dtp_bringup) StdoutLine: {'line': b'-- Up-to-date symlink: /home/duy/cocarry_ws/install/hc10dtp_bringup/share/ament_index/resource_index/packages/hc10dtp_bringup\n'}
[0.305693] (hc10dtp_bringup) StdoutLine: {'line': b'-- Up-to-date symlink: /home/duy/cocarry_ws/install/hc10dtp_bringup/share/hc10dtp_bringup/cmake/hc10dtp_bringupConfig.cmake\n'}
[0.305935] (hc10dtp_bringup) StdoutLine: {'line': b'-- Up-to-date symlink: /home/duy/cocarry_ws/install/hc10dtp_bringup/share/hc10dtp_bringup/cmake/hc10dtp_bringupConfig-version.cmake\n'}
[0.306045] (hc10dtp_bringup) StdoutLine: {'line': b'-- Up-to-date symlink: /home/duy/cocarry_ws/install/hc10dtp_bringup/share/hc10dtp_bringup/package.xml\n'}
[0.308123] (hc10dtp_bringup) CommandEnded: {'returncode': 0}
[0.330280] (hc10dtp_bringup) JobEnded: {'identifier': 'hc10dtp_bringup', 'rc': 0}
[0.400393] (-) TimerEvent: {}
[0.471490] (trajectory_predictor) Command: {'cmd': ['/usr/bin/python3', '-W', 'ignore:setup.py install is deprecated', '-W', 'ignore:easy_install command is deprecated', 'setup.py', 'develop', '--editable', '--build-directory', '/home/duy/cocarry_ws/build/trajectory_predictor/build', '--no-deps', 'symlink_data'], 'cwd': '/home/duy/cocarry_ws/build/trajectory_predictor', 'env': {'USER': 'duy', 'ROS_PACKAGE_PATH': '/home/duy/cocarry_ws/install/human_hand_msgs/share', 'SHLVL': '1', 'LD_LIBRARY_PATH': '/home/duy/cocarry_ws/install/human_hand_msgs/lib', 'HOME': '/home/duy', '_': '/usr/bin/colcon', 'PKG_CONFIG_PATH': '/home/duy/cocarry_ws/install/human_hand_msgs/lib/x86_64-linux-gnu/pkgconfig:/home/duy/cocarry_ws/install/human_hand_msgs/lib/pkgconfig', 'TERM': 'dumb', 'PATH': '/home/duy/.local/bin:/home/duy/.nvm/versions/node/v20.20.2/bin:/opt/ros/humble/bin:/home/duy/.local/bin:/usr/local/sbin:/usr/local/bin:/usr/sbin:/usr/bin:/sbin:/bin:/usr/games:/usr/local/games:/snap/bin:/snap/bin:/home/duy/libfreenect2/build/bin', 'LANG': 'en_US.UTF-8', 'TMP': '/tmp', 'SHELL': '/bin/bash', 'PWD': '/home/duy/cocarry_ws/build/trajectory_predictor', 'PYTHONPATH': '/home/duy/cocarry_ws/build/trajectory_predictor/prefix_override:/usr/lib/python3/dist-packages/colcon_core/task/python/colcon_distutils_commands:/home/duy/cocarry_ws/install/trajectory_predictor/lib/python3.10/site-packages:/home/duy/cocarry_ws/install/human_hand_msgs/local/lib/python3.10/dist-packages', 'COLCON': '1', 'CMAKE_PREFIX_PATH': '/home/duy/cocarry_ws/install/human_hand_msgs'}, 'shell': False}
[0.474322] (coord_transform) Command: {'cmd': ['/usr/bin/python3', '-W', 'ignore:setup.py install is deprecated', '-W', 'ignore:easy_install command is deprecated', 'setup.py', 'develop', '--editable', '--build-directory', '/home/duy/cocarry_ws/build/coord_transform/build', '--no-deps', 'symlink_data'], 'cwd': '/home/duy/cocarry_ws/build/coord_transform', 'env': {'USER': 'duy', 'ROS_PACKAGE_PATH': '/home/duy/cocarry_ws/install/human_hand_msgs/share', 'SHLVL': '1', 'LD_LIBRARY_PATH': '/home/duy/cocarry_ws/install/human_hand_msgs/lib', 'HOME': '/home/duy', '_': '/usr/bin/colcon', 'PKG_CONFIG_PATH': '/home/duy/cocarry_ws/install/human_hand_msgs/lib/x86_64-linux-gnu/pkgconfig:/home/duy/cocarry_ws/install/human_hand_msgs/lib/pkgconfig', 'TERM': 'dumb', 'PATH': '/home/duy/.local/bin:/home/duy/.nvm/versions/node/v20.20.2/bin:/opt/ros/humble/bin:/home/duy/.local/bin:/usr/local/sbin:/usr/local/bin:/usr/sbin:/usr/bin:/sbin:/bin:/usr/games:/usr/local/games:/snap/bin:/snap/bin:/home/duy/libfreenect2/build/bin', 'LANG': 'en_US.UTF-8', 'TMP': '/tmp', 'SHELL': '/bin/bash', 'PWD': '/home/duy/cocarry_ws/build/coord_transform', 'PYTHONPATH': '/home/duy/cocarry_ws/build/coord_transform/prefix_override:/usr/lib/python3/dist-packages/colcon_core/task/python/colcon_distutils_commands:/home/duy/cocarry_ws/install/coord_transform/lib/python3.10/site-packages:/home/duy/cocarry_ws/install/human_hand_msgs/local/lib/python3.10/dist-packages', 'COLCON': '1', 'CMAKE_PREFIX_PATH': '/home/duy/cocarry_ws/install/human_hand_msgs'}, 'shell': False}
[0.500483] (-) TimerEvent: {}
[0.600818] (-) TimerEvent: {}
[0.607049] (trajectory_predictor) StdoutLine: {'line': b'running develop\n'}
[0.611084] (coord_transform) StdoutLine: {'line': b'running develop\n'}
[0.660363] (trajectory_predictor) StdoutLine: {'line': b'running egg_info\n'}
[0.660635] (trajectory_predictor) StdoutLine: {'line': b'writing trajectory_predictor.egg-info/PKG-INFO\n'}
[0.660768] (trajectory_predictor) StdoutLine: {'line': b'writing dependency_links to trajectory_predictor.egg-info/dependency_links.txt\n'}
[0.660866] (trajectory_predictor) StdoutLine: {'line': b'writing entry points to trajectory_predictor.egg-info/entry_points.txt\n'}
[0.660944] (trajectory_predictor) StdoutLine: {'line': b'writing requirements to trajectory_predictor.egg-info/requires.txt\n'}
[0.661020] (trajectory_predictor) StdoutLine: {'line': b'writing top-level names to trajectory_predictor.egg-info/top_level.txt\n'}
[0.661769] (trajectory_predictor) StdoutLine: {'line': b"reading manifest file 'trajectory_predictor.egg-info/SOURCES.txt'\n"}
[0.662224] (trajectory_predictor) StdoutLine: {'line': b"writing manifest file 'trajectory_predictor.egg-info/SOURCES.txt'\n"}
[0.663133] (trajectory_predictor) StdoutLine: {'line': b'running build_ext\n'}
[0.663251] (trajectory_predictor) StdoutLine: {'line': b'Creating /home/duy/cocarry_ws/install/trajectory_predictor/lib/python3.10/site-packages/trajectory-predictor.egg-link (link to .)\n'}
[0.663653] (trajectory_predictor) StdoutLine: {'line': b'Installing predictor_node script to /home/duy/cocarry_ws/install/trajectory_predictor/lib/trajectory_predictor\n'}
[0.663808] (trajectory_predictor) StdoutLine: {'line': b'\n'}
[0.663896] (trajectory_predictor) StdoutLine: {'line': b'Installed /home/duy/cocarry_ws/build/trajectory_predictor\n'}
[0.664054] (trajectory_predictor) StdoutLine: {'line': b'running symlink_data\n'}
[0.664218] (coord_transform) StdoutLine: {'line': b'running egg_info\n'}
[0.664402] (coord_transform) StdoutLine: {'line': b'writing coord_transform.egg-info/PKG-INFO\n'}
[0.664518] (coord_transform) StdoutLine: {'line': b'writing dependency_links to coord_transform.egg-info/dependency_links.txt\n'}
[0.664639] (coord_transform) StdoutLine: {'line': b'writing entry points to coord_transform.egg-info/entry_points.txt\n'}
[0.664755] (coord_transform) StdoutLine: {'line': b'writing requirements to coord_transform.egg-info/requires.txt\n'}
[0.664834] (coord_transform) StdoutLine: {'line': b'writing top-level names to coord_transform.egg-info/top_level.txt\n'}
[0.665626] (coord_transform) StdoutLine: {'line': b"reading manifest file 'coord_transform.egg-info/SOURCES.txt'\n"}
[0.666103] (coord_transform) StdoutLine: {'line': b"writing manifest file 'coord_transform.egg-info/SOURCES.txt'\n"}
[0.666882] (coord_transform) StdoutLine: {'line': b'running build_ext\n'}
[0.667041] (coord_transform) StdoutLine: {'line': b'Creating /home/duy/cocarry_ws/install/coord_transform/lib/python3.10/site-packages/coord-transform.egg-link (link to .)\n'}
[0.667579] (coord_transform) StdoutLine: {'line': b'Installing transform_node script to /home/duy/cocarry_ws/install/coord_transform/lib/coord_transform\n'}
[0.667749] (coord_transform) StdoutLine: {'line': b'\n'}
[0.667844] (coord_transform) StdoutLine: {'line': b'Installed /home/duy/cocarry_ws/build/coord_transform\n'}
[0.667919] (coord_transform) StdoutLine: {'line': b'running symlink_data\n'}
[0.682031] (trajectory_predictor) CommandEnded: {'returncode': 0}
[0.687553] (trajectory_predictor) JobEnded: {'identifier': 'trajectory_predictor', 'rc': 0}
[0.688826] (coord_transform) CommandEnded: {'returncode': 0}
[0.693472] (coord_transform) JobEnded: {'identifier': 'coord_transform', 'rc': 0}
[0.693689] (-) EventReactorShutdown: {}
