[0.678s] Invoking command in '/home/duy/cocarry_ws/build/coord_transform': CMAKE_PREFIX_PATH=/home/duy/cocarry_ws/install/human_hand_msgs:/home/duy/cocarry_ws/install/hrc_bringup:/home/duy/cocarry_ws/install/trac_ik:/home/duy/cocarry_ws/install/trac_ik_kinematics:/home/duy/cocarry_ws/install/trac_ik_lib:/home/duy/cocarry_ws/install/motoros2_client_interface_dependencies:/home/duy/cocarry_ws/install/hc10dtp_simulation:/home/duy/cocarry_ws/install/motoros2_interfaces:/home/duy/cocarry_ws/install/hc10dtp_bringup:/home/duy/cocarry_ws/install/hc10dtp_moveit_config:/home/duy/cocarry_ws/install/motoman_hc10dtp_support:/home/duy/cocarry_ws/install/motoman_gp4_support:/home/duy/cocarry_ws/install/motoman_resources:/home/duy/cocarry_ws/install/libfreenect2:/home/duy/cocarry_ws/install/kinect2_calibration:/home/duy/cocarry_ws/install/kinect2_bridge:/home/duy/cocarry_ws/install/kinect2_registration:/home/duy/cocarry_ws/install/industrial_msgs LD_LIBRARY_PATH=/home/duy/cocarry_ws/install/human_hand_msgs/lib:/home/duy/cocarry_ws/install/trac_ik_kinematics/lib:/home/duy/cocarry_ws/install/trac_ik_lib/lib:/home/duy/cocarry_ws/install/motoros2_interfaces/lib:/home/duy/cocarry_ws/install/libfreenect2/lib:/home/duy/cocarry_ws/install/kinect2_registration/lib:/home/duy/cocarry_ws/install/industrial_msgs/lib:/usr/local/lib/nuitrack:/usr/lib/x86_64-linux-gnu/gazebo-11/plugins:/opt/ros/humble/opt/rviz_ogre_vendor/lib:/opt/ros/humble/lib/x86_64-linux-gnu:/opt/ros/humble/lib:/usr/local/lib/nuitrack PYTHONPATH=/home/duy/cocarry_ws/build/coord_transform/prefix_override:/usr/lib/python3/dist-packages/colcon_core/task/python/colcon_distutils_commands:/home/duy/cocarry_ws/install/coord_transform/lib/python3.10/site-packages:/home/duy/cocarry_ws/install/human_hand_msgs/local/lib/python3.10/dist-packages:/home/duy/cocarry_ws/install/trajectory_predictor/lib/python3.10/site-packages:/home/duy/cocarry_ws/build/realsense_tracker:/home/duy/cocarry_ws/install/realsense_tracker/lib/python3.10/site-packages:/home/duy/cocarry_ws/install/predictor_ui/lib/python3.10/site-packages:/home/duy/cocarry_ws/install/motoros2_interfaces/local/lib/python3.10/dist-packages:/home/duy/cocarry_ws/install/industrial_msgs/local/lib/python3.10/dist-packages:/home/duy/cocarry_ws/build/experiment_logger:/home/duy/cocarry_ws/install/experiment_logger/lib/python3.10/site-packages:/home/duy/cocarry_ws/install/coord_transform/lib/python3.10/site-packages:/opt/ros/humble/lib/python3.10/site-packages:/opt/ros/humble/local/lib/python3.10/dist-packages /usr/bin/python3 -W ignore:setup.py install is deprecated -W ignore:easy_install command is deprecated setup.py develop --editable --build-directory /home/duy/cocarry_ws/build/coord_transform/build --no-deps symlink_data
[0.890s] running develop
[1.006s] running egg_info
[1.006s] creating coord_transform.egg-info
[1.006s] writing coord_transform.egg-info/PKG-INFO
[1.006s] writing dependency_links to coord_transform.egg-info/dependency_links.txt
[1.006s] writing entry points to coord_transform.egg-info/entry_points.txt
[1.006s] writing requirements to coord_transform.egg-info/requires.txt
[1.006s] writing top-level names to coord_transform.egg-info/top_level.txt
[1.006s] writing manifest file 'coord_transform.egg-info/SOURCES.txt'
[1.007s] reading manifest file 'coord_transform.egg-info/SOURCES.txt'
[1.007s] writing manifest file 'coord_transform.egg-info/SOURCES.txt'
[1.008s] running build_ext
[1.009s] Creating /home/duy/cocarry_ws/install/coord_transform/lib/python3.10/site-packages/coord-transform.egg-link (link to .)
[1.009s] Installing transform_node script to /home/duy/cocarry_ws/install/coord_transform/lib/coord_transform
[1.009s] 
[1.009s] Installed /home/duy/cocarry_ws/build/coord_transform
[1.009s] running symlink_data
[1.010s] creating /home/duy/cocarry_ws/install/coord_transform/share/ament_index
[1.010s] creating /home/duy/cocarry_ws/install/coord_transform/share/ament_index/resource_index
[1.010s] creating /home/duy/cocarry_ws/install/coord_transform/share/ament_index/resource_index/packages
[1.010s] symbolically linking /home/duy/cocarry_ws/build/coord_transform/resource/coord_transform -> /home/duy/cocarry_ws/install/coord_transform/share/ament_index/resource_index/packages
[1.010s] symbolically linking /home/duy/cocarry_ws/build/coord_transform/package.xml -> /home/duy/cocarry_ws/install/coord_transform/share/coord_transform
[1.010s] creating /home/duy/cocarry_ws/install/coord_transform/share/coord_transform/config
[1.010s] symbolically linking /home/duy/cocarry_ws/build/coord_transform/config/transform_params.yaml -> /home/duy/cocarry_ws/install/coord_transform/share/coord_transform/config
[1.010s] creating /home/duy/cocarry_ws/install/coord_transform/share/coord_transform/scripts
[1.010s] symbolically linking /home/duy/cocarry_ws/build/coord_transform/scripts/calibrate_camera_to_robot.py -> /home/duy/cocarry_ws/install/coord_transform/share/coord_transform/scripts
[1.035s] Invoked command in '/home/duy/cocarry_ws/build/coord_transform' returned '0': CMAKE_PREFIX_PATH=/home/duy/cocarry_ws/install/human_hand_msgs:/home/duy/cocarry_ws/install/hrc_bringup:/home/duy/cocarry_ws/install/trac_ik:/home/duy/cocarry_ws/install/trac_ik_kinematics:/home/duy/cocarry_ws/install/trac_ik_lib:/home/duy/cocarry_ws/install/motoros2_client_interface_dependencies:/home/duy/cocarry_ws/install/hc10dtp_simulation:/home/duy/cocarry_ws/install/motoros2_interfaces:/home/duy/cocarry_ws/install/hc10dtp_bringup:/home/duy/cocarry_ws/install/hc10dtp_moveit_config:/home/duy/cocarry_ws/install/motoman_hc10dtp_support:/home/duy/cocarry_ws/install/motoman_gp4_support:/home/duy/cocarry_ws/install/motoman_resources:/home/duy/cocarry_ws/install/libfreenect2:/home/duy/cocarry_ws/install/kinect2_calibration:/home/duy/cocarry_ws/install/kinect2_bridge:/home/duy/cocarry_ws/install/kinect2_registration:/home/duy/cocarry_ws/install/industrial_msgs LD_LIBRARY_PATH=/home/duy/cocarry_ws/install/human_hand_msgs/lib:/home/duy/cocarry_ws/install/trac_ik_kinematics/lib:/home/duy/cocarry_ws/install/trac_ik_lib/lib:/home/duy/cocarry_ws/install/motoros2_interfaces/lib:/home/duy/cocarry_ws/install/libfreenect2/lib:/home/duy/cocarry_ws/install/kinect2_registration/lib:/home/duy/cocarry_ws/install/industrial_msgs/lib:/usr/local/lib/nuitrack:/usr/lib/x86_64-linux-gnu/gazebo-11/plugins:/opt/ros/humble/opt/rviz_ogre_vendor/lib:/opt/ros/humble/lib/x86_64-linux-gnu:/opt/ros/humble/lib:/usr/local/lib/nuitrack PYTHONPATH=/home/duy/cocarry_ws/build/coord_transform/prefix_override:/usr/lib/python3/dist-packages/colcon_core/task/python/colcon_distutils_commands:/home/duy/cocarry_ws/install/coord_transform/lib/python3.10/site-packages:/home/duy/cocarry_ws/install/human_hand_msgs/local/lib/python3.10/dist-packages:/home/duy/cocarry_ws/install/trajectory_predictor/lib/python3.10/site-packages:/home/duy/cocarry_ws/build/realsense_tracker:/home/duy/cocarry_ws/install/realsense_tracker/lib/python3.10/site-packages:/home/duy/cocarry_ws/install/predictor_ui/lib/python3.10/site-packages:/home/duy/cocarry_ws/install/motoros2_interfaces/local/lib/python3.10/dist-packages:/home/duy/cocarry_ws/install/industrial_msgs/local/lib/python3.10/dist-packages:/home/duy/cocarry_ws/build/experiment_logger:/home/duy/cocarry_ws/install/experiment_logger/lib/python3.10/site-packages:/home/duy/cocarry_ws/install/coord_transform/lib/python3.10/site-packages:/opt/ros/humble/lib/python3.10/site-packages:/opt/ros/humble/local/lib/python3.10/dist-packages /usr/bin/python3 -W ignore:setup.py install is deprecated -W ignore:easy_install command is deprecated setup.py develop --editable --build-directory /home/duy/cocarry_ws/build/coord_transform/build --no-deps symlink_data
