[0.015s] Invoking command in '/home/duy/cocarry_ws/build/kinect2_registration': CMAKE_PREFIX_PATH=/opt/ros/humble /usr/bin/cmake --build /home/duy/cocarry_ws/build/kinect2_registration -- -j16 -l16
[0.041s] -- Found ament_cmake: 1.3.14 (/opt/ros/humble/share/ament_cmake/cmake)
[0.206s] -- Override CMake install command with custom implementation using symlinks instead of copying resources
[0.215s] -- Found rclcpp: 16.0.19 (/opt/ros/humble/share/rclcpp/cmake)
[0.259s] -- Found rosidl_generator_c: 3.1.8 (/opt/ros/humble/share/rosidl_generator_c/cmake)
[0.265s] -- Found rosidl_adapter: 3.1.8 (/opt/ros/humble/share/rosidl_adapter/cmake)
[0.274s] -- Found rosidl_generator_cpp: 3.1.8 (/opt/ros/humble/share/rosidl_generator_cpp/cmake)
[0.289s] -- Using all available rosidl_typesupport_c: rosidl_typesupport_fastrtps_c;rosidl_typesupport_introspection_c
[0.306s] -- Using all available rosidl_typesupport_cpp: rosidl_typesupport_fastrtps_cpp;rosidl_typesupport_introspection_cpp
[0.345s] -- Found rmw_implementation_cmake: 6.1.2 (/opt/ros/humble/share/rmw_implementation_cmake/cmake)
[0.347s] -- Found rmw_fastrtps_cpp: 6.2.10 (/opt/ros/humble/share/rmw_fastrtps_cpp/cmake)
[0.502s] -- Using RMW implementation 'rmw_fastrtps_cpp' as default
[0.583s] -- Found eigen3_cmake_module: 0.1.1 (/opt/ros/humble/share/eigen3_cmake_module/cmake)
[0.589s] -- CPU based depth registration enabled
[0.591s] -- Found ament_lint_auto: 0.12.15 (/opt/ros/humble/share/ament_lint_auto/cmake)
[0.678s] -- Added test 'cppcheck' to perform static code analysis on C / C++ code
[0.679s] -- Configured cppcheck include dirs: /home/duy/cocarry_ws/src/kinect2_ros2/kinect2_registration/src/;/home/duy/cocarry_ws/src/kinect2_ros2/kinect2_registration/include/internal;/home/duy/cocarry_ws/src/kinect2_ros2/kinect2_registration/include/
[0.680s] -- Configured cppcheck exclude dirs and/or files: 
[0.681s] -- Added test 'lint_cmake' to check CMake code style
[0.683s] -- Added test 'uncrustify' to check C / C++ code style
[0.683s] -- Configured uncrustify additional arguments: 
[0.683s] -- Added test 'xmllint' to check XML markup files
[0.687s] -- Configuring done
[0.704s] -- Generating done
[0.710s] -- Build files have been written to: /home/duy/cocarry_ws/build/kinect2_registration
[0.750s] [35m[1mConsolidate compiler generated dependencies of target kinect2_registration[0m
[0.785s] [100%] Built target kinect2_registration
[0.816s] Invoked command in '/home/duy/cocarry_ws/build/kinect2_registration' returned '0': CMAKE_PREFIX_PATH=/opt/ros/humble /usr/bin/cmake --build /home/duy/cocarry_ws/build/kinect2_registration -- -j16 -l16
[0.817s] Invoking command in '/home/duy/cocarry_ws/build/kinect2_registration': CMAKE_PREFIX_PATH=/opt/ros/humble /usr/bin/cmake --install /home/duy/cocarry_ws/build/kinect2_registration
[0.823s] -- Install configuration: ""
[0.823s] -- Execute custom install script
[0.824s] -- Up-to-date symlink: /home/duy/cocarry_ws/install/kinect2_registration/include/kinect2_registration/kinect2_console.h
[0.824s] -- Up-to-date symlink: /home/duy/cocarry_ws/install/kinect2_registration/include/kinect2_registration/kinect2_registration.h
[0.824s] -- Up-to-date symlink: /home/duy/cocarry_ws/install/kinect2_registration/share/kinect2_registration/environment/library_path.sh
[0.824s] -- Up-to-date symlink: /home/duy/cocarry_ws/install/kinect2_registration/share/kinect2_registration/environment/library_path.dsv
[0.824s] -- Up-to-date symlink: /home/duy/cocarry_ws/install/kinect2_registration/share/ament_index/resource_index/package_run_dependencies/kinect2_registration
[0.824s] -- Up-to-date symlink: /home/duy/cocarry_ws/install/kinect2_registration/share/ament_index/resource_index/parent_prefix_path/kinect2_registration
[0.824s] -- Up-to-date symlink: /home/duy/cocarry_ws/install/kinect2_registration/share/kinect2_registration/environment/ament_prefix_path.sh
[0.824s] -- Up-to-date symlink: /home/duy/cocarry_ws/install/kinect2_registration/share/kinect2_registration/environment/ament_prefix_path.dsv
[0.824s] -- Up-to-date symlink: /home/duy/cocarry_ws/install/kinect2_registration/share/kinect2_registration/environment/path.sh
[0.824s] -- Up-to-date symlink: /home/duy/cocarry_ws/install/kinect2_registration/share/kinect2_registration/environment/path.dsv
[0.825s] -- Up-to-date symlink: /home/duy/cocarry_ws/install/kinect2_registration/share/kinect2_registration/local_setup.bash
[0.825s] -- Up-to-date symlink: /home/duy/cocarry_ws/install/kinect2_registration/share/kinect2_registration/local_setup.sh
[0.825s] -- Up-to-date symlink: /home/duy/cocarry_ws/install/kinect2_registration/share/kinect2_registration/local_setup.zsh
[0.825s] -- Up-to-date symlink: /home/duy/cocarry_ws/install/kinect2_registration/share/kinect2_registration/local_setup.dsv
[0.825s] -- Symlinking: /home/duy/cocarry_ws/install/kinect2_registration/share/kinect2_registration/package.dsv
[0.835s] -- Up-to-date symlink: /home/duy/cocarry_ws/install/kinect2_registration/share/ament_index/resource_index/packages/kinect2_registration
[0.836s] -- Up-to-date symlink: /home/duy/cocarry_ws/install/kinect2_registration/share/kinect2_registration/cmake/ament_cmake_export_include_directories-extras.cmake
[0.836s] -- Up-to-date symlink: /home/duy/cocarry_ws/install/kinect2_registration/share/kinect2_registration/cmake/ament_cmake_export_libraries-extras.cmake
[0.836s] -- Up-to-date symlink: /home/duy/cocarry_ws/install/kinect2_registration/share/kinect2_registration/cmake/kinect2_registrationConfig.cmake
[0.836s] -- Up-to-date symlink: /home/duy/cocarry_ws/install/kinect2_registration/share/kinect2_registration/cmake/kinect2_registrationConfig-version.cmake
[0.836s] -- Up-to-date symlink: /home/duy/cocarry_ws/install/kinect2_registration/share/kinect2_registration/package.xml
[0.836s] -- Up-to-date: /home/duy/cocarry_ws/install/kinect2_registration/lib/libkinect2_registration.a
[0.873s] Invoked command in '/home/duy/cocarry_ws/build/kinect2_registration' returned '0': CMAKE_PREFIX_PATH=/opt/ros/humble /usr/bin/cmake --install /home/duy/cocarry_ws/build/kinect2_registration
