[1.391s] Invoking command in '/home/hungnb/cocarry_ws/build/realsense_tracker': CMAKE_PREFIX_PATH=/home/hungnb/cocarry_ws/install/human_hand_msgs LD_LIBRARY_PATH=/home/hungnb/cocarry_ws/install/human_hand_msgs/lib:${LD_LIBRARY_PATH} PKG_CONFIG_PATH=/home/hungnb/cocarry_ws/install/human_hand_msgs/lib/x86_64-linux-gnu/pkgconfig:/home/hungnb/cocarry_ws/install/human_hand_msgs/lib/pkgconfig PYTHONPATH=/home/hungnb/cocarry_ws/build/realsense_tracker/prefix_override:/home/hungnb/.local/lib/python3.10/site-packages/colcon_core/task/python/colcon_distutils_commands:/home/hungnb/cocarry_ws/install/realsense_tracker/lib/python3.10/site-packages:/home/hungnb/cocarry_ws/install/human_hand_msgs/local/lib/python3.10/dist-packages:${PYTHONPATH} ROS_PACKAGE_PATH=/home/hungnb/cocarry_ws/install/human_hand_msgs/share /usr/bin/python3 -W ignore:setup.py install is deprecated -W ignore:easy_install command is deprecated setup.py develop --uninstall --editable --build-directory /home/hungnb/cocarry_ws/build/realsense_tracker/build
[1.635s] running develop
[1.753s] Removing /home/hungnb/cocarry_ws/install/realsense_tracker/lib/python3.10/site-packages/realsense-tracker.egg-link (link to .)
[1.794s] Invoked command in '/home/hungnb/cocarry_ws/build/realsense_tracker' returned '0': CMAKE_PREFIX_PATH=/home/hungnb/cocarry_ws/install/human_hand_msgs LD_LIBRARY_PATH=/home/hungnb/cocarry_ws/install/human_hand_msgs/lib:${LD_LIBRARY_PATH} PKG_CONFIG_PATH=/home/hungnb/cocarry_ws/install/human_hand_msgs/lib/x86_64-linux-gnu/pkgconfig:/home/hungnb/cocarry_ws/install/human_hand_msgs/lib/pkgconfig PYTHONPATH=/home/hungnb/cocarry_ws/build/realsense_tracker/prefix_override:/home/hungnb/.local/lib/python3.10/site-packages/colcon_core/task/python/colcon_distutils_commands:/home/hungnb/cocarry_ws/install/realsense_tracker/lib/python3.10/site-packages:/home/hungnb/cocarry_ws/install/human_hand_msgs/local/lib/python3.10/dist-packages:${PYTHONPATH} ROS_PACKAGE_PATH=/home/hungnb/cocarry_ws/install/human_hand_msgs/share /usr/bin/python3 -W ignore:setup.py install is deprecated -W ignore:easy_install command is deprecated setup.py develop --uninstall --editable --build-directory /home/hungnb/cocarry_ws/build/realsense_tracker/build
[1.796s] Invoking command in '/home/hungnb/cocarry_ws/src/realsense_tracker': CMAKE_PREFIX_PATH=/home/hungnb/cocarry_ws/install/human_hand_msgs LD_LIBRARY_PATH=/home/hungnb/cocarry_ws/install/human_hand_msgs/lib:${LD_LIBRARY_PATH} PKG_CONFIG_PATH=/home/hungnb/cocarry_ws/install/human_hand_msgs/lib/x86_64-linux-gnu/pkgconfig:/home/hungnb/cocarry_ws/install/human_hand_msgs/lib/pkgconfig PYTHONPATH=/home/hungnb/cocarry_ws/build/realsense_tracker/prefix_override:/home/hungnb/.local/lib/python3.10/site-packages/colcon_core/task/python/colcon_distutils_commands:/home/hungnb/cocarry_ws/install/realsense_tracker/lib/python3.10/site-packages:/home/hungnb/cocarry_ws/install/human_hand_msgs/local/lib/python3.10/dist-packages:${PYTHONPATH} ROS_PACKAGE_PATH=/home/hungnb/cocarry_ws/install/human_hand_msgs/share /usr/bin/python3 -W ignore:setup.py install is deprecated -W ignore:easy_install command is deprecated setup.py egg_info --egg-base ../../build/realsense_tracker build --build-base /home/hungnb/cocarry_ws/build/realsense_tracker/build install --record /home/hungnb/cocarry_ws/build/realsense_tracker/install.log --install-scripts $base/lib/realsense_tracker --single-version-externally-managed install_data --force
[1.985s] running egg_info
[1.986s] writing ../../build/realsense_tracker/realsense_tracker.egg-info/PKG-INFO
[1.986s] writing dependency_links to ../../build/realsense_tracker/realsense_tracker.egg-info/dependency_links.txt
[1.986s] writing entry points to ../../build/realsense_tracker/realsense_tracker.egg-info/entry_points.txt
[1.986s] writing requirements to ../../build/realsense_tracker/realsense_tracker.egg-info/requires.txt
[1.986s] writing top-level names to ../../build/realsense_tracker/realsense_tracker.egg-info/top_level.txt
[1.987s] reading manifest file '../../build/realsense_tracker/realsense_tracker.egg-info/SOURCES.txt'
[1.988s] writing manifest file '../../build/realsense_tracker/realsense_tracker.egg-info/SOURCES.txt'
[1.988s] running build
[1.988s] running build_py
[1.988s] creating /home/hungnb/cocarry_ws/build/realsense_tracker/build
[1.988s] creating /home/hungnb/cocarry_ws/build/realsense_tracker/build/lib
[1.988s] creating /home/hungnb/cocarry_ws/build/realsense_tracker/build/lib/realsense_tracker
[1.989s] copying realsense_tracker/__init__.py -> /home/hungnb/cocarry_ws/build/realsense_tracker/build/lib/realsense_tracker
[1.989s] copying realsense_tracker/realsense_node.py -> /home/hungnb/cocarry_ws/build/realsense_tracker/build/lib/realsense_tracker
[1.989s] running install
[1.989s] running install_lib
[1.989s] creating /home/hungnb/cocarry_ws/install/realsense_tracker/lib/python3.10/site-packages/realsense_tracker
[1.989s] copying /home/hungnb/cocarry_ws/build/realsense_tracker/build/lib/realsense_tracker/__init__.py -> /home/hungnb/cocarry_ws/install/realsense_tracker/lib/python3.10/site-packages/realsense_tracker
[1.989s] copying /home/hungnb/cocarry_ws/build/realsense_tracker/build/lib/realsense_tracker/realsense_node.py -> /home/hungnb/cocarry_ws/install/realsense_tracker/lib/python3.10/site-packages/realsense_tracker
[1.990s] byte-compiling /home/hungnb/cocarry_ws/install/realsense_tracker/lib/python3.10/site-packages/realsense_tracker/__init__.py to __init__.cpython-310.pyc
[1.990s] byte-compiling /home/hungnb/cocarry_ws/install/realsense_tracker/lib/python3.10/site-packages/realsense_tracker/realsense_node.py to realsense_node.cpython-310.pyc
[1.992s] running install_data
[1.992s] copying resource/realsense_tracker -> /home/hungnb/cocarry_ws/install/realsense_tracker/share/ament_index/resource_index/packages
[1.992s] copying package.xml -> /home/hungnb/cocarry_ws/install/realsense_tracker/share/realsense_tracker
[1.992s] copying models/pose_landmarker_full.task -> /home/hungnb/cocarry_ws/install/realsense_tracker/share/realsense_tracker/models
[2.007s] running install_egg_info
[2.009s] Copying ../../build/realsense_tracker/realsense_tracker.egg-info to /home/hungnb/cocarry_ws/install/realsense_tracker/lib/python3.10/site-packages/realsense_tracker-0.0.0-py3.10.egg-info
[2.010s] running install_scripts
[2.025s] Installing realsense_node script to /home/hungnb/cocarry_ws/install/realsense_tracker/lib/realsense_tracker
[2.025s] writing list of installed files to '/home/hungnb/cocarry_ws/build/realsense_tracker/install.log'
[2.048s] Invoked command in '/home/hungnb/cocarry_ws/src/realsense_tracker' returned '0': CMAKE_PREFIX_PATH=/home/hungnb/cocarry_ws/install/human_hand_msgs LD_LIBRARY_PATH=/home/hungnb/cocarry_ws/install/human_hand_msgs/lib:${LD_LIBRARY_PATH} PKG_CONFIG_PATH=/home/hungnb/cocarry_ws/install/human_hand_msgs/lib/x86_64-linux-gnu/pkgconfig:/home/hungnb/cocarry_ws/install/human_hand_msgs/lib/pkgconfig PYTHONPATH=/home/hungnb/cocarry_ws/build/realsense_tracker/prefix_override:/home/hungnb/.local/lib/python3.10/site-packages/colcon_core/task/python/colcon_distutils_commands:/home/hungnb/cocarry_ws/install/realsense_tracker/lib/python3.10/site-packages:/home/hungnb/cocarry_ws/install/human_hand_msgs/local/lib/python3.10/dist-packages:${PYTHONPATH} ROS_PACKAGE_PATH=/home/hungnb/cocarry_ws/install/human_hand_msgs/share /usr/bin/python3 -W ignore:setup.py install is deprecated -W ignore:easy_install command is deprecated setup.py egg_info --egg-base ../../build/realsense_tracker build --build-base /home/hungnb/cocarry_ws/build/realsense_tracker/build install --record /home/hungnb/cocarry_ws/build/realsense_tracker/install.log --install-scripts $base/lib/realsense_tracker --single-version-externally-managed install_data --force
