[0.597s] Invoking command in '/home/hungnb/cocarry_ws/build/motoman_mh110_support': AMENT_PREFIX_PATH=/home/hungnb/cocarry_ws/install/motoman_gp110_support:/home/hungnb/cocarry_ws/install/motoman_resources:${AMENT_PREFIX_PATH} CMAKE_PREFIX_PATH=/home/hungnb/cocarry_ws/install/motoman_gp110_support:/home/hungnb/cocarry_ws/install/motoman_resources:/opt/ros/humble /usr/bin/cmake --build /home/hungnb/cocarry_ws/build/motoman_mh110_support -- -j16 -l16
[0.776s] Invoked command in '/home/hungnb/cocarry_ws/build/motoman_mh110_support' returned '0': AMENT_PREFIX_PATH=/home/hungnb/cocarry_ws/install/motoman_gp110_support:/home/hungnb/cocarry_ws/install/motoman_resources:${AMENT_PREFIX_PATH} CMAKE_PREFIX_PATH=/home/hungnb/cocarry_ws/install/motoman_gp110_support:/home/hungnb/cocarry_ws/install/motoman_resources:/opt/ros/humble /usr/bin/cmake --build /home/hungnb/cocarry_ws/build/motoman_mh110_support -- -j16 -l16
[0.780s] Invoking command in '/home/hungnb/cocarry_ws/build/motoman_mh110_support': AMENT_PREFIX_PATH=/home/hungnb/cocarry_ws/install/motoman_gp110_support:/home/hungnb/cocarry_ws/install/motoman_resources:${AMENT_PREFIX_PATH} CMAKE_PREFIX_PATH=/home/hungnb/cocarry_ws/install/motoman_gp110_support:/home/hungnb/cocarry_ws/install/motoman_resources:/opt/ros/humble /usr/bin/cmake --install /home/hungnb/cocarry_ws/build/motoman_mh110_support
[0.784s] -- Install configuration: ""
[0.784s] -- Execute custom install script
[0.785s] -- Up-to-date symlink: /home/hungnb/cocarry_ws/install/motoman_mh110_support/share/ament_index/resource_index/package_run_dependencies/motoman_mh110_support
[0.785s] -- Up-to-date symlink: /home/hungnb/cocarry_ws/install/motoman_mh110_support/share/ament_index/resource_index/parent_prefix_path/motoman_mh110_support
[0.786s] -- Up-to-date symlink: /home/hungnb/cocarry_ws/install/motoman_mh110_support/share/motoman_mh110_support/environment/ament_prefix_path.sh
[0.786s] -- Up-to-date symlink: /home/hungnb/cocarry_ws/install/motoman_mh110_support/share/motoman_mh110_support/environment/ament_prefix_path.dsv
[0.786s] -- Up-to-date symlink: /home/hungnb/cocarry_ws/install/motoman_mh110_support/share/motoman_mh110_support/environment/path.sh
[0.787s] -- Up-to-date symlink: /home/hungnb/cocarry_ws/install/motoman_mh110_support/share/motoman_mh110_support/environment/path.dsv
[0.789s] -- Up-to-date symlink: /home/hungnb/cocarry_ws/install/motoman_mh110_support/share/motoman_mh110_support/local_setup.bash
[0.789s] -- Up-to-date symlink: /home/hungnb/cocarry_ws/install/motoman_mh110_support/share/motoman_mh110_support/local_setup.sh
[0.789s] -- Up-to-date symlink: /home/hungnb/cocarry_ws/install/motoman_mh110_support/share/motoman_mh110_support/local_setup.zsh
[0.789s] -- Up-to-date symlink: /home/hungnb/cocarry_ws/install/motoman_mh110_support/share/motoman_mh110_support/local_setup.dsv
[0.789s] -- Symlinking: /home/hungnb/cocarry_ws/install/motoman_mh110_support/share/motoman_mh110_support/package.dsv
[0.799s] -- Up-to-date symlink: /home/hungnb/cocarry_ws/install/motoman_mh110_support/share/ament_index/resource_index/packages/motoman_mh110_support
[0.799s] -- Up-to-date symlink: /home/hungnb/cocarry_ws/install/motoman_mh110_support/share/motoman_mh110_support/cmake/motoman_mh110_supportConfig.cmake
[0.799s] -- Up-to-date symlink: /home/hungnb/cocarry_ws/install/motoman_mh110_support/share/motoman_mh110_support/cmake/motoman_mh110_supportConfig-version.cmake
[0.799s] -- Up-to-date symlink: /home/hungnb/cocarry_ws/install/motoman_mh110_support/share/motoman_mh110_support/package.xml
[0.800s] -- Up-to-date symlink: /home/hungnb/cocarry_ws/install/motoman_mh110_support/share/motoman_mh110_support/config/opw_parameters_mh110.yaml
[0.800s] -- Up-to-date symlink: /home/hungnb/cocarry_ws/install/motoman_mh110_support/share/motoman_mh110_support/launch/view_mh110.launch.xml
[0.801s] -- Up-to-date symlink: /home/hungnb/cocarry_ws/install/motoman_mh110_support/share/motoman_mh110_support/urdf/mh110.xacro
[0.801s] -- Up-to-date symlink: /home/hungnb/cocarry_ws/install/motoman_mh110_support/share/motoman_mh110_support/urdf/mh110_macro.xacro
[0.825s] Invoked command in '/home/hungnb/cocarry_ws/build/motoman_mh110_support' returned '0': AMENT_PREFIX_PATH=/home/hungnb/cocarry_ws/install/motoman_gp110_support:/home/hungnb/cocarry_ws/install/motoman_resources:${AMENT_PREFIX_PATH} CMAKE_PREFIX_PATH=/home/hungnb/cocarry_ws/install/motoman_gp110_support:/home/hungnb/cocarry_ws/install/motoman_resources:/opt/ros/humble /usr/bin/cmake --install /home/hungnb/cocarry_ws/build/motoman_mh110_support
