[0.021s] Invoking command in '/home/duy/cocarry_ws/build/libfreenect2': /usr/bin/cmake --build /home/duy/cocarry_ws/build/libfreenect2 -- -j16 -l16
[0.080s] [  2%] [32mBuilding CXX object CMakeFiles/generate_resources_tool.dir/tools/generate_resources.cpp.o[0m
[1.480s] [  5%] [32m[1mLinking CXX executable bin/generate_resources_tool[0m
[1.672s] [  5%] Built target generate_resources_tool
[1.700s] [  7%] [34m[1mGenerating resources.inc.h[0m
[1.758s] [ 10%] [32mBuilding CXX object CMakeFiles/freenect2.dir/src/transfer_pool.cpp.o[0m
[1.758s] [ 15%] [32mBuilding CXX object CMakeFiles/freenect2.dir/src/allocator.cpp.o[0m
[1.758s] [ 15%] [32mBuilding CXX object CMakeFiles/freenect2.dir/src/usb_control.cpp.o[0m
[1.758s] [ 18%] [32mBuilding CXX object CMakeFiles/freenect2.dir/src/event_loop.cpp.o[0m
[1.770s] [ 21%] [32mBuilding CXX object CMakeFiles/freenect2.dir/src/rgb_packet_stream_parser.cpp.o[0m
[1.773s] [ 23%] [32mBuilding CXX object CMakeFiles/freenect2.dir/src/packet_pipeline.cpp.o[0m
[1.775s] [ 26%] [32mBuilding CXX object CMakeFiles/freenect2.dir/src/depth_packet_processor.cpp.o[0m
[1.778s] [ 28%] [32mBuilding CXX object CMakeFiles/freenect2.dir/src/registration.cpp.o[0m
[1.782s] [ 31%] [32mBuilding CXX object CMakeFiles/freenect2.dir/src/frame_listener_impl.cpp.o[0m
[1.783s] [ 34%] [32mBuilding CXX object CMakeFiles/freenect2.dir/src/command_transaction.cpp.o[0m
[1.787s] [ 36%] [32mBuilding CXX object CMakeFiles/freenect2.dir/src/resource.cpp.o[0m
[1.799s] [ 39%] [32mBuilding CXX object CMakeFiles/freenect2.dir/src/rgb_packet_processor.cpp.o[0m
[1.812s] [ 42%] [32mBuilding CXX object CMakeFiles/freenect2.dir/src/logging.cpp.o[0m
[1.822s] [ 44%] [32mBuilding CXX object CMakeFiles/freenect2.dir/src/depth_packet_stream_parser.cpp.o[0m
[1.826s] [ 47%] [32mBuilding CXX object CMakeFiles/freenect2.dir/src/libfreenect2.cpp.o[0m
[1.940s] [ 50%] [32mBuilding CXX object CMakeFiles/freenect2.dir/src/cpu_depth_packet_processor.cpp.o[0m
[4.087s] [ 52%] [32mBuilding CXX object CMakeFiles/freenect2.dir/src/tinythread/tinythread.cpp.o[0m
[4.243s] [ 55%] [32mBuilding CXX object CMakeFiles/freenect2.dir/src/vaapi_rgb_packet_processor.cpp.o[0m
[4.272s] [ 57%] [32mBuilding CXX object CMakeFiles/freenect2.dir/src/turbo_jpeg_rgb_packet_processor.cpp.o[0m
[4.400s] [ 60%] [32mBuilding CXX object CMakeFiles/freenect2.dir/src/flextGL.cpp.o[0m
[4.860s] [ 63%] [32mBuilding CXX object CMakeFiles/freenect2.dir/src/opengl_depth_packet_processor.cpp.o[0m
[5.516s] /home/duy/cocarry_ws/libfreenect2/src/cpu_depth_packet_processor.cpp: In member function ‘virtual void libfreenect2::CpuDepthPacketProcessor::loadP0TablesFromCommandResponse(unsigned char*, size_t)’:
[5.516s] /home/duy/cocarry_ws/libfreenect2/src/cpu_depth_packet_processor.cpp:844:53: warning: taking address of packed member of ‘libfreenect2::protocol::P0TablesResponse’ may result in an unaligned pointer value [-Waddress-of-packed-member]
[5.516s]   844 |     flipHorizontal(Mat<uint16_t>(424, 512, p0table->p0table0), impl_->p0_table0);
[5.516s]       |                                            ~~~~~~~~~^~~~~~~~
[5.517s] /home/duy/cocarry_ws/libfreenect2/src/cpu_depth_packet_processor.cpp:845:53: warning: taking address of packed member of ‘libfreenect2::protocol::P0TablesResponse’ may result in an unaligned pointer value [-Waddress-of-packed-member]
[5.517s]   845 |     flipHorizontal(Mat<uint16_t>(424, 512, p0table->p0table1), impl_->p0_table1);
[5.517s]       |                                            ~~~~~~~~~^~~~~~~~
[5.517s] /home/duy/cocarry_ws/libfreenect2/src/cpu_depth_packet_processor.cpp:846:53: warning: taking address of packed member of ‘libfreenect2::protocol::P0TablesResponse’ may result in an unaligned pointer value [-Waddress-of-packed-member]
[5.517s]   846 |     flipHorizontal(Mat<uint16_t>(424, 512, p0table->p0table2), impl_->p0_table2);
[5.517s]       |                                            ~~~~~~~~~^~~~~~~~
[5.518s] /home/duy/cocarry_ws/libfreenect2/src/cpu_depth_packet_processor.cpp:850:42: warning: taking address of packed member of ‘libfreenect2::protocol::P0TablesResponse’ may result in an unaligned pointer value [-Waddress-of-packed-member]
[5.518s]   850 |     Mat<uint16_t> p00(424, 512, p0table->p0table0);
[5.518s]       |                                 ~~~~~~~~~^~~~~~~~
[5.518s] /home/duy/cocarry_ws/libfreenect2/src/cpu_depth_packet_processor.cpp:852:38: warning: taking address of packed member of ‘libfreenect2::protocol::P0TablesResponse’ may result in an unaligned pointer value [-Waddress-of-packed-member]
[5.518s]   852 |     Mat<uint16_t>(424, 512, p0table->p0table1).copyTo(impl_->p0_table1);
[5.518s]       |                             ~~~~~~~~~^~~~~~~~
[5.519s] /home/duy/cocarry_ws/libfreenect2/src/cpu_depth_packet_processor.cpp:853:38: warning: taking address of packed member of ‘libfreenect2::protocol::P0TablesResponse’ may result in an unaligned pointer value [-Waddress-of-packed-member]
[5.519s]   853 |     Mat<uint16_t>(424, 512, p0table->p0table2).copyTo(impl_->p0_table2);
[5.519s]       |                             ~~~~~~~~~^~~~~~~~
[104.384s] [ 65%] [32m[1mLinking CXX shared library lib/libfreenect2.so[0m
[105.157s] [ 65%] Built target freenect2
[105.234s] [ 68%] [32mBuilding CXX object CMakeFiles/freenect2-openni2.dir/src/openni2/ColorStream.cpp.o[0m
[107.767s] [ 71%] [32mBuilding CXX object CMakeFiles/freenect2-openni2.dir/src/tinythread/tinythread.cpp.o[0m
[109.297s] [ 73%] [32mBuilding CXX object CMakeFiles/freenect2-openni2.dir/src/openni2/VideoStream.cpp.o[0m
[110.762s] [ 76%] [32mBuilding CXX object CMakeFiles/freenect2-openni2.dir/src/openni2/Utility.cpp.o[0m
[110.899s] [ 78%] [32mBuilding CXX object CMakeFiles/freenect2-openni2.dir/src/openni2/Registration.cpp.o[0m
[111.818s] [ 81%] [32mBuilding CXX object CMakeFiles/freenect2-openni2.dir/src/openni2/IrStream.cpp.o[0m
[112.845s] [ 84%] [32mBuilding CXX object CMakeFiles/freenect2-openni2.dir/src/openni2/DeviceDriver.cpp.o[0m
[114.839s] In file included from /usr/include/string.h:535,
[114.840s]                  from /usr/include/openni2/Linux-x86/OniPlatformLinux-x86.h:34,
[114.840s]                  from /usr/include/openni2/OniPlatform.h:42,
[114.840s]                  from /usr/include/openni2/Driver/OniDriverAPI.h:24,
[114.840s]                  from /home/duy/cocarry_ws/libfreenect2/src/openni2/DeviceDriver.cpp:35:
[114.840s] In function ‘char* strncpy(char*, const char*, size_t)’,
[114.840s]     inlined from ‘void Freenect2Driver::Driver::register_uri(std::string)’ at /home/duy/cocarry_ws/libfreenect2/src/openni2/DeviceDriver.cpp:404:14:
[114.841s] /usr/include/x86_64-linux-gnu/bits/string_fortified.h:95:34: warning: ‘char* __builtin_strncpy(char*, const char*, long unsigned int)’ specified bound 256 equals destination size [-Wstringop-truncation]
[114.841s]    95 |   return __builtin___strncpy_chk (__dest, __src, __len,
[114.841s]       |          ~~~~~~~~~~~~~~~~~~~~~~~~^~~~~~~~~~~~~~~~~~~~~~
[114.841s]    96 |                                   __glibc_objsize (__dest));
[114.841s]       |                                   ~~~~~~~~~~~~~~~~~~~~~~~~~
[115.888s] [ 86%] [32mBuilding CXX object CMakeFiles/freenect2-openni2.dir/src/openni2/DepthStream.cpp.o[0m
[117.094s] [ 89%] [32m[1mLinking CXX shared library lib/libfreenect2-openni2.so[0m
[117.294s] [ 89%] Built target freenect2-openni2
[117.324s] [ 92%] [32mBuilding CXX object examples/CMakeFiles/Protonect.dir/Protonect.cpp.o[0m
[117.896s] /home/duy/cocarry_ws/libfreenect2/examples/Protonect.cpp: In function ‘int main(int, char**)’:
[117.896s] /home/duy/cocarry_ws/libfreenect2/examples/Protonect.cpp:157:7: warning: variable ‘deviceId’ set but not used [-Wunused-but-set-variable]
[117.896s]   157 |   int deviceId = -1;
[117.897s]       |       ^~~~~~~~
[118.554s] [ 94%] [32mBuilding CXX object examples/CMakeFiles/Protonect.dir/__/src/flextGL.cpp.o[0m
[118.727s] [ 97%] [32mBuilding CXX object examples/CMakeFiles/Protonect.dir/viewer.cpp.o[0m
[120.108s] [100%] [32m[1mLinking CXX executable ../bin/Protonect[0m
[120.314s] [100%] Built target Protonect
[120.335s] Invoked command in '/home/duy/cocarry_ws/build/libfreenect2' returned '0': /usr/bin/cmake --build /home/duy/cocarry_ws/build/libfreenect2 -- -j16 -l16
[120.337s] Invoking command in '/home/duy/cocarry_ws/build/libfreenect2': /usr/bin/cmake --install /home/duy/cocarry_ws/build/libfreenect2
[120.348s] -- Install configuration: "RelWithDebInfo"
[120.348s] -- Installing: /home/duy/cocarry_ws/install/libfreenect2/lib/libfreenect2.so.0.2.0
[120.352s] -- Installing: /home/duy/cocarry_ws/install/libfreenect2/lib/libfreenect2.so.0.2
[120.352s] -- Installing: /home/duy/cocarry_ws/install/libfreenect2/lib/libfreenect2.so
[120.353s] -- Installing: /home/duy/cocarry_ws/install/libfreenect2/include/libfreenect2
[120.353s] -- Installing: /home/duy/cocarry_ws/install/libfreenect2/include/libfreenect2/registration.h
[120.353s] -- Installing: /home/duy/cocarry_ws/install/libfreenect2/include/libfreenect2/packet_pipeline.h
[120.353s] -- Installing: /home/duy/cocarry_ws/install/libfreenect2/include/libfreenect2/libfreenect2.hpp
[120.353s] -- Installing: /home/duy/cocarry_ws/install/libfreenect2/include/libfreenect2/frame_listener_impl.h
[120.353s] -- Installing: /home/duy/cocarry_ws/install/libfreenect2/include/libfreenect2/led_settings.h
[120.354s] -- Installing: /home/duy/cocarry_ws/install/libfreenect2/include/libfreenect2/frame_listener.hpp
[120.354s] -- Installing: /home/duy/cocarry_ws/install/libfreenect2/include/libfreenect2/logger.h
[120.354s] -- Installing: /home/duy/cocarry_ws/install/libfreenect2/include/libfreenect2/color_settings.h
[120.354s] -- Up-to-date: /home/duy/cocarry_ws/install/libfreenect2/include/libfreenect2
[120.354s] -- Installing: /home/duy/cocarry_ws/install/libfreenect2/include/libfreenect2/config.h
[120.355s] -- Installing: /home/duy/cocarry_ws/install/libfreenect2/include/libfreenect2/export.h
[120.355s] -- Installing: /home/duy/cocarry_ws/install/libfreenect2/lib/cmake/freenect2/freenect2Config.cmake
[120.355s] -- Installing: /home/duy/cocarry_ws/install/libfreenect2/lib/cmake/freenect2/freenect2ConfigVersion.cmake
[120.355s] -- Installing: /home/duy/cocarry_ws/install/libfreenect2/lib/pkgconfig/freenect2.pc
[120.355s] -- Installing: /home/duy/cocarry_ws/install/libfreenect2/lib/OpenNI2/Drivers/libfreenect2-openni2.so.0
[120.355s] -- Set runtime path of "/home/duy/cocarry_ws/install/libfreenect2/lib/OpenNI2/Drivers/libfreenect2-openni2.so.0" to "/home/duy/cocarry_ws/install/libfreenect2/lib"
[120.355s] -- Installing: /home/duy/cocarry_ws/install/libfreenect2/lib/OpenNI2/Drivers/libfreenect2-openni2.so
[120.359s] Invoked command in '/home/duy/cocarry_ws/build/libfreenect2' returned '0': /usr/bin/cmake --install /home/duy/cocarry_ws/build/libfreenect2
