[0.019s] Invoking command in '/home/hungnb/cocarry_ws/build/motoman_resources': CMAKE_PREFIX_PATH=/opt/ros/humble /usr/bin/cmake --build /home/hungnb/cocarry_ws/build/motoman_resources -- -j16 -l16
[0.057s] Invoked command in '/home/hungnb/cocarry_ws/build/motoman_resources' returned '0': CMAKE_PREFIX_PATH=/opt/ros/humble /usr/bin/cmake --build /home/hungnb/cocarry_ws/build/motoman_resources -- -j16 -l16
[0.065s] Invoking command in '/home/hungnb/cocarry_ws/build/motoman_resources': CMAKE_PREFIX_PATH=/opt/ros/humble /usr/bin/cmake --install /home/hungnb/cocarry_ws/build/motoman_resources
[0.071s] -- Install configuration: ""
[0.072s] -- Execute custom install script
[0.072s] -- Up-to-date symlink: /home/hungnb/cocarry_ws/install/motoman_resources/share/ament_index/resource_index/package_run_dependencies/motoman_resources
[0.072s] -- Up-to-date symlink: /home/hungnb/cocarry_ws/install/motoman_resources/share/ament_index/resource_index/parent_prefix_path/motoman_resources
[0.072s] -- Up-to-date symlink: /home/hungnb/cocarry_ws/install/motoman_resources/share/motoman_resources/environment/ament_prefix_path.sh
[0.073s] -- Up-to-date symlink: /home/hungnb/cocarry_ws/install/motoman_resources/share/motoman_resources/environment/ament_prefix_path.dsv
[0.073s] -- Up-to-date symlink: /home/hungnb/cocarry_ws/install/motoman_resources/share/motoman_resources/environment/path.sh
[0.073s] -- Up-to-date symlink: /home/hungnb/cocarry_ws/install/motoman_resources/share/motoman_resources/environment/path.dsv
[0.073s] -- Up-to-date symlink: /home/hungnb/cocarry_ws/install/motoman_resources/share/motoman_resources/local_setup.bash
[0.073s] -- Up-to-date symlink: /home/hungnb/cocarry_ws/install/motoman_resources/share/motoman_resources/local_setup.sh
[0.073s] -- Up-to-date symlink: /home/hungnb/cocarry_ws/install/motoman_resources/share/motoman_resources/local_setup.zsh
[0.073s] -- Up-to-date symlink: /home/hungnb/cocarry_ws/install/motoman_resources/share/motoman_resources/local_setup.dsv
[0.073s] -- Symlinking: /home/hungnb/cocarry_ws/install/motoman_resources/share/motoman_resources/package.dsv
[0.082s] -- Up-to-date symlink: /home/hungnb/cocarry_ws/install/motoman_resources/share/ament_index/resource_index/packages/motoman_resources
[0.083s] -- Up-to-date symlink: /home/hungnb/cocarry_ws/install/motoman_resources/share/motoman_resources/cmake/motoman_resourcesConfig.cmake
[0.083s] -- Up-to-date symlink: /home/hungnb/cocarry_ws/install/motoman_resources/share/motoman_resources/cmake/motoman_resourcesConfig-version.cmake
[0.083s] -- Up-to-date symlink: /home/hungnb/cocarry_ws/install/motoman_resources/share/motoman_resources/package.xml
[0.083s] -- Up-to-date symlink: /home/hungnb/cocarry_ws/install/motoman_resources/share/motoman_resources/rviz/view_robot.rviz
[0.083s] -- Up-to-date symlink: /home/hungnb/cocarry_ws/install/motoman_resources/share/motoman_resources/urdf/common_colors.xacro
[0.084s] -- Up-to-date symlink: /home/hungnb/cocarry_ws/install/motoman_resources/share/motoman_resources/urdf/common_materials.xacro
[0.088s] Invoked command in '/home/hungnb/cocarry_ws/build/motoman_resources' returned '0': CMAKE_PREFIX_PATH=/opt/ros/humble /usr/bin/cmake --install /home/hungnb/cocarry_ws/build/motoman_resources
