[1.004s] Invoking command in '/home/duy/cocarry_ws/build/trajectory_predictor': CMAKE_PREFIX_PATH=/home/duy/cocarry_ws/install/human_hand_msgs LD_LIBRARY_PATH=/home/duy/cocarry_ws/install/human_hand_msgs/lib PKG_CONFIG_PATH=/home/duy/cocarry_ws/install/human_hand_msgs/lib/x86_64-linux-gnu/pkgconfig:/home/duy/cocarry_ws/install/human_hand_msgs/lib/pkgconfig PYTHONPATH=/home/duy/cocarry_ws/build/trajectory_predictor/prefix_override:/usr/lib/python3/dist-packages/colcon_core/task/python/colcon_distutils_commands:/home/duy/cocarry_ws/install/trajectory_predictor/lib/python3.10/site-packages:/home/duy/cocarry_ws/install/human_hand_msgs/local/lib/python3.10/dist-packages ROS_PACKAGE_PATH=/home/duy/cocarry_ws/install/human_hand_msgs/share /usr/bin/python3 -W ignore:setup.py install is deprecated -W ignore:easy_install command is deprecated setup.py develop --editable --build-directory /home/duy/cocarry_ws/build/trajectory_predictor/build --no-deps symlink_data --force
[1.213s] running develop
[1.303s] running egg_info
[1.303s] writing trajectory_predictor.egg-info/PKG-INFO
[1.303s] writing dependency_links to trajectory_predictor.egg-info/dependency_links.txt
[1.303s] writing entry points to trajectory_predictor.egg-info/entry_points.txt
[1.303s] writing requirements to trajectory_predictor.egg-info/requires.txt
[1.304s] writing top-level names to trajectory_predictor.egg-info/top_level.txt
[1.305s] reading manifest file 'trajectory_predictor.egg-info/SOURCES.txt'
[1.306s] writing manifest file 'trajectory_predictor.egg-info/SOURCES.txt'
[1.307s] running build_ext
[1.307s] Creating /home/duy/cocarry_ws/install/trajectory_predictor/lib/python3.10/site-packages/trajectory-predictor.egg-link (link to .)
[1.307s] Installing predictor_node script to /home/duy/cocarry_ws/install/trajectory_predictor/lib/trajectory_predictor
[1.308s] 
[1.308s] Installed /home/duy/cocarry_ws/build/trajectory_predictor
[1.308s] running symlink_data
[1.308s] symbolically linking /home/duy/cocarry_ws/build/trajectory_predictor/resource/trajectory_predictor -> /home/duy/cocarry_ws/install/trajectory_predictor/share/ament_index/resource_index/packages
[1.308s] symbolically linking /home/duy/cocarry_ws/build/trajectory_predictor/package.xml -> /home/duy/cocarry_ws/install/trajectory_predictor/share/trajectory_predictor
[1.308s] symbolically linking /home/duy/cocarry_ws/build/trajectory_predictor/config/predictor_params.yaml -> /home/duy/cocarry_ws/install/trajectory_predictor/share/trajectory_predictor/config
[1.334s] Invoked command in '/home/duy/cocarry_ws/build/trajectory_predictor' returned '0': CMAKE_PREFIX_PATH=/home/duy/cocarry_ws/install/human_hand_msgs LD_LIBRARY_PATH=/home/duy/cocarry_ws/install/human_hand_msgs/lib PKG_CONFIG_PATH=/home/duy/cocarry_ws/install/human_hand_msgs/lib/x86_64-linux-gnu/pkgconfig:/home/duy/cocarry_ws/install/human_hand_msgs/lib/pkgconfig PYTHONPATH=/home/duy/cocarry_ws/build/trajectory_predictor/prefix_override:/usr/lib/python3/dist-packages/colcon_core/task/python/colcon_distutils_commands:/home/duy/cocarry_ws/install/trajectory_predictor/lib/python3.10/site-packages:/home/duy/cocarry_ws/install/human_hand_msgs/local/lib/python3.10/dist-packages ROS_PACKAGE_PATH=/home/duy/cocarry_ws/install/human_hand_msgs/share /usr/bin/python3 -W ignore:setup.py install is deprecated -W ignore:easy_install command is deprecated setup.py develop --editable --build-directory /home/duy/cocarry_ws/build/trajectory_predictor/build --no-deps symlink_data --force
