[0.086s] Invoking command in '/home/hungnb/cocarry_ws/build/hc10dtp_bringup': AMENT_PREFIX_PATH=/home/hungnb/cocarry_ws/install/hc10dtp_moveit_config:/home/hungnb/cocarry_ws/install/motoman_hc10dtp_support:/home/hungnb/cocarry_ws/install/motoman_hc10_support:/home/hungnb/cocarry_ws/install/motoman_resources:${AMENT_PREFIX_PATH} CMAKE_PREFIX_PATH=/home/hungnb/cocarry_ws/install/hc10dtp_moveit_config:/home/hungnb/cocarry_ws/install/motoman_hc10dtp_support:/home/hungnb/cocarry_ws/install/motoman_hc10_support:/home/hungnb/cocarry_ws/install/motoman_resources:/opt/ros/humble /usr/bin/cmake /home/hungnb/cocarry_ws/src/hc10dtp_bringup -DCMAKE_INSTALL_PREFIX=/home/hungnb/cocarry_ws/install/hc10dtp_bringup
[0.097s] -- Found ament_cmake: 1.3.14 (/opt/ros/humble/share/ament_cmake/cmake)
[0.187s] -- Override CMake install command with custom implementation using symlinks instead of copying resources
[0.245s] -- Configuring done
[0.249s] -- Generating done
[0.251s] -- Build files have been written to: /home/hungnb/cocarry_ws/build/hc10dtp_bringup
[0.543s] Invoked command in '/home/hungnb/cocarry_ws/build/hc10dtp_bringup' returned '0': AMENT_PREFIX_PATH=/home/hungnb/cocarry_ws/install/hc10dtp_moveit_config:/home/hungnb/cocarry_ws/install/motoman_hc10dtp_support:/home/hungnb/cocarry_ws/install/motoman_hc10_support:/home/hungnb/cocarry_ws/install/motoman_resources:${AMENT_PREFIX_PATH} CMAKE_PREFIX_PATH=/home/hungnb/cocarry_ws/install/hc10dtp_moveit_config:/home/hungnb/cocarry_ws/install/motoman_hc10dtp_support:/home/hungnb/cocarry_ws/install/motoman_hc10_support:/home/hungnb/cocarry_ws/install/motoman_resources:/opt/ros/humble /usr/bin/cmake /home/hungnb/cocarry_ws/src/hc10dtp_bringup -DCMAKE_INSTALL_PREFIX=/home/hungnb/cocarry_ws/install/hc10dtp_bringup
[0.544s] Invoking command in '/home/hungnb/cocarry_ws/build/hc10dtp_bringup': AMENT_PREFIX_PATH=/home/hungnb/cocarry_ws/install/hc10dtp_moveit_config:/home/hungnb/cocarry_ws/install/motoman_hc10dtp_support:/home/hungnb/cocarry_ws/install/motoman_hc10_support:/home/hungnb/cocarry_ws/install/motoman_resources:${AMENT_PREFIX_PATH} CMAKE_PREFIX_PATH=/home/hungnb/cocarry_ws/install/hc10dtp_moveit_config:/home/hungnb/cocarry_ws/install/motoman_hc10dtp_support:/home/hungnb/cocarry_ws/install/motoman_hc10_support:/home/hungnb/cocarry_ws/install/motoman_resources:/opt/ros/humble /usr/bin/cmake --build /home/hungnb/cocarry_ws/build/hc10dtp_bringup -- -j16 -l16
[1.333s] Invoked command in '/home/hungnb/cocarry_ws/build/hc10dtp_bringup' returned '0': AMENT_PREFIX_PATH=/home/hungnb/cocarry_ws/install/hc10dtp_moveit_config:/home/hungnb/cocarry_ws/install/motoman_hc10dtp_support:/home/hungnb/cocarry_ws/install/motoman_hc10_support:/home/hungnb/cocarry_ws/install/motoman_resources:${AMENT_PREFIX_PATH} CMAKE_PREFIX_PATH=/home/hungnb/cocarry_ws/install/hc10dtp_moveit_config:/home/hungnb/cocarry_ws/install/motoman_hc10dtp_support:/home/hungnb/cocarry_ws/install/motoman_hc10_support:/home/hungnb/cocarry_ws/install/motoman_resources:/opt/ros/humble /usr/bin/cmake --build /home/hungnb/cocarry_ws/build/hc10dtp_bringup -- -j16 -l16
[1.335s] Invoking command in '/home/hungnb/cocarry_ws/build/hc10dtp_bringup': AMENT_PREFIX_PATH=/home/hungnb/cocarry_ws/install/hc10dtp_moveit_config:/home/hungnb/cocarry_ws/install/motoman_hc10dtp_support:/home/hungnb/cocarry_ws/install/motoman_hc10_support:/home/hungnb/cocarry_ws/install/motoman_resources:${AMENT_PREFIX_PATH} CMAKE_PREFIX_PATH=/home/hungnb/cocarry_ws/install/hc10dtp_moveit_config:/home/hungnb/cocarry_ws/install/motoman_hc10dtp_support:/home/hungnb/cocarry_ws/install/motoman_hc10_support:/home/hungnb/cocarry_ws/install/motoman_resources:/opt/ros/humble /usr/bin/cmake --install /home/hungnb/cocarry_ws/build/hc10dtp_bringup
[1.560s] -- Install configuration: ""
[1.560s] -- Execute custom install script
[1.560s] -- Up-to-date symlink: /home/hungnb/cocarry_ws/install/hc10dtp_bringup/lib/hc10dtp_bringup/cartesian_streamer_hc10dtp.py
[1.560s] -- Up-to-date symlink: /home/hungnb/cocarry_ws/install/hc10dtp_bringup/lib/hc10dtp_bringup/restamp_joint_states.py
[1.560s] -- Up-to-date symlink: /home/hungnb/cocarry_ws/install/hc10dtp_bringup/lib/hc10dtp_bringup/go_home.py
[1.560s] -- Up-to-date symlink: /home/hungnb/cocarry_ws/install/hc10dtp_bringup/lib/hc10dtp_bringup/capture_home.py
[1.560s] -- Up-to-date symlink: /home/hungnb/cocarry_ws/install/hc10dtp_bringup/lib/hc10dtp_bringup/test_queue_diagnostic.py
[1.560s] -- Up-to-date symlink: /home/hungnb/cocarry_ws/install/hc10dtp_bringup/lib/hc10dtp_bringup/ee_tracker_node.py
[1.560s] -- Up-to-date symlink: /home/hungnb/cocarry_ws/install/hc10dtp_bringup/lib/hc10dtp_bringup/local_ik_solver.py
[1.560s] -- Up-to-date symlink: /home/hungnb/cocarry_ws/install/hc10dtp_bringup/share/ament_index/resource_index/package_run_dependencies/hc10dtp_bringup
[1.560s] -- Up-to-date symlink: /home/hungnb/cocarry_ws/install/hc10dtp_bringup/share/ament_index/resource_index/parent_prefix_path/hc10dtp_bringup
[1.560s] -- Up-to-date symlink: /home/hungnb/cocarry_ws/install/hc10dtp_bringup/share/hc10dtp_bringup/environment/ament_prefix_path.sh
[1.560s] -- Up-to-date symlink: /home/hungnb/cocarry_ws/install/hc10dtp_bringup/share/hc10dtp_bringup/environment/ament_prefix_path.dsv
[1.560s] -- Up-to-date symlink: /home/hungnb/cocarry_ws/install/hc10dtp_bringup/share/hc10dtp_bringup/environment/path.sh
[1.560s] -- Up-to-date symlink: /home/hungnb/cocarry_ws/install/hc10dtp_bringup/share/hc10dtp_bringup/environment/path.dsv
[1.561s] -- Up-to-date symlink: /home/hungnb/cocarry_ws/install/hc10dtp_bringup/share/hc10dtp_bringup/local_setup.bash
[1.561s] -- Up-to-date symlink: /home/hungnb/cocarry_ws/install/hc10dtp_bringup/share/hc10dtp_bringup/local_setup.sh
[1.561s] -- Up-to-date symlink: /home/hungnb/cocarry_ws/install/hc10dtp_bringup/share/hc10dtp_bringup/local_setup.zsh
[1.561s] -- Up-to-date symlink: /home/hungnb/cocarry_ws/install/hc10dtp_bringup/share/hc10dtp_bringup/local_setup.dsv
[1.561s] -- Symlinking: /home/hungnb/cocarry_ws/install/hc10dtp_bringup/share/hc10dtp_bringup/package.dsv
[1.561s] -- Up-to-date symlink: /home/hungnb/cocarry_ws/install/hc10dtp_bringup/share/ament_index/resource_index/packages/hc10dtp_bringup
[1.561s] -- Up-to-date symlink: /home/hungnb/cocarry_ws/install/hc10dtp_bringup/share/hc10dtp_bringup/cmake/hc10dtp_bringupConfig.cmake
[1.561s] -- Up-to-date symlink: /home/hungnb/cocarry_ws/install/hc10dtp_bringup/share/hc10dtp_bringup/cmake/hc10dtp_bringupConfig-version.cmake
[1.561s] -- Up-to-date symlink: /home/hungnb/cocarry_ws/install/hc10dtp_bringup/share/hc10dtp_bringup/package.xml
[1.597s] Invoked command in '/home/hungnb/cocarry_ws/build/hc10dtp_bringup' returned '0': AMENT_PREFIX_PATH=/home/hungnb/cocarry_ws/install/hc10dtp_moveit_config:/home/hungnb/cocarry_ws/install/motoman_hc10dtp_support:/home/hungnb/cocarry_ws/install/motoman_hc10_support:/home/hungnb/cocarry_ws/install/motoman_resources:${AMENT_PREFIX_PATH} CMAKE_PREFIX_PATH=/home/hungnb/cocarry_ws/install/hc10dtp_moveit_config:/home/hungnb/cocarry_ws/install/motoman_hc10dtp_support:/home/hungnb/cocarry_ws/install/motoman_hc10_support:/home/hungnb/cocarry_ws/install/motoman_resources:/opt/ros/humble /usr/bin/cmake --install /home/hungnb/cocarry_ws/build/hc10dtp_bringup
