[1.506s] Invoking command in '/home/hungnb/cocarry_ws/build/experiment_logger': CMAKE_PREFIX_PATH=/home/hungnb/cocarry_ws/install/human_hand_msgs LD_LIBRARY_PATH=/home/hungnb/cocarry_ws/install/human_hand_msgs/lib:${LD_LIBRARY_PATH} PKG_CONFIG_PATH=/home/hungnb/cocarry_ws/install/human_hand_msgs/lib/x86_64-linux-gnu/pkgconfig:/home/hungnb/cocarry_ws/install/human_hand_msgs/lib/pkgconfig PYTHONPATH=/home/hungnb/cocarry_ws/build/experiment_logger/prefix_override:/home/hungnb/.local/lib/python3.10/site-packages/colcon_core/task/python/colcon_distutils_commands:/home/hungnb/cocarry_ws/install/experiment_logger/lib/python3.10/site-packages:/home/hungnb/cocarry_ws/install/human_hand_msgs/local/lib/python3.10/dist-packages:${PYTHONPATH} ROS_PACKAGE_PATH=/home/hungnb/cocarry_ws/install/human_hand_msgs/share /usr/bin/python3 -W ignore:setup.py install is deprecated -W ignore:easy_install command is deprecated setup.py develop --uninstall --editable --build-directory /home/hungnb/cocarry_ws/build/experiment_logger/build
[1.692s] running develop
[1.804s] Removing /home/hungnb/cocarry_ws/install/experiment_logger/lib/python3.10/site-packages/experiment-logger.egg-link (link to .)
[1.864s] Invoked command in '/home/hungnb/cocarry_ws/build/experiment_logger' returned '0': CMAKE_PREFIX_PATH=/home/hungnb/cocarry_ws/install/human_hand_msgs LD_LIBRARY_PATH=/home/hungnb/cocarry_ws/install/human_hand_msgs/lib:${LD_LIBRARY_PATH} PKG_CONFIG_PATH=/home/hungnb/cocarry_ws/install/human_hand_msgs/lib/x86_64-linux-gnu/pkgconfig:/home/hungnb/cocarry_ws/install/human_hand_msgs/lib/pkgconfig PYTHONPATH=/home/hungnb/cocarry_ws/build/experiment_logger/prefix_override:/home/hungnb/.local/lib/python3.10/site-packages/colcon_core/task/python/colcon_distutils_commands:/home/hungnb/cocarry_ws/install/experiment_logger/lib/python3.10/site-packages:/home/hungnb/cocarry_ws/install/human_hand_msgs/local/lib/python3.10/dist-packages:${PYTHONPATH} ROS_PACKAGE_PATH=/home/hungnb/cocarry_ws/install/human_hand_msgs/share /usr/bin/python3 -W ignore:setup.py install is deprecated -W ignore:easy_install command is deprecated setup.py develop --uninstall --editable --build-directory /home/hungnb/cocarry_ws/build/experiment_logger/build
[1.865s] Invoking command in '/home/hungnb/cocarry_ws/src/experiment_logger': CMAKE_PREFIX_PATH=/home/hungnb/cocarry_ws/install/human_hand_msgs LD_LIBRARY_PATH=/home/hungnb/cocarry_ws/install/human_hand_msgs/lib:${LD_LIBRARY_PATH} PKG_CONFIG_PATH=/home/hungnb/cocarry_ws/install/human_hand_msgs/lib/x86_64-linux-gnu/pkgconfig:/home/hungnb/cocarry_ws/install/human_hand_msgs/lib/pkgconfig PYTHONPATH=/home/hungnb/cocarry_ws/build/experiment_logger/prefix_override:/home/hungnb/.local/lib/python3.10/site-packages/colcon_core/task/python/colcon_distutils_commands:/home/hungnb/cocarry_ws/install/experiment_logger/lib/python3.10/site-packages:/home/hungnb/cocarry_ws/install/human_hand_msgs/local/lib/python3.10/dist-packages:${PYTHONPATH} ROS_PACKAGE_PATH=/home/hungnb/cocarry_ws/install/human_hand_msgs/share /usr/bin/python3 -W ignore:setup.py install is deprecated -W ignore:easy_install command is deprecated setup.py egg_info --egg-base ../../build/experiment_logger build --build-base /home/hungnb/cocarry_ws/build/experiment_logger/build install --record /home/hungnb/cocarry_ws/build/experiment_logger/install.log --install-scripts $base/lib/experiment_logger --single-version-externally-managed install_data --force
[2.032s] running egg_info
[2.033s] writing ../../build/experiment_logger/experiment_logger.egg-info/PKG-INFO
[2.033s] writing dependency_links to ../../build/experiment_logger/experiment_logger.egg-info/dependency_links.txt
[2.033s] writing entry points to ../../build/experiment_logger/experiment_logger.egg-info/entry_points.txt
[2.033s] writing requirements to ../../build/experiment_logger/experiment_logger.egg-info/requires.txt
[2.033s] writing top-level names to ../../build/experiment_logger/experiment_logger.egg-info/top_level.txt
[2.035s] reading manifest file '../../build/experiment_logger/experiment_logger.egg-info/SOURCES.txt'
[2.036s] writing manifest file '../../build/experiment_logger/experiment_logger.egg-info/SOURCES.txt'
[2.036s] running build
[2.036s] running build_py
[2.036s] copying experiment_logger/logger_node.py -> /home/hungnb/cocarry_ws/build/experiment_logger/build/lib/experiment_logger
[2.036s] running install
[2.036s] running install_lib
[2.037s] creating /home/hungnb/cocarry_ws/install/experiment_logger/lib/python3.10/site-packages/experiment_logger
[2.037s] copying /home/hungnb/cocarry_ws/build/experiment_logger/build/lib/experiment_logger/__init__.py -> /home/hungnb/cocarry_ws/install/experiment_logger/lib/python3.10/site-packages/experiment_logger
[2.037s] copying /home/hungnb/cocarry_ws/build/experiment_logger/build/lib/experiment_logger/logger_node.py -> /home/hungnb/cocarry_ws/install/experiment_logger/lib/python3.10/site-packages/experiment_logger
[2.037s] copying /home/hungnb/cocarry_ws/build/experiment_logger/build/lib/experiment_logger/analyze_latency.py -> /home/hungnb/cocarry_ws/install/experiment_logger/lib/python3.10/site-packages/experiment_logger
[2.038s] byte-compiling /home/hungnb/cocarry_ws/install/experiment_logger/lib/python3.10/site-packages/experiment_logger/__init__.py to __init__.cpython-310.pyc
[2.038s] byte-compiling /home/hungnb/cocarry_ws/install/experiment_logger/lib/python3.10/site-packages/experiment_logger/logger_node.py to logger_node.cpython-310.pyc
[2.041s] byte-compiling /home/hungnb/cocarry_ws/install/experiment_logger/lib/python3.10/site-packages/experiment_logger/analyze_latency.py to analyze_latency.cpython-310.pyc
[2.044s] running install_data
[2.044s] copying resource/experiment_logger -> /home/hungnb/cocarry_ws/install/experiment_logger/share/ament_index/resource_index/packages
[2.044s] copying package.xml -> /home/hungnb/cocarry_ws/install/experiment_logger/share/experiment_logger
[2.044s] running install_egg_info
[2.046s] Copying ../../build/experiment_logger/experiment_logger.egg-info to /home/hungnb/cocarry_ws/install/experiment_logger/lib/python3.10/site-packages/experiment_logger-0.1.0-py3.10.egg-info
[2.069s] running install_scripts
[2.089s] Installing analyze_latency script to /home/hungnb/cocarry_ws/install/experiment_logger/lib/experiment_logger
[2.089s] Installing logger_node script to /home/hungnb/cocarry_ws/install/experiment_logger/lib/experiment_logger
[2.089s] writing list of installed files to '/home/hungnb/cocarry_ws/build/experiment_logger/install.log'
[2.127s] Invoked command in '/home/hungnb/cocarry_ws/src/experiment_logger' returned '0': CMAKE_PREFIX_PATH=/home/hungnb/cocarry_ws/install/human_hand_msgs LD_LIBRARY_PATH=/home/hungnb/cocarry_ws/install/human_hand_msgs/lib:${LD_LIBRARY_PATH} PKG_CONFIG_PATH=/home/hungnb/cocarry_ws/install/human_hand_msgs/lib/x86_64-linux-gnu/pkgconfig:/home/hungnb/cocarry_ws/install/human_hand_msgs/lib/pkgconfig PYTHONPATH=/home/hungnb/cocarry_ws/build/experiment_logger/prefix_override:/home/hungnb/.local/lib/python3.10/site-packages/colcon_core/task/python/colcon_distutils_commands:/home/hungnb/cocarry_ws/install/experiment_logger/lib/python3.10/site-packages:/home/hungnb/cocarry_ws/install/human_hand_msgs/local/lib/python3.10/dist-packages:${PYTHONPATH} ROS_PACKAGE_PATH=/home/hungnb/cocarry_ws/install/human_hand_msgs/share /usr/bin/python3 -W ignore:setup.py install is deprecated -W ignore:easy_install command is deprecated setup.py egg_info --egg-base ../../build/experiment_logger build --build-base /home/hungnb/cocarry_ws/build/experiment_logger/build install --record /home/hungnb/cocarry_ws/build/experiment_logger/install.log --install-scripts $base/lib/experiment_logger --single-version-externally-managed install_data --force
