-- Found ament_cmake: 1.3.14 (/opt/ros/humble/share/ament_cmake/cmake)
-- Found rclcpp: 16.0.19 (/opt/ros/humble/share/rclcpp/cmake)
-- Found rosidl_generator_c: 3.1.9 (/opt/ros/humble/share/rosidl_generator_c/cmake)
-- Found rosidl_adapter: 3.1.9 (/opt/ros/humble/share/rosidl_adapter/cmake)
-- Found rosidl_generator_cpp: 3.1.9 (/opt/ros/humble/share/rosidl_generator_cpp/cmake)
-- Using all available rosidl_typesupport_c: rosidl_typesupport_fastrtps_c;rosidl_typesupport_introspection_c
-- Using all available rosidl_typesupport_cpp: rosidl_typesupport_fastrtps_cpp;rosidl_typesupport_introspection_cpp
-- Found rmw_implementation_cmake: 6.1.2 (/opt/ros/humble/share/rmw_implementation_cmake/cmake)
-- Found rmw_fastrtps_cpp: 6.2.10 (/opt/ros/humble/share/rmw_fastrtps_cpp/cmake)
-- Using RMW implementation 'rmw_fastrtps_cpp' as default
-- Found cv_bridge: 3.2.1 (/opt/ros/humble/share/cv_bridge/cmake)
-- Found message_filters: 4.3.18 (/opt/ros/humble/share/message_filters/cmake)
-- Found image_transport: 3.1.13 (/opt/ros/humble/share/image_transport/cmake)
-- Found compressed_image_transport: 2.5.5 (/opt/ros/humble/share/compressed_image_transport/cmake)
-- Found compressed_depth_image_transport: 2.5.5 (/opt/ros/humble/share/compressed_depth_image_transport/cmake)
-- Found kinect2_bridge: 0.0.0 (/home/hungnb/cocarry_ws/install/kinect2_bridge/share/kinect2_bridge/cmake)
-- Found kinect2_registration: 0.0.0 (/home/hungnb/cocarry_ws/install/kinect2_registration/share/kinect2_registration/cmake)
-- Found OpenMP_C: -fopenmp (found version "4.5") 
-- Found OpenMP_CXX: -fopenmp (found version "4.5") 
-- Found OpenMP: TRUE (found version "4.5")  
-- Found ament_lint_auto: 0.12.15 (/opt/ros/humble/share/ament_lint_auto/cmake)
-- Added test 'cppcheck' to perform static code analysis on C / C++ code
-- Configured cppcheck include dirs: /home/hungnb/cocarry_ws/src/kinect2_ros2/kinect2_calibration/include
-- Configured cppcheck exclude dirs and/or files: 
-- Added test 'flake8' to check Python code syntax and style conventions
-- Added test 'lint_cmake' to check CMake code style
-- Added test 'pep257' to check Python code against some of the docstring style conventions in PEP 257
-- Added test 'uncrustify' to check C / C++ code style
-- Configured uncrustify additional arguments: 
-- Added test 'xmllint' to check XML markup files
-- Configuring done
-- Generating done
-- Build files have been written to: /home/hungnb/cocarry_ws/build/kinect2_calibration
[ 50%] [32mBuilding CXX object CMakeFiles/kinect2_calibration_node.dir/src/kinect2_calibration.cpp.o[0m
[100%] [32m[1mLinking CXX executable kinect2_calibration_node[0m
[100%] Built target kinect2_calibration_node
-- Install configuration: ""
-- Installing: /home/hungnb/cocarry_ws/install/kinect2_calibration/lib/kinect2_calibration/kinect2_calibration_node
-- Set runtime path of "/home/hungnb/cocarry_ws/install/kinect2_calibration/lib/kinect2_calibration/kinect2_calibration_node" to ""
-- Installing: /home/hungnb/cocarry_ws/install/kinect2_calibration/share/ament_index/resource_index/package_run_dependencies/kinect2_calibration
-- Installing: /home/hungnb/cocarry_ws/install/kinect2_calibration/share/ament_index/resource_index/parent_prefix_path/kinect2_calibration
-- Installing: /home/hungnb/cocarry_ws/install/kinect2_calibration/share/kinect2_calibration/environment/ament_prefix_path.sh
-- Installing: /home/hungnb/cocarry_ws/install/kinect2_calibration/share/kinect2_calibration/environment/ament_prefix_path.dsv
-- Installing: /home/hungnb/cocarry_ws/install/kinect2_calibration/share/kinect2_calibration/environment/path.sh
-- Installing: /home/hungnb/cocarry_ws/install/kinect2_calibration/share/kinect2_calibration/environment/path.dsv
-- Installing: /home/hungnb/cocarry_ws/install/kinect2_calibration/share/kinect2_calibration/local_setup.bash
-- Installing: /home/hungnb/cocarry_ws/install/kinect2_calibration/share/kinect2_calibration/local_setup.sh
-- Installing: /home/hungnb/cocarry_ws/install/kinect2_calibration/share/kinect2_calibration/local_setup.zsh
-- Installing: /home/hungnb/cocarry_ws/install/kinect2_calibration/share/kinect2_calibration/local_setup.dsv
-- Installing: /home/hungnb/cocarry_ws/install/kinect2_calibration/share/kinect2_calibration/package.dsv
-- Installing: /home/hungnb/cocarry_ws/install/kinect2_calibration/share/ament_index/resource_index/packages/kinect2_calibration
-- Installing: /home/hungnb/cocarry_ws/install/kinect2_calibration/share/kinect2_calibration/cmake/kinect2_calibrationConfig.cmake
-- Installing: /home/hungnb/cocarry_ws/install/kinect2_calibration/share/kinect2_calibration/cmake/kinect2_calibrationConfig-version.cmake
-- Installing: /home/hungnb/cocarry_ws/install/kinect2_calibration/share/kinect2_calibration/package.xml
