-- Install configuration: ""
-- Execute custom install script
-- Up-to-date symlink: /home/hungnb/cocarry_ws/install/motoman_gp20hl_support/share/ament_index/resource_index/package_run_dependencies/motoman_gp20hl_support
-- Up-to-date symlink: /home/hungnb/cocarry_ws/install/motoman_gp20hl_support/share/ament_index/resource_index/parent_prefix_path/motoman_gp20hl_support
-- Up-to-date symlink: /home/hungnb/cocarry_ws/install/motoman_gp20hl_support/share/motoman_gp20hl_support/environment/ament_prefix_path.sh
-- Up-to-date symlink: /home/hungnb/cocarry_ws/install/motoman_gp20hl_support/share/motoman_gp20hl_support/environment/ament_prefix_path.dsv
-- Up-to-date symlink: /home/hungnb/cocarry_ws/install/motoman_gp20hl_support/share/motoman_gp20hl_support/environment/path.sh
-- Up-to-date symlink: /home/hungnb/cocarry_ws/install/motoman_gp20hl_support/share/motoman_gp20hl_support/environment/path.dsv
-- Up-to-date symlink: /home/hungnb/cocarry_ws/install/motoman_gp20hl_support/share/motoman_gp20hl_support/local_setup.bash
-- Up-to-date symlink: /home/hungnb/cocarry_ws/install/motoman_gp20hl_support/share/motoman_gp20hl_support/local_setup.sh
-- Up-to-date symlink: /home/hungnb/cocarry_ws/install/motoman_gp20hl_support/share/motoman_gp20hl_support/local_setup.zsh
-- Up-to-date symlink: /home/hungnb/cocarry_ws/install/motoman_gp20hl_support/share/motoman_gp20hl_support/local_setup.dsv
-- Symlinking: /home/hungnb/cocarry_ws/install/motoman_gp20hl_support/share/motoman_gp20hl_support/package.dsv
-- Up-to-date symlink: /home/hungnb/cocarry_ws/install/motoman_gp20hl_support/share/ament_index/resource_index/packages/motoman_gp20hl_support
-- Up-to-date symlink: /home/hungnb/cocarry_ws/install/motoman_gp20hl_support/share/motoman_gp20hl_support/cmake/motoman_gp20hl_supportConfig.cmake
-- Up-to-date symlink: /home/hungnb/cocarry_ws/install/motoman_gp20hl_support/share/motoman_gp20hl_support/cmake/motoman_gp20hl_supportConfig-version.cmake
-- Up-to-date symlink: /home/hungnb/cocarry_ws/install/motoman_gp20hl_support/share/motoman_gp20hl_support/package.xml
-- Up-to-date symlink: /home/hungnb/cocarry_ws/install/motoman_gp20hl_support/share/motoman_gp20hl_support/config/opw_parameters_gp20hl.yaml
-- Up-to-date symlink: /home/hungnb/cocarry_ws/install/motoman_gp20hl_support/share/motoman_gp20hl_support/launch/view_gp20hl.launch.xml
-- Up-to-date symlink: /home/hungnb/cocarry_ws/install/motoman_gp20hl_support/share/motoman_gp20hl_support/meshes/gp20hl/collision/base_link.stl
-- Up-to-date symlink: /home/hungnb/cocarry_ws/install/motoman_gp20hl_support/share/motoman_gp20hl_support/meshes/gp20hl/collision/link_1.stl
-- Up-to-date symlink: /home/hungnb/cocarry_ws/install/motoman_gp20hl_support/share/motoman_gp20hl_support/meshes/gp20hl/collision/link_2.stl
-- Up-to-date symlink: /home/hungnb/cocarry_ws/install/motoman_gp20hl_support/share/motoman_gp20hl_support/meshes/gp20hl/collision/link_3.stl
-- Up-to-date symlink: /home/hungnb/cocarry_ws/install/motoman_gp20hl_support/share/motoman_gp20hl_support/meshes/gp20hl/collision/link_4.stl
-- Up-to-date symlink: /home/hungnb/cocarry_ws/install/motoman_gp20hl_support/share/motoman_gp20hl_support/meshes/gp20hl/collision/link_5.stl
-- Up-to-date symlink: /home/hungnb/cocarry_ws/install/motoman_gp20hl_support/share/motoman_gp20hl_support/meshes/gp20hl/collision/link_6.stl
-- Up-to-date symlink: /home/hungnb/cocarry_ws/install/motoman_gp20hl_support/share/motoman_gp20hl_support/meshes/gp20hl/visual/base_link.dae
-- Up-to-date symlink: /home/hungnb/cocarry_ws/install/motoman_gp20hl_support/share/motoman_gp20hl_support/meshes/gp20hl/visual/link_1.dae
-- Up-to-date symlink: /home/hungnb/cocarry_ws/install/motoman_gp20hl_support/share/motoman_gp20hl_support/meshes/gp20hl/visual/link_2.dae
-- Up-to-date symlink: /home/hungnb/cocarry_ws/install/motoman_gp20hl_support/share/motoman_gp20hl_support/meshes/gp20hl/visual/link_3.dae
-- Up-to-date symlink: /home/hungnb/cocarry_ws/install/motoman_gp20hl_support/share/motoman_gp20hl_support/meshes/gp20hl/visual/link_4.dae
-- Up-to-date symlink: /home/hungnb/cocarry_ws/install/motoman_gp20hl_support/share/motoman_gp20hl_support/meshes/gp20hl/visual/link_5.dae
-- Up-to-date symlink: /home/hungnb/cocarry_ws/install/motoman_gp20hl_support/share/motoman_gp20hl_support/meshes/gp20hl/visual/link_6.dae
-- Up-to-date symlink: /home/hungnb/cocarry_ws/install/motoman_gp20hl_support/share/motoman_gp20hl_support/urdf/gp20hl.xacro
-- Up-to-date symlink: /home/hungnb/cocarry_ws/install/motoman_gp20hl_support/share/motoman_gp20hl_support/urdf/gp20hl_macro.xacro
