/home/duy/cocarry_ws/src/kinect2_ros2/kinect2_calibration/src/kinect2_calibration.cpp:195: warning: ignoring ‘#pragma omp parallel’ [-Wunknown-pragmas]
  195 | #pragma omp parallel for
      | 
/home/duy/cocarry_ws/src/kinect2_ros2/kinect2_calibration/src/kinect2_calibration.cpp:658: warning: ignoring ‘#pragma omp parallel’ [-Wunknown-pragmas]
  658 | #pragma omp parallel for
      | 
/home/duy/cocarry_ws/src/kinect2_ros2/kinect2_calibration/src/kinect2_calibration.cpp:663: warning: ignoring ‘#pragma omp critical’ [-Wunknown-pragmas]
  663 | #pragma omp critical
      | 
/home/duy/cocarry_ws/src/kinect2_ros2/kinect2_calibration/src/kinect2_calibration.cpp:669: warning: ignoring ‘#pragma omp critical’ [-Wunknown-pragmas]
  669 | #pragma omp critical
      | 
/home/duy/cocarry_ws/src/kinect2_ros2/kinect2_calibration/src/kinect2_calibration.cpp:1162: warning: ignoring ‘#pragma omp parallel’ [-Wunknown-pragmas]
 1162 | #pragma omp parallel for
      | 
/home/duy/cocarry_ws/src/kinect2_ros2/kinect2_calibration/src/kinect2_calibration.cpp:1167: warning: ignoring ‘#pragma omp critical’ [-Wunknown-pragmas]
 1167 | #pragma omp critical
      | 
/home/duy/cocarry_ws/src/kinect2_ros2/kinect2_calibration/src/kinect2_calibration.cpp:1173: warning: ignoring ‘#pragma omp critical’ [-Wunknown-pragmas]
 1173 | #pragma omp critical
      | 
