running develop
Removing /home/hungnb/cocarry_ws/install/trajectory_predictor/lib/python3.10/site-packages/trajectory-predictor.egg-link (link to .)
running egg_info
writing ../../build/trajectory_predictor/trajectory_predictor.egg-info/PKG-INFO
writing dependency_links to ../../build/trajectory_predictor/trajectory_predictor.egg-info/dependency_links.txt
writing entry points to ../../build/trajectory_predictor/trajectory_predictor.egg-info/entry_points.txt
writing requirements to ../../build/trajectory_predictor/trajectory_predictor.egg-info/requires.txt
writing top-level names to ../../build/trajectory_predictor/trajectory_predictor.egg-info/top_level.txt
reading manifest file '../../build/trajectory_predictor/trajectory_predictor.egg-info/SOURCES.txt'
writing manifest file '../../build/trajectory_predictor/trajectory_predictor.egg-info/SOURCES.txt'
running build
running build_py
running install
running install_lib
creating /home/hungnb/cocarry_ws/install/trajectory_predictor/lib/python3.10/site-packages/trajectory_predictor
copying /home/hungnb/cocarry_ws/build/trajectory_predictor/build/lib/trajectory_predictor/__init__.py -> /home/hungnb/cocarry_ws/install/trajectory_predictor/lib/python3.10/site-packages/trajectory_predictor
copying /home/hungnb/cocarry_ws/build/trajectory_predictor/build/lib/trajectory_predictor/inference_worker.py -> /home/hungnb/cocarry_ws/install/trajectory_predictor/lib/python3.10/site-packages/trajectory_predictor
copying /home/hungnb/cocarry_ws/build/trajectory_predictor/build/lib/trajectory_predictor/predictor_node.py -> /home/hungnb/cocarry_ws/install/trajectory_predictor/lib/python3.10/site-packages/trajectory_predictor
copying /home/hungnb/cocarry_ws/build/trajectory_predictor/build/lib/trajectory_predictor/hybrid_math.py -> /home/hungnb/cocarry_ws/install/trajectory_predictor/lib/python3.10/site-packages/trajectory_predictor
copying /home/hungnb/cocarry_ws/build/trajectory_predictor/build/lib/trajectory_predictor/model_manager.py -> /home/hungnb/cocarry_ws/install/trajectory_predictor/lib/python3.10/site-packages/trajectory_predictor
byte-compiling /home/hungnb/cocarry_ws/install/trajectory_predictor/lib/python3.10/site-packages/trajectory_predictor/__init__.py to __init__.cpython-310.pyc
byte-compiling /home/hungnb/cocarry_ws/install/trajectory_predictor/lib/python3.10/site-packages/trajectory_predictor/inference_worker.py to inference_worker.cpython-310.pyc
byte-compiling /home/hungnb/cocarry_ws/install/trajectory_predictor/lib/python3.10/site-packages/trajectory_predictor/predictor_node.py to predictor_node.cpython-310.pyc
byte-compiling /home/hungnb/cocarry_ws/install/trajectory_predictor/lib/python3.10/site-packages/trajectory_predictor/hybrid_math.py to hybrid_math.cpython-310.pyc
byte-compiling /home/hungnb/cocarry_ws/install/trajectory_predictor/lib/python3.10/site-packages/trajectory_predictor/model_manager.py to model_manager.cpython-310.pyc
running install_data
copying resource/trajectory_predictor -> /home/hungnb/cocarry_ws/install/trajectory_predictor/share/ament_index/resource_index/packages
copying package.xml -> /home/hungnb/cocarry_ws/install/trajectory_predictor/share/trajectory_predictor
copying config/predictor_params.yaml -> /home/hungnb/cocarry_ws/install/trajectory_predictor/share/trajectory_predictor/config
running install_egg_info
Copying ../../build/trajectory_predictor/trajectory_predictor.egg-info to /home/hungnb/cocarry_ws/install/trajectory_predictor/lib/python3.10/site-packages/trajectory_predictor-0.1.0-py3.10.egg-info
running install_scripts
Installing predictor_node script to /home/hungnb/cocarry_ws/install/trajectory_predictor/lib/trajectory_predictor
writing list of installed files to '/home/hungnb/cocarry_ws/build/trajectory_predictor/install.log'
